         vmop                    [threads: total initially_running wait_to_block]    [time: spin block sync cleanup vmop] page_trap_count
0.699: Deoptimize                       [      10          0              0    ]      [     0     0     0     0     0    ]  0
2017-11-22T07:06:34.793+0800: 0.699: Total time for which application threads were stopped: 0.0002947 seconds, Stopping threads took: 0.0000455 seconds
         vmop                    [threads: total initially_running wait_to_block]    [time: spin block sync cleanup vmop] page_trap_count
0.719: Deoptimize                       [      10          0              0    ]      [     0     0     0     0     0    ]  0
2017-11-22T07:06:34.812+0800: 0.719: Total time for which application threads were stopped: 0.0002147 seconds, Stopping threads took: 0.0000557 seconds
         vmop                    [threads: total initially_running wait_to_block]    [time: spin block sync cleanup vmop] page_trap_count
1.435: Deoptimize                       [      10          0              0    ]      [     0     0     0     0     0    ]  0
2017-11-22T07:06:35.528+0800: 1.435: Total time for which application threads were stopped: 0.0003472 seconds, Stopping threads took: 0.0000338 seconds
         vmop                    [threads: total initially_running wait_to_block]    [time: spin block sync cleanup vmop] page_trap_count
1.641: Deoptimize                       [      11          1              0    ]      [     0     0     0     0     0    ]  0
2017-11-22T07:06:35.734+0800: 1.641: Total time for which application threads were stopped: 0.0004705 seconds, Stopping threads took: 0.0001739 seconds
         vmop                    [threads: total initially_running wait_to_block]    [time: spin block sync cleanup vmop] page_trap_count
1.758: Deoptimize                       [      19          0              0    ]      [     0     0     0     0     0    ]  0
2017-11-22T07:06:35.852+0800: 1.759: Total time for which application threads were stopped: 0.0003486 seconds, Stopping threads took: 0.0000271 seconds
         vmop                    [threads: total initially_running wait_to_block]    [time: spin block sync cleanup vmop] page_trap_count
1.811: Deoptimize                       [      19          0              0    ]      [     0     0     0     0     0    ]  0
2017-11-22T07:06:35.904+0800: 1.811: Total time for which application threads were stopped: 0.0003973 seconds, Stopping threads took: 0.0000488 seconds
         vmop                    [threads: total initially_running wait_to_block]    [time: spin block sync cleanup vmop] page_trap_count
1.949: Deoptimize                       [      19          0              0    ]      [     0     0     0     0     0    ]  0
2017-11-22T07:06:36.043+0800: 1.950: Total time for which application threads were stopped: 0.0005548 seconds, Stopping threads took: 0.0000465 seconds
         vmop                    [threads: total initially_running wait_to_block]    [time: spin block sync cleanup vmop] page_trap_count
1.955: Deoptimize                       [      19          0              0    ]      [     0     0     0     0     0    ]  0
2017-11-22T07:06:36.049+0800: 1.956: Total time for which application threads were stopped: 0.0003462 seconds, Stopping threads took: 0.0000468 seconds
         vmop                    [threads: total initially_running wait_to_block]    [time: spin block sync cleanup vmop] page_trap_count
1.956: Deoptimize                       [      19          0              0    ]      [     0     0     0     0     0    ]  0
2017-11-22T07:06:36.050+0800: 1.957: Total time for which application threads were stopped: 0.0001652 seconds, Stopping threads took: 0.0000232 seconds
2017-11-22T07:06:36.176+0800: 2.083: [GC (Allocation Failure) 2017-11-22T07:06:36.176+0800: 2.083: [ParNew: 129501K->14581K(154880K), 0.0662865 secs] 129501K->14581K(498944K), 0.0663858 secs] [Times: user=0.15 sys=0.00, real=0.07 secs]
         vmop                    [threads: total initially_running wait_to_block]    [time: spin block sync cleanup vmop] page_trap_count
2.083: GenCollectForAllocation          [      23          0              0    ]      [     0     0     0     0    66    ]  0
2017-11-22T07:06:36.242+0800: 2.149: Total time for which application threads were stopped: 0.0666192 seconds, Stopping threads took: 0.0000559 seconds
         vmop                    [threads: total initially_running wait_to_block]    [time: spin block sync cleanup vmop] page_trap_count
2.168: Deoptimize                       [      23          0              1    ]      [     0     0     0     0     0    ]  0
2017-11-22T07:06:36.262+0800: 2.169: Total time for which application threads were stopped: 0.0004261 seconds, Stopping threads took: 0.0000825 seconds
         vmop                    [threads: total initially_running wait_to_block]    [time: spin block sync cleanup vmop] page_trap_count
2.288: CollectForMetadataAllocation       [      31          0              0    ]      [     0     0     0     0     0    ]  0
2017-11-22T07:06:36.381+0800: 2.288: Total time for which application threads were stopped: 0.0001886 seconds, Stopping threads took: 0.0000476 seconds
         vmop                    [threads: total initially_running wait_to_block]    [time: spin block sync cleanup vmop] page_trap_count
2.334: CollectForMetadataAllocation       [      31          0              0    ]      [     0     0     0     0     0    ]  0
2017-11-22T07:06:36.427+0800: 2.334: Total time for which application threads were stopped: 0.0002020 seconds, Stopping threads took: 0.0000591 seconds
         vmop                    [threads: total initially_running wait_to_block]    [time: spin block sync cleanup vmop] page_trap_count
2.360: CollectForMetadataAllocation       [      31          0              1    ]      [     0     0     0     0     0    ]  0
2017-11-22T07:06:36.453+0800: 2.360: Total time for which application threads were stopped: 0.0001736 seconds, Stopping threads took: 0.0000555 seconds
         vmop                    [threads: total initially_running wait_to_block]    [time: spin block sync cleanup vmop] page_trap_count
2.382: CollectForMetadataAllocation       [      31          0              1    ]      [     0     0     0     0     0    ]  0
2017-11-22T07:06:36.475+0800: 2.382: Total time for which application threads were stopped: 0.0001652 seconds, Stopping threads took: 0.0000522 seconds
         vmop                    [threads: total initially_running wait_to_block]    [time: spin block sync cleanup vmop] page_trap_count
2.413: CollectForMetadataAllocation       [      31          0              0    ]      [     0     0     0     0     0    ]  0
2017-11-22T07:06:36.506+0800: 2.413: Total time for which application threads were stopped: 0.0002108 seconds, Stopping threads took: 0.0000362 seconds
         vmop                    [threads: total initially_running wait_to_block]    [time: spin block sync cleanup vmop] page_trap_count
2.436: CollectForMetadataAllocation       [      31          0              0    ]      [     0     0     0     0     0    ]  0
2017-11-22T07:06:36.529+0800: 2.436: Total time for which application threads were stopped: 0.0001768 seconds, Stopping threads took: 0.0000434 seconds
         vmop                    [threads: total initially_running wait_to_block]    [time: spin block sync cleanup vmop] page_trap_count
2.462: CollectForMetadataAllocation       [      31          0              0    ]      [     0     0     0     0     0    ]  0
2017-11-22T07:06:36.555+0800: 2.462: Total time for which application threads were stopped: 0.0001804 seconds, Stopping threads took: 0.0000527 seconds
         vmop                    [threads: total initially_running wait_to_block]    [time: spin block sync cleanup vmop] page_trap_count
2.486: CollectForMetadataAllocation       [      31          0              0    ]      [     0     0     0     0     0    ]  0
2017-11-22T07:06:36.579+0800: 2.486: Total time for which application threads were stopped: 0.0001790 seconds, Stopping threads took: 0.0000519 seconds
         vmop                    [threads: total initially_running wait_to_block]    [time: spin block sync cleanup vmop] page_trap_count
2.504: CollectForMetadataAllocation       [      31          0              0    ]      [     0     0     0     0     0    ]  0
2017-11-22T07:06:36.597+0800: 2.504: Total time for which application threads were stopped: 0.0002177 seconds, Stopping threads took: 0.0000742 seconds
         vmop                    [threads: total initially_running wait_to_block]    [time: spin block sync cleanup vmop] page_trap_count
2.530: CollectForMetadataAllocation       [      31          0              0    ]      [     0     0     0     0     0    ]  0
2017-11-22T07:06:36.623+0800: 2.530: Total time for which application threads were stopped: 0.0001903 seconds, Stopping threads took: 0.0000563 seconds
         vmop                    [threads: total initially_running wait_to_block]    [time: spin block sync cleanup vmop] page_trap_count
2.578: CollectForMetadataAllocation       [      31          0              1    ]      [     0     1     1     0     0    ]  0
2017-11-22T07:06:36.673+0800: 2.580: Total time for which application threads were stopped: 0.0020904 seconds, Stopping threads took: 0.0019339 seconds
         vmop                    [threads: total initially_running wait_to_block]    [time: spin block sync cleanup vmop] page_trap_count
2.622: CollectForMetadataAllocation       [      33          0              1    ]      [     0     0     0     0     0    ]  0
2017-11-22T07:06:36.715+0800: 2.622: Total time for which application threads were stopped: 0.0002983 seconds, Stopping threads took: 0.0001173 seconds
         vmop                    [threads: total initially_running wait_to_block]    [time: spin block sync cleanup vmop] page_trap_count
2.672: CollectForMetadataAllocation       [      34          0              1    ]      [     0     0     0     0     0    ]  0
2017-11-22T07:06:36.765+0800: 2.672: Total time for which application threads were stopped: 0.0002179 seconds, Stopping threads took: 0.0000593 seconds
         vmop                    [threads: total initially_running wait_to_block]    [time: spin block sync cleanup vmop] page_trap_count
2.750: CollectForMetadataAllocation       [      36          0              0    ]      [     0     0     0     0     0    ]  0
2017-11-22T07:06:36.843+0800: 2.750: Total time for which application threads were stopped: 0.0002095 seconds, Stopping threads took: 0.0000571 seconds
         vmop                    [threads: total initially_running wait_to_block]    [time: spin block sync cleanup vmop] page_trap_count
2.870: CollectForMetadataAllocation       [      36          0              1    ]      [     0     0     0     0     0    ]  0
2017-11-22T07:06:36.963+0800: 2.870: Total time for which application threads were stopped: 0.0003234 seconds, Stopping threads took: 0.0001738 seconds
2017-11-22T07:06:36.971+0800: 2.877: [GC (Allocation Failure) 2017-11-22T07:06:36.971+0800: 2.878: [ParNew: 144781K->9800K(154880K), 0.1133213 secs] 144781K->63198K(498944K), 0.1134074 secs] [Times: user=0.15 sys=0.03, real=0.12 secs]
         vmop                    [threads: total initially_running wait_to_block]    [time: spin block sync cleanup vmop] page_trap_count
2.877: GenCollectForAllocation          [      37          0              2    ]      [     0     0     0     0   113    ]  0
2017-11-22T07:06:37.084+0800: 2.991: Total time for which application threads were stopped: 0.1137685 seconds, Stopping threads took: 0.0000568 seconds
2017-11-22T07:06:37.103+0800: 3.010: [GC (CMS Initial Mark) [1 CMS-initial-mark: 53398K(344064K)] 80370K(498944K), 0.0014977 secs] [Times: user=0.01 sys=0.00, real=0.00 secs]
         vmop                    [threads: total initially_running wait_to_block]    [time: spin block sync cleanup vmop] page_trap_count
3.007: CMS_Initial_Mark                 [      37          0              1    ]      [     0     3     3     0     1    ]  0
2017-11-22T07:06:37.105+0800: 3.012: Total time for which application threads were stopped: 0.0051665 seconds, Stopping threads took: 0.0034904 seconds
2017-11-22T07:06:37.112+0800: 3.019: [CMS-concurrent-mark-start]
2017-11-22T07:06:37.127+0800: 3.034: [CMS-concurrent-mark: 0.015/0.015 secs] [Times: user=0.03 sys=0.00, real=0.02 secs]
2017-11-22T07:06:37.127+0800: 3.034: [CMS-concurrent-preclean-start]
2017-11-22T07:06:37.130+0800: 3.037: [CMS-concurrent-preclean: 0.003/0.003 secs] [Times: user=0.00 sys=0.01, real=0.00 secs]
2017-11-22T07:06:37.130+0800: 3.037: [CMS-concurrent-abortable-preclean-start]
         vmop                    [threads: total initially_running wait_to_block]    [time: spin block sync cleanup vmop] page_trap_count
3.099: CollectForMetadataAllocation       [      37          0              1    ]      [     0     0     0     0     0    ]  0
2017-11-22T07:06:37.192+0800: 3.099: Total time for which application threads were stopped: 0.0002749 seconds, Stopping threads took: 0.0000755 seconds
         vmop                    [threads: total initially_running wait_to_block]    [time: spin block sync cleanup vmop] page_trap_count
3.175: CollectForMetadataAllocation       [      37          0              0    ]      [     0     0     0     0     0    ]  0
2017-11-22T07:06:37.268+0800: 3.175: Total time for which application threads were stopped: 0.0002586 seconds, Stopping threads took: 0.0000534 seconds
         vmop                    [threads: total initially_running wait_to_block]    [time: spin block sync cleanup vmop] page_trap_count
3.215: CollectForMetadataAllocation       [      37          0              1    ]      [     0     0     0     0     0    ]  0
2017-11-22T07:06:37.308+0800: 3.215: Total time for which application threads were stopped: 0.0001883 seconds, Stopping threads took: 0.0000576 seconds
         vmop                    [threads: total initially_running wait_to_block]    [time: spin block sync cleanup vmop] page_trap_count
3.243: CollectForMetadataAllocation       [      37          0              1    ]      [     0     0     0     0     0    ]  0
2017-11-22T07:06:37.336+0800: 3.243: Total time for which application threads were stopped: 0.0002223 seconds, Stopping threads took: 0.0000782 seconds
         vmop                    [threads: total initially_running wait_to_block]    [time: spin block sync cleanup vmop] page_trap_count
3.335: CollectForMetadataAllocation       [      38          0              1    ]      [     0     0     0     0     0    ]  0
2017-11-22T07:06:37.428+0800: 3.335: Total time for which application threads were stopped: 0.0002847 seconds, Stopping threads took: 0.0000921 seconds
         vmop                    [threads: total initially_running wait_to_block]    [time: spin block sync cleanup vmop] page_trap_count
3.381: CollectForMetadataAllocation       [      38          0              0    ]      [     0     0     0     0     0    ]  0
2017-11-22T07:06:37.474+0800: 3.381: Total time for which application threads were stopped: 0.0002387 seconds, Stopping threads took: 0.0000495 seconds
         vmop                    [threads: total initially_running wait_to_block]    [time: spin block sync cleanup vmop] page_trap_count
3.422: CollectForMetadataAllocation       [      38          0              1    ]      [     0     0     0     0     0    ]  0
2017-11-22T07:06:37.515+0800: 3.422: Total time for which application threads were stopped: 0.0002838 seconds, Stopping threads took: 0.0001267 seconds
         vmop                    [threads: total initially_running wait_to_block]    [time: spin block sync cleanup vmop] page_trap_count
3.443: CollectForMetadataAllocation       [      38          0              0    ]      [     0     0     0     0     0    ]  0
2017-11-22T07:06:37.536+0800: 3.443: Total time for which application threads were stopped: 0.0002217 seconds, Stopping threads took: 0.0000436 seconds
         vmop                    [threads: total initially_running wait_to_block]    [time: spin block sync cleanup vmop] page_trap_count
3.471: CollectForMetadataAllocation       [      38          0              1    ]      [     0     0     0     0     0    ]  0
2017-11-22T07:06:37.565+0800: 3.471: Total time for which application threads were stopped: 0.0001943 seconds, Stopping threads took: 0.0000604 seconds
         vmop                    [threads: total initially_running wait_to_block]    [time: spin block sync cleanup vmop] page_trap_count
3.544: CollectForMetadataAllocation       [      38          0              0    ]      [     0     0     0     0     0    ]  0
2017-11-22T07:06:37.637+0800: 3.544: Total time for which application threads were stopped: 0.0002365 seconds, Stopping threads took: 0.0000590 seconds
         vmop                    [threads: total initially_running wait_to_block]    [time: spin block sync cleanup vmop] page_trap_count
3.638: CollectForMetadataAllocation       [      38          0              0    ]      [     0     0     0     0     0    ]  0
2017-11-22T07:06:37.731+0800: 3.638: Total time for which application threads were stopped: 0.0002505 seconds, Stopping threads took: 0.0000549 seconds
         vmop                    [threads: total initially_running wait_to_block]    [time: spin block sync cleanup vmop] page_trap_count
3.772: CollectForMetadataAllocation       [      38          0              1    ]      [     0     0     0     0     0    ]  0
2017-11-22T07:06:37.865+0800: 3.772: Total time for which application threads were stopped: 0.0003272 seconds, Stopping threads took: 0.0000688 seconds
         vmop                    [threads: total initially_running wait_to_block]    [time: spin block sync cleanup vmop] page_trap_count
3.906: CollectForMetadataAllocation       [      38          0              0    ]      [     0     0     4     0     0    ]  0
2017-11-22T07:06:38.004+0800: 3.911: Total time for which application threads were stopped: 0.0002586 seconds, Stopping threads took: 0.0000413 seconds
         vmop                    [threads: total initially_running wait_to_block]    [time: spin block sync cleanup vmop] page_trap_count
3.959: CollectForMetadataAllocation       [      38          0              0    ]      [     0     0     0     0     0    ]  0
2017-11-22T07:06:38.053+0800: 3.959: Total time for which application threads were stopped: 0.0002117 seconds, Stopping threads took: 0.0000558 seconds
         vmop                    [threads: total initially_running wait_to_block]    [time: spin block sync cleanup vmop] page_trap_count
4.008: CollectForMetadataAllocation       [      38          0              1    ]      [     0     0     0     0     0    ]  0
2017-11-22T07:06:38.102+0800: 4.009: Total time for which application threads were stopped: 0.0002568 seconds, Stopping threads took: 0.0000585 seconds
         vmop                    [threads: total initially_running wait_to_block]    [time: spin block sync cleanup vmop] page_trap_count
4.035: Deoptimize                       [      38          0              1    ]      [     0     0     0     0     0    ]  0
2017-11-22T07:06:38.129+0800: 4.036: Total time for which application threads were stopped: 0.0006946 seconds, Stopping threads took: 0.0000585 seconds
         vmop                    [threads: total initially_running wait_to_block]    [time: spin block sync cleanup vmop] page_trap_count
4.090: CollectForMetadataAllocation       [      38          0              2    ]      [     0     0     0     0     0    ]  0
2017-11-22T07:06:38.184+0800: 4.091: Total time for which application threads were stopped: 0.0003087 seconds, Stopping threads took: 0.0001040 seconds
         vmop                    [threads: total initially_running wait_to_block]    [time: spin block sync cleanup vmop] page_trap_count
4.111: CollectForMetadataAllocation       [      38          0              0    ]      [     0     0     8     0     0    ]  0
2017-11-22T07:06:38.213+0800: 4.119: Total time for which application threads were stopped: 0.0002699 seconds, Stopping threads took: 0.0000564 seconds
         vmop                    [threads: total initially_running wait_to_block]    [time: spin block sync cleanup vmop] page_trap_count
4.197: CollectForMetadataAllocation       [      38          0              0    ]      [     0     0     0     0     0    ]  0
2017-11-22T07:06:38.291+0800: 4.198: Total time for which application threads were stopped: 0.0002518 seconds, Stopping threads took: 0.0000572 seconds
         vmop                    [threads: total initially_running wait_to_block]    [time: spin block sync cleanup vmop] page_trap_count
4.245: EnableBiasedLocking              [      38          1              1    ]      [    14     0    15     0     0    ]  1
2017-11-22T07:06:38.354+0800: 4.261: Total time for which application threads were stopped: 0.0152691 seconds, Stopping threads took: 0.0144106 seconds
         vmop                    [threads: total initially_running wait_to_block]    [time: spin block sync cleanup vmop] page_trap_count
4.296: CollectForMetadataAllocation       [      38          0              0    ]      [     0     0     0     0     0    ]  0
2017-11-22T07:06:38.389+0800: 4.296: Total time for which application threads were stopped: 0.0002368 seconds, Stopping threads took: 0.0000615 seconds
         vmop                    [threads: total initially_running wait_to_block]    [time: spin block sync cleanup vmop] page_trap_count
4.336: CollectForMetadataAllocation       [      38          0              1    ]      [     0     0     0     0     0    ]  0
2017-11-22T07:06:38.430+0800: 4.337: Total time for which application threads were stopped: 0.0002314 seconds, Stopping threads took: 0.0000697 seconds
         vmop                    [threads: total initially_running wait_to_block]    [time: spin block sync cleanup vmop] page_trap_count
4.393: CollectForMetadataAllocation       [      38          0              1    ]      [     0     0     0     0     0    ]  0
2017-11-22T07:06:38.486+0800: 4.393: Total time for which application threads were stopped: 0.0002324 seconds, Stopping threads took: 0.0000744 seconds
         vmop                    [threads: total initially_running wait_to_block]    [time: spin block sync cleanup vmop] page_trap_count
4.421: CollectForMetadataAllocation       [      36          0              0    ]      [     0     0     7     0     0    ]  0
2017-11-22T07:06:38.522+0800: 4.429: Total time for which application threads were stopped: 0.0002071 seconds, Stopping threads took: 0.0000831 seconds
         vmop                    [threads: total initially_running wait_to_block]    [time: spin block sync cleanup vmop] page_trap_count
4.440: CollectForMetadataAllocation       [      32          0              1    ]      [     0     0     0     0     0    ]  0
2017-11-22T07:06:38.534+0800: 4.441: Total time for which application threads were stopped: 0.0008549 seconds, Stopping threads took: 0.0007349 seconds
         vmop                    [threads: total initially_running wait_to_block]    [time: spin block sync cleanup vmop] page_trap_count
4.441: CollectForMetadataAllocation       [      32          0              1    ]      [     0     0     0     0     0    ]  0
2017-11-22T07:06:38.534+0800: 4.441: Total time for which application threads were stopped: 0.0001048 seconds, Stopping threads took: 0.0000441 seconds
         vmop                    [threads: total initially_running wait_to_block]    [time: spin block sync cleanup vmop] page_trap_count
4.442: CollectForMetadataAllocation       [      32          0              0    ]      [     0     0     0     0     0    ]  0
2017-11-22T07:06:38.535+0800: 4.442: Total time for which application threads were stopped: 0.0000752 seconds, Stopping threads took: 0.0000116 seconds
         vmop                    [threads: total initially_running wait_to_block]    [time: spin block sync cleanup vmop] page_trap_count
4.442: RevokeBias                       [      31          0              1    ]      [     0     0     0     0     0    ]  0
2017-11-22T07:06:38.535+0800: 4.442: Total time for which application threads were stopped: 0.0000736 seconds, Stopping threads took: 0.0000222 seconds
         vmop                    [threads: total initially_running wait_to_block]    [time: spin block sync cleanup vmop] page_trap_count
4.460: CollectForMetadataAllocation       [      30          0              1    ]      [     0     0     0     0     0    ]  0
2017-11-22T07:06:38.554+0800: 4.461: Total time for which application threads were stopped: 0.0001878 seconds, Stopping threads took: 0.0000610 seconds
         vmop                    [threads: total initially_running wait_to_block]    [time: spin block sync cleanup vmop] page_trap_count
4.484: CollectForMetadataAllocation       [      30          0              0    ]      [     0     0    22     0     0    ]  0
2017-11-22T07:06:38.600+0800: 4.507: Total time for which application threads were stopped: 0.0002095 seconds, Stopping threads took: 0.0000389 seconds
2017-11-22T07:06:38.620+0800: 4.527: [GC (Allocation Failure) 2017-11-22T07:06:38.620+0800: 4.527: [ParNew2017-11-22T07:06:38.703+0800: 4.610: [CMS-concurrent-abortable-preclean: 0.611/1.573 secs] [Times: user=3.08 sys=0.06, real=1.58 secs]
: 147528K->11125K(154880K), 0.1209188 secs] 200926K->113676K(498944K), 0.1209985 secs] [Times: user=0.30 sys=0.01, real=0.12 secs]
         vmop                    [threads: total initially_running wait_to_block]    [time: spin block sync cleanup vmop] page_trap_count
4.526: GenCollectForAllocation          [      30          0              1    ]      [     0     0     0     0   121    ]  0
2017-11-22T07:06:38.741+0800: 4.648: Total time for which application threads were stopped: 0.1212719 seconds, Stopping threads took: 0.0000591 seconds
2017-11-22T07:06:38.749+0800: 4.656: [GC (CMS Final Remark) [YG occupancy: 12826 K (154880 K)]2017-11-22T07:06:38.749+0800: 4.656: [Rescan (parallel) , 0.0308784 secs]2017-11-22T07:06:38.780+0800: 4.687: [weak refs processing, 0.0000437 secs]2017-11-22T07:06:38.780+0800: 4.687: [class unloading, 0.0053048 secs]2017-11-22T07:06:38.785+0800: 4.692: [scrub symbol table, 0.0038319 secs]2017-11-22T07:06:38.789+0800: 4.696: [scrub string table, 0.0006366 secs][1 CMS-remark: 102550K(344064K)] 115376K(498944K), 0.0414529 secs] [Times: user=0.07 sys=0.01, real=0.04 secs]
         vmop                    [threads: total initially_running wait_to_block]    [time: spin block sync cleanup vmop] page_trap_count
4.656: CMS_Final_Remark                 [      30          0              1    ]      [     0     0     0     0    41    ]  0
2017-11-22T07:06:38.791+0800: 4.698: Total time for which application threads were stopped: 0.0418150 seconds, Stopping threads took: 0.0001190 seconds
2017-11-22T07:06:38.809+0800: 4.716: [CMS-concurrent-sweep-start]
2017-11-22T07:06:38.811+0800: 4.718: [CMS-concurrent-sweep: 0.002/0.002 secs] [Times: user=0.00 sys=0.00, real=0.00 secs]
         vmop                    [threads: total initially_running wait_to_block]    [time: spin block sync cleanup vmop] page_trap_count
4.718: CollectForMetadataAllocation       [      30          0              0    ]      [     0     0     0     0     0    ]  0
2017-11-22T07:06:38.811+0800: 4.718: Total time for which application threads were stopped: 0.0002734 seconds, Stopping threads took: 0.0000405 seconds
2017-11-22T07:06:38.817+0800: 4.724: [CMS-concurrent-reset-start]
2017-11-22T07:06:38.915+0800: 4.822: [CMS-concurrent-reset: 0.098/0.098 secs] [Times: user=0.15 sys=0.02, real=0.10 secs]
         vmop                    [threads: total initially_running wait_to_block]    [time: spin block sync cleanup vmop] page_trap_count
5.352: Deoptimize                       [      30          0              1    ]      [     0     0     0     0     0    ]  0
2017-11-22T07:06:39.445+0800: 5.352: Total time for which application threads were stopped: 0.0006553 seconds, Stopping threads took: 0.0000673 seconds
         vmop                    [threads: total initially_running wait_to_block]    [time: spin block sync cleanup vmop] page_trap_count
5.404: RevokeBias                       [      30          0              0    ]      [     0     0     0     0     0    ]  0
2017-11-22T07:06:39.497+0800: 5.404: Total time for which application threads were stopped: 0.0002510 seconds, Stopping threads took: 0.0000470 seconds
         vmop                    [threads: total initially_running wait_to_block]    [time: spin block sync cleanup vmop] page_trap_count
5.434: RevokeBias                       [      32          1              0    ]      [     8     0     8     0     0    ]  0
2017-11-22T07:06:39.535+0800: 5.442: Total time for which application threads were stopped: 0.0084559 seconds, Stopping threads took: 0.0081097 seconds
         vmop                    [threads: total initially_running wait_to_block]    [time: spin block sync cleanup vmop] page_trap_count
5.442: RevokeBias                       [      32          0              0    ]      [     0     0     0     0     0    ]  0
2017-11-22T07:06:39.536+0800: 5.443: Total time for which application threads were stopped: 0.0002720 seconds, Stopping threads took: 0.0000308 seconds
         vmop                    [threads: total initially_running wait_to_block]    [time: spin block sync cleanup vmop] page_trap_count
5.443: RevokeBias                       [      32          0              0    ]      [     0     0     0     0     0    ]  0
2017-11-22T07:06:39.536+0800: 5.443: Total time for which application threads were stopped: 0.0002578 seconds, Stopping threads took: 0.0000230 seconds
         vmop                    [threads: total initially_running wait_to_block]    [time: spin block sync cleanup vmop] page_trap_count
5.443: RevokeBias                       [      32          0              0    ]      [     0     0     0     0     0    ]  0
2017-11-22T07:06:39.536+0800: 5.443: Total time for which application threads were stopped: 0.0002609 seconds, Stopping threads took: 0.0000251 seconds
         vmop                    [threads: total initially_running wait_to_block]    [time: spin block sync cleanup vmop] page_trap_count
5.443: RevokeBias                       [      32          0              0    ]      [     0     0     0     0     0    ]  0
2017-11-22T07:06:39.537+0800: 5.444: Total time for which application threads were stopped: 0.0002565 seconds, Stopping threads took: 0.0000245 seconds
         vmop                    [threads: total initially_running wait_to_block]    [time: spin block sync cleanup vmop] page_trap_count
5.444: RevokeBias                       [      32          0              0    ]      [     0     0     0     0     0    ]  0
2017-11-22T07:06:39.537+0800: 5.444: Total time for which application threads were stopped: 0.0002702 seconds, Stopping threads took: 0.0000471 seconds
         vmop                    [threads: total initially_running wait_to_block]    [time: spin block sync cleanup vmop] page_trap_count
5.444: RevokeBias                       [      32          0              0    ]      [     0     0     0     0     0    ]  0
2017-11-22T07:06:39.537+0800: 5.444: Total time for which application threads were stopped: 0.0002472 seconds, Stopping threads took: 0.0000236 seconds
         vmop                    [threads: total initially_running wait_to_block]    [time: spin block sync cleanup vmop] page_trap_count
5.444: RevokeBias                       [      32          0              0    ]      [     0     0     0     0     0    ]  0
2017-11-22T07:06:39.537+0800: 5.444: Total time for which application threads were stopped: 0.0002405 seconds, Stopping threads took: 0.0000243 seconds
         vmop                    [threads: total initially_running wait_to_block]    [time: spin block sync cleanup vmop] page_trap_count
5.445: RevokeBias                       [      32          0              0    ]      [     0     0     0     0     0    ]  0
2017-11-22T07:06:39.538+0800: 5.445: Total time for which application threads were stopped: 0.0002504 seconds, Stopping threads took: 0.0000244 seconds
         vmop                    [threads: total initially_running wait_to_block]    [time: spin block sync cleanup vmop] page_trap_count
5.445: RevokeBias                       [      32          0              0    ]      [     0     0     0     0     0    ]  0
2017-11-22T07:06:39.538+0800: 5.445: Total time for which application threads were stopped: 0.0002670 seconds, Stopping threads took: 0.0000233 seconds
         vmop                    [threads: total initially_running wait_to_block]    [time: spin block sync cleanup vmop] page_trap_count
5.445: RevokeBias                       [      32          0              0    ]      [     0     0     0     0     0    ]  0
2017-11-22T07:06:39.538+0800: 5.445: Total time for which application threads were stopped: 0.0002576 seconds, Stopping threads took: 0.0000238 seconds
         vmop                    [threads: total initially_running wait_to_block]    [time: spin block sync cleanup vmop] page_trap_count
5.446: RevokeBias                       [      32          0              0    ]      [     0     0     0     0     0    ]  0
2017-11-22T07:06:39.539+0800: 5.446: Total time for which application threads were stopped: 0.0002755 seconds, Stopping threads took: 0.0000250 seconds
         vmop                    [threads: total initially_running wait_to_block]    [time: spin block sync cleanup vmop] page_trap_count
5.446: RevokeBias                       [      32          0              0    ]      [     0     0     0     0     0    ]  0
2017-11-22T07:06:39.539+0800: 5.446: Total time for which application threads were stopped: 0.0002703 seconds, Stopping threads took: 0.0000249 seconds
         vmop                    [threads: total initially_running wait_to_block]    [time: spin block sync cleanup vmop] page_trap_count
5.446: RevokeBias                       [      32          0              0    ]      [     0     0     0     0     0    ]  0
2017-11-22T07:06:39.540+0800: 5.447: Total time for which application threads were stopped: 0.0002598 seconds, Stopping threads took: 0.0000247 seconds
         vmop                    [threads: total initially_running wait_to_block]    [time: spin block sync cleanup vmop] page_trap_count
5.612: RevokeBias                       [      32          0              0    ]      [     0     0     0     0     0    ]  0
2017-11-22T07:06:39.705+0800: 5.612: Total time for which application threads were stopped: 0.0002516 seconds, Stopping threads took: 0.0000532 seconds
         vmop                    [threads: total initially_running wait_to_block]    [time: spin block sync cleanup vmop] page_trap_count
6.393: RevokeBias                       [      32          0              0    ]      [     0     0     0     0     0    ]  0
2017-11-22T07:06:40.486+0800: 6.393: Total time for which application threads were stopped: 0.0002867 seconds, Stopping threads took: 0.0000525 seconds
2017-11-22T07:06:40.724+0800: 6.631: [GC (Allocation Failure) 2017-11-22T07:06:40.724+0800: 6.631: [ParNew: 148853K->11577K(154880K), 0.0357715 secs] 251401K->116447K(498944K), 0.0358665 secs] [Times: user=0.08 sys=0.01, real=0.03 secs]
         vmop                    [threads: total initially_running wait_to_block]    [time: spin block sync cleanup vmop] page_trap_count
6.631: GenCollectForAllocation          [      32          0              0    ]      [     0     0     0     0    35    ]  0
2017-11-22T07:06:40.760+0800: 6.667: Total time for which application threads were stopped: 0.0361805 seconds, Stopping threads took: 0.0000526 seconds
         vmop                    [threads: total initially_running wait_to_block]    [time: spin block sync cleanup vmop] page_trap_count
6.673: RevokeBias                       [      32          0              0    ]      [     0     0     0     0     0    ]  0
2017-11-22T07:06:40.767+0800: 6.674: Total time for which application threads were stopped: 0.0002032 seconds, Stopping threads took: 0.0000502 seconds
2017-11-22T07:06:41.286+0800: 7.193: [GC (Allocation Failure) 2017-11-22T07:06:41.286+0800: 7.193: [ParNew: 149305K->8924K(154880K), 0.0175625 secs] 254175K->116149K(498944K), 0.0176417 secs] [Times: user=0.04 sys=0.00, real=0.02 secs]
         vmop                    [threads: total initially_running wait_to_block]    [time: spin block sync cleanup vmop] page_trap_count
7.193: GenCollectForAllocation          [      32          0              0    ]      [     0     0     0     0    17    ]  0
2017-11-22T07:06:41.304+0800: 7.211: Total time for which application threads were stopped: 0.0179193 seconds, Stopping threads took: 0.0000526 seconds
2017-11-22T07:06:41.861+0800: 7.768: [GC (Allocation Failure) 2017-11-22T07:06:41.861+0800: 7.768: [ParNew: 146652K->5246K(154880K), 0.0027860 secs] 253877K->112470K(498944K), 0.0028543 secs] [Times: user=0.02 sys=0.00, real=0.00 secs]
         vmop                    [threads: total initially_running wait_to_block]    [time: spin block sync cleanup vmop] page_trap_count
7.768: GenCollectForAllocation          [      32          0              0    ]      [     0     0     0     0     2    ]  0
2017-11-22T07:06:41.864+0800: 7.771: Total time for which application threads were stopped: 0.0031150 seconds, Stopping threads took: 0.0000533 seconds
2017-11-22T07:06:42.541+0800: 8.448: [GC (Allocation Failure) 2017-11-22T07:06:42.541+0800: 8.448: [ParNew: 142974K->5737K(154880K), 0.0037053 secs] 250198K->112962K(498944K), 0.0037978 secs] [Times: user=0.01 sys=0.00, real=0.00 secs]
         vmop                    [threads: total initially_running wait_to_block]    [time: spin block sync cleanup vmop] page_trap_count
8.448: GenCollectForAllocation          [      32          0              0    ]      [     0     0     0     0     3    ]  0
2017-11-22T07:06:42.545+0800: 8.452: Total time for which application threads were stopped: 0.0041431 seconds, Stopping threads took: 0.0000660 seconds
2017-11-22T07:06:43.176+0800: 9.083: [GC (Allocation Failure) 2017-11-22T07:06:43.176+0800: 9.083: [ParNew: 143465K->7709K(154880K), 0.0054805 secs] 250690K->114934K(498944K), 0.0055577 secs] [Times: user=0.03 sys=0.00, real=0.01 secs]
         vmop                    [threads: total initially_running wait_to_block]    [time: spin block sync cleanup vmop] page_trap_count
9.083: GenCollectForAllocation          [      32          0              0    ]      [     0     0     0     0     5    ]  0
2017-11-22T07:06:43.181+0800: 9.088: Total time for which application threads were stopped: 0.0058305 seconds, Stopping threads took: 0.0000570 seconds
2017-11-22T07:06:43.973+0800: 9.880: [GC (Allocation Failure) 2017-11-22T07:06:43.973+0800: 9.880: [ParNew: 145437K->6193K(154880K), 0.0031385 secs] 252662K->113418K(498944K), 0.0032084 secs] [Times: user=0.01 sys=0.00, real=0.00 secs]
         vmop                    [threads: total initially_running wait_to_block]    [time: spin block sync cleanup vmop] page_trap_count
9.880: GenCollectForAllocation          [      32          0              0    ]      [     0     0     0     0     3    ]  0
2017-11-22T07:06:43.976+0800: 9.883: Total time for which application threads were stopped: 0.0034621 seconds, Stopping threads took: 0.0000602 seconds
2017-11-22T07:06:44.865+0800: 10.772: [GC (Allocation Failure) 2017-11-22T07:06:44.865+0800: 10.772: [ParNew: 143921K->4616K(154880K), 0.0085900 secs] 251146K->115890K(498944K), 0.0086717 secs] [Times: user=0.04 sys=0.00, real=0.01 secs]
         vmop                    [threads: total initially_running wait_to_block]    [time: spin block sync cleanup vmop] page_trap_count
10.772: GenCollectForAllocation          [      32          0              0    ]      [     0     0     0     0     8    ]  0
2017-11-22T07:06:44.874+0800: 10.781: Total time for which application threads were stopped: 0.0089364 seconds, Stopping threads took: 0.0000537 seconds
2017-11-22T07:06:45.455+0800: 11.362: [GC (Allocation Failure) 2017-11-22T07:06:45.455+0800: 11.362: [ParNew: 142344K->1100K(154880K), 0.0022884 secs] 253618K->112376K(498944K), 0.0023770 secs] [Times: user=0.01 sys=0.00, real=0.00 secs]
         vmop                    [threads: total initially_running wait_to_block]    [time: spin block sync cleanup vmop] page_trap_count
11.362: GenCollectForAllocation          [      32          0              0    ]      [     0     0     0     0     2    ]  0
2017-11-22T07:06:45.458+0800: 11.365: Total time for which application threads were stopped: 0.0026590 seconds, Stopping threads took: 0.0000632 seconds
2017-11-22T07:06:46.354+0800: 12.261: [GC (Allocation Failure) 2017-11-22T07:06:46.354+0800: 12.261: [ParNew: 138828K->644K(154880K), 0.0023156 secs] 250104K->111921K(498944K), 0.0023913 secs] [Times: user=0.01 sys=0.00, real=0.00 secs]
         vmop                    [threads: total initially_running wait_to_block]    [time: spin block sync cleanup vmop] page_trap_count
12.261: GenCollectForAllocation          [      32          0              0    ]      [     0     0     0     0     2    ]  0
2017-11-22T07:06:46.356+0800: 12.263: Total time for which application threads were stopped: 0.0026863 seconds, Stopping threads took: 0.0000753 seconds
2017-11-22T07:06:47.070+0800: 12.977: [GC (Allocation Failure) 2017-11-22T07:06:47.070+0800: 12.977: [ParNew: 138372K->672K(154880K), 0.0019855 secs] 249649K->111950K(498944K), 0.0020590 secs] [Times: user=0.01 sys=0.00, real=0.00 secs]
         vmop                    [threads: total initially_running wait_to_block]    [time: spin block sync cleanup vmop] page_trap_count
12.976: GenCollectForAllocation          [      32          0              0    ]      [     0     0     0     0     2    ]  0
2017-11-22T07:06:47.072+0800: 12.979: Total time for which application threads were stopped: 0.0023160 seconds, Stopping threads took: 0.0000500 seconds
2017-11-22T07:06:48.055+0800: 13.962: [GC (Allocation Failure) 2017-11-22T07:06:48.055+0800: 13.962: [ParNew: 138400K->808K(154880K), 0.0017321 secs] 249678K->112086K(498944K), 0.0017993 secs] [Times: user=0.01 sys=0.00, real=0.00 secs]
         vmop                    [threads: total initially_running wait_to_block]    [time: spin block sync cleanup vmop] page_trap_count
13.962: GenCollectForAllocation          [      32          0              0    ]      [     0     0     0     0     1    ]  0
2017-11-22T07:06:48.057+0800: 13.964: Total time for which application threads were stopped: 0.0020607 seconds, Stopping threads took: 0.0000600 seconds
2017-11-22T07:06:48.860+0800: 14.767: [GC (Allocation Failure) 2017-11-22T07:06:48.860+0800: 14.767: [ParNew: 138536K->755K(154880K), 0.0017538 secs] 249814K->112033K(498944K), 0.0018439 secs] [Times: user=0.01 sys=0.00, real=0.01 secs]
         vmop                    [threads: total initially_running wait_to_block]    [time: spin block sync cleanup vmop] page_trap_count
14.766: GenCollectForAllocation          [      32          0              0    ]      [     0     0     0     0     1    ]  0
2017-11-22T07:06:48.862+0800: 14.769: Total time for which application threads were stopped: 0.0021139 seconds, Stopping threads took: 0.0000633 seconds
         vmop                    [threads: total initially_running wait_to_block]    [time: spin block sync cleanup vmop] page_trap_count
15.068: RevokeBias                       [      32          1              1    ]      [     0     0     0     0     0    ]  0
2017-11-22T07:06:49.161+0800: 15.068: Total time for which application threads were stopped: 0.0003663 seconds, Stopping threads took: 0.0002147 seconds
2017-11-22T07:06:49.365+0800: 15.272: [GC (Allocation Failure) 2017-11-22T07:06:49.365+0800: 15.272: [ParNew: 138483K->992K(154880K), 0.0019671 secs] 249761K->112271K(498944K), 0.0020357 secs] [Times: user=0.01 sys=0.00, real=0.00 secs]
         vmop                    [threads: total initially_running wait_to_block]    [time: spin block sync cleanup vmop] page_trap_count
15.271: GenCollectForAllocation          [      32          0              0    ]      [     0     0     0     0     2    ]  0
2017-11-22T07:06:49.367+0800: 15.274: Total time for which application threads were stopped: 0.0023982 seconds, Stopping threads took: 0.0000744 seconds
2017-11-22T07:06:49.748+0800: 15.655: [GC (Allocation Failure) 2017-11-22T07:06:49.748+0800: 15.655: [ParNew: 138720K->962K(154880K), 0.0016903 secs] 249999K->112241K(498944K), 0.0017621 secs] [Times: user=0.01 sys=0.00, real=0.00 secs]
         vmop                    [threads: total initially_running wait_to_block]    [time: spin block sync cleanup vmop] page_trap_count
15.655: GenCollectForAllocation          [      31          0              0    ]      [     0     0     0     0     1    ]  0
2017-11-22T07:06:49.750+0800: 15.657: Total time for which application threads were stopped: 0.0021304 seconds, Stopping threads took: 0.0000654 seconds
2017-11-22T07:06:50.139+0800: 16.046: [GC (Allocation Failure) 2017-11-22T07:06:50.139+0800: 16.046: [ParNew: 138690K->907K(154880K), 0.0019038 secs] 249969K->112186K(498944K), 0.0019766 secs] [Times: user=0.01 sys=0.00, real=0.01 secs]
         vmop                    [threads: total initially_running wait_to_block]    [time: spin block sync cleanup vmop] page_trap_count
16.045: GenCollectForAllocation          [      31          0              0    ]      [     0     0     0     0     2    ]  0
2017-11-22T07:06:50.141+0800: 16.048: Total time for which application threads were stopped: 0.0023278 seconds, Stopping threads took: 0.0001566 seconds
         vmop                    [threads: total initially_running wait_to_block]    [time: spin block sync cleanup vmop] page_trap_count
16.190: RevokeBias                       [      32          0              1    ]      [     0     0     0     0     0    ]  0
2017-11-22T07:06:50.283+0800: 16.190: Total time for which application threads were stopped: 0.0002463 seconds, Stopping threads took: 0.0000991 seconds
         vmop                    [threads: total initially_running wait_to_block]    [time: spin block sync cleanup vmop] page_trap_count
17.190: no vm operation                  [      32          0              0    ]      [     0     0     0     0     0    ]  0
2017-11-22T07:06:51.283+0800: 17.190: Total time for which application threads were stopped: 0.0001748 seconds, Stopping threads took: 0.0000442 seconds
         vmop                    [threads: total initially_running wait_to_block]    [time: spin block sync cleanup vmop] page_trap_count
17.713: RevokeBias                       [      33          0              1    ]      [     0     0     0     0     0    ]  0
2017-11-22T07:06:51.806+0800: 17.713: Total time for which application threads were stopped: 0.0002802 seconds, Stopping threads took: 0.0000979 seconds
         vmop                    [threads: total initially_running wait_to_block]    [time: spin block sync cleanup vmop] page_trap_count
17.713: RevokeBias                       [      33          0              0    ]      [     0     0     0     0     0    ]  0
2017-11-22T07:06:51.806+0800: 17.713: Total time for which application threads were stopped: 0.0001292 seconds, Stopping threads took: 0.0000308 seconds
         vmop                    [threads: total initially_running wait_to_block]    [time: spin block sync cleanup vmop] page_trap_count
17.713: RevokeBias                       [      33          0              0    ]      [     0     0     0     0     0    ]  0
2017-11-22T07:06:51.807+0800: 17.714: Total time for which application threads were stopped: 0.0001169 seconds, Stopping threads took: 0.0000259 seconds
         vmop                    [threads: total initially_running wait_to_block]    [time: spin block sync cleanup vmop] page_trap_count
17.714: RevokeBias                       [      33          2              1    ]      [     0     0     0     0     0    ]  0
2017-11-22T07:06:51.807+0800: 17.714: Total time for which application threads were stopped: 0.0003059 seconds, Stopping threads took: 0.0001563 seconds
         vmop                    [threads: total initially_running wait_to_block]    [time: spin block sync cleanup vmop] page_trap_count
17.714: RevokeBias                       [      33          1              1    ]      [     0     0     0     0     0    ]  0
2017-11-22T07:06:51.807+0800: 17.714: Total time for which application threads were stopped: 0.0002296 seconds, Stopping threads took: 0.0001197 seconds
2017-11-22T07:06:52.789+0800: 18.696: [GC (Allocation Failure) 2017-11-22T07:06:52.790+0800: 18.697: [ParNew: 138635K->4828K(154880K), 0.0027172 secs] 249914K->116107K(498944K), 0.0027934 secs] [Times: user=0.01 sys=0.00, real=0.00 secs]
         vmop                    [threads: total initially_running wait_to_block]    [time: spin block sync cleanup vmop] page_trap_count
18.696: GenCollectForAllocation          [      33          0              0    ]      [     0     0     0     0     2    ]  0
2017-11-22T07:06:52.792+0800: 18.699: Total time for which application threads were stopped: 0.0031222 seconds, Stopping threads took: 0.0000535 seconds
         vmop                    [threads: total initially_running wait_to_block]    [time: spin block sync cleanup vmop] page_trap_count
18.700: RevokeBias                       [      33          0              1    ]      [     0     0     0     0     0    ]  0
2017-11-22T07:06:52.793+0800: 18.700: Total time for which application threads were stopped: 0.0002075 seconds, Stopping threads took: 0.0000925 seconds
         vmop                    [threads: total initially_running wait_to_block]    [time: spin block sync cleanup vmop] page_trap_count
18.700: RevokeBias                       [      33          0              0    ]      [     0     0     0     0     0    ]  0
2017-11-22T07:06:52.793+0800: 18.700: Total time for which application threads were stopped: 0.0001358 seconds, Stopping threads took: 0.0000287 seconds
         vmop                    [threads: total initially_running wait_to_block]    [time: spin block sync cleanup vmop] page_trap_count
18.700: RevokeBias                       [      33          0              0    ]      [     0     0     0     0     0    ]  0
2017-11-22T07:06:52.793+0800: 18.700: Total time for which application threads were stopped: 0.0001483 seconds, Stopping threads took: 0.0000592 seconds
         vmop                    [threads: total initially_running wait_to_block]    [time: spin block sync cleanup vmop] page_trap_count
18.700: RevokeBias                       [      33          1              1    ]      [     0     0     0     0     0    ]  1
2017-11-22T07:06:52.793+0800: 18.700: Total time for which application threads were stopped: 0.0001713 seconds, Stopping threads took: 0.0000686 seconds
         vmop                    [threads: total initially_running wait_to_block]    [time: spin block sync cleanup vmop] page_trap_count
18.701: RevokeBias                       [      33          1              0    ]      [     0     0     0     0     0    ]  0
2017-11-22T07:06:52.794+0800: 18.701: Total time for which application threads were stopped: 0.0001267 seconds, Stopping threads took: 0.0000415 seconds
         vmop                    [threads: total initially_running wait_to_block]    [time: spin block sync cleanup vmop] page_trap_count
18.701: RevokeBias                       [      33          0              0    ]      [     0     0     0     0     0    ]  0
2017-11-22T07:06:52.794+0800: 18.701: Total time for which application threads were stopped: 0.0000919 seconds, Stopping threads took: 0.0000244 seconds
         vmop                    [threads: total initially_running wait_to_block]    [time: spin block sync cleanup vmop] page_trap_count
18.701: RevokeBias                       [      33          0              1    ]      [     0     0     0     0     0    ]  0
2017-11-22T07:06:52.794+0800: 18.701: Total time for which application threads were stopped: 0.0001376 seconds, Stopping threads took: 0.0000551 seconds
         vmop                    [threads: total initially_running wait_to_block]    [time: spin block sync cleanup vmop] page_trap_count
18.701: RevokeBias                       [      33          0              0    ]      [     0     0     0     0     0    ]  0
2017-11-22T07:06:52.794+0800: 18.701: Total time for which application threads were stopped: 0.0000863 seconds, Stopping threads took: 0.0000236 seconds
         vmop                    [threads: total initially_running wait_to_block]    [time: spin block sync cleanup vmop] page_trap_count
18.701: BulkRevokeBias                   [      33          0              0    ]      [     0     0     0     0     0    ]  0
2017-11-22T07:06:52.794+0800: 18.701: Total time for which application threads were stopped: 0.0001965 seconds, Stopping threads took: 0.0000249 seconds
2017-11-22T07:06:53.353+0800: 19.260: [GC (Allocation Failure) 2017-11-22T07:06:53.353+0800: 19.260: [ParNew: 142556K->4494K(154880K), 0.0022785 secs] 253835K->115774K(498944K), 0.0023567 secs] [Times: user=0.01 sys=0.00, real=0.01 secs]
         vmop                    [threads: total initially_running wait_to_block]    [time: spin block sync cleanup vmop] page_trap_count
19.259: GenCollectForAllocation          [      33          0              0    ]      [     0     0     0     0     2    ]  0
2017-11-22T07:06:53.355+0800: 19.262: Total time for which application threads were stopped: 0.0026599 seconds, Stopping threads took: 0.0000521 seconds
2017-11-22T07:06:53.763+0800: 19.670: [GC (Allocation Failure) 2017-11-22T07:06:53.763+0800: 19.670: [ParNew: 142222K->4802K(154880K), 0.0057981 secs] 253502K->116082K(498944K), 0.0058744 secs] [Times: user=0.02 sys=0.01, real=0.00 secs]
         vmop                    [threads: total initially_running wait_to_block]    [time: spin block sync cleanup vmop] page_trap_count
19.669: GenCollectForAllocation          [      33          0              0    ]      [     0     0     0     0     5    ]  0
2017-11-22T07:06:53.769+0800: 19.676: Total time for which application threads were stopped: 0.0062012 seconds, Stopping threads took: 0.0000586 seconds
2017-11-22T07:06:54.241+0800: 20.148: [GC (Allocation Failure) 2017-11-22T07:06:54.241+0800: 20.148: [ParNew: 142530K->5697K(154880K), 0.0026721 secs] 253810K->117060K(498944K), 0.0027767 secs] [Times: user=0.01 sys=0.00, real=0.01 secs]
         vmop                    [threads: total initially_running wait_to_block]    [time: spin block sync cleanup vmop] page_trap_count
20.147: GenCollectForAllocation          [      33          0              0    ]      [     0     0     0     0     2    ]  0
2017-11-22T07:06:54.243+0800: 20.150: Total time for which application threads were stopped: 0.0031459 seconds, Stopping threads took: 0.0001303 seconds
2017-11-22T07:06:54.642+0800: 20.549: [GC (Allocation Failure) 2017-11-22T07:06:54.642+0800: 20.549: [ParNew: 143425K->5499K(154880K), 0.0030829 secs] 254788K->116863K(498944K), 0.0031562 secs] [Times: user=0.01 sys=0.00, real=0.00 secs]
         vmop                    [threads: total initially_running wait_to_block]    [time: spin block sync cleanup vmop] page_trap_count
20.549: GenCollectForAllocation          [      33          0              0    ]      [     0     0     0     0     3    ]  0
2017-11-22T07:06:54.645+0800: 20.552: Total time for which application threads were stopped: 0.0034599 seconds, Stopping threads took: 0.0000517 seconds
2017-11-22T07:06:55.049+0800: 20.956: [GC (Allocation Failure) 2017-11-22T07:06:55.049+0800: 20.956: [ParNew: 143227K->6085K(154880K), 0.0032705 secs] 254591K->117448K(498944K), 0.0033483 secs] [Times: user=0.01 sys=0.00, real=0.00 secs]
         vmop                    [threads: total initially_running wait_to_block]    [time: spin block sync cleanup vmop] page_trap_count
20.956: GenCollectForAllocation          [      33          0              0    ]      [     0     0     0     0     3    ]  0
2017-11-22T07:06:55.052+0800: 20.959: Total time for which application threads were stopped: 0.0036374 seconds, Stopping threads took: 0.0000572 seconds
2017-11-22T07:06:55.531+0800: 21.437: [GC (Allocation Failure) 2017-11-22T07:06:55.531+0800: 21.438: [ParNew: 143813K->4164K(154880K), 0.0038697 secs] 255176K->119159K(498944K), 0.0039432 secs] [Times: user=0.01 sys=0.01, real=0.01 secs]
         vmop                    [threads: total initially_running wait_to_block]    [time: spin block sync cleanup vmop] page_trap_count
21.437: GenCollectForAllocation          [      33          0              0    ]      [     0     0     0     0     4    ]  0
2017-11-22T07:06:55.535+0800: 21.442: Total time for which application threads were stopped: 0.0043095 seconds, Stopping threads took: 0.0000608 seconds
2017-11-22T07:06:55.998+0800: 21.905: [GC (Allocation Failure) 2017-11-22T07:06:55.998+0800: 21.905: [ParNew: 141892K->995K(154880K), 0.0020227 secs] 256887K->115990K(498944K), 0.0020969 secs] [Times: user=0.01 sys=0.00, real=0.00 secs]
         vmop                    [threads: total initially_running wait_to_block]    [time: spin block sync cleanup vmop] page_trap_count
21.904: GenCollectForAllocation          [      33          0              0    ]      [     0     0     0     0     2    ]  0
2017-11-22T07:06:56.000+0800: 21.907: Total time for which application threads were stopped: 0.0023894 seconds, Stopping threads took: 0.0000556 seconds
2017-11-22T07:06:56.392+0800: 22.299: [GC (Allocation Failure) 2017-11-22T07:06:56.392+0800: 22.299: [ParNew: 138723K->805K(154880K), 0.0025888 secs] 253718K->115801K(498944K), 0.0026731 secs] [Times: user=0.02 sys=0.00, real=0.01 secs]
         vmop                    [threads: total initially_running wait_to_block]    [time: spin block sync cleanup vmop] page_trap_count
22.298: GenCollectForAllocation          [      33          0              0    ]      [     0     0     0     0     2    ]  0
2017-11-22T07:06:56.394+0800: 22.301: Total time for which application threads were stopped: 0.0029305 seconds, Stopping threads took: 0.0000547 seconds
2017-11-22T07:06:57.139+0800: 23.046: [GC (Allocation Failure) 2017-11-22T07:06:57.139+0800: 23.046: [ParNew: 138533K->539K(154880K), 0.0038771 secs] 253529K->115535K(498944K), 0.0039558 secs] [Times: user=0.01 sys=0.00, real=0.01 secs]
         vmop                    [threads: total initially_running wait_to_block]    [time: spin block sync cleanup vmop] page_trap_count
23.046: GenCollectForAllocation          [      33          0              0    ]      [     0     0     0     0     4    ]  0
2017-11-22T07:06:57.143+0800: 23.050: Total time for which application threads were stopped: 0.0042216 seconds, Stopping threads took: 0.0000517 seconds
2017-11-22T07:06:57.679+0800: 23.586: [GC (Allocation Failure) 2017-11-22T07:06:57.679+0800: 23.586: [ParNew: 138267K->691K(154880K), 0.0020646 secs] 253263K->115688K(498944K), 0.0021466 secs] [Times: user=0.01 sys=0.00, real=0.01 secs]
         vmop                    [threads: total initially_running wait_to_block]    [time: spin block sync cleanup vmop] page_trap_count
23.585: GenCollectForAllocation          [      33          0              0    ]      [     0     0     0     0     2    ]  0
2017-11-22T07:06:57.681+0800: 23.588: Total time for which application threads were stopped: 0.0024074 seconds, Stopping threads took: 0.0000580 seconds
2017-11-22T07:06:58.290+0800: 24.197: [GC (Allocation Failure) 2017-11-22T07:06:58.290+0800: 24.197: [ParNew: 138419K->652K(154880K), 0.0023891 secs] 253416K->115649K(498944K), 0.0024589 secs] [Times: user=0.01 sys=0.00, real=0.00 secs]
         vmop                    [threads: total initially_running wait_to_block]    [time: spin block sync cleanup vmop] page_trap_count
24.197: GenCollectForAllocation          [      33          0              0    ]      [     0     0     0     0     2    ]  0
2017-11-22T07:06:58.293+0800: 24.200: Total time for which application threads were stopped: 0.0027330 seconds, Stopping threads took: 0.0000578 seconds
2017-11-22T07:06:58.903+0800: 24.810: [GC (Allocation Failure) 2017-11-22T07:06:58.903+0800: 24.810: [ParNew: 138380K->737K(154880K), 0.0018601 secs] 253377K->115734K(498944K), 0.0019282 secs] [Times: user=0.01 sys=0.00, real=0.00 secs]
         vmop                    [threads: total initially_running wait_to_block]    [time: spin block sync cleanup vmop] page_trap_count
24.810: GenCollectForAllocation          [      33          0              0    ]      [     0     0     0     0     1    ]  0
2017-11-22T07:06:58.905+0800: 24.812: Total time for which application threads were stopped: 0.0022025 seconds, Stopping threads took: 0.0000650 seconds
         vmop                    [threads: total initially_running wait_to_block]    [time: spin block sync cleanup vmop] page_trap_count
25.052: RevokeBias                       [      33          1              1    ]      [     0     0     0     0     0    ]  0
2017-11-22T07:06:59.145+0800: 25.052: Total time for which application threads were stopped: 0.0002578 seconds, Stopping threads took: 0.0001152 seconds
2017-11-22T07:06:59.328+0800: 25.235: [GC (Allocation Failure) 2017-11-22T07:06:59.328+0800: 25.235: [ParNew: 138465K->799K(154880K), 0.0018486 secs] 253462K->115797K(498944K), 0.0019195 secs] [Times: user=0.01 sys=0.00, real=0.00 secs]
         vmop                    [threads: total initially_running wait_to_block]    [time: spin block sync cleanup vmop] page_trap_count
25.235: GenCollectForAllocation          [      33          0              0    ]      [     0     0     0     0     1    ]  0
2017-11-22T07:06:59.330+0800: 25.237: Total time for which application threads were stopped: 0.0021750 seconds, Stopping threads took: 0.0000528 seconds
2017-11-22T07:06:59.696+0800: 25.603: [GC (Allocation Failure) 2017-11-22T07:06:59.696+0800: 25.603: [ParNew: 138527K->795K(154880K), 0.0023866 secs] 253525K->115794K(498944K), 0.0024540 secs] [Times: user=0.01 sys=0.00, real=0.00 secs]
         vmop                    [threads: total initially_running wait_to_block]    [time: spin block sync cleanup vmop] page_trap_count
25.602: GenCollectForAllocation          [      33          0              0    ]      [     0     0     0     0     2    ]  0
2017-11-22T07:06:59.698+0800: 25.605: Total time for which application threads were stopped: 0.0027106 seconds, Stopping threads took: 0.0000500 seconds
         vmop                    [threads: total initially_running wait_to_block]    [time: spin block sync cleanup vmop] page_trap_count
25.695: RevokeBias                       [      33          0              0    ]      [     0     0     0     0     0    ]  0
2017-11-22T07:06:59.789+0800: 25.695: Total time for which application threads were stopped: 0.0001958 seconds, Stopping threads took: 0.0000545 seconds
         vmop                    [threads: total initially_running wait_to_block]    [time: spin block sync cleanup vmop] page_trap_count
30.177: RevokeBias                       [      33          0              0    ]      [     0     0     0     0     0    ]  0
2017-11-22T07:07:04.270+0800: 30.177: Total time for which application threads were stopped: 0.0002055 seconds, Stopping threads took: 0.0000552 seconds
         vmop                    [threads: total initially_running wait_to_block]    [time: spin block sync cleanup vmop] page_trap_count
30.177: RevokeBias                       [      33          0              0    ]      [     0     0     0     0     0    ]  0
2017-11-22T07:07:04.270+0800: 30.177: Total time for which application threads were stopped: 0.0002002 seconds, Stopping threads took: 0.0000437 seconds
         vmop                    [threads: total initially_running wait_to_block]    [time: spin block sync cleanup vmop] page_trap_count
30.177: RevokeBias                       [      33          0              0    ]      [     0     0     0     0     0    ]  0
2017-11-22T07:07:04.270+0800: 30.177: Total time for which application threads were stopped: 0.0001347 seconds, Stopping threads took: 0.0000313 seconds
         vmop                    [threads: total initially_running wait_to_block]    [time: spin block sync cleanup vmop] page_trap_count
30.177: RevokeBias                       [      33          0              1    ]      [     0     0     0     0     0    ]  0
2017-11-22T07:07:04.271+0800: 30.178: Total time for which application threads were stopped: 0.0001867 seconds, Stopping threads took: 0.0000856 seconds
         vmop                    [threads: total initially_running wait_to_block]    [time: spin block sync cleanup vmop] page_trap_count
30.178: RevokeBias                       [      33          1              1    ]      [     0     0     0     0     0    ]  0
2017-11-22T07:07:04.271+0800: 30.178: Total time for which application threads were stopped: 0.0001652 seconds, Stopping threads took: 0.0000821 seconds
         vmop                    [threads: total initially_running wait_to_block]    [time: spin block sync cleanup vmop] page_trap_count
30.178: RevokeBias                       [      33          1              0    ]      [     0     0     0     0     0    ]  0
2017-11-22T07:07:04.271+0800: 30.178: Total time for which application threads were stopped: 0.0001738 seconds, Stopping threads took: 0.0000784 seconds
2017-11-22T07:07:04.901+0800: 30.808: [GC (Allocation Failure) 2017-11-22T07:07:04.901+0800: 30.808: [ParNew: 138523K->4215K(154880K), 0.0024411 secs] 253522K->119213K(498944K), 0.0025133 secs] [Times: user=0.01 sys=0.00, real=0.00 secs]
         vmop                    [threads: total initially_running wait_to_block]    [time: spin block sync cleanup vmop] page_trap_count
30.807: GenCollectForAllocation          [      33          0              0    ]      [     0     0     0     0     2    ]  0
2017-11-22T07:07:04.903+0800: 30.810: Total time for which application threads were stopped: 0.0028320 seconds, Stopping threads took: 0.0000526 seconds
         vmop                    [threads: total initially_running wait_to_block]    [time: spin block sync cleanup vmop] page_trap_count
30.810: RevokeBias                       [      33          0              1    ]      [     0     0     0     0     0    ]  0
2017-11-22T07:07:04.904+0800: 30.811: Total time for which application threads were stopped: 0.0002054 seconds, Stopping threads took: 0.0000816 seconds
         vmop                    [threads: total initially_running wait_to_block]    [time: spin block sync cleanup vmop] page_trap_count
30.811: RevokeBias                       [      33          0              0    ]      [     0     0     0     0     0    ]  0
2017-11-22T07:07:04.904+0800: 30.811: Total time for which application threads were stopped: 0.0001397 seconds, Stopping threads took: 0.0000259 seconds
         vmop                    [threads: total initially_running wait_to_block]    [time: spin block sync cleanup vmop] page_trap_count
30.811: RevokeBias                       [      33          0              0    ]      [     0     0     0     0     0    ]  0
2017-11-22T07:07:04.904+0800: 30.811: Total time for which application threads were stopped: 0.0000980 seconds, Stopping threads took: 0.0000257 seconds
         vmop                    [threads: total initially_running wait_to_block]    [time: spin block sync cleanup vmop] page_trap_count
30.811: RevokeBias                       [      33          0              0    ]      [     0     0     0     0     0    ]  0
2017-11-22T07:07:04.904+0800: 30.811: Total time for which application threads were stopped: 0.0000860 seconds, Stopping threads took: 0.0000241 seconds
         vmop                    [threads: total initially_running wait_to_block]    [time: spin block sync cleanup vmop] page_trap_count
30.811: RevokeBias                       [      33          0              0    ]      [     0     0     0     0     0    ]  0
2017-11-22T07:07:04.904+0800: 30.811: Total time for which application threads were stopped: 0.0000902 seconds, Stopping threads took: 0.0000235 seconds
         vmop                    [threads: total initially_running wait_to_block]    [time: spin block sync cleanup vmop] page_trap_count
30.811: RevokeBias                       [      33          0              0    ]      [     0     0     0     0     0    ]  0
2017-11-22T07:07:04.905+0800: 30.811: Total time for which application threads were stopped: 0.0000981 seconds, Stopping threads took: 0.0000302 seconds
         vmop                    [threads: total initially_running wait_to_block]    [time: spin block sync cleanup vmop] page_trap_count
30.812: RevokeBias                       [      33          0              0    ]      [     0     0     0     0     0    ]  0
2017-11-22T07:07:04.905+0800: 30.812: Total time for which application threads were stopped: 0.0000871 seconds, Stopping threads took: 0.0000244 seconds
         vmop                    [threads: total initially_running wait_to_block]    [time: spin block sync cleanup vmop] page_trap_count
30.812: RevokeBias                       [      33          0              0    ]      [     0     0     0     0     0    ]  0
2017-11-22T07:07:04.905+0800: 30.812: Total time for which application threads were stopped: 0.0001170 seconds, Stopping threads took: 0.0000364 seconds
         vmop                    [threads: total initially_running wait_to_block]    [time: spin block sync cleanup vmop] page_trap_count
30.812: RevokeBias                       [      33          0              0    ]      [     0     0     0     0     0    ]  0
2017-11-22T07:07:04.905+0800: 30.812: Total time for which application threads were stopped: 0.0001008 seconds, Stopping threads took: 0.0000286 seconds
         vmop                    [threads: total initially_running wait_to_block]    [time: spin block sync cleanup vmop] page_trap_count
30.812: RevokeBias                       [      33          0              0    ]      [     0     0     0     0     0    ]  0
2017-11-22T07:07:04.905+0800: 30.812: Total time for which application threads were stopped: 0.0000884 seconds, Stopping threads took: 0.0000282 seconds
         vmop                    [threads: total initially_running wait_to_block]    [time: spin block sync cleanup vmop] page_trap_count
30.812: RevokeBias                       [      33          0              0    ]      [     0     0     0     0     0    ]  0
2017-11-22T07:07:04.905+0800: 30.812: Total time for which application threads were stopped: 0.0000949 seconds, Stopping threads took: 0.0000245 seconds
         vmop                    [threads: total initially_running wait_to_block]    [time: spin block sync cleanup vmop] page_trap_count
30.812: RevokeBias                       [      33          0              0    ]      [     0     0     0     0     0    ]  0
2017-11-22T07:07:04.905+0800: 30.812: Total time for which application threads were stopped: 0.0000943 seconds, Stopping threads took: 0.0000244 seconds
         vmop                    [threads: total initially_running wait_to_block]    [time: spin block sync cleanup vmop] page_trap_count
30.812: RevokeBias                       [      33          0              1    ]      [     0     0     0     0     0    ]  0
2017-11-22T07:07:04.906+0800: 30.813: Total time for which application threads were stopped: 0.0001619 seconds, Stopping threads took: 0.0000708 seconds
         vmop                    [threads: total initially_running wait_to_block]    [time: spin block sync cleanup vmop] page_trap_count
30.813: RevokeBias                       [      33          0              0    ]      [     0     0     0     0     0    ]  0
2017-11-22T07:07:04.906+0800: 30.813: Total time for which application threads were stopped: 0.0001199 seconds, Stopping threads took: 0.0000293 seconds
         vmop                    [threads: total initially_running wait_to_block]    [time: spin block sync cleanup vmop] page_trap_count
30.813: BulkRevokeBias                   [      33          0              0    ]      [     0     0     0     0     0    ]  0
2017-11-22T07:07:04.906+0800: 30.813: Total time for which application threads were stopped: 0.0002169 seconds, Stopping threads took: 0.0000299 seconds
2017-11-22T07:07:05.374+0800: 31.281: [GC (Allocation Failure) 2017-11-22T07:07:05.374+0800: 31.281: [ParNew: 141943K->4181K(154880K), 0.0028211 secs] 256941K->119180K(498944K), 0.0029213 secs] [Times: user=0.01 sys=0.00, real=0.00 secs]
         vmop                    [threads: total initially_running wait_to_block]    [time: spin block sync cleanup vmop] page_trap_count
31.280: GenCollectForAllocation          [      33          0              0    ]      [     0     0     0     0     3    ]  0
2017-11-22T07:07:05.377+0800: 31.284: Total time for which application threads were stopped: 0.0032559 seconds, Stopping threads took: 0.0000723 seconds
2017-11-22T07:07:06.020+0800: 31.927: [GC (Allocation Failure) 2017-11-22T07:07:06.020+0800: 31.927: [ParNew: 141909K->4798K(154880K), 0.0022601 secs] 256908K->119797K(498944K), 0.0023408 secs] [Times: user=0.01 sys=0.00, real=0.01 secs]
         vmop                    [threads: total initially_running wait_to_block]    [time: spin block sync cleanup vmop] page_trap_count
31.927: GenCollectForAllocation          [      33          0              0    ]      [     0     0     0     0     2    ]  0
2017-11-22T07:07:06.023+0800: 31.930: Total time for which application threads were stopped: 0.0026532 seconds, Stopping threads took: 0.0000523 seconds
2017-11-22T07:07:06.374+0800: 32.281: [GC (Allocation Failure) 2017-11-22T07:07:06.374+0800: 32.281: [ParNew: 142526K->5120K(154880K), 0.0029431 secs] 257525K->120119K(498944K), 0.0030285 secs] [Times: user=0.02 sys=0.00, real=0.00 secs]
         vmop                    [threads: total initially_running wait_to_block]    [time: spin block sync cleanup vmop] page_trap_count
32.281: GenCollectForAllocation          [      33          0              0    ]      [     0     0     0     0     3    ]  0
2017-11-22T07:07:06.377+0800: 32.284: Total time for which application threads were stopped: 0.0033801 seconds, Stopping threads took: 0.0000643 seconds
2017-11-22T07:07:06.878+0800: 32.785: [GC (Allocation Failure) 2017-11-22T07:07:06.878+0800: 32.785: [ParNew: 142848K->4736K(154880K), 0.0023602 secs] 257847K->119736K(498944K), 0.0024399 secs] [Times: user=0.01 sys=0.00, real=0.00 secs]
         vmop                    [threads: total initially_running wait_to_block]    [time: spin block sync cleanup vmop] page_trap_count
32.785: GenCollectForAllocation          [      33          0              0    ]      [     0     0     0     0     2    ]  0
2017-11-22T07:07:06.881+0800: 32.788: Total time for which application threads were stopped: 0.0027353 seconds, Stopping threads took: 0.0000652 seconds
2017-11-22T07:07:07.425+0800: 33.332: [GC (Allocation Failure) 2017-11-22T07:07:07.425+0800: 33.332: [ParNew: 142464K->6087K(154880K), 0.0025357 secs] 257464K->121087K(498944K), 0.0026044 secs] [Times: user=0.01 sys=0.00, real=0.00 secs]
         vmop                    [threads: total initially_running wait_to_block]    [time: spin block sync cleanup vmop] page_trap_count
33.332: GenCollectForAllocation          [      33          0              0    ]      [     0     0     0     0     2    ]  0
2017-11-22T07:07:07.428+0800: 33.335: Total time for which application threads were stopped: 0.0028598 seconds, Stopping threads took: 0.0000511 seconds
2017-11-22T07:07:08.038+0800: 33.945: [GC (Allocation Failure) 2017-11-22T07:07:08.038+0800: 33.945: [ParNew: 143815K->4151K(154880K), 0.0044953 secs] 258815K->122739K(498944K), 0.0045923 secs] [Times: user=0.02 sys=0.01, real=0.01 secs]
         vmop                    [threads: total initially_running wait_to_block]    [time: spin block sync cleanup vmop] page_trap_count
33.945: GenCollectForAllocation          [      33          0              0    ]      [     0     0     0     0     4    ]  0
2017-11-22T07:07:08.043+0800: 33.950: Total time for which application threads were stopped: 0.0048735 seconds, Stopping threads took: 0.0000639 seconds
2017-11-22T07:07:08.399+0800: 34.306: [GC (Allocation Failure) 2017-11-22T07:07:08.399+0800: 34.306: [ParNew: 141879K->1151K(154880K), 0.0041040 secs] 260467K->119739K(498944K), 0.0042240 secs] [Times: user=0.02 sys=0.00, real=0.01 secs]
         vmop                    [threads: total initially_running wait_to_block]    [time: spin block sync cleanup vmop] page_trap_count
34.305: GenCollectForAllocation          [      33          0              0    ]      [     0     0     0     0     4    ]  0
2017-11-22T07:07:08.403+0800: 34.310: Total time for which application threads were stopped: 0.0045568 seconds, Stopping threads took: 0.0000652 seconds
         vmop                    [threads: total initially_running wait_to_block]    [time: spin block sync cleanup vmop] page_trap_count
34.310: RevokeBias                       [      33          0              0    ]      [     0     0     0     0     0    ]  0
2017-11-22T07:07:08.403+0800: 34.310: Total time for which application threads were stopped: 0.0001432 seconds, Stopping threads took: 0.0000333 seconds
2017-11-22T07:07:09.012+0800: 34.919: [GC (Allocation Failure) 2017-11-22T07:07:09.012+0800: 34.919: [ParNew: 138879K->773K(154880K), 0.0020974 secs] 257467K->119362K(498944K), 0.0021794 secs] [Times: user=0.02 sys=0.00, real=0.01 secs]
         vmop                    [threads: total initially_running wait_to_block]    [time: spin block sync cleanup vmop] page_trap_count
34.918: GenCollectForAllocation          [      33          0              0    ]      [     0     0     0     0     2    ]  0
2017-11-22T07:07:09.014+0800: 34.921: Total time for which application threads were stopped: 0.0024533 seconds, Stopping threads took: 0.0000675 seconds
         vmop                    [threads: total initially_running wait_to_block]    [time: spin block sync cleanup vmop] page_trap_count
35.052: RevokeBias                       [      33          0              1    ]      [     0     0     0     0     0    ]  0
2017-11-22T07:07:09.145+0800: 35.052: Total time for which application threads were stopped: 0.0002844 seconds, Stopping threads took: 0.0001311 seconds
2017-11-22T07:07:09.444+0800: 35.351: [GC (Allocation Failure) 2017-11-22T07:07:09.444+0800: 35.351: [ParNew: 138501K->688K(154880K), 0.0016588 secs] 257090K->119276K(498944K), 0.0017303 secs] [Times: user=0.01 sys=0.00, real=0.00 secs]
         vmop                    [threads: total initially_running wait_to_block]    [time: spin block sync cleanup vmop] page_trap_count
35.351: GenCollectForAllocation          [      33          0              0    ]      [     0     0     0     0     1    ]  0
2017-11-22T07:07:09.446+0800: 35.353: Total time for which application threads were stopped: 0.0020242 seconds, Stopping threads took: 0.0000576 seconds
2017-11-22T07:07:09.866+0800: 35.773: [GC (Allocation Failure) 2017-11-22T07:07:09.866+0800: 35.773: [ParNew: 138416K->792K(154880K), 0.0019075 secs] 257004K->119380K(498944K), 0.0019803 secs] [Times: user=0.00 sys=0.00, real=0.00 secs]
         vmop                    [threads: total initially_running wait_to_block]    [time: spin block sync cleanup vmop] page_trap_count
35.773: GenCollectForAllocation          [      33          0              0    ]      [     0     0     0     0     2    ]  0
2017-11-22T07:07:09.868+0800: 35.775: Total time for which application threads were stopped: 0.0022435 seconds, Stopping threads took: 0.0000549 seconds
2017-11-22T07:07:10.315+0800: 36.222: [GC (Allocation Failure) 2017-11-22T07:07:10.316+0800: 36.222: [ParNew: 138520K->842K(154880K), 0.0021140 secs] 257108K->119431K(498944K), 0.0021845 secs] [Times: user=0.01 sys=0.00, real=0.00 secs]
         vmop                    [threads: total initially_running wait_to_block]    [time: spin block sync cleanup vmop] page_trap_count
36.222: GenCollectForAllocation          [      33          0              0    ]      [     0     0     0     0     2    ]  0
2017-11-22T07:07:10.318+0800: 36.225: Total time for which application threads were stopped: 0.0024786 seconds, Stopping threads took: 0.0000821 seconds
2017-11-22T07:07:10.814+0800: 36.721: [GC (Allocation Failure) 2017-11-22T07:07:10.814+0800: 36.721: [ParNew: 138570K->740K(154880K), 0.0150404 secs] 257159K->119328K(498944K), 0.0151321 secs] [Times: user=0.08 sys=0.00, real=0.01 secs]
         vmop                    [threads: total initially_running wait_to_block]    [time: spin block sync cleanup vmop] page_trap_count
36.721: GenCollectForAllocation          [      33          0              0    ]      [     0     0     0     0    15    ]  0
2017-11-22T07:07:10.829+0800: 36.736: Total time for which application threads were stopped: 0.0154821 seconds, Stopping threads took: 0.0000613 seconds
2017-11-22T07:07:11.188+0800: 37.095: [GC (Allocation Failure) 2017-11-22T07:07:11.188+0800: 37.095: [ParNew: 138468K->910K(154880K), 0.0072611 secs] 257056K->119499K(498944K), 0.0073346 secs] [Times: user=0.03 sys=0.01, real=0.01 secs]
         vmop                    [threads: total initially_running wait_to_block]    [time: spin block sync cleanup vmop] page_trap_count
37.095: GenCollectForAllocation          [      33          0              0    ]      [     0     0     0     0     7    ]  0
2017-11-22T07:07:11.196+0800: 37.102: Total time for which application threads were stopped: 0.0076105 seconds, Stopping threads took: 0.0000632 seconds
2017-11-22T07:07:11.560+0800: 37.467: [GC (Allocation Failure) 2017-11-22T07:07:11.561+0800: 37.467: [ParNew: 138638K->818K(154880K), 0.0020430 secs] 257227K->119408K(498944K), 0.0021106 secs] [Times: user=0.01 sys=0.01, real=0.01 secs]
         vmop                    [threads: total initially_running wait_to_block]    [time: spin block sync cleanup vmop] page_trap_count
37.467: GenCollectForAllocation          [      33          0              0    ]      [     0     0     0     0     2    ]  0
2017-11-22T07:07:11.563+0800: 37.470: Total time for which application threads were stopped: 0.0023635 seconds, Stopping threads took: 0.0000576 seconds
         vmop                    [threads: total initially_running wait_to_block]    [time: spin block sync cleanup vmop] page_trap_count
37.530: RevokeBias                       [      33          0              0    ]      [     0     0     0     0     0    ]  0
2017-11-22T07:07:11.623+0800: 37.530: Total time for which application threads were stopped: 0.0002045 seconds, Stopping threads took: 0.0000632 seconds
         vmop                    [threads: total initially_running wait_to_block]    [time: spin block sync cleanup vmop] page_trap_count
38.530: no vm operation                  [      33          0              0    ]      [     0     0     0     0     0    ]  0
2017-11-22T07:07:12.623+0800: 38.530: Total time for which application threads were stopped: 0.0001799 seconds, Stopping threads took: 0.0000424 seconds
         vmop                    [threads: total initially_running wait_to_block]    [time: spin block sync cleanup vmop] page_trap_count
41.464: RevokeBias                       [      33          0              1    ]      [     0     0     0     0     0    ]  0
2017-11-22T07:07:15.557+0800: 41.464: Total time for which application threads were stopped: 0.0003708 seconds, Stopping threads took: 0.0001061 seconds
         vmop                    [threads: total initially_running wait_to_block]    [time: spin block sync cleanup vmop] page_trap_count
41.464: RevokeBias                       [      33          0              2    ]      [     0     0     0     0     0    ]  0
2017-11-22T07:07:15.558+0800: 41.464: Total time for which application threads were stopped: 0.0003471 seconds, Stopping threads took: 0.0001880 seconds
2017-11-22T07:07:15.960+0800: 41.867: [GC (Allocation Failure) 2017-11-22T07:07:15.960+0800: 41.867: [ParNew: 138546K->4529K(154880K), 0.0035775 secs] 257136K->123137K(498944K), 0.0036601 secs] [Times: user=0.01 sys=0.00, real=0.01 secs]
         vmop                    [threads: total initially_running wait_to_block]    [time: spin block sync cleanup vmop] page_trap_count
41.867: GenCollectForAllocation          [      33          0              0    ]      [     0     0     0     0     3    ]  0
2017-11-22T07:07:15.964+0800: 41.870: Total time for which application threads were stopped: 0.0039884 seconds, Stopping threads took: 0.0000554 seconds
2017-11-22T07:07:16.625+0800: 42.532: [GC (Allocation Failure) 2017-11-22T07:07:16.625+0800: 42.532: [ParNew: 142257K->4890K(154880K), 0.0020555 secs] 260865K->123499K(498944K), 0.0021249 secs] [Times: user=0.01 sys=0.00, real=0.00 secs]
         vmop                    [threads: total initially_running wait_to_block]    [time: spin block sync cleanup vmop] page_trap_count
42.532: GenCollectForAllocation          [      33          0              0    ]      [     0     0     0     0     2    ]  0
2017-11-22T07:07:16.627+0800: 42.534: Total time for which application threads were stopped: 0.0024442 seconds, Stopping threads took: 0.0000871 seconds
2017-11-22T07:07:16.993+0800: 42.900: [GC (Allocation Failure) 2017-11-22T07:07:16.993+0800: 42.900: [ParNew: 142618K->5187K(154880K), 0.0028799 secs] 261227K->123796K(498944K), 0.0029482 secs] [Times: user=0.01 sys=0.00, real=0.01 secs]
         vmop                    [threads: total initially_running wait_to_block]    [time: spin block sync cleanup vmop] page_trap_count
42.899: GenCollectForAllocation          [      33          0              0    ]      [     0     0     0     0     3    ]  0
2017-11-22T07:07:16.996+0800: 42.903: Total time for which application threads were stopped: 0.0032148 seconds, Stopping threads took: 0.0000548 seconds
2017-11-22T07:07:17.367+0800: 43.274: [GC (Allocation Failure) 2017-11-22T07:07:17.368+0800: 43.274: [ParNew: 142915K->5194K(154880K), 0.0026587 secs] 261524K->123803K(498944K), 0.0027524 secs] [Times: user=0.01 sys=0.01, real=0.00 secs]
         vmop                    [threads: total initially_running wait_to_block]    [time: spin block sync cleanup vmop] page_trap_count
43.274: GenCollectForAllocation          [      33          0              0    ]      [     0     0     0     0     2    ]  0
2017-11-22T07:07:17.370+0800: 43.277: Total time for which application threads were stopped: 0.0030589 seconds, Stopping threads took: 0.0000594 seconds
2017-11-22T07:07:17.758+0800: 43.665: [GC (Allocation Failure) 2017-11-22T07:07:17.759+0800: 43.666: [ParNew: 142922K->5487K(154880K), 0.0028563 secs] 261531K->124097K(498944K), 0.0029818 secs] [Times: user=0.01 sys=0.00, real=0.01 secs]
         vmop                    [threads: total initially_running wait_to_block]    [time: spin block sync cleanup vmop] page_trap_count
43.665: GenCollectForAllocation          [      33          0              0    ]      [     0     0     0     0     3    ]  0
2017-11-22T07:07:17.761+0800: 43.668: Total time for which application threads were stopped: 0.0033125 seconds, Stopping threads took: 0.0000874 seconds
2017-11-22T07:07:18.147+0800: 44.054: [GC (Allocation Failure) 2017-11-22T07:07:18.147+0800: 44.054: [ParNew: 143215K->6700K(154880K), 0.0020738 secs] 261825K->125309K(498944K), 0.0021437 secs] [Times: user=0.01 sys=0.00, real=0.00 secs]
         vmop                    [threads: total initially_running wait_to_block]    [time: spin block sync cleanup vmop] page_trap_count
44.054: GenCollectForAllocation          [      33          0              0    ]      [     0     0     0     0     2    ]  0
2017-11-22T07:07:18.150+0800: 44.057: Total time for which application threads were stopped: 0.0023991 seconds, Stopping threads took: 0.0000543 seconds
2017-11-22T07:07:18.609+0800: 44.516: [GC (Allocation Failure) 2017-11-22T07:07:18.609+0800: 44.516: [ParNew: 144428K->4202K(154880K), 0.0038744 secs] 263037K->126400K(498944K), 0.0039441 secs] [Times: user=0.01 sys=0.00, real=0.00 secs]
         vmop                    [threads: total initially_running wait_to_block]    [time: spin block sync cleanup vmop] page_trap_count
44.515: GenCollectForAllocation          [      33          0              0    ]      [     0     0     0     0     4    ]  0
2017-11-22T07:07:18.613+0800: 44.520: Total time for which application threads were stopped: 0.0042410 seconds, Stopping threads took: 0.0000734 seconds
2017-11-22T07:07:19.010+0800: 44.917: [GC (Allocation Failure) 2017-11-22T07:07:19.010+0800: 44.917: [ParNew: 141930K->1026K(154880K), 0.0021177 secs] 264128K->123224K(498944K), 0.0021902 secs] [Times: user=0.01 sys=0.00, real=0.00 secs]
         vmop                    [threads: total initially_running wait_to_block]    [time: spin block sync cleanup vmop] page_trap_count
44.917: GenCollectForAllocation          [      33          0              0    ]      [     0     0     0     0     2    ]  0
2017-11-22T07:07:19.012+0800: 44.919: Total time for which application threads were stopped: 0.0024663 seconds, Stopping threads took: 0.0000660 seconds
         vmop                    [threads: total initially_running wait_to_block]    [time: spin block sync cleanup vmop] page_trap_count
45.052: RevokeBias                       [      33          0              1    ]      [     0     0     0     0     0    ]  0
2017-11-22T07:07:19.145+0800: 45.052: Total time for which application threads were stopped: 0.0002871 seconds, Stopping threads took: 0.0001320 seconds
2017-11-22T07:07:19.568+0800: 45.475: [GC (Allocation Failure) 2017-11-22T07:07:19.568+0800: 45.475: [ParNew: 138754K->742K(154880K), 0.0021619 secs] 260952K->122940K(498944K), 0.0022163 secs] [Times: user=0.01 sys=0.00, real=0.00 secs]
         vmop                    [threads: total initially_running wait_to_block]    [time: spin block sync cleanup vmop] page_trap_count
45.475: GenCollectForAllocation          [      33          0              0    ]      [     0     0     0     0     2    ]  0
2017-11-22T07:07:19.570+0800: 45.477: Total time for which application threads were stopped: 0.0024669 seconds, Stopping threads took: 0.0000594 seconds
2017-11-22T07:07:20.036+0800: 45.943: [GC (Allocation Failure) 2017-11-22T07:07:20.036+0800: 45.943: [ParNew: 138470K->861K(154880K), 0.0020656 secs] 260668K->123059K(498944K), 0.0021270 secs] [Times: user=0.01 sys=0.00, real=0.00 secs]
         vmop                    [threads: total initially_running wait_to_block]    [time: spin block sync cleanup vmop] page_trap_count
45.943: GenCollectForAllocation          [      33          0              0    ]      [     0     0     0     0     2    ]  0
2017-11-22T07:07:20.038+0800: 45.945: Total time for which application threads were stopped: 0.0023809 seconds, Stopping threads took: 0.0000472 seconds
2017-11-22T07:07:20.716+0800: 46.623: [GC (Allocation Failure) 2017-11-22T07:07:20.716+0800: 46.623: [ParNew: 138589K->567K(154880K), 0.0018674 secs] 260787K->122765K(498944K), 0.0019393 secs] [Times: user=0.01 sys=0.00, real=0.00 secs]
         vmop                    [threads: total initially_running wait_to_block]    [time: spin block sync cleanup vmop] page_trap_count
46.622: GenCollectForAllocation          [      33          0              0    ]      [     0     0     0     0     2    ]  0
2017-11-22T07:07:20.718+0800: 46.625: Total time for which application threads were stopped: 0.0021965 seconds, Stopping threads took: 0.0000545 seconds
2017-11-22T07:07:21.180+0800: 47.087: [GC (Allocation Failure) 2017-11-22T07:07:21.180+0800: 47.087: [ParNew: 138295K->786K(154880K), 0.0019265 secs] 260493K->122984K(498944K), 0.0020016 secs] [Times: user=0.01 sys=0.00, real=0.01 secs]
         vmop                    [threads: total initially_running wait_to_block]    [time: spin block sync cleanup vmop] page_trap_count
47.087: GenCollectForAllocation          [      33          0              0    ]      [     0     0     0     0     2    ]  0
2017-11-22T07:07:21.182+0800: 47.089: Total time for which application threads were stopped: 0.0022630 seconds, Stopping threads took: 0.0000579 seconds
2017-11-22T07:07:21.727+0800: 47.634: [GC (Allocation Failure) 2017-11-22T07:07:21.727+0800: 47.634: [ParNew: 138514K->707K(154880K), 0.0060171 secs] 260712K->122905K(498944K), 0.0060938 secs] [Times: user=0.03 sys=0.00, real=0.01 secs]
         vmop                    [threads: total initially_running wait_to_block]    [time: spin block sync cleanup vmop] page_trap_count
47.634: GenCollectForAllocation          [      33          0              0    ]      [     0     0     0     0     6    ]  0
2017-11-22T07:07:21.733+0800: 47.640: Total time for which application threads were stopped: 0.0063578 seconds, Stopping threads took: 0.0000530 seconds
2017-11-22T07:07:22.321+0800: 48.228: [GC (Allocation Failure) 2017-11-22T07:07:22.321+0800: 48.228: [ParNew: 138435K->744K(154880K), 0.0024230 secs] 260633K->122943K(498944K), 0.0025017 secs] [Times: user=0.01 sys=0.00, real=0.01 secs]
         vmop                    [threads: total initially_running wait_to_block]    [time: spin block sync cleanup vmop] page_trap_count
48.227: GenCollectForAllocation          [      33          0              0    ]      [     0     0     0     0     2    ]  0
2017-11-22T07:07:22.323+0800: 48.230: Total time for which application threads were stopped: 0.0027905 seconds, Stopping threads took: 0.0000578 seconds
2017-11-22T07:07:22.844+0800: 48.751: [GC (Allocation Failure) 2017-11-22T07:07:22.844+0800: 48.751: [ParNew: 138472K->656K(154880K), 0.0027702 secs] 260671K->122857K(498944K), 0.0028531 secs] [Times: user=0.01 sys=0.00, real=0.00 secs]
         vmop                    [threads: total initially_running wait_to_block]    [time: spin block sync cleanup vmop] page_trap_count
48.751: GenCollectForAllocation          [      33          0              0    ]      [     0     0     0     0     2    ]  0
2017-11-22T07:07:22.847+0800: 48.754: Total time for which application threads were stopped: 0.0033487 seconds, Stopping threads took: 0.0002190 seconds
         vmop                    [threads: total initially_running wait_to_block]    [time: spin block sync cleanup vmop] page_trap_count
49.020: RevokeBias                       [      33          0              0    ]      [     0     0     0     0     0    ]  0
2017-11-22T07:07:23.113+0800: 49.020: Total time for which application threads were stopped: 0.0002133 seconds, Stopping threads took: 0.0000525 seconds
         vmop                    [threads: total initially_running wait_to_block]    [time: spin block sync cleanup vmop] page_trap_count
50.020: no vm operation                  [      33          0              0    ]      [     0     0     0     0     0    ]  0
2017-11-22T07:07:24.113+0800: 50.020: Total time for which application threads were stopped: 0.0002153 seconds, Stopping threads took: 0.0000429 seconds
         vmop                    [threads: total initially_running wait_to_block]    [time: spin block sync cleanup vmop] page_trap_count
50.252: RevokeBias                       [      33          0              1    ]      [     0     0     0     0     0    ]  0
2017-11-22T07:07:24.345+0800: 50.252: Total time for which application threads were stopped: 0.0003190 seconds, Stopping threads took: 0.0001427 seconds
         vmop                    [threads: total initially_running wait_to_block]    [time: spin block sync cleanup vmop] page_trap_count
50.255: RevokeBias                       [      33          0              0    ]      [     0     0     0     0     0    ]  0
2017-11-22T07:07:24.348+0800: 50.255: Total time for which application threads were stopped: 0.0002966 seconds, Stopping threads took: 0.0001926 seconds
         vmop                    [threads: total initially_running wait_to_block]    [time: spin block sync cleanup vmop] page_trap_count
50.255: RevokeBias                       [      33          0              1    ]      [     0     0     0     0     0    ]  0
2017-11-22T07:07:24.349+0800: 50.256: Total time for which application threads were stopped: 0.0001610 seconds, Stopping threads took: 0.0000751 seconds
         vmop                    [threads: total initially_running wait_to_block]    [time: spin block sync cleanup vmop] page_trap_count
50.256: RevokeBias                       [      33          0              0    ]      [     0     0     0     0     0    ]  0
2017-11-22T07:07:24.350+0800: 50.257: Total time for which application threads were stopped: 0.0001209 seconds, Stopping threads took: 0.0000359 seconds
         vmop                    [threads: total initially_running wait_to_block]    [time: spin block sync cleanup vmop] page_trap_count
50.260: RevokeBias                       [      33          1              0    ]      [     0     0     0     0     0    ]  0
2017-11-22T07:07:24.353+0800: 50.260: Total time for which application threads were stopped: 0.0001686 seconds, Stopping threads took: 0.0000601 seconds
         vmop                    [threads: total initially_running wait_to_block]    [time: spin block sync cleanup vmop] page_trap_count
50.262: RevokeBias                       [      33          0              1    ]      [     0     0     0     0     0    ]  0
2017-11-22T07:07:24.355+0800: 50.262: Total time for which application threads were stopped: 0.0002070 seconds, Stopping threads took: 0.0000901 seconds
         vmop                    [threads: total initially_running wait_to_block]    [time: spin block sync cleanup vmop] page_trap_count
50.271: RevokeBias                       [      33          0              1    ]      [     0     0     0     0     0    ]  0
2017-11-22T07:07:24.364+0800: 50.271: Total time for which application threads were stopped: 0.0003083 seconds, Stopping threads took: 0.0001277 seconds
         vmop                    [threads: total initially_running wait_to_block]    [time: spin block sync cleanup vmop] page_trap_count
50.273: RevokeBias                       [      33          1              1    ]      [     0     0     0     0     0    ]  0
2017-11-22T07:07:24.366+0800: 50.273: Total time for which application threads were stopped: 0.0001881 seconds, Stopping threads took: 0.0000656 seconds
         vmop                    [threads: total initially_running wait_to_block]    [time: spin block sync cleanup vmop] page_trap_count
50.273: RevokeBias                       [      33          0              1    ]      [     0     0     0     0     0    ]  0
2017-11-22T07:07:24.367+0800: 50.274: Total time for which application threads were stopped: 0.0002005 seconds, Stopping threads took: 0.0000747 seconds
         vmop                    [threads: total initially_running wait_to_block]    [time: spin block sync cleanup vmop] page_trap_count
50.274: RevokeBias                       [      33          0              1    ]      [     0     0     0     0     0    ]  0
2017-11-22T07:07:24.368+0800: 50.275: Total time for which application threads were stopped: 0.0001789 seconds, Stopping threads took: 0.0000860 seconds
         vmop                    [threads: total initially_running wait_to_block]    [time: spin block sync cleanup vmop] page_trap_count
50.277: RevokeBias                       [      33          0              0    ]      [     0     0     0     0     0    ]  0
2017-11-22T07:07:24.371+0800: 50.278: Total time for which application threads were stopped: 0.0001930 seconds, Stopping threads took: 0.0000703 seconds
         vmop                    [threads: total initially_running wait_to_block]    [time: spin block sync cleanup vmop] page_trap_count
50.279: RevokeBias                       [      33          0              0    ]      [     0     0     0     0     0    ]  0
2017-11-22T07:07:24.372+0800: 50.279: Total time for which application threads were stopped: 0.0001517 seconds, Stopping threads took: 0.0000369 seconds
         vmop                    [threads: total initially_running wait_to_block]    [time: spin block sync cleanup vmop] page_trap_count
50.297: BulkRevokeBias                   [      33          0              1    ]      [     0     0     0     0     0    ]  0
2017-11-22T07:07:24.390+0800: 50.297: Total time for which application threads were stopped: 0.0003645 seconds, Stopping threads took: 0.0001070 seconds
2017-11-22T07:07:25.259+0800: 51.166: [GC (Allocation Failure) 2017-11-22T07:07:25.259+0800: 51.166: [ParNew: 138384K->4363K(154880K), 0.0024114 secs] 260585K->126563K(498944K), 0.0024905 secs] [Times: user=0.01 sys=0.00, real=0.01 secs]
         vmop                    [threads: total initially_running wait_to_block]    [time: spin block sync cleanup vmop] page_trap_count
51.166: GenCollectForAllocation          [      33          0              0    ]      [     0     0     0     0     2    ]  0
2017-11-22T07:07:25.262+0800: 51.169: Total time for which application threads were stopped: 0.0028509 seconds, Stopping threads took: 0.0000526 seconds
         vmop                    [threads: total initially_running wait_to_block]    [time: spin block sync cleanup vmop] page_trap_count
51.169: RevokeBias                       [      33          0              1    ]      [     0     0     0     0     0    ]  0
2017-11-22T07:07:25.262+0800: 51.169: Total time for which application threads were stopped: 0.0001911 seconds, Stopping threads took: 0.0000667 seconds
         vmop                    [threads: total initially_running wait_to_block]    [time: spin block sync cleanup vmop] page_trap_count
51.169: RevokeBias                       [      33          0              0    ]      [     0     0     0     0     0    ]  0
2017-11-22T07:07:25.262+0800: 51.169: Total time for which application threads were stopped: 0.0001054 seconds, Stopping threads took: 0.0000310 seconds
         vmop                    [threads: total initially_running wait_to_block]    [time: spin block sync cleanup vmop] page_trap_count
51.169: RevokeBias                       [      33          0              0    ]      [     0     0     0     0     0    ]  0
2017-11-22T07:07:25.262+0800: 51.169: Total time for which application threads were stopped: 0.0001008 seconds, Stopping threads took: 0.0000275 seconds
         vmop                    [threads: total initially_running wait_to_block]    [time: spin block sync cleanup vmop] page_trap_count
51.170: RevokeBias                       [      33          0              0    ]      [     0     0     0     0     0    ]  0
2017-11-22T07:07:25.263+0800: 51.170: Total time for which application threads were stopped: 0.0001013 seconds, Stopping threads took: 0.0000334 seconds
         vmop                    [threads: total initially_running wait_to_block]    [time: spin block sync cleanup vmop] page_trap_count
51.170: RevokeBias                       [      33          0              0    ]      [     0     0     0     0     0    ]  0
2017-11-22T07:07:25.263+0800: 51.170: Total time for which application threads were stopped: 0.0000864 seconds, Stopping threads took: 0.0000257 seconds
         vmop                    [threads: total initially_running wait_to_block]    [time: spin block sync cleanup vmop] page_trap_count
51.170: RevokeBias                       [      33          0              1    ]      [     0     0     0     0     0    ]  0
2017-11-22T07:07:25.263+0800: 51.170: Total time for which application threads were stopped: 0.0001718 seconds, Stopping threads took: 0.0000725 seconds
         vmop                    [threads: total initially_running wait_to_block]    [time: spin block sync cleanup vmop] page_trap_count
51.170: RevokeBias                       [      33          0              0    ]      [     0     0     0     0     0    ]  0
2017-11-22T07:07:25.263+0800: 51.170: Total time for which application threads were stopped: 0.0001046 seconds, Stopping threads took: 0.0000292 seconds
         vmop                    [threads: total initially_running wait_to_block]    [time: spin block sync cleanup vmop] page_trap_count
51.170: RevokeBias                       [      33          0              0    ]      [     0     0     0     0     0    ]  0
2017-11-22T07:07:25.264+0800: 51.170: Total time for which application threads were stopped: 0.0001387 seconds, Stopping threads took: 0.0000463 seconds
         vmop                    [threads: total initially_running wait_to_block]    [time: spin block sync cleanup vmop] page_trap_count
51.171: RevokeBias                       [      33          0              0    ]      [     0     0     0     0     0    ]  0
2017-11-22T07:07:25.264+0800: 51.171: Total time for which application threads were stopped: 0.0000935 seconds, Stopping threads took: 0.0000232 seconds
         vmop                    [threads: total initially_running wait_to_block]    [time: spin block sync cleanup vmop] page_trap_count
51.171: RevokeBias                       [      33          0              1    ]      [     0     0     0     0     0    ]  0
2017-11-22T07:07:25.264+0800: 51.171: Total time for which application threads were stopped: 0.0001554 seconds, Stopping threads took: 0.0000771 seconds
         vmop                    [threads: total initially_running wait_to_block]    [time: spin block sync cleanup vmop] page_trap_count
51.171: RevokeBias                       [      33          0              0    ]      [     0     0     0     0     0    ]  0
2017-11-22T07:07:25.264+0800: 51.171: Total time for which application threads were stopped: 0.0001111 seconds, Stopping threads took: 0.0000310 seconds
         vmop                    [threads: total initially_running wait_to_block]    [time: spin block sync cleanup vmop] page_trap_count
51.171: RevokeBias                       [      33          0              0    ]      [     0     0     0     0     0    ]  0
2017-11-22T07:07:25.264+0800: 51.171: Total time for which application threads were stopped: 0.0000882 seconds, Stopping threads took: 0.0000226 seconds
         vmop                    [threads: total initially_running wait_to_block]    [time: spin block sync cleanup vmop] page_trap_count
51.171: RevokeBias                       [      33          0              0    ]      [     0     0     0     0     0    ]  0
2017-11-22T07:07:25.264+0800: 51.171: Total time for which application threads were stopped: 0.0000904 seconds, Stopping threads took: 0.0000271 seconds
         vmop                    [threads: total initially_running wait_to_block]    [time: spin block sync cleanup vmop] page_trap_count
51.171: RevokeBias                       [      33          0              0    ]      [     0     0     0     0     0    ]  0
2017-11-22T07:07:25.265+0800: 51.172: Total time for which application threads were stopped: 0.0000928 seconds, Stopping threads took: 0.0000278 seconds
         vmop                    [threads: total initially_running wait_to_block]    [time: spin block sync cleanup vmop] page_trap_count
51.172: RevokeBias                       [      33          0              0    ]      [     0     0     0     0     0    ]  0
2017-11-22T07:07:25.265+0800: 51.172: Total time for which application threads were stopped: 0.0001114 seconds, Stopping threads took: 0.0000229 seconds
         vmop                    [threads: total initially_running wait_to_block]    [time: spin block sync cleanup vmop] page_trap_count
51.172: RevokeBias                       [      33          0              0    ]      [     0     0     0     0     0    ]  0
2017-11-22T07:07:25.265+0800: 51.172: Total time for which application threads were stopped: 0.0001114 seconds, Stopping threads took: 0.0000302 seconds
         vmop                    [threads: total initially_running wait_to_block]    [time: spin block sync cleanup vmop] page_trap_count
51.172: RevokeBias                       [      33          0              0    ]      [     0     0     0     0     0    ]  0
2017-11-22T07:07:25.265+0800: 51.172: Total time for which application threads were stopped: 0.0000849 seconds, Stopping threads took: 0.0000241 seconds
         vmop                    [threads: total initially_running wait_to_block]    [time: spin block sync cleanup vmop] page_trap_count
51.172: RevokeBias                       [      33          0              0    ]      [     0     0     0     0     0    ]  0
2017-11-22T07:07:25.265+0800: 51.172: Total time for which application threads were stopped: 0.0000846 seconds, Stopping threads took: 0.0000248 seconds
         vmop                    [threads: total initially_running wait_to_block]    [time: spin block sync cleanup vmop] page_trap_count
51.172: RevokeBias                       [      33          0              0    ]      [     0     0     0     0     0    ]  0
2017-11-22T07:07:25.266+0800: 51.173: Total time for which application threads were stopped: 0.0001654 seconds, Stopping threads took: 0.0000834 seconds
         vmop                    [threads: total initially_running wait_to_block]    [time: spin block sync cleanup vmop] page_trap_count
51.173: BulkRevokeBias                   [      33          0              0    ]      [     0     0     0     0     0    ]  0
2017-11-22T07:07:25.266+0800: 51.173: Total time for which application threads were stopped: 0.0002580 seconds, Stopping threads took: 0.0000536 seconds
2017-11-22T07:07:25.904+0800: 51.810: [GC (Allocation Failure) 2017-11-22T07:07:25.904+0800: 51.811: [ParNew: 142091K->4397K(154880K), 0.0020824 secs] 264291K->126597K(498944K), 0.0021546 secs] [Times: user=0.01 sys=0.00, real=0.00 secs]
         vmop                    [threads: total initially_running wait_to_block]    [time: spin block sync cleanup vmop] page_trap_count
51.810: GenCollectForAllocation          [      33          0              0    ]      [     0     0     0     0     2    ]  0
2017-11-22T07:07:25.906+0800: 51.813: Total time for which application threads were stopped: 0.0026198 seconds, Stopping threads took: 0.0001361 seconds
2017-11-22T07:07:26.477+0800: 52.384: [GC (Allocation Failure) 2017-11-22T07:07:26.477+0800: 52.384: [ParNew: 142125K->4877K(154880K), 0.0017152 secs] 264325K->127077K(498944K), 0.0018015 secs] [Times: user=0.01 sys=0.00, real=0.00 secs]
         vmop                    [threads: total initially_running wait_to_block]    [time: spin block sync cleanup vmop] page_trap_count
52.384: GenCollectForAllocation          [      33          0              0    ]      [     0     0     0     0     1    ]  0
2017-11-22T07:07:26.479+0800: 52.386: Total time for which application threads were stopped: 0.0021319 seconds, Stopping threads took: 0.0000767 seconds
2017-11-22T07:07:27.000+0800: 52.907: [GC (Allocation Failure) 2017-11-22T07:07:27.000+0800: 52.907: [ParNew: 142605K->5638K(154880K), 0.0017111 secs] 264805K->127838K(498944K), 0.0017839 secs] [Times: user=0.01 sys=0.00, real=0.01 secs]
         vmop                    [threads: total initially_running wait_to_block]    [time: spin block sync cleanup vmop] page_trap_count
52.907: GenCollectForAllocation          [      33          0              0    ]      [     0     0     0     0     1    ]  0
2017-11-22T07:07:27.002+0800: 52.909: Total time for which application threads were stopped: 0.0021915 seconds, Stopping threads took: 0.0000641 seconds
2017-11-22T07:07:27.558+0800: 53.465: [GC (Allocation Failure) 2017-11-22T07:07:27.558+0800: 53.465: [ParNew: 143366K->5281K(154880K), 0.0018003 secs] 265566K->127482K(498944K), 0.0018703 secs] [Times: user=0.01 sys=0.00, real=0.00 secs]
         vmop                    [threads: total initially_running wait_to_block]    [time: spin block sync cleanup vmop] page_trap_count
53.465: GenCollectForAllocation          [      33          0              0    ]      [     0     0     0     0     1    ]  0
2017-11-22T07:07:27.561+0800: 53.468: Total time for which application threads were stopped: 0.0034332 seconds, Stopping threads took: 0.0000669 seconds
2017-11-22T07:07:28.332+0800: 54.239: [GC (Allocation Failure) 2017-11-22T07:07:28.333+0800: 54.239: [ParNew: 143009K->6014K(154880K), 0.0025195 secs] 265210K->128215K(498944K), 0.0025935 secs] [Times: user=0.00 sys=0.01, real=0.01 secs]
         vmop                    [threads: total initially_running wait_to_block]    [time: spin block sync cleanup vmop] page_trap_count
54.239: GenCollectForAllocation          [      33          0              0    ]      [     0     0     0     0     2    ]  0
2017-11-22T07:07:28.335+0800: 54.242: Total time for which application threads were stopped: 0.0028821 seconds, Stopping threads took: 0.0000632 seconds
         vmop                    [threads: total initially_running wait_to_block]    [time: spin block sync cleanup vmop] page_trap_count
55.051: RevokeBias                       [      33          0              0    ]      [     0     0     0     0     0    ]  0
2017-11-22T07:07:29.144+0800: 55.051: Total time for which application threads were stopped: 0.0002599 seconds, Stopping threads took: 0.0000572 seconds
         vmop                    [threads: total initially_running wait_to_block]    [time: spin block sync cleanup vmop] page_trap_count
55.052: RevokeBias                       [      33          0              1    ]      [     0     0     0     0     0    ]  0
2017-11-22T07:07:29.145+0800: 55.052: Total time for which application threads were stopped: 0.0002607 seconds, Stopping threads took: 0.0001410 seconds
2017-11-22T07:07:29.228+0800: 55.135: [GC (Allocation Failure) 2017-11-22T07:07:29.228+0800: 55.135: [ParNew: 143742K->4045K(154880K), 0.0248019 secs] 265943K->130103K(498944K), 0.0248898 secs] [Times: user=0.10 sys=0.01, real=0.03 secs]
         vmop                    [threads: total initially_running wait_to_block]    [time: spin block sync cleanup vmop] page_trap_count
55.135: GenCollectForAllocation          [      33          0              0    ]      [     0     0     0     0    24    ]  0
2017-11-22T07:07:29.253+0800: 55.160: Total time for which application threads were stopped: 0.0252019 seconds, Stopping threads took: 0.0000563 seconds
2017-11-22T07:07:30.037+0800: 55.944: [GC (Allocation Failure) 2017-11-22T07:07:30.037+0800: 55.944: [ParNew: 141773K->1046K(154880K), 0.0014897 secs] 267831K->127104K(498944K), 0.0015632 secs] [Times: user=0.01 sys=0.00, real=0.00 secs]
         vmop                    [threads: total initially_running wait_to_block]    [time: spin block sync cleanup vmop] page_trap_count
55.944: GenCollectForAllocation          [      33          0              0    ]      [     0     0     0     0     1    ]  0
2017-11-22T07:07:30.039+0800: 55.946: Total time for which application threads were stopped: 0.0019513 seconds, Stopping threads took: 0.0000770 seconds
2017-11-22T07:07:30.756+0800: 56.663: [GC (Allocation Failure) 2017-11-22T07:07:30.756+0800: 56.663: [ParNew: 138774K->407K(154880K), 0.0015786 secs] 264832K->126465K(498944K), 0.0016504 secs] [Times: user=0.01 sys=0.00, real=0.00 secs]
         vmop                    [threads: total initially_running wait_to_block]    [time: spin block sync cleanup vmop] page_trap_count
56.663: GenCollectForAllocation          [      33          0              0    ]      [     0     0     0     0     1    ]  0
2017-11-22T07:07:30.758+0800: 56.665: Total time for which application threads were stopped: 0.0019322 seconds, Stopping threads took: 0.0000633 seconds
2017-11-22T07:07:31.591+0800: 57.498: [GC (Allocation Failure) 2017-11-22T07:07:31.591+0800: 57.498: [ParNew: 138135K->334K(154880K), 0.0014403 secs] 264193K->126392K(498944K), 0.0015118 secs] [Times: user=0.01 sys=0.00, real=0.00 secs]
         vmop                    [threads: total initially_running wait_to_block]    [time: spin block sync cleanup vmop] page_trap_count
57.497: GenCollectForAllocation          [      33          0              0    ]      [     0     0     0     0     1    ]  0
2017-11-22T07:07:31.592+0800: 57.499: Total time for which application threads were stopped: 0.0017755 seconds, Stopping threads took: 0.0000494 seconds
2017-11-22T07:07:32.191+0800: 58.098: [GC (Allocation Failure) 2017-11-22T07:07:32.191+0800: 58.098: [ParNew: 138062K->378K(154880K), 0.0014470 secs] 264120K->126436K(498944K), 0.0015235 secs] [Times: user=0.01 sys=0.00, real=0.01 secs]
         vmop                    [threads: total initially_running wait_to_block]    [time: spin block sync cleanup vmop] page_trap_count
58.098: GenCollectForAllocation          [      33          0              0    ]      [     0     0     0     0     1    ]  0
2017-11-22T07:07:32.193+0800: 58.100: Total time for which application threads were stopped: 0.0018626 seconds, Stopping threads took: 0.0000951 seconds
2017-11-22T07:07:33.235+0800: 59.142: [GC (Allocation Failure) 2017-11-22T07:07:33.235+0800: 59.142: [ParNew: 138106K->359K(154880K), 0.0015845 secs] 264164K->126417K(498944K), 0.0016594 secs] [Times: user=0.01 sys=0.00, real=0.00 secs]
         vmop                    [threads: total initially_running wait_to_block]    [time: spin block sync cleanup vmop] page_trap_count
59.142: GenCollectForAllocation          [      33          0              0    ]      [     0     0     0     0     1    ]  0
2017-11-22T07:07:33.237+0800: 59.143: Total time for which application threads were stopped: 0.0019669 seconds, Stopping threads took: 0.0000518 seconds
2017-11-22T07:07:34.148+0800: 60.055: [GC (Allocation Failure) 2017-11-22T07:07:34.148+0800: 60.055: [ParNew: 138087K->343K(154880K), 0.0021359 secs] 264145K->126404K(498944K), 0.0021945 secs] [Times: user=0.01 sys=0.00, real=0.00 secs]
         vmop                    [threads: total initially_running wait_to_block]    [time: spin block sync cleanup vmop] page_trap_count
60.055: GenCollectForAllocation          [      33          0              0    ]      [     0     0     0     0     2    ]  0
2017-11-22T07:07:34.150+0800: 60.057: Total time for which application threads were stopped: 0.0024244 seconds, Stopping threads took: 0.0000329 seconds
2017-11-22T07:07:34.952+0800: 60.859: [GC (Allocation Failure) 2017-11-22T07:07:34.952+0800: 60.859: [ParNew: 138071K->253K(154880K), 0.0018362 secs] 264132K->126316K(498944K), 0.0019183 secs] [Times: user=0.01 sys=0.00, real=0.01 secs]
         vmop                    [threads: total initially_running wait_to_block]    [time: spin block sync cleanup vmop] page_trap_count
60.859: GenCollectForAllocation          [      32          0              0    ]      [     0     0     0     0     1    ]  0
2017-11-22T07:07:34.954+0800: 60.861: Total time for which application threads were stopped: 0.0022106 seconds, Stopping threads took: 0.0000543 seconds
2017-11-22T07:07:35.750+0800: 61.657: [GC (Allocation Failure) 2017-11-22T07:07:35.750+0800: 61.657: [ParNew: 137981K->277K(154880K), 0.0019839 secs] 264044K->126340K(498944K), 0.0020537 secs] [Times: user=0.01 sys=0.00, real=0.00 secs]
         vmop                    [threads: total initially_running wait_to_block]    [time: spin block sync cleanup vmop] page_trap_count
61.656: GenCollectForAllocation          [      32          0              0    ]      [     0     0     0     0     2    ]  0
2017-11-22T07:07:35.752+0800: 61.659: Total time for which application threads were stopped: 0.0023885 seconds, Stopping threads took: 0.0000528 seconds
2017-11-22T07:07:36.782+0800: 62.689: [GC (Allocation Failure) 2017-11-22T07:07:36.782+0800: 62.689: [ParNew: 138005K->280K(154880K), 0.0017517 secs] 264068K->126344K(498944K), 0.0018259 secs] [Times: user=0.01 sys=0.00, real=0.00 secs]
         vmop                    [threads: total initially_running wait_to_block]    [time: spin block sync cleanup vmop] page_trap_count
62.689: GenCollectForAllocation          [      30          0              0    ]      [     0     0     0     0     1    ]  0
2017-11-22T07:07:36.784+0800: 62.691: Total time for which application threads were stopped: 0.0020909 seconds, Stopping threads took: 0.0000588 seconds
2017-11-22T07:07:37.557+0800: 63.464: [GC (Allocation Failure) 2017-11-22T07:07:37.557+0800: 63.464: [ParNew: 138008K->317K(154880K), 0.0021591 secs] 264072K->126381K(498944K), 0.0022439 secs] [Times: user=0.01 sys=0.00, real=0.00 secs]
         vmop                    [threads: total initially_running wait_to_block]    [time: spin block sync cleanup vmop] page_trap_count
63.464: GenCollectForAllocation          [      29          0              0    ]      [     0     0     0     0     2    ]  0
2017-11-22T07:07:37.560+0800: 63.467: Total time for which application threads were stopped: 0.0025237 seconds, Stopping threads took: 0.0000535 seconds
         vmop                    [threads: total initially_running wait_to_block]    [time: spin block sync cleanup vmop] page_trap_count
63.904: RevokeBias                       [      29          0              0    ]      [     0     0     0     0     0    ]  0
2017-11-22T07:07:37.997+0800: 63.904: Total time for which application threads were stopped: 0.0002079 seconds, Stopping threads took: 0.0000506 seconds
         vmop                    [threads: total initially_running wait_to_block]    [time: spin block sync cleanup vmop] page_trap_count
63.904: RevokeBias                       [      29          0              0    ]      [     0     0     0     0     0    ]  0
2017-11-22T07:07:37.997+0800: 63.904: Total time for which application threads were stopped: 0.0000915 seconds, Stopping threads took: 0.0000249 seconds
         vmop                    [threads: total initially_running wait_to_block]    [time: spin block sync cleanup vmop] page_trap_count
64.904: no vm operation                  [      29          0              0    ]      [     0     0     0     0     0    ]  0
2017-11-22T07:07:38.998+0800: 64.905: Total time for which application threads were stopped: 0.0002431 seconds, Stopping threads took: 0.0000656 seconds
         vmop                    [threads: total initially_running wait_to_block]    [time: spin block sync cleanup vmop] page_trap_count
65.051: RevokeBias                       [      29          0              1    ]      [     0     0     0     0     0    ]  0
2017-11-22T07:07:39.145+0800: 65.052: Total time for which application threads were stopped: 0.0003062 seconds, Stopping threads took: 0.0001185 seconds
         vmop                    [threads: total initially_running wait_to_block]    [time: spin block sync cleanup vmop] page_trap_count
65.688: RevokeBias                       [      30          0              0    ]      [     0     0     0     0     0    ]  0
2017-11-22T07:07:39.782+0800: 65.689: Total time for which application threads were stopped: 0.0003108 seconds, Stopping threads took: 0.0000556 seconds
         vmop                    [threads: total initially_running wait_to_block]    [time: spin block sync cleanup vmop] page_trap_count
65.689: RevokeBias                       [      30          0              1    ]      [     0     0     0     0     0    ]  0
2017-11-22T07:07:39.782+0800: 65.689: Total time for which application threads were stopped: 0.0002780 seconds, Stopping threads took: 0.0001456 seconds
2017-11-22T07:07:40.406+0800: 66.313: [GC (Allocation Failure) 2017-11-22T07:07:40.407+0800: 66.313: [ParNew: 138045K->3763K(154880K), 0.0028688 secs] 264109K->129826K(498944K), 0.0029459 secs] [Times: user=0.01 sys=0.00, real=0.00 secs]
         vmop                    [threads: total initially_running wait_to_block]    [time: spin block sync cleanup vmop] page_trap_count
66.313: GenCollectForAllocation          [      30          0              0    ]      [     0     0     0     0     3    ]  0
2017-11-22T07:07:40.409+0800: 66.316: Total time for which application threads were stopped: 0.0031960 seconds, Stopping threads took: 0.0000527 seconds
         vmop                    [threads: total initially_running wait_to_block]    [time: spin block sync cleanup vmop] page_trap_count
67.317: no vm operation                  [      30          0              0    ]      [     0     0     0     0     0    ]  0
2017-11-22T07:07:41.410+0800: 67.317: Total time for which application threads were stopped: 0.0002322 seconds, Stopping threads took: 0.0000544 seconds
2017-11-22T07:07:41.534+0800: 67.441: [GC (Allocation Failure) 2017-11-22T07:07:41.534+0800: 67.441: [ParNew: 141491K->3744K(154880K), 0.0014499 secs] 267554K->129808K(498944K), 0.0016626 secs] [Times: user=0.01 sys=0.00, real=0.00 secs]
         vmop                    [threads: total initially_running wait_to_block]    [time: spin block sync cleanup vmop] page_trap_count
67.440: GenCollectForAllocation          [      30          0              0    ]      [     0     0     0     0     1    ]  0
2017-11-22T07:07:41.535+0800: 67.442: Total time for which application threads were stopped: 0.0019336 seconds, Stopping threads took: 0.0000538 seconds
2017-11-22T07:07:41.915+0800: 67.822: [GC (Allocation Failure) 2017-11-22T07:07:41.915+0800: 67.822: [ParNew: 141472K->3788K(154880K), 0.0018154 secs] 267536K->129851K(498944K), 0.0018891 secs] [Times: user=0.01 sys=0.00, real=0.00 secs]
         vmop                    [threads: total initially_running wait_to_block]    [time: spin block sync cleanup vmop] page_trap_count
67.822: GenCollectForAllocation          [      30          0              0    ]      [     0     0     0     0     1    ]  0
2017-11-22T07:07:41.917+0800: 67.824: Total time for which application threads were stopped: 0.0023317 seconds, Stopping threads took: 0.0000436 seconds
2017-11-22T07:07:42.302+0800: 68.209: [GC (Allocation Failure) 2017-11-22T07:07:42.302+0800: 68.209: [ParNew: 141516K->3734K(154880K), 0.0016873 secs] 267579K->129798K(498944K), 0.0017556 secs] [Times: user=0.01 sys=0.00, real=0.00 secs]
         vmop                    [threads: total initially_running wait_to_block]    [time: spin block sync cleanup vmop] page_trap_count
68.208: GenCollectForAllocation          [      30          0              0    ]      [     0     0     0     0     1    ]  0
2017-11-22T07:07:42.303+0800: 68.210: Total time for which application threads were stopped: 0.0020325 seconds, Stopping threads took: 0.0000598 seconds
2017-11-22T07:07:42.648+0800: 68.555: [GC (Allocation Failure) 2017-11-22T07:07:42.649+0800: 68.556: [ParNew: 141462K->4495K(154880K), 0.0018747 secs] 267526K->130559K(498944K), 0.0019636 secs] [Times: user=0.01 sys=0.00, real=0.00 secs]
         vmop                    [threads: total initially_running wait_to_block]    [time: spin block sync cleanup vmop] page_trap_count
68.555: GenCollectForAllocation          [      30          0              0    ]      [     0     0     0     0     2    ]  0
2017-11-22T07:07:42.651+0800: 68.558: Total time for which application threads were stopped: 0.0023480 seconds, Stopping threads took: 0.0000509 seconds
2017-11-22T07:07:42.989+0800: 68.896: [GC (Allocation Failure) 2017-11-22T07:07:42.989+0800: 68.896: [ParNew: 142223K->4655K(154880K), 0.0017716 secs] 268287K->130719K(498944K), 0.0018437 secs] [Times: user=0.01 sys=0.00, real=0.00 secs]
         vmop                    [threads: total initially_running wait_to_block]    [time: spin block sync cleanup vmop] page_trap_count
68.896: GenCollectForAllocation          [      30          0              0    ]      [     0     0     0     0     1    ]  0
2017-11-22T07:07:42.991+0800: 68.898: Total time for which application threads were stopped: 0.0021176 seconds, Stopping threads took: 0.0000573 seconds
2017-11-22T07:07:43.329+0800: 69.236: [GC (Allocation Failure) 2017-11-22T07:07:43.329+0800: 69.236: [ParNew: 142383K->3448K(154880K), 0.0036402 secs] 268447K->132962K(498944K), 0.0037122 secs] [Times: user=0.01 sys=0.00, real=0.01 secs]
         vmop                    [threads: total initially_running wait_to_block]    [time: spin block sync cleanup vmop] page_trap_count
69.236: GenCollectForAllocation          [      30          0              0    ]      [     0     0     0     0     3    ]  0
2017-11-22T07:07:43.333+0800: 69.240: Total time for which application threads were stopped: 0.0039800 seconds, Stopping threads took: 0.0000524 seconds
2017-11-22T07:07:43.691+0800: 69.598: [GC (Allocation Failure) 2017-11-22T07:07:43.691+0800: 69.598: [ParNew: 141176K->680K(154880K), 0.0125087 secs] 270690K->130194K(498944K), 0.0126099 secs] [Times: user=0.07 sys=0.00, real=0.02 secs]
         vmop                    [threads: total initially_running wait_to_block]    [time: spin block sync cleanup vmop] page_trap_count
69.597: GenCollectForAllocation          [      30          0              0    ]      [     0     0     0     0    12    ]  0
2017-11-22T07:07:43.703+0800: 69.610: Total time for which application threads were stopped: 0.0129434 seconds, Stopping threads took: 0.0000484 seconds
2017-11-22T07:07:44.058+0800: 69.965: [GC (Allocation Failure) 2017-11-22T07:07:44.058+0800: 69.965: [ParNew: 138408K->312K(154880K), 0.0018912 secs] 267922K->129826K(498944K), 0.0019696 secs] [Times: user=0.01 sys=0.00, real=0.00 secs]
         vmop                    [threads: total initially_running wait_to_block]    [time: spin block sync cleanup vmop] page_trap_count
69.964: GenCollectForAllocation          [      30          0              0    ]      [     0     0     0     0     2    ]  0
2017-11-22T07:07:44.060+0800: 69.967: Total time for which application threads were stopped: 0.0022489 seconds, Stopping threads took: 0.0000656 seconds
2017-11-22T07:07:44.517+0800: 70.424: [GC (Allocation Failure) 2017-11-22T07:07:44.517+0800: 70.424: [ParNew: 138040K->285K(154880K), 0.0019113 secs] 267554K->129799K(498944K), 0.0019828 secs] [Times: user=0.00 sys=0.00, real=0.00 secs]
         vmop                    [threads: total initially_running wait_to_block]    [time: spin block sync cleanup vmop] page_trap_count
70.424: GenCollectForAllocation          [      30          0              0    ]      [     0     0     0     0     2    ]  0
2017-11-22T07:07:44.519+0800: 70.426: Total time for which application threads were stopped: 0.0022517 seconds, Stopping threads took: 0.0000503 seconds
2017-11-22T07:07:44.930+0800: 70.837: [GC (Allocation Failure) 2017-11-22T07:07:44.930+0800: 70.837: [ParNew: 138013K->336K(154880K), 0.0058844 secs] 267527K->129851K(498944K), 0.0059559 secs] [Times: user=0.04 sys=0.00, real=0.01 secs]
         vmop                    [threads: total initially_running wait_to_block]    [time: spin block sync cleanup vmop] page_trap_count
70.837: GenCollectForAllocation          [      30          0              0    ]      [     0     0     0     0     6    ]  0
2017-11-22T07:07:44.936+0800: 70.843: Total time for which application threads were stopped: 0.0062349 seconds, Stopping threads took: 0.0000498 seconds
2017-11-22T07:07:45.551+0800: 71.458: [GC (Allocation Failure) 2017-11-22T07:07:45.551+0800: 71.458: [ParNew: 138064K->319K(154880K), 0.0016318 secs] 267579K->129834K(498944K), 0.0017057 secs] [Times: user=0.01 sys=0.00, real=0.00 secs]
         vmop                    [threads: total initially_running wait_to_block]    [time: spin block sync cleanup vmop] page_trap_count
71.458: GenCollectForAllocation          [      30          0              0    ]      [     0     0     0     0     1    ]  0
2017-11-22T07:07:45.553+0800: 71.460: Total time for which application threads were stopped: 0.0019705 seconds, Stopping threads took: 0.0000538 seconds
2017-11-22T07:07:46.064+0800: 71.971: [GC (Allocation Failure) 2017-11-22T07:07:46.064+0800: 71.971: [ParNew: 138047K->313K(154880K), 0.0073916 secs] 267562K->129828K(498944K), 0.0074738 secs] [Times: user=0.05 sys=0.00, real=0.00 secs]
         vmop                    [threads: total initially_running wait_to_block]    [time: spin block sync cleanup vmop] page_trap_count
71.970: GenCollectForAllocation          [      30          0              0    ]      [     0     0     0     0     7    ]  0
2017-11-22T07:07:46.071+0800: 71.978: Total time for which application threads were stopped: 0.0077798 seconds, Stopping threads took: 0.0000580 seconds
2017-11-22T07:07:46.436+0800: 72.343: [GC (Allocation Failure) 2017-11-22T07:07:46.436+0800: 72.343: [ParNew: 138041K->329K(154880K), 0.0015096 secs] 267556K->129845K(498944K), 0.0016005 secs] [Times: user=0.01 sys=0.00, real=0.00 secs]
         vmop                    [threads: total initially_running wait_to_block]    [time: spin block sync cleanup vmop] page_trap_count
72.343: GenCollectForAllocation          [      30          0              0    ]      [     0     0     0     0     1    ]  0
2017-11-22T07:07:46.438+0800: 72.345: Total time for which application threads were stopped: 0.0019106 seconds, Stopping threads took: 0.0000588 seconds
2017-11-22T07:07:46.770+0800: 72.677: [GC (Allocation Failure) 2017-11-22T07:07:46.770+0800: 72.677: [ParNew: 138057K->312K(154880K), 0.0016025 secs] 267573K->129827K(498944K), 0.0016974 secs] [Times: user=0.01 sys=0.00, real=0.00 secs]
         vmop                    [threads: total initially_running wait_to_block]    [time: spin block sync cleanup vmop] page_trap_count
72.677: GenCollectForAllocation          [      30          0              0    ]      [     0     0     0     0     1    ]  0
2017-11-22T07:07:46.772+0800: 72.679: Total time for which application threads were stopped: 0.0019869 seconds, Stopping threads took: 0.0000584 seconds
2017-11-22T07:07:47.178+0800: 73.085: [GC (Allocation Failure) 2017-11-22T07:07:47.178+0800: 73.085: [ParNew: 138040K->326K(154880K), 0.0018268 secs] 267555K->129841K(498944K), 0.0019006 secs] [Times: user=0.01 sys=0.00, real=0.00 secs]
         vmop                    [threads: total initially_running wait_to_block]    [time: spin block sync cleanup vmop] page_trap_count
73.085: GenCollectForAllocation          [      30          0              0    ]      [     0     0     0     0     1    ]  0
2017-11-22T07:07:47.180+0800: 73.087: Total time for which application threads were stopped: 0.0021384 seconds, Stopping threads took: 0.0000537 seconds
2017-11-22T07:07:47.536+0800: 73.443: [GC (Allocation Failure) 2017-11-22T07:07:47.536+0800: 73.443: [ParNew: 138054K->323K(154880K), 0.0018313 secs] 267569K->129838K(498944K), 0.0019095 secs] [Times: user=0.00 sys=0.00, real=0.00 secs]
         vmop                    [threads: total initially_running wait_to_block]    [time: spin block sync cleanup vmop] page_trap_count
73.442: GenCollectForAllocation          [      30          0              0    ]      [     0     0     0     0     1    ]  0
2017-11-22T07:07:47.538+0800: 73.445: Total time for which application threads were stopped: 0.0021983 seconds, Stopping threads took: 0.0000634 seconds
2017-11-22T07:07:47.901+0800: 73.808: [GC (Allocation Failure) 2017-11-22T07:07:47.902+0800: 73.808: [ParNew: 138051K->304K(154880K), 0.0017213 secs] 267566K->129819K(498944K), 0.0018111 secs] [Times: user=0.00 sys=0.01, real=0.00 secs]
         vmop                    [threads: total initially_running wait_to_block]    [time: spin block sync cleanup vmop] page_trap_count
73.808: GenCollectForAllocation          [      30          0              0    ]      [     0     0     0     0     1    ]  0
2017-11-22T07:07:47.903+0800: 73.810: Total time for which application threads were stopped: 0.0021358 seconds, Stopping threads took: 0.0000627 seconds
         vmop                    [threads: total initially_running wait_to_block]    [time: spin block sync cleanup vmop] page_trap_count
75.052: RevokeBias                       [      30          2              2    ]      [     0     0     0     0     0    ]  0
2017-11-22T07:07:49.145+0800: 75.052: Total time for which application threads were stopped: 0.0003137 seconds, Stopping threads took: 0.0001678 seconds
         vmop                    [threads: total initially_running wait_to_block]    [time: spin block sync cleanup vmop] page_trap_count
85.051: RevokeBias                       [      29          0              2    ]      [     0     0     0     0     0    ]  0
2017-11-22T07:07:59.144+0800: 85.051: Total time for which application threads were stopped: 0.0004068 seconds, Stopping threads took: 0.0001935 seconds
         vmop                    [threads: total initially_running wait_to_block]    [time: spin block sync cleanup vmop] page_trap_count
89.430: BulkRevokeBias                   [      29          0              0    ]      [     0     0     0     0     0    ]  0
2017-11-22T07:08:03.523+0800: 89.430: Total time for which application threads were stopped: 0.0002541 seconds, Stopping threads took: 0.0000419 seconds
         vmop                    [threads: total initially_running wait_to_block]    [time: spin block sync cleanup vmop] page_trap_count
89.434: RevokeBias                       [      29          0              0    ]      [     0     0     0     0     0    ]  0
2017-11-22T07:08:03.527+0800: 89.434: Total time for which application threads were stopped: 0.0001349 seconds, Stopping threads took: 0.0000307 seconds
         vmop                    [threads: total initially_running wait_to_block]    [time: spin block sync cleanup vmop] page_trap_count
89.436: BulkRevokeBias                   [      29          0              1    ]      [     0     0     0     0     0    ]  0
2017-11-22T07:08:03.529+0800: 89.436: Total time for which application threads were stopped: 0.0003250 seconds, Stopping threads took: 0.0000746 seconds
         vmop                    [threads: total initially_running wait_to_block]    [time: spin block sync cleanup vmop] page_trap_count
89.438: RevokeBias                       [      29          0              1    ]      [     0     0     0     0     0    ]  0
2017-11-22T07:08:03.532+0800: 89.439: Total time for which application threads were stopped: 0.0003114 seconds, Stopping threads took: 0.0002205 seconds
         vmop                    [threads: total initially_running wait_to_block]    [time: spin block sync cleanup vmop] page_trap_count
89.441: RevokeBias                       [      29          0              0    ]      [     0     0     0     0     0    ]  0
2017-11-22T07:08:03.534+0800: 89.441: Total time for which application threads were stopped: 0.0001312 seconds, Stopping threads took: 0.0000228 seconds
         vmop                    [threads: total initially_running wait_to_block]    [time: spin block sync cleanup vmop] page_trap_count
89.461: BulkRevokeBias                   [      29          0              0    ]      [     0     0     0     0     0    ]  0
2017-11-22T07:08:03.554+0800: 89.461: Total time for which application threads were stopped: 0.0003062 seconds, Stopping threads took: 0.0000502 seconds
         vmop                    [threads: total initially_running wait_to_block]    [time: spin block sync cleanup vmop] page_trap_count
89.485: RevokeBias                       [      29          0              0    ]      [     0     0     0     0     0    ]  0
2017-11-22T07:08:03.579+0800: 89.486: Total time for which application threads were stopped: 0.0002265 seconds, Stopping threads took: 0.0000579 seconds
         vmop                    [threads: total initially_running wait_to_block]    [time: spin block sync cleanup vmop] page_trap_count
89.514: RevokeBias                       [      29          0              0    ]      [     0     0     0     0     0    ]  0
2017-11-22T07:08:03.607+0800: 89.514: Total time for which application threads were stopped: 0.0001697 seconds, Stopping threads took: 0.0000445 seconds
         vmop                    [threads: total initially_running wait_to_block]    [time: spin block sync cleanup vmop] page_trap_count
89.515: RevokeBias                       [      29          0              0    ]      [     0     0     0     0     0    ]  0
2017-11-22T07:08:03.608+0800: 89.515: Total time for which application threads were stopped: 0.0000990 seconds, Stopping threads took: 0.0000319 seconds
         vmop                    [threads: total initially_running wait_to_block]    [time: spin block sync cleanup vmop] page_trap_count
89.516: RevokeBias                       [      29          0              1    ]      [     0     0     0     0     0    ]  0
2017-11-22T07:08:03.609+0800: 89.516: Total time for which application threads were stopped: 0.0002583 seconds, Stopping threads took: 0.0001300 seconds
         vmop                    [threads: total initially_running wait_to_block]    [time: spin block sync cleanup vmop] page_trap_count
89.517: RevokeBias                       [      29          0              0    ]      [     0     0     0     0     0    ]  0
2017-11-22T07:08:03.610+0800: 89.517: Total time for which application threads were stopped: 0.0001507 seconds, Stopping threads took: 0.0000408 seconds
         vmop                    [threads: total initially_running wait_to_block]    [time: spin block sync cleanup vmop] page_trap_count
89.517: RevokeBias                       [      29          0              0    ]      [     0     0     0     0     0    ]  0
2017-11-22T07:08:03.610+0800: 89.517: Total time for which application threads were stopped: 0.0001415 seconds, Stopping threads took: 0.0000314 seconds
         vmop                    [threads: total initially_running wait_to_block]    [time: spin block sync cleanup vmop] page_trap_count
89.519: RevokeBias                       [      29          1              1    ]      [     0     0     0     0     0    ]  0
2017-11-22T07:08:03.612+0800: 89.519: Total time for which application threads were stopped: 0.0002176 seconds, Stopping threads took: 0.0000977 seconds
         vmop                    [threads: total initially_running wait_to_block]    [time: spin block sync cleanup vmop] page_trap_count
89.520: RevokeBias                       [      29          0              2    ]      [     0     0     0     0     0    ]  0
2017-11-22T07:08:03.613+0800: 89.520: Total time for which application threads were stopped: 0.0001578 seconds, Stopping threads took: 0.0000702 seconds
         vmop                    [threads: total initially_running wait_to_block]    [time: spin block sync cleanup vmop] page_trap_count
89.521: RevokeBias                       [      29          0              1    ]      [     0     0     0     0     0    ]  0
2017-11-22T07:08:03.614+0800: 89.521: Total time for which application threads were stopped: 0.0001904 seconds, Stopping threads took: 0.0000651 seconds
         vmop                    [threads: total initially_running wait_to_block]    [time: spin block sync cleanup vmop] page_trap_count
89.523: RevokeBias                       [      29          0              1    ]      [     0     0     0     0     0    ]  0
2017-11-22T07:08:03.616+0800: 89.523: Total time for which application threads were stopped: 0.0002058 seconds, Stopping threads took: 0.0000902 seconds
         vmop                    [threads: total initially_running wait_to_block]    [time: spin block sync cleanup vmop] page_trap_count
89.534: RevokeBias                       [      29          0              1    ]      [     0     0     0     0     0    ]  0
2017-11-22T07:08:03.627+0800: 89.534: Total time for which application threads were stopped: 0.0003143 seconds, Stopping threads took: 0.0001316 seconds
         vmop                    [threads: total initially_running wait_to_block]    [time: spin block sync cleanup vmop] page_trap_count
89.535: RevokeBias                       [      29          0              1    ]      [     0     0     0     0     0    ]  0
2017-11-22T07:08:03.628+0800: 89.535: Total time for which application threads were stopped: 0.0001624 seconds, Stopping threads took: 0.0000732 seconds
         vmop                    [threads: total initially_running wait_to_block]    [time: spin block sync cleanup vmop] page_trap_count
89.539: RevokeBias                       [      29          0              1    ]      [     0     0     0     0     0    ]  0
2017-11-22T07:08:03.633+0800: 89.540: Total time for which application threads were stopped: 0.0007689 seconds, Stopping threads took: 0.0006312 seconds
         vmop                    [threads: total initially_running wait_to_block]    [time: spin block sync cleanup vmop] page_trap_count
89.541: RevokeBias                       [      29          1              1    ]      [     1     0     1     0     0    ]  1
2017-11-22T07:08:03.635+0800: 89.542: Total time for which application threads were stopped: 0.0014585 seconds, Stopping threads took: 0.0013624 seconds
         vmop                    [threads: total initially_running wait_to_block]    [time: spin block sync cleanup vmop] page_trap_count
89.542: RevokeBias                       [      29          0              0    ]      [     0     0     0     0     0    ]  0
2017-11-22T07:08:03.635+0800: 89.542: Total time for which application threads were stopped: 0.0001379 seconds, Stopping threads took: 0.0000265 seconds
         vmop                    [threads: total initially_running wait_to_block]    [time: spin block sync cleanup vmop] page_trap_count
89.545: RevokeBias                       [      29          0              1    ]      [     0     0     0     0     0    ]  0
2017-11-22T07:08:03.638+0800: 89.545: Total time for which application threads were stopped: 0.0001875 seconds, Stopping threads took: 0.0000678 seconds
         vmop                    [threads: total initially_running wait_to_block]    [time: spin block sync cleanup vmop] page_trap_count
89.557: RevokeBias                       [      29          1              2    ]      [     0     0     0     0     0    ]  0
2017-11-22T07:08:03.650+0800: 89.557: Total time for which application threads were stopped: 0.0005429 seconds, Stopping threads took: 0.0003835 seconds
         vmop                    [threads: total initially_running wait_to_block]    [time: spin block sync cleanup vmop] page_trap_count
89.567: RevokeBias                       [      29          0              1    ]      [     0     3     3     0     0    ]  0
2017-11-22T07:08:03.664+0800: 89.571: Total time for which application threads were stopped: 0.0040007 seconds, Stopping threads took: 0.0038581 seconds
         vmop                    [threads: total initially_running wait_to_block]    [time: spin block sync cleanup vmop] page_trap_count
89.580: RevokeBias                       [      29          1              2    ]      [     1     0     1     0     0    ]  1
2017-11-22T07:08:03.675+0800: 89.582: Total time for which application threads were stopped: 0.0015870 seconds, Stopping threads took: 0.0014555 seconds
         vmop                    [threads: total initially_running wait_to_block]    [time: spin block sync cleanup vmop] page_trap_count
89.582: BulkRevokeBias                   [      29          0              0    ]      [     0     0     0     0     0    ]  0
2017-11-22T07:08:03.675+0800: 89.582: Total time for which application threads were stopped: 0.0002914 seconds, Stopping threads took: 0.0000311 seconds
         vmop                    [threads: total initially_running wait_to_block]    [time: spin block sync cleanup vmop] page_trap_count
89.587: RevokeBias                       [      29          0              0    ]      [     0     0     0     0     0    ]  0
2017-11-22T07:08:03.680+0800: 89.587: Total time for which application threads were stopped: 0.0001561 seconds, Stopping threads took: 0.0000388 seconds
         vmop                    [threads: total initially_running wait_to_block]    [time: spin block sync cleanup vmop] page_trap_count
89.595: RevokeBias                       [      29          0              0    ]      [     0     0     0     0     0    ]  0
2017-11-22T07:08:03.688+0800: 89.595: Total time for which application threads were stopped: 0.0002793 seconds, Stopping threads took: 0.0001250 seconds
         vmop                    [threads: total initially_running wait_to_block]    [time: spin block sync cleanup vmop] page_trap_count
89.604: RevokeBias                       [      29          0              1    ]      [     0     0     0     0     0    ]  0
2017-11-22T07:08:03.697+0800: 89.604: Total time for which application threads were stopped: 0.0002801 seconds, Stopping threads took: 0.0001324 seconds
         vmop                    [threads: total initially_running wait_to_block]    [time: spin block sync cleanup vmop] page_trap_count
89.617: RevokeBias                       [      29          0              0    ]      [     0     0     0     0     0    ]  0
2017-11-22T07:08:03.710+0800: 89.617: Total time for which application threads were stopped: 0.0001777 seconds, Stopping threads took: 0.0000310 seconds
         vmop                    [threads: total initially_running wait_to_block]    [time: spin block sync cleanup vmop] page_trap_count
89.658: Deoptimize                       [      29          0              1    ]      [     0     0     0     0     0    ]  0
2017-11-22T07:08:03.751+0800: 89.658: Total time for which application threads were stopped: 0.0008513 seconds, Stopping threads took: 0.0000661 seconds
         vmop                    [threads: total initially_running wait_to_block]    [time: spin block sync cleanup vmop] page_trap_count
89.663: RevokeBias                       [      29          0              1    ]      [     0     0     0     0     0    ]  0
2017-11-22T07:08:03.757+0800: 89.664: Total time for which application threads were stopped: 0.0003712 seconds, Stopping threads took: 0.0001597 seconds
         vmop                    [threads: total initially_running wait_to_block]    [time: spin block sync cleanup vmop] page_trap_count
89.730: RevokeBias                       [      29          1              2    ]      [     8     9    17     0     0    ]  1
2017-11-22T07:08:03.841+0800: 89.748: Total time for which application threads were stopped: 0.0178093 seconds, Stopping threads took: 0.0175412 seconds
         vmop                    [threads: total initially_running wait_to_block]    [time: spin block sync cleanup vmop] page_trap_count
89.871: RevokeBias                       [      29          1              2    ]      [     1     0     1     0     0    ]  1
2017-11-22T07:08:03.966+0800: 89.873: Total time for which application threads were stopped: 0.0021589 seconds, Stopping threads took: 0.0019029 seconds
         vmop                    [threads: total initially_running wait_to_block]    [time: spin block sync cleanup vmop] page_trap_count
89.913: RevokeBias                       [      29          1              2    ]      [     0     0     0     0     0    ]  1
2017-11-22T07:08:04.007+0800: 89.914: Total time for which application threads were stopped: 0.0003561 seconds, Stopping threads took: 0.0001356 seconds
         vmop                    [threads: total initially_running wait_to_block]    [time: spin block sync cleanup vmop] page_trap_count
89.969: RevokeBias                       [      29          0              3    ]      [     0    18    18     0     0    ]  0
2017-11-22T07:08:04.081+0800: 89.988: Total time for which application threads were stopped: 0.0192459 seconds, Stopping threads took: 0.0189965 seconds
         vmop                    [threads: total initially_running wait_to_block]    [time: spin block sync cleanup vmop] page_trap_count
90.031: RevokeBias                       [      29          0              2    ]      [     0    10    10     0     0    ]  0
2017-11-22T07:08:04.135+0800: 90.042: Total time for which application threads were stopped: 0.0112384 seconds, Stopping threads took: 0.0109925 seconds
         vmop                    [threads: total initially_running wait_to_block]    [time: spin block sync cleanup vmop] page_trap_count
90.048: RevokeBias                       [      29          0              2    ]      [     0     2     2     0     0    ]  0
2017-11-22T07:08:04.144+0800: 90.051: Total time for which application threads were stopped: 0.0029396 seconds, Stopping threads took: 0.0027602 seconds
         vmop                    [threads: total initially_running wait_to_block]    [time: spin block sync cleanup vmop] page_trap_count
90.080: RevokeBias                       [      29          0              3    ]      [     0    14    14     0     0    ]  0
2017-11-22T07:08:04.188+0800: 90.095: Total time for which application threads were stopped: 0.0143426 seconds, Stopping threads took: 0.0140852 seconds
         vmop                    [threads: total initially_running wait_to_block]    [time: spin block sync cleanup vmop] page_trap_count
90.373: RevokeBias                       [      29          0              1    ]      [     0     0     0     0     0    ]  0
2017-11-22T07:08:04.466+0800: 90.373: Total time for which application threads were stopped: 0.0003721 seconds, Stopping threads took: 0.0000900 seconds
         vmop                    [threads: total initially_running wait_to_block]    [time: spin block sync cleanup vmop] page_trap_count
90.650: RevokeBias                       [      29          1              1    ]      [     8     0     8     0     0    ]  1
2017-11-22T07:08:04.752+0800: 90.659: Total time for which application threads were stopped: 0.0085061 seconds, Stopping threads took: 0.0080690 seconds
2017-11-22T07:08:05.061+0800: 90.968: [GC (Allocation Failure) 2017-11-22T07:08:05.061+0800: 90.968: [ParNew: 138032K->17152K(154880K), 0.0462407 secs] 267547K->147508K(498944K), 0.0463297 secs] [Times: user=0.12 sys=0.01, real=0.05 secs]
         vmop                    [threads: total initially_running wait_to_block]    [time: spin block sync cleanup vmop] page_trap_count
90.967: GenCollectForAllocation          [      29          0              0    ]      [     0     0     0     0    46    ]  0
2017-11-22T07:08:05.107+0800: 91.014: Total time for which application threads were stopped: 0.0466713 seconds, Stopping threads took: 0.0000549 seconds
         vmop                    [threads: total initially_running wait_to_block]    [time: spin block sync cleanup vmop] page_trap_count
91.022: RevokeBias                       [      29          0              1    ]      [     0     0     0     0     0    ]  0
2017-11-22T07:08:05.116+0800: 91.023: Total time for which application threads were stopped: 0.0002767 seconds, Stopping threads took: 0.0000926 seconds
         vmop                    [threads: total initially_running wait_to_block]    [time: spin block sync cleanup vmop] page_trap_count
91.023: RevokeBias                       [      29          1              1    ]      [     0     0     0     0     0    ]  0
2017-11-22T07:08:05.116+0800: 91.023: Total time for which application threads were stopped: 0.0002059 seconds, Stopping threads took: 0.0000932 seconds
         vmop                    [threads: total initially_running wait_to_block]    [time: spin block sync cleanup vmop] page_trap_count
91.023: RevokeBias                       [      29          0              0    ]      [     0     0     0     0     0    ]  0
2017-11-22T07:08:05.116+0800: 91.023: Total time for which application threads were stopped: 0.0001710 seconds, Stopping threads took: 0.0000239 seconds
         vmop                    [threads: total initially_running wait_to_block]    [time: spin block sync cleanup vmop] page_trap_count
91.023: RevokeBias                       [      29          1              1    ]      [     0     0     0     0     0    ]  0
2017-11-22T07:08:05.116+0800: 91.023: Total time for which application threads were stopped: 0.0001923 seconds, Stopping threads took: 0.0000807 seconds
         vmop                    [threads: total initially_running wait_to_block]    [time: spin block sync cleanup vmop] page_trap_count
91.023: RevokeBias                       [      29          1              1    ]      [     0     0     0     0     0    ]  0
2017-11-22T07:08:05.117+0800: 91.024: Total time for which application threads were stopped: 0.0001893 seconds, Stopping threads took: 0.0000798 seconds
         vmop                    [threads: total initially_running wait_to_block]    [time: spin block sync cleanup vmop] page_trap_count
91.024: RevokeBias                       [      29          1              1    ]      [     0     0     0     0     0    ]  1
2017-11-22T07:08:05.117+0800: 91.024: Total time for which application threads were stopped: 0.0002696 seconds, Stopping threads took: 0.0001231 seconds
         vmop                    [threads: total initially_running wait_to_block]    [time: spin block sync cleanup vmop] page_trap_count
91.024: RevokeBias                       [      29          0              0    ]      [     0     0     0     0     0    ]  0
2017-11-22T07:08:05.117+0800: 91.024: Total time for which application threads were stopped: 0.0001684 seconds, Stopping threads took: 0.0000316 seconds
         vmop                    [threads: total initially_running wait_to_block]    [time: spin block sync cleanup vmop] page_trap_count
91.026: RevokeBias                       [      29          1              1    ]      [     0     0     0     0     0    ]  1
2017-11-22T07:08:05.119+0800: 91.026: Total time for which application threads were stopped: 0.0002079 seconds, Stopping threads took: 0.0000936 seconds
         vmop                    [threads: total initially_running wait_to_block]    [time: spin block sync cleanup vmop] page_trap_count
91.027: RevokeBias                       [      29          0              0    ]      [     0     0     0     0     0    ]  0
2017-11-22T07:08:05.120+0800: 91.027: Total time for which application threads were stopped: 0.0000990 seconds, Stopping threads took: 0.0000121 seconds
         vmop                    [threads: total initially_running wait_to_block]    [time: spin block sync cleanup vmop] page_trap_count
91.027: RevokeBias                       [      29          0              0    ]      [     0     0     0     0     0    ]  0
2017-11-22T07:08:05.120+0800: 91.027: Total time for which application threads were stopped: 0.0001393 seconds, Stopping threads took: 0.0000140 seconds
         vmop                    [threads: total initially_running wait_to_block]    [time: spin block sync cleanup vmop] page_trap_count
91.027: RevokeBias                       [      29          0              0    ]      [     0     0     0     0     0    ]  0
2017-11-22T07:08:05.120+0800: 91.027: Total time for which application threads were stopped: 0.0000880 seconds, Stopping threads took: 0.0000108 seconds
         vmop                    [threads: total initially_running wait_to_block]    [time: spin block sync cleanup vmop] page_trap_count
91.027: RevokeBias                       [      29          0              0    ]      [     0     0     0     0     0    ]  0
2017-11-22T07:08:05.121+0800: 91.027: Total time for which application threads were stopped: 0.0000799 seconds, Stopping threads took: 0.0000095 seconds
         vmop                    [threads: total initially_running wait_to_block]    [time: spin block sync cleanup vmop] page_trap_count
91.028: RevokeBias                       [      29          0              0    ]      [     0     0     0     0     0    ]  0
2017-11-22T07:08:05.121+0800: 91.028: Total time for which application threads were stopped: 0.0000785 seconds, Stopping threads took: 0.0000092 seconds
         vmop                    [threads: total initially_running wait_to_block]    [time: spin block sync cleanup vmop] page_trap_count
91.028: RevokeBias                       [      29          0              0    ]      [     0     0     0     0     0    ]  0
2017-11-22T07:08:05.121+0800: 91.028: Total time for which application threads were stopped: 0.0001065 seconds, Stopping threads took: 0.0000089 seconds
         vmop                    [threads: total initially_running wait_to_block]    [time: spin block sync cleanup vmop] page_trap_count
91.028: RevokeBias                       [      29          0              0    ]      [     0     0     0     0     0    ]  0
2017-11-22T07:08:05.121+0800: 91.028: Total time for which application threads were stopped: 0.0000786 seconds, Stopping threads took: 0.0000092 seconds
         vmop                    [threads: total initially_running wait_to_block]    [time: spin block sync cleanup vmop] page_trap_count
91.028: RevokeBias                       [      29          0              0    ]      [     0     0     0     0     0    ]  0
2017-11-22T07:08:05.121+0800: 91.028: Total time for which application threads were stopped: 0.0000775 seconds, Stopping threads took: 0.0000090 seconds
         vmop                    [threads: total initially_running wait_to_block]    [time: spin block sync cleanup vmop] page_trap_count
91.028: RevokeBias                       [      29          0              0    ]      [     0     0     0     0     0    ]  0
2017-11-22T07:08:05.121+0800: 91.028: Total time for which application threads were stopped: 0.0000773 seconds, Stopping threads took: 0.0000088 seconds
         vmop                    [threads: total initially_running wait_to_block]    [time: spin block sync cleanup vmop] page_trap_count
91.028: RevokeBias                       [      29          0              0    ]      [     0     0     0     0     0    ]  0
2017-11-22T07:08:05.121+0800: 91.028: Total time for which application threads were stopped: 0.0000777 seconds, Stopping threads took: 0.0000089 seconds
         vmop                    [threads: total initially_running wait_to_block]    [time: spin block sync cleanup vmop] page_trap_count
91.028: RevokeBias                       [      29          0              0    ]      [     0     0     0     0     0    ]  0
2017-11-22T07:08:05.121+0800: 91.028: Total time for which application threads were stopped: 0.0000775 seconds, Stopping threads took: 0.0000086 seconds
         vmop                    [threads: total initially_running wait_to_block]    [time: spin block sync cleanup vmop] page_trap_count
91.028: BulkRevokeBias                   [      29          0              0    ]      [     0     0     0     0     0    ]  0
2017-11-22T07:08:05.122+0800: 91.029: Total time for which application threads were stopped: 0.0002784 seconds, Stopping threads took: 0.0000089 seconds
2017-11-22T07:08:05.641+0800: 91.548: [GC (Allocation Failure) 2017-11-22T07:08:05.641+0800: 91.548: [ParNew: 154880K->17152K(154880K), 0.3723237 secs] 285236K->207190K(498944K), 0.3724083 secs] [Times: user=0.55 sys=0.02, real=0.37 secs]
         vmop                    [threads: total initially_running wait_to_block]    [time: spin block sync cleanup vmop] page_trap_count
91.548: GenCollectForAllocation          [      29          0              0    ]      [     0     0     0     0   372    ]  0
2017-11-22T07:08:06.013+0800: 91.920: Total time for which application threads were stopped: 0.3728466 seconds, Stopping threads took: 0.0000531 seconds
         vmop                    [threads: total initially_running wait_to_block]    [time: spin block sync cleanup vmop] page_trap_count
92.216: RevokeBias                       [      29          1              2    ]      [     0     3     3     0     0    ]  1
2017-11-22T07:08:06.313+0800: 92.220: Total time for which application threads were stopped: 0.0039196 seconds, Stopping threads took: 0.0036608 seconds
2017-11-22T07:08:06.360+0800: 92.267: [GC (Allocation Failure) 2017-11-22T07:08:06.360+0800: 92.267: [ParNew: 154880K->17152K(154880K), 0.2367317 secs] 344918K->263492K(498944K), 0.2368373 secs] [Times: user=0.44 sys=0.03, real=0.24 secs]
         vmop                    [threads: total initially_running wait_to_block]    [time: spin block sync cleanup vmop] page_trap_count
92.267: GenCollectForAllocation          [      29          0              0    ]      [     0     0     0     0   236    ]  0
2017-11-22T07:08:06.597+0800: 92.504: Total time for which application threads were stopped: 0.2372287 seconds, Stopping threads took: 0.0000577 seconds
2017-11-22T07:08:06.608+0800: 92.515: [GC (CMS Initial Mark) [1 CMS-initial-mark: 246340K(344064K)] 266331K(498944K), 0.0214166 secs] [Times: user=0.03 sys=0.00, real=0.02 secs]
         vmop                    [threads: total initially_running wait_to_block]    [time: spin block sync cleanup vmop] page_trap_count
92.514: CMS_Initial_Mark                 [      29          1              1    ]      [     0     0     0     0    21    ]  1
2017-11-22T07:08:06.629+0800: 92.536: Total time for which application threads were stopped: 0.0216888 seconds, Stopping threads took: 0.0000840 seconds
2017-11-22T07:08:06.629+0800: 92.536: [CMS-concurrent-mark-start]
2017-11-22T07:08:06.820+0800: 92.727: [CMS-concurrent-mark: 0.191/0.191 secs] [Times: user=0.42 sys=0.01, real=0.19 secs]
2017-11-22T07:08:06.820+0800: 92.727: [CMS-concurrent-preclean-start]
2017-11-22T07:08:06.841+0800: 92.748: [CMS-concurrent-preclean: 0.019/0.021 secs] [Times: user=0.04 sys=0.00, real=0.03 secs]
2017-11-22T07:08:06.841+0800: 92.748: [CMS-concurrent-abortable-preclean-start]
2017-11-22T07:08:07.028+0800: 92.935: [GC (Allocation Failure) 2017-11-22T07:08:07.028+0800: 92.935: [ParNew: 154880K->17152K(154880K), 0.2567510 secs] 401220K->318109K(498944K), 0.2568601 secs] [Times: user=0.51 sys=0.01, real=0.26 secs]
         vmop                    [threads: total initially_running wait_to_block]    [time: spin block sync cleanup vmop] page_trap_count
92.935: GenCollectForAllocation          [      29          0              0    ]      [     0     0     0     0   256    ]  0
2017-11-22T07:08:07.285+0800: 93.192: Total time for which application threads were stopped: 0.2572277 seconds, Stopping threads took: 0.0000484 seconds
         vmop                    [threads: total initially_running wait_to_block]    [time: spin block sync cleanup vmop] page_trap_count
93.211: RevokeBias                       [      29          1              1    ]      [     0     0     0     0     0    ]  1
2017-11-22T07:08:07.305+0800: 93.212: Total time for which application threads were stopped: 0.0002826 seconds, Stopping threads took: 0.0000803 seconds
2017-11-22T07:08:07.503+0800: 93.410: [CMS-concurrent-abortable-preclean: 0.399/0.662 secs] [Times: user=1.29 sys=0.04, real=0.66 secs]
2017-11-22T07:08:07.509+0800: 93.416: [GC (CMS Final Remark) [YG occupancy: 94128 K (154880 K)]2017-11-22T07:08:07.509+0800: 93.416: [Rescan (parallel) , 0.0358466 secs]2017-11-22T07:08:07.545+0800: 93.452: [weak refs processing, 0.0003208 secs]2017-11-22T07:08:07.545+0800: 93.452: [class unloading, 0.0073903 secs]2017-11-22T07:08:07.553+0800: 93.460: [scrub symbol table, 0.0048647 secs]2017-11-22T07:08:07.557+0800: 93.464: [scrub string table, 0.0007040 secs][1 CMS-remark: 300957K(344064K)] 395085K(498944K), 0.0496042 secs] [Times: user=0.15 sys=0.01, real=0.05 secs]
         vmop                    [threads: total initially_running wait_to_block]    [time: spin block sync cleanup vmop] page_trap_count
93.410: CMS_Final_Remark                 [      29          0              1    ]      [     0     5     5     0    49    ]  0
2017-11-22T07:08:07.559+0800: 93.466: Total time for which application threads were stopped: 0.0554418 seconds, Stopping threads took: 0.0055808 seconds
2017-11-22T07:08:07.572+0800: 93.479: [CMS-concurrent-sweep-start]
         vmop                    [threads: total initially_running wait_to_block]    [time: spin block sync cleanup vmop] page_trap_count
93.509: RevokeBias                       [      29          0              0    ]      [     0     0     2     0     0    ]  0
2017-11-22T07:08:07.605+0800: 93.512: Total time for which application threads were stopped: 0.0001821 seconds, Stopping threads took: 0.0000482 seconds
         vmop                    [threads: total initially_running wait_to_block]    [time: spin block sync cleanup vmop] page_trap_count
93.544: RevokeBias                       [      29          1              1    ]      [     9     0     9     0     0    ]  1
2017-11-22T07:08:07.647+0800: 93.554: Total time for which application threads were stopped: 0.0095933 seconds, Stopping threads took: 0.0093737 seconds
2017-11-22T07:08:07.740+0800: 93.647: [CMS-concurrent-sweep: 0.164/0.168 secs] [Times: user=0.24 sys=0.03, real=0.17 secs]
2017-11-22T07:08:07.741+0800: 93.648: [CMS-concurrent-reset-start]
2017-11-22T07:08:07.771+0800: 93.678: [GC (Allocation Failure) 2017-11-22T07:08:07.771+0800: 93.678: [ParNew: 154880K->17152K(154880K), 0.2645044 secs] 433286K->350086K(618892K), 0.2645906 secs] [Times: user=0.61 sys=0.02, real=0.27 secs]
         vmop                    [threads: total initially_running wait_to_block]    [time: spin block sync cleanup vmop] page_trap_count
93.675: GenCollectForAllocation          [      29          0              0    ]      [     0     0     3     0   264    ]  0
2017-11-22T07:08:08.036+0800: 93.943: Total time for which application threads were stopped: 0.2648815 seconds, Stopping threads took: 0.0000420 seconds
2017-11-22T07:08:08.067+0800: 93.974: [CMS-concurrent-reset: 0.060/0.326 secs] [Times: user=0.69 sys=0.02, real=0.33 secs]
         vmop                    [threads: total initially_running wait_to_block]    [time: spin block sync cleanup vmop] page_trap_count
94.182: RevokeBias                       [      29          1              1    ]      [     0     0     0     0     0    ]  1
2017-11-22T07:08:08.275+0800: 94.182: Total time for which application threads were stopped: 0.0003408 seconds, Stopping threads took: 0.0000813 seconds
2017-11-22T07:08:08.395+0800: 94.302: [GC (Allocation Failure) 2017-11-22T07:08:08.395+0800: 94.302: [ParNew: 154880K->17152K(154880K), 0.2146473 secs] 487814K->405645K(618892K), 0.2147508 secs] [Times: user=0.58 sys=0.01, real=0.21 secs]
         vmop                    [threads: total initially_running wait_to_block]    [time: spin block sync cleanup vmop] page_trap_count
94.302: GenCollectForAllocation          [      29          0              0    ]      [     0     0     0     0   214    ]  0
2017-11-22T07:08:08.610+0800: 94.517: Total time for which application threads were stopped: 0.2151149 seconds, Stopping threads took: 0.0000484 seconds
2017-11-22T07:08:08.617+0800: 94.524: [GC (CMS Initial Mark) [1 CMS-initial-mark: 388493K(464012K)] 408449K(618892K), 0.0081265 secs] [Times: user=0.01 sys=0.01, real=0.01 secs]
         vmop                    [threads: total initially_running wait_to_block]    [time: spin block sync cleanup vmop] page_trap_count
94.524: CMS_Initial_Mark                 [      29          1              1    ]      [     0     0     0     0     8    ]  1
2017-11-22T07:08:08.625+0800: 94.532: Total time for which application threads were stopped: 0.0083700 seconds, Stopping threads took: 0.0000657 seconds
2017-11-22T07:08:08.625+0800: 94.532: [CMS-concurrent-mark-start]
         vmop                    [threads: total initially_running wait_to_block]    [time: spin block sync cleanup vmop] page_trap_count
94.568: RevokeBias                       [      29          0              0    ]      [     0     0     8     0     0    ]  0
2017-11-22T07:08:08.669+0800: 94.576: Total time for which application threads were stopped: 0.0002153 seconds, Stopping threads took: 0.0000424 seconds
         vmop                    [threads: total initially_running wait_to_block]    [time: spin block sync cleanup vmop] page_trap_count
94.837: RevokeBias                       [      29          1              1    ]      [     5     0     5     0     0    ]  1
2017-11-22T07:08:08.935+0800: 94.842: Total time for which application threads were stopped: 0.0052534 seconds, Stopping threads took: 0.0050668 seconds
         vmop                    [threads: total initially_running wait_to_block]    [time: spin block sync cleanup vmop] page_trap_count
94.932: RevokeBias                       [      29          1              1    ]      [     7     0     8     0     0    ]  1
2017-11-22T07:08:09.033+0800: 94.940: Total time for which application threads were stopped: 0.0083699 seconds, Stopping threads took: 0.0080395 seconds
2017-11-22T07:08:09.074+0800: 94.981: [GC (Allocation Failure) 2017-11-22T07:08:09.074+0800: 94.981: [ParNew: 154880K->17152K(154880K), 0.3035815 secs] 543373K->460991K(618892K), 0.3036507 secs] [Times: user=0.53 sys=0.03, real=0.30 secs]
         vmop                    [threads: total initially_running wait_to_block]    [time: spin block sync cleanup vmop] page_trap_count
94.980: GenCollectForAllocation          [      29          0              1    ]      [     0     0     0     0   303    ]  0
2017-11-22T07:08:09.377+0800: 95.284: Total time for which application threads were stopped: 0.3039406 seconds, Stopping threads took: 0.0000781 seconds
         vmop                    [threads: total initially_running wait_to_block]    [time: spin block sync cleanup vmop] page_trap_count
95.288: RevokeBias                       [      29          1              1    ]      [     0     0     4     0     0    ]  1
2017-11-22T07:08:09.385+0800: 95.292: Total time for which application threads were stopped: 0.0007080 seconds, Stopping threads took: 0.0000616 seconds
         vmop                    [threads: total initially_running wait_to_block]    [time: spin block sync cleanup vmop] page_trap_count
95.298: RevokeBias                       [      29          1              1    ]      [     0     0     2     0     0    ]  1
2017-11-22T07:08:09.394+0800: 95.301: Total time for which application threads were stopped: 0.0008684 seconds, Stopping threads took: 0.0005183 seconds
2017-11-22T07:08:09.622+0800: 95.529: [CMS-concurrent-mark: 0.667/0.997 secs] [Times: user=1.94 sys=0.06, real=1.00 secs]
2017-11-22T07:08:09.622+0800: 95.529: [CMS-concurrent-preclean-start]
2017-11-22T07:08:09.825+0800: 95.732: [CMS-concurrent-preclean: 0.194/0.203 secs] [Times: user=0.39 sys=0.01, real=0.20 secs]
2017-11-22T07:08:09.825+0800: 95.732: [CMS-concurrent-abortable-preclean-start]
         vmop                    [threads: total initially_running wait_to_block]    [time: spin block sync cleanup vmop] page_trap_count
95.849: RevokeBias                       [      29          0              0    ]      [     0     0     0     0     0    ]  0
2017-11-22T07:08:09.942+0800: 95.849: Total time for which application threads were stopped: 0.0002111 seconds, Stopping threads took: 0.0000276 seconds
2017-11-22T07:08:09.960+0800: 95.867: [GC (Allocation Failure) 2017-11-22T07:08:09.961+0800: 95.868: [ParNew: 154880K->17152K(154880K), 0.2562854 secs] 598719K->523698K(664464K), 0.2563667 secs] [Times: user=0.62 sys=0.05, real=0.26 secs]
         vmop                    [threads: total initially_running wait_to_block]    [time: spin block sync cleanup vmop] page_trap_count
95.862: RevokeBias                       [      29          0              0    ]      [     0     0     5     0   256    ]  0
2017-11-22T07:08:10.217+0800: 96.124: Total time for which application threads were stopped: 0.2566960 seconds, Stopping threads took: 0.0000636 seconds
2017-11-22T07:08:10.743+0800: 96.650: [CMS-concurrent-abortable-preclean: 0.640/0.917 secs] [Times: user=1.78 sys=0.05, real=0.92 secs]
2017-11-22T07:08:10.743+0800: 96.650: [GC (CMS Final Remark) [YG occupancy: 129905 K (154880 K)]2017-11-22T07:08:10.743+0800: 96.650: [Rescan (parallel) , 0.0523327 secs]2017-11-22T07:08:10.795+0800: 96.702: [weak refs processing, 0.0000444 secs]2017-11-22T07:08:10.796+0800: 96.703: [class unloading, 0.0073887 secs]2017-11-22T07:08:10.809+0800: 96.716: [scrub symbol table, 0.0045395 secs]2017-11-22T07:08:10.813+0800: 96.720: [scrub string table, 0.0006901 secs][1 CMS-remark: 506546K(509584K)] 636451K(664464K), 0.0708631 secs] [Times: user=0.18 sys=0.00, real=0.07 secs]
         vmop                    [threads: total initially_running wait_to_block]    [time: spin block sync cleanup vmop] page_trap_count
96.650: CMS_Final_Remark                 [      29          0              1    ]      [     0     0     0     0    70    ]  0
2017-11-22T07:08:10.814+0800: 96.721: Total time for which application threads were stopped: 0.0711090 seconds, Stopping threads took: 0.0000896 seconds
2017-11-22T07:08:10.816+0800: 96.723: [CMS-concurrent-sweep-start]
         vmop                    [threads: total initially_running wait_to_block]    [time: spin block sync cleanup vmop] page_trap_count
96.722: RevokeBias                       [      29          0              1    ]      [     0     0     0     0     0    ]  0
2017-11-22T07:08:10.817+0800: 96.724: Total time for which application threads were stopped: 0.0011488 seconds, Stopping threads took: 0.0008257 seconds
         vmop                    [threads: total initially_running wait_to_block]    [time: spin block sync cleanup vmop] page_trap_count
96.769: RevokeBias                       [      29          1              1    ]      [     0     0     0     0     0    ]  1
2017-11-22T07:08:10.864+0800: 96.771: Total time for which application threads were stopped: 0.0003470 seconds, Stopping threads took: 0.0000830 seconds
2017-11-22T07:08:10.936+0800: 96.843: [GC (Allocation Failure) 2017-11-22T07:08:10.936+0800: 96.843: [ParNew: 154880K->17152K(154880K), 0.3330317 secs] 661022K->577245K(718032K), 0.3331454 secs] [Times: user=0.66 sys=0.06, real=0.33 secs]
         vmop                    [threads: total initially_running wait_to_block]    [time: spin block sync cleanup vmop] page_trap_count
96.843: GenCollectForAllocation          [      29          0              0    ]      [     0     0     0     0   333    ]  0
2017-11-22T07:08:11.270+0800: 97.176: Total time for which application threads were stopped: 0.3335344 seconds, Stopping threads took: 0.0000466 seconds
2017-11-22T07:08:11.442+0800: 97.349: [CMS-concurrent-sweep: 0.290/0.626 secs] [Times: user=1.15 sys=0.07, real=0.63 secs]
2017-11-22T07:08:11.443+0800: 97.350: [CMS-concurrent-reset-start]
2017-11-22T07:08:11.464+0800: 97.372: [CMS-concurrent-reset: 0.021/0.021 secs] [Times: user=0.04 sys=0.00, real=0.02 secs]
         vmop                    [threads: total initially_running wait_to_block]    [time: spin block sync cleanup vmop] page_trap_count
97.598: RevokeBias                       [      29          0              1    ]      [     0     0     0     0     0    ]  0
2017-11-22T07:08:11.691+0800: 97.598: Total time for which application threads were stopped: 0.0002372 seconds, Stopping threads took: 0.0000518 seconds
         vmop                    [threads: total initially_running wait_to_block]    [time: spin block sync cleanup vmop] page_trap_count
97.629: RevokeBias                       [      29          1              1    ]      [     0     0     0     0     0    ]  1
2017-11-22T07:08:11.722+0800: 97.629: Total time for which application threads were stopped: 0.0003537 seconds, Stopping threads took: 0.0000802 seconds
2017-11-22T07:08:11.834+0800: 97.741: [GC (Allocation Failure) 2017-11-22T07:08:11.834+0800: 97.741: [ParNew: 154880K->17152K(154880K), 0.3152797 secs] 714968K->631912K(1088364K), 0.3154054 secs] [Times: user=0.59 sys=0.03, real=0.31 secs]
         vmop                    [threads: total initially_running wait_to_block]    [time: spin block sync cleanup vmop] page_trap_count
97.741: GenCollectForAllocation          [      29          0              0    ]      [     0     0     0     0   315    ]  0
2017-11-22T07:08:12.149+0800: 98.056: Total time for which application threads were stopped: 0.3158482 seconds, Stopping threads took: 0.0000743 seconds
         vmop                    [threads: total initially_running wait_to_block]    [time: spin block sync cleanup vmop] page_trap_count
98.333: RevokeBias                       [      29          0              0    ]      [     0     0     0     0     0    ]  0
2017-11-22T07:08:12.427+0800: 98.334: Total time for which application threads were stopped: 0.0002594 seconds, Stopping threads took: 0.0000560 seconds
         vmop                    [threads: total initially_running wait_to_block]    [time: spin block sync cleanup vmop] page_trap_count
98.558: RevokeBias                       [      29          2              2    ]      [     0     0     0     0     0    ]  1
2017-11-22T07:08:12.652+0800: 98.558: Total time for which application threads were stopped: 0.0002603 seconds, Stopping threads took: 0.0000914 seconds
2017-11-22T07:08:12.674+0800: 98.581: [GC (Allocation Failure) 2017-11-22T07:08:12.674+0800: 98.581: [ParNew: 154880K->17152K(154880K), 0.3173237 secs] 769640K->685747K(1088364K), 0.3174343 secs] [Times: user=0.61 sys=0.00, real=0.31 secs]
         vmop                    [threads: total initially_running wait_to_block]    [time: spin block sync cleanup vmop] page_trap_count
98.580: GenCollectForAllocation          [      29          0              0    ]      [     0     0     0     0   317    ]  0
2017-11-22T07:08:12.991+0800: 98.898: Total time for which application threads were stopped: 0.3178380 seconds, Stopping threads took: 0.0000572 seconds
2017-11-22T07:08:12.994+0800: 98.901: [GC (CMS Initial Mark) [1 CMS-initial-mark: 668595K(933484K)] 688531K(1088364K), 0.0150642 secs] [Times: user=0.01 sys=0.00, real=0.01 secs]
         vmop                    [threads: total initially_running wait_to_block]    [time: spin block sync cleanup vmop] page_trap_count
98.901: CMS_Initial_Mark                 [      29          1              1    ]      [     0     0     0     0    15    ]  1
2017-11-22T07:08:13.009+0800: 98.916: Total time for which application threads were stopped: 0.0153783 seconds, Stopping threads took: 0.0000648 seconds
2017-11-22T07:08:13.009+0800: 98.916: [CMS-concurrent-mark-start]
         vmop                    [threads: total initially_running wait_to_block]    [time: spin block sync cleanup vmop] page_trap_count
99.092: BulkRevokeBias                   [      29          0              0    ]      [     0     0     3     0     0    ]  0
2017-11-22T07:08:13.189+0800: 99.096: Total time for which application threads were stopped: 0.0003500 seconds, Stopping threads took: 0.0000403 seconds
2017-11-22T07:08:13.486+0800: 99.393: [GC (Allocation Failure) 2017-11-22T07:08:13.486+0800: 99.393: [ParNew: 154880K->17151K(154880K), 0.2678233 secs] 823475K->740164K(1088364K), 0.2679272 secs] [Times: user=0.65 sys=0.02, real=0.27 secs]
         vmop                    [threads: total initially_running wait_to_block]    [time: spin block sync cleanup vmop] page_trap_count
99.392: GenCollectForAllocation          [      29          0              0    ]      [     0     0     0     0   268    ]  0
2017-11-22T07:08:13.754+0800: 99.661: Total time for which application threads were stopped: 0.2682503 seconds, Stopping threads took: 0.0000601 seconds
         vmop                    [threads: total initially_running wait_to_block]    [time: spin block sync cleanup vmop] page_trap_count
99.662: RevokeBias                       [      29          1              1    ]      [     0     0     0     0     0    ]  1
2017-11-22T07:08:13.756+0800: 99.663: Total time for which application threads were stopped: 0.0004521 seconds, Stopping threads took: 0.0001838 seconds
         vmop                    [threads: total initially_running wait_to_block]    [time: spin block sync cleanup vmop] page_trap_count
99.789: RevokeBias                       [      29          1              1    ]      [     0     0     0     0     0    ]  1
2017-11-22T07:08:13.883+0800: 99.790: Total time for which application threads were stopped: 0.0005436 seconds, Stopping threads took: 0.0003310 seconds
2017-11-22T07:08:14.181+0800: 100.088: [GC (Allocation Failure) 2017-11-22T07:08:14.181+0800: 100.088: [ParNew: 154879K->17150K(154880K), 0.2995107 secs] 877892K->795381K(1088364K), 0.2995839 secs] [Times: user=0.78 sys=0.03, real=0.30 secs]
         vmop                    [threads: total initially_running wait_to_block]    [time: spin block sync cleanup vmop] page_trap_count
100.087: GenCollectForAllocation          [      29          0              0    ]      [     0     0     0     0   299    ]  0
2017-11-22T07:08:14.480+0800: 100.387: Total time for which application threads were stopped: 0.2998437 seconds, Stopping threads took: 0.0000354 seconds
         vmop                    [threads: total initially_running wait_to_block]    [time: spin block sync cleanup vmop] page_trap_count
100.672: RevokeBias                       [      29          0              2    ]      [     0     0     0     0     0    ]  0
2017-11-22T07:08:14.765+0800: 100.672: Total time for which application threads were stopped: 0.0002214 seconds, Stopping threads took: 0.0000666 seconds
         vmop                    [threads: total initially_running wait_to_block]    [time: spin block sync cleanup vmop] page_trap_count
100.746: RevokeBias                       [      29          1              1    ]      [     0     0     1     0     0    ]  0
2017-11-22T07:08:14.841+0800: 100.748: Total time for which application threads were stopped: 0.0003938 seconds, Stopping threads took: 0.0001285 seconds
2017-11-22T07:08:14.987+0800: 100.894: [CMS-concurrent-mark: 1.403/1.978 secs] [Times: user=4.68 sys=0.10, real=1.98 secs]
2017-11-22T07:08:14.987+0800: 100.894: [CMS-concurrent-preclean-start]
2017-11-22T07:08:15.065+0800: 100.972: [GC (Allocation Failure) 2017-11-22T07:08:15.065+0800: 100.972: [ParNew: 154878K->17150K(154880K), 0.3164884 secs] 933109K->850538K(1088364K), 0.3165951 secs] [Times: user=0.63 sys=0.02, real=0.32 secs]
         vmop                    [threads: total initially_running wait_to_block]    [time: spin block sync cleanup vmop] page_trap_count
100.971: GenCollectForAllocation          [      29          0              0    ]      [     0     0     0     0   316    ]  0
2017-11-22T07:08:15.381+0800: 101.288: Total time for which application threads were stopped: 0.3169046 seconds, Stopping threads took: 0.0000366 seconds
         vmop                    [threads: total initially_running wait_to_block]    [time: spin block sync cleanup vmop] page_trap_count
101.554: RevokeBias                       [      29          0              0    ]      [     0     0     0     0     0    ]  0
2017-11-22T07:08:15.647+0800: 101.554: Total time for which application threads were stopped: 0.0001856 seconds, Stopping threads took: 0.0000477 seconds
         vmop                    [threads: total initially_running wait_to_block]    [time: spin block sync cleanup vmop] page_trap_count
101.590: RevokeBias                       [      29          1              1    ]      [     5     0     5     0     0    ]  1
2017-11-22T07:08:15.689+0800: 101.596: Total time for which application threads were stopped: 0.0057314 seconds, Stopping threads took: 0.0054867 seconds
2017-11-22T07:08:15.908+0800: 101.815: [GC (Allocation Failure) 2017-11-22T07:08:15.908+0800: 101.815: [ParNew: 154878K->17152K(154880K), 0.2866411 secs] 988266K->904448K(1088364K), 0.2867382 secs] [Times: user=0.58 sys=0.03, real=0.29 secs]
         vmop                    [threads: total initially_running wait_to_block]    [time: spin block sync cleanup vmop] page_trap_count
101.815: GenCollectForAllocation          [      29          0              0    ]      [     0     0     0     0   286    ]  0
2017-11-22T07:08:16.195+0800: 102.102: Total time for which application threads were stopped: 0.2871118 seconds, Stopping threads took: 0.0000449 seconds
2017-11-22T07:08:16.196+0800: 102.103: [CMS-concurrent-preclean: 0.573/1.209 secs] [Times: user=2.25 sys=0.06, real=1.21 secs]
2017-11-22T07:08:16.196+0800: 102.103: [CMS-concurrent-abortable-preclean-start]
         vmop                    [threads: total initially_running wait_to_block]    [time: spin block sync cleanup vmop] page_trap_count
102.223: RevokeBias                       [      29          0              1    ]      [     0     0     0     0     0    ]  0
2017-11-22T07:08:16.316+0800: 102.223: Total time for which application threads were stopped: 0.0003041 seconds, Stopping threads took: 0.0000919 seconds
         vmop                    [threads: total initially_running wait_to_block]    [time: spin block sync cleanup vmop] page_trap_count
102.383: RevokeBias                       [      29          1              2    ]      [     0     0     0     0     0    ]  1
2017-11-22T07:08:16.476+0800: 102.383: Total time for which application threads were stopped: 0.0003241 seconds, Stopping threads took: 0.0001427 seconds
         vmop                    [threads: total initially_running wait_to_block]    [time: spin block sync cleanup vmop] page_trap_count
102.398: RevokeBias                       [      29          1              1    ]      [     0     0     0     0     0    ]  0
2017-11-22T07:08:16.492+0800: 102.399: Total time for which application threads were stopped: 0.0003523 seconds, Stopping threads took: 0.0001143 seconds
         vmop                    [threads: total initially_running wait_to_block]    [time: spin block sync cleanup vmop] page_trap_count
102.425: RevokeBias                       [      29          1              1    ]      [     0     0     0     0     0    ]  1
2017-11-22T07:08:16.518+0800: 102.425: Total time for which application threads were stopped: 0.0002601 seconds, Stopping threads took: 0.0000706 seconds
2017-11-22T07:08:16.607+0800: 102.514: [GC (Allocation Failure) 2017-11-22T07:08:16.607+0800: 102.514: [ParNew: 154880K->17151K(154880K), 0.3000784 secs] 1042176K->958223K(1099116K), 0.3001964 secs] [Times: user=0.56 sys=0.03, real=0.30 secs]
         vmop                    [threads: total initially_running wait_to_block]    [time: spin block sync cleanup vmop] page_trap_count
102.513: GenCollectForAllocation          [      29          0              0    ]      [     0     0     0     0   300    ]  0
2017-11-22T07:08:16.907+0800: 102.814: Total time for which application threads were stopped: 0.3005789 seconds, Stopping threads took: 0.0000503 seconds
2017-11-22T07:08:16.908+0800: 102.815: [CMS-concurrent-abortable-preclean: 0.395/0.711 secs] [Times: user=1.35 sys=0.04, real=0.71 secs]
2017-11-22T07:08:16.915+0800: 102.822: [GC (CMS Final Remark) [YG occupancy: 19904 K (154880 K)]2017-11-22T07:08:16.915+0800: 102.822: [Rescan (parallel) , 0.1351505 secs]2017-11-22T07:08:17.051+0800: 102.958: [weak refs processing, 0.0000638 secs]2017-11-22T07:08:17.051+0800: 102.958: [class unloading, 0.0072875 secs]2017-11-22T07:08:17.058+0800: 102.965: [scrub symbol table, 0.0045699 secs]2017-11-22T07:08:17.063+0800: 102.970: [scrub string table, 0.0007053 secs][1 CMS-remark: 941072K(944236K)] 960976K(1099116K), 0.1480538 secs] [Times: user=0.47 sys=0.00, real=0.15 secs]
         vmop                    [threads: total initially_running wait_to_block]    [time: spin block sync cleanup vmop] page_trap_count
102.818: CMS_Final_Remark                 [      29          1              1    ]      [     0     4     4     0   148    ]  1
2017-11-22T07:08:17.064+0800: 102.971: Total time for which application threads were stopped: 0.1527151 seconds, Stopping threads took: 0.0044083 seconds
2017-11-22T07:08:17.064+0800: 102.971: [CMS-concurrent-sweep-start]
         vmop                    [threads: total initially_running wait_to_block]    [time: spin block sync cleanup vmop] page_trap_count
103.251: RevokeBias                       [      29          0              1    ]      [     0     0     0     0     0    ]  0
2017-11-22T07:08:17.344+0800: 103.251: Total time for which application threads were stopped: 0.0002920 seconds, Stopping threads took: 0.0000918 seconds
         vmop                    [threads: total initially_running wait_to_block]    [time: spin block sync cleanup vmop] page_trap_count
103.298: RevokeBias                       [      29          1              1    ]      [     0     0     0     0     0    ]  1
2017-11-22T07:08:17.391+0800: 103.298: Total time for which application threads were stopped: 0.0003022 seconds, Stopping threads took: 0.0001120 seconds
2017-11-22T07:08:17.581+0800: 103.488: [CMS-concurrent-sweep: 0.516/0.517 secs] [Times: user=0.88 sys=0.00, real=0.52 secs]
2017-11-22T07:08:17.582+0800: 103.489: [CMS-concurrent-reset-start]
2017-11-22T07:08:17.583+0800: 103.490: [GC (Allocation Failure) 2017-11-22T07:08:17.583+0800: 103.490: [ParNew: 154879K->17150K(154880K), 0.2466976 secs] 1087020K->1003119K(1708452K), 0.2467766 secs] [Times: user=0.55 sys=0.04, real=0.24 secs]
         vmop                    [threads: total initially_running wait_to_block]    [time: spin block sync cleanup vmop] page_trap_count
103.489: GenCollectForAllocation          [      29          0              0    ]      [     0     0     0     0   246    ]  0
2017-11-22T07:08:17.830+0800: 103.737: Total time for which application threads were stopped: 0.2470972 seconds, Stopping threads took: 0.0000341 seconds
2017-11-22T07:08:17.852+0800: 103.759: [CMS-concurrent-reset: 0.022/0.269 secs] [Times: user=0.59 sys=0.04, real=0.26 secs]
         vmop                    [threads: total initially_running wait_to_block]    [time: spin block sync cleanup vmop] page_trap_count
103.924: RevokeBias                       [      29          0              1    ]      [     0     0     0     0     0    ]  0
2017-11-22T07:08:18.017+0800: 103.924: Total time for which application threads were stopped: 0.0003991 seconds, Stopping threads took: 0.0002014 seconds
2017-11-22T07:08:18.315+0800: 104.222: [GC (Allocation Failure) 2017-11-22T07:08:18.315+0800: 104.222: [ParNew: 154878K->17150K(154880K), 0.2819093 secs] 1140847K->1056640K(1708452K), 0.2820947 secs] [Times: user=0.55 sys=0.02, real=0.28 secs]
         vmop                    [threads: total initially_running wait_to_block]    [time: spin block sync cleanup vmop] page_trap_count
104.222: GenCollectForAllocation          [      29          0              1    ]      [     0     0     0     0   282    ]  0
2017-11-22T07:08:18.597+0800: 104.504: Total time for which application threads were stopped: 0.2824307 seconds, Stopping threads took: 0.0000495 seconds
         vmop                    [threads: total initially_running wait_to_block]    [time: spin block sync cleanup vmop] page_trap_count
104.597: RevokeBias                       [      29          0              1    ]      [     0     0     0     0     0    ]  0
2017-11-22T07:08:18.691+0800: 104.598: Total time for which application threads were stopped: 0.0002802 seconds, Stopping threads took: 0.0001036 seconds
         vmop                    [threads: total initially_running wait_to_block]    [time: spin block sync cleanup vmop] page_trap_count
104.612: RevokeBias                       [      29          0              1    ]      [     0     0     0     0     0    ]  0
2017-11-22T07:08:18.705+0800: 104.612: Total time for which application threads were stopped: 0.0005363 seconds, Stopping threads took: 0.0003001 seconds
2017-11-22T07:08:19.085+0800: 104.992: [GC (Allocation Failure) 2017-11-22T07:08:19.085+0800: 104.992: [ParNew: 154878K->17150K(154880K), 0.3052910 secs] 1194368K->1110536K(1708452K), 0.3054833 secs] [Times: user=0.66 sys=0.03, real=0.30 secs]
         vmop                    [threads: total initially_running wait_to_block]    [time: spin block sync cleanup vmop] page_trap_count
104.991: GenCollectForAllocation          [      29          0              0    ]      [     0     0     0     0   305    ]  0
2017-11-22T07:08:19.390+0800: 105.298: Total time for which application threads were stopped: 0.3062312 seconds, Stopping threads took: 0.0000429 seconds
         vmop                    [threads: total initially_running wait_to_block]    [time: spin block sync cleanup vmop] page_trap_count
105.329: RevokeBias                       [      29          0              1    ]      [     0     0     0     0     0    ]  0
2017-11-22T07:08:19.422+0800: 105.329: Total time for which application threads were stopped: 0.0001775 seconds, Stopping threads took: 0.0000406 seconds
         vmop                    [threads: total initially_running wait_to_block]    [time: spin block sync cleanup vmop] page_trap_count
105.382: RevokeBias                       [      29          1              1    ]      [     0     0     0     0     0    ]  1
2017-11-22T07:08:19.475+0800: 105.382: Total time for which application threads were stopped: 0.0002948 seconds, Stopping threads took: 0.0000858 seconds
         vmop                    [threads: total initially_running wait_to_block]    [time: spin block sync cleanup vmop] page_trap_count
105.766: RevokeBias                       [      29          0              0    ]      [     0     0     0     0     0    ]  0
2017-11-22T07:08:19.859+0800: 105.766: Total time for which application threads were stopped: 0.0002444 seconds, Stopping threads took: 0.0000616 seconds
2017-11-22T07:08:19.877+0800: 105.784: [GC (Allocation Failure) 2017-11-22T07:08:19.877+0800: 105.784: [ParNew: 154878K->17152K(154880K), 0.3000674 secs] 1248264K->1163643K(1708452K), 0.3001754 secs] [Times: user=0.68 sys=0.01, real=0.30 secs]
         vmop                    [threads: total initially_running wait_to_block]    [time: spin block sync cleanup vmop] page_trap_count
105.784: GenCollectForAllocation          [      29          1              1    ]      [     0     0     0     0   300    ]  1
2017-11-22T07:08:20.178+0800: 106.085: Total time for which application threads were stopped: 0.3005021 seconds, Stopping threads took: 0.0000635 seconds
         vmop                    [threads: total initially_running wait_to_block]    [time: spin block sync cleanup vmop] page_trap_count
106.372: RevokeBias                       [      29          1              1    ]      [     5     0     5     0     0    ]  1
2017-11-22T07:08:20.471+0800: 106.378: Total time for which application threads were stopped: 0.0059740 seconds, Stopping threads took: 0.0056688 seconds
         vmop                    [threads: total initially_running wait_to_block]    [time: spin block sync cleanup vmop] page_trap_count
106.404: RevokeBias                       [      29          1              2    ]      [     0     0     0     0     0    ]  1
2017-11-22T07:08:20.497+0800: 106.404: Total time for which application threads were stopped: 0.0002623 seconds, Stopping threads took: 0.0000881 seconds
2017-11-22T07:08:20.616+0800: 106.523: [GC (Allocation Failure) 2017-11-22T07:08:20.616+0800: 106.523: [ParNew: 154880K->17151K(154880K), 0.2763486 secs] 1301371K->1216783K(1708452K), 0.2764735 secs] [Times: user=0.61 sys=0.01, real=0.27 secs]
         vmop                    [threads: total initially_running wait_to_block]    [time: spin block sync cleanup vmop] page_trap_count
106.523: GenCollectForAllocation          [      29          0              0    ]      [     0     0     0     0   276    ]  0
2017-11-22T07:08:20.893+0800: 106.800: Total time for which application threads were stopped: 0.2769706 seconds, Stopping threads took: 0.0000443 seconds
2017-11-22T07:08:20.893+0800: 106.801: [GC (CMS Initial Mark) [1 CMS-initial-mark: 1199631K(1553572K)] 1219523K(1708452K), 0.0119198 secs] [Times: user=0.01 sys=0.00, real=0.01 secs]
         vmop                    [threads: total initially_running wait_to_block]    [time: spin block sync cleanup vmop] page_trap_count
106.800: CMS_Initial_Mark                 [      29          0              0    ]      [     0     0     0     0    11    ]  0
2017-11-22T07:08:20.905+0800: 106.812: Total time for which application threads were stopped: 0.0121363 seconds, Stopping threads took: 0.0000439 seconds
2017-11-22T07:08:20.906+0800: 106.812: [CMS-concurrent-mark-start]
         vmop                    [threads: total initially_running wait_to_block]    [time: spin block sync cleanup vmop] page_trap_count
107.084: RevokeBias                       [      29          1              1    ]      [     6     0     6     0     0    ]  1
2017-11-22T07:08:21.184+0800: 107.091: Total time for which application threads were stopped: 0.0070043 seconds, Stopping threads took: 0.0065973 seconds
         vmop                    [threads: total initially_running wait_to_block]    [time: spin block sync cleanup vmop] page_trap_count
107.146: RevokeBias                       [      29          1              1    ]      [     0     0     1     0     0    ]  1
2017-11-22T07:08:21.241+0800: 107.148: Total time for which application threads were stopped: 0.0008003 seconds, Stopping threads took: 0.0006276 seconds
2017-11-22T07:08:21.409+0800: 107.316: [GC (Allocation Failure) 2017-11-22T07:08:21.409+0800: 107.316: [ParNew: 154879K->17150K(154880K), 0.2497074 secs] 1354511K->1270085K(1708452K), 0.2497908 secs] [Times: user=0.60 sys=0.02, real=0.25 secs]
         vmop                    [threads: total initially_running wait_to_block]    [time: spin block sync cleanup vmop] page_trap_count
107.310: GenCollectForAllocation          [      29          0              0    ]      [     0     0     5     0   249    ]  0
2017-11-22T07:08:21.659+0800: 107.566: Total time for which application threads were stopped: 0.2503233 seconds, Stopping threads took: 0.0000352 seconds
         vmop                    [threads: total initially_running wait_to_block]    [time: spin block sync cleanup vmop] page_trap_count
107.802: RevokeBias                       [      29          0              0    ]      [     0     0     0     0     0    ]  0
2017-11-22T07:08:21.895+0800: 107.802: Total time for which application threads were stopped: 0.0003071 seconds, Stopping threads took: 0.0000657 seconds
2017-11-22T07:08:22.168+0800: 108.074: [GC (Allocation Failure) 2017-11-22T07:08:22.168+0800: 108.075: [ParNew: 154878K->17150K(154880K), 0.2583915 secs] 1407813K->1322774K(1708452K), 0.2585115 secs] [Times: user=0.60 sys=0.02, real=0.26 secs]
         vmop                    [threads: total initially_running wait_to_block]    [time: spin block sync cleanup vmop] page_trap_count
108.074: GenCollectForAllocation          [      29          0              0    ]      [     0     0     0     0   258    ]  0
2017-11-22T07:08:22.426+0800: 108.333: Total time for which application threads were stopped: 0.2588884 seconds, Stopping threads took: 0.0000518 seconds
         vmop                    [threads: total initially_running wait_to_block]    [time: spin block sync cleanup vmop] page_trap_count
108.378: RevokeBias                       [      29          1              1    ]      [     1     0    14     0     0    ]  1
2017-11-22T07:08:22.485+0800: 108.392: Total time for which application threads were stopped: 0.0023892 seconds, Stopping threads took: 0.0020849 seconds
         vmop                    [threads: total initially_running wait_to_block]    [time: spin block sync cleanup vmop] page_trap_count
108.479: RevokeBias                       [      29          1              2    ]      [     0     0     0     0     0    ]  1
2017-11-22T07:08:22.573+0800: 108.480: Total time for which application threads were stopped: 0.0003676 seconds, Stopping threads took: 0.0000951 seconds
2017-11-22T07:08:22.883+0800: 108.790: [GC (Allocation Failure) 2017-11-22T07:08:22.883+0800: 108.790: [ParNew: 154878K->17150K(154880K), 0.2624239 secs] 1460502K->1376224K(1708452K), 0.2625089 secs] [Times: user=0.61 sys=0.01, real=0.26 secs]
         vmop                    [threads: total initially_running wait_to_block]    [time: spin block sync cleanup vmop] page_trap_count
108.790: GenCollectForAllocation          [      29          0              0    ]      [     0     0     0     0   262    ]  0
2017-11-22T07:08:23.145+0800: 109.052: Total time for which application threads were stopped: 0.2628187 seconds, Stopping threads took: 0.0000613 seconds
         vmop                    [threads: total initially_running wait_to_block]    [time: spin block sync cleanup vmop] page_trap_count
109.272: BulkRevokeBias                   [      29          1              1    ]      [     0     0    31     0     0    ]  1
2017-11-22T07:08:23.397+0800: 109.304: Total time for which application threads were stopped: 0.0005210 seconds, Stopping threads took: 0.0001698 seconds
2017-11-22T07:08:23.611+0800: 109.518: [GC (Allocation Failure) 2017-11-22T07:08:23.611+0800: 109.518: [ParNew: 154878K->17150K(154880K), 0.2234725 secs] 1513952K->1428833K(1708452K), 0.2235607 secs] [Times: user=0.66 sys=0.01, real=0.23 secs]
         vmop                    [threads: total initially_running wait_to_block]    [time: spin block sync cleanup vmop] page_trap_count
109.518: GenCollectForAllocation          [      29          0              0    ]      [     0     0     0     0   223    ]  0
2017-11-22T07:08:23.835+0800: 109.742: Total time for which application threads were stopped: 0.2238563 seconds, Stopping threads took: 0.0000644 seconds
2017-11-22T07:08:24.205+0800: 110.112: [CMS-concurrent-mark: 2.283/3.299 secs] [Times: user=7.77 sys=0.17, real=3.30 secs]
2017-11-22T07:08:24.205+0800: 110.112: [CMS-concurrent-preclean-start]
2017-11-22T07:08:24.300+0800: 110.207: [GC (Allocation Failure) 2017-11-22T07:08:24.300+0800: 110.207: [ParNew: 154878K->17152K(154880K), 0.2498591 secs] 1566561K->1481506K(1708452K), 0.2499582 secs] [Times: user=0.69 sys=0.02, real=0.25 secs]
         vmop                    [threads: total initially_running wait_to_block]    [time: spin block sync cleanup vmop] page_trap_count
110.207: GenCollectForAllocation          [      29          0              0    ]      [     0     0     0     0   250    ]  0
2017-11-22T07:08:24.550+0800: 110.457: Total time for which application threads were stopped: 0.2502579 seconds, Stopping threads took: 0.0000573 seconds
2017-11-22T07:08:25.001+0800: 110.908: [GC (Allocation Failure) 2017-11-22T07:08:25.001+0800: 110.908: [ParNew: 154880K->17150K(154880K), 0.2834883 secs] 1619234K->1534138K(1708452K), 0.2835750 secs] [Times: user=0.82 sys=0.03, real=0.28 secs]
         vmop                    [threads: total initially_running wait_to_block]    [time: spin block sync cleanup vmop] page_trap_count
110.908: GenCollectForAllocation          [      29          0              0    ]      [     0     0     0     0   283    ]  0
2017-11-22T07:08:25.285+0800: 111.192: Total time for which application threads were stopped: 0.2838643 seconds, Stopping threads took: 0.0000551 seconds
2017-11-22T07:08:25.733+0800: 111.640: [CMS-concurrent-preclean: 0.953/1.528 secs] [Times: user=3.43 sys=0.07, real=1.53 secs]
2017-11-22T07:08:25.733+0800: 111.640: [CMS-concurrent-abortable-preclean-start]
2017-11-22T07:08:26.022+0800: 111.929: [GC (Allocation Failure) 2017-11-22T07:08:26.022+0800: 111.929: [ParNew: 154878K->17150K(154880K), 0.3479264 secs] 1671866K->1586800K(1727652K), 0.3480166 secs] [Times: user=0.72 sys=0.02, real=0.34 secs]
         vmop                    [threads: total initially_running wait_to_block]    [time: spin block sync cleanup vmop] page_trap_count
111.928: GenCollectForAllocation          [      29          0              0    ]      [     0     0     0     0   348    ]  0
2017-11-22T07:08:26.370+0800: 112.277: Total time for which application threads were stopped: 0.3483556 seconds, Stopping threads took: 0.0000415 seconds
2017-11-22T07:08:26.373+0800: 112.280: [CMS-concurrent-abortable-preclean: 0.315/0.640 secs] [Times: user=1.24 sys=0.02, real=0.64 secs]
2017-11-22T07:08:26.374+0800: 112.281: [GC (CMS Final Remark) [YG occupancy: 19902 K (154880 K)]2017-11-22T07:08:26.374+0800: 112.281: [Rescan (parallel) , 0.1032607 secs]2017-11-22T07:08:26.477+0800: 112.384: [weak refs processing, 0.0000882 secs]2017-11-22T07:08:26.477+0800: 112.384: [class unloading, 0.0098776 secs]2017-11-22T07:08:26.487+0800: 112.394: [scrub symbol table, 0.0061776 secs]2017-11-22T07:08:26.493+0800: 112.400: [scrub string table, 0.0009138 secs][1 CMS-remark: 1569649K(1572772K)] 1589552K(1727652K), 0.1206556 secs] [Times: user=0.33 sys=0.00, real=0.12 secs]
         vmop                    [threads: total initially_running wait_to_block]    [time: spin block sync cleanup vmop] page_trap_count
112.280: CMS_Final_Remark                 [      29          0              0    ]      [     0     0     0     0   120    ]  0
2017-11-22T07:08:26.494+0800: 112.401: Total time for which application threads were stopped: 0.1208891 seconds, Stopping threads took: 0.0000424 seconds
2017-11-22T07:08:26.494+0800: 112.401: [CMS-concurrent-sweep-start]
2017-11-22T07:08:27.024+0800: 112.931: [GC (Allocation Failure) 2017-11-22T07:08:27.025+0800: 112.931: [ParNew: 154878K->17150K(154880K), 0.2914120 secs] 1723696K->1641748K(1782756K), 0.2915120 secs] [Times: user=0.57 sys=0.05, real=0.29 secs]
         vmop                    [threads: total initially_running wait_to_block]    [time: spin block sync cleanup vmop] page_trap_count
112.931: GenCollectForAllocation          [      29          0              0    ]      [     0     0     0     0   291    ]  0
2017-11-22T07:08:27.316+0800: 113.223: Total time for which application threads were stopped: 0.2918319 seconds, Stopping threads took: 0.0000663 seconds
2017-11-22T07:08:27.649+0800: 113.556: [GC (Allocation Failure) 2017-11-22T07:08:27.649+0800: 113.556: [ParNew: 154878K->17150K(154880K), 0.3578170 secs] 1778461K->1700062K(1841316K), 0.3579015 secs] [Times: user=0.57 sys=0.03, real=0.36 secs]
         vmop                    [threads: total initially_running wait_to_block]    [time: spin block sync cleanup vmop] page_trap_count
113.556: GenCollectForAllocation          [      29          0              0    ]      [     0     0     0     0   357    ]  0
2017-11-22T07:08:28.007+0800: 113.914: Total time for which application threads were stopped: 0.3581702 seconds, Stopping threads took: 0.0000405 seconds
2017-11-22T07:08:28.286+0800: 114.193: [CMS-concurrent-sweep: 1.142/1.792 secs] [Times: user=3.42 sys=0.10, real=1.79 secs]
2017-11-22T07:08:28.289+0800: 114.196: [CMS-concurrent-reset-start]
2017-11-22T07:08:28.312+0800: 114.219: [CMS-concurrent-reset: 0.023/0.023 secs] [Times: user=0.05 sys=0.01, real=0.02 secs]
2017-11-22T07:08:28.339+0800: 114.246: [GC (Allocation Failure) 2017-11-22T07:08:28.339+0800: 114.246: [ParNew: 154878K->17152K(154880K), 0.3134169 secs] 1837790K->1758838K(2959736K), 0.3135257 secs] [Times: user=0.57 sys=0.01, real=0.31 secs]
         vmop                    [threads: total initially_running wait_to_block]    [time: spin block sync cleanup vmop] page_trap_count
114.245: GenCollectForAllocation          [      29          0              0    ]      [     0     0     0     0   313    ]  0
2017-11-22T07:08:28.652+0800: 114.559: Total time for which application threads were stopped: 0.3138753 seconds, Stopping threads took: 0.0000378 seconds
2017-11-22T07:08:28.965+0800: 114.872: [GC (Allocation Failure) 2017-11-22T07:08:28.965+0800: 114.872: [ParNew: 154880K->17151K(154880K), 0.3411997 secs] 1896566K->1817645K(2959736K), 0.3413103 secs] [Times: user=0.63 sys=0.03, real=0.34 secs]
         vmop                    [threads: total initially_running wait_to_block]    [time: spin block sync cleanup vmop] page_trap_count
114.872: GenCollectForAllocation          [      29          0              0    ]      [     0     0     0     0   341    ]  0
2017-11-22T07:08:29.307+0800: 115.214: Total time for which application threads were stopped: 0.3416444 seconds, Stopping threads took: 0.0000556 seconds
2017-11-22T07:08:29.877+0800: 115.784: [GC (Allocation Failure) 2017-11-22T07:08:29.877+0800: 115.784: [ParNew: 154879K->17150K(154880K), 0.3273952 secs] 1955373K->1876601K(2959736K), 0.3274869 secs] [Times: user=0.62 sys=0.03, real=0.33 secs]
         vmop                    [threads: total initially_running wait_to_block]    [time: spin block sync cleanup vmop] page_trap_count
115.784: GenCollectForAllocation          [      29          0              0    ]      [     0     0     0     0   327    ]  0
2017-11-22T07:08:30.205+0800: 116.112: Total time for which application threads were stopped: 0.3277922 seconds, Stopping threads took: 0.0000538 seconds
2017-11-22T07:08:30.531+0800: 116.438: [GC (Allocation Failure) 2017-11-22T07:08:30.531+0800: 116.438: [ParNew: 154878K->17150K(154880K), 0.3352246 secs] 2014329K->1935473K(2959736K), 0.3353069 secs] [Times: user=0.65 sys=0.02, real=0.34 secs]
         vmop                    [threads: total initially_running wait_to_block]    [time: spin block sync cleanup vmop] page_trap_count
116.438: GenCollectForAllocation          [      29          0              0    ]      [     0     0     0     0   335    ]  0
2017-11-22T07:08:30.866+0800: 116.773: Total time for which application threads were stopped: 0.3355410 seconds, Stopping threads took: 0.0000308 seconds
2017-11-22T07:08:31.174+0800: 117.081: [GC (Allocation Failure) 2017-11-22T07:08:31.174+0800: 117.081: [ParNew: 154878K->17150K(154880K), 0.2658335 secs] 2073201K->1994761K(2959736K), 0.2659445 secs] [Times: user=0.51 sys=0.02, real=0.26 secs]
         vmop                    [threads: total initially_running wait_to_block]    [time: spin block sync cleanup vmop] page_trap_count
117.081: GenCollectForAllocation          [      29          0              0    ]      [     0     0     0     0   266    ]  0
2017-11-22T07:08:31.440+0800: 117.347: Total time for which application threads were stopped: 0.2663519 seconds, Stopping threads took: 0.0000548 seconds
2017-11-22T07:08:31.747+0800: 117.654: [GC (Allocation Failure) 2017-11-22T07:08:31.747+0800: 117.654: [ParNew: 154878K->17152K(154880K), 0.2954437 secs] 2132489K->2053741K(2959736K), 0.2955666 secs] [Times: user=0.61 sys=0.02, real=0.30 secs]
         vmop                    [threads: total initially_running wait_to_block]    [time: spin block sync cleanup vmop] page_trap_count
117.654: GenCollectForAllocation          [      29          0              0    ]      [     0     0     0     0   295    ]  0
2017-11-22T07:08:32.043+0800: 117.950: Total time for which application threads were stopped: 0.2960014 seconds, Stopping threads took: 0.0000394 seconds
2017-11-22T07:08:32.366+0800: 118.273: [GC (Allocation Failure) 2017-11-22T07:08:32.366+0800: 118.273: [ParNew: 154880K->17151K(154880K), 0.2847779 secs] 2191469K->2112788K(2959736K), 0.2848644 secs] [Times: user=0.61 sys=0.01, real=0.28 secs]
         vmop                    [threads: total initially_running wait_to_block]    [time: spin block sync cleanup vmop] page_trap_count
118.273: GenCollectForAllocation          [      29          0              0    ]      [     0     0     0     0   284    ]  0
2017-11-22T07:08:32.651+0800: 118.558: Total time for which application threads were stopped: 0.2851158 seconds, Stopping threads took: 0.0000325 seconds
2017-11-22T07:08:33.087+0800: 118.994: [GC (Allocation Failure) 2017-11-22T07:08:33.087+0800: 118.994: [ParNew: 154879K->17150K(154880K), 0.3988338 secs] 2250516K->2171807K(2959736K), 0.3989374 secs] [Times: user=0.74 sys=0.03, real=0.40 secs]
         vmop                    [threads: total initially_running wait_to_block]    [time: spin block sync cleanup vmop] page_trap_count
118.994: GenCollectForAllocation          [      29          0              0    ]      [     0     0     0     0   399    ]  0
2017-11-22T07:08:33.486+0800: 119.393: Total time for which application threads were stopped: 0.3993304 seconds, Stopping threads took: 0.0000689 seconds
2017-11-22T07:08:33.511+0800: 119.418: [GC (CMS Initial Mark) [1 CMS-initial-mark: 2154656K(2804856K)] 2180089K(2959736K), 0.0109341 secs] [Times: user=0.02 sys=0.00, real=0.02 secs]
         vmop                    [threads: total initially_running wait_to_block]    [time: spin block sync cleanup vmop] page_trap_count
119.417: CMS_Initial_Mark                 [      29          1              1    ]      [     1     0     1     0    10    ]  1
2017-11-22T07:08:33.522+0800: 119.429: Total time for which application threads were stopped: 0.0121828 seconds, Stopping threads took: 0.0011230 seconds
2017-11-22T07:08:33.522+0800: 119.429: [CMS-concurrent-mark-start]
2017-11-22T07:08:33.908+0800: 119.815: [GC (Allocation Failure) 2017-11-22T07:08:33.909+0800: 119.815: [ParNew: 154878K->17150K(154880K), 0.4027674 secs] 2309535K->2230983K(2959736K), 0.4028788 secs] [Times: user=0.79 sys=0.03, real=0.40 secs]
         vmop                    [threads: total initially_running wait_to_block]    [time: spin block sync cleanup vmop] page_trap_count
119.815: GenCollectForAllocation          [      29          0              0    ]      [     0     0     0     0   403    ]  0
2017-11-22T07:08:34.312+0800: 120.219: Total time for which application threads were stopped: 0.4033121 seconds, Stopping threads took: 0.0000427 seconds
2017-11-22T07:08:34.829+0800: 120.736: [GC (Allocation Failure) 2017-11-22T07:08:34.829+0800: 120.736: [ParNew: 154878K->17150K(154880K), 0.3796115 secs] 2368711K->2290147K(2959736K), 0.3797521 secs] [Times: user=0.87 sys=0.03, real=0.38 secs]
         vmop                    [threads: total initially_running wait_to_block]    [time: spin block sync cleanup vmop] page_trap_count
120.736: GenCollectForAllocation          [      29          0              0    ]      [     0     0     0     0   379    ]  0
2017-11-22T07:08:35.209+0800: 121.116: Total time for which application threads were stopped: 0.3802247 seconds, Stopping threads took: 0.0000406 seconds
2017-11-22T07:08:35.723+0800: 121.630: [GC (Allocation Failure) 2017-11-22T07:08:35.724+0800: 121.631: [ParNew: 154878K->17150K(154880K), 0.3148883 secs] 2427875K->2349406K(2959736K), 0.3149955 secs] [Times: user=0.65 sys=0.02, real=0.31 secs]
         vmop                    [threads: total initially_running wait_to_block]    [time: spin block sync cleanup vmop] page_trap_count
121.630: GenCollectForAllocation          [      29          0              0    ]      [     0     0     0     0   315    ]  0
2017-11-22T07:08:36.039+0800: 121.946: Total time for which application threads were stopped: 0.3154097 seconds, Stopping threads took: 0.0000568 seconds
2017-11-22T07:08:36.760+0800: 122.667: [GC (Allocation Failure) 2017-11-22T07:08:36.760+0800: 122.667: [ParNew: 154878K->17152K(154880K), 0.4204923 secs] 2487134K->2408542K(2959736K), 0.4206237 secs] [Times: user=0.77 sys=0.03, real=0.42 secs]
         vmop                    [threads: total initially_running wait_to_block]    [time: spin block sync cleanup vmop] page_trap_count
122.666: GenCollectForAllocation          [      29          0              0    ]      [     0     0     0     0   420    ]  0
2017-11-22T07:08:37.180+0800: 123.087: Total time for which application threads were stopped: 0.4210539 seconds, Stopping threads took: 0.0000540 seconds
2017-11-22T07:08:37.570+0800: 123.477: [GC (Allocation Failure) 2017-11-22T07:08:37.570+0800: 123.477: [ParNew: 154880K->17151K(154880K), 0.2854280 secs] 2546270K->2467341K(2959736K), 0.2855068 secs] [Times: user=0.70 sys=0.02, real=0.29 secs]
         vmop                    [threads: total initially_running wait_to_block]    [time: spin block sync cleanup vmop] page_trap_count
123.477: GenCollectForAllocation          [      29          0              0    ]      [     0     0     0     0   285    ]  0
2017-11-22T07:08:37.856+0800: 123.762: Total time for which application threads were stopped: 0.2857590 seconds, Stopping threads took: 0.0000344 seconds
2017-11-22T07:08:38.217+0800: 124.124: [GC (Allocation Failure) 2017-11-22T07:08:38.217+0800: 124.124: [ParNew: 154879K->17150K(154880K), 0.3345255 secs] 2605069K->2526557K(2959736K), 0.3346653 secs] [Times: user=0.74 sys=0.02, real=0.33 secs]
         vmop                    [threads: total initially_running wait_to_block]    [time: spin block sync cleanup vmop] page_trap_count
124.120: GenCollectForAllocation          [      29          0              0    ]      [     0     0     3     0   334    ]  0
2017-11-22T07:08:38.552+0800: 124.459: Total time for which application threads were stopped: 0.3350298 seconds, Stopping threads took: 0.0000511 seconds
2017-11-22T07:08:39.052+0800: 124.959: [GC (Allocation Failure) 2017-11-22T07:08:39.053+0800: 124.959: [ParNew: 154878K->17150K(154880K), 0.3347266 secs] 2664285K->2585808K(2959736K), 0.3348064 secs] [Times: user=0.66 sys=0.02, real=0.34 secs]
         vmop                    [threads: total initially_running wait_to_block]    [time: spin block sync cleanup vmop] page_trap_count
124.959: GenCollectForAllocation          [      29          0              0    ]      [     0     0     0     0   334    ]  0
2017-11-22T07:08:39.387+0800: 125.294: Total time for which application threads were stopped: 0.3350569 seconds, Stopping threads took: 0.0000325 seconds
         vmop                    [threads: total initially_running wait_to_block]    [time: spin block sync cleanup vmop] page_trap_count
125.691: RevokeBias                       [      29          1              1    ]      [     0     0     0     0     0    ]  1
2017-11-22T07:08:39.785+0800: 125.692: Total time for which application threads were stopped: 0.0003570 seconds, Stopping threads took: 0.0000786 seconds
2017-11-22T07:08:39.825+0800: 125.732: [GC (Allocation Failure) 2017-11-22T07:08:39.825+0800: 125.732: [ParNew: 154878K->17150K(154880K), 0.3479311 secs] 2723536K->2644945K(2959736K), 0.3480486 secs] [Times: user=0.77 sys=0.03, real=0.35 secs]
         vmop                    [threads: total initially_running wait_to_block]    [time: spin block sync cleanup vmop] page_trap_count
125.732: GenCollectForAllocation          [      28          0              0    ]      [     0     0     0     0   348    ]  0
2017-11-22T07:08:40.173+0800: 126.080: Total time for which application threads were stopped: 0.3484586 seconds, Stopping threads took: 0.0000436 seconds
2017-11-22T07:08:40.649+0800: 126.556: [GC (Allocation Failure) 2017-11-22T07:08:40.649+0800: 126.556: [ParNew: 154878K->17150K(154880K), 0.2666510 secs] 2782673K->2704264K(2959736K), 0.2667277 secs] [Times: user=0.75 sys=0.01, real=0.27 secs]
         vmop                    [threads: total initially_running wait_to_block]    [time: spin block sync cleanup vmop] page_trap_count
126.555: GenCollectForAllocation          [      28          0              0    ]      [     0     0     0     0   266    ]  0
2017-11-22T07:08:40.916+0800: 126.823: Total time for which application threads were stopped: 0.2670686 seconds, Stopping threads took: 0.0000334 seconds
2017-11-22T07:08:41.213+0800: 127.120: [CMS-concurrent-mark: 4.586/7.691 secs] [Times: user=17.27 sys=0.42, real=7.69 secs]
2017-11-22T07:08:41.213+0800: 127.120: [CMS-concurrent-preclean-start]
2017-11-22T07:08:41.297+0800: 127.204: [GC (Allocation Failure) 2017-11-22T07:08:41.298+0800: 127.205: [ParNew: 154878K->17152K(154880K), 0.3109472 secs] 2841992K->2763533K(2959736K), 0.3110320 secs] [Times: user=0.69 sys=0.03, real=0.31 secs]
         vmop                    [threads: total initially_running wait_to_block]    [time: spin block sync cleanup vmop] page_trap_count
127.204: GenCollectForAllocation          [      28          0              0    ]      [     0     0     0     0   311    ]  0
2017-11-22T07:08:41.609+0800: 127.516: Total time for which application threads were stopped: 0.3112978 seconds, Stopping threads took: 0.0000482 seconds
2017-11-22T07:08:41.973+0800: 127.880: [GC (Allocation Failure) 2017-11-22T07:08:41.973+0800: 127.880: [ParNew: 154880K->17151K(154880K), 0.2762002 secs] 2901261K->2822790K(2963384K), 0.2763151 secs] [Times: user=0.65 sys=0.02, real=0.27 secs]
         vmop                    [threads: total initially_running wait_to_block]    [time: spin block sync cleanup vmop] page_trap_count
127.880: GenCollectForAllocation          [      28          0              0    ]      [     0     0     0     0   276    ]  0
2017-11-22T07:08:42.249+0800: 128.156: Total time for which application threads were stopped: 0.2766782 seconds, Stopping threads took: 0.0000420 seconds
2017-11-22T07:08:42.589+0800: 128.496: [GC (Allocation Failure) 2017-11-22T07:08:42.589+0800: 128.496: [ParNew: 154879K->17151K(154880K), 0.3758326 secs] 2960518K->2882008K(3022328K), 0.3759229 secs] [Times: user=0.85 sys=0.03, real=0.38 secs]
         vmop                    [threads: total initially_running wait_to_block]    [time: spin block sync cleanup vmop] page_trap_count
128.495: GenCollectForAllocation          [      28          0              0    ]      [     0     0     0     0   376    ]  0
2017-11-22T07:08:42.975+0800: 128.882: Total time for which application threads were stopped: 0.3862513 seconds, Stopping threads took: 0.0000521 seconds
2017-11-22T07:08:43.414+0800: 129.321: [GC (Allocation Failure) 2017-11-22T07:08:43.414+0800: 129.321: [ParNew: 154879K->17150K(154880K), 0.3092985 secs] 3019736K->2941249K(3081848K), 0.3094034 secs] [Times: user=0.77 sys=0.03, real=0.31 secs]
         vmop                    [threads: total initially_running wait_to_block]    [time: spin block sync cleanup vmop] page_trap_count
129.321: GenCollectForAllocation          [      28          0              0    ]      [     0     0     0     0   309    ]  0
2017-11-22T07:08:43.724+0800: 129.631: Total time for which application threads were stopped: 0.3097200 seconds, Stopping threads took: 0.0000746 seconds
2017-11-22T07:08:44.203+0800: 130.110: [CMS-concurrent-preclean: 1.658/2.990 secs] [Times: user=6.21 sys=0.17, real=2.99 secs]
2017-11-22T07:08:44.203+0800: 130.110: [CMS-concurrent-abortable-preclean-start]
2017-11-22T07:08:44.238+0800: 130.145: [GC (Allocation Failure) 2017-11-22T07:08:44.238+0800: 130.145: [ParNew: 154878K->17150K(154880K), 0.3395411 secs] 3078977K->3000578K(3140984K), 0.3396535 secs] [Times: user=0.82 sys=0.03, real=0.34 secs]
         vmop                    [threads: total initially_running wait_to_block]    [time: spin block sync cleanup vmop] page_trap_count
130.144: GenCollectForAllocation          [      28          0              0    ]      [     0     0     0     0   339    ]  0
2017-11-22T07:08:44.577+0800: 130.484: Total time for which application threads were stopped: 0.3399482 seconds, Stopping threads took: 0.0000546 seconds
2017-11-22T07:08:44.950+0800: 130.857: [GC (Allocation Failure) 2017-11-22T07:08:44.950+0800: 130.857: [ParNew: 154878K->17150K(154880K), 0.3705520 secs] 3138306K->3059882K(3200120K), 0.3706386 secs] [Times: user=0.75 sys=0.04, real=0.37 secs]
         vmop                    [threads: total initially_running wait_to_block]    [time: spin block sync cleanup vmop] page_trap_count
130.857: GenCollectForAllocation          [      28          0              0    ]      [     0     0     0     0   370    ]  0
2017-11-22T07:08:45.321+0800: 131.228: Total time for which application threads were stopped: 0.3709489 seconds, Stopping threads took: 0.0000360 seconds
2017-11-22T07:08:45.327+0800: 131.234: [CMS-concurrent-abortable-preclean: 0.384/1.124 secs] [Times: user=2.42 sys=0.08, real=1.12 secs]
2017-11-22T07:08:45.328+0800: 131.235: [GC (CMS Final Remark) [YG occupancy: 22704 K (154880 K)]2017-11-22T07:08:45.328+0800: 131.235: [Rescan (parallel) , 0.0817687 secs]2017-11-22T07:08:45.410+0800: 131.317: [weak refs processing, 0.0000771 secs]2017-11-22T07:08:45.410+0800: 131.317: [class unloading, 0.0075801 secs]2017-11-22T07:08:45.417+0800: 131.324: [scrub symbol table, 0.0044624 secs]2017-11-22T07:08:45.422+0800: 131.329: [scrub string table, 0.0006566 secs][1 CMS-remark: 3042732K(3045240K)] 3065436K(3200120K), 0.0948034 secs] [Times: user=0.34 sys=0.00, real=0.10 secs]
         vmop                    [threads: total initially_running wait_to_block]    [time: spin block sync cleanup vmop] page_trap_count
131.234: CMS_Final_Remark                 [      28          1              1    ]      [     0     0     0     0    94    ]  1
2017-11-22T07:08:45.423+0800: 131.330: Total time for which application threads were stopped: 0.0951257 seconds, Stopping threads took: 0.0001210 seconds
2017-11-22T07:08:45.423+0800: 131.330: [CMS-concurrent-sweep-start]
2017-11-22T07:08:45.745+0800: 131.652: [GC (Allocation Failure) 2017-11-22T07:08:45.745+0800: 131.652: [ParNew: 154878K->17150K(154880K), 0.3528875 secs] 3197170K->3118782K(3258872K), 0.3530130 secs] [Times: user=0.66 sys=0.06, real=0.35 secs]
         vmop                    [threads: total initially_running wait_to_block]    [time: spin block sync cleanup vmop] page_trap_count
131.651: GenCollectForAllocation          [      28          0              0    ]      [     0     0     0     0   353    ]  0
2017-11-22T07:08:46.098+0800: 132.005: Total time for which application threads were stopped: 0.3534449 seconds, Stopping threads took: 0.0000427 seconds
2017-11-22T07:08:46.469+0800: 132.376: [GC (Allocation Failure) 2017-11-22T07:08:46.470+0800: 132.376: [ParNew: 154878K->17152K(154880K), 0.4487290 secs] 3256472K->3177972K(3318200K), 0.4488253 secs] [Times: user=0.83 sys=0.03, real=0.45 secs]
         vmop                    [threads: total initially_running wait_to_block]    [time: spin block sync cleanup vmop] page_trap_count
132.376: GenCollectForAllocation          [      28          0              0    ]      [     0     0     0     0   448    ]  0
2017-11-22T07:08:46.918+0800: 132.825: Total time for which application threads were stopped: 0.4491638 seconds, Stopping threads took: 0.0000354 seconds
2017-11-22T07:08:47.273+0800: 133.180: [GC (Allocation Failure) 2017-11-22T07:08:47.273+0800: 133.180: [ParNew: 154880K->17151K(154880K), 0.3448375 secs] 3314044K->3235657K(3375992K), 0.3449505 secs] [Times: user=0.71 sys=0.04, real=0.34 secs]
         vmop                    [threads: total initially_running wait_to_block]    [time: spin block sync cleanup vmop] page_trap_count
133.179: GenCollectForAllocation          [      28          0              0    ]      [     0     0     1     0   345    ]  0
2017-11-22T07:08:47.618+0800: 133.525: Total time for which application threads were stopped: 0.3453150 seconds, Stopping threads took: 0.0000397 seconds
2017-11-22T07:08:48.244+0800: 134.151: [GC (Allocation Failure) 2017-11-22T07:08:48.244+0800: 134.151: [ParNew: 154879K->17150K(154880K), 0.3465889 secs] 3371844K->3293431K(3433784K), 0.3466743 secs] [Times: user=0.72 sys=0.03, real=0.34 secs]
         vmop                    [threads: total initially_running wait_to_block]    [time: spin block sync cleanup vmop] page_trap_count
134.150: GenCollectForAllocation          [      28          0              0    ]      [     0     0     0     0   346    ]  0
2017-11-22T07:08:48.590+0800: 134.497: Total time for which application threads were stopped: 0.3471486 seconds, Stopping threads took: 0.0000354 seconds
2017-11-22T07:08:48.690+0800: 134.597: [CMS-concurrent-sweep: 1.790/3.267 secs] [Times: user=6.08 sys=0.22, real=3.26 secs]
2017-11-22T07:08:48.694+0800: 134.601: [CMS-concurrent-reset-start]
2017-11-22T07:08:48.722+0800: 134.629: [CMS-concurrent-reset: 0.027/0.027 secs] [Times: user=0.06 sys=0.01, real=0.03 secs]
2017-11-22T07:08:48.974+0800: 134.881: [GC (Allocation Failure) 2017-11-22T07:08:48.974+0800: 134.881: [ParNew: 154878K->17150K(154880K), 0.3045716 secs] 3431159K->3352739K(5615348K), 0.3046673 secs] [Times: user=0.76 sys=0.01, real=0.30 secs]
         vmop                    [threads: total initially_running wait_to_block]    [time: spin block sync cleanup vmop] page_trap_count
134.881: GenCollectForAllocation          [      28          0              0    ]      [     0     0     0     0   304    ]  0
2017-11-22T07:08:49.279+0800: 135.186: Total time for which application threads were stopped: 0.3049871 seconds, Stopping threads took: 0.0000419 seconds
2017-11-22T07:08:49.786+0800: 135.693: [GC (Allocation Failure) 2017-11-22T07:08:49.786+0800: 135.693: [ParNew: 154878K->17150K(154880K), 0.2850089 secs] 3490467K->3412060K(5615348K), 0.2851101 secs] [Times: user=0.79 sys=0.03, real=0.28 secs]
         vmop                    [threads: total initially_running wait_to_block]    [time: spin block sync cleanup vmop] page_trap_count
135.693: GenCollectForAllocation          [      28          0              0    ]      [     0     0     0     0   285    ]  0
2017-11-22T07:08:50.071+0800: 135.978: Total time for which application threads were stopped: 0.2853985 seconds, Stopping threads took: 0.0000529 seconds
2017-11-22T07:08:50.421+0800: 136.328: [GC (Allocation Failure) 2017-11-22T07:08:50.421+0800: 136.328: [ParNew: 154878K->17150K(154880K), 0.2729685 secs] 3549788K->3471306K(5615348K), 0.2730504 secs] [Times: user=0.75 sys=0.02, real=0.27 secs]
         vmop                    [threads: total initially_running wait_to_block]    [time: spin block sync cleanup vmop] page_trap_count
136.328: GenCollectForAllocation          [      28          0              0    ]      [     0     0     0     0   273    ]  0
2017-11-22T07:08:50.694+0800: 136.601: Total time for which application threads were stopped: 0.2733329 seconds, Stopping threads took: 0.0000340 seconds
2017-11-22T07:08:51.222+0800: 137.129: [GC (Allocation Failure) 2017-11-22T07:08:51.222+0800: 137.129: [ParNew: 154878K->17150K(154880K), 0.3083872 secs] 3609034K->3530575K(5615348K), 0.3084854 secs] [Times: user=0.69 sys=0.03, real=0.30 secs]
         vmop                    [threads: total initially_running wait_to_block]    [time: spin block sync cleanup vmop] page_trap_count
137.129: GenCollectForAllocation          [      28          0              0    ]      [     0     0     0     0   308    ]  0
2017-11-22T07:08:51.530+0800: 137.437: Total time for which application threads were stopped: 0.3087983 seconds, Stopping threads took: 0.0000566 seconds
2017-11-22T07:08:51.860+0800: 137.767: [GC (Allocation Failure) 2017-11-22T07:08:51.860+0800: 137.767: [ParNew: 154878K->17152K(154880K), 0.3770171 secs] 3668303K->3589882K(5615348K), 0.3771287 secs] [Times: user=0.76 sys=0.00, real=0.38 secs]
         vmop                    [threads: total initially_running wait_to_block]    [time: spin block sync cleanup vmop] page_trap_count
137.767: GenCollectForAllocation          [      28          0              1    ]      [     0     0     0     0   377    ]  0
2017-11-22T07:08:52.237+0800: 138.144: Total time for which application threads were stopped: 0.3775900 seconds, Stopping threads took: 0.0000469 seconds
2017-11-22T07:08:52.745+0800: 138.652: [GC (Allocation Failure) 2017-11-22T07:08:52.745+0800: 138.652: [ParNew: 154880K->17151K(154880K), 0.3563105 secs] 3727610K->3649141K(5615348K), 0.3564110 secs] [Times: user=0.79 sys=0.02, real=0.36 secs]
         vmop                    [threads: total initially_running wait_to_block]    [time: spin block sync cleanup vmop] page_trap_count
138.652: GenCollectForAllocation          [      28          0              1    ]      [     0     0     0     0   356    ]  0
2017-11-22T07:08:53.101+0800: 139.008: Total time for which application threads were stopped: 0.3567519 seconds, Stopping threads took: 0.0000771 seconds
2017-11-22T07:08:53.703+0800: 139.610: [GC (Allocation Failure) 2017-11-22T07:08:53.703+0800: 139.610: [ParNew: 154879K->17151K(154880K), 0.3021060 secs] 3786869K->3708374K(5615348K), 0.3022009 secs] [Times: user=0.68 sys=0.02, real=0.30 secs]
         vmop                    [threads: total initially_running wait_to_block]    [time: spin block sync cleanup vmop] page_trap_count
139.610: GenCollectForAllocation          [      28          0              0    ]      [     0     0     0     0   302    ]  0
2017-11-22T07:08:54.005+0800: 139.912: Total time for which application threads were stopped: 0.3024693 seconds, Stopping threads took: 0.0000347 seconds
2017-11-22T07:08:54.536+0800: 140.443: [GC (Allocation Failure) 2017-11-22T07:08:54.536+0800: 140.443: [ParNew: 154879K->17150K(154880K), 0.2937621 secs] 3846102K->3767568K(5615348K), 0.2938559 secs] [Times: user=0.71 sys=0.02, real=0.29 secs]
         vmop                    [threads: total initially_running wait_to_block]    [time: spin block sync cleanup vmop] page_trap_count
140.443: GenCollectForAllocation          [      28          0              1    ]      [     0     0     0     0   293    ]  0
2017-11-22T07:08:54.830+0800: 140.737: Total time for which application threads were stopped: 0.2941492 seconds, Stopping threads took: 0.0000559 seconds
2017-11-22T07:08:55.242+0800: 141.149: [GC (Allocation Failure) 2017-11-22T07:08:55.242+0800: 141.149: [ParNew: 154878K->17150K(154880K), 0.3601573 secs] 3905296K->3826799K(5615348K), 0.3602475 secs] [Times: user=0.71 sys=0.02, real=0.36 secs]
         vmop                    [threads: total initially_running wait_to_block]    [time: spin block sync cleanup vmop] page_trap_count
141.149: GenCollectForAllocation          [      28          0              0    ]      [     0     0     0     0   360    ]  0
2017-11-22T07:08:55.602+0800: 141.509: Total time for which application threads were stopped: 0.3605428 seconds, Stopping threads took: 0.0000318 seconds
2017-11-22T07:08:56.025+0800: 141.932: [GC (Allocation Failure) 2017-11-22T07:08:56.025+0800: 141.932: [ParNew: 154878K->17150K(154880K), 0.3326744 secs] 3964527K->3885947K(5615348K), 0.3327746 secs] [Times: user=0.63 sys=0.03, real=0.33 secs]
         vmop                    [threads: total initially_running wait_to_block]    [time: spin block sync cleanup vmop] page_trap_count
141.932: GenCollectForAllocation          [      28          0              0    ]      [     0     0     0     0   332    ]  0
2017-11-22T07:08:56.358+0800: 142.265: Total time for which application threads were stopped: 0.3331386 seconds, Stopping threads took: 0.0000379 seconds
2017-11-22T07:08:56.684+0800: 142.591: [GC (Allocation Failure) 2017-11-22T07:08:56.684+0800: 142.591: [ParNew: 154878K->17150K(154880K), 0.3415562 secs] 4023675K->3945131K(5615348K), 0.3416419 secs] [Times: user=0.73 sys=0.01, real=0.34 secs]
         vmop                    [threads: total initially_running wait_to_block]    [time: spin block sync cleanup vmop] page_trap_count
142.591: GenCollectForAllocation          [      28          0              1    ]      [     0     0     0     0   341    ]  0
2017-11-22T07:08:57.026+0800: 142.933: Total time for which application threads were stopped: 0.3419451 seconds, Stopping threads took: 0.0000506 seconds
2017-11-22T07:08:57.475+0800: 143.382: [GC (Allocation Failure) 2017-11-22T07:08:57.475+0800: 143.382: [ParNew: 154878K->17152K(154880K), 0.3107303 secs] 4082859K->4004257K(5615348K), 0.3108207 secs] [Times: user=0.74 sys=0.03, real=0.31 secs]
         vmop                    [threads: total initially_running wait_to_block]    [time: spin block sync cleanup vmop] page_trap_count
143.381: GenCollectForAllocation          [      28          0              1    ]      [     0     0     0     0   310    ]  0
2017-11-22T07:08:57.785+0800: 143.692: Total time for which application threads were stopped: 0.3111153 seconds, Stopping threads took: 0.0000588 seconds
2017-11-22T07:08:58.333+0800: 144.240: [GC (Allocation Failure) 2017-11-22T07:08:58.333+0800: 144.240: [ParNew: 154880K->17151K(154880K), 0.3670300 secs] 4141985K->4063364K(5615348K), 0.3671184 secs] [Times: user=0.74 sys=0.02, real=0.36 secs]
         vmop                    [threads: total initially_running wait_to_block]    [time: spin block sync cleanup vmop] page_trap_count
144.240: GenCollectForAllocation          [      28          0              0    ]      [     0     0     0     0   367    ]  0
2017-11-22T07:08:58.700+0800: 144.607: Total time for which application threads were stopped: 0.3674180 seconds, Stopping threads took: 0.0000536 seconds
2017-11-22T07:08:59.222+0800: 145.129: [GC (Allocation Failure) 2017-11-22T07:08:59.222+0800: 145.129: [ParNew: 154879K->17150K(154880K), 0.3071389 secs] 4201092K->4122507K(5615348K), 0.3072369 secs] [Times: user=0.78 sys=0.02, real=0.30 secs]
         vmop                    [threads: total initially_running wait_to_block]    [time: spin block sync cleanup vmop] page_trap_count
145.128: GenCollectForAllocation          [      28          0              0    ]      [     0     0     0     0   307    ]  0
2017-11-22T07:08:59.529+0800: 145.436: Total time for which application threads were stopped: 0.3075989 seconds, Stopping threads took: 0.0000587 seconds
2017-11-22T07:08:59.846+0800: 145.753: [GC (Allocation Failure) 2017-11-22T07:08:59.846+0800: 145.753: [ParNew: 154878K->17150K(154880K), 0.3186028 secs] 4260235K->4181785K(5615348K), 0.3187109 secs] [Times: user=0.68 sys=0.01, real=0.32 secs]
         vmop                    [threads: total initially_running wait_to_block]    [time: spin block sync cleanup vmop] page_trap_count
145.753: GenCollectForAllocation          [      28          0              1    ]      [     0     0     0     0   318    ]  0
2017-11-22T07:09:00.165+0800: 146.072: Total time for which application threads were stopped: 0.3190248 seconds, Stopping threads took: 0.0000440 seconds
2017-11-22T07:09:00.656+0800: 146.563: [GC (Allocation Failure) 2017-11-22T07:09:00.656+0800: 146.563: [ParNew: 154878K->17150K(154880K), 0.3104744 secs] 4319513K->4240928K(5615348K), 0.3105992 secs] [Times: user=0.74 sys=0.03, real=0.31 secs]
         vmop                    [threads: total initially_running wait_to_block]    [time: spin block sync cleanup vmop] page_trap_count
146.562: GenCollectForAllocation          [      28          0              0    ]      [     0     0     0     0   310    ]  0
2017-11-22T07:09:00.967+0800: 146.874: Total time for which application threads were stopped: 0.3110559 seconds, Stopping threads took: 0.0000307 seconds
2017-11-22T07:09:01.364+0800: 147.271: [GC (Allocation Failure) 2017-11-22T07:09:01.364+0800: 147.271: [ParNew: 154878K->17150K(154880K), 0.3121199 secs] 4378656K->4300087K(5615348K), 0.3122171 secs] [Times: user=0.69 sys=0.02, real=0.31 secs]
         vmop                    [threads: total initially_running wait_to_block]    [time: spin block sync cleanup vmop] page_trap_count
147.271: GenCollectForAllocation          [      28          0              1    ]      [     0     0     0     0   312    ]  0
2017-11-22T07:09:01.676+0800: 147.583: Total time for which application threads were stopped: 0.3125891 seconds, Stopping threads took: 0.0000575 seconds
2017-11-22T07:09:01.993+0800: 147.900: [GC (Allocation Failure) 2017-11-22T07:09:01.993+0800: 147.900: [ParNew: 154878K->17150K(154880K), 0.3082276 secs] 4437815K->4359204K(5615348K), 0.3083582 secs] [Times: user=0.65 sys=0.03, real=0.31 secs]
         vmop                    [threads: total initially_running wait_to_block]    [time: spin block sync cleanup vmop] page_trap_count
147.900: GenCollectForAllocation          [      28          0              0    ]      [     0     0     0     0   308    ]  0
2017-11-22T07:09:02.302+0800: 148.209: Total time for which application threads were stopped: 0.3088068 seconds, Stopping threads took: 0.0000553 seconds
2017-11-22T07:09:02.311+0800: 148.218: [GC (CMS Initial Mark) [1 CMS-initial-mark: 4342054K(5460468K)] 4361957K(5615348K), 0.0197683 secs] [Times: user=0.02 sys=0.00, real=0.02 secs]
         vmop                    [threads: total initially_running wait_to_block]    [time: spin block sync cleanup vmop] page_trap_count
148.218: CMS_Initial_Mark                 [      28          1              1    ]      [     0     0     0     0    19    ]  1
2017-11-22T07:09:02.331+0800: 148.238: Total time for which application threads were stopped: 0.0200536 seconds, Stopping threads took: 0.0000890 seconds
2017-11-22T07:09:02.331+0800: 148.238: [CMS-concurrent-mark-start]
2017-11-22T07:09:02.850+0800: 148.757: [GC (Allocation Failure) 2017-11-22T07:09:02.850+0800: 148.757: [ParNew: 154878K->17152K(154880K), 0.2480839 secs] 4496932K->4418396K(5615348K), 0.2481895 secs] [Times: user=0.69 sys=0.02, real=0.25 secs]
         vmop                    [threads: total initially_running wait_to_block]    [time: spin block sync cleanup vmop] page_trap_count
148.757: GenCollectForAllocation          [      28          0              0    ]      [     0     0     0     0   248    ]  0
2017-11-22T07:09:03.098+0800: 149.005: Total time for which application threads were stopped: 0.2485099 seconds, Stopping threads took: 0.0000680 seconds
2017-11-22T07:09:03.474+0800: 149.381: [GC (Allocation Failure) 2017-11-22T07:09:03.474+0800: 149.381: [ParNew: 154880K->17151K(154880K), 0.2794861 secs] 4556124K->4477489K(5615348K), 0.2796031 secs] [Times: user=0.74 sys=0.02, real=0.28 secs]
         vmop                    [threads: total initially_running wait_to_block]    [time: spin block sync cleanup vmop] page_trap_count
149.381: GenCollectForAllocation          [      28          0              0    ]      [     0     0     0     0   279    ]  0
2017-11-22T07:09:03.754+0800: 149.661: Total time for which application threads were stopped: 0.2800054 seconds, Stopping threads took: 0.0000618 seconds
2017-11-22T07:09:04.118+0800: 150.025: [GC (Allocation Failure) 2017-11-22T07:09:04.118+0800: 150.025: [ParNew: 154879K->17150K(154880K), 0.3155226 secs] 4615217K->4536614K(5615348K), 0.3155979 secs] [Times: user=0.84 sys=0.02, real=0.32 secs]
         vmop                    [threads: total initially_running wait_to_block]    [time: spin block sync cleanup vmop] page_trap_count
150.025: GenCollectForAllocation          [      28          0              0    ]      [     0     0     0     0   315    ]  0
2017-11-22T07:09:04.434+0800: 150.341: Total time for which application threads were stopped: 0.3158863 seconds, Stopping threads took: 0.0000539 seconds
         vmop                    [threads: total initially_running wait_to_block]    [time: spin block sync cleanup vmop] page_trap_count
150.392: RevokeBias                       [      30          1              1    ]      [     0     0     0     0     0    ]  0
2017-11-22T07:09:04.486+0800: 150.393: Total time for which application threads were stopped: 0.0004833 seconds, Stopping threads took: 0.0002101 seconds
         vmop                    [threads: total initially_running wait_to_block]    [time: spin block sync cleanup vmop] page_trap_count
150.393: RevokeBias                       [      30          1              0    ]      [     0     0     0     0     0    ]  0
2017-11-22T07:09:04.486+0800: 150.393: Total time for which application threads were stopped: 0.0001686 seconds, Stopping threads took: 0.0000859 seconds
         vmop                    [threads: total initially_running wait_to_block]    [time: spin block sync cleanup vmop] page_trap_count
150.393: RevokeBias                       [      30          0              0    ]      [     0     0     0     0     0    ]  0
2017-11-22T07:09:04.486+0800: 150.393: Total time for which application threads were stopped: 0.0001058 seconds, Stopping threads took: 0.0000296 seconds
         vmop                    [threads: total initially_running wait_to_block]    [time: spin block sync cleanup vmop] page_trap_count
150.428: RevokeBias                       [      32          0              0    ]      [     0     0     0     0     0    ]  0
2017-11-22T07:09:04.521+0800: 150.428: Total time for which application threads were stopped: 0.0002038 seconds, Stopping threads took: 0.0000554 seconds
         vmop                    [threads: total initially_running wait_to_block]    [time: spin block sync cleanup vmop] page_trap_count
150.489: RevokeBias                       [      32          1              1    ]      [     0     0     0     0     0    ]  1
2017-11-22T07:09:04.582+0800: 150.489: Total time for which application threads were stopped: 0.0002504 seconds, Stopping threads took: 0.0000805 seconds
         vmop                    [threads: total initially_running wait_to_block]    [time: spin block sync cleanup vmop] page_trap_count
150.683: RevokeBias                       [      32          0              1    ]      [     0     0    14     0     0    ]  0
2017-11-22T07:09:04.791+0800: 150.698: Total time for which application threads were stopped: 0.0003218 seconds, Stopping threads took: 0.0001167 seconds
         vmop                    [threads: total initially_running wait_to_block]    [time: spin block sync cleanup vmop] page_trap_count
150.703: RevokeBias                       [      33          0              0    ]      [     0     0     4     0     0    ]  0
2017-11-22T07:09:04.801+0800: 150.707: Total time for which application threads were stopped: 0.0001981 seconds, Stopping threads took: 0.0000471 seconds
         vmop                    [threads: total initially_running wait_to_block]    [time: spin block sync cleanup vmop] page_trap_count
150.709: RevokeBias                       [      33          0              0    ]      [     0     0     0     0     0    ]  0
2017-11-22T07:09:04.802+0800: 150.709: Total time for which application threads were stopped: 0.0001237 seconds, Stopping threads took: 0.0000311 seconds
         vmop                    [threads: total initially_running wait_to_block]    [time: spin block sync cleanup vmop] page_trap_count
150.709: RevokeBias                       [      33          0              0    ]      [     0     0     0     0     0    ]  0
2017-11-22T07:09:04.802+0800: 150.709: Total time for which application threads were stopped: 0.0001043 seconds, Stopping threads took: 0.0000225 seconds
         vmop                    [threads: total initially_running wait_to_block]    [time: spin block sync cleanup vmop] page_trap_count
150.710: RevokeBias                       [      33          0              0    ]      [     0     0     0     0     0    ]  0
2017-11-22T07:09:04.803+0800: 150.710: Total time for which application threads were stopped: 0.0000986 seconds, Stopping threads took: 0.0000227 seconds
         vmop                    [threads: total initially_running wait_to_block]    [time: spin block sync cleanup vmop] page_trap_count
150.720: RevokeBias                       [      33          0              1    ]      [     0     0     0     0     0    ]  0
2017-11-22T07:09:04.813+0800: 150.720: Total time for which application threads were stopped: 0.0002093 seconds, Stopping threads took: 0.0000710 seconds
         vmop                    [threads: total initially_running wait_to_block]    [time: spin block sync cleanup vmop] page_trap_count
150.720: RevokeBias                       [      33          0              0    ]      [     0     0     0     0     0    ]  0
2017-11-22T07:09:04.814+0800: 150.721: Total time for which application threads were stopped: 0.0001026 seconds, Stopping threads took: 0.0000227 seconds
         vmop                    [threads: total initially_running wait_to_block]    [time: spin block sync cleanup vmop] page_trap_count
150.721: RevokeBias                       [      33          0              0    ]      [     0     0     0     0     0    ]  0
2017-11-22T07:09:04.814+0800: 150.721: Total time for which application threads were stopped: 0.0000997 seconds, Stopping threads took: 0.0000208 seconds
         vmop                    [threads: total initially_running wait_to_block]    [time: spin block sync cleanup vmop] page_trap_count
150.721: RevokeBias                       [      33          0              0    ]      [     0     0     2     0     0    ]  0
2017-11-22T07:09:04.817+0800: 150.724: Total time for which application threads were stopped: 0.0001507 seconds, Stopping threads took: 0.0000302 seconds
         vmop                    [threads: total initially_running wait_to_block]    [time: spin block sync cleanup vmop] page_trap_count
150.724: RevokeBias                       [      33          0              0    ]      [     0     0     0     0     0    ]  0
2017-11-22T07:09:04.817+0800: 150.724: Total time for which application threads were stopped: 0.0001039 seconds, Stopping threads took: 0.0000247 seconds
         vmop                    [threads: total initially_running wait_to_block]    [time: spin block sync cleanup vmop] page_trap_count
150.724: RevokeBias                       [      33          0              0    ]      [     0     0     0     0     0    ]  0
2017-11-22T07:09:04.817+0800: 150.724: Total time for which application threads were stopped: 0.0001245 seconds, Stopping threads took: 0.0000259 seconds
         vmop                    [threads: total initially_running wait_to_block]    [time: spin block sync cleanup vmop] page_trap_count
150.725: RevokeBias                       [      33          0              0    ]      [     0     0     0     0     0    ]  0
2017-11-22T07:09:04.818+0800: 150.725: Total time for which application threads were stopped: 0.0003970 seconds, Stopping threads took: 0.0000273 seconds
         vmop                    [threads: total initially_running wait_to_block]    [time: spin block sync cleanup vmop] page_trap_count
150.725: RevokeBias                       [      33          0              0    ]      [     0     0     0     0     0    ]  0
2017-11-22T07:09:04.819+0800: 150.726: Total time for which application threads were stopped: 0.0003628 seconds, Stopping threads took: 0.0000269 seconds
         vmop                    [threads: total initially_running wait_to_block]    [time: spin block sync cleanup vmop] page_trap_count
150.726: RevokeBias                       [      33          0              0    ]      [     0     0     0     0     0    ]  0
2017-11-22T07:09:04.819+0800: 150.726: Total time for which application threads were stopped: 0.0003401 seconds, Stopping threads took: 0.0000272 seconds
         vmop                    [threads: total initially_running wait_to_block]    [time: spin block sync cleanup vmop] page_trap_count
150.727: RevokeBias                       [      33          0              0    ]      [     0     0     0     0     0    ]  0
2017-11-22T07:09:04.820+0800: 150.727: Total time for which application threads were stopped: 0.0003472 seconds, Stopping threads took: 0.0000254 seconds
         vmop                    [threads: total initially_running wait_to_block]    [time: spin block sync cleanup vmop] page_trap_count
150.727: RevokeBias                       [      33          0              0    ]      [     0     0     0     0     0    ]  0
2017-11-22T07:09:04.820+0800: 150.727: Total time for which application threads were stopped: 0.0003500 seconds, Stopping threads took: 0.0000261 seconds
         vmop                    [threads: total initially_running wait_to_block]    [time: spin block sync cleanup vmop] page_trap_count
150.728: RevokeBias                       [      33          0              0    ]      [     0     0     0     0     0    ]  0
2017-11-22T07:09:04.821+0800: 150.728: Total time for which application threads were stopped: 0.0003666 seconds, Stopping threads took: 0.0002610 seconds
         vmop                    [threads: total initially_running wait_to_block]    [time: spin block sync cleanup vmop] page_trap_count
150.728: RevokeBias                       [      33          0              0    ]      [     0     0     0     0     0    ]  0
2017-11-22T07:09:04.822+0800: 150.728: Total time for which application threads were stopped: 0.0003337 seconds, Stopping threads took: 0.0002315 seconds
         vmop                    [threads: total initially_running wait_to_block]    [time: spin block sync cleanup vmop] page_trap_count
150.729: RevokeBias                       [      33          0              0    ]      [     0     0     0     0     0    ]  0
2017-11-22T07:09:04.822+0800: 150.729: Total time for which application threads were stopped: 0.0003542 seconds, Stopping threads took: 0.0002511 seconds
         vmop                    [threads: total initially_running wait_to_block]    [time: spin block sync cleanup vmop] page_trap_count
150.729: RevokeBias                       [      33          0              0    ]      [     0     0     0     0     0    ]  0
2017-11-22T07:09:04.823+0800: 150.730: Total time for which application threads were stopped: 0.0001288 seconds, Stopping threads took: 0.0000257 seconds
         vmop                    [threads: total initially_running wait_to_block]    [time: spin block sync cleanup vmop] page_trap_count
150.730: RevokeBias                       [      33          1              0    ]      [     3     0     3     0     0    ]  0
2017-11-22T07:09:04.826+0800: 150.733: Total time for which application threads were stopped: 0.0034619 seconds, Stopping threads took: 0.0032391 seconds
         vmop                    [threads: total initially_running wait_to_block]    [time: spin block sync cleanup vmop] page_trap_count
150.734: BulkRevokeBias                   [      33          0              0    ]      [     0     0     0     0     0    ]  0
2017-11-22T07:09:04.828+0800: 150.735: Total time for which application threads were stopped: 0.0003967 seconds, Stopping threads took: 0.0000142 seconds
         vmop                    [threads: total initially_running wait_to_block]    [time: spin block sync cleanup vmop] page_trap_count
150.736: RevokeBias                       [      33          0              2    ]      [     0     0     4     0     0    ]  0
2017-11-22T07:09:04.833+0800: 150.740: Total time for which application threads were stopped: 0.0003614 seconds, Stopping threads took: 0.0000809 seconds
         vmop                    [threads: total initially_running wait_to_block]    [time: spin block sync cleanup vmop] page_trap_count
150.745: RevokeBias                       [      33          0              0    ]      [     0     0     0     0     0    ]  0
2017-11-22T07:09:04.839+0800: 150.746: Total time for which application threads were stopped: 0.0001700 seconds, Stopping threads took: 0.0000481 seconds
         vmop                    [threads: total initially_running wait_to_block]    [time: spin block sync cleanup vmop] page_trap_count
150.746: RevokeBias                       [      33          0              1    ]      [     0     0     0     0     0    ]  0
2017-11-22T07:09:04.839+0800: 150.746: Total time for which application threads were stopped: 0.0002233 seconds, Stopping threads took: 0.0000632 seconds
         vmop                    [threads: total initially_running wait_to_block]    [time: spin block sync cleanup vmop] page_trap_count
150.756: RevokeBias                       [      33          0              0    ]      [     0     0     0     0     0    ]  0
2017-11-22T07:09:04.849+0800: 150.756: Total time for which application threads were stopped: 0.0002780 seconds, Stopping threads took: 0.0000749 seconds
         vmop                    [threads: total initially_running wait_to_block]    [time: spin block sync cleanup vmop] page_trap_count
150.756: RevokeBias                       [      33          0              0    ]      [     0     0     0     0     0    ]  0
2017-11-22T07:09:04.849+0800: 150.756: Total time for which application threads were stopped: 0.0001994 seconds, Stopping threads took: 0.0000520 seconds
         vmop                    [threads: total initially_running wait_to_block]    [time: spin block sync cleanup vmop] page_trap_count
150.766: RevokeBias                       [      33          0              2    ]      [     0     0     0     0     0    ]  0
2017-11-22T07:09:04.860+0800: 150.767: Total time for which application threads were stopped: 0.0122734 seconds, Stopping threads took: 0.0001056 seconds
2017-11-22T07:09:04.887+0800: 150.794: [GC (Allocation Failure) 2017-11-22T07:09:04.887+0800: 150.794: [ParNew: 154878K->17151K(154880K), 0.0853083 secs] 4674342K->4555588K(5615348K), 0.0854134 secs] [Times: user=0.26 sys=0.00, real=0.08 secs]
         vmop                    [threads: total initially_running wait_to_block]    [time: spin block sync cleanup vmop] page_trap_count
150.779: RevokeBias                       [      33          0              0    ]      [     0     0    14     0    85    ]  0
2017-11-22T07:09:04.973+0800: 150.880: Total time for which application threads were stopped: 0.0857904 seconds, Stopping threads took: 0.0000507 seconds
         vmop                    [threads: total initially_running wait_to_block]    [time: spin block sync cleanup vmop] page_trap_count
150.896: RevokeBias                       [      33          1              2    ]      [     0     0     0     0     0    ]  0
2017-11-22T07:09:04.989+0800: 150.896: Total time for which application threads were stopped: 0.0002812 seconds, Stopping threads took: 0.0001342 seconds
         vmop                    [threads: total initially_running wait_to_block]    [time: spin block sync cleanup vmop] page_trap_count
150.896: RevokeBias                       [      33          0              0    ]      [     0     0     0     0     0    ]  0
2017-11-22T07:09:04.989+0800: 150.896: Total time for which application threads were stopped: 0.0001337 seconds, Stopping threads took: 0.0000377 seconds
         vmop                    [threads: total initially_running wait_to_block]    [time: spin block sync cleanup vmop] page_trap_count
150.896: RevokeBias                       [      33          0              0    ]      [     0     0     0     0     0    ]  0
2017-11-22T07:09:04.990+0800: 150.897: Total time for which application threads were stopped: 0.0001179 seconds, Stopping threads took: 0.0000322 seconds
         vmop                    [threads: total initially_running wait_to_block]    [time: spin block sync cleanup vmop] page_trap_count
150.897: RevokeBias                       [      33          0              0    ]      [     0     0     0     0     0    ]  0
2017-11-22T07:09:04.990+0800: 150.897: Total time for which application threads were stopped: 0.0001188 seconds, Stopping threads took: 0.0000300 seconds
         vmop                    [threads: total initially_running wait_to_block]    [time: spin block sync cleanup vmop] page_trap_count
150.897: RevokeBias                       [      33          0              2    ]      [     0     0     2     0     0    ]  0
2017-11-22T07:09:04.993+0800: 150.900: Total time for which application threads were stopped: 0.0002119 seconds, Stopping threads took: 0.0001124 seconds
         vmop                    [threads: total initially_running wait_to_block]    [time: spin block sync cleanup vmop] page_trap_count
150.900: RevokeBias                       [      33          0              0    ]      [     0     0     0     0     0    ]  0
2017-11-22T07:09:04.993+0800: 150.900: Total time for which application threads were stopped: 0.0001103 seconds, Stopping threads took: 0.0000324 seconds
         vmop                    [threads: total initially_running wait_to_block]    [time: spin block sync cleanup vmop] page_trap_count
150.900: BulkRevokeBias                   [      33          0              0    ]      [     0     0     0     0     0    ]  0
2017-11-22T07:09:04.993+0800: 150.900: Total time for which application threads were stopped: 0.0002273 seconds, Stopping threads took: 0.0000347 seconds
         vmop                    [threads: total initially_running wait_to_block]    [time: spin block sync cleanup vmop] page_trap_count
150.913: RevokeBias                       [      33          0              0    ]      [     0     0     0     0     0    ]  0
2017-11-22T07:09:05.006+0800: 150.913: Total time for which application threads were stopped: 0.0002142 seconds, Stopping threads took: 0.0000441 seconds
2017-11-22T07:09:05.126+0800: 151.033: [GC (Allocation Failure) 2017-11-22T07:09:05.126+0800: 151.033: [ParNew: 154879K->7616K(154880K), 0.0238076 secs] 4693316K->4546052K(5615348K), 0.0238905 secs] [Times: user=0.09 sys=0.00, real=0.02 secs]
         vmop                    [threads: total initially_running wait_to_block]    [time: spin block sync cleanup vmop] page_trap_count
151.033: GenCollectForAllocation          [      33          0              0    ]      [     0     0     0     0    23    ]  0
2017-11-22T07:09:05.150+0800: 151.057: Total time for which application threads were stopped: 0.0241820 seconds, Stopping threads took: 0.0000541 seconds
2017-11-22T07:09:05.238+0800: 151.145: [GC (Allocation Failure) 2017-11-22T07:09:05.238+0800: 151.145: [ParNew: 145344K->5637K(154880K), 0.0228134 secs] 4683780K->4544073K(5615348K), 0.0228982 secs] [Times: user=0.09 sys=0.00, real=0.02 secs]
         vmop                    [threads: total initially_running wait_to_block]    [time: spin block sync cleanup vmop] page_trap_count
151.144: GenCollectForAllocation          [      33          0              0    ]      [     0     0     0     0    22    ]  0
2017-11-22T07:09:05.261+0800: 151.168: Total time for which application threads were stopped: 0.0232139 seconds, Stopping threads took: 0.0000488 seconds
2017-11-22T07:09:05.363+0800: 151.270: [GC (Allocation Failure) 2017-11-22T07:09:05.363+0800: 151.270: [ParNew: 143365K->6776K(154880K), 0.0487697 secs] 4681801K->4545212K(5615348K), 0.0488516 secs] [Times: user=0.16 sys=0.00, real=0.04 secs]
         vmop                    [threads: total initially_running wait_to_block]    [time: spin block sync cleanup vmop] page_trap_count
151.269: GenCollectForAllocation          [      33          0              0    ]      [     0     0     0     0    48    ]  0
2017-11-22T07:09:05.411+0800: 151.318: Total time for which application threads were stopped: 0.0491571 seconds, Stopping threads took: 0.0000835 seconds
2017-11-22T07:09:05.548+0800: 151.455: [GC (Allocation Failure) 2017-11-22T07:09:05.548+0800: 151.455: [ParNew: 144504K->6432K(154880K), 0.0613453 secs] 4682940K->4544868K(5615348K), 0.0614266 secs] [Times: user=0.13 sys=0.00, real=0.06 secs]
         vmop                    [threads: total initially_running wait_to_block]    [time: spin block sync cleanup vmop] page_trap_count
151.454: GenCollectForAllocation          [      33          0              0    ]      [     0     0     0     0    61    ]  0
2017-11-22T07:09:05.609+0800: 151.516: Total time for which application threads were stopped: 0.0616882 seconds, Stopping threads took: 0.0000409 seconds
2017-11-22T07:09:05.722+0800: 151.629: [GC (Allocation Failure) 2017-11-22T07:09:05.722+0800: 151.629: [ParNew: 144160K->6444K(154880K), 0.0497137 secs] 4682596K->4544880K(5615348K), 0.0497856 secs] [Times: user=0.13 sys=0.00, real=0.04 secs]
         vmop                    [threads: total initially_running wait_to_block]    [time: spin block sync cleanup vmop] page_trap_count
151.628: GenCollectForAllocation          [      33          0              0    ]      [     0     0     0     0    49    ]  0
2017-11-22T07:09:05.772+0800: 151.678: Total time for which application threads were stopped: 0.0500909 seconds, Stopping threads took: 0.0000479 seconds
2017-11-22T07:09:05.924+0800: 151.831: [GC (Allocation Failure) 2017-11-22T07:09:05.924+0800: 151.831: [ParNew: 144172K->4298K(154880K), 0.0384479 secs] 4682608K->4546893K(5615348K), 0.0385357 secs] [Times: user=0.16 sys=0.00, real=0.04 secs]
         vmop                    [threads: total initially_running wait_to_block]    [time: spin block sync cleanup vmop] page_trap_count
151.831: GenCollectForAllocation          [      33          0              0    ]      [     0     0     0     0    38    ]  0
2017-11-22T07:09:05.963+0800: 151.870: Total time for which application threads were stopped: 0.0388660 seconds, Stopping threads took: 0.0000523 seconds
2017-11-22T07:09:06.061+0800: 151.968: [GC (Allocation Failure) 2017-11-22T07:09:06.061+0800: 151.968: [ParNew: 142026K->1099K(154880K), 0.0404932 secs] 4684621K->4543760K(5615348K), 0.0405862 secs] [Times: user=0.11 sys=0.00, real=0.04 secs]
         vmop                    [threads: total initially_running wait_to_block]    [time: spin block sync cleanup vmop] page_trap_count
151.968: GenCollectForAllocation          [      33          0              1    ]      [     0     0     0     0    40    ]  0
2017-11-22T07:09:06.102+0800: 152.008: Total time for which application threads were stopped: 0.0409129 seconds, Stopping threads took: 0.0001150 seconds
2017-11-22T07:09:06.192+0800: 152.099: [GC (Allocation Failure) 2017-11-22T07:09:06.192+0800: 152.099: [ParNew: 138827K->202K(154880K), 0.0363530 secs] 4681488K->4542864K(5615348K), 0.0364500 secs] [Times: user=0.14 sys=0.00, real=0.04 secs]
         vmop                    [threads: total initially_running wait_to_block]    [time: spin block sync cleanup vmop] page_trap_count
152.099: GenCollectForAllocation          [      33          0              0    ]      [     0     0     0     0    36    ]  0
2017-11-22T07:09:06.229+0800: 152.136: Total time for which application threads were stopped: 0.0367555 seconds, Stopping threads took: 0.0000681 seconds
2017-11-22T07:09:06.317+0800: 152.224: [GC (Allocation Failure) 2017-11-22T07:09:06.317+0800: 152.224: [ParNew: 137930K->107K(154880K), 0.0239895 secs] 4680592K->4542769K(5615348K), 0.0240730 secs] [Times: user=0.06 sys=0.00, real=0.03 secs]
         vmop                    [threads: total initially_running wait_to_block]    [time: spin block sync cleanup vmop] page_trap_count
152.221: GenCollectForAllocation          [      33          0              0    ]      [     0     0     2     0    24    ]  0
2017-11-22T07:09:06.341+0800: 152.248: Total time for which application threads were stopped: 0.0243716 seconds, Stopping threads took: 0.0000505 seconds
2017-11-22T07:09:06.425+0800: 152.332: [GC (Allocation Failure) 2017-11-22T07:09:06.425+0800: 152.332: [ParNew: 137835K->72K(154880K), 0.0141733 secs] 4680497K->4542735K(5615348K), 0.0142582 secs] [Times: user=0.06 sys=0.00, real=0.01 secs]
         vmop                    [threads: total initially_running wait_to_block]    [time: spin block sync cleanup vmop] page_trap_count
152.332: GenCollectForAllocation          [      33          0              0    ]      [     0     0     0     0    14    ]  0
2017-11-22T07:09:06.440+0800: 152.346: Total time for which application threads were stopped: 0.0145728 seconds, Stopping threads took: 0.0000554 seconds
2017-11-22T07:09:06.558+0800: 152.465: [GC (Allocation Failure) 2017-11-22T07:09:06.558+0800: 152.465: [ParNew: 137800K->75K(154880K), 0.0241164 secs] 4680463K->4542738K(5615348K), 0.0241981 secs] [Times: user=0.06 sys=0.00, real=0.03 secs]
         vmop                    [threads: total initially_running wait_to_block]    [time: spin block sync cleanup vmop] page_trap_count
152.464: GenCollectForAllocation          [      33          0              0    ]      [     0     0     0     0    24    ]  0
2017-11-22T07:09:06.582+0800: 152.489: Total time for which application threads were stopped: 0.0245077 seconds, Stopping threads took: 0.0000538 seconds
2017-11-22T07:09:06.713+0800: 152.620: [GC (Allocation Failure) 2017-11-22T07:09:06.713+0800: 152.620: [ParNew: 137803K->68K(154880K), 0.0613106 secs] 4680466K->4542730K(5615348K), 0.0614321 secs] [Times: user=0.16 sys=0.00, real=0.07 secs]
         vmop                    [threads: total initially_running wait_to_block]    [time: spin block sync cleanup vmop] page_trap_count
152.619: GenCollectForAllocation          [      33          0              0    ]      [     0     0     0     0    61    ]  0
2017-11-22T07:09:06.774+0800: 152.681: Total time for which application threads were stopped: 0.0617715 seconds, Stopping threads took: 0.0000509 seconds
2017-11-22T07:09:06.887+0800: 152.794: [GC (Allocation Failure) 2017-11-22T07:09:06.887+0800: 152.794: [ParNew: 137796K->75K(154880K), 0.0212455 secs] 4680458K->4542738K(5615348K), 0.0213436 secs] [Times: user=0.07 sys=0.00, real=0.02 secs]
         vmop                    [threads: total initially_running wait_to_block]    [time: spin block sync cleanup vmop] page_trap_count
152.794: GenCollectForAllocation          [      33          0              0    ]      [     0     0     0     0    21    ]  0
2017-11-22T07:09:06.909+0800: 152.816: Total time for which application threads were stopped: 0.0216404 seconds, Stopping threads took: 0.0000576 seconds
2017-11-22T07:09:07.023+0800: 152.930: [GC (Allocation Failure) 2017-11-22T07:09:07.023+0800: 152.930: [ParNew: 137803K->135K(154880K), 0.0357886 secs] 4680466K->4542797K(5615348K), 0.0358822 secs] [Times: user=0.09 sys=0.00, real=0.03 secs]
         vmop                    [threads: total initially_running wait_to_block]    [time: spin block sync cleanup vmop] page_trap_count
152.930: GenCollectForAllocation          [      33          1              1    ]      [     0     0     0     0    35    ]  1
2017-11-22T07:09:07.059+0800: 152.966: Total time for which application threads were stopped: 0.0362135 seconds, Stopping threads took: 0.0000903 seconds
2017-11-22T07:09:07.136+0800: 153.043: [GC (Allocation Failure) 2017-11-22T07:09:07.136+0800: 153.043: [ParNew: 137863K->73K(154880K), 0.0581944 secs] 4680525K->4542736K(5615348K), 0.0582929 secs] [Times: user=0.12 sys=0.00, real=0.06 secs]
         vmop                    [threads: total initially_running wait_to_block]    [time: spin block sync cleanup vmop] page_trap_count
153.039: GenCollectForAllocation          [      33          0              0    ]      [     0     0     3     0    58    ]  0
2017-11-22T07:09:07.194+0800: 153.101: Total time for which application threads were stopped: 0.0586458 seconds, Stopping threads took: 0.0000554 seconds
2017-11-22T07:09:07.263+0800: 153.170: [GC (Allocation Failure) 2017-11-22T07:09:07.264+0800: 153.171: [ParNew: 137801K->139K(154880K), 0.0214019 secs] 4680464K->4542802K(5615348K), 0.0214977 secs] [Times: user=0.08 sys=0.00, real=0.02 secs]
         vmop                    [threads: total initially_running wait_to_block]    [time: spin block sync cleanup vmop] page_trap_count
153.170: GenCollectForAllocation          [      33          1              1    ]      [     0     0     0     0    21    ]  0
2017-11-22T07:09:07.285+0800: 153.192: Total time for which application threads were stopped: 0.0218394 seconds, Stopping threads took: 0.0001030 seconds
2017-11-22T07:09:07.363+0800: 153.270: [GC (Allocation Failure) 2017-11-22T07:09:07.363+0800: 153.270: [ParNew: 137867K->69K(154880K), 0.0615039 secs] 4680530K->4542732K(5615348K), 0.0615746 secs] [Times: user=0.18 sys=0.01, real=0.06 secs]
         vmop                    [threads: total initially_running wait_to_block]    [time: spin block sync cleanup vmop] page_trap_count
153.269: GenCollectForAllocation          [      33          0              0    ]      [     0     0     0     0    61    ]  0
2017-11-22T07:09:07.424+0800: 153.331: Total time for which application threads were stopped: 0.0618580 seconds, Stopping threads took: 0.0000576 seconds
2017-11-22T07:09:07.514+0800: 153.421: [GC (Allocation Failure) 2017-11-22T07:09:07.514+0800: 153.421: [ParNew: 137797K->135K(154880K), 0.0323182 secs] 4680460K->4542798K(5615348K), 0.0324041 secs] [Times: user=0.09 sys=0.00, real=0.03 secs]
         vmop                    [threads: total initially_running wait_to_block]    [time: spin block sync cleanup vmop] page_trap_count
153.421: GenCollectForAllocation          [      33          0              0    ]      [     0     0     0     0    32    ]  0
2017-11-22T07:09:07.546+0800: 153.453: Total time for which application threads were stopped: 0.0327152 seconds, Stopping threads took: 0.0000507 seconds
         vmop                    [threads: total initially_running wait_to_block]    [time: spin block sync cleanup vmop] page_trap_count
153.485: RevokeBias                       [      33          1              1    ]      [     0     0     0     0     0    ]  1
2017-11-22T07:09:07.578+0800: 153.485: Total time for which application threads were stopped: 0.0003388 seconds, Stopping threads took: 0.0001121 seconds
2017-11-22T07:09:07.626+0800: 153.533: [GC (Allocation Failure) 2017-11-22T07:09:07.626+0800: 153.533: [ParNew: 137863K->135K(154880K), 0.0109380 secs] 4680526K->4542798K(5615348K), 0.0110207 secs] [Times: user=0.05 sys=0.00, real=0.01 secs]
         vmop                    [threads: total initially_running wait_to_block]    [time: spin block sync cleanup vmop] page_trap_count
153.533: GenCollectForAllocation          [      33          1              1    ]      [     0     0     0     0    11    ]  1
2017-11-22T07:09:07.637+0800: 153.544: Total time for which application threads were stopped: 0.0112915 seconds, Stopping threads took: 0.0000656 seconds
2017-11-22T07:09:07.747+0800: 153.654: [GC (Allocation Failure) 2017-11-22T07:09:07.747+0800: 153.654: [ParNew: 137863K->137K(154880K), 0.0377884 secs] 4680526K->4542800K(5615348K), 0.0378652 secs] [Times: user=0.14 sys=0.00, real=0.04 secs]
         vmop                    [threads: total initially_running wait_to_block]    [time: spin block sync cleanup vmop] page_trap_count
153.654: GenCollectForAllocation          [      33          1              1    ]      [     0     0     0     0    37    ]  1
2017-11-22T07:09:07.785+0800: 153.692: Total time for which application threads were stopped: 0.0381793 seconds, Stopping threads took: 0.0000960 seconds
2017-11-22T07:09:07.897+0800: 153.804: [GC (Allocation Failure) 2017-11-22T07:09:07.897+0800: 153.804: [ParNew: 137865K->139K(154880K), 0.0487358 secs] 4680528K->4542802K(5615348K), 0.0488160 secs] [Times: user=0.17 sys=0.00, real=0.05 secs]
         vmop                    [threads: total initially_running wait_to_block]    [time: spin block sync cleanup vmop] page_trap_count
153.804: GenCollectForAllocation          [      33          1              1    ]      [     0     0     0     0    48    ]  1
2017-11-22T07:09:07.946+0800: 153.853: Total time for which application threads were stopped: 0.0491439 seconds, Stopping threads took: 0.0000946 seconds
2017-11-22T07:09:08.027+0800: 153.934: [GC (Allocation Failure) 2017-11-22T07:09:08.027+0800: 153.934: [ParNew: 137867K->73K(154880K), 0.0483753 secs] 4680530K->4542736K(5615348K), 0.0484539 secs] [Times: user=0.18 sys=0.00, real=0.05 secs]
         vmop                    [threads: total initially_running wait_to_block]    [time: spin block sync cleanup vmop] page_trap_count
153.934: GenCollectForAllocation          [      33          0              0    ]      [     0     0     0     0    48    ]  0
2017-11-22T07:09:08.076+0800: 153.983: Total time for which application threads were stopped: 0.0487612 seconds, Stopping threads took: 0.0000467 seconds
2017-11-22T07:09:08.145+0800: 154.052: [GC (Allocation Failure) 2017-11-22T07:09:08.145+0800: 154.052: [ParNew: 137801K->137K(154880K), 0.0374458 secs] 4680464K->4542800K(5615348K), 0.0375093 secs] [Times: user=0.13 sys=0.00, real=0.04 secs]
         vmop                    [threads: total initially_running wait_to_block]    [time: spin block sync cleanup vmop] page_trap_count
154.052: GenCollectForAllocation          [      33          0              0    ]      [     0     0     0     0    37    ]  0
2017-11-22T07:09:08.182+0800: 154.089: Total time for which application threads were stopped: 0.0378034 seconds, Stopping threads took: 0.0000665 seconds
2017-11-22T07:09:08.253+0800: 154.160: [GC (Allocation Failure) 2017-11-22T07:09:08.253+0800: 154.160: [ParNew: 137865K->141K(154880K), 0.0319700 secs] 4680528K->4542804K(5615348K), 0.0320467 secs] [Times: user=0.11 sys=0.01, real=0.04 secs]
         vmop                    [threads: total initially_running wait_to_block]    [time: spin block sync cleanup vmop] page_trap_count
154.159: GenCollectForAllocation          [      33          0              0    ]      [     0     0     0     0    32    ]  0
2017-11-22T07:09:08.285+0800: 154.192: Total time for which application threads were stopped: 0.0323430 seconds, Stopping threads took: 0.0000425 seconds
2017-11-22T07:09:08.364+0800: 154.271: [GC (Allocation Failure) 2017-11-22T07:09:08.364+0800: 154.271: [ParNew: 137869K->838K(154880K), 0.0160006 secs] 4680532K->4543501K(5615348K), 0.0160770 secs] [Times: user=0.06 sys=0.00, real=0.01 secs]
         vmop                    [threads: total initially_running wait_to_block]    [time: spin block sync cleanup vmop] page_trap_count
154.271: GenCollectForAllocation          [      33          0              0    ]      [     0     0     0     0    16    ]  0
2017-11-22T07:09:08.380+0800: 154.287: Total time for which application threads were stopped: 0.0164063 seconds, Stopping threads took: 0.0000665 seconds
2017-11-22T07:09:08.450+0800: 154.357: [GC (Allocation Failure) 2017-11-22T07:09:08.450+0800: 154.357: [ParNew: 138566K->135K(154880K), 0.0142961 secs] 4681229K->4542798K(5615348K), 0.0143843 secs] [Times: user=0.05 sys=0.00, real=0.02 secs]
         vmop                    [threads: total initially_running wait_to_block]    [time: spin block sync cleanup vmop] page_trap_count
154.357: GenCollectForAllocation          [      33          1              1    ]      [     0     0     0     0    14    ]  1
2017-11-22T07:09:08.465+0800: 154.372: Total time for which application threads were stopped: 0.0147847 seconds, Stopping threads took: 0.0000842 seconds
2017-11-22T07:09:08.539+0800: 154.446: [GC (Allocation Failure) 2017-11-22T07:09:08.539+0800: 154.446: [ParNew: 137863K->141K(154880K), 0.0196929 secs] 4680526K->4542804K(5615348K), 0.0197640 secs] [Times: user=0.08 sys=0.00, real=0.02 secs]
         vmop                    [threads: total initially_running wait_to_block]    [time: spin block sync cleanup vmop] page_trap_count
154.446: GenCollectForAllocation          [      33          0              0    ]      [     0     0     0     0    19    ]  0
2017-11-22T07:09:08.559+0800: 154.466: Total time for which application threads were stopped: 0.0200213 seconds, Stopping threads took: 0.0000455 seconds
2017-11-22T07:09:08.626+0800: 154.533: [GC (Allocation Failure) 2017-11-22T07:09:08.626+0800: 154.533: [ParNew: 137869K->4083K(154880K), 0.0165779 secs] 4680532K->4546746K(5615348K), 0.0166487 secs] [Times: user=0.06 sys=0.00, real=0.02 secs]
         vmop                    [threads: total initially_running wait_to_block]    [time: spin block sync cleanup vmop] page_trap_count
154.532: GenCollectForAllocation          [      33          0              0    ]      [     0     0     0     0    16    ]  0
2017-11-22T07:09:08.642+0800: 154.549: Total time for which application threads were stopped: 0.0169403 seconds, Stopping threads took: 0.0000536 seconds
2017-11-22T07:09:08.728+0800: 154.635: [GC (Allocation Failure) 2017-11-22T07:09:08.728+0800: 154.635: [ParNew: 141811K->200K(154880K), 0.0112321 secs] 4684474K->4542863K(5615348K), 0.0113108 secs] [Times: user=0.05 sys=0.00, real=0.01 secs]
         vmop                    [threads: total initially_running wait_to_block]    [time: spin block sync cleanup vmop] page_trap_count
154.635: GenCollectForAllocation          [      33          1              1    ]      [     0     0     0     0    11    ]  1
2017-11-22T07:09:08.739+0800: 154.646: Total time for which application threads were stopped: 0.0116132 seconds, Stopping threads took: 0.0000801 seconds
2017-11-22T07:09:08.820+0800: 154.727: [GC (Allocation Failure) 2017-11-22T07:09:08.821+0800: 154.728: [ParNew: 137928K->135K(154880K), 0.0326179 secs] 4680591K->4542798K(5615348K), 0.0327023 secs] [Times: user=0.05 sys=0.00, real=0.04 secs]
         vmop                    [threads: total initially_running wait_to_block]    [time: spin block sync cleanup vmop] page_trap_count
154.727: GenCollectForAllocation          [      33          1              1    ]      [     0     0     0     0    32    ]  1
2017-11-22T07:09:08.853+0800: 154.760: Total time for which application threads were stopped: 0.0330025 seconds, Stopping threads took: 0.0000698 seconds
2017-11-22T07:09:08.931+0800: 154.838: [GC (Allocation Failure) 2017-11-22T07:09:08.931+0800: 154.838: [ParNew: 137863K->836K(154880K), 0.0104096 secs] 4680526K->4543499K(5615348K), 0.0104857 secs] [Times: user=0.05 sys=0.00, real=0.02 secs]
         vmop                    [threads: total initially_running wait_to_block]    [time: spin block sync cleanup vmop] page_trap_count
154.838: GenCollectForAllocation          [      33          0              0    ]      [     0     0     0     0    10    ]  0
2017-11-22T07:09:08.942+0800: 154.849: Total time for which application threads were stopped: 0.0107410 seconds, Stopping threads took: 0.0000560 seconds
2017-11-22T07:09:09.022+0800: 154.929: [GC (Allocation Failure) 2017-11-22T07:09:09.022+0800: 154.929: [ParNew: 138564K->75K(154880K), 0.0162867 secs] 4681227K->4542738K(5615348K), 0.0163626 secs] [Times: user=0.06 sys=0.00, real=0.01 secs]
         vmop                    [threads: total initially_running wait_to_block]    [time: spin block sync cleanup vmop] page_trap_count
154.929: GenCollectForAllocation          [      33          0              0    ]      [     0     0     0     0    16    ]  0
2017-11-22T07:09:09.039+0800: 154.946: Total time for which application threads were stopped: 0.0166344 seconds, Stopping threads took: 0.0000551 seconds
2017-11-22T07:09:09.123+0800: 155.030: [GC (Allocation Failure) 2017-11-22T07:09:09.123+0800: 155.030: [ParNew: 137803K->71K(154880K), 0.0399474 secs] 4680466K->4542734K(5615348K), 0.0400265 secs] [Times: user=0.15 sys=0.00, real=0.04 secs]
         vmop                    [threads: total initially_running wait_to_block]    [time: spin block sync cleanup vmop] page_trap_count
155.030: GenCollectForAllocation          [      33          0              0    ]      [     0     0     0     0    40    ]  0
2017-11-22T07:09:09.163+0800: 155.070: Total time for which application threads were stopped: 0.0403107 seconds, Stopping threads took: 0.0000516 seconds
         vmop                    [threads: total initially_running wait_to_block]    [time: spin block sync cleanup vmop] page_trap_count
155.093: RevokeBias                       [      33          0              0    ]      [     0     0     0     0     0    ]  0
2017-11-22T07:09:09.187+0800: 155.094: Total time for which application threads were stopped: 0.0002610 seconds, Stopping threads took: 0.0000550 seconds
2017-11-22T07:09:09.236+0800: 155.143: [GC (Allocation Failure) 2017-11-22T07:09:09.236+0800: 155.143: [ParNew: 137799K->2687K(154880K), 0.0160713 secs] 4680462K->4545350K(5615348K), 0.0161489 secs] [Times: user=0.06 sys=0.00, real=0.01 secs]
         vmop                    [threads: total initially_running wait_to_block]    [time: spin block sync cleanup vmop] page_trap_count
155.143: GenCollectForAllocation          [      33          0              0    ]      [     0     0     0     0    16    ]  0
2017-11-22T07:09:09.252+0800: 155.159: Total time for which application threads were stopped: 0.0164178 seconds, Stopping threads took: 0.0000554 seconds
         vmop                    [threads: total initially_running wait_to_block]    [time: spin block sync cleanup vmop] page_trap_count
155.289: RevokeBias                       [      33          0              1    ]      [     0     0     0     0     0    ]  0
2017-11-22T07:09:09.383+0800: 155.290: Total time for which application threads were stopped: 0.0003117 seconds, Stopping threads took: 0.0000860 seconds
2017-11-22T07:09:09.424+0800: 155.331: [GC (Allocation Failure) 2017-11-22T07:09:09.424+0800: 155.331: [ParNew: 140415K->92K(154880K), 0.0249308 secs] 4683078K->4542755K(5615348K), 0.0250258 secs] [Times: user=0.06 sys=0.00, real=0.02 secs]
         vmop                    [threads: total initially_running wait_to_block]    [time: spin block sync cleanup vmop] page_trap_count
155.331: GenCollectForAllocation          [      33          0              0    ]      [     0     0     0     0    25    ]  0
2017-11-22T07:09:09.449+0800: 155.356: Total time for which application threads were stopped: 0.0252998 seconds, Stopping threads took: 0.0000506 seconds
2017-11-22T07:09:09.557+0800: 155.464: [GC (Allocation Failure) 2017-11-22T07:09:09.557+0800: 155.464: [ParNew: 137820K->2056K(154880K), 0.0183037 secs] 4680483K->4544718K(5615348K), 0.0183965 secs] [Times: user=0.05 sys=0.00, real=0.02 secs]
         vmop                    [threads: total initially_running wait_to_block]    [time: spin block sync cleanup vmop] page_trap_count
155.464: GenCollectForAllocation          [      33          0              0    ]      [     0     0     0     0    18    ]  0
2017-11-22T07:09:09.576+0800: 155.483: Total time for which application threads were stopped: 0.0187465 seconds, Stopping threads took: 0.0000576 seconds
2017-11-22T07:09:09.689+0800: 155.596: [GC (Allocation Failure) 2017-11-22T07:09:09.689+0800: 155.596: [ParNew: 139784K->88K(154880K), 0.0237799 secs] 4682446K->4542751K(5615348K), 0.0238691 secs] [Times: user=0.08 sys=0.00, real=0.03 secs]
         vmop                    [threads: total initially_running wait_to_block]    [time: spin block sync cleanup vmop] page_trap_count
155.596: GenCollectForAllocation          [      33          0              0    ]      [     0     0     0     0    23    ]  0
2017-11-22T07:09:09.713+0800: 155.620: Total time for which application threads were stopped: 0.0241773 seconds, Stopping threads took: 0.0000535 seconds
2017-11-22T07:09:09.828+0800: 155.735: [GC (Allocation Failure) 2017-11-22T07:09:09.828+0800: 155.735: [ParNew: 137816K->82K(154880K), 0.0410194 secs] 4680479K->4542745K(5615348K), 0.0411082 secs] [Times: user=0.16 sys=0.01, real=0.04 secs]
         vmop                    [threads: total initially_running wait_to_block]    [time: spin block sync cleanup vmop] page_trap_count
155.735: GenCollectForAllocation          [      33          0              0    ]      [     0     0     0     0    41    ]  0
2017-11-22T07:09:09.870+0800: 155.777: Total time for which application threads were stopped: 0.0419033 seconds, Stopping threads took: 0.0000617 seconds
2017-11-22T07:09:09.969+0800: 155.876: [GC (Allocation Failure) 2017-11-22T07:09:09.969+0800: 155.876: [ParNew: 137810K->338K(154880K), 0.0340380 secs] 4680473K->4543001K(5615348K), 0.0341228 secs] [Times: user=0.14 sys=0.00, real=0.04 secs]
         vmop                    [threads: total initially_running wait_to_block]    [time: spin block sync cleanup vmop] page_trap_count
155.876: GenCollectForAllocation          [      33          0              1    ]      [     0     0     0     0    34    ]  0
2017-11-22T07:09:10.003+0800: 155.910: Total time for which application threads were stopped: 0.0344689 seconds, Stopping threads took: 0.0001156 seconds
2017-11-22T07:09:10.134+0800: 156.041: [GC (Allocation Failure) 2017-11-22T07:09:10.134+0800: 156.041: [ParNew: 138066K->86K(154880K), 0.0147894 secs] 4680729K->4542753K(5615348K), 0.0148826 secs] [Times: user=0.07 sys=0.00, real=0.01 secs]
         vmop                    [threads: total initially_running wait_to_block]    [time: spin block sync cleanup vmop] page_trap_count
156.041: GenCollectForAllocation          [      33          0              0    ]      [     0     0     0     0    14    ]  0
2017-11-22T07:09:10.149+0800: 156.056: Total time for which application threads were stopped: 0.0152041 seconds, Stopping threads took: 0.0000691 seconds
2017-11-22T07:09:10.232+0800: 156.139: [GC (Allocation Failure) 2017-11-22T07:09:10.232+0800: 156.139: [ParNew: 137755K->71K(154880K), 0.0198379 secs] 4680422K->4542747K(5615348K), 0.0199438 secs] [Times: user=0.08 sys=0.00, real=0.02 secs]
         vmop                    [threads: total initially_running wait_to_block]    [time: spin block sync cleanup vmop] page_trap_count
156.139: GenCollectForAllocation          [      33          0              0    ]      [     0     0     0     0    20    ]  0
2017-11-22T07:09:10.252+0800: 156.159: Total time for which application threads were stopped: 0.0202555 seconds, Stopping threads took: 0.0000541 seconds
2017-11-22T07:09:10.337+0800: 156.244: [GC (Allocation Failure) 2017-11-22T07:09:10.337+0800: 156.244: [ParNew: 137799K->73K(154880K), 0.0355074 secs] 4680475K->4542749K(5615348K), 0.0355863 secs] [Times: user=0.12 sys=0.00, real=0.04 secs]
         vmop                    [threads: total initially_running wait_to_block]    [time: spin block sync cleanup vmop] page_trap_count
156.244: GenCollectForAllocation          [      33          0              0    ]      [     0     0     0     0    35    ]  0
2017-11-22T07:09:10.373+0800: 156.280: Total time for which application threads were stopped: 0.0358711 seconds, Stopping threads took: 0.0000472 seconds
2017-11-22T07:09:10.486+0800: 156.393: [GC (Allocation Failure) 2017-11-22T07:09:10.486+0800: 156.393: [ParNew: 137801K->139K(154880K), 0.0105937 secs] 4680477K->4542815K(5615348K), 0.0106837 secs] [Times: user=0.05 sys=0.00, real=0.01 secs]
         vmop                    [threads: total initially_running wait_to_block]    [time: spin block sync cleanup vmop] page_trap_count
156.393: GenCollectForAllocation          [      33          0              0    ]      [     0     0     0     0    10    ]  0
2017-11-22T07:09:10.497+0800: 156.404: Total time for which application threads were stopped: 0.0110366 seconds, Stopping threads took: 0.0000527 seconds
2017-11-22T07:09:10.565+0800: 156.472: [GC (Allocation Failure) 2017-11-22T07:09:10.565+0800: 156.472: [ParNew: 137867K->133K(154880K), 0.0105238 secs] 4680543K->4542809K(5615348K), 0.0105995 secs] [Times: user=0.04 sys=0.00, real=0.01 secs]
         vmop                    [threads: total initially_running wait_to_block]    [time: spin block sync cleanup vmop] page_trap_count
156.472: GenCollectForAllocation          [      33          0              0    ]      [     0     0     0     0    10    ]  0
2017-11-22T07:09:10.576+0800: 156.483: Total time for which application threads were stopped: 0.0109036 seconds, Stopping threads took: 0.0000628 seconds
2017-11-22T07:09:10.653+0800: 156.560: [GC (Allocation Failure) 2017-11-22T07:09:10.653+0800: 156.560: [ParNew: 137861K->582K(154880K), 0.0136299 secs] 4680537K->4543257K(5615348K), 0.0137298 secs] [Times: user=0.07 sys=0.00, real=0.02 secs]
         vmop                    [threads: total initially_running wait_to_block]    [time: spin block sync cleanup vmop] page_trap_count
156.559: GenCollectForAllocation          [      33          0              0    ]      [     0     0     0     0    13    ]  0
2017-11-22T07:09:10.667+0800: 156.574: Total time for which application threads were stopped: 0.0140375 seconds, Stopping threads took: 0.0000315 seconds
2017-11-22T07:09:10.768+0800: 156.675: [GC (Allocation Failure) 2017-11-22T07:09:10.768+0800: 156.675: [ParNew: 138310K->135K(154880K), 0.0372508 secs] 4680985K->4542811K(5615348K), 0.0373361 secs] [Times: user=0.14 sys=0.00, real=0.04 secs]
         vmop                    [threads: total initially_running wait_to_block]    [time: spin block sync cleanup vmop] page_trap_count
156.674: GenCollectForAllocation          [      33          1              1    ]      [     0     0     0     0    37    ]  1
2017-11-22T07:09:10.805+0800: 156.712: Total time for which application threads were stopped: 0.0376384 seconds, Stopping threads took: 0.0000809 seconds
2017-11-22T07:09:10.880+0800: 156.787: [GC (Allocation Failure) 2017-11-22T07:09:10.880+0800: 156.787: [ParNew: 137863K->135K(154880K), 0.0460657 secs] 4680539K->4542811K(5615348K), 0.0461447 secs] [Times: user=0.17 sys=0.00, real=0.05 secs]
         vmop                    [threads: total initially_running wait_to_block]    [time: spin block sync cleanup vmop] page_trap_count
156.787: GenCollectForAllocation          [      33          0              0    ]      [     0     0     0     0    46    ]  0
2017-11-22T07:09:10.926+0800: 156.833: Total time for which application threads were stopped: 0.0464308 seconds, Stopping threads took: 0.0000504 seconds
2017-11-22T07:09:10.997+0800: 156.904: [GC (Allocation Failure) 2017-11-22T07:09:10.997+0800: 156.904: [ParNew: 137863K->137K(154880K), 0.0320555 secs] 4680539K->4542813K(5615348K), 0.0321327 secs] [Times: user=0.09 sys=0.00, real=0.03 secs]
         vmop                    [threads: total initially_running wait_to_block]    [time: spin block sync cleanup vmop] page_trap_count
156.904: GenCollectForAllocation          [      33          0              0    ]      [     0     0     0     0    32    ]  0
2017-11-22T07:09:11.030+0800: 156.937: Total time for which application threads were stopped: 0.0323752 seconds, Stopping threads took: 0.0000482 seconds
2017-11-22T07:09:11.111+0800: 157.018: [GC (Allocation Failure) 2017-11-22T07:09:11.111+0800: 157.018: [ParNew: 137865K->71K(154880K), 0.0138870 secs] 4680541K->4542747K(5615348K), 0.0139617 secs] [Times: user=0.05 sys=0.00, real=0.02 secs]
         vmop                    [threads: total initially_running wait_to_block]    [time: spin block sync cleanup vmop] page_trap_count
157.018: GenCollectForAllocation          [      33          0              0    ]      [     0     0     0     0    14    ]  0
2017-11-22T07:09:11.125+0800: 157.032: Total time for which application threads were stopped: 0.0142436 seconds, Stopping threads took: 0.0000523 seconds
2017-11-22T07:09:11.236+0800: 157.143: [GC (Allocation Failure) 2017-11-22T07:09:11.236+0800: 157.143: [ParNew: 137799K->135K(154880K), 0.0207060 secs] 4680475K->4542811K(5615348K), 0.0207801 secs] [Times: user=0.09 sys=0.00, real=0.02 secs]
         vmop                    [threads: total initially_running wait_to_block]    [time: spin block sync cleanup vmop] page_trap_count
157.142: GenCollectForAllocation          [      33          0              0    ]      [     0     0     0     0    20    ]  0
2017-11-22T07:09:11.256+0800: 157.163: Total time for which application threads were stopped: 0.0210458 seconds, Stopping threads took: 0.0000499 seconds
2017-11-22T07:09:11.359+0800: 157.266: [GC (Allocation Failure) 2017-11-22T07:09:11.359+0800: 157.266: [ParNew: 137863K->2808K(154880K), 0.0257613 secs] 4680539K->4545484K(5615348K), 0.0258578 secs] [Times: user=0.11 sys=0.00, real=0.03 secs]
         vmop                    [threads: total initially_running wait_to_block]    [time: spin block sync cleanup vmop] page_trap_count
157.266: GenCollectForAllocation          [      33          0              0    ]      [     0     0     0     0    25    ]  0
2017-11-22T07:09:11.385+0800: 157.292: Total time for which application threads were stopped: 0.0262074 seconds, Stopping threads took: 0.0000613 seconds
2017-11-22T07:09:11.526+0800: 157.433: [GC (Allocation Failure) 2017-11-22T07:09:11.526+0800: 157.433: [ParNew: 140536K->137K(154880K), 0.0182600 secs] 4683212K->4542813K(5615348K), 0.0183405 secs] [Times: user=0.06 sys=0.00, real=0.02 secs]
         vmop                    [threads: total initially_running wait_to_block]    [time: spin block sync cleanup vmop] page_trap_count
157.428: GenCollectForAllocation          [      33          0              0    ]      [     0     0     4     0    18    ]  0
2017-11-22T07:09:11.545+0800: 157.452: Total time for which application threads were stopped: 0.0186762 seconds, Stopping threads took: 0.0000567 seconds
2017-11-22T07:09:11.648+0800: 157.555: [GC (Allocation Failure) 2017-11-22T07:09:11.648+0800: 157.555: [ParNew: 137865K->200K(154880K), 0.0220053 secs] 4680541K->4542876K(5615348K), 0.0220952 secs] [Times: user=0.07 sys=0.00, real=0.02 secs]
         vmop                    [threads: total initially_running wait_to_block]    [time: spin block sync cleanup vmop] page_trap_count
157.554: GenCollectForAllocation          [      33          0              0    ]      [     0     0     1     0    22    ]  0
2017-11-22T07:09:11.671+0800: 157.577: Total time for which application threads were stopped: 0.0224276 seconds, Stopping threads took: 0.0000715 seconds
2017-11-22T07:09:11.756+0800: 157.663: [GC (Allocation Failure) 2017-11-22T07:09:11.756+0800: 157.663: [ParNew: 137928K->71K(154880K), 0.0169009 secs] 4680604K->4542747K(5615348K), 0.0170073 secs] [Times: user=0.06 sys=0.00, real=0.02 secs]
         vmop                    [threads: total initially_running wait_to_block]    [time: spin block sync cleanup vmop] page_trap_count
157.663: GenCollectForAllocation          [      33          0              0    ]      [     0     0     0     0    17    ]  0
2017-11-22T07:09:11.773+0800: 157.680: Total time for which application threads were stopped: 0.0173598 seconds, Stopping threads took: 0.0000537 seconds
2017-11-22T07:09:11.887+0800: 157.794: [GC (Allocation Failure) 2017-11-22T07:09:11.887+0800: 157.794: [ParNew: 137799K->196K(154880K), 0.0387685 secs] 4680475K->4542872K(5615348K), 0.0388469 secs] [Times: user=0.14 sys=0.00, real=0.04 secs]
         vmop                    [threads: total initially_running wait_to_block]    [time: spin block sync cleanup vmop] page_trap_count
157.793: GenCollectForAllocation          [      33          0              0    ]      [     0     0     0     0    38    ]  0
2017-11-22T07:09:11.926+0800: 157.833: Total time for which application threads were stopped: 0.0391934 seconds, Stopping threads took: 0.0000462 seconds
2017-11-22T07:09:12.034+0800: 157.941: [GC (Allocation Failure) 2017-11-22T07:09:12.034+0800: 157.941: [ParNew: 137924K->71K(154880K), 0.0109328 secs] 4680600K->4542747K(5615348K), 0.0110082 secs] [Times: user=0.05 sys=0.01, real=0.01 secs]
         vmop                    [threads: total initially_running wait_to_block]    [time: spin block sync cleanup vmop] page_trap_count
157.941: GenCollectForAllocation          [      33          0              0    ]      [     0     0     0     0    11    ]  0
2017-11-22T07:09:12.045+0800: 157.952: Total time for which application threads were stopped: 0.0112699 seconds, Stopping threads took: 0.0000517 seconds
2017-11-22T07:09:12.151+0800: 158.058: [GC (Allocation Failure) 2017-11-22T07:09:12.151+0800: 158.058: [ParNew: 137799K->71K(154880K), 0.0191383 secs] 4680475K->4542747K(5615348K), 0.0192330 secs] [Times: user=0.09 sys=0.00, real=0.02 secs]
         vmop                    [threads: total initially_running wait_to_block]    [time: spin block sync cleanup vmop] page_trap_count
158.057: GenCollectForAllocation          [      33          0              0    ]      [     0     0     0     0    19    ]  0
2017-11-22T07:09:12.170+0800: 158.077: Total time for which application threads were stopped: 0.0195515 seconds, Stopping threads took: 0.0000578 seconds
2017-11-22T07:09:12.273+0800: 158.180: [GC (Allocation Failure) 2017-11-22T07:09:12.273+0800: 158.180: [ParNew: 137799K->139K(154880K), 0.0112630 secs] 4680475K->4542815K(5615348K), 0.0113373 secs] [Times: user=0.05 sys=0.01, real=0.01 secs]
         vmop                    [threads: total initially_running wait_to_block]    [time: spin block sync cleanup vmop] page_trap_count
158.180: GenCollectForAllocation          [      33          1              1    ]      [     0     0     0     0    11    ]  1
2017-11-22T07:09:12.284+0800: 158.191: Total time for which application threads were stopped: 0.0116680 seconds, Stopping threads took: 0.0000943 seconds
2017-11-22T07:09:12.389+0800: 158.296: [GC (Allocation Failure) 2017-11-22T07:09:12.389+0800: 158.296: [ParNew: 137867K->71K(154880K), 0.0369450 secs] 4680543K->4542747K(5615348K), 0.0370645 secs] [Times: user=0.17 sys=0.00, real=0.04 secs]
         vmop                    [threads: total initially_running wait_to_block]    [time: spin block sync cleanup vmop] page_trap_count
158.296: GenCollectForAllocation          [      33          0              0    ]      [     0     0     0     0    37    ]  0
2017-11-22T07:09:12.426+0800: 158.333: Total time for which application threads were stopped: 0.0373992 seconds, Stopping threads took: 0.0000496 seconds
2017-11-22T07:09:12.542+0800: 158.449: [GC (Allocation Failure) 2017-11-22T07:09:12.542+0800: 158.449: [ParNew: 137799K->72K(154880K), 0.0496959 secs] 4680475K->4542748K(5615348K), 0.0497844 secs] [Times: user=0.20 sys=0.00, real=0.04 secs]
         vmop                    [threads: total initially_running wait_to_block]    [time: spin block sync cleanup vmop] page_trap_count
158.448: GenCollectForAllocation          [      33          0              0    ]      [     0     0     0     0    49    ]  0
2017-11-22T07:09:12.592+0800: 158.499: Total time for which application threads were stopped: 0.0500620 seconds, Stopping threads took: 0.0000542 seconds
2017-11-22T07:09:12.697+0800: 158.604: [GC (Allocation Failure) 2017-11-22T07:09:12.697+0800: 158.604: [ParNew: 137800K->268K(154880K), 0.0186470 secs] 4680476K->4542944K(5615348K), 0.0187386 secs] [Times: user=0.06 sys=0.00, real=0.02 secs]
         vmop                    [threads: total initially_running wait_to_block]    [time: spin block sync cleanup vmop] page_trap_count
158.603: GenCollectForAllocation          [      33          0              0    ]      [     0     0     0     0    18    ]  0
2017-11-22T07:09:12.716+0800: 158.622: Total time for which application threads were stopped: 0.0190323 seconds, Stopping threads took: 0.0000441 seconds
2017-11-22T07:09:12.762+0800: 158.669: [CMS-concurrent-mark: 7.661/10.431 secs] [Times: user=30.14 sys=0.55, real=10.44 secs]
2017-11-22T07:09:12.762+0800: 158.669: [CMS-concurrent-preclean-start]
2017-11-22T07:09:12.820+0800: 158.727: [GC (Allocation Failure) 2017-11-22T07:09:12.820+0800: 158.727: [ParNew: 137996K->76K(154880K), 0.0112840 secs] 4680672K->4542752K(5615348K), 0.0113583 secs] [Times: user=0.05 sys=0.00, real=0.01 secs]
         vmop                    [threads: total initially_running wait_to_block]    [time: spin block sync cleanup vmop] page_trap_count
158.726: GenCollectForAllocation          [      33          0              0    ]      [     0     0     0     0    11    ]  0
2017-11-22T07:09:12.831+0800: 158.738: Total time for which application threads were stopped: 0.0116480 seconds, Stopping threads took: 0.0000599 seconds
2017-11-22T07:09:12.925+0800: 158.832: [GC (Allocation Failure) 2017-11-22T07:09:12.925+0800: 158.832: [ParNew: 137804K->137K(154880K), 0.0196734 secs] 4680480K->4542813K(5615348K), 0.0197795 secs] [Times: user=0.09 sys=0.00, real=0.02 secs]
         vmop                    [threads: total initially_running wait_to_block]    [time: spin block sync cleanup vmop] page_trap_count
158.831: GenCollectForAllocation          [      33          0              0    ]      [     0     0     0     0    19    ]  0
2017-11-22T07:09:12.944+0800: 158.851: Total time for which application threads were stopped: 0.0201418 seconds, Stopping threads took: 0.0000733 seconds
2017-11-22T07:09:13.017+0800: 158.924: [GC (Allocation Failure) 2017-11-22T07:09:13.017+0800: 158.924: [ParNew: 137865K->139K(154880K), 0.0105817 secs] 4680541K->4542815K(5615348K), 0.0106743 secs] [Times: user=0.06 sys=0.00, real=0.01 secs]
         vmop                    [threads: total initially_running wait_to_block]    [time: spin block sync cleanup vmop] page_trap_count
158.923: GenCollectForAllocation          [      33          1              1    ]      [     0     0     0     0    10    ]  1
2017-11-22T07:09:13.027+0800: 158.934: Total time for which application threads were stopped: 0.0110713 seconds, Stopping threads took: 0.0001151 seconds
2017-11-22T07:09:13.105+0800: 159.012: [GC (Allocation Failure) 2017-11-22T07:09:13.105+0800: 159.012: [ParNew: 137867K->902K(154880K), 0.0397569 secs] 4680543K->4543577K(5615348K), 0.0398663 secs] [Times: user=0.08 sys=0.00, real=0.04 secs]
         vmop                    [threads: total initially_running wait_to_block]    [time: spin block sync cleanup vmop] page_trap_count
159.011: GenCollectForAllocation          [      33          0              0    ]      [     0     0     0     0    39    ]  0
2017-11-22T07:09:13.145+0800: 159.052: Total time for which application threads were stopped: 0.0401685 seconds, Stopping threads took: 0.0000689 seconds
2017-11-22T07:09:13.253+0800: 159.160: [GC (Allocation Failure) 2017-11-22T07:09:13.253+0800: 159.160: [ParNew: 138630K->389K(154880K), 0.0348280 secs] 4681305K->4543065K(5615348K), 0.0349217 secs] [Times: user=0.06 sys=0.00, real=0.03 secs]
         vmop                    [threads: total initially_running wait_to_block]    [time: spin block sync cleanup vmop] page_trap_count
159.160: GenCollectForAllocation          [      33          0              0    ]      [     0     0     0     0    35    ]  0
2017-11-22T07:09:13.288+0800: 159.195: Total time for which application threads were stopped: 0.0352289 seconds, Stopping threads took: 0.0000427 seconds
2017-11-22T07:09:13.367+0800: 159.274: [GC (Allocation Failure) 2017-11-22T07:09:13.367+0800: 159.274: [ParNew: 138117K->137K(154880K), 0.0268012 secs] 4680793K->4542813K(5615348K), 0.0269005 secs] [Times: user=0.08 sys=0.00, real=0.03 secs]
         vmop                    [threads: total initially_running wait_to_block]    [time: spin block sync cleanup vmop] page_trap_count
159.274: GenCollectForAllocation          [      33          0              0    ]      [     0     0     0     0    26    ]  0
2017-11-22T07:09:13.394+0800: 159.301: Total time for which application threads were stopped: 0.0271940 seconds, Stopping threads took: 0.0000605 seconds
2017-11-22T07:09:13.492+0800: 159.399: [GC (Allocation Failure) 2017-11-22T07:09:13.492+0800: 159.399: [ParNew: 137865K->2968K(154880K), 0.0293382 secs] 4680541K->4545644K(5615348K), 0.0294159 secs] [Times: user=0.13 sys=0.00, real=0.04 secs]
         vmop                    [threads: total initially_running wait_to_block]    [time: spin block sync cleanup vmop] page_trap_count
159.399: GenCollectForAllocation          [      33          0              0    ]      [     0     0     0     0    29    ]  0
2017-11-22T07:09:13.522+0800: 159.429: Total time for which application threads were stopped: 0.0297243 seconds, Stopping threads took: 0.0000646 seconds
         vmop                    [threads: total initially_running wait_to_block]    [time: spin block sync cleanup vmop] page_trap_count
159.431: BulkRevokeBias                   [      32          1              1    ]      [     0     0     0     0     0    ]  1
2017-11-22T07:09:13.524+0800: 159.431: Total time for which application threads were stopped: 0.0004835 seconds, Stopping threads took: 0.0000792 seconds
         vmop                    [threads: total initially_running wait_to_block]    [time: spin block sync cleanup vmop] page_trap_count
159.435: RevokeBias                       [      33          1              1    ]      [     0     0     0     0     0    ]  1
2017-11-22T07:09:13.529+0800: 159.436: Total time for which application threads were stopped: 0.0001996 seconds, Stopping threads took: 0.0000785 seconds
2017-11-22T07:09:13.552+0800: 159.459: [CMS-concurrent-preclean: 0.606/0.790 secs] [Times: user=1.78 sys=0.06, real=0.78 secs]
2017-11-22T07:09:13.552+0800: 159.459: [CMS-concurrent-abortable-preclean-start]
2017-11-22T07:09:13.629+0800: 159.536: [GC (Allocation Failure) 2017-11-22T07:09:13.629+0800: 159.536: [ParNew: 140696K->84K(154880K), 0.0111741 secs] 4683372K->4542760K(5615348K), 0.0112521 secs] [Times: user=0.05 sys=0.00, real=0.01 secs]
         vmop                    [threads: total initially_running wait_to_block]    [time: spin block sync cleanup vmop] page_trap_count
159.536: GenCollectForAllocation          [      33          0              0    ]      [     0     0     0     0    11    ]  0
2017-11-22T07:09:13.641+0800: 159.548: Total time for which application threads were stopped: 0.0115814 seconds, Stopping threads took: 0.0000568 seconds
2017-11-22T07:09:13.709+0800: 159.616: [GC (Allocation Failure) 2017-11-22T07:09:13.709+0800: 159.616: [ParNew: 137812K->145K(154880K), 0.0125690 secs] 4680488K->4542821K(5615348K), 0.0126288 secs] [Times: user=0.05 sys=0.00, real=0.02 secs]
         vmop                    [threads: total initially_running wait_to_block]    [time: spin block sync cleanup vmop] page_trap_count
159.616: GenCollectForAllocation          [      33          0              2    ]      [     0     0     0     0    12    ]  0
2017-11-22T07:09:13.722+0800: 159.629: Total time for which application threads were stopped: 0.0128807 seconds, Stopping threads took: 0.0000599 seconds
2017-11-22T07:09:13.790+0800: 159.697: [GC (Allocation Failure) 2017-11-22T07:09:13.790+0800: 159.697: [ParNew: 137873K->146K(154880K), 0.0222267 secs] 4680549K->4542821K(5615348K), 0.0222991 secs] [Times: user=0.07 sys=0.00, real=0.02 secs]
         vmop                    [threads: total initially_running wait_to_block]    [time: spin block sync cleanup vmop] page_trap_count
159.697: GenCollectForAllocation          [      33          0              0    ]      [     0     0     0     0    22    ]  0
2017-11-22T07:09:13.812+0800: 159.719: Total time for which application threads were stopped: 0.0225719 seconds, Stopping threads took: 0.0000467 seconds
2017-11-22T07:09:13.880+0800: 159.787: [GC (Allocation Failure) 2017-11-22T07:09:13.881+0800: 159.788: [ParNew: 137874K->78K(154880K), 0.0127270 secs] 4680549K->4542753K(5615348K), 0.0128070 secs] [Times: user=0.04 sys=0.00, real=0.02 secs]
         vmop                    [threads: total initially_running wait_to_block]    [time: spin block sync cleanup vmop] page_trap_count
159.787: GenCollectForAllocation          [      33          0              0    ]      [     0     0     0     0    12    ]  0
2017-11-22T07:09:13.893+0800: 159.800: Total time for which application threads were stopped: 0.0130910 seconds, Stopping threads took: 0.0000568 seconds
2017-11-22T07:09:13.961+0800: 159.868: [GC (Allocation Failure) 2017-11-22T07:09:13.961+0800: 159.868: [ParNew: 137806K->465K(154880K), 0.0432872 secs] 4680481K->4543141K(5615348K), 0.0433640 secs] [Times: user=0.19 sys=0.00, real=0.05 secs]
         vmop                    [threads: total initially_running wait_to_block]    [time: spin block sync cleanup vmop] page_trap_count
159.867: GenCollectForAllocation          [      33          0              0    ]      [     0     0     0     0    43    ]  0
2017-11-22T07:09:14.004+0800: 159.911: Total time for which application threads were stopped: 0.0436313 seconds, Stopping threads took: 0.0000484 seconds
2017-11-22T07:09:14.082+0800: 159.989: [GC (Allocation Failure) 2017-11-22T07:09:14.082+0800: 159.989: [ParNew: 138193K->146K(154880K), 0.0244715 secs] 4680869K->4542821K(5615348K), 0.0245678 secs] [Times: user=0.07 sys=0.01, real=0.02 secs]
         vmop                    [threads: total initially_running wait_to_block]    [time: spin block sync cleanup vmop] page_trap_count
159.989: GenCollectForAllocation          [      33          0              0    ]      [     0     0     0     0    24    ]  0
2017-11-22T07:09:14.107+0800: 160.014: Total time for which application threads were stopped: 0.0249722 seconds, Stopping threads took: 0.0000709 seconds
2017-11-22T07:09:14.182+0800: 160.089: [GC (Allocation Failure) 2017-11-22T07:09:14.182+0800: 160.089: [ParNew: 137874K->73K(154880K), 0.0314368 secs] 4680549K->4542758K(5615348K), 0.0315259 secs] [Times: user=0.10 sys=0.00, real=0.03 secs]
         vmop                    [threads: total initially_running wait_to_block]    [time: spin block sync cleanup vmop] page_trap_count
160.089: GenCollectForAllocation          [      33          0              0    ]      [     0     0     0     0    31    ]  0
2017-11-22T07:09:14.213+0800: 160.120: Total time for which application threads were stopped: 0.0318672 seconds, Stopping threads took: 0.0000653 seconds
2017-11-22T07:09:14.280+0800: 160.187: [GC (Allocation Failure) 2017-11-22T07:09:14.280+0800: 160.187: [ParNew: 137801K->139K(154880K), 0.0181729 secs] 4680486K->4542824K(5615348K), 0.0182524 secs] [Times: user=0.08 sys=0.00, real=0.02 secs]
         vmop                    [threads: total initially_running wait_to_block]    [time: spin block sync cleanup vmop] page_trap_count
160.187: GenCollectForAllocation          [      33          1              1    ]      [     0     0     0     0    18    ]  1
2017-11-22T07:09:14.299+0800: 160.206: Total time for which application threads were stopped: 0.0185502 seconds, Stopping threads took: 0.0000608 seconds
2017-11-22T07:09:14.373+0800: 160.280: [GC (Allocation Failure) 2017-11-22T07:09:14.373+0800: 160.280: [ParNew: 137867K->135K(154880K), 0.0202267 secs] 4680552K->4542820K(5615348K), 0.0203124 secs] [Times: user=0.08 sys=0.00, real=0.02 secs]
         vmop                    [threads: total initially_running wait_to_block]    [time: spin block sync cleanup vmop] page_trap_count
160.280: GenCollectForAllocation          [      33          0              0    ]      [     0     0     0     0    20    ]  0
2017-11-22T07:09:14.393+0800: 160.300: Total time for which application threads were stopped: 0.0206081 seconds, Stopping threads took: 0.0000541 seconds
2017-11-22T07:09:14.471+0800: 160.378: [GC (Allocation Failure) 2017-11-22T07:09:14.471+0800: 160.378: [ParNew: 137863K->142K(154880K), 0.0118221 secs] 4680548K->4542827K(5615348K), 0.0118983 secs] [Times: user=0.05 sys=0.00, real=0.02 secs]
         vmop                    [threads: total initially_running wait_to_block]    [time: spin block sync cleanup vmop] page_trap_count
160.378: GenCollectForAllocation          [      33          1              1    ]      [     0     0     0     0    11    ]  1
2017-11-22T07:09:14.483+0800: 160.390: Total time for which application threads were stopped: 0.0122058 seconds, Stopping threads took: 0.0000791 seconds
2017-11-22T07:09:14.562+0800: 160.469: [GC (Allocation Failure) 2017-11-22T07:09:14.562+0800: 160.469: [ParNew: 137870K->71K(154880K), 0.0126796 secs] 4680555K->4542757K(5615348K), 0.0127584 secs] [Times: user=0.04 sys=0.00, real=0.01 secs]
         vmop                    [threads: total initially_running wait_to_block]    [time: spin block sync cleanup vmop] page_trap_count
160.469: GenCollectForAllocation          [      33          0              0    ]      [     0     0     0     0    12    ]  0
2017-11-22T07:09:14.575+0800: 160.482: Total time for which application threads were stopped: 0.0130234 seconds, Stopping threads took: 0.0000514 seconds
2017-11-22T07:09:14.643+0800: 160.550: [GC (Allocation Failure) 2017-11-22T07:09:14.643+0800: 160.550: [ParNew: 137799K->72K(154880K), 0.0142309 secs] 4680485K->4542757K(5615348K), 0.0143142 secs] [Times: user=0.05 sys=0.00, real=0.01 secs]
         vmop                    [threads: total initially_running wait_to_block]    [time: spin block sync cleanup vmop] page_trap_count
160.549: GenCollectForAllocation          [      33          0              0    ]      [     0     0     0     0    14    ]  0
2017-11-22T07:09:14.657+0800: 160.564: Total time for which application threads were stopped: 0.0145950 seconds, Stopping threads took: 0.0000510 seconds
2017-11-22T07:09:14.725+0800: 160.632: [GC (Allocation Failure) 2017-11-22T07:09:14.725+0800: 160.632: [ParNew: 137800K->3825K(154880K), 0.0415798 secs] 4680485K->4546510K(5615348K), 0.0416845 secs] [Times: user=0.10 sys=0.00, real=0.04 secs]
         vmop                    [threads: total initially_running wait_to_block]    [time: spin block sync cleanup vmop] page_trap_count
160.632: GenCollectForAllocation          [      33          0              0    ]      [     0     0     0     0    41    ]  0
2017-11-22T07:09:14.767+0800: 160.674: Total time for which application threads were stopped: 0.0419956 seconds, Stopping threads took: 0.0000588 seconds
2017-11-22T07:09:14.834+0800: 160.741: [GC (Allocation Failure) 2017-11-22T07:09:14.834+0800: 160.741: [ParNew: 141553K->139K(154880K), 0.0313942 secs] 4684238K->4542824K(5615348K), 0.0314885 secs] [Times: user=0.09 sys=0.00, real=0.03 secs]
         vmop                    [threads: total initially_running wait_to_block]    [time: spin block sync cleanup vmop] page_trap_count
160.740: GenCollectForAllocation          [      33          1              1    ]      [     0     0     0     0    31    ]  1
2017-11-22T07:09:14.865+0800: 160.772: Total time for which application threads were stopped: 0.0317639 seconds, Stopping threads took: 0.0000666 seconds
2017-11-22T07:09:14.956+0800: 160.863: [GC (Allocation Failure) 2017-11-22T07:09:14.956+0800: 160.863: [ParNew2017-11-22T07:09:14.979+0800: 160.886: [CMS-concurrent-abortable-preclean: 0.160/1.427 secs] [Times: user=2.57 sys=0.06, real=1.43 secs]
: 137867K->135K(154880K), 0.0454903 secs] 4680552K->4542820K(5615348K), 0.0455605 secs] [Times: user=0.12 sys=0.00, real=0.05 secs]
         vmop                    [threads: total initially_running wait_to_block]    [time: spin block sync cleanup vmop] page_trap_count
160.862: GenCollectForAllocation          [      33          0              1    ]      [     0     0     0     0    45    ]  0
2017-11-22T07:09:15.001+0800: 160.908: Total time for which application threads were stopped: 0.0458728 seconds, Stopping threads took: 0.0000692 seconds
2017-11-22T07:09:15.002+0800: 160.908: [GC (CMS Final Remark) [YG occupancy: 2880 K (154880 K)]2017-11-22T07:09:15.002+0800: 160.909: [Rescan (parallel) , 0.0068592 secs]2017-11-22T07:09:15.008+0800: 160.915: [weak refs processing, 0.0001069 secs]2017-11-22T07:09:15.009+0800: 160.915: [class unloading, 0.0078825 secs]2017-11-22T07:09:15.016+0800: 160.923: [scrub symbol table, 0.0045509 secs]2017-11-22T07:09:15.021+0800: 160.928: [scrub string table, 0.0006598 secs][1 CMS-remark: 4542685K(5460468K)] 4545565K(5615348K), 0.0202671 secs] [Times: user=0.05 sys=0.00, real=0.02 secs]
         vmop                    [threads: total initially_running wait_to_block]    [time: spin block sync cleanup vmop] page_trap_count
160.908: CMS_Final_Remark                 [      33          1              2    ]      [     0     0     0     0    20    ]  1
2017-11-22T07:09:15.022+0800: 160.929: Total time for which application threads were stopped: 0.0205432 seconds, Stopping threads took: 0.0001168 seconds
2017-11-22T07:09:15.022+0800: 160.929: [CMS-concurrent-sweep-start]
2017-11-22T07:09:15.121+0800: 161.028: [GC (Allocation Failure) 2017-11-22T07:09:15.121+0800: 161.028: [ParNew: 137863K->141K(154880K), 0.0176396 secs] 4680477K->4542755K(5615348K), 0.0177271 secs] [Times: user=0.08 sys=0.00, real=0.02 secs]
         vmop                    [threads: total initially_running wait_to_block]    [time: spin block sync cleanup vmop] page_trap_count
161.027: GenCollectForAllocation          [      33          1              1    ]      [     0     0     0     0    17    ]  1
2017-11-22T07:09:15.138+0800: 161.045: Total time for which application threads were stopped: 0.0180576 seconds, Stopping threads took: 0.0000715 seconds
2017-11-22T07:09:15.235+0800: 161.142: [GC (Allocation Failure) 2017-11-22T07:09:15.235+0800: 161.142: [ParNew: 137869K->73K(154880K), 0.0173507 secs] 4680482K->4542687K(5615348K), 0.0174316 secs] [Times: user=0.08 sys=0.00, real=0.01 secs]
         vmop                    [threads: total initially_running wait_to_block]    [time: spin block sync cleanup vmop] page_trap_count
161.142: GenCollectForAllocation          [      33          0              0    ]      [     0     0     0     0    17    ]  0
2017-11-22T07:09:15.253+0800: 161.160: Total time for which application threads were stopped: 0.0177273 seconds, Stopping threads took: 0.0000507 seconds
2017-11-22T07:09:15.323+0800: 161.230: [GC (Allocation Failure) 2017-11-22T07:09:15.323+0800: 161.230: [ParNew: 137801K->135K(154880K), 0.0186705 secs] 4680415K->4542748K(5615348K), 0.0187438 secs] [Times: user=0.08 sys=0.00, real=0.02 secs]
         vmop                    [threads: total initially_running wait_to_block]    [time: spin block sync cleanup vmop] page_trap_count
161.230: GenCollectForAllocation          [      33          0              0    ]      [     0     0     0     0    18    ]  0
2017-11-22T07:09:15.342+0800: 161.249: Total time for which application threads were stopped: 0.0190432 seconds, Stopping threads took: 0.0000594 seconds
2017-11-22T07:09:15.411+0800: 161.318: [GC (Allocation Failure) 2017-11-22T07:09:15.411+0800: 161.318: [ParNew: 137863K->73K(154880K), 0.0428481 secs] 4680476K->4542687K(5615348K), 0.0429201 secs] [Times: user=0.19 sys=0.01, real=0.05 secs]
         vmop                    [threads: total initially_running wait_to_block]    [time: spin block sync cleanup vmop] page_trap_count
161.318: GenCollectForAllocation          [      33          0              0    ]      [     0     0     0     0    42    ]  0
2017-11-22T07:09:15.454+0800: 161.361: Total time for which application threads were stopped: 0.0432233 seconds, Stopping threads took: 0.0000609 seconds
2017-11-22T07:09:15.533+0800: 161.440: [GC (Allocation Failure) 2017-11-22T07:09:15.533+0800: 161.440: [ParNew: 137767K->71K(154880K), 0.0311712 secs] 4680381K->4542685K(5615348K), 0.0312538 secs] [Times: user=0.08 sys=0.00, real=0.03 secs]
         vmop                    [threads: total initially_running wait_to_block]    [time: spin block sync cleanup vmop] page_trap_count
161.439: GenCollectForAllocation          [      33          0              0    ]      [     0     0     0     0    31    ]  0
2017-11-22T07:09:15.564+0800: 161.471: Total time for which application threads were stopped: 0.0315846 seconds, Stopping threads took: 0.0000575 seconds
2017-11-22T07:09:15.633+0800: 161.540: [GC (Allocation Failure) 2017-11-22T07:09:15.633+0800: 161.540: [ParNew: 137799K->139K(154880K), 0.0260797 secs] 4680413K->4542752K(5615348K), 0.0261583 secs] [Times: user=0.12 sys=0.00, real=0.02 secs]
         vmop                    [threads: total initially_running wait_to_block]    [time: spin block sync cleanup vmop] page_trap_count
161.540: GenCollectForAllocation          [      33          1              1    ]      [     0     0     0     0    26    ]  1
2017-11-22T07:09:15.659+0800: 161.566: Total time for which application threads were stopped: 0.0264975 seconds, Stopping threads took: 0.0000841 seconds
2017-11-22T07:09:15.734+0800: 161.641: [GC (Allocation Failure) 2017-11-22T07:09:15.734+0800: 161.641: [ParNew: 137867K->141K(154880K), 0.0349643 secs] 4680478K->4542753K(5615348K), 0.0350736 secs] [Times: user=0.16 sys=0.00, real=0.03 secs]
         vmop                    [threads: total initially_running wait_to_block]    [time: spin block sync cleanup vmop] page_trap_count
161.641: GenCollectForAllocation          [      33          0              0    ]      [     0     0     0     0    35    ]  0
2017-11-22T07:09:15.769+0800: 161.676: Total time for which application threads were stopped: 0.0354870 seconds, Stopping threads took: 0.0000731 seconds
2017-11-22T07:09:15.876+0800: 161.783: [GC (Allocation Failure) 2017-11-22T07:09:15.876+0800: 161.783: [ParNew: 137869K->1412K(154880K), 0.0207501 secs] 4680473K->4544016K(5615348K), 0.0208514 secs] [Times: user=0.06 sys=0.00, real=0.02 secs]
         vmop                    [threads: total initially_running wait_to_block]    [time: spin block sync cleanup vmop] page_trap_count
161.783: GenCollectForAllocation          [      33          0              0    ]      [     0     0     0     0    20    ]  0
2017-11-22T07:09:15.897+0800: 161.804: Total time for which application threads were stopped: 0.0214242 seconds, Stopping threads took: 0.0000617 seconds
2017-11-22T07:09:15.971+0800: 161.878: [GC (Allocation Failure) 2017-11-22T07:09:15.971+0800: 161.878: [ParNew: 139140K->141K(154880K), 0.0167446 secs] 4681744K->4542745K(5615348K), 0.0168724 secs] [Times: user=0.08 sys=0.00, real=0.02 secs]
         vmop                    [threads: total initially_running wait_to_block]    [time: spin block sync cleanup vmop] page_trap_count
161.878: GenCollectForAllocation          [      33          0              0    ]      [     0     0     0     0    16    ]  0
2017-11-22T07:09:15.988+0800: 161.895: Total time for which application threads were stopped: 0.0172991 seconds, Stopping threads took: 0.0000747 seconds
2017-11-22T07:09:16.064+0800: 161.971: [GC (Allocation Failure) 2017-11-22T07:09:16.064+0800: 161.971: [ParNew: 137869K->137K(154880K), 0.0123937 secs] 4680469K->4542737K(5615348K), 0.0124849 secs] [Times: user=0.06 sys=0.00, real=0.01 secs]
         vmop                    [threads: total initially_running wait_to_block]    [time: spin block sync cleanup vmop] page_trap_count
161.971: GenCollectForAllocation          [      33          1              0    ]      [     0     0     0     0    12    ]  0
2017-11-22T07:09:16.076+0800: 161.983: Total time for which application threads were stopped: 0.0128882 seconds, Stopping threads took: 0.0000923 seconds
2017-11-22T07:09:16.148+0800: 162.055: [GC (Allocation Failure) 2017-11-22T07:09:16.148+0800: 162.055: [ParNew: 137865K->139K(154880K), 0.0252692 secs] 4680449K->4542723K(5615348K), 0.0253790 secs] [Times: user=0.08 sys=0.00, real=0.03 secs]
         vmop                    [threads: total initially_running wait_to_block]    [time: spin block sync cleanup vmop] page_trap_count
162.054: GenCollectForAllocation          [      33          1              1    ]      [     0     0     0     0    25    ]  0
2017-11-22T07:09:16.173+0800: 162.080: Total time for which application threads were stopped: 0.0257838 seconds, Stopping threads took: 0.0000951 seconds
2017-11-22T07:09:16.243+0800: 162.150: [GC (Allocation Failure) 2017-11-22T07:09:16.243+0800: 162.150: [ParNew: 137867K->709K(154880K), 0.0276433 secs] 4680406K->4543249K(5615348K), 0.0277063 secs] [Times: user=0.07 sys=0.00, real=0.02 secs]
         vmop                    [threads: total initially_running wait_to_block]    [time: spin block sync cleanup vmop] page_trap_count
162.150: GenCollectForAllocation          [      33          0              0    ]      [     0     0     0     0    27    ]  0
2017-11-22T07:09:16.271+0800: 162.178: Total time for which application threads were stopped: 0.0279383 seconds, Stopping threads took: 0.0000338 seconds
2017-11-22T07:09:16.341+0800: 162.248: [GC (Allocation Failure) 2017-11-22T07:09:16.341+0800: 162.248: [ParNew: 138437K->71K(154880K), 0.0525336 secs] 4680762K->4542397K(5615348K), 0.0526330 secs] [Times: user=0.17 sys=0.00, real=0.05 secs]
         vmop                    [threads: total initially_running wait_to_block]    [time: spin block sync cleanup vmop] page_trap_count
162.248: GenCollectForAllocation          [      33          0              0    ]      [     0     0     0     0    52    ]  0
2017-11-22T07:09:16.394+0800: 162.301: Total time for which application threads were stopped: 0.0529643 seconds, Stopping threads took: 0.0000881 seconds
2017-11-22T07:09:16.461+0800: 162.368: [GC (Allocation Failure) 2017-11-22T07:09:16.461+0800: 162.368: [ParNew: 137799K->137K(154880K), 0.0117473 secs] 4680078K->4542416K(5615348K), 0.0118837 secs] [Times: user=0.05 sys=0.00, real=0.01 secs]
         vmop                    [threads: total initially_running wait_to_block]    [time: spin block sync cleanup vmop] page_trap_count
162.368: GenCollectForAllocation          [      33          0              0    ]      [     0     0     0     0    11    ]  0
2017-11-22T07:09:16.473+0800: 162.380: Total time for which application threads were stopped: 0.0122331 seconds, Stopping threads took: 0.0000587 seconds
2017-11-22T07:09:16.574+0800: 162.481: [GC (Allocation Failure) 2017-11-22T07:09:16.574+0800: 162.481: [ParNew: 137865K->133K(154880K), 0.0205335 secs] 4679946K->4542214K(5615348K), 0.0206081 secs] [Times: user=0.07 sys=0.01, real=0.02 secs]
         vmop                    [threads: total initially_running wait_to_block]    [time: spin block sync cleanup vmop] page_trap_count
162.481: GenCollectForAllocation          [      33          0              0    ]      [     0     0     0     0    20    ]  0
2017-11-22T07:09:16.595+0800: 162.502: Total time for which application threads were stopped: 0.0208832 seconds, Stopping threads took: 0.0000582 seconds
2017-11-22T07:09:16.667+0800: 162.574: [GC (Allocation Failure) 2017-11-22T07:09:16.667+0800: 162.574: [ParNew: 137861K->137K(154880K), 0.0163715 secs] 4679765K->4542041K(5615348K), 0.0164502 secs] [Times: user=0.07 sys=0.00, real=0.02 secs]
         vmop                    [threads: total initially_running wait_to_block]    [time: spin block sync cleanup vmop] page_trap_count
162.574: GenCollectForAllocation          [      33          0              0    ]      [     0     0     0     0    16    ]  0
2017-11-22T07:09:16.684+0800: 162.591: Total time for which application threads were stopped: 0.0167303 seconds, Stopping threads took: 0.0000496 seconds
2017-11-22T07:09:16.759+0800: 162.666: [GC (Allocation Failure) 2017-11-22T07:09:16.759+0800: 162.666: [ParNew: 137865K->136K(154880K), 0.0366529 secs] 4679515K->4541787K(5615348K), 0.0367361 secs] [Times: user=0.14 sys=0.00, real=0.04 secs]
         vmop                    [threads: total initially_running wait_to_block]    [time: spin block sync cleanup vmop] page_trap_count
162.666: GenCollectForAllocation          [      33          1              1    ]      [     0     0     0     0    36    ]  1
2017-11-22T07:09:16.796+0800: 162.703: Total time for which application threads were stopped: 0.0370557 seconds, Stopping threads took: 0.0000650 seconds
2017-11-22T07:09:16.865+0800: 162.772: [GC (Allocation Failure) 2017-11-22T07:09:16.865+0800: 162.772: [ParNew: 137864K->391K(154880K), 0.0211296 secs] 4679249K->4541776K(5615348K), 0.0212047 secs] [Times: user=0.06 sys=0.00, real=0.02 secs]
         vmop                    [threads: total initially_running wait_to_block]    [time: spin block sync cleanup vmop] page_trap_count
162.772: GenCollectForAllocation          [      33          0              0    ]      [     0     0     0     0    21    ]  0
2017-11-22T07:09:16.887+0800: 162.794: Total time for which application threads were stopped: 0.0214701 seconds, Stopping threads took: 0.0000498 seconds
         vmop                    [threads: total initially_running wait_to_block]    [time: spin block sync cleanup vmop] page_trap_count
162.818: RevokeBias                       [      33          0              1    ]      [     0     0     0     0     0    ]  0
2017-11-22T07:09:16.912+0800: 162.819: Total time for which application threads were stopped: 0.0003375 seconds, Stopping threads took: 0.0001526 seconds
2017-11-22T07:09:16.955+0800: 162.862: [GC (Allocation Failure) 2017-11-22T07:09:16.955+0800: 162.862: [ParNew: 138119K->213K(154880K), 0.0184474 secs] 4679239K->4541333K(5615348K), 0.0185306 secs] [Times: user=0.09 sys=0.00, real=0.02 secs]
         vmop                    [threads: total initially_running wait_to_block]    [time: spin block sync cleanup vmop] page_trap_count
162.862: GenCollectForAllocation          [      33          0              0    ]      [     0     0     0     0    18    ]  0
2017-11-22T07:09:16.974+0800: 162.881: Total time for which application threads were stopped: 0.0188235 seconds, Stopping threads took: 0.0000616 seconds
2017-11-22T07:09:17.049+0800: 162.955: [GC (Allocation Failure) 2017-11-22T07:09:17.049+0800: 162.956: [ParNew: 137941K->146K(154880K), 0.0152532 secs] 4678794K->4540999K(5615348K), 0.0153303 secs] [Times: user=0.08 sys=0.00, real=0.02 secs]
         vmop                    [threads: total initially_running wait_to_block]    [time: spin block sync cleanup vmop] page_trap_count
162.955: GenCollectForAllocation          [      33          0              0    ]      [     0     0     0     0    15    ]  0
2017-11-22T07:09:17.064+0800: 162.971: Total time for which application threads were stopped: 0.0156510 seconds, Stopping threads took: 0.0000592 seconds
2017-11-22T07:09:17.133+0800: 163.040: [GC (Allocation Failure) 2017-11-22T07:09:17.133+0800: 163.040: [ParNew: 137874K->2432K(154880K), 0.0265999 secs] 4678491K->4543049K(5615348K), 0.0267332 secs] [Times: user=0.06 sys=0.00, real=0.02 secs]
         vmop                    [threads: total initially_running wait_to_block]    [time: spin block sync cleanup vmop] page_trap_count
163.039: GenCollectForAllocation          [      33          0              0    ]      [     0     0     0     0    26    ]  0
2017-11-22T07:09:17.160+0800: 163.067: Total time for which application threads were stopped: 0.0270736 seconds, Stopping threads took: 0.0000516 seconds
2017-11-22T07:09:17.233+0800: 163.140: [GC (Allocation Failure) 2017-11-22T07:09:17.233+0800: 163.140: [ParNew: 140160K->148K(154880K), 0.0405613 secs] 4680448K->4540435K(5615348K), 0.0406363 secs] [Times: user=0.16 sys=0.00, real=0.04 secs]
         vmop                    [threads: total initially_running wait_to_block]    [time: spin block sync cleanup vmop] page_trap_count
163.140: GenCollectForAllocation          [      33          0              0    ]      [     0     0     0     0    40    ]  0
2017-11-22T07:09:17.274+0800: 163.181: Total time for which application threads were stopped: 0.0413607 seconds, Stopping threads took: 0.0000532 seconds
2017-11-22T07:09:17.346+0800: 163.253: [GC (Allocation Failure) 2017-11-22T07:09:17.346+0800: 163.253: [ParNew: 137876K->82K(154880K), 0.0188887 secs] 4677922K->4540129K(5615348K), 0.0189587 secs] [Times: user=0.09 sys=0.00, real=0.02 secs]
         vmop                    [threads: total initially_running wait_to_block]    [time: spin block sync cleanup vmop] page_trap_count
163.253: GenCollectForAllocation          [      33          0              0    ]      [     0     0     0     0    19    ]  0
2017-11-22T07:09:17.365+0800: 163.272: Total time for which application threads were stopped: 0.0192421 seconds, Stopping threads took: 0.0000498 seconds
2017-11-22T07:09:17.453+0800: 163.360: [GC (Allocation Failure) 2017-11-22T07:09:17.453+0800: 163.360: [ParNew: 137810K->86K(154880K), 0.0166603 secs] 4677546K->4539822K(5615348K), 0.0167500 secs] [Times: user=0.06 sys=0.00, real=0.02 secs]
         vmop                    [threads: total initially_running wait_to_block]    [time: spin block sync cleanup vmop] page_trap_count
163.359: GenCollectForAllocation          [      33          0              0    ]      [     0     0     0     0    16    ]  0
2017-11-22T07:09:17.469+0800: 163.376: Total time for which application threads were stopped: 0.0170394 seconds, Stopping threads took: 0.0000517 seconds
2017-11-22T07:09:17.556+0800: 163.463: [GC (Allocation Failure) 2017-11-22T07:09:17.556+0800: 163.463: [ParNew: 137814K->75K(154880K), 0.0227874 secs] 4677049K->4539319K(5615348K), 0.0228816 secs] [Times: user=0.10 sys=0.00, real=0.02 secs]
         vmop                    [threads: total initially_running wait_to_block]    [time: spin block sync cleanup vmop] page_trap_count
163.457: GenCollectForAllocation          [      33          0              0    ]      [     0     0     5     0    22    ]  0
2017-11-22T07:09:17.579+0800: 163.486: Total time for which application threads were stopped: 0.0232088 seconds, Stopping threads took: 0.0000692 seconds
2017-11-22T07:09:17.654+0800: 163.561: [GC (Allocation Failure) 2017-11-22T07:09:17.654+0800: 163.561: [ParNew: 137803K->137K(154880K), 0.0162403 secs] 4676711K->4539045K(5615348K), 0.0163139 secs] [Times: user=0.08 sys=0.00, real=0.01 secs]
         vmop                    [threads: total initially_running wait_to_block]    [time: spin block sync cleanup vmop] page_trap_count
163.561: GenCollectForAllocation          [      33          0              0    ]      [     0     0     0     0    16    ]  0
2017-11-22T07:09:17.671+0800: 163.578: Total time for which application threads were stopped: 0.0166035 seconds, Stopping threads took: 0.0000546 seconds
2017-11-22T07:09:17.742+0800: 163.648: [GC (Allocation Failure) 2017-11-22T07:09:17.742+0800: 163.649: [ParNew: 137865K->1157K(154880K), 0.0104223 secs] 4676381K->4539674K(5615348K), 0.0105019 secs] [Times: user=0.06 sys=0.01, real=0.00 secs]
         vmop                    [threads: total initially_running wait_to_block]    [time: spin block sync cleanup vmop] page_trap_count
163.648: GenCollectForAllocation          [      33          0              0    ]      [     0     0     0     0    10    ]  0
2017-11-22T07:09:17.752+0800: 163.659: Total time for which application threads were stopped: 0.0108009 seconds, Stopping threads took: 0.0000568 seconds
2017-11-22T07:09:17.820+0800: 163.727: [GC (Allocation Failure) 2017-11-22T07:09:17.820+0800: 163.727: [ParNew: 138885K->5097K(154880K), 0.0137928 secs] 4677155K->4543367K(5615348K), 0.0138699 secs] [Times: user=0.08 sys=0.00, real=0.02 secs]
         vmop                    [threads: total initially_running wait_to_block]    [time: spin block sync cleanup vmop] page_trap_count
163.727: GenCollectForAllocation          [      33          0              0    ]      [     0     0     0     0    13    ]  0
2017-11-22T07:09:17.834+0800: 163.741: Total time for which application threads were stopped: 0.0141862 seconds, Stopping threads took: 0.0000709 seconds
2017-11-22T07:09:18.006+0800: 163.913: [GC (Allocation Failure) 2017-11-22T07:09:18.006+0800: 163.913: [ParNew: 142825K->584K(154880K), 0.0210840 secs] 4680442K->4538201K(5615348K), 0.0211728 secs] [Times: user=0.06 sys=0.00, real=0.02 secs]
         vmop                    [threads: total initially_running wait_to_block]    [time: spin block sync cleanup vmop] page_trap_count
163.913: GenCollectForAllocation          [      33          0              0    ]      [     0     0     0     0    21    ]  0
2017-11-22T07:09:18.027+0800: 163.934: Total time for which application threads were stopped: 0.0214737 seconds, Stopping threads took: 0.0000568 seconds
2017-11-22T07:09:18.103+0800: 164.010: [GC (Allocation Failure) 2017-11-22T07:09:18.103+0800: 164.010: [ParNew: 138312K->137K(154880K), 0.0109361 secs] 4675711K->4537536K(5615348K), 0.0109972 secs] [Times: user=0.05 sys=0.00, real=0.01 secs]
         vmop                    [threads: total initially_running wait_to_block]    [time: spin block sync cleanup vmop] page_trap_count
164.010: GenCollectForAllocation          [      33          1              1    ]      [     0     0     0     0    11    ]  1
2017-11-22T07:09:18.114+0800: 164.021: Total time for which application threads were stopped: 0.0113038 seconds, Stopping threads took: 0.0000911 seconds
2017-11-22T07:09:18.201+0800: 164.108: [GC (Allocation Failure) 2017-11-22T07:09:18.201+0800: 164.108: [ParNew: 137865K->137K(154880K), 0.0173819 secs] 4675100K->4537371K(5615348K), 0.0174610 secs] [Times: user=0.08 sys=0.00, real=0.02 secs]
         vmop                    [threads: total initially_running wait_to_block]    [time: spin block sync cleanup vmop] page_trap_count
164.107: GenCollectForAllocation          [      33          1              1    ]      [     0     0     0     0    17    ]  1
2017-11-22T07:09:18.218+0800: 164.125: Total time for which application threads were stopped: 0.0178062 seconds, Stopping threads took: 0.0000943 seconds
2017-11-22T07:09:18.317+0800: 164.224: [GC (Allocation Failure) 2017-11-22T07:09:18.317+0800: 164.224: [ParNew: 137865K->201K(154880K), 0.0224272 secs] 4675099K->4537435K(5615348K), 0.0225032 secs] [Times: user=0.05 sys=0.00, real=0.02 secs]
         vmop                    [threads: total initially_running wait_to_block]    [time: spin block sync cleanup vmop] page_trap_count
164.223: GenCollectForAllocation          [      33          0              0    ]      [     0     0     0     0    22    ]  0
2017-11-22T07:09:18.339+0800: 164.246: Total time for which application threads were stopped: 0.0228686 seconds, Stopping threads took: 0.0000612 seconds
2017-11-22T07:09:18.423+0800: 164.330: [CMS-concurrent-sweep: 2.663/3.401 secs] [Times: user=8.33 sys=0.19, real=3.40 secs]
2017-11-22T07:09:18.426+0800: 164.333: [CMS-concurrent-reset-start]
2017-11-22T07:09:18.440+0800: 164.347: [GC (Allocation Failure) 2017-11-22T07:09:18.440+0800: 164.347: [ParNew: 137929K->137K(154880K), 0.0530831 secs] 4675163K->4537371K(6289088K), 0.0531877 secs] [Times: user=0.12 sys=0.00, real=0.06 secs]
         vmop                    [threads: total initially_running wait_to_block]    [time: spin block sync cleanup vmop] page_trap_count
164.347: GenCollectForAllocation          [      33          0              0    ]      [     0     0     0     0    53    ]  0
2017-11-22T07:09:18.494+0800: 164.401: Total time for which application threads were stopped: 0.0535384 seconds, Stopping threads took: 0.0000603 seconds
2017-11-22T07:09:18.501+0800: 164.408: [CMS-concurrent-reset: 0.021/0.075 secs] [Times: user=0.16 sys=0.01, real=0.07 secs]
2017-11-22T07:09:18.601+0800: 164.508: [GC (Allocation Failure) 2017-11-22T07:09:18.601+0800: 164.508: [ParNew: 137865K->69K(154880K), 0.0222908 secs] 4675099K->4537303K(6289088K), 0.0223683 secs] [Times: user=0.09 sys=0.01, real=0.02 secs]
         vmop                    [threads: total initially_running wait_to_block]    [time: spin block sync cleanup vmop] page_trap_count
164.508: GenCollectForAllocation          [      33          0              0    ]      [     0     0     0     0    22    ]  0
2017-11-22T07:09:18.624+0800: 164.531: Total time for which application threads were stopped: 0.0227229 seconds, Stopping threads took: 0.0000737 seconds
2017-11-22T07:09:18.708+0800: 164.615: [GC (Allocation Failure) 2017-11-22T07:09:18.708+0800: 164.615: [ParNew: 137797K->139K(154880K), 0.0143412 secs] 4675031K->4537373K(6289088K), 0.0144240 secs] [Times: user=0.06 sys=0.00, real=0.02 secs]
         vmop                    [threads: total initially_running wait_to_block]    [time: spin block sync cleanup vmop] page_trap_count
164.615: GenCollectForAllocation          [      33          0              0    ]      [     0     0     0     0    14    ]  0
2017-11-22T07:09:18.723+0800: 164.630: Total time for which application threads were stopped: 0.0147788 seconds, Stopping threads took: 0.0000487 seconds
2017-11-22T07:09:18.816+0800: 164.723: [GC (Allocation Failure) 2017-11-22T07:09:18.816+0800: 164.723: [ParNew: 137867K->73K(154880K), 0.0385482 secs] 4675101K->4537307K(6289088K), 0.0386315 secs] [Times: user=0.12 sys=0.00, real=0.04 secs]
         vmop                    [threads: total initially_running wait_to_block]    [time: spin block sync cleanup vmop] page_trap_count
164.722: GenCollectForAllocation          [      33          0              0    ]      [     0     0     0     0    38    ]  0
2017-11-22T07:09:18.854+0800: 164.761: Total time for which application threads were stopped: 0.0389468 seconds, Stopping threads took: 0.0000494 seconds
2017-11-22T07:09:18.949+0800: 164.856: [GC (Allocation Failure) 2017-11-22T07:09:18.949+0800: 164.856: [ParNew: 137801K->74K(154880K), 0.0333662 secs] 4675035K->4537308K(6289088K), 0.0334507 secs] [Times: user=0.09 sys=0.00, real=0.04 secs]
         vmop                    [threads: total initially_running wait_to_block]    [time: spin block sync cleanup vmop] page_trap_count
164.856: GenCollectForAllocation          [      33          0              0    ]      [     0     0     0     0    33    ]  0
2017-11-22T07:09:18.983+0800: 164.890: Total time for which application threads were stopped: 0.0337651 seconds, Stopping threads took: 0.0000511 seconds
2017-11-22T07:09:19.055+0800: 164.962: [GC (Allocation Failure) 2017-11-22T07:09:19.055+0800: 164.962: [ParNew: 137802K->139K(154880K), 0.0459824 secs] 4675036K->4537373K(6289088K), 0.0460700 secs] [Times: user=0.11 sys=0.00, real=0.05 secs]
         vmop                    [threads: total initially_running wait_to_block]    [time: spin block sync cleanup vmop] page_trap_count
164.962: GenCollectForAllocation          [      33          1              1    ]      [     0     0     0     0    46    ]  1
2017-11-22T07:09:19.101+0800: 165.008: Total time for which application threads were stopped: 0.0464170 seconds, Stopping threads took: 0.0001209 seconds
2017-11-22T07:09:19.191+0800: 165.098: [GC (Allocation Failure) 2017-11-22T07:09:19.191+0800: 165.098: [ParNew: 137867K->141K(154880K), 0.0193645 secs] 4675101K->4537375K(6289088K), 0.0194492 secs] [Times: user=0.08 sys=0.01, real=0.02 secs]
         vmop                    [threads: total initially_running wait_to_block]    [time: spin block sync cleanup vmop] page_trap_count
165.098: GenCollectForAllocation          [      33          0              0    ]      [     0     0     0     0    19    ]  0
2017-11-22T07:09:19.211+0800: 165.118: Total time for which application threads were stopped: 0.0197775 seconds, Stopping threads took: 0.0000649 seconds
2017-11-22T07:09:19.305+0800: 165.212: [GC (Allocation Failure) 2017-11-22T07:09:19.305+0800: 165.212: [ParNew: 137869K->204K(154880K), 0.0590848 secs] 4675103K->4537438K(6289088K), 0.0591703 secs] [Times: user=0.12 sys=0.00, real=0.06 secs]
         vmop                    [threads: total initially_running wait_to_block]    [time: spin block sync cleanup vmop] page_trap_count
165.211: GenCollectForAllocation          [      33          1              0    ]      [     0     0     0     0    59    ]  0
2017-11-22T07:09:19.364+0800: 165.271: Total time for which application threads were stopped: 0.0601775 seconds, Stopping threads took: 0.0007392 seconds
2017-11-22T07:09:19.437+0800: 165.344: [GC (Allocation Failure) 2017-11-22T07:09:19.437+0800: 165.344: [ParNew: 137932K->266K(154880K), 0.0210335 secs] 4675166K->4537500K(6289088K), 0.0211756 secs] [Times: user=0.06 sys=0.00, real=0.02 secs]
         vmop                    [threads: total initially_running wait_to_block]    [time: spin block sync cleanup vmop] page_trap_count
165.344: GenCollectForAllocation          [      33          0              0    ]      [     0     0     0     0    21    ]  0
2017-11-22T07:09:19.459+0800: 165.366: Total time for which application threads were stopped: 0.0214386 seconds, Stopping threads took: 0.0000514 seconds
2017-11-22T07:09:19.572+0800: 165.479: [GC (Allocation Failure) 2017-11-22T07:09:19.572+0800: 165.479: [ParNew: 137994K->76K(154880K), 0.0212310 secs] 4675228K->4537310K(6289088K), 0.0213308 secs] [Times: user=0.07 sys=0.00, real=0.03 secs]
         vmop                    [threads: total initially_running wait_to_block]    [time: spin block sync cleanup vmop] page_trap_count
165.478: GenCollectForAllocation          [      33          0              0    ]      [     0     0     0     0    21    ]  0
2017-11-22T07:09:19.593+0800: 165.500: Total time for which application threads were stopped: 0.0216084 seconds, Stopping threads took: 0.0000360 seconds
2017-11-22T07:09:19.680+0800: 165.587: [GC (Allocation Failure) 2017-11-22T07:09:19.680+0800: 165.587: [ParNew: 137804K->141K(154880K), 0.0249503 secs] 4675038K->4537375K(6289088K), 0.0250382 secs] [Times: user=0.06 sys=0.01, real=0.03 secs]
         vmop                    [threads: total initially_running wait_to_block]    [time: spin block sync cleanup vmop] page_trap_count
165.587: GenCollectForAllocation          [      33          0              0    ]      [     0     0     0     0    25    ]  0
2017-11-22T07:09:19.705+0800: 165.612: Total time for which application threads were stopped: 0.0253496 seconds, Stopping threads took: 0.0000497 seconds
2017-11-22T07:09:19.775+0800: 165.682: [GC (Allocation Failure) 2017-11-22T07:09:19.775+0800: 165.682: [ParNew: 137869K->1346K(154880K), 0.0426088 secs] 4675103K->4538581K(6289088K), 0.0427003 secs] [Times: user=0.06 sys=0.01, real=0.04 secs]
         vmop                    [threads: total initially_running wait_to_block]    [time: spin block sync cleanup vmop] page_trap_count
165.682: GenCollectForAllocation          [      33          0              0    ]      [     0     0     0     0    42    ]  0
2017-11-22T07:09:19.818+0800: 165.725: Total time for which application threads were stopped: 0.0430053 seconds, Stopping threads took: 0.0000460 seconds
2017-11-22T07:09:19.927+0800: 165.834: [GC (Allocation Failure) 2017-11-22T07:09:19.927+0800: 165.834: [ParNew: 139074K->139K(154880K), 0.0312822 secs] 4676309K->4537374K(6289088K), 0.0313779 secs] [Times: user=0.12 sys=0.01, real=0.03 secs]
         vmop                    [threads: total initially_running wait_to_block]    [time: spin block sync cleanup vmop] page_trap_count
165.833: GenCollectForAllocation          [      33          1              1    ]      [     0     0     0     0    31    ]  1
2017-11-22T07:09:19.958+0800: 165.865: Total time for which application threads were stopped: 0.0317202 seconds, Stopping threads took: 0.0001027 seconds
2017-11-22T07:09:20.036+0800: 165.943: [GC (Allocation Failure) 2017-11-22T07:09:20.036+0800: 165.943: [ParNew: 137867K->459K(154880K), 0.0164561 secs] 4675102K->4537693K(6289088K), 0.0165374 secs] [Times: user=0.07 sys=0.00, real=0.02 secs]
         vmop                    [threads: total initially_running wait_to_block]    [time: spin block sync cleanup vmop] page_trap_count
165.943: GenCollectForAllocation          [      33          0              0    ]      [     0     0     0     0    16    ]  0
2017-11-22T07:09:20.053+0800: 165.960: Total time for which application threads were stopped: 0.0168677 seconds, Stopping threads took: 0.0000484 seconds
2017-11-22T07:09:20.159+0800: 166.066: [GC (Allocation Failure) 2017-11-22T07:09:20.159+0800: 166.066: [ParNew: 138187K->73K(154880K), 0.0179435 secs] 4675421K->4537308K(6289088K), 0.0180466 secs] [Times: user=0.08 sys=0.00, real=0.02 secs]
         vmop                    [threads: total initially_running wait_to_block]    [time: spin block sync cleanup vmop] page_trap_count
166.065: GenCollectForAllocation          [      33          0              0    ]      [     0     0     0     0    18    ]  0
2017-11-22T07:09:20.177+0800: 166.084: Total time for which application threads were stopped: 0.0184429 seconds, Stopping threads took: 0.0000629 seconds
2017-11-22T07:09:20.263+0800: 166.170: [GC (Allocation Failure) 2017-11-22T07:09:20.263+0800: 166.170: [ParNew: 137801K->137K(154880K), 0.0220428 secs] 4675036K->4537372K(6289088K), 0.0221458 secs] [Times: user=0.09 sys=0.00, real=0.02 secs]
         vmop                    [threads: total initially_running wait_to_block]    [time: spin block sync cleanup vmop] page_trap_count
166.170: GenCollectForAllocation          [      33          0              0    ]      [     0     0     0     0    22    ]  0
2017-11-22T07:09:20.285+0800: 166.192: Total time for which application threads were stopped: 0.0224956 seconds, Stopping threads took: 0.0000631 seconds
2017-11-22T07:09:20.356+0800: 166.263: [GC (Allocation Failure) 2017-11-22T07:09:20.356+0800: 166.263: [ParNew: 137865K->133K(154880K), 0.0297969 secs] 4675100K->4537367K(6289088K), 0.0299075 secs] [Times: user=0.11 sys=0.00, real=0.03 secs]
         vmop                    [threads: total initially_running wait_to_block]    [time: spin block sync cleanup vmop] page_trap_count
166.263: GenCollectForAllocation          [      33          0              0    ]      [     0     0     0     0    30    ]  0
2017-11-22T07:09:20.386+0800: 166.293: Total time for which application threads were stopped: 0.0302899 seconds, Stopping threads took: 0.0000619 seconds
2017-11-22T07:09:20.485+0800: 166.392: [GC (Allocation Failure) 2017-11-22T07:09:20.485+0800: 166.392: [ParNew: 137861K->139K(154880K), 0.0193988 secs] 4675095K->4537373K(6289088K), 0.0196267 secs] [Times: user=0.08 sys=0.01, real=0.02 secs]
         vmop                    [threads: total initially_running wait_to_block]    [time: spin block sync cleanup vmop] page_trap_count
166.392: GenCollectForAllocation          [      33          0              0    ]      [     0     0     0     0    19    ]  0
2017-11-22T07:09:20.505+0800: 166.412: Total time for which application threads were stopped: 0.0199769 seconds, Stopping threads took: 0.0000669 seconds
2017-11-22T07:09:20.606+0800: 166.513: [GC (Allocation Failure) 2017-11-22T07:09:20.606+0800: 166.513: [ParNew: 137867K->73K(154880K), 0.0156032 secs] 4675101K->4537308K(6289088K), 0.0156789 secs] [Times: user=0.06 sys=0.00, real=0.02 secs]
         vmop                    [threads: total initially_running wait_to_block]    [time: spin block sync cleanup vmop] page_trap_count
166.513: GenCollectForAllocation          [      33          0              0    ]      [     0     0     0     0    15    ]  0
2017-11-22T07:09:20.622+0800: 166.529: Total time for which application threads were stopped: 0.0159600 seconds, Stopping threads took: 0.0000507 seconds
2017-11-22T07:09:20.720+0800: 166.627: [GC (Allocation Failure) 2017-11-22T07:09:20.720+0800: 166.627: [ParNew: 137801K->75K(154880K), 0.0180750 secs] 4675036K->4537310K(6289088K), 0.0181735 secs] [Times: user=0.09 sys=0.00, real=0.02 secs]
         vmop                    [threads: total initially_running wait_to_block]    [time: spin block sync cleanup vmop] page_trap_count
166.627: GenCollectForAllocation          [      33          0              0    ]      [     0     0     0     0    18    ]  0
2017-11-22T07:09:20.738+0800: 166.645: Total time for which application threads were stopped: 0.0184851 seconds, Stopping threads took: 0.0000494 seconds
         vmop                    [threads: total initially_running wait_to_block]    [time: spin block sync cleanup vmop] page_trap_count
166.679: RevokeBias                       [      33          1              1    ]      [     0     0     0     0     0    ]  1
2017-11-22T07:09:20.772+0800: 166.679: Total time for which application threads were stopped: 0.0002603 seconds, Stopping threads took: 0.0000836 seconds
2017-11-22T07:09:20.833+0800: 166.740: [GC (Allocation Failure) 2017-11-22T07:09:20.833+0800: 166.740: [ParNew: 137803K->142K(154880K), 0.0131909 secs] 4675038K->4537376K(6289088K), 0.0132670 secs] [Times: user=0.06 sys=0.00, real=0.01 secs]
         vmop                    [threads: total initially_running wait_to_block]    [time: spin block sync cleanup vmop] page_trap_count
166.740: GenCollectForAllocation          [      33          1              1    ]      [     0     0     0     0    13    ]  1
2017-11-22T07:09:20.847+0800: 166.754: Total time for which application threads were stopped: 0.0136002 seconds, Stopping threads took: 0.0000934 seconds
2017-11-22T07:09:20.965+0800: 166.872: [GC (Allocation Failure) 2017-11-22T07:09:20.965+0800: 166.872: [ParNew: 137870K->80K(154880K), 0.0253152 secs] 4675104K->4537314K(6289088K), 0.0254175 secs] [Times: user=0.08 sys=0.00, real=0.02 secs]
         vmop                    [threads: total initially_running wait_to_block]    [time: spin block sync cleanup vmop] page_trap_count
166.872: GenCollectForAllocation          [      33          1              0    ]      [     0     0     0     0    25    ]  0
2017-11-22T07:09:20.991+0800: 166.898: Total time for which application threads were stopped: 0.0258493 seconds, Stopping threads took: 0.0001278 seconds
2017-11-22T07:09:21.120+0800: 167.027: [GC (Allocation Failure) 2017-11-22T07:09:21.120+0800: 167.027: [ParNew: 137808K->143K(154880K), 0.0361915 secs] 4675042K->4537378K(6289088K), 0.0362934 secs] [Times: user=0.08 sys=0.00, real=0.04 secs]
         vmop                    [threads: total initially_running wait_to_block]    [time: spin block sync cleanup vmop] page_trap_count
167.027: GenCollectForAllocation          [      33          0              0    ]      [     0     0     0     0    36    ]  0
2017-11-22T07:09:21.156+0800: 167.063: Total time for which application threads were stopped: 0.0366204 seconds, Stopping threads took: 0.0000641 seconds
2017-11-22T07:09:21.244+0800: 167.151: [GC (Allocation Failure) 2017-11-22T07:09:21.245+0800: 167.151: [ParNew: 137871K->205K(154880K), 0.0276775 secs] 4675106K->4537439K(6289088K), 0.0277725 secs] [Times: user=0.06 sys=0.00, real=0.02 secs]
         vmop                    [threads: total initially_running wait_to_block]    [time: spin block sync cleanup vmop] page_trap_count
167.151: GenCollectForAllocation          [      33          0              0    ]      [     0     0     0     0    27    ]  0
2017-11-22T07:09:21.272+0800: 167.179: Total time for which application threads were stopped: 0.0281105 seconds, Stopping threads took: 0.0000567 seconds
2017-11-22T07:09:21.341+0800: 167.248: [GC (Allocation Failure) 2017-11-22T07:09:21.341+0800: 167.248: [ParNew: 137933K->149K(154880K), 0.0298103 secs] 4675167K->4537384K(6289088K), 0.0298737 secs] [Times: user=0.06 sys=0.00, real=0.02 secs]
         vmop                    [threads: total initially_running wait_to_block]    [time: spin block sync cleanup vmop] page_trap_count
167.248: GenCollectForAllocation          [      33          0              0    ]      [     0     0     0     0    29    ]  0
2017-11-22T07:09:21.371+0800: 167.278: Total time for which application threads were stopped: 0.0301656 seconds, Stopping threads took: 0.0000455 seconds
2017-11-22T07:09:21.443+0800: 167.350: [GC (Allocation Failure) 2017-11-22T07:09:21.443+0800: 167.350: [ParNew: 137877K->209K(154880K), 0.0484218 secs] 4675112K->4537444K(6289088K), 0.0484971 secs] [Times: user=0.09 sys=0.00, real=0.04 secs]
         vmop                    [threads: total initially_running wait_to_block]    [time: spin block sync cleanup vmop] page_trap_count
167.350: GenCollectForAllocation          [      33          0              0    ]      [     0     0     0     0    48    ]  0
2017-11-22T07:09:21.492+0800: 167.399: Total time for which application threads were stopped: 0.0487417 seconds, Stopping threads took: 0.0000317 seconds
2017-11-22T07:09:21.563+0800: 167.470: [GC (Allocation Failure) 2017-11-22T07:09:21.563+0800: 167.470: [ParNew: 137937K->139K(154880K), 0.0372899 secs] 4675172K->4537383K(6289088K), 0.0373645 secs] [Times: user=0.09 sys=0.00, real=0.03 secs]
         vmop                    [threads: total initially_running wait_to_block]    [time: spin block sync cleanup vmop] page_trap_count
167.469: GenCollectForAllocation          [      33          0              0    ]      [     0     0     0     0    37    ]  0
2017-11-22T07:09:21.600+0800: 167.507: Total time for which application threads were stopped: 0.0376707 seconds, Stopping threads took: 0.0000455 seconds
2017-11-22T07:09:21.674+0800: 167.581: [GC (Allocation Failure) 2017-11-22T07:09:21.674+0800: 167.581: [ParNew: 137867K->137K(154880K), 0.0432683 secs] 4675111K->4537381K(6289088K), 0.0433840 secs] [Times: user=0.08 sys=0.01, real=0.04 secs]
         vmop                    [threads: total initially_running wait_to_block]    [time: spin block sync cleanup vmop] page_trap_count
167.580: GenCollectForAllocation          [      33          1              1    ]      [     0     0     0     0    43    ]  0
2017-11-22T07:09:21.717+0800: 167.624: Total time for which application threads were stopped: 0.0437633 seconds, Stopping threads took: 0.0000775 seconds
2017-11-22T07:09:21.787+0800: 167.694: [GC (Allocation Failure) 2017-11-22T07:09:21.787+0800: 167.694: [ParNew: 137865K->135K(154880K), 0.0210870 secs] 4675109K->4537379K(6289088K), 0.0211806 secs] [Times: user=0.09 sys=0.00, real=0.02 secs]
         vmop                    [threads: total initially_running wait_to_block]    [time: spin block sync cleanup vmop] page_trap_count
167.694: GenCollectForAllocation          [      33          0              0    ]      [     0     0     0     0    21    ]  0
2017-11-22T07:09:21.808+0800: 167.715: Total time for which application threads were stopped: 0.0214933 seconds, Stopping threads took: 0.0000534 seconds
2017-11-22T07:09:21.885+0800: 167.792: [GC (Allocation Failure) 2017-11-22T07:09:21.885+0800: 167.792: [ParNew: 137863K->71K(154880K), 0.0317932 secs] 4675107K->4537315K(6289088K), 0.0318795 secs] [Times: user=0.11 sys=0.00, real=0.03 secs]
         vmop                    [threads: total initially_running wait_to_block]    [time: spin block sync cleanup vmop] page_trap_count
167.792: GenCollectForAllocation          [      33          0              0    ]      [     0     0     0     0    31    ]  0
2017-11-22T07:09:21.917+0800: 167.824: Total time for which application threads were stopped: 0.0322094 seconds, Stopping threads took: 0.0000633 seconds
2017-11-22T07:09:22.009+0800: 167.916: [GC (Allocation Failure) 2017-11-22T07:09:22.009+0800: 167.916: [ParNew: 137799K->1028K(154880K), 0.0497628 secs] 4675043K->4538271K(6289088K), 0.0498573 secs] [Times: user=0.06 sys=0.00, real=0.05 secs]
         vmop                    [threads: total initially_running wait_to_block]    [time: spin block sync cleanup vmop] page_trap_count
167.915: GenCollectForAllocation          [      33          0              1    ]      [     0     0     0     0    49    ]  0
2017-11-22T07:09:22.059+0800: 167.965: Total time for which application threads were stopped: 0.0502213 seconds, Stopping threads took: 0.0001245 seconds
2017-11-22T07:09:22.168+0800: 168.075: [GC (Allocation Failure) 2017-11-22T07:09:22.168+0800: 168.075: [ParNew: 138756K->135K(154880K), 0.0333626 secs] 4675999K->4537378K(6289088K), 0.0334452 secs] [Times: user=0.12 sys=0.00, real=0.04 secs]
         vmop                    [threads: total initially_running wait_to_block]    [time: spin block sync cleanup vmop] page_trap_count
168.075: GenCollectForAllocation          [      33          0              0    ]      [     0     0     0     0    33    ]  0
2017-11-22T07:09:22.202+0800: 168.109: Total time for which application threads were stopped: 0.0337515 seconds, Stopping threads took: 0.0000638 seconds
2017-11-22T07:09:22.304+0800: 168.211: [GC (Allocation Failure) 2017-11-22T07:09:22.304+0800: 168.211: [ParNew: 137863K->73K(154880K), 0.0167602 secs] 4675106K->4537317K(6289088K), 0.0168318 secs] [Times: user=0.07 sys=0.00, real=0.02 secs]
         vmop                    [threads: total initially_running wait_to_block]    [time: spin block sync cleanup vmop] page_trap_count
168.211: GenCollectForAllocation          [      33          0              0    ]      [     0     0     0     0    16    ]  0
2017-11-22T07:09:22.321+0800: 168.228: Total time for which application threads were stopped: 0.0171140 seconds, Stopping threads took: 0.0000557 seconds
2017-11-22T07:09:22.412+0800: 168.319: [GC (Allocation Failure) 2017-11-22T07:09:22.412+0800: 168.319: [ParNew: 137801K->137K(154880K), 0.0305527 secs] 4675045K->4537381K(6289088K), 0.0306297 secs] [Times: user=0.10 sys=0.00, real=0.04 secs]
         vmop                    [threads: total initially_running wait_to_block]    [time: spin block sync cleanup vmop] page_trap_count
168.319: GenCollectForAllocation          [      33          1              1    ]      [     0     0     0     0    30    ]  1
2017-11-22T07:09:22.442+0800: 168.349: Total time for which application threads were stopped: 0.0309426 seconds, Stopping threads took: 0.0000785 seconds
2017-11-22T07:09:22.523+0800: 168.430: [GC (Allocation Failure) 2017-11-22T07:09:22.523+0800: 168.430: [ParNew: 137865K->201K(154880K), 0.0195777 secs] 4675109K->4537444K(6289088K), 0.0196580 secs] [Times: user=0.08 sys=0.01, real=0.02 secs]
         vmop                    [threads: total initially_running wait_to_block]    [time: spin block sync cleanup vmop] page_trap_count
168.430: GenCollectForAllocation          [      33          1              1    ]      [     0     0     0     0    19    ]  1
2017-11-22T07:09:22.543+0800: 168.450: Total time for which application threads were stopped: 0.0200128 seconds, Stopping threads took: 0.0000918 seconds
2017-11-22T07:09:22.615+0800: 168.522: [GC (Allocation Failure) 2017-11-22T07:09:22.615+0800: 168.522: [ParNew: 137929K->137K(154880K), 0.0154695 secs] 4675172K->4537380K(6289088K), 0.0155483 secs] [Times: user=0.06 sys=0.00, real=0.01 secs]
         vmop                    [threads: total initially_running wait_to_block]    [time: spin block sync cleanup vmop] page_trap_count
168.522: GenCollectForAllocation          [      33          1              1    ]      [     0     0     0     0    15    ]  1
2017-11-22T07:09:22.630+0800: 168.537: Total time for which application threads were stopped: 0.0158743 seconds, Stopping threads took: 0.0000812 seconds
2017-11-22T07:09:22.702+0800: 168.609: [GC (Allocation Failure) 2017-11-22T07:09:22.702+0800: 168.609: [ParNew: 137865K->73K(154880K), 0.0147242 secs] 4675108K->4537317K(6289088K), 0.0148030 secs] [Times: user=0.06 sys=0.00, real=0.01 secs]
         vmop                    [threads: total initially_running wait_to_block]    [time: spin block sync cleanup vmop] page_trap_count
168.609: GenCollectForAllocation          [      33          0              0    ]      [     0     0     0     0    14    ]  0
2017-11-22T07:09:22.717+0800: 168.624: Total time for which application threads were stopped: 0.0151844 seconds, Stopping threads took: 0.0000620 seconds
2017-11-22T07:09:22.788+0800: 168.695: [GC (Allocation Failure) 2017-11-22T07:09:22.788+0800: 168.695: [ParNew: 137801K->391K(154880K), 0.0220019 secs] 4675045K->4537635K(6289088K), 0.0220757 secs] [Times: user=0.06 sys=0.00, real=0.02 secs]
         vmop                    [threads: total initially_running wait_to_block]    [time: spin block sync cleanup vmop] page_trap_count
168.695: GenCollectForAllocation          [      33          0              0    ]      [     0     0     0     0    22    ]  0
2017-11-22T07:09:22.810+0800: 168.717: Total time for which application threads were stopped: 0.0223418 seconds, Stopping threads took: 0.0000514 seconds
2017-11-22T07:09:22.883+0800: 168.790: [GC (Allocation Failure) 2017-11-22T07:09:22.883+0800: 168.790: [ParNew: 138119K->137K(154880K), 0.0311511 secs] 4675363K->4537381K(6289088K), 0.0312238 secs] [Times: user=0.11 sys=0.00, real=0.03 secs]
         vmop                    [threads: total initially_running wait_to_block]    [time: spin block sync cleanup vmop] page_trap_count
168.790: GenCollectForAllocation          [      33          0              0    ]      [     0     0     0     0    31    ]  0
2017-11-22T07:09:22.914+0800: 168.821: Total time for which application threads were stopped: 0.0315412 seconds, Stopping threads took: 0.0000788 seconds
2017-11-22T07:09:22.985+0800: 168.892: [GC (Allocation Failure) 2017-11-22T07:09:22.985+0800: 168.892: [ParNew: 137865K->3000K(154880K), 0.0410283 secs] 4675109K->4540244K(6289088K), 0.0411278 secs] [Times: user=0.12 sys=0.00, real=0.04 secs]
         vmop                    [threads: total initially_running wait_to_block]    [time: spin block sync cleanup vmop] page_trap_count
168.892: GenCollectForAllocation          [      33          0              0    ]      [     0     0     0     0    41    ]  0
2017-11-22T07:09:23.027+0800: 168.934: Total time for which application threads were stopped: 0.0414686 seconds, Stopping threads took: 0.0000647 seconds
2017-11-22T07:09:23.094+0800: 169.001: [GC (Allocation Failure) 2017-11-22T07:09:23.094+0800: 169.001: [ParNew: 140728K->137K(154880K), 0.0253421 secs] 4677972K->4537381K(6289088K), 0.0254254 secs] [Times: user=0.07 sys=0.00, real=0.02 secs]
         vmop                    [threads: total initially_running wait_to_block]    [time: spin block sync cleanup vmop] page_trap_count
169.001: GenCollectForAllocation          [      33          1              1    ]      [     0     0     0     0    25    ]  0
2017-11-22T07:09:23.120+0800: 169.027: Total time for which application threads were stopped: 0.0257394 seconds, Stopping threads took: 0.0000646 seconds
2017-11-22T07:09:23.205+0800: 169.112: [GC (Allocation Failure) 2017-11-22T07:09:23.205+0800: 169.112: [ParNew: 137865K->393K(154880K), 0.0275844 secs] 4675109K->4537637K(6289088K), 0.0276658 secs] [Times: user=0.12 sys=0.00, real=0.03 secs]
         vmop                    [threads: total initially_running wait_to_block]    [time: spin block sync cleanup vmop] page_trap_count
169.112: GenCollectForAllocation          [      33          0              0    ]      [     0     0     0     0    27    ]  0
2017-11-22T07:09:23.233+0800: 169.140: Total time for which application threads were stopped: 0.0279230 seconds, Stopping threads took: 0.0000473 seconds
2017-11-22T07:09:23.351+0800: 169.258: [GC (Allocation Failure) 2017-11-22T07:09:23.351+0800: 169.258: [ParNew: 138121K->71K(154880K), 0.0240967 secs] 4675365K->4537315K(6289088K), 0.0242036 secs] [Times: user=0.09 sys=0.00, real=0.03 secs]
         vmop                    [threads: total initially_running wait_to_block]    [time: spin block sync cleanup vmop] page_trap_count
169.258: GenCollectForAllocation          [      33          0              0    ]      [     0     0     0     0    24    ]  0
2017-11-22T07:09:23.376+0800: 169.283: Total time for which application threads were stopped: 0.0245424 seconds, Stopping threads took: 0.0000609 seconds
2017-11-22T07:09:23.473+0800: 169.380: [GC (Allocation Failure) 2017-11-22T07:09:23.473+0800: 169.380: [ParNew: 137799K->133K(154880K), 0.0275409 secs] 4675043K->4537376K(6289088K), 0.0276435 secs] [Times: user=0.08 sys=0.00, real=0.02 secs]
         vmop                    [threads: total initially_running wait_to_block]    [time: spin block sync cleanup vmop] page_trap_count
169.380: GenCollectForAllocation          [      33          0              1    ]      [     0     0     0     0    27    ]  0
2017-11-22T07:09:23.501+0800: 169.408: Total time for which application threads were stopped: 0.0279888 seconds, Stopping threads took: 0.0001222 seconds
2017-11-22T07:09:23.595+0800: 169.502: [GC (Allocation Failure) 2017-11-22T07:09:23.595+0800: 169.502: [ParNew: 137861K->78K(154880K), 0.0190021 secs] 4675104K->4537321K(6289088K), 0.0190884 secs] [Times: user=0.07 sys=0.00, real=0.02 secs]
         vmop                    [threads: total initially_running wait_to_block]    [time: spin block sync cleanup vmop] page_trap_count
169.502: GenCollectForAllocation          [      33          0              1    ]      [     0     0     0     0    19    ]  0
2017-11-22T07:09:23.614+0800: 169.521: Total time for which application threads were stopped: 0.0193912 seconds, Stopping threads took: 0.0000491 seconds
2017-11-22T07:09:23.693+0800: 169.600: [GC (Allocation Failure) 2017-11-22T07:09:23.693+0800: 169.600: [ParNew: 137806K->137K(154880K), 0.0468758 secs] 4675049K->4537380K(6289088K), 0.0469531 secs] [Times: user=0.15 sys=0.00, real=0.04 secs]
         vmop                    [threads: total initially_running wait_to_block]    [time: spin block sync cleanup vmop] page_trap_count
169.600: GenCollectForAllocation          [      33          1              1    ]      [     0     0     0     0    47    ]  1
2017-11-22T07:09:23.740+0800: 169.647: Total time for which application threads were stopped: 0.0472489 seconds, Stopping threads took: 0.0000689 seconds
2017-11-22T07:09:23.816+0800: 169.723: [GC (Allocation Failure) 2017-11-22T07:09:23.816+0800: 169.723: [ParNew: 137865K->137K(154880K), 0.0244519 secs] 4675108K->4537381K(6289088K), 0.0245265 secs] [Times: user=0.07 sys=0.00, real=0.02 secs]
         vmop                    [threads: total initially_running wait_to_block]    [time: spin block sync cleanup vmop] page_trap_count
169.723: GenCollectForAllocation          [      33          0              0    ]      [     0     0     0     0    24    ]  0
2017-11-22T07:09:23.841+0800: 169.748: Total time for which application threads were stopped: 0.0248008 seconds, Stopping threads took: 0.0000465 seconds
2017-11-22T07:09:23.913+0800: 169.820: [GC (Allocation Failure) 2017-11-22T07:09:23.913+0800: 169.820: [ParNew: 137865K->135K(154880K), 0.0399292 secs] 4675109K->4537379K(6289088K), 0.0400096 secs] [Times: user=0.11 sys=0.01, real=0.04 secs]
         vmop                    [threads: total initially_running wait_to_block]    [time: spin block sync cleanup vmop] page_trap_count
169.820: GenCollectForAllocation          [      33          0              0    ]      [     0     0     0     0    40    ]  0
2017-11-22T07:09:23.953+0800: 169.860: Total time for which application threads were stopped: 0.0403319 seconds, Stopping threads took: 0.0000738 seconds
2017-11-22T07:09:24.029+0800: 169.936: [GC (Allocation Failure) 2017-11-22T07:09:24.029+0800: 169.936: [ParNew: 137863K->133K(154880K), 0.0465411 secs] 4675107K->4537376K(6289088K), 0.0466250 secs] [Times: user=0.13 sys=0.00, real=0.05 secs]
         vmop                    [threads: total initially_running wait_to_block]    [time: spin block sync cleanup vmop] page_trap_count
169.936: GenCollectForAllocation          [      33          0              0    ]      [     0     0     0     0    46    ]  0
2017-11-22T07:09:24.076+0800: 169.983: Total time for which application threads were stopped: 0.0469280 seconds, Stopping threads took: 0.0000565 seconds
2017-11-22T07:09:24.145+0800: 170.052: [GC (Allocation Failure) 2017-11-22T07:09:24.145+0800: 170.052: [ParNew: 137861K->72K(154880K), 0.0385139 secs] 4675104K->4537315K(6289088K), 0.0386057 secs] [Times: user=0.17 sys=0.00, real=0.04 secs]
         vmop                    [threads: total initially_running wait_to_block]    [time: spin block sync cleanup vmop] page_trap_count
170.052: GenCollectForAllocation          [      33          0              0    ]      [     0     0     0     0    38    ]  0
2017-11-22T07:09:24.184+0800: 170.091: Total time for which application threads were stopped: 0.0388958 seconds, Stopping threads took: 0.0000631 seconds
2017-11-22T07:09:24.252+0800: 170.159: [GC (Allocation Failure) 2017-11-22T07:09:24.252+0800: 170.159: [ParNew: 137800K->74K(154880K), 0.0299123 secs] 4675043K->4537317K(6289088K), 0.0300212 secs] [Times: user=0.14 sys=0.00, real=0.04 secs]
         vmop                    [threads: total initially_running wait_to_block]    [time: spin block sync cleanup vmop] page_trap_count
170.158: GenCollectForAllocation          [      33          0              0    ]      [     0     0     0     0    30    ]  0
2017-11-22T07:09:24.282+0800: 170.189: Total time for which application threads were stopped: 0.0303628 seconds, Stopping threads took: 0.0000642 seconds
2017-11-22T07:09:24.351+0800: 170.258: [GC (Allocation Failure) 2017-11-22T07:09:24.351+0800: 170.258: [ParNew: 137802K->264K(154880K), 0.0132336 secs] 4675045K->4537508K(6289088K), 0.0133362 secs] [Times: user=0.05 sys=0.00, real=0.02 secs]
         vmop                    [threads: total initially_running wait_to_block]    [time: spin block sync cleanup vmop] page_trap_count
170.257: GenCollectForAllocation          [      33          0              0    ]      [     0     0     0     0    13    ]  0
2017-11-22T07:09:24.364+0800: 170.271: Total time for which application threads were stopped: 0.0136924 seconds, Stopping threads took: 0.0000537 seconds
2017-11-22T07:09:24.443+0800: 170.350: [GC (Allocation Failure) 2017-11-22T07:09:24.443+0800: 170.350: [ParNew: 137992K->139K(154880K), 0.0141402 secs] 4675236K->4537383K(6289088K), 0.0142489 secs] [Times: user=0.07 sys=0.00, real=0.01 secs]
         vmop                    [threads: total initially_running wait_to_block]    [time: spin block sync cleanup vmop] page_trap_count
170.350: GenCollectForAllocation          [      33          1              1    ]      [     0     0     0     0    14    ]  1
2017-11-22T07:09:24.458+0800: 170.365: Total time for which application threads were stopped: 0.0146627 seconds, Stopping threads took: 0.0001143 seconds
2017-11-22T07:09:24.539+0800: 170.446: [GC (Allocation Failure) 2017-11-22T07:09:24.539+0800: 170.446: [ParNew: 137867K->1408K(154880K), 0.0154477 secs] 4675111K->4538652K(6289088K), 0.0155490 secs] [Times: user=0.06 sys=0.00, real=0.02 secs]
         vmop                    [threads: total initially_running wait_to_block]    [time: spin block sync cleanup vmop] page_trap_count
170.445: GenCollectForAllocation          [      33          0              0    ]      [     0     0     0     0    15    ]  0
2017-11-22T07:09:24.554+0800: 170.461: Total time for which application threads were stopped: 0.0159119 seconds, Stopping threads took: 0.0000579 seconds
2017-11-22T07:09:24.724+0800: 170.631: [GC (Allocation Failure) 2017-11-22T07:09:24.725+0800: 170.631: [ParNew: 139136K->4432K(154880K), 0.0299726 secs] 4676380K->4541676K(6289088K), 0.0300625 secs] [Times: user=0.12 sys=0.00, real=0.03 secs]
         vmop                    [threads: total initially_running wait_to_block]    [time: spin block sync cleanup vmop] page_trap_count
170.631: GenCollectForAllocation          [      33          0              0    ]      [     0     0     0     0    30    ]  0
2017-11-22T07:09:24.755+0800: 170.662: Total time for which application threads were stopped: 0.0303816 seconds, Stopping threads took: 0.0000521 seconds
         vmop                    [threads: total initially_running wait_to_block]    [time: spin block sync cleanup vmop] page_trap_count
170.671: RevokeBias                       [      33          2              1    ]      [     0     0     0     0     0    ]  1
2017-11-22T07:09:24.764+0800: 170.671: Total time for which application threads were stopped: 0.0003581 seconds, Stopping threads took: 0.0001928 seconds
2017-11-22T07:09:24.827+0800: 170.734: [GC (Allocation Failure) 2017-11-22T07:09:24.827+0800: 170.734: [ParNew: 142160K->273K(154880K), 0.0199332 secs] 4679404K->4537516K(6289088K), 0.0200186 secs] [Times: user=0.10 sys=0.00, real=0.02 secs]
         vmop                    [threads: total initially_running wait_to_block]    [time: spin block sync cleanup vmop] page_trap_count
170.734: GenCollectForAllocation          [      33          1              0    ]      [     0     0     0     0    20    ]  0
2017-11-22T07:09:24.847+0800: 170.754: Total time for which application threads were stopped: 0.0203042 seconds, Stopping threads took: 0.0000545 seconds
2017-11-22T07:09:24.917+0800: 170.824: [GC (Allocation Failure) 2017-11-22T07:09:24.917+0800: 170.824: [ParNew: 138001K->148K(154880K), 0.0125457 secs] 4675244K->4537391K(6289088K), 0.0126265 secs] [Times: user=0.05 sys=0.00, real=0.01 secs]
         vmop                    [threads: total initially_running wait_to_block]    [time: spin block sync cleanup vmop] page_trap_count
170.824: GenCollectForAllocation          [      33          0              0    ]      [     0     0     0     0    12    ]  0
2017-11-22T07:09:24.930+0800: 170.837: Total time for which application threads were stopped: 0.0129193 seconds, Stopping threads took: 0.0000536 seconds
2017-11-22T07:09:25.004+0800: 170.911: [GC (Allocation Failure) 2017-11-22T07:09:25.004+0800: 170.911: [ParNew: 137876K->463K(154880K), 0.0275787 secs] 4675119K->4537707K(6289088K), 0.0276555 secs] [Times: user=0.08 sys=0.00, real=0.02 secs]
         vmop                    [threads: total initially_running wait_to_block]    [time: spin block sync cleanup vmop] page_trap_count
170.911: GenCollectForAllocation          [      33          1              2    ]      [     0     0     0     0    27    ]  1
2017-11-22T07:09:25.032+0800: 170.939: Total time for which application threads were stopped: 0.0279759 seconds, Stopping threads took: 0.0000842 seconds
2017-11-22T07:09:25.106+0800: 171.013: [GC (Allocation Failure) 2017-11-22T07:09:25.106+0800: 171.013: [ParNew: 138191K->2691K(154880K), 0.0375594 secs] 4675435K->4539935K(6289088K), 0.0376380 secs] [Times: user=0.11 sys=0.00, real=0.04 secs]
         vmop                    [threads: total initially_running wait_to_block]    [time: spin block sync cleanup vmop] page_trap_count
171.013: GenCollectForAllocation          [      33          0              0    ]      [     0     0     0     0    37    ]  0
2017-11-22T07:09:25.144+0800: 171.051: Total time for which application threads were stopped: 0.0379267 seconds, Stopping threads took: 0.0000464 seconds
2017-11-22T07:09:25.504+0800: 171.411: [GC (Allocation Failure) 2017-11-22T07:09:25.504+0800: 171.411: [ParNew: 140419K->1102K(154880K), 0.0503463 secs] 4677663K->4538345K(6289088K), 0.0504498 secs] [Times: user=0.16 sys=0.00, real=0.05 secs]
         vmop                    [threads: total initially_running wait_to_block]    [time: spin block sync cleanup vmop] page_trap_count
171.410: GenCollectForAllocation          [      33          1              1    ]      [     0     0     0     0    50    ]  0
2017-11-22T07:09:25.554+0800: 171.461: Total time for which application threads were stopped: 0.0507814 seconds, Stopping threads took: 0.0000841 seconds
2017-11-22T07:09:25.627+0800: 171.534: [GC (Allocation Failure) 2017-11-22T07:09:25.627+0800: 171.534: [ParNew: 138830K->78K(154880K), 0.0310890 secs] 4676073K->4537322K(6289088K), 0.0311665 secs] [Times: user=0.10 sys=0.00, real=0.03 secs]
         vmop                    [threads: total initially_running wait_to_block]    [time: spin block sync cleanup vmop] page_trap_count
171.534: GenCollectForAllocation          [      33          0              0    ]      [     0     0     0     0    31    ]  0
2017-11-22T07:09:25.658+0800: 171.565: Total time for which application threads were stopped: 0.0314311 seconds, Stopping threads took: 0.0000580 seconds
2017-11-22T07:09:25.730+0800: 171.637: [GC (Allocation Failure) 2017-11-22T07:09:25.730+0800: 171.637: [ParNew: 137806K->137K(154880K), 0.0125104 secs] 4675050K->4537390K(6289088K), 0.0126148 secs] [Times: user=0.06 sys=0.00, real=0.02 secs]
         vmop                    [threads: total initially_running wait_to_block]    [time: spin block sync cleanup vmop] page_trap_count
171.637: GenCollectForAllocation          [      33          0              1    ]      [     0     0     0     0    12    ]  0
2017-11-22T07:09:25.743+0800: 171.650: Total time for which application threads were stopped: 0.0129611 seconds, Stopping threads took: 0.0000931 seconds
2017-11-22T07:09:25.814+0800: 171.721: [GC (Allocation Failure) 2017-11-22T07:09:25.814+0800: 171.721: [ParNew: 137865K->135K(154880K), 0.0408757 secs] 4675118K->4537388K(6289088K), 0.0410018 secs] [Times: user=0.10 sys=0.01, real=0.04 secs]
         vmop                    [threads: total initially_running wait_to_block]    [time: spin block sync cleanup vmop] page_trap_count
171.720: GenCollectForAllocation          [      33          0              0    ]      [     0     0     0     0    41    ]  0
2017-11-22T07:09:25.855+0800: 171.762: Total time for which application threads were stopped: 0.0413753 seconds, Stopping threads took: 0.0001461 seconds
2017-11-22T07:09:25.927+0800: 171.834: [GC (Allocation Failure) 2017-11-22T07:09:25.927+0800: 171.834: [ParNew: 137863K->135K(154880K), 0.0147384 secs] 4675116K->4537388K(6289088K), 0.0148356 secs] [Times: user=0.06 sys=0.00, real=0.02 secs]
         vmop                    [threads: total initially_running wait_to_block]    [time: spin block sync cleanup vmop] page_trap_count
171.833: GenCollectForAllocation          [      33          0              0    ]      [     0     0     0     0    14    ]  0
2017-11-22T07:09:25.942+0800: 171.849: Total time for which application threads were stopped: 0.0151498 seconds, Stopping threads took: 0.0000558 seconds
2017-11-22T07:09:26.013+0800: 171.920: [GC (Allocation Failure) 2017-11-22T07:09:26.013+0800: 171.920: [ParNew: 137863K->137K(154880K), 0.0399923 secs] 4675116K->4537390K(6289088K), 0.0400760 secs] [Times: user=0.10 sys=0.00, real=0.04 secs]
         vmop                    [threads: total initially_running wait_to_block]    [time: spin block sync cleanup vmop] page_trap_count
171.920: GenCollectForAllocation          [      33          0              0    ]      [     0     0     0     0    40    ]  0
2017-11-22T07:09:26.053+0800: 171.960: Total time for which application threads were stopped: 0.0403820 seconds, Stopping threads took: 0.0000485 seconds
2017-11-22T07:09:26.137+0800: 172.044: [GC (Allocation Failure) 2017-11-22T07:09:26.137+0800: 172.044: [ParNew: 137865K->264K(154880K), 0.0270568 secs] 4675118K->4537517K(6289088K), 0.0271407 secs] [Times: user=0.09 sys=0.00, real=0.03 secs]
         vmop                    [threads: total initially_running wait_to_block]    [time: spin block sync cleanup vmop] page_trap_count
172.044: GenCollectForAllocation          [      33          0              0    ]      [     0     0     0     0    27    ]  0
2017-11-22T07:09:26.164+0800: 172.071: Total time for which application threads were stopped: 0.0274009 seconds, Stopping threads took: 0.0000368 seconds
2017-11-22T07:09:26.232+0800: 172.139: [GC (Allocation Failure) 2017-11-22T07:09:26.232+0800: 172.139: [ParNew: 137992K->836K(154880K), 0.0413626 secs] 4675245K->4538089K(6289088K), 0.0414477 secs] [Times: user=0.16 sys=0.00, real=0.05 secs]
         vmop                    [threads: total initially_running wait_to_block]    [time: spin block sync cleanup vmop] page_trap_count
172.139: GenCollectForAllocation          [      33          0              0    ]      [     0     0     0     0    41    ]  0
2017-11-22T07:09:26.273+0800: 172.180: Total time for which application threads were stopped: 0.0417521 seconds, Stopping threads took: 0.0000497 seconds
2017-11-22T07:09:26.359+0800: 172.266: [GC (Allocation Failure) 2017-11-22T07:09:26.359+0800: 172.266: [ParNew: 138564K->135K(154880K), 0.0220492 secs] 4675817K->4537388K(6289088K), 0.0221404 secs] [Times: user=0.06 sys=0.01, real=0.03 secs]
         vmop                    [threads: total initially_running wait_to_block]    [time: spin block sync cleanup vmop] page_trap_count
172.266: GenCollectForAllocation          [      33          0              0    ]      [     0     0     0     0    22    ]  0
2017-11-22T07:09:26.381+0800: 172.288: Total time for which application threads were stopped: 0.0224234 seconds, Stopping threads took: 0.0000427 seconds
2017-11-22T07:09:26.458+0800: 172.365: [GC (Allocation Failure) 2017-11-22T07:09:26.458+0800: 172.365: [ParNew: 137863K->267K(154880K), 0.0328315 secs] 4675116K->4537520K(6289088K), 0.0329098 secs] [Times: user=0.09 sys=0.00, real=0.03 secs]
         vmop                    [threads: total initially_running wait_to_block]    [time: spin block sync cleanup vmop] page_trap_count
172.365: GenCollectForAllocation          [      33          0              0    ]      [     0     0     0     0    33    ]  0
2017-11-22T07:09:26.491+0800: 172.398: Total time for which application threads were stopped: 0.0332063 seconds, Stopping threads took: 0.0000367 seconds
2017-11-22T07:09:26.571+0800: 172.478: [GC (Allocation Failure) 2017-11-22T07:09:26.571+0800: 172.478: [ParNew: 137995K->201K(154880K), 0.0146763 secs] 4675248K->4537454K(6289088K), 0.0147606 secs] [Times: user=0.07 sys=0.00, real=0.02 secs]
         vmop                    [threads: total initially_running wait_to_block]    [time: spin block sync cleanup vmop] page_trap_count
172.478: GenCollectForAllocation          [      33          0              0    ]      [     0     0     0     0    14    ]  0
2017-11-22T07:09:26.586+0800: 172.493: Total time for which application threads were stopped: 0.0150410 seconds, Stopping threads took: 0.0000409 seconds
2017-11-22T07:09:26.662+0800: 172.569: [GC (Allocation Failure) 2017-11-22T07:09:26.662+0800: 172.569: [ParNew: 137929K->137K(154880K), 0.0320657 secs] 4675182K->4537390K(6289088K), 0.0321425 secs] [Times: user=0.11 sys=0.00, real=0.03 secs]
         vmop                    [threads: total initially_running wait_to_block]    [time: spin block sync cleanup vmop] page_trap_count
172.569: GenCollectForAllocation          [      33          1              1    ]      [     0     0     0     0    32    ]  1
2017-11-22T07:09:26.695+0800: 172.602: Total time for which application threads were stopped: 0.0324371 seconds, Stopping threads took: 0.0000663 seconds
2017-11-22T07:09:26.770+0800: 172.677: [GC (Allocation Failure) 2017-11-22T07:09:26.770+0800: 172.677: [ParNew: 137865K->141K(154880K), 0.0391830 secs] 4675118K->4537394K(6289088K), 0.0392923 secs] [Times: user=0.12 sys=0.01, real=0.04 secs]
         vmop                    [threads: total initially_running wait_to_block]    [time: spin block sync cleanup vmop] page_trap_count
172.676: GenCollectForAllocation          [      33          0              0    ]      [     0     0     0     0    39    ]  0
2017-11-22T07:09:26.809+0800: 172.716: Total time for which application threads were stopped: 0.0396425 seconds, Stopping threads took: 0.0000519 seconds
2017-11-22T07:09:26.886+0800: 172.793: [GC (Allocation Failure) 2017-11-22T07:09:26.886+0800: 172.793: [ParNew: 137869K->72K(154880K), 0.0270535 secs] 4675122K->4537325K(6289088K), 0.0271377 secs] [Times: user=0.09 sys=0.00, real=0.03 secs]
         vmop                    [threads: total initially_running wait_to_block]    [time: spin block sync cleanup vmop] page_trap_count
172.793: GenCollectForAllocation          [      33          0              0    ]      [     0     0     0     0    27    ]  0
2017-11-22T07:09:26.913+0800: 172.820: Total time for which application threads were stopped: 0.0273958 seconds, Stopping threads took: 0.0000486 seconds
2017-11-22T07:09:26.988+0800: 172.895: [GC (Allocation Failure) 2017-11-22T07:09:26.988+0800: 172.895: [ParNew: 137800K->2111K(154880K), 0.0242002 secs] 4675053K->4539364K(6289088K), 0.0242980 secs] [Times: user=0.08 sys=0.01, real=0.02 secs]
         vmop                    [threads: total initially_running wait_to_block]    [time: spin block sync cleanup vmop] page_trap_count
172.894: GenCollectForAllocation          [      33          1              1    ]      [     0     0     0     0    24    ]  1
2017-11-22T07:09:27.012+0800: 172.919: Total time for which application threads were stopped: 0.0245906 seconds, Stopping threads took: 0.0000622 seconds
2017-11-22T07:09:27.083+0800: 172.990: [GC (Allocation Failure) 2017-11-22T07:09:27.083+0800: 172.990: [ParNew: 139839K->73K(154880K), 0.0287533 secs] 4677092K->4537326K(6289088K), 0.0288686 secs] [Times: user=0.06 sys=0.00, real=0.02 secs]
         vmop                    [threads: total initially_running wait_to_block]    [time: spin block sync cleanup vmop] page_trap_count
172.990: GenCollectForAllocation          [      33          0              0    ]      [     0     0     0     0    28    ]  0
2017-11-22T07:09:27.112+0800: 173.019: Total time for which application threads were stopped: 0.0292645 seconds, Stopping threads took: 0.0000695 seconds
2017-11-22T07:09:27.179+0800: 173.086: [GC (Allocation Failure) 2017-11-22T07:09:27.180+0800: 173.086: [ParNew: 137801K->73K(154880K), 0.0311571 secs] 4675054K->4537327K(6289088K), 0.0312514 secs] [Times: user=0.07 sys=0.01, real=0.03 secs]
         vmop                    [threads: total initially_running wait_to_block]    [time: spin block sync cleanup vmop] page_trap_count
173.086: GenCollectForAllocation          [      33          0              1    ]      [     0     0     0     0    31    ]  0
2017-11-22T07:09:27.211+0800: 173.118: Total time for which application threads were stopped: 0.0316392 seconds, Stopping threads took: 0.0000822 seconds
2017-11-22T07:09:27.279+0800: 173.186: [GC (Allocation Failure) 2017-11-22T07:09:27.279+0800: 173.186: [ParNew: 137801K->135K(154880K), 0.0437226 secs] 4675055K->4537388K(6289088K), 0.0437976 secs] [Times: user=0.14 sys=0.00, real=0.05 secs]
         vmop                    [threads: total initially_running wait_to_block]    [time: spin block sync cleanup vmop] page_trap_count
173.186: GenCollectForAllocation          [      33          0              0    ]      [     0     0     0     0    43    ]  0
2017-11-22T07:09:27.323+0800: 173.230: Total time for which application threads were stopped: 0.0440846 seconds, Stopping threads took: 0.0000757 seconds
2017-11-22T07:09:27.390+0800: 173.297: [GC (Allocation Failure) 2017-11-22T07:09:27.390+0800: 173.297: [ParNew: 137863K->264K(154880K), 0.0144627 secs] 4675116K->4537517K(6289088K), 0.0145399 secs] [Times: user=0.07 sys=0.00, real=0.02 secs]
         vmop                    [threads: total initially_running wait_to_block]    [time: spin block sync cleanup vmop] page_trap_count
173.297: GenCollectForAllocation          [      33          1              1    ]      [     0     0     0     0    14    ]  1
2017-11-22T07:09:27.405+0800: 173.312: Total time for which application threads were stopped: 0.0148125 seconds, Stopping threads took: 0.0000655 seconds
2017-11-22T07:09:27.505+0800: 173.412: [GC (Allocation Failure) 2017-11-22T07:09:27.505+0800: 173.412: [ParNew: 137992K->137K(154880K), 0.0156191 secs] 4675245K->4537390K(6289088K), 0.0157234 secs] [Times: user=0.06 sys=0.00, real=0.02 secs]
         vmop                    [threads: total initially_running wait_to_block]    [time: spin block sync cleanup vmop] page_trap_count
173.412: GenCollectForAllocation          [      33          0              1    ]      [     0     0     0     0    15    ]  0
2017-11-22T07:09:27.521+0800: 173.428: Total time for which application threads were stopped: 0.0159948 seconds, Stopping threads took: 0.0000469 seconds
2017-11-22T07:09:27.592+0800: 173.499: [GC (Allocation Failure) 2017-11-22T07:09:27.592+0800: 173.499: [ParNew: 137865K->1920K(154880K), 0.0501563 secs] 4675118K->4539174K(6289088K), 0.0502508 secs] [Times: user=0.18 sys=0.00, real=0.06 secs]
         vmop                    [threads: total initially_running wait_to_block]    [time: spin block sync cleanup vmop] page_trap_count
173.498: GenCollectForAllocation          [      33          0              0    ]      [     0     0     0     0    50    ]  0
2017-11-22T07:09:27.642+0800: 173.549: Total time for which application threads were stopped: 0.0505667 seconds, Stopping threads took: 0.0000545 seconds
2017-11-22T07:09:27.795+0800: 173.702: [GC (Allocation Failure) 2017-11-22T07:09:27.795+0800: 173.702: [ParNew: 139648K->4085K(154880K), 0.0434631 secs] 4676902K->4541338K(6289088K), 0.0435414 secs] [Times: user=0.14 sys=0.00, real=0.04 secs]
         vmop                    [threads: total initially_running wait_to_block]    [time: spin block sync cleanup vmop] page_trap_count
173.701: GenCollectForAllocation          [      33          1              1    ]      [     0     0     0     0    43    ]  0
2017-11-22T07:09:27.838+0800: 173.745: Total time for which application threads were stopped: 0.0440570 seconds, Stopping threads took: 0.0000996 seconds
2017-11-22T07:09:27.932+0800: 173.839: [GC (Allocation Failure) 2017-11-22T07:09:27.933+0800: 173.839: [ParNew: 141813K->139K(154880K), 0.0185036 secs] 4679066K->4537392K(6289088K), 0.0185792 secs] [Times: user=0.08 sys=0.00, real=0.02 secs]
         vmop                    [threads: total initially_running wait_to_block]    [time: spin block sync cleanup vmop] page_trap_count
173.839: GenCollectForAllocation          [      33          1              1    ]      [     0     0     0     0    18    ]  1
2017-11-22T07:09:27.951+0800: 173.858: Total time for which application threads were stopped: 0.0192192 seconds, Stopping threads took: 0.0002305 seconds
2017-11-22T07:09:28.021+0800: 173.928: [GC (Allocation Failure) 2017-11-22T07:09:28.021+0800: 173.928: [ParNew: 137867K->137K(154880K), 0.0152555 secs] 4675120K->4537390K(6289088K), 0.0153672 secs] [Times: user=0.06 sys=0.00, real=0.01 secs]
         vmop                    [threads: total initially_running wait_to_block]    [time: spin block sync cleanup vmop] page_trap_count
173.928: GenCollectForAllocation          [      33          0              0    ]      [     0     0     0     0    15    ]  0
2017-11-22T07:09:28.037+0800: 173.944: Total time for which application threads were stopped: 0.0158051 seconds, Stopping threads took: 0.0001048 seconds
2017-11-22T07:09:28.106+0800: 174.013: [GC (Allocation Failure) 2017-11-22T07:09:28.106+0800: 174.013: [ParNew: 137865K->71K(154880K), 0.0402697 secs] 4675118K->4537324K(6289088K), 0.0403508 secs] [Times: user=0.09 sys=0.01, real=0.04 secs]
         vmop                    [threads: total initially_running wait_to_block]    [time: spin block sync cleanup vmop] page_trap_count
174.012: GenCollectForAllocation          [      33          0              0    ]      [     0     0     0     0    40    ]  0
2017-11-22T07:09:28.146+0800: 174.053: Total time for which application threads were stopped: 0.0406321 seconds, Stopping threads took: 0.0000474 seconds
2017-11-22T07:09:28.221+0800: 174.128: [GC (Allocation Failure) 2017-11-22T07:09:28.221+0800: 174.128: [ParNew: 137799K->139K(154880K), 0.0362867 secs] 4675052K->4537392K(6289088K), 0.0363766 secs] [Times: user=0.16 sys=0.01, real=0.03 secs]
         vmop                    [threads: total initially_running wait_to_block]    [time: spin block sync cleanup vmop] page_trap_count
174.128: GenCollectForAllocation          [      33          0              0    ]      [     0     0     0     0    36    ]  0
2017-11-22T07:09:28.258+0800: 174.165: Total time for which application threads were stopped: 0.0370091 seconds, Stopping threads took: 0.0000466 seconds
2017-11-22T07:09:28.329+0800: 174.236: [GC (Allocation Failure) 2017-11-22T07:09:28.329+0800: 174.236: [ParNew: 137867K->518K(154880K), 0.0199934 secs] 4675120K->4537771K(6289088K), 0.0200729 secs] [Times: user=0.06 sys=0.01, real=0.02 secs]
         vmop                    [threads: total initially_running wait_to_block]    [time: spin block sync cleanup vmop] page_trap_count
174.236: GenCollectForAllocation          [      33          0              0    ]      [     0     0     0     0    20    ]  0
2017-11-22T07:09:28.349+0800: 174.256: Total time for which application threads were stopped: 0.0203379 seconds, Stopping threads took: 0.0000561 seconds
2017-11-22T07:09:28.420+0800: 174.327: [GC (Allocation Failure) 2017-11-22T07:09:28.420+0800: 174.327: [ParNew: 138243K->137K(154880K), 0.0396032 secs] 4675496K->4537390K(6289088K), 0.0396804 secs] [Times: user=0.13 sys=0.00, real=0.04 secs]
         vmop                    [threads: total initially_running wait_to_block]    [time: spin block sync cleanup vmop] page_trap_count
174.327: GenCollectForAllocation          [      33          1              1    ]      [     0     0     0     0    39    ]  1
2017-11-22T07:09:28.460+0800: 174.367: Total time for which application threads were stopped: 0.0399602 seconds, Stopping threads took: 0.0000692 seconds
2017-11-22T07:09:28.540+0800: 174.447: [GC (Allocation Failure) 2017-11-22T07:09:28.540+0800: 174.447: [ParNew: 137865K->137K(154880K), 0.0354816 secs] 4675118K->4537390K(6289088K), 0.0355572 secs] [Times: user=0.09 sys=0.00, real=0.04 secs]
         vmop                    [threads: total initially_running wait_to_block]    [time: spin block sync cleanup vmop] page_trap_count
174.447: GenCollectForAllocation          [      33          0              0    ]      [     0     0     0     0    35    ]  0
2017-11-22T07:09:28.576+0800: 174.483: Total time for which application threads were stopped: 0.0358308 seconds, Stopping threads took: 0.0000351 seconds
         vmop                    [threads: total initially_running wait_to_block]    [time: spin block sync cleanup vmop] page_trap_count
174.502: RevokeBias                       [      33          1              1    ]      [     0     0     0     0     0    ]  0
2017-11-22T07:09:28.595+0800: 174.502: Total time for which application threads were stopped: 0.0003403 seconds, Stopping threads took: 0.0001213 seconds
2017-11-22T07:09:28.648+0800: 174.555: [GC (Allocation Failure) 2017-11-22T07:09:28.648+0800: 174.555: [ParNew: 137865K->145K(154880K), 0.0207903 secs] 4675118K->4537398K(6289088K), 0.0208726 secs] [Times: user=0.06 sys=0.00, real=0.02 secs]
         vmop                    [threads: total initially_running wait_to_block]    [time: spin block sync cleanup vmop] page_trap_count
174.554: GenCollectForAllocation          [      33          0              0    ]      [     0     0     0     0    20    ]  0
2017-11-22T07:09:28.668+0800: 174.575: Total time for which application threads were stopped: 0.0211464 seconds, Stopping threads took: 0.0000541 seconds
2017-11-22T07:09:28.737+0800: 174.644: [GC (Allocation Failure) 2017-11-22T07:09:28.737+0800: 174.644: [ParNew: 137873K->148K(154880K), 0.0256593 secs] 4675126K->4537401K(6289088K), 0.0257381 secs] [Times: user=0.07 sys=0.00, real=0.03 secs]
         vmop                    [threads: total initially_running wait_to_block]    [time: spin block sync cleanup vmop] page_trap_count
174.644: GenCollectForAllocation          [      33          0              0    ]      [     0     0     0     0    25    ]  0
2017-11-22T07:09:28.763+0800: 174.670: Total time for which application threads were stopped: 0.0260227 seconds, Stopping threads took: 0.0000890 seconds
2017-11-22T07:09:28.834+0800: 174.741: [GC (Allocation Failure) 2017-11-22T07:09:28.834+0800: 174.741: [ParNew: 137876K->3324K(154880K), 0.0348056 secs] 4675129K->4540578K(6289088K), 0.0348910 secs] [Times: user=0.08 sys=0.00, real=0.03 secs]
         vmop                    [threads: total initially_running wait_to_block]    [time: spin block sync cleanup vmop] page_trap_count
174.741: GenCollectForAllocation          [      33          0              0    ]      [     0     0     0     0    34    ]  0
2017-11-22T07:09:28.869+0800: 174.776: Total time for which application threads were stopped: 0.0351659 seconds, Stopping threads took: 0.0000679 seconds
2017-11-22T07:09:28.962+0800: 174.869: [GC (Allocation Failure) 2017-11-22T07:09:28.962+0800: 174.869: [ParNew: 141052K->147K(154880K), 0.0214455 secs] 4678306K->4537401K(6289088K), 0.0215171 secs] [Times: user=0.07 sys=0.00, real=0.02 secs]
         vmop                    [threads: total initially_running wait_to_block]    [time: spin block sync cleanup vmop] page_trap_count
174.869: GenCollectForAllocation          [      33          0              1    ]      [     0     0     0     0    21    ]  0
2017-11-22T07:09:28.983+0800: 174.890: Total time for which application threads were stopped: 0.0218038 seconds, Stopping threads took: 0.0000548 seconds
2017-11-22T07:09:29.071+0800: 174.978: [GC (Allocation Failure) 2017-11-22T07:09:29.071+0800: 174.978: [ParNew: 137875K->82K(154880K), 0.0163081 secs] 4675129K->4537336K(6289088K), 0.0163965 secs] [Times: user=0.08 sys=0.00, real=0.02 secs]
         vmop                    [threads: total initially_running wait_to_block]    [time: spin block sync cleanup vmop] page_trap_count
174.978: GenCollectForAllocation          [      33          0              1    ]      [     0     0     0     0    16    ]  0
2017-11-22T07:09:29.088+0800: 174.995: Total time for which application threads were stopped: 0.0167239 seconds, Stopping threads took: 0.0000590 seconds
2017-11-22T07:09:29.156+0800: 175.063: [GC (Allocation Failure) 2017-11-22T07:09:29.156+0800: 175.063: [ParNew: 137810K->142K(154880K), 0.0428770 secs] 4675064K->4537396K(6289088K), 0.0429475 secs] [Times: user=0.12 sys=0.01, real=0.04 secs]
         vmop                    [threads: total initially_running wait_to_block]    [time: spin block sync cleanup vmop] page_trap_count
175.063: GenCollectForAllocation          [      33          0              0    ]      [     0     0     0     0    43    ]  0
2017-11-22T07:09:29.199+0800: 175.106: Total time for which application threads were stopped: 0.0432571 seconds, Stopping threads took: 0.0000462 seconds
2017-11-22T07:09:29.279+0800: 175.186: [GC (Allocation Failure) 2017-11-22T07:09:29.279+0800: 175.186: [ParNew: 137870K->75K(154880K), 0.0339992 secs] 4675124K->4537338K(6289088K), 0.0341096 secs] [Times: user=0.11 sys=0.01, real=0.04 secs]
         vmop                    [threads: total initially_running wait_to_block]    [time: spin block sync cleanup vmop] page_trap_count
175.186: GenCollectForAllocation          [      33          0              0    ]      [     0     0     0     0    34    ]  0
2017-11-22T07:09:29.313+0800: 175.220: Total time for which application threads were stopped: 0.0344415 seconds, Stopping threads took: 0.0000601 seconds
2017-11-22T07:09:29.411+0800: 175.318: [GC (Allocation Failure) 2017-11-22T07:09:29.411+0800: 175.318: [ParNew: 137803K->137K(154880K), 0.0116296 secs] 4675066K->4537399K(6289088K), 0.0117052 secs] [Times: user=0.05 sys=0.00, real=0.02 secs]
         vmop                    [threads: total initially_running wait_to_block]    [time: spin block sync cleanup vmop] page_trap_count
175.318: GenCollectForAllocation          [      33          0              0    ]      [     0     0     0     0    11    ]  0
2017-11-22T07:09:29.423+0800: 175.330: Total time for which application threads were stopped: 0.0119725 seconds, Stopping threads took: 0.0000499 seconds
2017-11-22T07:09:29.511+0800: 175.418: [GC (Allocation Failure) 2017-11-22T07:09:29.511+0800: 175.418: [ParNew: 137865K->139K(154880K), 0.0280739 secs] 4675127K->4537401K(6289088K), 0.0281499 secs] [Times: user=0.06 sys=0.00, real=0.03 secs]
         vmop                    [threads: total initially_running wait_to_block]    [time: spin block sync cleanup vmop] page_trap_count
175.418: GenCollectForAllocation          [      33          0              0    ]      [     0     0     0     0    28    ]  0
2017-11-22T07:09:29.540+0800: 175.447: Total time for which application threads were stopped: 0.0284545 seconds, Stopping threads took: 0.0000465 seconds
2017-11-22T07:09:29.637+0800: 175.544: [GC (Allocation Failure) 2017-11-22T07:09:29.637+0800: 175.544: [ParNew: 137867K->71K(154880K), 0.0152710 secs] 4675129K->4537334K(6289088K), 0.0153472 secs] [Times: user=0.05 sys=0.00, real=0.01 secs]
         vmop                    [threads: total initially_running wait_to_block]    [time: spin block sync cleanup vmop] page_trap_count
175.543: GenCollectForAllocation          [      33          0              0    ]      [     0     0     0     0    15    ]  0
2017-11-22T07:09:29.652+0800: 175.559: Total time for which application threads were stopped: 0.0156335 seconds, Stopping threads took: 0.0000549 seconds
2017-11-22T07:09:29.739+0800: 175.646: [GC (Allocation Failure) 2017-11-22T07:09:29.739+0800: 175.646: [ParNew: 137799K->141K(154880K), 0.0444563 secs] 4675062K->4537404K(6289088K), 0.0445443 secs] [Times: user=0.15 sys=0.01, real=0.05 secs]
         vmop                    [threads: total initially_running wait_to_block]    [time: spin block sync cleanup vmop] page_trap_count
175.646: GenCollectForAllocation          [      33          0              0    ]      [     0     0     0     0    44    ]  0
2017-11-22T07:09:29.784+0800: 175.691: Total time for which application threads were stopped: 0.0449360 seconds, Stopping threads took: 0.0001062 seconds
2017-11-22T07:09:29.861+0800: 175.768: [GC (Allocation Failure) 2017-11-22T07:09:29.861+0800: 175.768: [ParNew: 137869K->71K(154880K), 0.0415888 secs] 4675132K->4537334K(6289088K), 0.0416749 secs] [Times: user=0.12 sys=0.00, real=0.04 secs]
         vmop                    [threads: total initially_running wait_to_block]    [time: spin block sync cleanup vmop] page_trap_count
175.768: GenCollectForAllocation          [      33          0              0    ]      [     0     0     0     0    41    ]  0
2017-11-22T07:09:29.903+0800: 175.810: Total time for which application threads were stopped: 0.0419678 seconds, Stopping threads took: 0.0000523 seconds
2017-11-22T07:09:30.005+0800: 175.912: [GC (Allocation Failure) 2017-11-22T07:09:30.005+0800: 175.912: [ParNew: 137799K->135K(154880K), 0.0223189 secs] 4675062K->4537398K(6289088K), 0.0224048 secs] [Times: user=0.08 sys=0.00, real=0.02 secs]
         vmop                    [threads: total initially_running wait_to_block]    [time: spin block sync cleanup vmop] page_trap_count
175.912: GenCollectForAllocation          [      33          0              0    ]      [     0     0     0     0    22    ]  0
2017-11-22T07:09:30.027+0800: 175.934: Total time for which application threads were stopped: 0.0226918 seconds, Stopping threads took: 0.0000475 seconds
2017-11-22T07:09:30.109+0800: 176.016: [GC (Allocation Failure) 2017-11-22T07:09:30.109+0800: 176.016: [ParNew: 137863K->391K(154880K), 0.0173027 secs] 4675126K->4537654K(6289088K), 0.0173864 secs] [Times: user=0.06 sys=0.00, real=0.02 secs]
         vmop                    [threads: total initially_running wait_to_block]    [time: spin block sync cleanup vmop] page_trap_count
176.016: GenCollectForAllocation          [      33          1              2    ]      [     0     0     0     0    17    ]  1
2017-11-22T07:09:30.126+0800: 176.033: Total time for which application threads were stopped: 0.0176936 seconds, Stopping threads took: 0.0000818 seconds
2017-11-22T07:09:30.205+0800: 176.112: [GC (Allocation Failure) 2017-11-22T07:09:30.205+0800: 176.112: [ParNew: 138119K->582K(154880K), 0.0222347 secs] 4675382K->4537845K(6289088K), 0.0223217 secs] [Times: user=0.06 sys=0.00, real=0.02 secs]
         vmop                    [threads: total initially_running wait_to_block]    [time: spin block sync cleanup vmop] page_trap_count
176.112: GenCollectForAllocation          [      33          0              0    ]      [     0     0     0     0    22    ]  0
2017-11-22T07:09:30.228+0800: 176.135: Total time for which application threads were stopped: 0.0225951 seconds, Stopping threads took: 0.0000405 seconds
2017-11-22T07:09:30.297+0800: 176.204: [GC (Allocation Failure) 2017-11-22T07:09:30.297+0800: 176.204: [ParNew: 138310K->3000K(154880K), 0.0347035 secs] 4675573K->4540263K(6289088K), 0.0347955 secs] [Times: user=0.10 sys=0.00, real=0.03 secs]
         vmop                    [threads: total initially_running wait_to_block]    [time: spin block sync cleanup vmop] page_trap_count
176.204: GenCollectForAllocation          [      33          0              0    ]      [     0     0     0     0    34    ]  0
2017-11-22T07:09:30.332+0800: 176.239: Total time for which application threads were stopped: 0.0350635 seconds, Stopping threads took: 0.0000461 seconds
2017-11-22T07:09:30.405+0800: 176.312: [GC (Allocation Failure) 2017-11-22T07:09:30.405+0800: 176.312: [ParNew: 140728K->330K(154880K), 0.0303718 secs] 4677991K->4537593K(6289088K), 0.0304279 secs] [Times: user=0.09 sys=0.00, real=0.03 secs]
         vmop                    [threads: total initially_running wait_to_block]    [time: spin block sync cleanup vmop] page_trap_count
176.311: GenCollectForAllocation          [      33          0              1    ]      [     0     0     0     0    30    ]  0
2017-11-22T07:09:30.435+0800: 176.342: Total time for which application threads were stopped: 0.0306921 seconds, Stopping threads took: 0.0000456 seconds
2017-11-22T07:09:30.521+0800: 176.428: [GC (Allocation Failure) 2017-11-22T07:09:30.521+0800: 176.428: [ParNew: 138058K->139K(154880K), 0.0134056 secs] 4675321K->4537402K(6289088K), 0.0134845 secs] [Times: user=0.06 sys=0.00, real=0.01 secs]
         vmop                    [threads: total initially_running wait_to_block]    [time: spin block sync cleanup vmop] page_trap_count
176.428: GenCollectForAllocation          [      33          1              1    ]      [     0     0     0     0    13    ]  1
2017-11-22T07:09:30.535+0800: 176.442: Total time for which application threads were stopped: 0.0137723 seconds, Stopping threads took: 0.0000598 seconds
2017-11-22T07:09:30.616+0800: 176.523: [GC (Allocation Failure) 2017-11-22T07:09:30.616+0800: 176.523: [ParNew: 137867K->898K(154880K), 0.0203229 secs] 4675130K->4538161K(6289088K), 0.0204038 secs] [Times: user=0.08 sys=0.01, real=0.02 secs]
         vmop                    [threads: total initially_running wait_to_block]    [time: spin block sync cleanup vmop] page_trap_count
176.523: GenCollectForAllocation          [      33          0              1    ]      [     0     0     0     0    20    ]  0
2017-11-22T07:09:30.637+0800: 176.544: Total time for which application threads were stopped: 0.0208604 seconds, Stopping threads took: 0.0000601 seconds
2017-11-22T07:09:30.705+0800: 176.612: [GC (Allocation Failure) 2017-11-22T07:09:30.705+0800: 176.612: [ParNew: 138626K->135K(154880K), 0.0348200 secs] 4675889K->4537398K(6289088K), 0.0349066 secs] [Times: user=0.10 sys=0.01, real=0.03 secs]
         vmop                    [threads: total initially_running wait_to_block]    [time: spin block sync cleanup vmop] page_trap_count
176.612: GenCollectForAllocation          [      33          0              0    ]      [     0     0     0     0    35    ]  0
2017-11-22T07:09:30.740+0800: 176.647: Total time for which application threads were stopped: 0.0352156 seconds, Stopping threads took: 0.0000528 seconds
2017-11-22T07:09:30.810+0800: 176.717: [GC (Allocation Failure) 2017-11-22T07:09:30.810+0800: 176.717: [ParNew: 137863K->264K(154880K), 0.0313217 secs] 4675126K->4537527K(6289088K), 0.0313838 secs] [Times: user=0.05 sys=0.00, real=0.04 secs]
         vmop                    [threads: total initially_running wait_to_block]    [time: spin block sync cleanup vmop] page_trap_count
176.717: GenCollectForAllocation          [      33          0              1    ]      [     0     0     0     0    31    ]  0
2017-11-22T07:09:30.841+0800: 176.748: Total time for which application threads were stopped: 0.0316647 seconds, Stopping threads took: 0.0000456 seconds
2017-11-22T07:09:30.915+0800: 176.822: [GC (Allocation Failure) 2017-11-22T07:09:30.915+0800: 176.822: [ParNew: 137992K->200K(154880K), 0.0585309 secs] 4675255K->4537463K(6289088K), 0.0586083 secs] [Times: user=0.15 sys=0.00, real=0.06 secs]
         vmop                    [threads: total initially_running wait_to_block]    [time: spin block sync cleanup vmop] page_trap_count
176.821: GenCollectForAllocation          [      33          0              0    ]      [     0     0     0     0    58    ]  0
2017-11-22T07:09:30.973+0800: 176.880: Total time for which application threads were stopped: 0.0588949 seconds, Stopping threads took: 0.0000308 seconds
2017-11-22T07:09:31.042+0800: 176.949: [GC (Allocation Failure) 2017-11-22T07:09:31.042+0800: 176.949: [ParNew: 137928K->135K(154880K), 0.0320946 secs] 4675191K->4537398K(6289088K), 0.0321826 secs] [Times: user=0.06 sys=0.00, real=0.03 secs]
         vmop                    [threads: total initially_running wait_to_block]    [time: spin block sync cleanup vmop] page_trap_count
176.948: GenCollectForAllocation          [      33          1              1    ]      [     0     0     0     0    32    ]  1
2017-11-22T07:09:31.074+0800: 176.981: Total time for which application threads were stopped: 0.0324599 seconds, Stopping threads took: 0.0000608 seconds
2017-11-22T07:09:31.151+0800: 177.058: [GC (Allocation Failure) 2017-11-22T07:09:31.151+0800: 177.058: [ParNew: 137863K->454K(154880K), 0.0142605 secs] 4675126K->4537718K(6289088K), 0.0143368 secs] [Times: user=0.06 sys=0.00, real=0.02 secs]
         vmop                    [threads: total initially_running wait_to_block]    [time: spin block sync cleanup vmop] page_trap_count
177.058: GenCollectForAllocation          [      33          1              1    ]      [     0     0     0     0    14    ]  0
2017-11-22T07:09:31.165+0800: 177.072: Total time for which application threads were stopped: 0.0146722 seconds, Stopping threads took: 0.0000864 seconds
2017-11-22T07:09:31.245+0800: 177.152: [GC (Allocation Failure) 2017-11-22T07:09:31.245+0800: 177.152: [ParNew: 138182K->139K(154880K), 0.0243773 secs] 4675446K->4537402K(6289088K), 0.0244434 secs] [Times: user=0.09 sys=0.02, real=0.02 secs]
         vmop                    [threads: total initially_running wait_to_block]    [time: spin block sync cleanup vmop] page_trap_count
177.151: GenCollectForAllocation          [      33          0              0    ]      [     0     0     0     0    24    ]  0
2017-11-22T07:09:31.269+0800: 177.176: Total time for which application threads were stopped: 0.0247264 seconds, Stopping threads took: 0.0000513 seconds
2017-11-22T07:09:31.353+0800: 177.260: [GC (Allocation Failure) 2017-11-22T07:09:31.353+0800: 177.260: [ParNew: 137867K->137K(154880K), 0.0305782 secs] 4675130K->4537400K(6289088K), 0.0306578 secs] [Times: user=0.11 sys=0.01, real=0.03 secs]
         vmop                    [threads: total initially_running wait_to_block]    [time: spin block sync cleanup vmop] page_trap_count
177.260: GenCollectForAllocation          [      33          0              1    ]      [     0     0     0     0    30    ]  0
2017-11-22T07:09:31.384+0800: 177.291: Total time for which application threads were stopped: 0.0310150 seconds, Stopping threads took: 0.0001178 seconds
2017-11-22T07:09:31.464+0800: 177.371: [GC (Allocation Failure) 2017-11-22T07:09:31.464+0800: 177.371: [ParNew: 137865K->199K(154880K), 0.0322596 secs] 4675128K->4537462K(6289088K), 0.0323485 secs] [Times: user=0.14 sys=0.00, real=0.03 secs]
         vmop                    [threads: total initially_running wait_to_block]    [time: spin block sync cleanup vmop] page_trap_count
177.370: GenCollectForAllocation          [      33          0              0    ]      [     0     0     0     0    32    ]  0
2017-11-22T07:09:31.496+0800: 177.403: Total time for which application threads were stopped: 0.0326274 seconds, Stopping threads took: 0.0000507 seconds
2017-11-22T07:09:31.584+0800: 177.491: [GC (Allocation Failure) 2017-11-22T07:09:31.584+0800: 177.491: [ParNew: 137927K->139K(154880K), 0.0211309 secs] 4675190K->4537402K(6289088K), 0.0212054 secs] [Times: user=0.08 sys=0.00, real=0.02 secs]
         vmop                    [threads: total initially_running wait_to_block]    [time: spin block sync cleanup vmop] page_trap_count
177.491: GenCollectForAllocation          [      33          0              0    ]      [     0     0     0     0    21    ]  0
2017-11-22T07:09:31.605+0800: 177.512: Total time for which application threads were stopped: 0.0214661 seconds, Stopping threads took: 0.0000506 seconds
2017-11-22T07:09:31.695+0800: 177.602: [GC (Allocation Failure) 2017-11-22T07:09:31.695+0800: 177.602: [ParNew: 137867K->200K(154880K), 0.0262452 secs] 4675130K->4537463K(6289088K), 0.0263305 secs] [Times: user=0.12 sys=0.00, real=0.03 secs]
         vmop                    [threads: total initially_running wait_to_block]    [time: spin block sync cleanup vmop] page_trap_count
177.602: GenCollectForAllocation          [      33          1              1    ]      [     0     0     0     0    26    ]  0
2017-11-22T07:09:31.721+0800: 177.628: Total time for which application threads were stopped: 0.0266430 seconds, Stopping threads took: 0.0000690 seconds
2017-11-22T07:09:31.819+0800: 177.726: [GC (Allocation Failure) 2017-11-22T07:09:31.819+0800: 177.726: [ParNew: 137928K->137K(154880K), 0.0276570 secs] 4675191K->4537400K(6289088K), 0.0277391 secs] [Times: user=0.12 sys=0.01, real=0.03 secs]
         vmop                    [threads: total initially_running wait_to_block]    [time: spin block sync cleanup vmop] page_trap_count
177.726: GenCollectForAllocation          [      33          0              0    ]      [     0     0     0     0    27    ]  0
2017-11-22T07:09:31.847+0800: 177.754: Total time for which application threads were stopped: 0.0280396 seconds, Stopping threads took: 0.0000532 seconds
2017-11-22T07:09:31.918+0800: 177.825: [GC (Allocation Failure) 2017-11-22T07:09:31.918+0800: 177.825: [ParNew: 137865K->198K(154880K), 0.0153798 secs] 4675128K->4537461K(6289088K), 0.0154638 secs] [Times: user=0.06 sys=0.00, real=0.02 secs]
         vmop                    [threads: total initially_running wait_to_block]    [time: spin block sync cleanup vmop] page_trap_count
177.824: GenCollectForAllocation          [      33          0              0    ]      [     0     0     0     0    15    ]  0
2017-11-22T07:09:31.933+0800: 177.840: Total time for which application threads were stopped: 0.0158035 seconds, Stopping threads took: 0.0000644 seconds
2017-11-22T07:09:32.017+0800: 177.924: [GC (Allocation Failure) 2017-11-22T07:09:32.018+0800: 177.924: [ParNew: 137926K->71K(154880K), 0.0133331 secs] 4675189K->4537335K(6289088K), 0.0134220 secs] [Times: user=0.05 sys=0.01, real=0.01 secs]
         vmop                    [threads: total initially_running wait_to_block]    [time: spin block sync cleanup vmop] page_trap_count
177.924: GenCollectForAllocation          [      33          0              0    ]      [     0     0     0     0    13    ]  0
2017-11-22T07:09:32.031+0800: 177.938: Total time for which application threads were stopped: 0.0137216 seconds, Stopping threads took: 0.0000555 seconds
2017-11-22T07:09:32.101+0800: 178.008: [GC (Allocation Failure) 2017-11-22T07:09:32.101+0800: 178.008: [ParNew: 137799K->135K(154880K), 0.0141022 secs] 4675063K->4537398K(6289088K), 0.0141846 secs] [Times: user=0.06 sys=0.00, real=0.01 secs]
         vmop                    [threads: total initially_running wait_to_block]    [time: spin block sync cleanup vmop] page_trap_count
178.008: GenCollectForAllocation          [      33          0              0    ]      [     0     0     0     0    14    ]  0
2017-11-22T07:09:32.116+0800: 178.023: Total time for which application threads were stopped: 0.0145083 seconds, Stopping threads took: 0.0000651 seconds
2017-11-22T07:09:32.186+0800: 178.093: [GC (Allocation Failure) 2017-11-22T07:09:32.186+0800: 178.093: [ParNew: 137863K->396K(154880K), 0.0147980 secs] 4675126K->4537659K(6289088K), 0.0148973 secs] [Times: user=0.06 sys=0.00, real=0.01 secs]
         vmop                    [threads: total initially_running wait_to_block]    [time: spin block sync cleanup vmop] page_trap_count
178.092: GenCollectForAllocation          [      32          1              1    ]      [     0     0     0     0    15    ]  1
2017-11-22T07:09:32.201+0800: 178.108: Total time for which application threads were stopped: 0.0152959 seconds, Stopping threads took: 0.0000658 seconds
         vmop                    [threads: total initially_running wait_to_block]    [time: spin block sync cleanup vmop] page_trap_count
178.108: RevokeBias                       [      33          1              1    ]      [     0     0     0     0     0    ]  1
2017-11-22T07:09:32.202+0800: 178.109: Total time for which application threads were stopped: 0.0002951 seconds, Stopping threads took: 0.0001425 seconds
2017-11-22T07:09:32.278+0800: 178.185: [GC (Allocation Failure) 2017-11-22T07:09:32.278+0800: 178.185: [ParNew: 138124K->209K(154880K), 0.0168756 secs] 4675387K->4537472K(6289088K), 0.0169545 secs] [Times: user=0.08 sys=0.00, real=0.02 secs]
         vmop                    [threads: total initially_running wait_to_block]    [time: spin block sync cleanup vmop] page_trap_count
178.185: GenCollectForAllocation          [      33          0              0    ]      [     0     0     0     0    17    ]  0
2017-11-22T07:09:32.295+0800: 178.202: Total time for which application threads were stopped: 0.0172587 seconds, Stopping threads took: 0.0000568 seconds
2017-11-22T07:09:32.380+0800: 178.287: [GC (Allocation Failure) 2017-11-22T07:09:32.381+0800: 178.288: [ParNew: 137937K->84K(154880K), 0.0163695 secs] 4675200K->4537347K(6289088K), 0.0164574 secs] [Times: user=0.08 sys=0.00, real=0.02 secs]
         vmop                    [threads: total initially_running wait_to_block]    [time: spin block sync cleanup vmop] page_trap_count
178.287: GenCollectForAllocation          [      33          0              0    ]      [     0     0     0     0    16    ]  0
2017-11-22T07:09:32.397+0800: 178.304: Total time for which application threads were stopped: 0.0167471 seconds, Stopping threads took: 0.0000474 seconds
2017-11-22T07:09:32.488+0800: 178.395: [GC (Allocation Failure) 2017-11-22T07:09:32.488+0800: 178.395: [ParNew: 137812K->82K(154880K), 0.0133990 secs] 4675075K->4537345K(6289088K), 0.0134876 secs] [Times: user=0.06 sys=0.00, real=0.02 secs]
         vmop                    [threads: total initially_running wait_to_block]    [time: spin block sync cleanup vmop] page_trap_count
178.395: GenCollectForAllocation          [      33          0              0    ]      [     0     0     0     0    13    ]  0
2017-11-22T07:09:32.502+0800: 178.409: Total time for which application threads were stopped: 0.0138127 seconds, Stopping threads took: 0.0000457 seconds
2017-11-22T07:09:32.606+0800: 178.513: [GC (Allocation Failure) 2017-11-22T07:09:32.606+0800: 178.513: [ParNew: 137810K->147K(154880K), 0.0241649 secs] 4675073K->4537410K(6289088K), 0.0242435 secs] [Times: user=0.06 sys=0.00, real=0.02 secs]
         vmop                    [threads: total initially_running wait_to_block]    [time: spin block sync cleanup vmop] page_trap_count
178.512: GenCollectForAllocation          [      33          0              0    ]      [     0     0     0     0    24    ]  0
2017-11-22T07:09:32.630+0800: 178.537: Total time for which application threads were stopped: 0.0244873 seconds, Stopping threads took: 0.0000313 seconds
2017-11-22T07:09:32.708+0800: 178.615: [GC (Allocation Failure) 2017-11-22T07:09:32.708+0800: 178.615: [ParNew: 137875K->2947K(154880K), 0.0203050 secs] 4675138K->4540210K(6289088K), 0.0204110 secs] [Times: user=0.09 sys=0.00, real=0.02 secs]
         vmop                    [threads: total initially_running wait_to_block]    [time: spin block sync cleanup vmop] page_trap_count
178.615: GenCollectForAllocation          [      33          0              0    ]      [     0     0     0     0    20    ]  0
2017-11-22T07:09:32.729+0800: 178.636: Total time for which application threads were stopped: 0.0207607 seconds, Stopping threads took: 0.0000578 seconds
2017-11-22T07:09:32.832+0800: 178.739: [GC (Allocation Failure) 2017-11-22T07:09:32.832+0800: 178.739: [ParNew: 140675K->340K(154880K), 0.0198333 secs] 4677938K->4537607K(6289088K), 0.0199061 secs] [Times: user=0.08 sys=0.00, real=0.02 secs]
         vmop                    [threads: total initially_running wait_to_block]    [time: spin block sync cleanup vmop] page_trap_count
178.739: GenCollectForAllocation          [      33          0              1    ]      [     0     0     0     0    19    ]  0
2017-11-22T07:09:32.852+0800: 178.759: Total time for which application threads were stopped: 0.0202533 seconds, Stopping threads took: 0.0001087 seconds
2017-11-22T07:09:32.944+0800: 178.851: [GC (Allocation Failure) 2017-11-22T07:09:32.945+0800: 178.851: [ParNew: 138068K->73K(154880K), 0.0147128 secs] 4675335K->4537346K(6289088K), 0.0147923 secs] [Times: user=0.06 sys=0.00, real=0.01 secs]
         vmop                    [threads: total initially_running wait_to_block]    [time: spin block sync cleanup vmop] page_trap_count
178.851: GenCollectForAllocation          [      33          0              0    ]      [     0     0     0     0    14    ]  0
2017-11-22T07:09:32.959+0800: 178.866: Total time for which application threads were stopped: 0.0151021 seconds, Stopping threads took: 0.0000600 seconds
2017-11-22T07:09:33.055+0800: 178.962: [GC (Allocation Failure) 2017-11-22T07:09:33.055+0800: 178.962: [ParNew: 137801K->75K(154880K), 0.0376515 secs] 4675074K->4537348K(6289088K), 0.0377355 secs] [Times: user=0.08 sys=0.01, real=0.03 secs]
         vmop                    [threads: total initially_running wait_to_block]    [time: spin block sync cleanup vmop] page_trap_count
178.961: GenCollectForAllocation          [      33          0              0    ]      [     0     0     0     0    37    ]  0
2017-11-22T07:09:33.092+0800: 178.999: Total time for which application threads were stopped: 0.0379932 seconds, Stopping threads took: 0.0000523 seconds
2017-11-22T07:09:33.181+0800: 179.088: [GC (Allocation Failure) 2017-11-22T07:09:33.181+0800: 179.088: [ParNew: 137803K->2367K(154880K), 0.0493899 secs] 4675076K->4539639K(6289088K), 0.0494816 secs] [Times: user=0.12 sys=0.01, real=0.04 secs]
         vmop                    [threads: total initially_running wait_to_block]    [time: spin block sync cleanup vmop] page_trap_count
179.088: GenCollectForAllocation          [      33          0              0    ]      [     0     0     0     0    49    ]  0
2017-11-22T07:09:33.231+0800: 179.138: Total time for which application threads were stopped: 0.0497497 seconds, Stopping threads took: 0.0000569 seconds
2017-11-22T07:09:33.508+0800: 179.415: [GC (Allocation Failure) 2017-11-22T07:09:33.508+0800: 179.415: [ParNew: 140095K->2426K(154880K), 0.0568408 secs] 4677367K->4539699K(6289088K), 0.0569371 secs] [Times: user=0.11 sys=0.00, real=0.06 secs]
         vmop                    [threads: total initially_running wait_to_block]    [time: spin block sync cleanup vmop] page_trap_count
179.415: GenCollectForAllocation          [      33          1              1    ]      [     0     0     0     0    57    ]  0
2017-11-22T07:09:33.565+0800: 179.472: Total time for which application threads were stopped: 0.0572767 seconds, Stopping threads took: 0.0000825 seconds
2017-11-22T07:09:33.684+0800: 179.591: [GC (Allocation Failure) 2017-11-22T07:09:33.684+0800: 179.591: [ParNew: 140154K->139K(154880K), 0.0128528 secs] 4677427K->4537411K(6289088K), 0.0129281 secs] [Times: user=0.06 sys=0.00, real=0.01 secs]
         vmop                    [threads: total initially_running wait_to_block]    [time: spin block sync cleanup vmop] page_trap_count
179.591: GenCollectForAllocation          [      33          0              0    ]      [     0     0     0     0    13    ]  0
2017-11-22T07:09:33.697+0800: 179.604: Total time for which application threads were stopped: 0.0132073 seconds, Stopping threads took: 0.0000456 seconds
2017-11-22T07:09:33.816+0800: 179.723: [GC (Allocation Failure) 2017-11-22T07:09:33.816+0800: 179.723: [ParNew: 137867K->137K(154880K), 0.0176963 secs] 4675139K->4537409K(6289088K), 0.0177785 secs] [Times: user=0.08 sys=0.00, real=0.02 secs]
         vmop                    [threads: total initially_running wait_to_block]    [time: spin block sync cleanup vmop] page_trap_count
179.723: GenCollectForAllocation          [      33          0              0    ]      [     0     0     0     0    17    ]  0
2017-11-22T07:09:33.834+0800: 179.741: Total time for which application threads were stopped: 0.0180628 seconds, Stopping threads took: 0.0000492 seconds
2017-11-22T07:09:33.930+0800: 179.837: [GC (Allocation Failure) 2017-11-22T07:09:33.930+0800: 179.837: [ParNew: 137865K->1408K(154880K), 0.0193997 secs] 4675137K->4538680K(6289088K), 0.0194916 secs] [Times: user=0.07 sys=0.00, real=0.02 secs]
         vmop                    [threads: total initially_running wait_to_block]    [time: spin block sync cleanup vmop] page_trap_count
179.837: GenCollectForAllocation          [      33          0              0    ]      [     0     0     0     0    19    ]  0
2017-11-22T07:09:33.950+0800: 179.857: Total time for which application threads were stopped: 0.0197808 seconds, Stopping threads took: 0.0000527 seconds
2017-11-22T07:09:34.086+0800: 179.993: [GC (Allocation Failure) 2017-11-22T07:09:34.086+0800: 179.993: [ParNew: 139136K->5231K(154880K), 0.0595132 secs] 4676408K->4542503K(6289088K), 0.0596964 secs] [Times: user=0.13 sys=0.00, real=0.06 secs]
         vmop                    [threads: total initially_running wait_to_block]    [time: spin block sync cleanup vmop] page_trap_count
179.982: GenCollectForAllocation          [      33          2              1    ]      [     9     0    10     0    59    ]  0
2017-11-22T07:09:34.146+0800: 180.053: Total time for which application threads were stopped: 0.0699887 seconds, Stopping threads took: 0.0100035 seconds
2017-11-22T07:09:34.218+0800: 180.125: [GC (Allocation Failure) 2017-11-22T07:09:34.219+0800: 180.125: [ParNew: 142959K->135K(154880K), 0.0254747 secs] 4680231K->4537407K(6289088K), 0.0255550 secs] [Times: user=0.06 sys=0.00, real=0.03 secs]
         vmop                    [threads: total initially_running wait_to_block]    [time: spin block sync cleanup vmop] page_trap_count
180.125: GenCollectForAllocation          [      33          1              2    ]      [     0     0     0     0    25    ]  1
2017-11-22T07:09:34.244+0800: 180.151: Total time for which application threads were stopped: 0.0258614 seconds, Stopping threads took: 0.0000704 seconds
2017-11-22T07:09:34.314+0800: 180.221: [GC (Allocation Failure) 2017-11-22T07:09:34.314+0800: 180.221: [ParNew: 137863K->455K(154880K), 0.0359680 secs] 4675135K->4537727K(6289088K), 0.0360563 secs] [Times: user=0.13 sys=0.01, real=0.03 secs]
         vmop                    [threads: total initially_running wait_to_block]    [time: spin block sync cleanup vmop] page_trap_count
180.221: GenCollectForAllocation          [      33          0              0    ]      [     0     0     0     0    36    ]  0
2017-11-22T07:09:34.350+0800: 180.257: Total time for which application threads were stopped: 0.0363626 seconds, Stopping threads took: 0.0000605 seconds
2017-11-22T07:09:34.462+0800: 180.369: [GC (Allocation Failure) 2017-11-22T07:09:34.462+0800: 180.369: [ParNew: 138183K->139K(154880K), 0.0282644 secs] 4675455K->4537411K(6289088K), 0.0284645 secs] [Times: user=0.06 sys=0.00, real=0.02 secs]
         vmop                    [threads: total initially_running wait_to_block]    [time: spin block sync cleanup vmop] page_trap_count
180.368: GenCollectForAllocation          [      33          0              0    ]      [     0     0     0     0    28    ]  0
2017-11-22T07:09:34.492+0800: 180.399: Total time for which application threads were stopped: 0.0301400 seconds, Stopping threads took: 0.0000533 seconds
2017-11-22T07:09:34.595+0800: 180.502: [GC (Allocation Failure) 2017-11-22T07:09:34.595+0800: 180.502: [ParNew: 137867K->266K(154880K), 0.0449616 secs] 4675139K->4537538K(6289088K), 0.0450694 secs] [Times: user=0.12 sys=0.00, real=0.04 secs]
         vmop                    [threads: total initially_running wait_to_block]    [time: spin block sync cleanup vmop] page_trap_count
180.502: GenCollectForAllocation          [      33          0              0    ]      [     0     0     0     0    45    ]  0
2017-11-22T07:09:34.640+0800: 180.547: Total time for which application threads were stopped: 0.0453564 seconds, Stopping threads took: 0.0000383 seconds
         vmop                    [threads: total initially_running wait_to_block]    [time: spin block sync cleanup vmop] page_trap_count
180.561: RevokeBias                       [      33          1              1    ]      [     0     0     0     0     0    ]  1
2017-11-22T07:09:34.654+0800: 180.561: Total time for which application threads were stopped: 0.0002973 seconds, Stopping threads took: 0.0000820 seconds
2017-11-22T07:09:34.742+0800: 180.649: [GC (Allocation Failure) 2017-11-22T07:09:34.742+0800: 180.649: [ParNew: 137994K->175K(154880K), 0.0206474 secs] 4675266K->4537447K(6289088K), 0.0207310 secs] [Times: user=0.08 sys=0.00, real=0.02 secs]
         vmop                    [threads: total initially_running wait_to_block]    [time: spin block sync cleanup vmop] page_trap_count
180.649: GenCollectForAllocation          [      33          1              1    ]      [     0     0     0     0    20    ]  1
2017-11-22T07:09:34.763+0800: 180.670: Total time for which application threads were stopped: 0.0210455 seconds, Stopping threads took: 0.0000805 seconds
2017-11-22T07:09:34.844+0800: 180.751: [GC (Allocation Failure) 2017-11-22T07:09:34.844+0800: 180.751: [ParNew: 137903K->3900K(154880K), 0.0212056 secs] 4675175K->4541173K(6289088K), 0.0212918 secs] [Times: user=0.08 sys=0.01, real=0.02 secs]
         vmop                    [threads: total initially_running wait_to_block]    [time: spin block sync cleanup vmop] page_trap_count
180.751: GenCollectForAllocation          [      33          0              0    ]      [     0     0     0     0    21    ]  0
2017-11-22T07:09:34.865+0800: 180.772: Total time for which application threads were stopped: 0.0216060 seconds, Stopping threads took: 0.0000559 seconds
2017-11-22T07:09:34.936+0800: 180.843: [GC (Allocation Failure) 2017-11-22T07:09:34.937+0800: 180.843: [ParNew: 141628K->2685K(154880K), 0.0204212 secs] 4678901K->4539957K(6289088K), 0.0205330 secs] [Times: user=0.06 sys=0.00, real=0.02 secs]
         vmop                    [threads: total initially_running wait_to_block]    [time: spin block sync cleanup vmop] page_trap_count
180.843: GenCollectForAllocation          [      33          1              1    ]      [     0     0     0     0    20    ]  0
2017-11-22T07:09:34.957+0800: 180.864: Total time for which application threads were stopped: 0.0212913 seconds, Stopping threads took: 0.0001261 seconds
2017-11-22T07:09:35.040+0800: 180.947: [GC (Allocation Failure) 2017-11-22T07:09:35.040+0800: 180.947: [ParNew: 140413K->149K(154880K), 0.0306693 secs] 4677685K->4537421K(6289088K), 0.0307569 secs] [Times: user=0.07 sys=0.01, real=0.03 secs]
         vmop                    [threads: total initially_running wait_to_block]    [time: spin block sync cleanup vmop] page_trap_count
180.947: GenCollectForAllocation          [      33          0              0    ]      [     0     0     0     0    30    ]  0
2017-11-22T07:09:35.071+0800: 180.978: Total time for which application threads were stopped: 0.0310464 seconds, Stopping threads took: 0.0000401 seconds
2017-11-22T07:09:35.142+0800: 181.049: [GC (Allocation Failure) 2017-11-22T07:09:35.142+0800: 181.049: [ParNew: 137877K->75K(154880K), 0.0531363 secs] 4675149K->4537348K(6289088K), 0.0532530 secs] [Times: user=0.12 sys=0.00, real=0.05 secs]
         vmop                    [threads: total initially_running wait_to_block]    [time: spin block sync cleanup vmop] page_trap_count
181.049: GenCollectForAllocation          [      33          0              0    ]      [     0     0     0     0    53    ]  0
2017-11-22T07:09:35.195+0800: 181.102: Total time for which application threads were stopped: 0.0535262 seconds, Stopping threads took: 0.0000606 seconds
2017-11-22T07:09:35.283+0800: 181.190: [GC (Allocation Failure) 2017-11-22T07:09:35.283+0800: 181.190: [ParNew: 137803K->150K(154880K), 0.0259094 secs] 4675076K->4537423K(6289088K), 0.0260148 secs] [Times: user=0.07 sys=0.00, real=0.02 secs]
         vmop                    [threads: total initially_running wait_to_block]    [time: spin block sync cleanup vmop] page_trap_count
181.190: GenCollectForAllocation          [      33          0              0    ]      [     0     0     0     0    26    ]  0
2017-11-22T07:09:35.309+0800: 181.216: Total time for which application threads were stopped: 0.0262995 seconds, Stopping threads took: 0.0000561 seconds
2017-11-22T07:09:35.383+0800: 181.290: [GC (Allocation Failure) 2017-11-22T07:09:35.383+0800: 181.290: [ParNew: 137878K->137K(154880K), 0.0232989 secs] 4675151K->4537416K(6289088K), 0.0233909 secs] [Times: user=0.07 sys=0.00, real=0.02 secs]
         vmop                    [threads: total initially_running wait_to_block]    [time: spin block sync cleanup vmop] page_trap_count
181.290: GenCollectForAllocation          [      33          1              1    ]      [     0     0     0     0    23    ]  1
2017-11-22T07:09:35.407+0800: 181.314: Total time for which application threads were stopped: 0.0237002 seconds, Stopping threads took: 0.0000718 seconds
2017-11-22T07:09:35.478+0800: 181.385: [GC (Allocation Failure) 2017-11-22T07:09:35.478+0800: 181.385: [ParNew: 137865K->2426K(154880K), 0.0250279 secs] 4675144K->4539705K(6289088K), 0.0251144 secs] [Times: user=0.09 sys=0.00, real=0.03 secs]
         vmop                    [threads: total initially_running wait_to_block]    [time: spin block sync cleanup vmop] page_trap_count
181.385: GenCollectForAllocation          [      33          0              0    ]      [     0     0     0     0    25    ]  0
2017-11-22T07:09:35.504+0800: 181.411: Total time for which application threads were stopped: 0.0254248 seconds, Stopping threads took: 0.0000527 seconds
2017-11-22T07:09:35.592+0800: 181.499: [GC (Allocation Failure) 2017-11-22T07:09:35.592+0800: 181.499: [ParNew: 140154K->2740K(154880K), 0.0250584 secs] 4677433K->4540019K(6289088K), 0.0251373 secs] [Times: user=0.06 sys=0.00, real=0.03 secs]
         vmop                    [threads: total initially_running wait_to_block]    [time: spin block sync cleanup vmop] page_trap_count
181.499: GenCollectForAllocation          [      33          0              0    ]      [     0     0     0     0    25    ]  0
2017-11-22T07:09:35.617+0800: 181.524: Total time for which application threads were stopped: 0.0254452 seconds, Stopping threads took: 0.0000560 seconds
2017-11-22T07:09:35.691+0800: 181.598: [GC (Allocation Failure) 2017-11-22T07:09:35.691+0800: 181.598: [ParNew: 140468K->135K(154880K), 0.0352840 secs] 4677747K->4537414K(6289088K), 0.0353672 secs] [Times: user=0.10 sys=0.01, real=0.04 secs]
         vmop                    [threads: total initially_running wait_to_block]    [time: spin block sync cleanup vmop] page_trap_count
181.598: GenCollectForAllocation          [      33          0              0    ]      [     0     0     0     0    35    ]  0
2017-11-22T07:09:35.727+0800: 181.634: Total time for which application threads were stopped: 0.0356618 seconds, Stopping threads took: 0.0000548 seconds
2017-11-22T07:09:35.816+0800: 181.723: [GC (Allocation Failure) 2017-11-22T07:09:35.816+0800: 181.723: [ParNew: 137863K->143K(154880K), 0.0533285 secs] 4675142K->4537422K(6289088K), 0.0534126 secs] [Times: user=0.07 sys=0.00, real=0.05 secs]
         vmop                    [threads: total initially_running wait_to_block]    [time: spin block sync cleanup vmop] page_trap_count
181.723: GenCollectForAllocation          [      33          0              0    ]      [     0     0     0     0    53    ]  0
2017-11-22T07:09:35.870+0800: 181.777: Total time for which application threads were stopped: 0.0536635 seconds, Stopping threads took: 0.0000493 seconds
2017-11-22T07:09:35.951+0800: 181.858: [GC (Allocation Failure) 2017-11-22T07:09:35.951+0800: 181.858: [ParNew: 137871K->139K(154880K), 0.0306570 secs] 4675150K->4537418K(6289088K), 0.0307498 secs] [Times: user=0.06 sys=0.00, real=0.04 secs]
         vmop                    [threads: total initially_running wait_to_block]    [time: spin block sync cleanup vmop] page_trap_count
181.858: GenCollectForAllocation          [      33          0              0    ]      [     0     0     0     0    30    ]  0
2017-11-22T07:09:35.982+0800: 181.889: Total time for which application threads were stopped: 0.0310627 seconds, Stopping threads took: 0.0000561 seconds
2017-11-22T07:09:36.057+0800: 181.964: [GC (Allocation Failure) 2017-11-22T07:09:36.057+0800: 181.964: [ParNew: 137867K->137K(154880K), 0.0436442 secs] 4675146K->4537416K(6289088K), 0.0437242 secs] [Times: user=0.07 sys=0.00, real=0.04 secs]
         vmop                    [threads: total initially_running wait_to_block]    [time: spin block sync cleanup vmop] page_trap_count
181.964: GenCollectForAllocation          [      33          0              1    ]      [     0     0     0     0    43    ]  0
2017-11-22T07:09:36.101+0800: 182.007: Total time for which application threads were stopped: 0.0439915 seconds, Stopping threads took: 0.0000430 seconds
2017-11-22T07:09:36.192+0800: 182.099: [GC (Allocation Failure) 2017-11-22T07:09:36.192+0800: 182.099: [ParNew: 137865K->965K(154880K), 0.0317358 secs] 4675144K->4538244K(6289088K), 0.0318408 secs] [Times: user=0.09 sys=0.00, real=0.04 secs]
         vmop                    [threads: total initially_running wait_to_block]    [time: spin block sync cleanup vmop] page_trap_count
182.099: GenCollectForAllocation          [      33          0              0    ]      [     0     0     0     0    31    ]  0
2017-11-22T07:09:36.224+0800: 182.131: Total time for which application threads were stopped: 0.0321831 seconds, Stopping threads took: 0.0000563 seconds
2017-11-22T07:09:36.326+0800: 182.233: [GC (Allocation Failure) 2017-11-22T07:09:36.326+0800: 182.233: [ParNew: 138693K->4847K(154880K), 0.0296686 secs] 4675972K->4542126K(6289088K), 0.0297447 secs] [Times: user=0.10 sys=0.00, real=0.03 secs]
         vmop                    [threads: total initially_running wait_to_block]    [time: spin block sync cleanup vmop] page_trap_count
182.232: GenCollectForAllocation          [      33          0              1    ]      [     0     0     0     0    29    ]  0
2017-11-22T07:09:36.356+0800: 182.263: Total time for which application threads were stopped: 0.0300656 seconds, Stopping threads took: 0.0000598 seconds
         vmop                    [threads: total initially_running wait_to_block]    [time: spin block sync cleanup vmop] page_trap_count
182.365: RevokeBias                       [      33          1              2    ]      [     0     0     0     0     0    ]  1
2017-11-22T07:09:36.458+0800: 182.365: Total time for which application threads were stopped: 0.0002687 seconds, Stopping threads took: 0.0001054 seconds
2017-11-22T07:09:36.462+0800: 182.369: [GC (Allocation Failure) 2017-11-22T07:09:36.462+0800: 182.369: [ParNew: 142575K->144K(154880K), 0.0222592 secs] 4679854K->4537423K(6289088K), 0.0223372 secs] [Times: user=0.08 sys=0.00, real=0.02 secs]
         vmop                    [threads: total initially_running wait_to_block]    [time: spin block sync cleanup vmop] page_trap_count
182.369: GenCollectForAllocation          [      33          0              0    ]      [     0     0     0     0    22    ]  0
2017-11-22T07:09:36.484+0800: 182.391: Total time for which application threads were stopped: 0.0226439 seconds, Stopping threads took: 0.0000443 seconds
2017-11-22T07:09:36.580+0800: 182.487: [GC (Allocation Failure) 2017-11-22T07:09:36.580+0800: 182.487: [ParNew: 137872K->3391K(154880K), 0.0206687 secs] 4675151K->4540670K(6289088K), 0.0207593 secs] [Times: user=0.06 sys=0.01, real=0.03 secs]
         vmop                    [threads: total initially_running wait_to_block]    [time: spin block sync cleanup vmop] page_trap_count
182.487: GenCollectForAllocation          [      33          0              0    ]      [     0     0     0     0    20    ]  0
2017-11-22T07:09:36.601+0800: 182.508: Total time for which application threads were stopped: 0.0210623 seconds, Stopping threads took: 0.0000510 seconds
2017-11-22T07:09:36.714+0800: 182.621: [GC (Allocation Failure) 2017-11-22T07:09:36.714+0800: 182.621: [ParNew: 141119K->82K(154880K), 0.0327134 secs] 4678398K->4537361K(6289088K), 0.0328097 secs] [Times: user=0.10 sys=0.00, real=0.03 secs]
         vmop                    [threads: total initially_running wait_to_block]    [time: spin block sync cleanup vmop] page_trap_count
182.621: GenCollectForAllocation          [      33          0              1    ]      [     0     0     0     0    32    ]  0
2017-11-22T07:09:36.747+0800: 182.654: Total time for which application threads were stopped: 0.0331760 seconds, Stopping threads took: 0.0000646 seconds
2017-11-22T07:09:36.825+0800: 182.732: [GC (Allocation Failure) 2017-11-22T07:09:36.825+0800: 182.732: [ParNew: 137810K->142K(154880K), 0.0257342 secs] 4675089K->4537421K(6289088K), 0.0258033 secs] [Times: user=0.06 sys=0.00, real=0.02 secs]
         vmop                    [threads: total initially_running wait_to_block]    [time: spin block sync cleanup vmop] page_trap_count
182.732: GenCollectForAllocation          [      33          0              1    ]      [     0     0     0     0    25    ]  0
2017-11-22T07:09:36.851+0800: 182.758: Total time for which application threads were stopped: 0.0260921 seconds, Stopping threads took: 0.0000572 seconds
2017-11-22T07:09:36.935+0800: 182.842: [GC (Allocation Failure) 2017-11-22T07:09:36.935+0800: 182.842: [ParNew: 137870K->150K(154880K), 0.0142551 secs] 4675149K->4537429K(6289088K), 0.0143383 secs] [Times: user=0.06 sys=0.00, real=0.01 secs]
         vmop                    [threads: total initially_running wait_to_block]    [time: spin block sync cleanup vmop] page_trap_count
182.842: GenCollectForAllocation          [      33          0              0    ]      [     0     0     0     0    14    ]  0
2017-11-22T07:09:36.949+0800: 182.856: Total time for which application threads were stopped: 0.0146181 seconds, Stopping threads took: 0.0000312 seconds
2017-11-22T07:09:37.021+0800: 182.928: [GC (Allocation Failure) 2017-11-22T07:09:37.021+0800: 182.928: [ParNew: 137878K->3390K(154880K), 0.0333927 secs] 4675157K->4540669K(6289088K), 0.0334800 secs] [Times: user=0.15 sys=0.01, real=0.04 secs]
         vmop                    [threads: total initially_running wait_to_block]    [time: spin block sync cleanup vmop] page_trap_count
182.927: GenCollectForAllocation          [      33          0              0    ]      [     0     0     0     0    33    ]  0
2017-11-22T07:09:37.054+0800: 182.961: Total time for which application threads were stopped: 0.0337728 seconds, Stopping threads took: 0.0000490 seconds
2017-11-22T07:09:37.129+0800: 183.036: [GC (Allocation Failure) 2017-11-22T07:09:37.129+0800: 183.036: [ParNew: 141118K->264K(154880K), 0.0409205 secs] 4678397K->4537552K(6289088K), 0.0409977 secs] [Times: user=0.07 sys=0.00, real=0.04 secs]
         vmop                    [threads: total initially_running wait_to_block]    [time: spin block sync cleanup vmop] page_trap_count
183.036: GenCollectForAllocation          [      33          1              1    ]      [     0     0     0     0    41    ]  0
2017-11-22T07:09:37.170+0800: 183.077: Total time for which application threads were stopped: 0.0413059 seconds, Stopping threads took: 0.0000834 seconds
2017-11-22T07:09:37.277+0800: 183.184: [GC (Allocation Failure) 2017-11-22T07:09:37.277+0800: 183.184: [ParNew: 137992K->266K(154880K), 0.0524202 secs] 4675280K->4537554K(6289088K), 0.0524954 secs] [Times: user=0.13 sys=0.00, real=0.05 secs]
         vmop                    [threads: total initially_running wait_to_block]    [time: spin block sync cleanup vmop] page_trap_count
183.183: GenCollectForAllocation          [      33          0              1    ]      [     0     0     0     0    52    ]  0
2017-11-22T07:09:37.329+0800: 183.236: Total time for which application threads were stopped: 0.0528025 seconds, Stopping threads took: 0.0000672 seconds
2017-11-22T07:09:37.423+0800: 183.330: [GC (Allocation Failure) 2017-11-22T07:09:37.423+0800: 183.330: [ParNew: 137994K->135K(154880K), 0.0338377 secs] 4675282K->4537423K(6289088K), 0.0339252 secs] [Times: user=0.12 sys=0.00, real=0.03 secs]
         vmop                    [threads: total initially_running wait_to_block]    [time: spin block sync cleanup vmop] page_trap_count
183.330: GenCollectForAllocation          [      33          0              0    ]      [     0     0     0     0    34    ]  0
2017-11-22T07:09:37.457+0800: 183.364: Total time for which application threads were stopped: 0.0342254 seconds, Stopping threads took: 0.0000536 seconds
2017-11-22T07:09:37.547+0800: 183.454: [GC (Allocation Failure) 2017-11-22T07:09:37.547+0800: 183.454: [ParNew: 137863K->141K(154880K), 0.0203695 secs] 4675151K->4537429K(6289088K), 0.0204535 secs] [Times: user=0.10 sys=0.00, real=0.02 secs]
         vmop                    [threads: total initially_running wait_to_block]    [time: spin block sync cleanup vmop] page_trap_count
183.454: GenCollectForAllocation          [      33          0              0    ]      [     0     0     0     0    20    ]  0
2017-11-22T07:09:37.568+0800: 183.475: Total time for which application threads were stopped: 0.0207994 seconds, Stopping threads took: 0.0000535 seconds
2017-11-22T07:09:37.656+0800: 183.563: [GC (Allocation Failure) 2017-11-22T07:09:37.656+0800: 183.563: [ParNew: 137869K->520K(154880K), 0.0236723 secs] 4675157K->4537809K(6289088K), 0.0237621 secs] [Times: user=0.09 sys=0.00, real=0.02 secs]
         vmop                    [threads: total initially_running wait_to_block]    [time: spin block sync cleanup vmop] page_trap_count
183.563: GenCollectForAllocation          [      33          0              0    ]      [     0     0     0     0    23    ]  0
2017-11-22T07:09:37.680+0800: 183.587: Total time for which application threads were stopped: 0.0240804 seconds, Stopping threads took: 0.0000486 seconds
2017-11-22T07:09:37.789+0800: 183.696: [GC (Allocation Failure) 2017-11-22T07:09:37.789+0800: 183.696: [ParNew: 138248K->2045K(154880K), 0.0390176 secs] 4675537K->4539333K(6289088K), 0.0391088 secs] [Times: user=0.06 sys=0.01, real=0.04 secs]
         vmop                    [threads: total initially_running wait_to_block]    [time: spin block sync cleanup vmop] page_trap_count
183.696: GenCollectForAllocation          [      33          0              0    ]      [     0     0     0     0    39    ]  0
2017-11-22T07:09:37.828+0800: 183.735: Total time for which application threads were stopped: 0.0394059 seconds, Stopping threads took: 0.0000364 seconds
2017-11-22T07:09:37.915+0800: 183.822: [GC (Allocation Failure) 2017-11-22T07:09:37.915+0800: 183.822: [ParNew: 139773K->200K(154880K), 0.0739994 secs] 4677061K->4537489K(6289088K), 0.0740740 secs] [Times: user=0.10 sys=0.00, real=0.07 secs]
         vmop                    [threads: total initially_running wait_to_block]    [time: spin block sync cleanup vmop] page_trap_count
183.822: GenCollectForAllocation          [      33          1              1    ]      [     0     0     0     0    74    ]  1
2017-11-22T07:09:37.989+0800: 183.896: Total time for which application threads were stopped: 0.0743271 seconds, Stopping threads took: 0.0000564 seconds
2017-11-22T07:09:38.062+0800: 183.969: [GC (Allocation Failure) 2017-11-22T07:09:38.062+0800: 183.969: [ParNew: 137928K->137K(154880K), 0.0245584 secs] 4675217K->4537425K(6289088K), 0.0246447 secs] [Times: user=0.07 sys=0.00, real=0.02 secs]
         vmop                    [threads: total initially_running wait_to_block]    [time: spin block sync cleanup vmop] page_trap_count
183.968: GenCollectForAllocation          [      33          0              0    ]      [     0     0     0     0    24    ]  0
2017-11-22T07:09:38.086+0800: 183.993: Total time for which application threads were stopped: 0.0249038 seconds, Stopping threads took: 0.0000542 seconds
2017-11-22T07:09:38.172+0800: 184.079: [GC (Allocation Failure) 2017-11-22T07:09:38.172+0800: 184.079: [ParNew: 137865K->133K(154880K), 0.0399643 secs] 4675153K->4537421K(6289088K), 0.0400614 secs] [Times: user=0.09 sys=0.00, real=0.04 secs]
         vmop                    [threads: total initially_running wait_to_block]    [time: spin block sync cleanup vmop] page_trap_count
184.078: GenCollectForAllocation          [      33          0              1    ]      [     0     0     0     0    40    ]  0
2017-11-22T07:09:38.212+0800: 184.119: Total time for which application threads were stopped: 0.0403356 seconds, Stopping threads took: 0.0000486 seconds
2017-11-22T07:09:38.292+0800: 184.199: [GC (Allocation Failure) 2017-11-22T07:09:38.292+0800: 184.199: [ParNew: 137861K->961K(154880K), 0.0610042 secs] 4675149K->4538249K(6289088K), 0.0610840 secs] [Times: user=0.11 sys=0.00, real=0.07 secs]
         vmop                    [threads: total initially_running wait_to_block]    [time: spin block sync cleanup vmop] page_trap_count
184.199: GenCollectForAllocation          [      33          0              0    ]      [     0     0     0     0    61    ]  0
2017-11-22T07:09:38.353+0800: 184.260: Total time for which application threads were stopped: 0.0613650 seconds, Stopping threads took: 0.0000520 seconds
2017-11-22T07:09:38.421+0800: 184.328: [GC (Allocation Failure) 2017-11-22T07:09:38.421+0800: 184.328: [ParNew: 138689K->3062K(154880K), 0.0479424 secs] 4675977K->4540350K(6289088K), 0.0480195 secs] [Times: user=0.07 sys=0.00, real=0.04 secs]
         vmop                    [threads: total initially_running wait_to_block]    [time: spin block sync cleanup vmop] page_trap_count
184.328: GenCollectForAllocation          [      33          0              1    ]      [     0     0     0     0    48    ]  0
2017-11-22T07:09:38.469+0800: 184.376: Total time for which application threads were stopped: 0.0482740 seconds, Stopping threads took: 0.0000505 seconds
2017-11-22T07:09:38.539+0800: 184.446: [GC (Allocation Failure) 2017-11-22T07:09:38.539+0800: 184.446: [ParNew: 140790K->137K(154880K), 0.0102903 secs] 4678078K->4537425K(6289088K), 0.0103624 secs] [Times: user=0.05 sys=0.00, real=0.01 secs]
         vmop                    [threads: total initially_running wait_to_block]    [time: spin block sync cleanup vmop] page_trap_count
184.446: GenCollectForAllocation          [      33          1              1    ]      [     0     0     0     0    10    ]  0
2017-11-22T07:09:38.550+0800: 184.457: Total time for which application threads were stopped: 0.0109178 seconds, Stopping threads took: 0.0001870 seconds
2017-11-22T07:09:38.619+0800: 184.526: [GC (Allocation Failure) 2017-11-22T07:09:38.619+0800: 184.526: [ParNew: 137865K->137K(154880K), 0.0534779 secs] 4675153K->4537425K(6289088K), 0.0535539 secs] [Times: user=0.11 sys=0.00, real=0.05 secs]
         vmop                    [threads: total initially_running wait_to_block]    [time: spin block sync cleanup vmop] page_trap_count
184.526: GenCollectForAllocation          [      33          0              0    ]      [     0     0     0     0    53    ]  0
2017-11-22T07:09:38.672+0800: 184.579: Total time for which application threads were stopped: 0.0538240 seconds, Stopping threads took: 0.0000472 seconds
2017-11-22T07:09:38.745+0800: 184.652: [GC (Allocation Failure) 2017-11-22T07:09:38.745+0800: 184.652: [ParNew: 137865K->139K(154880K), 0.0180583 secs] 4675153K->4537427K(6289088K), 0.0181404 secs] [Times: user=0.07 sys=0.01, real=0.02 secs]
         vmop                    [threads: total initially_running wait_to_block]    [time: spin block sync cleanup vmop] page_trap_count
184.652: GenCollectForAllocation          [      33          0              0    ]      [     0     0     0     0    18    ]  0
2017-11-22T07:09:38.763+0800: 184.670: Total time for which application threads were stopped: 0.0184243 seconds, Stopping threads took: 0.0000486 seconds
2017-11-22T07:09:38.859+0800: 184.766: [GC (Allocation Failure) 2017-11-22T07:09:38.859+0800: 184.766: [ParNew: 137867K->3828K(154880K), 0.0270203 secs] 4675155K->4541117K(6289088K), 0.0271208 secs] [Times: user=0.06 sys=0.01, real=0.03 secs]
         vmop                    [threads: total initially_running wait_to_block]    [time: spin block sync cleanup vmop] page_trap_count
184.765: GenCollectForAllocation          [      33          0              0    ]      [     0     0     0     0    27    ]  0
2017-11-22T07:09:38.886+0800: 184.793: Total time for which application threads were stopped: 0.0274116 seconds, Stopping threads took: 0.0000495 seconds
2017-11-22T07:09:38.966+0800: 184.873: [GC (Allocation Failure) 2017-11-22T07:09:38.967+0800: 184.873: [ParNew: 141556K->262K(154880K), 0.0613019 secs] 4678845K->4537550K(6289088K), 0.0613951 secs] [Times: user=0.09 sys=0.01, real=0.06 secs]
         vmop                    [threads: total initially_running wait_to_block]    [time: spin block sync cleanup vmop] page_trap_count
184.873: GenCollectForAllocation          [      33          0              0    ]      [     0     0     0     0    61    ]  0
2017-11-22T07:09:39.028+0800: 184.935: Total time for which application threads were stopped: 0.0616480 seconds, Stopping threads took: 0.0000500 seconds
2017-11-22T07:09:39.100+0800: 185.007: [GC (Allocation Failure) 2017-11-22T07:09:39.100+0800: 185.007: [ParNew: 137990K->3447K(154880K), 0.0255369 secs] 4675278K->4540736K(6289088K), 0.0256496 secs] [Times: user=0.10 sys=0.00, real=0.03 secs]
         vmop                    [threads: total initially_running wait_to_block]    [time: spin block sync cleanup vmop] page_trap_count
185.006: GenCollectForAllocation          [      33          0              0    ]      [     0     0     0     0    25    ]  0
2017-11-22T07:09:39.125+0800: 185.032: Total time for which application threads were stopped: 0.0259766 seconds, Stopping threads took: 0.0000581 seconds
2017-11-22T07:09:39.247+0800: 185.154: [GC (Allocation Failure) 2017-11-22T07:09:39.247+0800: 185.154: [ParNew: 141175K->137K(154880K), 0.0192499 secs] 4678464K->4537425K(6289088K), 0.0193280 secs] [Times: user=0.06 sys=0.00, real=0.02 secs]
         vmop                    [threads: total initially_running wait_to_block]    [time: spin block sync cleanup vmop] page_trap_count
185.154: GenCollectForAllocation          [      33          1              1    ]      [     0     0     0     0    19    ]  1
2017-11-22T07:09:39.267+0800: 185.174: Total time for which application threads were stopped: 0.0196320 seconds, Stopping threads took: 0.0000621 seconds
2017-11-22T07:09:39.338+0800: 185.245: [GC (Allocation Failure) 2017-11-22T07:09:39.338+0800: 185.245: [ParNew: 137865K->135K(154880K), 0.0209373 secs] 4675153K->4537423K(6289088K), 0.0210344 secs] [Times: user=0.07 sys=0.00, real=0.02 secs]
         vmop                    [threads: total initially_running wait_to_block]    [time: spin block sync cleanup vmop] page_trap_count
185.244: GenCollectForAllocation          [      33          1              1    ]      [     0     0     0     0    21    ]  0
2017-11-22T07:09:39.359+0800: 185.266: Total time for which application threads were stopped: 0.0214218 seconds, Stopping threads took: 0.0000903 seconds
2017-11-22T07:09:39.462+0800: 185.369: [GC (Allocation Failure) 2017-11-22T07:09:39.462+0800: 185.369: [ParNew: 137863K->77K(154880K), 0.0539444 secs] 4675151K->4537366K(6289088K), 0.0540387 secs] [Times: user=0.09 sys=0.00, real=0.05 secs]
         vmop                    [threads: total initially_running wait_to_block]    [time: spin block sync cleanup vmop] page_trap_count
185.368: GenCollectForAllocation          [      33          0              1    ]      [     0     0     0     0    54    ]  0
2017-11-22T07:09:39.516+0800: 185.423: Total time for which application threads were stopped: 0.0543169 seconds, Stopping threads took: 0.0000469 seconds
2017-11-22T07:09:39.641+0800: 185.548: [GC (Allocation Failure) 2017-11-22T07:09:39.641+0800: 185.548: [ParNew: 137805K->75K(154880K), 0.0168572 secs] 4675094K->4537364K(6289088K), 0.0169410 secs] [Times: user=0.05 sys=0.00, real=0.01 secs]
         vmop                    [threads: total initially_running wait_to_block]    [time: spin block sync cleanup vmop] page_trap_count
185.548: GenCollectForAllocation          [      33          0              0    ]      [     0     0     0     0    17    ]  0
2017-11-22T07:09:39.658+0800: 185.565: Total time for which application threads were stopped: 0.0171866 seconds, Stopping threads took: 0.0000471 seconds
2017-11-22T07:09:39.740+0800: 185.647: [GC (Allocation Failure) 2017-11-22T07:09:39.740+0800: 185.647: [ParNew: 137803K->139K(154880K), 0.0317791 secs] 4675092K->4537427K(6289088K), 0.0318671 secs] [Times: user=0.11 sys=0.00, real=0.03 secs]
         vmop                    [threads: total initially_running wait_to_block]    [time: spin block sync cleanup vmop] page_trap_count
185.647: GenCollectForAllocation          [      33          0              0    ]      [     0     0     0     0    31    ]  0
2017-11-22T07:09:39.772+0800: 185.679: Total time for which application threads were stopped: 0.0321528 seconds, Stopping threads took: 0.0000524 seconds
2017-11-22T07:09:39.843+0800: 185.750: [GC (Allocation Failure) 2017-11-22T07:09:39.843+0800: 185.750: [ParNew: 137867K->2041K(154880K), 0.0299776 secs] 4675155K->4539329K(6289088K), 0.0300777 secs] [Times: user=0.09 sys=0.00, real=0.03 secs]
         vmop                    [threads: total initially_running wait_to_block]    [time: spin block sync cleanup vmop] page_trap_count
185.750: GenCollectForAllocation          [      33          0              0    ]      [     0     0     0     0    30    ]  0
2017-11-22T07:09:39.873+0800: 185.780: Total time for which application threads were stopped: 0.0303854 seconds, Stopping threads took: 0.0000545 seconds
2017-11-22T07:09:40.442+0800: 186.349: [GC (Allocation Failure) 2017-11-22T07:09:40.442+0800: 186.349: [ParNew: 139769K->2365K(154880K), 0.0311417 secs] 4677057K->4539654K(6289088K), 0.0312199 secs] [Times: user=0.09 sys=0.00, real=0.03 secs]
         vmop                    [threads: total initially_running wait_to_block]    [time: spin block sync cleanup vmop] page_trap_count
186.348: GenCollectForAllocation          [      33          2              1    ]      [     0     0     0     0    31    ]  0
2017-11-22T07:09:40.473+0800: 186.380: Total time for which application threads were stopped: 0.0319879 seconds, Stopping threads took: 0.0005360 seconds
2017-11-22T07:09:40.580+0800: 186.487: [GC (Allocation Failure) 2017-11-22T07:09:40.580+0800: 186.487: [ParNew: 140093K->200K(154880K), 0.0219485 secs] 4677382K->4537489K(6289088K), 0.0220258 secs] [Times: user=0.08 sys=0.00, real=0.03 secs]
         vmop                    [threads: total initially_running wait_to_block]    [time: spin block sync cleanup vmop] page_trap_count
186.487: GenCollectForAllocation          [      33          0              0    ]      [     0     0     0     0    22    ]  0
2017-11-22T07:09:40.602+0800: 186.509: Total time for which application threads were stopped: 0.0223361 seconds, Stopping threads took: 0.0000561 seconds
2017-11-22T07:09:40.709+0800: 186.616: [GC (Allocation Failure) 2017-11-22T07:09:40.709+0800: 186.616: [ParNew: 137928K->516K(154880K), 0.0556978 secs] 4675217K->4537805K(6289088K), 0.0557944 secs] [Times: user=0.08 sys=0.01, real=0.06 secs]
         vmop                    [threads: total initially_running wait_to_block]    [time: spin block sync cleanup vmop] page_trap_count
186.608: GenCollectForAllocation          [      33          1              1    ]      [     7     0     8     0    55    ]  1
2017-11-22T07:09:40.765+0800: 186.672: Total time for which application threads were stopped: 0.0642125 seconds, Stopping threads took: 0.0080770 seconds
2017-11-22T07:09:40.854+0800: 186.761: [GC (Allocation Failure) 2017-11-22T07:09:40.854+0800: 186.761: [ParNew: 138244K->1025K(154880K), 0.0210084 secs] 4675533K->4538313K(6289088K), 0.0211021 secs] [Times: user=0.08 sys=0.00, real=0.02 secs]
         vmop                    [threads: total initially_running wait_to_block]    [time: spin block sync cleanup vmop] page_trap_count
186.761: GenCollectForAllocation          [      33          0              0    ]      [     0     0     0     0    21    ]  0
2017-11-22T07:09:40.875+0800: 186.782: Total time for which application threads were stopped: 0.0214062 seconds, Stopping threads took: 0.0000654 seconds
2017-11-22T07:09:40.945+0800: 186.852: [GC (Allocation Failure) 2017-11-22T07:09:40.945+0800: 186.852: [ParNew: 138753K->4977K(154880K), 0.0118479 secs] 4676041K->4542265K(6289088K), 0.0119346 secs] [Times: user=0.06 sys=0.00, real=0.01 secs]
         vmop                    [threads: total initially_running wait_to_block]    [time: spin block sync cleanup vmop] page_trap_count
186.852: GenCollectForAllocation          [      33          0              0    ]      [     0     0     0     0    12    ]  0
2017-11-22T07:09:40.957+0800: 186.864: Total time for which application threads were stopped: 0.0122099 seconds, Stopping threads took: 0.0000506 seconds
         vmop                    [threads: total initially_running wait_to_block]    [time: spin block sync cleanup vmop] page_trap_count
186.943: RevokeBias                       [      33          2              1    ]      [     0     0     0     0     0    ]  1
2017-11-22T07:09:41.036+0800: 186.943: Total time for which application threads were stopped: 0.0002880 seconds, Stopping threads took: 0.0000815 seconds
2017-11-22T07:09:41.039+0800: 186.945: [GC (Allocation Failure) 2017-11-22T07:09:41.039+0800: 186.946: [ParNew: 142705K->594K(154880K), 0.0183878 secs] 4679993K->4537883K(6289088K), 0.0184738 secs] [Times: user=0.07 sys=0.00, real=0.02 secs]
         vmop                    [threads: total initially_running wait_to_block]    [time: spin block sync cleanup vmop] page_trap_count
186.945: GenCollectForAllocation          [      33          0              0    ]      [     0     0     0     0    18    ]  0
2017-11-22T07:09:41.057+0800: 186.964: Total time for which application threads were stopped: 0.0187721 seconds, Stopping threads took: 0.0000725 seconds
2017-11-22T07:09:41.126+0800: 187.033: [GC (Allocation Failure) 2017-11-22T07:09:41.126+0800: 187.033: [ParNew: 138322K->1990K(154880K), 0.0361718 secs] 4675611K->4539279K(6289088K), 0.0362657 secs] [Times: user=0.11 sys=0.00, real=0.04 secs]
         vmop                    [threads: total initially_running wait_to_block]    [time: spin block sync cleanup vmop] page_trap_count
187.032: GenCollectForAllocation          [      33          0              0    ]      [     0     0     0     0    36    ]  0
2017-11-22T07:09:41.162+0800: 187.069: Total time for which application threads were stopped: 0.0365916 seconds, Stopping threads took: 0.0000514 seconds
2017-11-22T07:09:41.238+0800: 187.145: [GC (Allocation Failure) 2017-11-22T07:09:41.238+0800: 187.145: [ParNew: 139718K->3836K(154880K), 0.0468040 secs] 4677007K->4541125K(6289088K), 0.0468958 secs] [Times: user=0.12 sys=0.00, real=0.05 secs]
         vmop                    [threads: total initially_running wait_to_block]    [time: spin block sync cleanup vmop] page_trap_count
187.145: GenCollectForAllocation          [      33          0              0    ]      [     0     0     0     0    46    ]  0
2017-11-22T07:09:41.285+0800: 187.192: Total time for which application threads were stopped: 0.0471748 seconds, Stopping threads took: 0.0000488 seconds
2017-11-22T07:09:41.392+0800: 187.299: [GC (Allocation Failure) 2017-11-22T07:09:41.393+0800: 187.299: [ParNew: 141564K->4852K(154880K), 0.0222765 secs] 4678853K->4542141K(6289088K), 0.0224021 secs] [Times: user=0.08 sys=0.00, real=0.03 secs]
         vmop                    [threads: total initially_running wait_to_block]    [time: spin block sync cleanup vmop] page_trap_count
187.299: GenCollectForAllocation          [      33          0              0    ]      [     0     0     0     0    22    ]  0
2017-11-22T07:09:41.415+0800: 187.322: Total time for which application threads were stopped: 0.0229174 seconds, Stopping threads took: 0.0000344 seconds
2017-11-22T07:09:41.703+0800: 187.610: [GC (Allocation Failure) 2017-11-22T07:09:41.703+0800: 187.610: [ParNew: 142580K->4981K(154880K), 0.0186573 secs] 4679869K->4542270K(6289088K), 0.0187356 secs] [Times: user=0.05 sys=0.01, real=0.02 secs]
         vmop                    [threads: total initially_running wait_to_block]    [time: spin block sync cleanup vmop] page_trap_count
187.609: GenCollectForAllocation          [      33          0              0    ]      [     0     0     0     0    18    ]  0
2017-11-22T07:09:41.721+0800: 187.628: Total time for which application threads were stopped: 0.0191088 seconds, Stopping threads took: 0.0000554 seconds
2017-11-22T07:09:42.037+0800: 187.944: [GC (Allocation Failure) 2017-11-22T07:09:42.037+0800: 187.944: [ParNew: 142709K->4663K(154880K), 0.0554590 secs] 4679998K->4541952K(6289088K), 0.0555617 secs] [Times: user=0.12 sys=0.00, real=0.05 secs]
         vmop                    [threads: total initially_running wait_to_block]    [time: spin block sync cleanup vmop] page_trap_count
187.944: GenCollectForAllocation          [      33          0              0    ]      [     0     0     0     0    55    ]  0
2017-11-22T07:09:42.093+0800: 188.000: Total time for which application threads were stopped: 0.0558800 seconds, Stopping threads took: 0.0000491 seconds
2017-11-22T07:09:42.426+0800: 188.333: [GC (Allocation Failure) 2017-11-22T07:09:42.426+0800: 188.333: [ParNew: 142391K->5228K(154880K), 0.0187383 secs] 4679680K->4542526K(6289088K), 0.0188299 secs] [Times: user=0.05 sys=0.00, real=0.02 secs]
         vmop                    [threads: total initially_running wait_to_block]    [time: spin block sync cleanup vmop] page_trap_count
188.333: GenCollectForAllocation          [      33          0              0    ]      [     0     0     0     0    18    ]  0
2017-11-22T07:09:42.445+0800: 188.352: Total time for which application threads were stopped: 0.0191277 seconds, Stopping threads took: 0.0000339 seconds
2017-11-22T07:09:42.754+0800: 188.661: [GC (Allocation Failure) 2017-11-22T07:09:42.754+0800: 188.661: [ParNew: 142956K->5231K(154880K), 0.0679540 secs] 4680254K->4542529K(6289088K), 0.0680447 secs] [Times: user=0.10 sys=0.00, real=0.07 secs]
         vmop                    [threads: total initially_running wait_to_block]    [time: spin block sync cleanup vmop] page_trap_count
188.661: GenCollectForAllocation          [      33          0              0    ]      [     0     0     0     0    68    ]  0
2017-11-22T07:09:42.822+0800: 188.729: Total time for which application threads were stopped: 0.0683400 seconds, Stopping threads took: 0.0000554 seconds
2017-11-22T07:09:43.117+0800: 189.024: [GC (Allocation Failure) 2017-11-22T07:09:43.117+0800: 189.024: [ParNew: 142959K->4845K(154880K), 0.0316419 secs] 4680257K->4542143K(6289088K), 0.0317213 secs] [Times: user=0.09 sys=0.00, real=0.03 secs]
         vmop                    [threads: total initially_running wait_to_block]    [time: spin block sync cleanup vmop] page_trap_count
189.024: GenCollectForAllocation          [      33          0              0    ]      [     0     0     0     0    31    ]  0
2017-11-22T07:09:43.149+0800: 189.056: Total time for which application threads were stopped: 0.0320321 seconds, Stopping threads took: 0.0000685 seconds
2017-11-22T07:09:43.415+0800: 189.322: [GC (Allocation Failure) 2017-11-22T07:09:43.415+0800: 189.322: [ParNew: 142573K->4972K(154880K), 0.0228107 secs] 4679871K->4542270K(6289088K), 0.0229094 secs] [Times: user=0.09 sys=0.00, real=0.02 secs]
         vmop                    [threads: total initially_running wait_to_block]    [time: spin block sync cleanup vmop] page_trap_count
189.322: GenCollectForAllocation          [      33          0              0    ]      [     0     0     0     0    23    ]  0
2017-11-22T07:09:43.438+0800: 189.345: Total time for which application threads were stopped: 0.0232156 seconds, Stopping threads took: 0.0000450 seconds
2017-11-22T07:09:43.717+0800: 189.624: [GC (Allocation Failure) 2017-11-22T07:09:43.717+0800: 189.624: [ParNew: 142700K->5229K(154880K), 0.0171555 secs] 4679998K->4542527K(6289088K), 0.0172410 secs] [Times: user=0.06 sys=0.00, real=0.02 secs]
         vmop                    [threads: total initially_running wait_to_block]    [time: spin block sync cleanup vmop] page_trap_count
189.624: GenCollectForAllocation          [      33          0              1    ]      [     0     0     0     0    17    ]  0
2017-11-22T07:09:43.735+0800: 189.642: Total time for which application threads were stopped: 0.0175517 seconds, Stopping threads took: 0.0000676 seconds
2017-11-22T07:09:44.038+0800: 189.945: [GC (Allocation Failure) 2017-11-22T07:09:44.038+0800: 189.945: [ParNew: 142957K->4784K(154880K), 0.0075731 secs] 4680255K->4542082K(6289088K), 0.0076481 secs] [Times: user=0.06 sys=0.00, real=0.01 secs]
         vmop                    [threads: total initially_running wait_to_block]    [time: spin block sync cleanup vmop] page_trap_count
189.945: GenCollectForAllocation          [      33          0              0    ]      [     0     0     0     0     7    ]  0
2017-11-22T07:09:44.046+0800: 189.953: Total time for which application threads were stopped: 0.0079288 seconds, Stopping threads took: 0.0000521 seconds
2017-11-22T07:09:44.519+0800: 190.426: [GC (Allocation Failure) 2017-11-22T07:09:44.519+0800: 190.426: [ParNew: 142512K->3320K(154880K), 0.0120674 secs] 4679810K->4540618K(6289088K), 0.0121825 secs] [Times: user=0.06 sys=0.00, real=0.01 secs]
         vmop                    [threads: total initially_running wait_to_block]    [time: spin block sync cleanup vmop] page_trap_count
190.425: GenCollectForAllocation          [      33          0              0    ]      [     0     0     0     0    12    ]  0
2017-11-22T07:09:44.531+0800: 190.438: Total time for which application threads were stopped: 0.0124610 seconds, Stopping threads took: 0.0000537 seconds
2017-11-22T07:09:44.695+0800: 190.602: [GC (Allocation Failure) 2017-11-22T07:09:44.695+0800: 190.602: [ParNew: 141048K->4846K(154880K), 0.0098838 secs] 4678346K->4542144K(6289088K), 0.0099598 secs] [Times: user=0.07 sys=0.00, real=0.01 secs]
         vmop                    [threads: total initially_running wait_to_block]    [time: spin block sync cleanup vmop] page_trap_count
190.602: GenCollectForAllocation          [      33          0              0    ]      [     0     0     0     0    10    ]  0
2017-11-22T07:09:44.705+0800: 190.612: Total time for which application threads were stopped: 0.0102625 seconds, Stopping threads took: 0.0000631 seconds
2017-11-22T07:09:45.014+0800: 190.921: [GC (Allocation Failure) 2017-11-22T07:09:45.014+0800: 190.921: [ParNew: 142574K->5038K(154880K), 0.0125088 secs] 4679872K->4542336K(6289088K), 0.0126020 secs] [Times: user=0.09 sys=0.00, real=0.01 secs]
         vmop                    [threads: total initially_running wait_to_block]    [time: spin block sync cleanup vmop] page_trap_count
190.921: GenCollectForAllocation          [      33          0              0    ]      [     0     0     0     0    12    ]  0
2017-11-22T07:09:45.026+0800: 190.933: Total time for which application threads were stopped: 0.0128967 seconds, Stopping threads took: 0.0000520 seconds
2017-11-22T07:09:45.564+0800: 191.471: [GC (Allocation Failure) 2017-11-22T07:09:45.564+0800: 191.471: [ParNew: 142766K->2175K(154880K), 0.0160594 secs] 4680064K->4539473K(6289088K), 0.0161567 secs] [Times: user=0.06 sys=0.01, real=0.01 secs]
         vmop                    [threads: total initially_running wait_to_block]    [time: spin block sync cleanup vmop] page_trap_count
191.471: GenCollectForAllocation          [      33          0              0    ]      [     0     0     0     0    16    ]  0
2017-11-22T07:09:45.581+0800: 191.488: Total time for which application threads were stopped: 0.0164738 seconds, Stopping threads took: 0.0000529 seconds
2017-11-22T07:09:45.672+0800: 191.579: [GC (Allocation Failure) 2017-11-22T07:09:45.672+0800: 191.579: [ParNew: 139903K->5101K(154880K), 0.0212004 secs] 4677201K->4542399K(6289088K), 0.0212872 secs] [Times: user=0.08 sys=0.00, real=0.03 secs]
         vmop                    [threads: total initially_running wait_to_block]    [time: spin block sync cleanup vmop] page_trap_count
191.579: GenCollectForAllocation          [      33          0              0    ]      [     0     0     0     0    21    ]  0
2017-11-22T07:09:45.694+0800: 191.600: Total time for which application threads were stopped: 0.0216127 seconds, Stopping threads took: 0.0000663 seconds
2017-11-22T07:09:45.988+0800: 191.895: [GC (Allocation Failure) 2017-11-22T07:09:45.988+0800: 191.895: [ParNew: 142829K->5034K(154880K), 0.0218324 secs] 4680127K->4542332K(6289088K), 0.0219195 secs] [Times: user=0.07 sys=0.00, real=0.02 secs]
         vmop                    [threads: total initially_running wait_to_block]    [time: spin block sync cleanup vmop] page_trap_count
191.894: GenCollectForAllocation          [      33          0              0    ]      [     0     0     0     0    22    ]  0
2017-11-22T07:09:46.010+0800: 191.917: Total time for which application threads were stopped: 0.0222567 seconds, Stopping threads took: 0.0000608 seconds
2017-11-22T07:09:46.271+0800: 192.178: [GC (Allocation Failure) 2017-11-22T07:09:46.271+0800: 192.178: [ParNew: 142762K->5164K(154880K), 0.0424831 secs] 4680060K->4542462K(6289088K), 0.0428157 secs] [Times: user=0.15 sys=0.00, real=0.05 secs]
         vmop                    [threads: total initially_running wait_to_block]    [time: spin block sync cleanup vmop] page_trap_count
192.178: GenCollectForAllocation          [      33          0              0    ]      [     0     0     0     0    42    ]  0
2017-11-22T07:09:46.314+0800: 192.221: Total time for which application threads were stopped: 0.0431270 seconds, Stopping threads took: 0.0000586 seconds
2017-11-22T07:09:46.626+0800: 192.533: [GC (Allocation Failure) 2017-11-22T07:09:46.626+0800: 192.533: [ParNew: 142892K->4911K(154880K), 0.0121107 secs] 4680190K->4542209K(6289088K), 0.0122121 secs] [Times: user=0.08 sys=0.00, real=0.01 secs]
         vmop                    [threads: total initially_running wait_to_block]    [time: spin block sync cleanup vmop] page_trap_count
192.532: GenCollectForAllocation          [      33          0              0    ]      [     0     0     0     0    12    ]  0
2017-11-22T07:09:46.638+0800: 192.545: Total time for which application threads were stopped: 0.0126599 seconds, Stopping threads took: 0.0001785 seconds
2017-11-22T07:09:46.923+0800: 192.830: [GC (Allocation Failure) 2017-11-22T07:09:46.923+0800: 192.830: [ParNew: 142639K->5229K(154880K), 0.0138181 secs] 4679937K->4542527K(6289088K), 0.0139215 secs] [Times: user=0.09 sys=0.00, real=0.01 secs]
         vmop                    [threads: total initially_running wait_to_block]    [time: spin block sync cleanup vmop] page_trap_count
192.830: GenCollectForAllocation          [      33          0              0    ]      [     0     0     0     0    14    ]  0
2017-11-22T07:09:46.937+0800: 192.844: Total time for which application threads were stopped: 0.0142953 seconds, Stopping threads took: 0.0000531 seconds
2017-11-22T07:09:47.263+0800: 193.170: [GC (Allocation Failure) 2017-11-22T07:09:47.263+0800: 193.170: [ParNew: 142957K->5163K(154880K), 0.0358499 secs] 4680255K->4542462K(6289088K), 0.0359640 secs] [Times: user=0.20 sys=0.00, real=0.03 secs]
         vmop                    [threads: total initially_running wait_to_block]    [time: spin block sync cleanup vmop] page_trap_count
193.170: GenCollectForAllocation          [      33          0              0    ]      [     0     0     0     0    36    ]  0
2017-11-22T07:09:47.299+0800: 193.206: Total time for which application threads were stopped: 0.0362715 seconds, Stopping threads took: 0.0000714 seconds
2017-11-22T07:09:47.593+0800: 193.500: [GC (Allocation Failure) 2017-11-22T07:09:47.593+0800: 193.500: [ParNew: 142891K->5231K(154880K), 0.0140017 secs] 4680190K->4542529K(6289088K), 0.0140915 secs] [Times: user=0.06 sys=0.00, real=0.01 secs]
         vmop                    [threads: total initially_running wait_to_block]    [time: spin block sync cleanup vmop] page_trap_count
193.500: GenCollectForAllocation          [      33          0              0    ]      [     0     0     0     0    14    ]  0
2017-11-22T07:09:47.608+0800: 193.515: Total time for which application threads were stopped: 0.0144142 seconds, Stopping threads took: 0.0000715 seconds
2017-11-22T07:09:47.975+0800: 193.882: [GC (Allocation Failure) 2017-11-22T07:09:47.975+0800: 193.882: [ParNew: 142959K->4911K(154880K), 0.0187054 secs] 4680257K->4542209K(6289088K), 0.0187952 secs] [Times: user=0.09 sys=0.00, real=0.02 secs]
         vmop                    [threads: total initially_running wait_to_block]    [time: spin block sync cleanup vmop] page_trap_count
193.882: GenCollectForAllocation          [      33          0              0    ]      [     0     0     0     0    18    ]  0
2017-11-22T07:09:47.994+0800: 193.901: Total time for which application threads were stopped: 0.0191118 seconds, Stopping threads took: 0.0000512 seconds
2017-11-22T07:09:48.294+0800: 194.201: [GC (Allocation Failure) 2017-11-22T07:09:48.294+0800: 194.201: [ParNew: 142639K->5231K(154880K), 0.0142685 secs] 4679937K->4542529K(6289088K), 0.0143513 secs] [Times: user=0.08 sys=0.00, real=0.01 secs]
         vmop                    [threads: total initially_running wait_to_block]    [time: spin block sync cleanup vmop] page_trap_count
194.200: GenCollectForAllocation          [      33          0              0    ]      [     0     0     0     0    14    ]  0
2017-11-22T07:09:48.308+0800: 194.215: Total time for which application threads were stopped: 0.0146485 seconds, Stopping threads took: 0.0000504 seconds
2017-11-22T07:09:48.680+0800: 194.587: [GC (Allocation Failure) 2017-11-22T07:09:48.680+0800: 194.587: [ParNew: 142959K->5165K(154880K), 0.0102191 secs] 4680257K->4542464K(6289088K), 0.0103000 secs] [Times: user=0.08 sys=0.00, real=0.01 secs]
         vmop                    [threads: total initially_running wait_to_block]    [time: spin block sync cleanup vmop] page_trap_count
194.587: GenCollectForAllocation          [      33          0              0    ]      [     0     0     0     0    10    ]  0
2017-11-22T07:09:48.690+0800: 194.597: Total time for which application threads were stopped: 0.0106119 seconds, Stopping threads took: 0.0000743 seconds
2017-11-22T07:09:49.046+0800: 194.953: [GC (Allocation Failure) 2017-11-22T07:09:49.046+0800: 194.953: [ParNew: 142893K->5231K(154880K), 0.0094492 secs] 4680192K->4542529K(6289088K), 0.0095276 secs] [Times: user=0.06 sys=0.00, real=0.01 secs]
         vmop                    [threads: total initially_running wait_to_block]    [time: spin block sync cleanup vmop] page_trap_count
194.952: GenCollectForAllocation          [      33          0              0    ]      [     0     0     0     0     9    ]  0
2017-11-22T07:09:49.055+0800: 194.962: Total time for which application threads were stopped: 0.0098392 seconds, Stopping threads took: 0.0000600 seconds
2017-11-22T07:09:49.434+0800: 195.341: [GC (Allocation Failure) 2017-11-22T07:09:49.434+0800: 195.341: [ParNew: 142959K->5042K(154880K), 0.0123059 secs] 4680257K->4542340K(6289088K), 0.0123973 secs] [Times: user=0.08 sys=0.01, real=0.01 secs]
         vmop                    [threads: total initially_running wait_to_block]    [time: spin block sync cleanup vmop] page_trap_count
195.341: GenCollectForAllocation          [      33          0              0    ]      [     0     0     0     0    12    ]  0
2017-11-22T07:09:49.446+0800: 195.353: Total time for which application threads were stopped: 0.0127002 seconds, Stopping threads took: 0.0000542 seconds
2017-11-22T07:09:49.776+0800: 195.683: [GC (Allocation Failure) 2017-11-22T07:09:49.776+0800: 195.683: [ParNew: 142770K->5233K(154880K), 0.0123308 secs] 4680068K->4542531K(6289088K), 0.0124372 secs] [Times: user=0.07 sys=0.00, real=0.01 secs]
         vmop                    [threads: total initially_running wait_to_block]    [time: spin block sync cleanup vmop] page_trap_count
195.682: GenCollectForAllocation          [      33          0              0    ]      [     0     0     0     0    12    ]  0
2017-11-22T07:09:49.788+0800: 195.695: Total time for which application threads were stopped: 0.0128254 seconds, Stopping threads took: 0.0000729 seconds
2017-11-22T07:09:50.178+0800: 196.085: [GC (Allocation Failure) 2017-11-22T07:09:50.178+0800: 196.085: [ParNew: 142961K->5233K(154880K), 0.0125749 secs] 4680259K->4542531K(6289088K), 0.0126875 secs] [Times: user=0.06 sys=0.00, real=0.01 secs]
         vmop                    [threads: total initially_running wait_to_block]    [time: spin block sync cleanup vmop] page_trap_count
196.084: GenCollectForAllocation          [      33          0              0    ]      [     0     0     0     0    12    ]  0
2017-11-22T07:09:50.190+0800: 196.097: Total time for which application threads were stopped: 0.0131806 seconds, Stopping threads took: 0.0000623 seconds
2017-11-22T07:09:50.638+0800: 196.545: [GC (Allocation Failure) 2017-11-22T07:09:50.638+0800: 196.545: [ParNew: 142961K->5225K(154880K), 0.0193693 secs] 4680259K->4542524K(6289088K), 0.0194748 secs] [Times: user=0.06 sys=0.00, real=0.02 secs]
         vmop                    [threads: total initially_running wait_to_block]    [time: spin block sync cleanup vmop] page_trap_count
196.544: GenCollectForAllocation          [      33          0              0    ]      [     0     0     0     0    19    ]  0
2017-11-22T07:09:50.657+0800: 196.564: Total time for which application threads were stopped: 0.0198267 seconds, Stopping threads took: 0.0000619 seconds
2017-11-22T07:09:51.218+0800: 197.125: [GC (Allocation Failure) 2017-11-22T07:09:51.218+0800: 197.125: [ParNew: 142953K->4021K(154880K), 0.0151340 secs] 4680252K->4541320K(6289088K), 0.0152466 secs] [Times: user=0.09 sys=0.00, real=0.02 secs]
         vmop                    [threads: total initially_running wait_to_block]    [time: spin block sync cleanup vmop] page_trap_count
197.125: GenCollectForAllocation          [      32          0              0    ]      [     0     0     0     0    15    ]  0
2017-11-22T07:09:51.233+0800: 197.140: Total time for which application threads were stopped: 0.0156161 seconds, Stopping threads took: 0.0000727 seconds
2017-11-22T07:09:51.540+0800: 197.447: [GC (Allocation Failure) 2017-11-22T07:09:51.540+0800: 197.447: [ParNew: 141749K->4847K(154880K), 0.0128351 secs] 4679048K->4542146K(6289088K), 0.0129171 secs] [Times: user=0.07 sys=0.00, real=0.02 secs]
         vmop                    [threads: total initially_running wait_to_block]    [time: spin block sync cleanup vmop] page_trap_count
197.447: GenCollectForAllocation          [      32          0              0    ]      [     0     0     0     0    12    ]  0
2017-11-22T07:09:51.553+0800: 197.460: Total time for which application threads were stopped: 0.0131900 seconds, Stopping threads took: 0.0000352 seconds
2017-11-22T07:09:52.204+0800: 198.111: [GC (Allocation Failure) 2017-11-22T07:09:52.204+0800: 198.111: [ParNew: 142575K->4846K(154880K), 0.0105400 secs] 4679874K->4542145K(6289088K), 0.0106299 secs] [Times: user=0.08 sys=0.00, real=0.01 secs]
         vmop                    [threads: total initially_running wait_to_block]    [time: spin block sync cleanup vmop] page_trap_count
198.111: GenCollectForAllocation          [      32          0              0    ]      [     0     0     0     0    10    ]  0
2017-11-22T07:09:52.215+0800: 198.122: Total time for which application threads were stopped: 0.0109468 seconds, Stopping threads took: 0.0000620 seconds
2017-11-22T07:09:52.530+0800: 198.437: [GC (Allocation Failure) 2017-11-22T07:09:52.530+0800: 198.437: [ParNew: 142574K->4817K(154880K), 0.0111829 secs] 4679873K->4542116K(6289088K), 0.0112677 secs] [Times: user=0.08 sys=0.00, real=0.02 secs]
         vmop                    [threads: total initially_running wait_to_block]    [time: spin block sync cleanup vmop] page_trap_count
198.437: GenCollectForAllocation          [      32          0              0    ]      [     0     0     0     0    11    ]  0
2017-11-22T07:09:52.541+0800: 198.448: Total time for which application threads were stopped: 0.0116146 seconds, Stopping threads took: 0.0000538 seconds
2017-11-22T07:09:53.018+0800: 198.925: [GC (Allocation Failure) 2017-11-22T07:09:53.018+0800: 198.925: [ParNew: 142545K->5008K(154880K), 0.0094965 secs] 4679844K->4542307K(6289088K), 0.0097138 secs] [Times: user=0.07 sys=0.00, real=0.01 secs]
         vmop                    [threads: total initially_running wait_to_block]    [time: spin block sync cleanup vmop] page_trap_count
198.925: GenCollectForAllocation          [      32          0              0    ]      [     0     0     0     0     9    ]  0
2017-11-22T07:09:53.028+0800: 198.935: Total time for which application threads were stopped: 0.0102939 seconds, Stopping threads took: 0.0000606 seconds
         vmop                    [threads: total initially_running wait_to_block]    [time: spin block sync cleanup vmop] page_trap_count
198.937: RevokeBias                       [      31          1              2    ]      [     0     0     0     0     0    ]  1
2017-11-22T07:09:53.030+0800: 198.937: Total time for which application threads were stopped: 0.0003400 seconds, Stopping threads took: 0.0001745 seconds
         vmop                    [threads: total initially_running wait_to_block]    [time: spin block sync cleanup vmop] page_trap_count
198.938: RevokeBias                       [      32          1              2    ]      [     0     0     0     0     0    ]  1
2017-11-22T07:09:53.031+0800: 198.938: Total time for which application threads were stopped: 0.0002193 seconds, Stopping threads took: 0.0001175 seconds
         vmop                    [threads: total initially_running wait_to_block]    [time: spin block sync cleanup vmop] page_trap_count
198.939: RevokeBias                       [      32          1              1    ]      [     0     0     0     0     0    ]  1
2017-11-22T07:09:53.032+0800: 198.939: Total time for which application threads were stopped: 0.0001972 seconds, Stopping threads took: 0.0000962 seconds
         vmop                    [threads: total initially_running wait_to_block]    [time: spin block sync cleanup vmop] page_trap_count
198.939: RevokeBias                       [      32          1              1    ]      [     0     0     0     0     0    ]  1
2017-11-22T07:09:53.032+0800: 198.939: Total time for which application threads were stopped: 0.0001681 seconds, Stopping threads took: 0.0000778 seconds
         vmop                    [threads: total initially_running wait_to_block]    [time: spin block sync cleanup vmop] page_trap_count
198.943: RevokeBias                       [      33          1              2    ]      [     0     0     0     0     0    ]  1
2017-11-22T07:09:53.036+0800: 198.943: Total time for which application threads were stopped: 0.0002594 seconds, Stopping threads took: 0.0001309 seconds
2017-11-22T07:09:53.436+0800: 199.343: [GC (Allocation Failure) 2017-11-22T07:09:53.436+0800: 199.343: [ParNew: 142736K->5196K(154880K), 0.0084867 secs] 4680035K->4542495K(6289088K), 0.0085707 secs] [Times: user=0.06 sys=0.00, real=0.01 secs]
         vmop                    [threads: total initially_running wait_to_block]    [time: spin block sync cleanup vmop] page_trap_count
199.343: GenCollectForAllocation          [      33          0              0    ]      [     0     0     0     0     8    ]  0
2017-11-22T07:09:53.445+0800: 199.352: Total time for which application threads were stopped: 0.0088974 seconds, Stopping threads took: 0.0000546 seconds
2017-11-22T07:09:53.973+0800: 199.880: [GC (Allocation Failure) 2017-11-22T07:09:53.973+0800: 199.880: [ParNew: 142924K->5133K(154880K), 0.0259257 secs] 4680223K->4542432K(6289088K), 0.0260346 secs] [Times: user=0.11 sys=0.00, real=0.02 secs]
         vmop                    [threads: total initially_running wait_to_block]    [time: spin block sync cleanup vmop] page_trap_count
199.880: GenCollectForAllocation          [      33          0              0    ]      [     0     0     0     0    26    ]  0
2017-11-22T07:09:53.999+0800: 199.906: Total time for which application threads were stopped: 0.0263758 seconds, Stopping threads took: 0.0000584 seconds
2017-11-22T07:09:54.527+0800: 200.434: [GC (Allocation Failure) 2017-11-22T07:09:54.527+0800: 200.434: [ParNew: 142861K->5198K(154880K), 0.0092205 secs] 4680160K->4542497K(6289088K), 0.0093143 secs] [Times: user=0.06 sys=0.00, real=0.01 secs]
         vmop                    [threads: total initially_running wait_to_block]    [time: spin block sync cleanup vmop] page_trap_count
200.434: GenCollectForAllocation          [      33          0              0    ]      [     0     0     0     0     9    ]  0
2017-11-22T07:09:54.537+0800: 200.444: Total time for which application threads were stopped: 0.0096073 seconds, Stopping threads took: 0.0000574 seconds
2017-11-22T07:09:55.110+0800: 201.017: [GC (Allocation Failure) 2017-11-22T07:09:55.110+0800: 201.017: [ParNew: 142926K->5071K(154880K), 0.0092470 secs] 4680225K->4542370K(6289088K), 0.0093266 secs] [Times: user=0.06 sys=0.00, real=0.01 secs]
         vmop                    [threads: total initially_running wait_to_block]    [time: spin block sync cleanup vmop] page_trap_count
201.016: GenCollectForAllocation          [      33          0              0    ]      [     0     0     0     0     9    ]  0
2017-11-22T07:09:55.119+0800: 201.026: Total time for which application threads were stopped: 0.0096694 seconds, Stopping threads took: 0.0000743 seconds
2017-11-22T07:09:55.676+0800: 201.583: [GC (Allocation Failure) 2017-11-22T07:09:55.676+0800: 201.583: [ParNew: 142799K->5326K(154880K), 0.0136031 secs] 4680098K->4542625K(6289088K), 0.0136801 secs] [Times: user=0.07 sys=0.00, real=0.01 secs]
         vmop                    [threads: total initially_running wait_to_block]    [time: spin block sync cleanup vmop] page_trap_count
201.582: GenCollectForAllocation          [      33          0              0    ]      [     0     0     0     0    13    ]  0
2017-11-22T07:09:55.689+0800: 201.596: Total time for which application threads were stopped: 0.0139913 seconds, Stopping threads took: 0.0000492 seconds
2017-11-22T07:09:56.259+0800: 202.166: [GC (Allocation Failure) 2017-11-22T07:09:56.259+0800: 202.166: [ParNew: 143054K->5199K(154880K), 0.0116634 secs] 4680353K->4542498K(6289088K), 0.0117659 secs] [Times: user=0.06 sys=0.00, real=0.01 secs]
         vmop                    [threads: total initially_running wait_to_block]    [time: spin block sync cleanup vmop] page_trap_count
202.166: GenCollectForAllocation          [      33          0              0    ]      [     0     0     0     0    11    ]  0
2017-11-22T07:09:56.271+0800: 202.178: Total time for which application threads were stopped: 0.0120877 seconds, Stopping threads took: 0.0000584 seconds
2017-11-22T07:09:56.886+0800: 202.793: [GC (Allocation Failure) 2017-11-22T07:09:56.886+0800: 202.793: [ParNew: 142921K->4976K(154880K), 0.0086589 secs] 4680221K->4542307K(6289088K), 0.0088692 secs] [Times: user=0.06 sys=0.00, real=0.01 secs]
         vmop                    [threads: total initially_running wait_to_block]    [time: spin block sync cleanup vmop] page_trap_count
202.792: GenCollectForAllocation          [      33          0              0    ]      [     0     0     0     0     8    ]  0
2017-11-22T07:09:56.895+0800: 202.802: Total time for which application threads were stopped: 0.0093742 seconds, Stopping threads took: 0.0000616 seconds
2017-11-22T07:09:57.460+0800: 203.367: [GC (Allocation Failure) 2017-11-22T07:09:57.460+0800: 203.367: [ParNew: 142704K->5231K(154880K), 0.0124164 secs] 4680035K->4542562K(6289088K), 0.0125048 secs] [Times: user=0.07 sys=0.00, real=0.02 secs]
         vmop                    [threads: total initially_running wait_to_block]    [time: spin block sync cleanup vmop] page_trap_count
203.367: GenCollectForAllocation          [      33          0              0    ]      [     0     0     0     0    12    ]  0
2017-11-22T07:09:57.473+0800: 203.380: Total time for which application threads were stopped: 0.0128445 seconds, Stopping threads took: 0.0000502 seconds
2017-11-22T07:09:58.130+0800: 204.037: [GC (Allocation Failure) 2017-11-22T07:09:58.130+0800: 204.037: [ParNew: 142959K->5101K(154880K), 0.0077128 secs] 4680290K->4542432K(6289088K), 0.0078012 secs] [Times: user=0.06 sys=0.00, real=0.01 secs]
         vmop                    [threads: total initially_running wait_to_block]    [time: spin block sync cleanup vmop] page_trap_count
204.037: GenCollectForAllocation          [      33          0              0    ]      [     0     0     0     0     7    ]  0
2017-11-22T07:09:58.138+0800: 204.045: Total time for which application threads were stopped: 0.0080930 seconds, Stopping threads took: 0.0000486 seconds
2017-11-22T07:09:58.810+0800: 204.717: [GC (Allocation Failure) 2017-11-22T07:09:58.810+0800: 204.717: [ParNew: 142829K->5101K(154880K), 0.0077899 secs] 4680160K->4542432K(6289088K), 0.0078623 secs] [Times: user=0.05 sys=0.00, real=0.01 secs]
         vmop                    [threads: total initially_running wait_to_block]    [time: spin block sync cleanup vmop] page_trap_count
204.717: GenCollectForAllocation          [      33          0              0    ]      [     0     0     0     0     7    ]  0
2017-11-22T07:09:58.818+0800: 204.725: Total time for which application threads were stopped: 0.0081481 seconds, Stopping threads took: 0.0000519 seconds
2017-11-22T07:09:59.509+0800: 205.416: [GC (Allocation Failure) 2017-11-22T07:09:59.509+0800: 205.416: [ParNew: 142829K->5233K(154880K), 0.0098147 secs] 4680160K->4542564K(6289088K), 0.0099039 secs] [Times: user=0.07 sys=0.00, real=0.01 secs]
         vmop                    [threads: total initially_running wait_to_block]    [time: spin block sync cleanup vmop] page_trap_count
205.416: GenCollectForAllocation          [      33          0              0    ]      [     0     0     0     0     9    ]  0
2017-11-22T07:09:59.519+0800: 205.426: Total time for which application threads were stopped: 0.0102014 seconds, Stopping threads took: 0.0000493 seconds
2017-11-22T07:10:00.239+0800: 206.146: [GC (Allocation Failure) 2017-11-22T07:10:00.240+0800: 206.147: [ParNew: 142961K->5106K(154880K), 0.0069702 secs] 4680292K->4542437K(6289088K), 0.0070481 secs] [Times: user=0.06 sys=0.00, real=0.01 secs]
         vmop                    [threads: total initially_running wait_to_block]    [time: spin block sync cleanup vmop] page_trap_count
206.146: GenCollectForAllocation          [      33          0              0    ]      [     0     0     0     0     7    ]  0
2017-11-22T07:10:00.247+0800: 206.154: Total time for which application threads were stopped: 0.0073808 seconds, Stopping threads took: 0.0001009 seconds
2017-11-22T07:10:00.955+0800: 206.862: [GC (Allocation Failure) 2017-11-22T07:10:00.955+0800: 206.862: [ParNew: 142834K->5169K(154880K), 0.0089516 secs] 4680165K->4542500K(6289088K), 0.0090396 secs] [Times: user=0.06 sys=0.00, real=0.01 secs]
         vmop                    [threads: total initially_running wait_to_block]    [time: spin block sync cleanup vmop] page_trap_count
206.862: GenCollectForAllocation          [      33          0              0    ]      [     0     0     0     0     9    ]  0
2017-11-22T07:10:00.964+0800: 206.871: Total time for which application threads were stopped: 0.0093486 seconds, Stopping threads took: 0.0000586 seconds
2017-11-22T07:10:01.666+0800: 207.573: [GC (Allocation Failure) 2017-11-22T07:10:01.666+0800: 207.573: [ParNew: 142897K->5228K(154880K), 0.0072551 secs] 4680228K->4542560K(6289088K), 0.0073526 secs] [Times: user=0.06 sys=0.00, real=0.01 secs]
         vmop                    [threads: total initially_running wait_to_block]    [time: spin block sync cleanup vmop] page_trap_count
207.573: GenCollectForAllocation          [      33          0              0    ]      [     0     0     0     0     7    ]  0
2017-11-22T07:10:01.674+0800: 207.581: Total time for which application threads were stopped: 0.0076849 seconds, Stopping threads took: 0.0000759 seconds
2017-11-22T07:10:02.390+0800: 208.297: [GC (Allocation Failure) 2017-11-22T07:10:02.390+0800: 208.297: [ParNew: 142956K->5044K(154880K), 0.0090010 secs] 4680288K->4542375K(6289088K), 0.0090895 secs] [Times: user=0.07 sys=0.00, real=0.01 secs]
         vmop                    [threads: total initially_running wait_to_block]    [time: spin block sync cleanup vmop] page_trap_count
208.297: GenCollectForAllocation          [      33          0              0    ]      [     0     0     0     0     9    ]  0
2017-11-22T07:10:02.399+0800: 208.306: Total time for which application threads were stopped: 0.0093933 seconds, Stopping threads took: 0.0000561 seconds
2017-11-22T07:10:03.067+0800: 208.974: [GC (Allocation Failure) 2017-11-22T07:10:03.067+0800: 208.974: [ParNew: 142772K->5106K(154880K), 0.0100061 secs] 4680103K->4542437K(6289088K), 0.0100822 secs] [Times: user=0.06 sys=0.00, real=0.01 secs]
         vmop                    [threads: total initially_running wait_to_block]    [time: spin block sync cleanup vmop] page_trap_count
208.973: GenCollectForAllocation          [      32          0              0    ]      [     0     0     0     0    10    ]  0
2017-11-22T07:10:03.077+0800: 208.984: Total time for which application threads were stopped: 0.0104048 seconds, Stopping threads took: 0.0000589 seconds
2017-11-22T07:10:03.731+0800: 209.638: [GC (Allocation Failure) 2017-11-22T07:10:03.731+0800: 209.638: [ParNew: 142834K->5103K(154880K), 0.0100462 secs] 4680165K->4542435K(6289088K), 0.0101193 secs] [Times: user=0.06 sys=0.00, real=0.02 secs]
         vmop                    [threads: total initially_running wait_to_block]    [time: spin block sync cleanup vmop] page_trap_count
209.638: GenCollectForAllocation          [      32          0              0    ]      [     0     0     0     0    10    ]  0
2017-11-22T07:10:03.742+0800: 209.649: Total time for which application threads were stopped: 0.0104152 seconds, Stopping threads took: 0.0000571 seconds
2017-11-22T07:10:04.420+0800: 210.327: [GC (Allocation Failure) 2017-11-22T07:10:04.420+0800: 210.327: [ParNew: 142831K->5228K(154880K), 0.0110232 secs] 4680163K->4542560K(6289088K), 0.0111379 secs] [Times: user=0.06 sys=0.00, real=0.01 secs]
         vmop                    [threads: total initially_running wait_to_block]    [time: spin block sync cleanup vmop] page_trap_count
210.327: GenCollectForAllocation          [      32          1              0    ]      [     0     0     0     0    11    ]  0
2017-11-22T07:10:04.431+0800: 210.338: Total time for which application threads were stopped: 0.0114835 seconds, Stopping threads took: 0.0000608 seconds
         vmop                    [threads: total initially_running wait_to_block]    [time: spin block sync cleanup vmop] page_trap_count
210.604: RevokeBias                       [      33          0              0    ]      [     0     0     0     0     0    ]  0
2017-11-22T07:10:04.697+0800: 210.604: Total time for which application threads were stopped: 0.0002495 seconds, Stopping threads took: 0.0000521 seconds
         vmop                    [threads: total initially_running wait_to_block]    [time: spin block sync cleanup vmop] page_trap_count
210.604: RevokeBias                       [      33          1              1    ]      [     0     0     0     0     0    ]  0
2017-11-22T07:10:04.697+0800: 210.604: Total time for which application threads were stopped: 0.0001773 seconds, Stopping threads took: 0.0000784 seconds
         vmop                    [threads: total initially_running wait_to_block]    [time: spin block sync cleanup vmop] page_trap_count
210.604: RevokeBias                       [      33          1              1    ]      [     0     0     0     0     0    ]  0
2017-11-22T07:10:04.698+0800: 210.605: Total time for which application threads were stopped: 0.0002021 seconds, Stopping threads took: 0.0001109 seconds
         vmop                    [threads: total initially_running wait_to_block]    [time: spin block sync cleanup vmop] page_trap_count
210.605: RevokeBias                       [      33          0              0    ]      [     0     0     0     0     0    ]  0
2017-11-22T07:10:04.698+0800: 210.605: Total time for which application threads were stopped: 0.0001197 seconds, Stopping threads took: 0.0000310 seconds
         vmop                    [threads: total initially_running wait_to_block]    [time: spin block sync cleanup vmop] page_trap_count
210.605: RevokeBias                       [      33          0              0    ]      [     0     0     0     0     0    ]  0
2017-11-22T07:10:04.698+0800: 210.605: Total time for which application threads were stopped: 0.0000930 seconds, Stopping threads took: 0.0000218 seconds
         vmop                    [threads: total initially_running wait_to_block]    [time: spin block sync cleanup vmop] page_trap_count
210.605: RevokeBias                       [      33          0              0    ]      [     0     0     0     0     0    ]  0
2017-11-22T07:10:04.698+0800: 210.605: Total time for which application threads were stopped: 0.0001254 seconds, Stopping threads took: 0.0000280 seconds
2017-11-22T07:10:05.054+0800: 210.961: [GC (Allocation Failure) 2017-11-22T07:10:05.054+0800: 210.961: [ParNew: 142956K->5135K(154880K), 0.0103283 secs] 4680288K->4542467K(6289088K), 0.0104779 secs] [Times: user=0.07 sys=0.00, real=0.01 secs]
         vmop                    [threads: total initially_running wait_to_block]    [time: spin block sync cleanup vmop] page_trap_count
210.960: GenCollectForAllocation          [      33          0              0    ]      [     0     0     0     0    10    ]  0
2017-11-22T07:10:05.064+0800: 210.971: Total time for which application threads were stopped: 0.0108403 seconds, Stopping threads took: 0.0000754 seconds
2017-11-22T07:10:05.675+0800: 211.582: [GC (Allocation Failure) 2017-11-22T07:10:05.675+0800: 211.582: [ParNew: 142863K->5258K(154880K), 0.0118793 secs] 4680195K->4542589K(6289088K), 0.0119573 secs] [Times: user=0.06 sys=0.00, real=0.01 secs]
         vmop                    [threads: total initially_running wait_to_block]    [time: spin block sync cleanup vmop] page_trap_count
211.582: GenCollectForAllocation          [      33          0              0    ]      [     0     0     0     0    12    ]  0
2017-11-22T07:10:05.687+0800: 211.594: Total time for which application threads were stopped: 0.0122639 seconds, Stopping threads took: 0.0000550 seconds
2017-11-22T07:10:06.302+0800: 212.209: [GC (Allocation Failure) 2017-11-22T07:10:06.303+0800: 212.209: [ParNew: 142986K->5323K(154880K), 0.0133187 secs] 4680317K->4542655K(6289088K), 0.0133999 secs] [Times: user=0.09 sys=0.00, real=0.01 secs]
         vmop                    [threads: total initially_running wait_to_block]    [time: spin block sync cleanup vmop] page_trap_count
212.209: GenCollectForAllocation          [      33          0              0    ]      [     0     0     0     0    13    ]  0
2017-11-22T07:10:06.316+0800: 212.223: Total time for which application threads were stopped: 0.0137623 seconds, Stopping threads took: 0.0001139 seconds
2017-11-22T07:10:06.962+0800: 212.869: [GC (Allocation Failure) 2017-11-22T07:10:06.962+0800: 212.869: [ParNew: 143051K->5200K(154880K), 0.0085834 secs] 4680383K->4542532K(6289088K), 0.0086660 secs] [Times: user=0.07 sys=0.00, real=0.00 secs]
         vmop                    [threads: total initially_running wait_to_block]    [time: spin block sync cleanup vmop] page_trap_count
212.868: GenCollectForAllocation          [      33          0              0    ]      [     0     0     0     0     8    ]  0
2017-11-22T07:10:06.970+0800: 212.877: Total time for which application threads were stopped: 0.0089935 seconds, Stopping threads took: 0.0000542 seconds
2017-11-22T07:10:07.559+0800: 213.466: [GC (Allocation Failure) 2017-11-22T07:10:07.560+0800: 213.466: [ParNew: 142928K->5258K(154880K), 0.0335150 secs] 4680260K->4542591K(6289088K), 0.0336073 secs] [Times: user=0.14 sys=0.00, real=0.04 secs]
         vmop                    [threads: total initially_running wait_to_block]    [time: spin block sync cleanup vmop] page_trap_count
213.466: GenCollectForAllocation          [      33          0              0    ]      [     0     0     0     0    33    ]  0
2017-11-22T07:10:07.593+0800: 213.500: Total time for which application threads were stopped: 0.0339394 seconds, Stopping threads took: 0.0000638 seconds
2017-11-22T07:10:08.182+0800: 214.089: [GC (Allocation Failure) 2017-11-22T07:10:08.182+0800: 214.089: [ParNew: 142986K->5068K(154880K), 0.0113534 secs] 4680319K->4542401K(6289088K), 0.0114342 secs] [Times: user=0.07 sys=0.00, real=0.01 secs]
         vmop                    [threads: total initially_running wait_to_block]    [time: spin block sync cleanup vmop] page_trap_count
214.088: GenCollectForAllocation          [      33          0              0    ]      [     0     0     0     0    11    ]  0
2017-11-22T07:10:08.193+0800: 214.100: Total time for which application threads were stopped: 0.0117214 seconds, Stopping threads took: 0.0000341 seconds
2017-11-22T07:10:08.761+0800: 214.668: [GC (Allocation Failure) 2017-11-22T07:10:08.761+0800: 214.668: [ParNew: 142796K->5042K(154880K), 0.0090276 secs] 4680129K->4542467K(6289088K), 0.0091062 secs] [Times: user=0.06 sys=0.00, real=0.00 secs]
         vmop                    [threads: total initially_running wait_to_block]    [time: spin block sync cleanup vmop] page_trap_count
214.668: GenCollectForAllocation          [      33          0              0    ]      [     0     0     0     0     9    ]  0
2017-11-22T07:10:08.771+0800: 214.678: Total time for which application threads were stopped: 0.0094129 seconds, Stopping threads took: 0.0000559 seconds
2017-11-22T07:10:09.336+0800: 215.243: [GC (Allocation Failure) 2017-11-22T07:10:09.336+0800: 215.243: [ParNew: 142770K->5233K(154880K), 0.0103194 secs] 4680195K->4542658K(6289088K), 0.0104255 secs] [Times: user=0.07 sys=0.01, real=0.01 secs]
         vmop                    [threads: total initially_running wait_to_block]    [time: spin block sync cleanup vmop] page_trap_count
215.243: GenCollectForAllocation          [      33          0              0    ]      [     0     0     0     0    10    ]  0
2017-11-22T07:10:09.347+0800: 215.253: Total time for which application threads were stopped: 0.0107480 seconds, Stopping threads took: 0.0000528 seconds
2017-11-22T07:10:09.910+0800: 215.817: [GC (Allocation Failure) 2017-11-22T07:10:09.910+0800: 215.817: [ParNew: 142961K->5235K(154880K), 0.0083423 secs] 4680386K->4542660K(6289088K), 0.0084475 secs] [Times: user=0.06 sys=0.00, real=0.01 secs]
         vmop                    [threads: total initially_running wait_to_block]    [time: spin block sync cleanup vmop] page_trap_count
215.816: GenCollectForAllocation          [      33          0              0    ]      [     0     0     0     0     8    ]  0
2017-11-22T07:10:09.918+0800: 215.825: Total time for which application threads were stopped: 0.0087821 seconds, Stopping threads took: 0.0000667 seconds
2017-11-22T07:10:10.521+0800: 216.428: [GC (Allocation Failure) 2017-11-22T07:10:10.521+0800: 216.428: [ParNew: 142963K->5231K(154880K), 0.0096137 secs] 4680388K->4542656K(6289088K), 0.0097371 secs] [Times: user=0.06 sys=0.00, real=0.01 secs]
         vmop                    [threads: total initially_running wait_to_block]    [time: spin block sync cleanup vmop] page_trap_count
216.427: GenCollectForAllocation          [      33          0              0    ]      [     0     0     0     0     9    ]  0
2017-11-22T07:10:10.531+0800: 216.437: Total time for which application threads were stopped: 0.0100544 seconds, Stopping threads took: 0.0000547 seconds
2017-11-22T07:10:11.095+0800: 217.002: [GC (Allocation Failure) 2017-11-22T07:10:11.095+0800: 217.002: [ParNew: 142959K->5106K(154880K), 0.0100822 secs] 4680384K->4542531K(6289088K), 0.0101659 secs] [Times: user=0.07 sys=0.00, real=0.01 secs]
         vmop                    [threads: total initially_running wait_to_block]    [time: spin block sync cleanup vmop] page_trap_count
217.002: GenCollectForAllocation          [      33          0              0    ]      [     0     0     0     0    10    ]  0
2017-11-22T07:10:11.105+0800: 217.012: Total time for which application threads were stopped: 0.0104689 seconds, Stopping threads took: 0.0000455 seconds
2017-11-22T07:10:11.673+0800: 217.580: [GC (Allocation Failure) 2017-11-22T07:10:11.673+0800: 217.580: [ParNew: 142834K->5296K(154880K), 0.0068050 secs] 4680259K->4542722K(6289088K), 0.0068836 secs] [Times: user=0.05 sys=0.00, real=0.00 secs]
         vmop                    [threads: total initially_running wait_to_block]    [time: spin block sync cleanup vmop] page_trap_count
217.580: GenCollectForAllocation          [      33          0              0    ]      [     0     0     0     0     6    ]  0
2017-11-22T07:10:11.680+0800: 217.587: Total time for which application threads were stopped: 0.0071938 seconds, Stopping threads took: 0.0000546 seconds
2017-11-22T07:10:12.281+0800: 218.188: [GC (Allocation Failure) 2017-11-22T07:10:12.281+0800: 218.188: [ParNew: 143024K->5165K(154880K), 0.0099866 secs] 4680450K->4542591K(6289088K), 0.0100642 secs] [Times: user=0.05 sys=0.01, real=0.01 secs]
         vmop                    [threads: total initially_running wait_to_block]    [time: spin block sync cleanup vmop] page_trap_count
218.187: GenCollectForAllocation          [      33          0              0    ]      [     0     0     0     0    10    ]  0
2017-11-22T07:10:12.291+0800: 218.198: Total time for which application threads were stopped: 0.0104368 seconds, Stopping threads took: 0.0000958 seconds
2017-11-22T07:10:12.855+0800: 218.762: [GC (Allocation Failure) 2017-11-22T07:10:12.855+0800: 218.762: [ParNew: 142893K->5101K(154880K), 0.0137262 secs] 4680319K->4542528K(6289088K), 0.0138114 secs] [Times: user=0.09 sys=0.00, real=0.01 secs]
         vmop                    [threads: total initially_running wait_to_block]    [time: spin block sync cleanup vmop] page_trap_count
218.762: GenCollectForAllocation          [      33          0              0    ]      [     0     0     0     0    13    ]  0
2017-11-22T07:10:12.869+0800: 218.776: Total time for which application threads were stopped: 0.0142406 seconds, Stopping threads took: 0.0000567 seconds
2017-11-22T07:10:13.471+0800: 219.378: [GC (Allocation Failure) 2017-11-22T07:10:13.471+0800: 219.378: [ParNew: 142829K->4944K(154880K), 0.0129426 secs] 4680256K->4542370K(6289088K), 0.0130391 secs] [Times: user=0.07 sys=0.00, real=0.02 secs]
         vmop                    [threads: total initially_running wait_to_block]    [time: spin block sync cleanup vmop] page_trap_count
219.378: GenCollectForAllocation          [      33          0              0    ]      [     0     0     0     0    13    ]  0
2017-11-22T07:10:13.484+0800: 219.391: Total time for which application threads were stopped: 0.0133759 seconds, Stopping threads took: 0.0000534 seconds
2017-11-22T07:10:14.056+0800: 219.962: [GC (Allocation Failure) 2017-11-22T07:10:14.056+0800: 219.963: [ParNew: 142672K->4913K(154880K), 0.0076359 secs] 4680098K->4542340K(6289088K), 0.0077170 secs] [Times: user=0.06 sys=0.00, real=0.01 secs]
         vmop                    [threads: total initially_running wait_to_block]    [time: spin block sync cleanup vmop] page_trap_count
219.962: GenCollectForAllocation          [      32          0              2    ]      [     0     0     0     0     7    ]  0
2017-11-22T07:10:14.063+0800: 219.970: Total time for which application threads were stopped: 0.0081195 seconds, Stopping threads took: 0.0001586 seconds
         vmop                    [threads: total initially_running wait_to_block]    [time: spin block sync cleanup vmop] page_trap_count
219.975: RevokeBias                       [      33          1              1    ]      [     0     0     0     0     0    ]  1
2017-11-22T07:10:14.068+0800: 219.975: Total time for which application threads were stopped: 0.0002798 seconds, Stopping threads took: 0.0000746 seconds
2017-11-22T07:10:14.502+0800: 220.409: [GC (Allocation Failure) 2017-11-22T07:10:14.502+0800: 220.409: [ParNew: 142641K->5171K(154880K), 0.0105319 secs] 4680068K->4542598K(6289088K), 0.0106199 secs] [Times: user=0.06 sys=0.00, real=0.00 secs]
         vmop                    [threads: total initially_running wait_to_block]    [time: spin block sync cleanup vmop] page_trap_count
220.409: GenCollectForAllocation          [      33          0              0    ]      [     0     0     0     0    10    ]  0
2017-11-22T07:10:14.513+0800: 220.420: Total time for which application threads were stopped: 0.0109658 seconds, Stopping threads took: 0.0000530 seconds
2017-11-22T07:10:14.983+0800: 220.890: [GC (Allocation Failure) 2017-11-22T07:10:14.984+0800: 220.890: [ParNew: 142899K->5301K(154880K), 0.0067510 secs] 4680326K->4542727K(6289088K), 0.0068276 secs] [Times: user=0.06 sys=0.00, real=0.00 secs]
         vmop                    [threads: total initially_running wait_to_block]    [time: spin block sync cleanup vmop] page_trap_count
220.890: GenCollectForAllocation          [      33          0              0    ]      [     0     0     0     0     6    ]  0
2017-11-22T07:10:14.990+0800: 220.897: Total time for which application threads were stopped: 0.0071257 seconds, Stopping threads took: 0.0000522 seconds
2017-11-22T07:10:15.503+0800: 221.410: [GC (Allocation Failure) 2017-11-22T07:10:15.503+0800: 221.410: [ParNew: 143029K->4987K(154880K), 0.0070290 secs] 4680455K->4542414K(6289088K), 0.0071108 secs] [Times: user=0.05 sys=0.00, real=0.00 secs]
         vmop                    [threads: total initially_running wait_to_block]    [time: spin block sync cleanup vmop] page_trap_count
221.409: GenCollectForAllocation          [      33          0              0    ]      [     0     0     0     0     7    ]  0
2017-11-22T07:10:15.510+0800: 221.417: Total time for which application threads were stopped: 0.0074030 seconds, Stopping threads took: 0.0000528 seconds
2017-11-22T07:10:15.982+0800: 221.889: [GC (Allocation Failure) 2017-11-22T07:10:15.982+0800: 221.889: [ParNew: 142715K->5112K(154880K), 0.0147271 secs] 4680142K->4542539K(6289088K), 0.0148440 secs] [Times: user=0.06 sys=0.00, real=0.01 secs]
         vmop                    [threads: total initially_running wait_to_block]    [time: spin block sync cleanup vmop] page_trap_count
221.889: GenCollectForAllocation          [      33          0              0    ]      [     0     0     0     0    14    ]  0
2017-11-22T07:10:15.997+0800: 221.904: Total time for which application threads were stopped: 0.0151653 seconds, Stopping threads took: 0.0000558 seconds
2017-11-22T07:10:16.463+0800: 222.370: [GC (Allocation Failure) 2017-11-22T07:10:16.463+0800: 222.370: [ParNew: 142840K->5241K(154880K), 0.0103199 secs] 4680267K->4542668K(6289088K), 0.0104073 secs] [Times: user=0.06 sys=0.00, real=0.01 secs]
         vmop                    [threads: total initially_running wait_to_block]    [time: spin block sync cleanup vmop] page_trap_count
222.369: GenCollectForAllocation          [      33          0              0    ]      [     0     0     0     0    10    ]  0
2017-11-22T07:10:16.473+0800: 222.380: Total time for which application threads were stopped: 0.0107223 seconds, Stopping threads took: 0.0000667 seconds
2017-11-22T07:10:16.975+0800: 222.882: [GC (Allocation Failure) 2017-11-22T07:10:16.975+0800: 222.882: [ParNew: 142969K->5241K(154880K), 0.0102556 secs] 4680396K->4542668K(6289088K), 0.0103422 secs] [Times: user=0.08 sys=0.00, real=0.01 secs]
         vmop                    [threads: total initially_running wait_to_block]    [time: spin block sync cleanup vmop] page_trap_count
222.882: GenCollectForAllocation          [      33          0              0    ]      [     0     0     0     0    10    ]  0
2017-11-22T07:10:16.986+0800: 222.893: Total time for which application threads were stopped: 0.0106806 seconds, Stopping threads took: 0.0000641 seconds
2017-11-22T07:10:17.456+0800: 223.363: [GC (Allocation Failure) 2017-11-22T07:10:17.456+0800: 223.363: [ParNew: 142969K->5040K(154880K), 0.0075313 secs] 4680396K->4542476K(6289088K), 0.0076225 secs] [Times: user=0.05 sys=0.00, real=0.01 secs]
         vmop                    [threads: total initially_running wait_to_block]    [time: spin block sync cleanup vmop] page_trap_count
223.362: GenCollectForAllocation          [      33          0              0    ]      [     0     0     0     0     7    ]  0
2017-11-22T07:10:17.463+0800: 223.370: Total time for which application threads were stopped: 0.0079359 seconds, Stopping threads took: 0.0000535 seconds
2017-11-22T07:10:17.891+0800: 223.798: [GC (Allocation Failure) 2017-11-22T07:10:17.891+0800: 223.798: [ParNew: 142768K->5296K(154880K), 0.0103849 secs] 4680204K->4542732K(6289088K), 0.0104721 secs] [Times: user=0.07 sys=0.00, real=0.02 secs]
         vmop                    [threads: total initially_running wait_to_block]    [time: spin block sync cleanup vmop] page_trap_count
223.797: GenCollectForAllocation          [      33          0              0    ]      [     0     0     0     0    10    ]  0
2017-11-22T07:10:17.901+0800: 223.808: Total time for which application threads were stopped: 0.0108018 seconds, Stopping threads took: 0.0000456 seconds
2017-11-22T07:10:18.353+0800: 224.260: [GC (Allocation Failure) 2017-11-22T07:10:18.353+0800: 224.260: [ParNew: 143024K->5231K(154880K), 0.0086520 secs] 4680460K->4542667K(6289088K), 0.0087386 secs] [Times: user=0.06 sys=0.00, real=0.01 secs]
         vmop                    [threads: total initially_running wait_to_block]    [time: spin block sync cleanup vmop] page_trap_count
224.260: GenCollectForAllocation          [      33          0              0    ]      [     0     0     0     0     8    ]  0
2017-11-22T07:10:18.362+0800: 224.269: Total time for which application threads were stopped: 0.0090569 seconds, Stopping threads took: 0.0000486 seconds
2017-11-22T07:10:18.787+0800: 224.694: [GC (Allocation Failure) 2017-11-22T07:10:18.787+0800: 224.694: [ParNew: 142959K->5105K(154880K), 0.0103993 secs] 4680395K->4542542K(6289088K), 0.0104722 secs] [Times: user=0.08 sys=0.00, real=0.01 secs]
         vmop                    [threads: total initially_running wait_to_block]    [time: spin block sync cleanup vmop] page_trap_count
224.694: GenCollectForAllocation          [      33          0              0    ]      [     0     0     0     0    10    ]  0
2017-11-22T07:10:18.798+0800: 224.705: Total time for which application threads were stopped: 0.0107647 seconds, Stopping threads took: 0.0000529 seconds
2017-11-22T07:10:19.233+0800: 225.140: [GC (Allocation Failure) 2017-11-22T07:10:19.233+0800: 225.140: [ParNew: 142833K->5105K(154880K), 0.0078855 secs] 4680270K->4542542K(6289088K), 0.0079761 secs] [Times: user=0.06 sys=0.00, real=0.01 secs]
         vmop                    [threads: total initially_running wait_to_block]    [time: spin block sync cleanup vmop] page_trap_count
225.140: GenCollectForAllocation          [      33          0              0    ]      [     0     0     0     0     8    ]  0
2017-11-22T07:10:19.241+0800: 225.148: Total time for which application threads were stopped: 0.0082607 seconds, Stopping threads took: 0.0000511 seconds
2017-11-22T07:10:19.698+0800: 225.605: [GC (Allocation Failure) 2017-11-22T07:10:19.698+0800: 225.605: [ParNew: 142833K->5040K(154880K), 0.0092818 secs] 4680270K->4542477K(6289088K), 0.0093717 secs] [Times: user=0.06 sys=0.00, real=0.01 secs]
         vmop                    [threads: total initially_running wait_to_block]    [time: spin block sync cleanup vmop] page_trap_count
225.605: GenCollectForAllocation          [      33          0              0    ]      [     0     0     0     0     9    ]  0
2017-11-22T07:10:19.708+0800: 225.615: Total time for which application threads were stopped: 0.0096706 seconds, Stopping threads took: 0.0000507 seconds
2017-11-22T07:10:20.152+0800: 226.059: [GC (Allocation Failure) 2017-11-22T07:10:20.152+0800: 226.059: [ParNew: 142768K->5169K(154880K), 0.0089823 secs] 4680205K->4542606K(6289088K), 0.0090738 secs] [Times: user=0.07 sys=0.00, real=0.02 secs]
         vmop                    [threads: total initially_running wait_to_block]    [time: spin block sync cleanup vmop] page_trap_count
226.059: GenCollectForAllocation          [      33          0              0    ]      [     0     0     0     0     9    ]  0
2017-11-22T07:10:20.161+0800: 226.068: Total time for which application threads were stopped: 0.0093860 seconds, Stopping threads took: 0.0000478 seconds
2017-11-22T07:10:20.590+0800: 226.497: [GC (Allocation Failure) 2017-11-22T07:10:20.590+0800: 226.497: [ParNew: 142897K->5167K(154880K), 0.0091434 secs] 4680334K->4542604K(6289088K), 0.0092188 secs] [Times: user=0.07 sys=0.00, real=0.01 secs]
         vmop                    [threads: total initially_running wait_to_block]    [time: spin block sync cleanup vmop] page_trap_count
226.497: GenCollectForAllocation          [      33          0              0    ]      [     0     0     0     0     9    ]  0
2017-11-22T07:10:20.599+0800: 226.506: Total time for which application threads were stopped: 0.0095479 seconds, Stopping threads took: 0.0000451 seconds
2017-11-22T07:10:21.054+0800: 226.961: [GC (Allocation Failure) 2017-11-22T07:10:21.054+0800: 226.961: [ParNew: 142895K->5231K(154880K), 0.0085696 secs] 4680332K->4542668K(6289088K), 0.0086701 secs] [Times: user=0.07 sys=0.00, real=0.01 secs]
         vmop                    [threads: total initially_running wait_to_block]    [time: spin block sync cleanup vmop] page_trap_count
226.960: GenCollectForAllocation          [      33          0              0    ]      [     0     0     0     0     8    ]  0
2017-11-22T07:10:21.063+0800: 226.969: Total time for which application threads were stopped: 0.0090210 seconds, Stopping threads took: 0.0000728 seconds
2017-11-22T07:10:21.492+0800: 227.399: [GC (Allocation Failure) 2017-11-22T07:10:21.492+0800: 227.399: [ParNew: 142959K->5106K(154880K), 0.0079476 secs] 4680396K->4542543K(6289088K), 0.0080284 secs] [Times: user=0.06 sys=0.00, real=0.01 secs]
         vmop                    [threads: total initially_running wait_to_block]    [time: spin block sync cleanup vmop] page_trap_count
227.399: GenCollectForAllocation          [      33          0              0    ]      [     0     0     0     0     8    ]  0
2017-11-22T07:10:21.500+0800: 227.407: Total time for which application threads were stopped: 0.0083266 seconds, Stopping threads took: 0.0000567 seconds
2017-11-22T07:10:21.925+0800: 227.832: [GC (Allocation Failure) 2017-11-22T07:10:21.925+0800: 227.832: [ParNew: 142834K->5294K(154880K), 0.0167543 secs] 4680271K->4542731K(6289088K), 0.0168702 secs] [Times: user=0.09 sys=0.00, real=0.02 secs]
         vmop                    [threads: total initially_running wait_to_block]    [time: spin block sync cleanup vmop] page_trap_count
227.832: GenCollectForAllocation          [      33          0              0    ]      [     0     0     0     0    16    ]  0
2017-11-22T07:10:21.942+0800: 227.849: Total time for which application threads were stopped: 0.0172807 seconds, Stopping threads took: 0.0000723 seconds
2017-11-22T07:10:22.402+0800: 228.309: [GC (Allocation Failure) 2017-11-22T07:10:22.402+0800: 228.309: [ParNew: 143022K->5102K(154880K), 0.0166103 secs] 4680459K->4542539K(6289088K), 0.0167077 secs] [Times: user=0.06 sys=0.01, real=0.01 secs]
         vmop                    [threads: total initially_running wait_to_block]    [time: spin block sync cleanup vmop] page_trap_count
228.309: GenCollectForAllocation          [      33          0              0    ]      [     0     0     0     0    16    ]  0
2017-11-22T07:10:22.419+0800: 228.326: Total time for which application threads were stopped: 0.0170665 seconds, Stopping threads took: 0.0000547 seconds
         vmop                    [threads: total initially_running wait_to_block]    [time: spin block sync cleanup vmop] page_trap_count
228.514: RevokeBias                       [      33          0              0    ]      [     0     0     0     0     0    ]  0
2017-11-22T07:10:22.607+0800: 228.514: Total time for which application threads were stopped: 0.0002354 seconds, Stopping threads took: 0.0000541 seconds
2017-11-22T07:10:22.836+0800: 228.743: [GC (Allocation Failure) 2017-11-22T07:10:22.836+0800: 228.743: [ParNew: 142830K->5229K(154880K), 0.0095966 secs] 4680267K->4542666K(6289088K), 0.0096829 secs] [Times: user=0.06 sys=0.00, real=0.01 secs]
         vmop                    [threads: total initially_running wait_to_block]    [time: spin block sync cleanup vmop] page_trap_count
228.742: GenCollectForAllocation          [      33          0              0    ]      [     0     0     0     0     9    ]  0
2017-11-22T07:10:22.845+0800: 228.752: Total time for which application threads were stopped: 0.0100372 seconds, Stopping threads took: 0.0000675 seconds
2017-11-22T07:10:23.313+0800: 229.220: [GC (Allocation Failure) 2017-11-22T07:10:23.313+0800: 229.220: [ParNew: 142957K->5102K(154880K), 0.0090694 secs] 4680394K->4542539K(6289088K), 0.0091605 secs] [Times: user=0.06 sys=0.00, real=0.02 secs]
         vmop                    [threads: total initially_running wait_to_block]    [time: spin block sync cleanup vmop] page_trap_count
229.219: GenCollectForAllocation          [      33          0              0    ]      [     0     0     0     0     9    ]  0
2017-11-22T07:10:23.322+0800: 229.229: Total time for which application threads were stopped: 0.0094864 seconds, Stopping threads took: 0.0000581 seconds
2017-11-22T07:10:23.792+0800: 229.699: [GC (Allocation Failure) 2017-11-22T07:10:23.792+0800: 229.699: [ParNew: 142830K->5104K(154880K), 0.0092568 secs] 4680267K->4542541K(6289088K), 0.0093370 secs] [Times: user=0.07 sys=0.00, real=0.02 secs]
         vmop                    [threads: total initially_running wait_to_block]    [time: spin block sync cleanup vmop] page_trap_count
229.698: GenCollectForAllocation          [      33          0              0    ]      [     0     0     0     0     9    ]  0
2017-11-22T07:10:23.801+0800: 229.708: Total time for which application threads were stopped: 0.0096661 seconds, Stopping threads took: 0.0000801 seconds
2017-11-22T07:10:24.230+0800: 230.137: [GC (Allocation Failure) 2017-11-22T07:10:24.230+0800: 230.137: [ParNew: 142832K->5233K(154880K), 0.0143113 secs] 4680269K->4542670K(6289088K), 0.0144134 secs] [Times: user=0.06 sys=0.00, real=0.02 secs]
         vmop                    [threads: total initially_running wait_to_block]    [time: spin block sync cleanup vmop] page_trap_count
230.137: GenCollectForAllocation          [      32          0              0    ]      [     0     0     0     0    14    ]  0
2017-11-22T07:10:24.245+0800: 230.151: Total time for which application threads were stopped: 0.0147430 seconds, Stopping threads took: 0.0000572 seconds
2017-11-22T07:10:24.698+0800: 230.605: [GC (Allocation Failure) 2017-11-22T07:10:24.698+0800: 230.605: [ParNew: 142961K->5036K(154880K), 0.0077347 secs] 4680398K->4542474K(6289088K), 0.0078114 secs] [Times: user=0.06 sys=0.00, real=0.01 secs]
         vmop                    [threads: total initially_running wait_to_block]    [time: spin block sync cleanup vmop] page_trap_count
230.605: GenCollectForAllocation          [      32          1              1    ]      [     0     0     0     0     7    ]  1
2017-11-22T07:10:24.706+0800: 230.613: Total time for which application threads were stopped: 0.0082513 seconds, Stopping threads took: 0.0001987 seconds
2017-11-22T07:10:25.134+0800: 231.041: [GC (Allocation Failure) 2017-11-22T07:10:25.134+0800: 231.041: [ParNew: 142764K->5167K(154880K), 0.0150698 secs] 4680202K->4542605K(6289088K), 0.0151636 secs] [Times: user=0.07 sys=0.00, real=0.01 secs]
         vmop                    [threads: total initially_running wait_to_block]    [time: spin block sync cleanup vmop] page_trap_count
231.041: GenCollectForAllocation          [      32          0              0    ]      [     0     0     0     0    15    ]  0
2017-11-22T07:10:25.150+0800: 231.056: Total time for which application threads were stopped: 0.0154810 seconds, Stopping threads took: 0.0000555 seconds
2017-11-22T07:10:25.607+0800: 231.514: [GC (Allocation Failure) 2017-11-22T07:10:25.607+0800: 231.514: [ParNew: 142895K->5038K(154880K), 0.0179366 secs] 4680333K->4542476K(6289088K), 0.0180212 secs] [Times: user=0.06 sys=0.00, real=0.02 secs]
         vmop                    [threads: total initially_running wait_to_block]    [time: spin block sync cleanup vmop] page_trap_count
231.514: GenCollectForAllocation          [      32          0              0    ]      [     0     0     0     0    18    ]  0
2017-11-22T07:10:25.625+0800: 231.532: Total time for which application threads were stopped: 0.0183521 seconds, Stopping threads took: 0.0000553 seconds
2017-11-22T07:10:26.050+0800: 231.957: [GC (Allocation Failure) 2017-11-22T07:10:26.050+0800: 231.957: [ParNew: 142766K->5165K(154880K), 0.0238863 secs] 4680204K->4542603K(6289088K), 0.0239735 secs] [Times: user=0.10 sys=0.00, real=0.03 secs]
         vmop                    [threads: total initially_running wait_to_block]    [time: spin block sync cleanup vmop] page_trap_count
231.957: GenCollectForAllocation          [      32          0              0    ]      [     0     0     0     0    24    ]  0
2017-11-22T07:10:26.074+0800: 231.981: Total time for which application threads were stopped: 0.0242893 seconds, Stopping threads took: 0.0000479 seconds
2017-11-22T07:10:26.515+0800: 232.422: [GC (Allocation Failure) 2017-11-22T07:10:26.515+0800: 232.422: [ParNew: 142893K->4974K(154880K), 0.0098552 secs] 4680331K->4542412K(6289088K), 0.0099345 secs] [Times: user=0.06 sys=0.00, real=0.01 secs]
         vmop                    [threads: total initially_running wait_to_block]    [time: spin block sync cleanup vmop] page_trap_count
232.422: GenCollectForAllocation          [      32          0              0    ]      [     0     0     0     0    10    ]  0
2017-11-22T07:10:26.525+0800: 232.432: Total time for which application threads were stopped: 0.0102350 seconds, Stopping threads took: 0.0000509 seconds
2017-11-22T07:10:26.949+0800: 232.856: [GC (Allocation Failure) 2017-11-22T07:10:26.949+0800: 232.856: [ParNew: 142702K->5167K(154880K), 0.0148385 secs] 4680140K->4542605K(6289088K), 0.0149146 secs] [Times: user=0.06 sys=0.00, real=0.02 secs]
         vmop                    [threads: total initially_running wait_to_block]    [time: spin block sync cleanup vmop] page_trap_count
232.856: GenCollectForAllocation          [      32          0              0    ]      [     0     0     0     0    14    ]  0
2017-11-22T07:10:26.964+0800: 232.871: Total time for which application threads were stopped: 0.0152111 seconds, Stopping threads took: 0.0000457 seconds
2017-11-22T07:10:27.415+0800: 233.322: [GC (Allocation Failure) 2017-11-22T07:10:27.415+0800: 233.322: [ParNew: 142895K->4976K(154880K), 0.0146036 secs] 4680333K->4542414K(6289088K), 0.0147010 secs] [Times: user=0.07 sys=0.00, real=0.01 secs]
         vmop                    [threads: total initially_running wait_to_block]    [time: spin block sync cleanup vmop] page_trap_count
233.321: GenCollectForAllocation          [      32          0              0    ]      [     0     0     0     0    14    ]  0
2017-11-22T07:10:27.429+0800: 233.336: Total time for which application threads were stopped: 0.0150201 seconds, Stopping threads took: 0.0000563 seconds
2017-11-22T07:10:27.850+0800: 233.757: [GC (Allocation Failure) 2017-11-22T07:10:27.850+0800: 233.757: [ParNew: 142704K->5165K(154880K), 0.0114601 secs] 4680142K->4542603K(6289088K), 0.0115611 secs] [Times: user=0.07 sys=0.00, real=0.02 secs]
         vmop                    [threads: total initially_running wait_to_block]    [time: spin block sync cleanup vmop] page_trap_count
233.756: GenCollectForAllocation          [      32          0              0    ]      [     0     0     0     0    11    ]  0
2017-11-22T07:10:27.861+0800: 233.768: Total time for which application threads were stopped: 0.0118860 seconds, Stopping threads took: 0.0000519 seconds
2017-11-22T07:10:28.315+0800: 234.222: [GC (Allocation Failure) 2017-11-22T07:10:28.315+0800: 234.222: [ParNew: 142893K->5040K(154880K), 0.0084600 secs] 4680331K->4542478K(6289088K), 0.0085377 secs] [Times: user=0.06 sys=0.00, real=0.01 secs]
         vmop                    [threads: total initially_running wait_to_block]    [time: spin block sync cleanup vmop] page_trap_count
234.222: GenCollectForAllocation          [      32          0              0    ]      [     0     0     0     0     8    ]  0
2017-11-22T07:10:28.324+0800: 234.231: Total time for which application threads were stopped: 0.0088422 seconds, Stopping threads took: 0.0000561 seconds
2017-11-22T07:10:28.750+0800: 234.657: [GC (Allocation Failure) 2017-11-22T07:10:28.750+0800: 234.657: [ParNew: 142768K->5294K(154880K), 0.0099179 secs] 4680206K->4542732K(6289088K), 0.0100003 secs] [Times: user=0.06 sys=0.01, real=0.01 secs]
         vmop                    [threads: total initially_running wait_to_block]    [time: spin block sync cleanup vmop] page_trap_count
234.656: GenCollectForAllocation          [      32          0              0    ]      [     0     0     0     0    10    ]  0
2017-11-22T07:10:28.760+0800: 234.667: Total time for which application threads were stopped: 0.0103119 seconds, Stopping threads took: 0.0000576 seconds
2017-11-22T07:10:29.250+0800: 235.157: [GC (Allocation Failure) 2017-11-22T07:10:29.250+0800: 235.157: [ParNew: 143022K->5004K(154880K), 0.0143728 secs] 4680460K->4542442K(6289088K), 0.0144687 secs] [Times: user=0.07 sys=0.00, real=0.02 secs]
         vmop                    [threads: total initially_running wait_to_block]    [time: spin block sync cleanup vmop] page_trap_count
235.156: GenCollectForAllocation          [      32          0              0    ]      [     0     0     0     0    14    ]  0
2017-11-22T07:10:29.264+0800: 235.171: Total time for which application threads were stopped: 0.0147759 seconds, Stopping threads took: 0.0000578 seconds
         vmop                    [threads: total initially_running wait_to_block]    [time: spin block sync cleanup vmop] page_trap_count
235.555: RevokeBias                       [      32          1              2    ]      [     0     0     0     0     0    ]  1
2017-11-22T07:10:29.648+0800: 235.555: Total time for which application threads were stopped: 0.0003340 seconds, Stopping threads took: 0.0001324 seconds
         vmop                    [threads: total initially_running wait_to_block]    [time: spin block sync cleanup vmop] page_trap_count
235.555: RevokeBias                       [      32          1              2    ]      [     0     0     0     0     0    ]  1
2017-11-22T07:10:29.648+0800: 235.555: Total time for which application threads were stopped: 0.0002029 seconds, Stopping threads took: 0.0000991 seconds
         vmop                    [threads: total initially_running wait_to_block]    [time: spin block sync cleanup vmop] page_trap_count
235.560: RevokeBias                       [      33          0              1    ]      [     0     0     0     0     0    ]  0
2017-11-22T07:10:29.653+0800: 235.560: Total time for which application threads were stopped: 0.0003451 seconds, Stopping threads took: 0.0001582 seconds
2017-11-22T07:10:29.658+0800: 235.565: [GC (Allocation Failure) 2017-11-22T07:10:29.658+0800: 235.565: [ParNew: 142732K->4944K(154880K), 0.0116448 secs] 4680170K->4542382K(6289088K), 0.0117554 secs] [Times: user=0.07 sys=0.00, real=0.01 secs]
         vmop                    [threads: total initially_running wait_to_block]    [time: spin block sync cleanup vmop] page_trap_count
235.565: GenCollectForAllocation          [      33          0              0    ]      [     0     0     0     0    12    ]  0
2017-11-22T07:10:29.670+0800: 235.577: Total time for which application threads were stopped: 0.0122840 seconds, Stopping threads took: 0.0000643 seconds
         vmop                    [threads: total initially_running wait_to_block]    [time: spin block sync cleanup vmop] page_trap_count
235.750: RevokeBias                       [      33          0              0    ]      [     0     0     0     0     0    ]  0
2017-11-22T07:10:29.844+0800: 235.750: Total time for which application threads were stopped: 0.0002397 seconds, Stopping threads took: 0.0000564 seconds
2017-11-22T07:10:30.073+0800: 235.980: [GC (Allocation Failure) 2017-11-22T07:10:30.073+0800: 235.980: [ParNew: 142672K->5135K(154880K), 0.0092600 secs] 4680110K->4542573K(6289088K), 0.0093468 secs] [Times: user=0.07 sys=0.00, real=0.02 secs]
         vmop                    [threads: total initially_running wait_to_block]    [time: spin block sync cleanup vmop] page_trap_count
235.979: GenCollectForAllocation          [      33          0              0    ]      [     0     0     0     0     9    ]  0
2017-11-22T07:10:30.082+0800: 235.989: Total time for which application threads were stopped: 0.0096915 seconds, Stopping threads took: 0.0000631 seconds
2017-11-22T07:10:30.514+0800: 236.421: [GC (Allocation Failure) 2017-11-22T07:10:30.514+0800: 236.421: [ParNew: 142863K->5067K(154880K), 0.0143346 secs] 4680301K->4542505K(6289088K), 0.0144432 secs] [Times: user=0.06 sys=0.00, real=0.01 secs]
         vmop                    [threads: total initially_running wait_to_block]    [time: spin block sync cleanup vmop] page_trap_count
236.421: GenCollectForAllocation          [      33          0              0    ]      [     0     0     0     0    14    ]  0
2017-11-22T07:10:30.529+0800: 236.436: Total time for which application threads were stopped: 0.0147925 seconds, Stopping threads took: 0.0000549 seconds
2017-11-22T07:10:30.921+0800: 236.828: [GC (Allocation Failure) 2017-11-22T07:10:30.921+0800: 236.828: [ParNew: 142795K->5196K(154880K), 0.0075709 secs] 4680233K->4542634K(6289088K), 0.0076530 secs] [Times: user=0.06 sys=0.01, real=0.00 secs]
         vmop                    [threads: total initially_running wait_to_block]    [time: spin block sync cleanup vmop] page_trap_count
236.828: GenCollectForAllocation          [      33          0              0    ]      [     0     0     0     0     7    ]  0
2017-11-22T07:10:30.929+0800: 236.836: Total time for which application threads were stopped: 0.0080276 seconds, Stopping threads took: 0.0000487 seconds
2017-11-22T07:10:31.315+0800: 237.222: [GC (Allocation Failure) 2017-11-22T07:10:31.315+0800: 237.222: [ParNew: 142924K->5262K(154880K), 0.0090120 secs] 4680362K->4542700K(6289088K), 0.0090894 secs] [Times: user=0.06 sys=0.00, real=0.01 secs]
         vmop                    [threads: total initially_running wait_to_block]    [time: spin block sync cleanup vmop] page_trap_count
237.222: GenCollectForAllocation          [      33          0              0    ]      [     0     0     0     0     9    ]  0
2017-11-22T07:10:31.324+0800: 237.231: Total time for which application threads were stopped: 0.0093934 seconds, Stopping threads took: 0.0000491 seconds
         vmop                    [threads: total initially_running wait_to_block]    [time: spin block sync cleanup vmop] page_trap_count
237.384: RevokeBias                       [      33          0              0    ]      [     0     0     0     0     0    ]  0
2017-11-22T07:10:31.477+0800: 237.384: Total time for which application threads were stopped: 0.0002245 seconds, Stopping threads took: 0.0000483 seconds
2017-11-22T07:10:31.740+0800: 237.647: [GC (Allocation Failure) 2017-11-22T07:10:31.740+0800: 237.647: [ParNew: 142990K->5137K(154880K), 0.0126138 secs] 4680428K->4542575K(6289088K), 0.0126956 secs] [Times: user=0.07 sys=0.00, real=0.02 secs]
         vmop                    [threads: total initially_running wait_to_block]    [time: spin block sync cleanup vmop] page_trap_count
237.647: GenCollectForAllocation          [      33          0              0    ]      [     0     0     0     0    12    ]  0
2017-11-22T07:10:31.753+0800: 237.660: Total time for which application threads were stopped: 0.0130053 seconds, Stopping threads took: 0.0000508 seconds
2017-11-22T07:10:32.167+0800: 238.074: [GC (Allocation Failure) 2017-11-22T07:10:32.167+0800: 238.074: [ParNew: 142865K->5168K(154880K), 0.0088332 secs] 4680303K->4542638K(6289088K), 0.0089115 secs] [Times: user=0.06 sys=0.00, real=0.01 secs]
         vmop                    [threads: total initially_running wait_to_block]    [time: spin block sync cleanup vmop] page_trap_count
238.073: GenCollectForAllocation          [      33          0              0    ]      [     0     0     0     0     8    ]  0
2017-11-22T07:10:32.176+0800: 238.082: Total time for which application threads were stopped: 0.0092027 seconds, Stopping threads took: 0.0000545 seconds
2017-11-22T07:10:32.618+0800: 238.525: [GC (Allocation Failure) 2017-11-22T07:10:32.618+0800: 238.525: [ParNew: 142896K->5163K(154880K), 0.0111757 secs] 4680366K->4542633K(6289088K), 0.0112642 secs] [Times: user=0.06 sys=0.00, real=0.01 secs]
         vmop                    [threads: total initially_running wait_to_block]    [time: spin block sync cleanup vmop] page_trap_count
238.524: GenCollectForAllocation          [      33          0              0    ]      [     0     0     0     0    11    ]  0
2017-11-22T07:10:32.629+0800: 238.536: Total time for which application threads were stopped: 0.0115536 seconds, Stopping threads took: 0.0000490 seconds
2017-11-22T07:10:33.020+0800: 238.927: [GC (Allocation Failure) 2017-11-22T07:10:33.021+0800: 238.927: [ParNew: 142891K->5294K(154880K), 0.0123815 secs] 4680361K->4542764K(6289088K), 0.0124646 secs] [Times: user=0.06 sys=0.01, real=0.02 secs]
         vmop                    [threads: total initially_running wait_to_block]    [time: spin block sync cleanup vmop] page_trap_count
238.927: GenCollectForAllocation          [      33          0              0    ]      [     0     0     0     0    12    ]  0
2017-11-22T07:10:33.033+0800: 238.940: Total time for which application threads were stopped: 0.0128094 seconds, Stopping threads took: 0.0000513 seconds
2017-11-22T07:10:33.440+0800: 239.347: [GC (Allocation Failure) 2017-11-22T07:10:33.440+0800: 239.347: [ParNew: 143022K->5042K(154880K), 0.0084714 secs] 4680492K->4542512K(6289088K), 0.0085593 secs] [Times: user=0.06 sys=0.00, real=0.01 secs]
         vmop                    [threads: total initially_running wait_to_block]    [time: spin block sync cleanup vmop] page_trap_count
239.346: GenCollectForAllocation          [      33          0              0    ]      [     0     0     0     0     8    ]  0
2017-11-22T07:10:33.448+0800: 239.355: Total time for which application threads were stopped: 0.0088442 seconds, Stopping threads took: 0.0000543 seconds
2017-11-22T07:10:33.800+0800: 239.707: [GC (Allocation Failure) 2017-11-22T07:10:33.800+0800: 239.707: [ParNew: 142770K->5231K(154880K), 0.0072879 secs] 4680240K->4542701K(6289088K), 0.0073717 secs] [Times: user=0.05 sys=0.00, real=0.01 secs]
         vmop                    [threads: total initially_running wait_to_block]    [time: spin block sync cleanup vmop] page_trap_count
239.706: GenCollectForAllocation          [      33          0              0    ]      [     0     0     0     0     7    ]  0
2017-11-22T07:10:33.807+0800: 239.714: Total time for which application threads were stopped: 0.0076660 seconds, Stopping threads took: 0.0000552 seconds
2017-11-22T07:10:34.214+0800: 240.121: [GC (Allocation Failure) 2017-11-22T07:10:34.214+0800: 240.121: [ParNew: 142959K->5042K(154880K), 0.0086462 secs] 4680429K->4542512K(6289088K), 0.0087266 secs] [Times: user=0.05 sys=0.00, real=0.01 secs]
         vmop                    [threads: total initially_running wait_to_block]    [time: spin block sync cleanup vmop] page_trap_count
240.120: GenCollectForAllocation          [      33          0              0    ]      [     0     0     0     0     8    ]  0
2017-11-22T07:10:34.222+0800: 240.129: Total time for which application threads were stopped: 0.0090173 seconds, Stopping threads took: 0.0000452 seconds
2017-11-22T07:10:34.603+0800: 240.510: [GC (Allocation Failure) 2017-11-22T07:10:34.603+0800: 240.510: [ParNew: 142770K->5231K(154880K), 0.0099328 secs] 4680240K->4542701K(6289088K), 0.0100305 secs] [Times: user=0.06 sys=0.00, real=0.01 secs]
         vmop                    [threads: total initially_running wait_to_block]    [time: spin block sync cleanup vmop] page_trap_count
240.510: GenCollectForAllocation          [      33          0              0    ]      [     0     0     0     0    10    ]  0
2017-11-22T07:10:34.613+0800: 240.520: Total time for which application threads were stopped: 0.0103532 seconds, Stopping threads took: 0.0000551 seconds
2017-11-22T07:10:35.012+0800: 240.919: [GC (Allocation Failure) 2017-11-22T07:10:35.012+0800: 240.919: [ParNew: 142959K->5106K(154880K), 0.0126113 secs] 4680429K->4542576K(6289088K), 0.0127000 secs] [Times: user=0.06 sys=0.00, real=0.02 secs]
         vmop                    [threads: total initially_running wait_to_block]    [time: spin block sync cleanup vmop] page_trap_count
240.919: GenCollectForAllocation          [      33          0              0    ]      [     0     0     0     0    12    ]  0
2017-11-22T07:10:35.025+0800: 240.932: Total time for which application threads were stopped: 0.0129985 seconds, Stopping threads took: 0.0000514 seconds
2017-11-22T07:10:35.399+0800: 241.306: [GC (Allocation Failure) 2017-11-22T07:10:35.399+0800: 241.306: [ParNew: 142834K->5299K(154880K), 0.0088769 secs] 4680304K->4542769K(6289088K), 0.0089521 secs] [Times: user=0.06 sys=0.00, real=0.01 secs]
         vmop                    [threads: total initially_running wait_to_block]    [time: spin block sync cleanup vmop] page_trap_count
241.306: GenCollectForAllocation          [      33          0              0    ]      [     0     0     0     0     9    ]  0
2017-11-22T07:10:35.408+0800: 241.315: Total time for which application threads were stopped: 0.0092383 seconds, Stopping threads took: 0.0000519 seconds
         vmop                    [threads: total initially_running wait_to_block]    [time: spin block sync cleanup vmop] page_trap_count
241.538: RevokeBias                       [      33          0              0    ]      [     0     0     0     0     0    ]  0
2017-11-22T07:10:35.632+0800: 241.539: Total time for which application threads were stopped: 0.0002366 seconds, Stopping threads took: 0.0000496 seconds
2017-11-22T07:10:35.937+0800: 241.844: [GC (Allocation Failure) 2017-11-22T07:10:35.937+0800: 241.844: [ParNew: 143027K->3263K(154880K), 0.0117737 secs] 4680497K->4540734K(6289088K), 0.0118684 secs] [Times: user=0.06 sys=0.00, real=0.01 secs]
         vmop                    [threads: total initially_running wait_to_block]    [time: spin block sync cleanup vmop] page_trap_count
241.844: GenCollectForAllocation          [      33          0              0    ]      [     0     0     0     0    11    ]  0
2017-11-22T07:10:35.949+0800: 241.856: Total time for which application threads were stopped: 0.0122102 seconds, Stopping threads took: 0.0000542 seconds
2017-11-22T07:10:36.117+0800: 242.024: [GC (Allocation Failure) 2017-11-22T07:10:36.117+0800: 242.024: [ParNew: 140991K->5299K(154880K), 0.0093626 secs] 4678462K->4542769K(6289088K), 0.0094423 secs] [Times: user=0.05 sys=0.00, real=0.01 secs]
         vmop                    [threads: total initially_running wait_to_block]    [time: spin block sync cleanup vmop] page_trap_count
242.024: GenCollectForAllocation          [      33          0              0    ]      [     0     0     0     0     9    ]  0
2017-11-22T07:10:36.127+0800: 242.034: Total time for which application threads were stopped: 0.0097614 seconds, Stopping threads took: 0.0000504 seconds
2017-11-22T07:10:36.478+0800: 242.385: [GC (Allocation Failure) 2017-11-22T07:10:36.478+0800: 242.385: [ParNew: 143027K->5297K(154880K), 0.0095426 secs] 4680497K->4542767K(6289088K), 0.0096103 secs] [Times: user=0.06 sys=0.00, real=0.01 secs]
         vmop                    [threads: total initially_running wait_to_block]    [time: spin block sync cleanup vmop] page_trap_count
242.385: GenCollectForAllocation          [      33          1              1    ]      [     0     0     0     0     9    ]  1
2017-11-22T07:10:36.488+0800: 242.395: Total time for which application threads were stopped: 0.0100040 seconds, Stopping threads took: 0.0000986 seconds
2017-11-22T07:10:36.812+0800: 242.719: [GC (Allocation Failure) 2017-11-22T07:10:36.812+0800: 242.719: [ParNew: 143025K->5168K(154880K), 0.0120166 secs] 4680495K->4542639K(6289088K), 0.0120987 secs] [Times: user=0.07 sys=0.00, real=0.02 secs]
         vmop                    [threads: total initially_running wait_to_block]    [time: spin block sync cleanup vmop] page_trap_count
242.719: GenCollectForAllocation          [      33          0              0    ]      [     0     0     0     0    12    ]  0
2017-11-22T07:10:36.825+0800: 242.732: Total time for which application threads were stopped: 0.0123869 seconds, Stopping threads took: 0.0000485 seconds
2017-11-22T07:10:37.151+0800: 243.058: [GC (Allocation Failure) 2017-11-22T07:10:37.151+0800: 243.058: [ParNew: 142896K->5167K(154880K), 0.0112958 secs] 4680367K->4542703K(6289088K), 0.0114027 secs] [Times: user=0.08 sys=0.00, real=0.02 secs]
         vmop                    [threads: total initially_running wait_to_block]    [time: spin block sync cleanup vmop] page_trap_count
243.057: GenCollectForAllocation          [      33          0              0    ]      [     0     0     0     0    11    ]  0
2017-11-22T07:10:37.162+0800: 243.069: Total time for which application threads were stopped: 0.0117410 seconds, Stopping threads took: 0.0000568 seconds
2017-11-22T07:10:37.484+0800: 243.391: [GC (Allocation Failure) 2017-11-22T07:10:37.484+0800: 243.391: [ParNew: 142895K->5233K(154880K), 0.0115585 secs] 4680431K->4542769K(6289088K), 0.0116383 secs] [Times: user=0.07 sys=0.00, real=0.01 secs]
         vmop                    [threads: total initially_running wait_to_block]    [time: spin block sync cleanup vmop] page_trap_count
243.391: GenCollectForAllocation          [      33          0              0    ]      [     0     0     0     0    11    ]  0
2017-11-22T07:10:37.496+0800: 243.403: Total time for which application threads were stopped: 0.0119636 seconds, Stopping threads took: 0.0000978 seconds
2017-11-22T07:10:37.808+0800: 243.715: [GC (Allocation Failure) 2017-11-22T07:10:37.808+0800: 243.715: [ParNew: 142961K->5294K(154880K), 0.0236204 secs] 4680497K->4542831K(6289088K), 0.0237084 secs] [Times: user=0.09 sys=0.00, real=0.02 secs]
         vmop                    [threads: total initially_running wait_to_block]    [time: spin block sync cleanup vmop] page_trap_count
243.715: GenCollectForAllocation          [      33          0              0    ]      [     0     0     0     0    23    ]  0
2017-11-22T07:10:37.832+0800: 243.739: Total time for which application threads were stopped: 0.0240323 seconds, Stopping threads took: 0.0000643 seconds
2017-11-22T07:10:38.122+0800: 244.029: [GC (Allocation Failure) 2017-11-22T07:10:38.122+0800: 244.029: [ParNew: 143022K->5231K(154880K), 0.0106912 secs] 4680559K->4542767K(6289088K), 0.0107732 secs] [Times: user=0.07 sys=0.00, real=0.00 secs]
         vmop                    [threads: total initially_running wait_to_block]    [time: spin block sync cleanup vmop] page_trap_count
244.029: GenCollectForAllocation          [      33          0              0    ]      [     0     0     0     0    10    ]  0
2017-11-22T07:10:38.133+0800: 244.040: Total time for which application threads were stopped: 0.0110761 seconds, Stopping threads took: 0.0000518 seconds
2017-11-22T07:10:38.411+0800: 244.318: [GC (Allocation Failure) 2017-11-22T07:10:38.411+0800: 244.318: [ParNew: 142959K->5102K(154880K), 0.0106453 secs] 4680495K->4542638K(6289088K), 0.0107318 secs] [Times: user=0.06 sys=0.00, real=0.02 secs]
         vmop                    [threads: total initially_running wait_to_block]    [time: spin block sync cleanup vmop] page_trap_count
244.318: GenCollectForAllocation          [      33          0              0    ]      [     0     0     0     0    10    ]  0
2017-11-22T07:10:38.422+0800: 244.329: Total time for which application threads were stopped: 0.0110340 seconds, Stopping threads took: 0.0000548 seconds
2017-11-22T07:10:38.673+0800: 244.580: [GC (Allocation Failure) 2017-11-22T07:10:38.674+0800: 244.580: [ParNew: 142830K->5226K(154880K), 0.0154008 secs] 4680366K->4542763K(6289088K), 0.0154817 secs] [Times: user=0.06 sys=0.00, real=0.01 secs]
         vmop                    [threads: total initially_running wait_to_block]    [time: spin block sync cleanup vmop] page_trap_count
244.580: GenCollectForAllocation          [      33          0              0    ]      [     0     0     0     0    15    ]  0
2017-11-22T07:10:38.689+0800: 244.596: Total time for which application threads were stopped: 0.0157811 seconds, Stopping threads took: 0.0000499 seconds
         vmop                    [threads: total initially_running wait_to_block]    [time: spin block sync cleanup vmop] page_trap_count
244.715: RevokeBias                       [      33          0              0    ]      [     0     0     0     0     0    ]  0
2017-11-22T07:10:38.808+0800: 244.715: Total time for which application threads were stopped: 0.0002251 seconds, Stopping threads took: 0.0000328 seconds
         vmop                    [threads: total initially_running wait_to_block]    [time: spin block sync cleanup vmop] page_trap_count
244.770: RevokeBias                       [      33          1              1    ]      [     0     0     0     0     0    ]  0
2017-11-22T07:10:38.863+0800: 244.770: Total time for which application threads were stopped: 0.0003803 seconds, Stopping threads took: 0.0001659 seconds
2017-11-22T07:10:38.956+0800: 244.863: [GC (Allocation Failure) 2017-11-22T07:10:38.956+0800: 244.863: [ParNew: 142954K->4979K(154880K), 0.0099497 secs] 4680491K->4542515K(6289088K), 0.0100349 secs] [Times: user=0.06 sys=0.00, real=0.01 secs]
         vmop                    [threads: total initially_running wait_to_block]    [time: spin block sync cleanup vmop] page_trap_count
244.863: GenCollectForAllocation          [      33          0              0    ]      [     0     0     0     0    10    ]  0
2017-11-22T07:10:38.966+0800: 244.873: Total time for which application threads were stopped: 0.0103668 seconds, Stopping threads took: 0.0000559 seconds
2017-11-22T07:10:39.218+0800: 245.125: [GC (Allocation Failure) 2017-11-22T07:10:39.218+0800: 245.125: [ParNew: 142707K->5231K(154880K), 0.0098304 secs] 4680243K->4542767K(6289088K), 0.0099075 secs] [Times: user=0.06 sys=0.00, real=0.01 secs]
         vmop                    [threads: total initially_running wait_to_block]    [time: spin block sync cleanup vmop] page_trap_count
245.125: GenCollectForAllocation          [      33          1              1    ]      [     0     0     0     0    10    ]  0
2017-11-22T07:10:39.228+0800: 245.135: Total time for which application threads were stopped: 0.0102796 seconds, Stopping threads took: 0.0001032 seconds
2017-11-22T07:10:39.581+0800: 245.488: [GC (Allocation Failure) 2017-11-22T07:10:39.581+0800: 245.488: [ParNew: 142959K->4591K(154880K), 0.0239887 secs] 4680495K->4542128K(6289088K), 0.0240952 secs] [Times: user=0.09 sys=0.00, real=0.03 secs]
         vmop                    [threads: total initially_running wait_to_block]    [time: spin block sync cleanup vmop] page_trap_count
245.487: GenCollectForAllocation          [      33          0              1    ]      [     0     0     0     0    24    ]  0
2017-11-22T07:10:39.605+0800: 245.512: Total time for which application threads were stopped: 0.0244999 seconds, Stopping threads took: 0.0000567 seconds
2017-11-22T07:10:39.757+0800: 245.664: [GC (Allocation Failure) 2017-11-22T07:10:39.757+0800: 245.664: [ParNew: 142319K->5040K(154880K), 0.0135888 secs] 4679856K->4542576K(6289088K), 0.0136715 secs] [Times: user=0.05 sys=0.00, real=0.01 secs]
         vmop                    [threads: total initially_running wait_to_block]    [time: spin block sync cleanup vmop] page_trap_count
245.664: GenCollectForAllocation          [      33          0              0    ]      [     0     0     0     0    13    ]  0
2017-11-22T07:10:39.771+0800: 245.678: Total time for which application threads were stopped: 0.0140567 seconds, Stopping threads took: 0.0000765 seconds
2017-11-22T07:10:40.131+0800: 246.038: [GC (Allocation Failure) 2017-11-22T07:10:40.131+0800: 246.038: [ParNew: 142768K->5169K(154880K), 0.0107609 secs] 4680304K->4542706K(6289088K), 0.0108443 secs] [Times: user=0.07 sys=0.00, real=0.02 secs]
         vmop                    [threads: total initially_running wait_to_block]    [time: spin block sync cleanup vmop] page_trap_count
246.037: GenCollectForAllocation          [      33          0              0    ]      [     0     0     0     0    10    ]  0
2017-11-22T07:10:40.142+0800: 246.049: Total time for which application threads were stopped: 0.0111902 seconds, Stopping threads took: 0.0000683 seconds
2017-11-22T07:10:40.545+0800: 246.452: [GC (Allocation Failure) 2017-11-22T07:10:40.545+0800: 246.452: [ParNew: 142897K->5036K(154880K), 0.0123908 secs] 4680434K->4542572K(6289088K), 0.0124977 secs] [Times: user=0.06 sys=0.00, real=0.01 secs]
         vmop                    [threads: total initially_running wait_to_block]    [time: spin block sync cleanup vmop] page_trap_count
246.451: GenCollectForAllocation          [      33          2              0    ]      [     0     0     0     0    12    ]  0
2017-11-22T07:10:40.557+0800: 246.464: Total time for which application threads were stopped: 0.0128827 seconds, Stopping threads took: 0.0001267 seconds
2017-11-22T07:10:40.928+0800: 246.835: [GC (Allocation Failure) 2017-11-22T07:10:40.928+0800: 246.835: [ParNew: 142764K->5108K(154880K), 0.0246820 secs] 4680300K->4542645K(6289088K), 0.0247503 secs] [Times: user=0.12 sys=0.00, real=0.03 secs]
         vmop                    [threads: total initially_running wait_to_block]    [time: spin block sync cleanup vmop] page_trap_count
246.835: GenCollectForAllocation          [      33          0              0    ]      [     0     0     0     0    24    ]  0
2017-11-22T07:10:40.953+0800: 246.860: Total time for which application threads were stopped: 0.0250536 seconds, Stopping threads took: 0.0000469 seconds
         vmop                    [threads: total initially_running wait_to_block]    [time: spin block sync cleanup vmop] page_trap_count
246.915: RevokeBias                       [      33          0              0    ]      [     0     0     0     0     0    ]  0
2017-11-22T07:10:41.008+0800: 246.915: Total time for which application threads were stopped: 0.0002400 seconds, Stopping threads took: 0.0000471 seconds
2017-11-22T07:10:41.362+0800: 247.269: [GC (Allocation Failure) 2017-11-22T07:10:41.362+0800: 247.269: [ParNew: 142836K->5104K(154880K), 0.0150184 secs] 4680373K->4542641K(6289088K), 0.0151372 secs] [Times: user=0.07 sys=0.00, real=0.01 secs]
         vmop                    [threads: total initially_running wait_to_block]    [time: spin block sync cleanup vmop] page_trap_count
247.269: GenCollectForAllocation          [      33          0              0    ]      [     0     0     0     0    15    ]  0
2017-11-22T07:10:41.377+0800: 247.284: Total time for which application threads were stopped: 0.0155234 seconds, Stopping threads took: 0.0000419 seconds
2017-11-22T07:10:41.852+0800: 247.759: [GC (Allocation Failure) 2017-11-22T07:10:41.852+0800: 247.759: [ParNew: 142832K->4818K(154880K), 0.0172996 secs] 4680369K->4542355K(6289088K), 0.0173789 secs] [Times: user=0.08 sys=0.00, real=0.02 secs]
         vmop                    [threads: total initially_running wait_to_block]    [time: spin block sync cleanup vmop] page_trap_count
247.759: GenCollectForAllocation          [      33          0              0    ]      [     0     0     0     0    17    ]  0
2017-11-22T07:10:41.870+0800: 247.777: Total time for which application threads were stopped: 0.0176917 seconds, Stopping threads took: 0.0000565 seconds
         vmop                    [threads: total initially_running wait_to_block]    [time: spin block sync cleanup vmop] page_trap_count
248.145: RevokeBias                       [      33          1              2    ]      [     0     0     0     0     0    ]  1
2017-11-22T07:10:42.238+0800: 248.145: Total time for which application threads were stopped: 0.0003647 seconds, Stopping threads took: 0.0001107 seconds
2017-11-22T07:10:42.249+0800: 248.156: [GC (Allocation Failure) 2017-11-22T07:10:42.249+0800: 248.156: [ParNew: 142546K->4796K(154880K), 0.0122635 secs] 4680083K->4542334K(6289088K), 0.0123987 secs] [Times: user=0.07 sys=0.00, real=0.02 secs]
         vmop                    [threads: total initially_running wait_to_block]    [time: spin block sync cleanup vmop] page_trap_count
248.155: GenCollectForAllocation          [      33          0              0    ]      [     0     0     0     0    12    ]  0
2017-11-22T07:10:42.261+0800: 248.168: Total time for which application threads were stopped: 0.0127662 seconds, Stopping threads took: 0.0000634 seconds
         vmop                    [threads: total initially_running wait_to_block]    [time: spin block sync cleanup vmop] page_trap_count
248.214: RevokeBias                       [      33          0              0    ]      [     0     0     0     0     0    ]  0
2017-11-22T07:10:42.308+0800: 248.215: Total time for which application threads were stopped: 0.0002328 seconds, Stopping threads took: 0.0000525 seconds
2017-11-22T07:10:42.522+0800: 248.429: [GC (Allocation Failure) 2017-11-22T07:10:42.522+0800: 248.429: [ParNew: 142524K->5240K(154880K), 0.0097776 secs] 4680062K->4542777K(6289088K), 0.0099097 secs] [Times: user=0.06 sys=0.00, real=0.00 secs]
         vmop                    [threads: total initially_running wait_to_block]    [time: spin block sync cleanup vmop] page_trap_count
248.428: GenCollectForAllocation          [      33          0              0    ]      [     0     0     0     0     9    ]  0
2017-11-22T07:10:42.532+0800: 248.439: Total time for which application threads were stopped: 0.0102189 seconds, Stopping threads took: 0.0000545 seconds
2017-11-22T07:10:42.805+0800: 248.712: [GC (Allocation Failure) 2017-11-22T07:10:42.805+0800: 248.712: [ParNew: 142968K->5049K(154880K), 0.0134667 secs] 4680505K->4542586K(6289088K), 0.0135495 secs] [Times: user=0.08 sys=0.00, real=0.01 secs]
         vmop                    [threads: total initially_running wait_to_block]    [time: spin block sync cleanup vmop] page_trap_count
248.711: GenCollectForAllocation          [      33          0              0    ]      [     0     0     0     0    13    ]  0
2017-11-22T07:10:42.818+0800: 248.725: Total time for which application threads were stopped: 0.0138400 seconds, Stopping threads took: 0.0000522 seconds
2017-11-22T07:10:43.089+0800: 248.996: [GC (Allocation Failure) 2017-11-22T07:10:43.089+0800: 248.996: [ParNew: 142777K->5241K(154880K), 0.0109506 secs] 4680314K->4542778K(6289088K), 0.0110390 secs] [Times: user=0.05 sys=0.00, real=0.01 secs]
         vmop                    [threads: total initially_running wait_to_block]    [time: spin block sync cleanup vmop] page_trap_count
248.995: GenCollectForAllocation          [      33          0              0    ]      [     0     0     0     0    11    ]  0
2017-11-22T07:10:43.100+0800: 249.007: Total time for which application threads were stopped: 0.0113437 seconds, Stopping threads took: 0.0000565 seconds
2017-11-22T07:10:43.402+0800: 249.309: [GC (Allocation Failure) 2017-11-22T07:10:43.402+0800: 249.309: [ParNew: 142969K->4983K(154880K), 0.0148199 secs] 4680506K->4542520K(6289088K), 0.0148926 secs] [Times: user=0.07 sys=0.00, real=0.01 secs]
         vmop                    [threads: total initially_running wait_to_block]    [time: spin block sync cleanup vmop] page_trap_count
249.309: GenCollectForAllocation          [      33          0              0    ]      [     0     0     0     0    14    ]  0
2017-11-22T07:10:43.417+0800: 249.324: Total time for which application threads were stopped: 0.0151639 seconds, Stopping threads took: 0.0000582 seconds
2017-11-22T07:10:43.674+0800: 249.581: [GC (Allocation Failure) 2017-11-22T07:10:43.674+0800: 249.581: [ParNew: 142711K->5050K(154880K), 0.0090348 secs] 4680248K->4542588K(6289088K), 0.0091148 secs] [Times: user=0.07 sys=0.00, real=0.01 secs]
         vmop                    [threads: total initially_running wait_to_block]    [time: spin block sync cleanup vmop] page_trap_count
249.580: GenCollectForAllocation          [      33          0              0    ]      [     0     0     0     0     9    ]  0
2017-11-22T07:10:43.683+0800: 249.590: Total time for which application threads were stopped: 0.0094354 seconds, Stopping threads took: 0.0000555 seconds
2017-11-22T07:10:43.955+0800: 249.862: [GC (Allocation Failure) 2017-11-22T07:10:43.955+0800: 249.862: [ParNew: 142778K->5165K(154880K), 0.0186640 secs] 4680316K->4542712K(6289088K), 0.0187486 secs] [Times: user=0.07 sys=0.00, real=0.02 secs]
         vmop                    [threads: total initially_running wait_to_block]    [time: spin block sync cleanup vmop] page_trap_count
249.861: GenCollectForAllocation          [      33          0              0    ]      [     0     0     0     0    18    ]  0
2017-11-22T07:10:43.974+0800: 249.881: Total time for which application threads were stopped: 0.0190556 seconds, Stopping threads took: 0.0000510 seconds
2017-11-22T07:10:44.231+0800: 250.138: [GC (Allocation Failure) 2017-11-22T07:10:44.232+0800: 250.138: [ParNew: 142893K->5169K(154880K), 0.0098929 secs] 4680440K->4542717K(6289088K), 0.0099610 secs] [Times: user=0.06 sys=0.00, real=0.02 secs]
         vmop                    [threads: total initially_running wait_to_block]    [time: spin block sync cleanup vmop] page_trap_count
250.138: GenCollectForAllocation          [      33          0              0    ]      [     0     0     0     0    10    ]  0
2017-11-22T07:10:44.242+0800: 250.149: Total time for which application threads were stopped: 0.0102453 seconds, Stopping threads took: 0.0000506 seconds
2017-11-22T07:10:44.534+0800: 250.441: [GC (Allocation Failure) 2017-11-22T07:10:44.534+0800: 250.441: [ParNew: 142897K->5231K(154880K), 0.0121977 secs] 4680445K->4542778K(6289088K), 0.0122717 secs] [Times: user=0.05 sys=0.00, real=0.01 secs]
         vmop                    [threads: total initially_running wait_to_block]    [time: spin block sync cleanup vmop] page_trap_count
250.441: GenCollectForAllocation          [      33          0              0    ]      [     0     0     0     0    12    ]  0
2017-11-22T07:10:44.547+0800: 250.454: Total time for which application threads were stopped: 0.0125948 seconds, Stopping threads took: 0.0000335 seconds
         vmop                    [threads: total initially_running wait_to_block]    [time: spin block sync cleanup vmop] page_trap_count
250.636: RevokeBias                       [      33          0              0    ]      [     0     0     0     0     0    ]  0
2017-11-22T07:10:44.730+0800: 250.637: Total time for which application threads were stopped: 0.0003211 seconds, Stopping threads took: 0.0001356 seconds
         vmop                    [threads: total initially_running wait_to_block]    [time: spin block sync cleanup vmop] page_trap_count
250.637: RevokeBias                       [      33          0              1    ]      [     0     0     0     0     0    ]  0
2017-11-22T07:10:44.730+0800: 250.637: Total time for which application threads were stopped: 0.0001610 seconds, Stopping threads took: 0.0000776 seconds
         vmop                    [threads: total initially_running wait_to_block]    [time: spin block sync cleanup vmop] page_trap_count
250.637: RevokeBias                       [      33          0              0    ]      [     0     0     0     0     0    ]  0
2017-11-22T07:10:44.730+0800: 250.637: Total time for which application threads were stopped: 0.0001099 seconds, Stopping threads took: 0.0000267 seconds
2017-11-22T07:10:44.814+0800: 250.721: [GC (Allocation Failure) 2017-11-22T07:10:44.815+0800: 250.721: [ParNew: 142959K->5165K(154880K), 0.0092294 secs] 4680506K->4542713K(6289088K), 0.0093194 secs] [Times: user=0.07 sys=0.00, real=0.01 secs]
         vmop                    [threads: total initially_running wait_to_block]    [time: spin block sync cleanup vmop] page_trap_count
250.721: GenCollectForAllocation          [      33          1              1    ]      [     0     0     0     0     9    ]  1
2017-11-22T07:10:44.824+0800: 250.731: Total time for which application threads were stopped: 0.0096568 seconds, Stopping threads took: 0.0000986 seconds
2017-11-22T07:10:45.100+0800: 251.007: [GC (Allocation Failure) 2017-11-22T07:10:45.100+0800: 251.007: [ParNew: 142893K->4974K(154880K), 0.0109901 secs] 4680441K->4542522K(6289088K), 0.0110720 secs] [Times: user=0.08 sys=0.00, real=0.01 secs]
         vmop                    [threads: total initially_running wait_to_block]    [time: spin block sync cleanup vmop] page_trap_count
251.007: GenCollectForAllocation          [      33          0              0    ]      [     0     0     0     0    11    ]  0
2017-11-22T07:10:45.111+0800: 251.018: Total time for which application threads were stopped: 0.0113772 seconds, Stopping threads took: 0.0000633 seconds
         vmop                    [threads: total initially_running wait_to_block]    [time: spin block sync cleanup vmop] page_trap_count
251.238: RevokeBias                       [      33          0              0    ]      [     0     0     0     0     0    ]  0
2017-11-22T07:10:45.331+0800: 251.238: Total time for which application threads were stopped: 0.0002615 seconds, Stopping threads took: 0.0000425 seconds
2017-11-22T07:10:45.376+0800: 251.283: [GC (Allocation Failure) 2017-11-22T07:10:45.376+0800: 251.283: [ParNew: 142702K->5038K(154880K), 0.0099978 secs] 4680250K->4542585K(6289088K), 0.0100771 secs] [Times: user=0.06 sys=0.00, real=0.01 secs]
         vmop                    [threads: total initially_running wait_to_block]    [time: spin block sync cleanup vmop] page_trap_count
251.283: GenCollectForAllocation          [      33          0              0    ]      [     0     0     0     0    10    ]  0
2017-11-22T07:10:45.386+0800: 251.293: Total time for which application threads were stopped: 0.0103613 seconds, Stopping threads took: 0.0000517 seconds
2017-11-22T07:10:45.657+0800: 251.564: [GC (Allocation Failure) 2017-11-22T07:10:45.657+0800: 251.564: [ParNew: 142766K->5100K(154880K), 0.0124749 secs] 4680313K->4542647K(6289088K), 0.0125551 secs] [Times: user=0.08 sys=0.00, real=0.01 secs]
         vmop                    [threads: total initially_running wait_to_block]    [time: spin block sync cleanup vmop] page_trap_count
251.564: GenCollectForAllocation          [      33          0              0    ]      [     0     0     0     0    12    ]  0
2017-11-22T07:10:45.670+0800: 251.577: Total time for which application threads were stopped: 0.0128793 seconds, Stopping threads took: 0.0000478 seconds
2017-11-22T07:10:45.942+0800: 251.849: [GC (Allocation Failure) 2017-11-22T07:10:45.942+0800: 251.849: [ParNew: 142828K->5104K(154880K), 0.0077497 secs] 4680375K->4542651K(6289088K), 0.0078335 secs] [Times: user=0.06 sys=0.00, real=0.00 secs]
         vmop                    [threads: total initially_running wait_to_block]    [time: spin block sync cleanup vmop] page_trap_count
251.849: GenCollectForAllocation          [      33          0              0    ]      [     0     0     0     0     7    ]  0
2017-11-22T07:10:45.950+0800: 251.857: Total time for which application threads were stopped: 0.0081741 seconds, Stopping threads took: 0.0000553 seconds
2017-11-22T07:10:46.219+0800: 252.126: [GC (Allocation Failure) 2017-11-22T07:10:46.219+0800: 252.126: [ParNew: 142832K->5167K(154880K), 0.0078582 secs] 4680379K->4542715K(6289088K), 0.0079431 secs] [Times: user=0.06 sys=0.00, real=0.01 secs]
         vmop                    [threads: total initially_running wait_to_block]    [time: spin block sync cleanup vmop] page_trap_count
252.125: GenCollectForAllocation          [      33          0              0    ]      [     0     0     0     0     8    ]  0
2017-11-22T07:10:46.227+0800: 252.134: Total time for which application threads were stopped: 0.0082484 seconds, Stopping threads took: 0.0000554 seconds
         vmop                    [threads: total initially_running wait_to_block]    [time: spin block sync cleanup vmop] page_trap_count
252.300: RevokeBias                       [      33          0              0    ]      [     0     0     0     0     0    ]  0
2017-11-22T07:10:46.393+0800: 252.300: Total time for which application threads were stopped: 0.0002256 seconds, Stopping threads took: 0.0000534 seconds
2017-11-22T07:10:46.499+0800: 252.406: [GC (Allocation Failure) 2017-11-22T07:10:46.499+0800: 252.406: [ParNew: 142895K->5228K(154880K), 0.0072999 secs] 4680443K->4542776K(6289088K), 0.0073782 secs] [Times: user=0.06 sys=0.00, real=0.01 secs]
         vmop                    [threads: total initially_running wait_to_block]    [time: spin block sync cleanup vmop] page_trap_count
252.406: GenCollectForAllocation          [      33          0              0    ]      [     0     0     0     0     7    ]  0
2017-11-22T07:10:46.507+0800: 252.414: Total time for which application threads were stopped: 0.0076735 seconds, Stopping threads took: 0.0000515 seconds
2017-11-22T07:10:46.779+0800: 252.686: [GC (Allocation Failure) 2017-11-22T07:10:46.779+0800: 252.686: [ParNew: 142956K->5101K(154880K), 0.0217153 secs] 4680504K->4542649K(6289088K), 0.0217959 secs] [Times: user=0.09 sys=0.00, real=0.03 secs]
         vmop                    [threads: total initially_running wait_to_block]    [time: spin block sync cleanup vmop] page_trap_count
252.686: GenCollectForAllocation          [      33          0              0    ]      [     0     0     0     0    21    ]  0
2017-11-22T07:10:46.801+0800: 252.708: Total time for which application threads were stopped: 0.0221049 seconds, Stopping threads took: 0.0000562 seconds
2017-11-22T07:10:47.060+0800: 252.967: [GC (Allocation Failure) 2017-11-22T07:10:47.060+0800: 252.967: [ParNew: 142829K->5165K(154880K), 0.0092483 secs] 4680377K->4542713K(6289088K), 0.0093327 secs] [Times: user=0.06 sys=0.01, real=0.01 secs]
         vmop                    [threads: total initially_running wait_to_block]    [time: spin block sync cleanup vmop] page_trap_count
252.966: GenCollectForAllocation          [      33          0              0    ]      [     0     0     0     0     9    ]  0
2017-11-22T07:10:47.069+0800: 252.976: Total time for which application threads were stopped: 0.0096599 seconds, Stopping threads took: 0.0000657 seconds
2017-11-22T07:10:47.339+0800: 253.246: [GC (Allocation Failure) 2017-11-22T07:10:47.339+0800: 253.246: [ParNew: 142893K->5231K(154880K), 0.0090530 secs] 4680441K->4542778K(6289088K), 0.0091545 secs] [Times: user=0.06 sys=0.00, real=0.01 secs]
         vmop                    [threads: total initially_running wait_to_block]    [time: spin block sync cleanup vmop] page_trap_count
253.246: GenCollectForAllocation          [      33          0              0    ]      [     0     0     0     0     9    ]  0
2017-11-22T07:10:47.349+0800: 253.256: Total time for which application threads were stopped: 0.0094454 seconds, Stopping threads took: 0.0000549 seconds
         vmop                    [threads: total initially_running wait_to_block]    [time: spin block sync cleanup vmop] page_trap_count
253.568: RevokeBias                       [      33          0              0    ]      [     0     0     0     0     0    ]  0
2017-11-22T07:10:47.661+0800: 253.568: Total time for which application threads were stopped: 0.0002361 seconds, Stopping threads took: 0.0000514 seconds
2017-11-22T07:10:47.781+0800: 253.688: [GC (Allocation Failure) 2017-11-22T07:10:47.781+0800: 253.688: [ParNew: 142959K->5226K(154880K), 0.0139067 secs] 4680506K->4542774K(6289088K), 0.0139888 secs] [Times: user=0.07 sys=0.00, real=0.01 secs]
         vmop                    [threads: total initially_running wait_to_block]    [time: spin block sync cleanup vmop] page_trap_count
253.687: GenCollectForAllocation          [      33          1              1    ]      [     0     0     0     0    14    ]  1
2017-11-22T07:10:47.795+0800: 253.702: Total time for which application threads were stopped: 0.0143443 seconds, Stopping threads took: 0.0000896 seconds
2017-11-22T07:10:47.900+0800: 253.807: [GC (Allocation Failure) 2017-11-22T07:10:47.900+0800: 253.807: [ParNew: 142954K->5233K(154880K), 0.0073058 secs] 4680502K->4542780K(6289088K), 0.0073804 secs] [Times: user=0.06 sys=0.00, real=0.01 secs]
         vmop                    [threads: total initially_running wait_to_block]    [time: spin block sync cleanup vmop] page_trap_count
253.806: GenCollectForAllocation          [      33          0              0    ]      [     0     0     0     0     7    ]  0
2017-11-22T07:10:47.907+0800: 253.814: Total time for which application threads were stopped: 0.0076720 seconds, Stopping threads took: 0.0000563 seconds
2017-11-22T07:10:48.179+0800: 254.086: [GC (Allocation Failure) 2017-11-22T07:10:48.180+0800: 254.086: [ParNew: 142961K->5231K(154880K), 0.0093367 secs] 4680508K->4542778K(6289088K), 0.0094115 secs] [Times: user=0.06 sys=0.00, real=0.01 secs]
         vmop                    [threads: total initially_running wait_to_block]    [time: spin block sync cleanup vmop] page_trap_count
254.086: GenCollectForAllocation          [      33          0              0    ]      [     0     0     0     0     9    ]  0
2017-11-22T07:10:48.189+0800: 254.096: Total time for which application threads were stopped: 0.0097003 seconds, Stopping threads took: 0.0000476 seconds
2017-11-22T07:10:48.460+0800: 254.367: [GC (Allocation Failure) 2017-11-22T07:10:48.460+0800: 254.367: [ParNew: 142959K->5292K(154880K), 0.0188239 secs] 4680506K->4542840K(6289088K), 0.0189172 secs] [Times: user=0.07 sys=0.00, real=0.02 secs]
         vmop                    [threads: total initially_running wait_to_block]    [time: spin block sync cleanup vmop] page_trap_count
254.367: GenCollectForAllocation          [      33          0              0    ]      [     0     0     0     0    19    ]  0
2017-11-22T07:10:48.479+0800: 254.386: Total time for which application threads were stopped: 0.0192321 seconds, Stopping threads took: 0.0000525 seconds
2017-11-22T07:10:48.739+0800: 254.646: [GC (Allocation Failure) 2017-11-22T07:10:48.739+0800: 254.646: [ParNew: 143020K->5167K(154880K), 0.0094984 secs] 4680568K->4542715K(6289088K), 0.0095835 secs] [Times: user=0.06 sys=0.01, real=0.01 secs]
         vmop                    [threads: total initially_running wait_to_block]    [time: spin block sync cleanup vmop] page_trap_count
254.646: GenCollectForAllocation          [      33          0              0    ]      [     0     0     0     0     9    ]  0
2017-11-22T07:10:48.749+0800: 254.656: Total time for which application threads were stopped: 0.0098672 seconds, Stopping threads took: 0.0000492 seconds
         vmop                    [threads: total initially_running wait_to_block]    [time: spin block sync cleanup vmop] page_trap_count
254.656: RevokeBias                       [      33          1              1    ]      [     0     0     0     0     0    ]  1
2017-11-22T07:10:48.749+0800: 254.656: Total time for which application threads were stopped: 0.0002210 seconds, Stopping threads took: 0.0000746 seconds
2017-11-22T07:10:49.019+0800: 254.926: [GC (Allocation Failure) 2017-11-22T07:10:49.020+0800: 254.926: [ParNew: 142895K->5165K(154880K), 0.0131762 secs] 4680443K->4542713K(6289088K), 0.0132701 secs] [Times: user=0.07 sys=0.00, real=0.02 secs]
         vmop                    [threads: total initially_running wait_to_block]    [time: spin block sync cleanup vmop] page_trap_count
254.926: GenCollectForAllocation          [      33          0              0    ]      [     0     0     0     0    13    ]  0
2017-11-22T07:10:49.033+0800: 254.940: Total time for which application threads were stopped: 0.0135722 seconds, Stopping threads took: 0.0000534 seconds
2017-11-22T07:10:49.298+0800: 255.205: [GC (Allocation Failure) 2017-11-22T07:10:49.298+0800: 255.205: [ParNew: 142893K->5103K(154880K), 0.0163694 secs] 4680441K->4542651K(6289088K), 0.0164710 secs] [Times: user=0.07 sys=0.01, real=0.02 secs]
         vmop                    [threads: total initially_running wait_to_block]    [time: spin block sync cleanup vmop] page_trap_count
255.205: GenCollectForAllocation          [      33          0              0    ]      [     0     0     0     0    16    ]  0
2017-11-22T07:10:49.314+0800: 255.221: Total time for which application threads were stopped: 0.0168158 seconds, Stopping threads took: 0.0000485 seconds
         vmop                    [threads: total initially_running wait_to_block]    [time: spin block sync cleanup vmop] page_trap_count
255.345: RevokeBias                       [      33          0              0    ]      [     0     0     0     0     0    ]  0
2017-11-22T07:10:49.439+0800: 255.346: Total time for which application threads were stopped: 0.0002354 seconds, Stopping threads took: 0.0000514 seconds
2017-11-22T07:10:49.638+0800: 255.545: [GC (Allocation Failure) 2017-11-22T07:10:49.638+0800: 255.545: [ParNew: 142831K->4210K(154880K), 0.0142714 secs] 4680379K->4541758K(6289088K), 0.0143605 secs] [Times: user=0.07 sys=0.00, real=0.01 secs]
         vmop                    [threads: total initially_running wait_to_block]    [time: spin block sync cleanup vmop] page_trap_count
255.545: GenCollectForAllocation          [      33          0              0    ]      [     0     0     0     0    14    ]  0
2017-11-22T07:10:49.653+0800: 255.560: Total time for which application threads were stopped: 0.0146816 seconds, Stopping threads took: 0.0000483 seconds
2017-11-22T07:10:49.829+0800: 255.736: [GC (Allocation Failure) 2017-11-22T07:10:49.829+0800: 255.736: [ParNew: 141938K->5233K(154880K), 0.0120913 secs] 4679486K->4542781K(6289088K), 0.0121839 secs] [Times: user=0.07 sys=0.00, real=0.02 secs]
         vmop                    [threads: total initially_running wait_to_block]    [time: spin block sync cleanup vmop] page_trap_count
255.736: GenCollectForAllocation          [      33          0              0    ]      [     0     0     0     0    12    ]  0
2017-11-22T07:10:49.841+0800: 255.748: Total time for which application threads were stopped: 0.0125379 seconds, Stopping threads took: 0.0000717 seconds
2017-11-22T07:10:50.106+0800: 256.013: [GC (Allocation Failure) 2017-11-22T07:10:50.106+0800: 256.013: [ParNew: 142961K->5104K(154880K), 0.0074350 secs] 4680509K->4542652K(6289088K), 0.0075128 secs] [Times: user=0.05 sys=0.00, real=0.01 secs]
         vmop                    [threads: total initially_running wait_to_block]    [time: spin block sync cleanup vmop] page_trap_count
256.013: GenCollectForAllocation          [      33          0              0    ]      [     0     0     0     0     7    ]  0
2017-11-22T07:10:50.114+0800: 256.021: Total time for which application threads were stopped: 0.0078426 seconds, Stopping threads took: 0.0000590 seconds
         vmop                    [threads: total initially_running wait_to_block]    [time: spin block sync cleanup vmop] page_trap_count
256.191: RevokeBias                       [      33          0              0    ]      [     0     0     0     0     0    ]  0
2017-11-22T07:10:50.284+0800: 256.191: Total time for which application threads were stopped: 0.0002767 seconds, Stopping threads took: 0.0000532 seconds
2017-11-22T07:10:50.382+0800: 256.289: [GC (Allocation Failure) 2017-11-22T07:10:50.382+0800: 256.289: [ParNew: 142832K->5165K(154880K), 0.0094248 secs] 4680380K->4542713K(6289088K), 0.0094995 secs] [Times: user=0.06 sys=0.00, real=0.00 secs]
         vmop                    [threads: total initially_running wait_to_block]    [time: spin block sync cleanup vmop] page_trap_count
256.289: GenCollectForAllocation          [      33          1              1    ]      [     0     0     0     0     9    ]  0
2017-11-22T07:10:50.392+0800: 256.299: Total time for which application threads were stopped: 0.0098114 seconds, Stopping threads took: 0.0000829 seconds
2017-11-22T07:10:50.638+0800: 256.545: [GC (Allocation Failure) 2017-11-22T07:10:50.638+0800: 256.545: [ParNew: 142893K->5040K(154880K), 0.0096530 secs] 4680441K->4542588K(6289088K), 0.0097425 secs] [Times: user=0.05 sys=0.00, real=0.01 secs]
         vmop                    [threads: total initially_running wait_to_block]    [time: spin block sync cleanup vmop] page_trap_count
256.545: GenCollectForAllocation          [      33          0              0    ]      [     0     0     0     0     9    ]  0
2017-11-22T07:10:50.648+0800: 256.555: Total time for which application threads were stopped: 0.0100817 seconds, Stopping threads took: 0.0000573 seconds
2017-11-22T07:10:50.892+0800: 256.799: [GC (Allocation Failure) 2017-11-22T07:10:50.892+0800: 256.799: [ParNew: 142768K->5165K(154880K), 0.0099607 secs] 4680316K->4542714K(6289088K), 0.0100647 secs] [Times: user=0.06 sys=0.00, real=0.02 secs]
         vmop                    [threads: total initially_running wait_to_block]    [time: spin block sync cleanup vmop] page_trap_count
256.799: GenCollectForAllocation          [      33          0              0    ]      [     0     0     0     0    10    ]  0
2017-11-22T07:10:50.902+0800: 256.809: Total time for which application threads were stopped: 0.0104027 seconds, Stopping threads took: 0.0000653 seconds
2017-11-22T07:10:51.148+0800: 257.055: [GC (Allocation Failure) 2017-11-22T07:10:51.148+0800: 257.055: [ParNew: 142893K->4975K(154880K), 0.0109173 secs] 4680442K->4542523K(6289088K), 0.0109872 secs] [Times: user=0.08 sys=0.00, real=0.01 secs]
         vmop                    [threads: total initially_running wait_to_block]    [time: spin block sync cleanup vmop] page_trap_count
257.055: GenCollectForAllocation          [      33          0              0    ]      [     0     0     0     0    11    ]  0
2017-11-22T07:10:51.159+0800: 257.066: Total time for which application threads were stopped: 0.0113065 seconds, Stopping threads took: 0.0000887 seconds
         vmop                    [threads: total initially_running wait_to_block]    [time: spin block sync cleanup vmop] page_trap_count
257.073: RevokeBias                       [      33          0              0    ]      [     0     0     0     0     0    ]  0
2017-11-22T07:10:51.167+0800: 257.074: Total time for which application threads were stopped: 0.0002534 seconds, Stopping threads took: 0.0000521 seconds
2017-11-22T07:10:51.377+0800: 257.284: [GC (Allocation Failure) 2017-11-22T07:10:51.377+0800: 257.284: [ParNew: 142703K->5007K(154880K), 0.0107273 secs] 4680251K->4542555K(6289088K), 0.0108135 secs] [Times: user=0.07 sys=0.00, real=0.01 secs]
         vmop                    [threads: total initially_running wait_to_block]    [time: spin block sync cleanup vmop] page_trap_count
257.284: GenCollectForAllocation          [      33          0              0    ]      [     0     0     0     0    10    ]  0
2017-11-22T07:10:51.388+0800: 257.295: Total time for which application threads were stopped: 0.0111394 seconds, Stopping threads took: 0.0000594 seconds
         vmop                    [threads: total initially_running wait_to_block]    [time: spin block sync cleanup vmop] page_trap_count
257.453: RevokeBias                       [      33          1              1    ]      [     0     0     0     0     0    ]  1
2017-11-22T07:10:51.547+0800: 257.454: Total time for which application threads were stopped: 0.0002677 seconds, Stopping threads took: 0.0000761 seconds
         vmop                    [threads: total initially_running wait_to_block]    [time: spin block sync cleanup vmop] page_trap_count
257.538: RevokeBias                       [      33          0              0    ]      [     0     0     0     0     0    ]  0
2017-11-22T07:10:51.631+0800: 257.538: Total time for which application threads were stopped: 0.0002102 seconds, Stopping threads took: 0.0000578 seconds
2017-11-22T07:10:51.642+0800: 257.549: [GC (Allocation Failure) 2017-11-22T07:10:51.642+0800: 257.549: [ParNew: 142735K->5175K(154880K), 0.0072751 secs] 4680283K->4542724K(6289088K), 0.0073528 secs] [Times: user=0.05 sys=0.00, real=0.00 secs]
         vmop                    [threads: total initially_running wait_to_block]    [time: spin block sync cleanup vmop] page_trap_count
257.549: GenCollectForAllocation          [      33          0              0    ]      [     0     0     0     0     7    ]  0
2017-11-22T07:10:51.650+0800: 257.557: Total time for which application threads were stopped: 0.0076402 seconds, Stopping threads took: 0.0000485 seconds
2017-11-22T07:10:51.851+0800: 257.758: [GC (Allocation Failure) 2017-11-22T07:10:51.851+0800: 257.758: [ParNew: 142903K->5176K(154880K), 0.0121658 secs] 4680452K->4542725K(6289088K), 0.0122464 secs] [Times: user=0.09 sys=0.00, real=0.02 secs]
         vmop                    [threads: total initially_running wait_to_block]    [time: spin block sync cleanup vmop] page_trap_count
257.758: GenCollectForAllocation          [      33          0              0    ]      [     0     0     0     0    12    ]  0
2017-11-22T07:10:51.863+0800: 257.770: Total time for which application threads were stopped: 0.0125597 seconds, Stopping threads took: 0.0000541 seconds
2017-11-22T07:10:52.065+0800: 257.972: [GC (Allocation Failure) 2017-11-22T07:10:52.065+0800: 257.972: [ParNew: 142904K->4920K(154880K), 0.0119426 secs] 4680453K->4542469K(6289088K), 0.0120229 secs] [Times: user=0.08 sys=0.00, real=0.01 secs]
         vmop                    [threads: total initially_running wait_to_block]    [time: spin block sync cleanup vmop] page_trap_count
257.972: GenCollectForAllocation          [      33          0              0    ]      [     0     0     0     0    12    ]  0
2017-11-22T07:10:52.077+0800: 257.984: Total time for which application threads were stopped: 0.0123101 seconds, Stopping threads took: 0.0000610 seconds
2017-11-22T07:10:52.261+0800: 258.168: [GC (Allocation Failure) 2017-11-22T07:10:52.261+0800: 258.168: [ParNew: 142648K->5237K(154880K), 0.0090774 secs] 4680197K->4542785K(6289088K), 0.0091655 secs] [Times: user=0.06 sys=0.00, real=0.00 secs]
         vmop                    [threads: total initially_running wait_to_block]    [time: spin block sync cleanup vmop] page_trap_count
258.168: GenCollectForAllocation          [      33          0              0    ]      [     0     0     0     0     9    ]  0
2017-11-22T07:10:52.270+0800: 258.177: Total time for which application threads were stopped: 0.0094895 seconds, Stopping threads took: 0.0000543 seconds
2017-11-22T07:10:52.473+0800: 258.380: [GC (Allocation Failure) 2017-11-22T07:10:52.473+0800: 258.380: [ParNew: 142965K->4924K(154880K), 0.0137964 secs] 4680513K->4542472K(6289088K), 0.0138752 secs] [Times: user=0.07 sys=0.00, real=0.01 secs]
         vmop                    [threads: total initially_running wait_to_block]    [time: spin block sync cleanup vmop] page_trap_count
258.380: GenCollectForAllocation          [      33          0              0    ]      [     0     0     0     0    13    ]  0
2017-11-22T07:10:52.497+0800: 258.404: Total time for which application threads were stopped: 0.0237825 seconds, Stopping threads took: 0.0000585 seconds
         vmop                    [threads: total initially_running wait_to_block]    [time: spin block sync cleanup vmop] page_trap_count
258.446: RevokeBias                       [      33          0              0    ]      [     0     0     0     0     0    ]  0
2017-11-22T07:10:52.539+0800: 258.446: Total time for which application threads were stopped: 0.0002236 seconds, Stopping threads took: 0.0000478 seconds
2017-11-22T07:10:52.688+0800: 258.594: [GC (Allocation Failure) 2017-11-22T07:10:52.688+0800: 258.595: [ParNew: 142652K->4662K(154880K), 0.0099000 secs] 4680200K->4542211K(6289088K), 0.0099803 secs] [Times: user=0.07 sys=0.00, real=0.01 secs]
         vmop                    [threads: total initially_running wait_to_block]    [time: spin block sync cleanup vmop] page_trap_count
258.594: GenCollectForAllocation          [      33          0              0    ]      [     0     0     0     0    10    ]  0
2017-11-22T07:10:52.698+0800: 258.605: Total time for which application threads were stopped: 0.0103079 seconds, Stopping threads took: 0.0000615 seconds
         vmop                    [threads: total initially_running wait_to_block]    [time: spin block sync cleanup vmop] page_trap_count
258.637: RevokeBias                       [      33          0              0    ]      [     0     0     0     0     0    ]  0
2017-11-22T07:10:52.731+0800: 258.638: Total time for which application threads were stopped: 0.0002283 seconds, Stopping threads took: 0.0000492 seconds
2017-11-22T07:10:52.859+0800: 258.766: [GC (Allocation Failure) 2017-11-22T07:10:52.859+0800: 258.766: [ParNew: 142390K->5042K(154880K), 0.0075099 secs] 4679939K->4542600K(6289088K), 0.0075853 secs] [Times: user=0.06 sys=0.00, real=0.01 secs]
         vmop                    [threads: total initially_running wait_to_block]    [time: spin block sync cleanup vmop] page_trap_count
258.766: GenCollectForAllocation          [      33          0              0    ]      [     0     0     0     0     7    ]  0
2017-11-22T07:10:52.867+0800: 258.774: Total time for which application threads were stopped: 0.0078930 seconds, Stopping threads took: 0.0000457 seconds
2017-11-22T07:10:53.137+0800: 259.044: [GC (Allocation Failure) 2017-11-22T07:10:53.137+0800: 259.044: [ParNew: 142770K->2429K(154880K), 0.0102488 secs] 4680328K->4539987K(6289088K), 0.0103354 secs] [Times: user=0.06 sys=0.00, real=0.01 secs]
         vmop                    [threads: total initially_running wait_to_block]    [time: spin block sync cleanup vmop] page_trap_count
259.044: GenCollectForAllocation          [      33          0              0    ]      [     0     0     0     0    10    ]  0
2017-11-22T07:10:53.147+0800: 259.054: Total time for which application threads were stopped: 0.0106891 seconds, Stopping threads took: 0.0000606 seconds
2017-11-22T07:10:53.219+0800: 259.126: [GC (Allocation Failure) 2017-11-22T07:10:53.219+0800: 259.126: [ParNew: 140157K->4404K(154880K), 0.0136613 secs] 4677715K->4541962K(6289088K), 0.0137595 secs] [Times: user=0.06 sys=0.00, real=0.02 secs]
         vmop                    [threads: total initially_running wait_to_block]    [time: spin block sync cleanup vmop] page_trap_count
259.126: GenCollectForAllocation          [      33          0              0    ]      [     0     0     0     0    13    ]  0
2017-11-22T07:10:53.233+0800: 259.140: Total time for which application threads were stopped: 0.0141251 seconds, Stopping threads took: 0.0000602 seconds
2017-11-22T07:10:53.359+0800: 259.266: [GC (Allocation Failure) 2017-11-22T07:10:53.359+0800: 259.266: [ParNew: 142132K->5231K(154880K), 0.0146598 secs] 4679690K->4542788K(6289088K), 0.0147380 secs] [Times: user=0.07 sys=0.00, real=0.02 secs]
         vmop                    [threads: total initially_running wait_to_block]    [time: spin block sync cleanup vmop] page_trap_count
259.265: GenCollectForAllocation          [      33          0              0    ]      [     0     0     0     0    14    ]  0
2017-11-22T07:10:53.373+0800: 259.280: Total time for which application threads were stopped: 0.0150631 seconds, Stopping threads took: 0.0000589 seconds
2017-11-22T07:10:53.544+0800: 259.451: [GC (Allocation Failure) 2017-11-22T07:10:53.544+0800: 259.451: [ParNew: 142959K->5105K(154880K), 0.0099687 secs] 4680516K->4542663K(6289088K), 0.0100611 secs] [Times: user=0.05 sys=0.01, real=0.01 secs]
         vmop                    [threads: total initially_running wait_to_block]    [time: spin block sync cleanup vmop] page_trap_count
259.451: GenCollectForAllocation          [      33          0              0    ]      [     0     0     0     0    10    ]  0
2017-11-22T07:10:53.554+0800: 259.461: Total time for which application threads were stopped: 0.0103954 seconds, Stopping threads took: 0.0000616 seconds
2017-11-22T07:10:53.766+0800: 259.673: [GC (Allocation Failure) 2017-11-22T07:10:53.767+0800: 259.673: [ParNew: 142833K->3830K(154880K), 0.0073618 secs] 4680391K->4541389K(6289088K), 0.0074625 secs] [Times: user=0.06 sys=0.00, real=0.01 secs]
         vmop                    [threads: total initially_running wait_to_block]    [time: spin block sync cleanup vmop] page_trap_count
259.673: GenCollectForAllocation          [      33          0              0    ]      [     0     0     0     0     7    ]  0
2017-11-22T07:10:53.774+0800: 259.681: Total time for which application threads were stopped: 0.0078574 seconds, Stopping threads took: 0.0000602 seconds
2017-11-22T07:10:53.861+0800: 259.768: [GC (Allocation Failure) 2017-11-22T07:10:53.861+0800: 259.768: [ParNew: 141558K->5101K(154880K), 0.0069627 secs] 4679117K->4542660K(6289088K), 0.0070546 secs] [Times: user=0.05 sys=0.00, real=0.00 secs]
         vmop                    [threads: total initially_running wait_to_block]    [time: spin block sync cleanup vmop] page_trap_count
259.768: GenCollectForAllocation          [      33          0              0    ]      [     0     0     0     0     7    ]  0
2017-11-22T07:10:53.868+0800: 259.775: Total time for which application threads were stopped: 0.0073590 seconds, Stopping threads took: 0.0000577 seconds
2017-11-22T07:10:54.027+0800: 259.934: [GC (Allocation Failure) 2017-11-22T07:10:54.027+0800: 259.934: [ParNew: 142829K->5231K(154880K), 0.0145857 secs] 4680388K->4542789K(6289088K), 0.0146631 secs] [Times: user=0.07 sys=0.00, real=0.02 secs]
         vmop                    [threads: total initially_running wait_to_block]    [time: spin block sync cleanup vmop] page_trap_count
259.934: GenCollectForAllocation          [      33          0              0    ]      [     0     0     0     0    14    ]  0
2017-11-22T07:10:54.042+0800: 259.949: Total time for which application threads were stopped: 0.0149960 seconds, Stopping threads took: 0.0000533 seconds
2017-11-22T07:10:54.184+0800: 260.091: [GC (Allocation Failure) 2017-11-22T07:10:54.184+0800: 260.091: [ParNew: 142959K->5296K(154880K), 0.0089337 secs] 4680517K->4542855K(6289088K), 0.0090260 secs] [Times: user=0.05 sys=0.00, real=0.01 secs]
         vmop                    [threads: total initially_running wait_to_block]    [time: spin block sync cleanup vmop] page_trap_count
260.091: GenCollectForAllocation          [      33          0              0    ]      [     0     0     0     0     9    ]  0
2017-11-22T07:10:54.193+0800: 260.100: Total time for which application threads were stopped: 0.0093172 seconds, Stopping threads took: 0.0000494 seconds
2017-11-22T07:10:54.341+0800: 260.248: [GC (Allocation Failure) 2017-11-22T07:10:54.341+0800: 260.248: [ParNew: 143024K->4847K(154880K), 0.0078088 secs] 4680583K->4542405K(6289088K), 0.0078982 secs] [Times: user=0.06 sys=0.00, real=0.00 secs]
         vmop                    [threads: total initially_running wait_to_block]    [time: spin block sync cleanup vmop] page_trap_count
260.248: GenCollectForAllocation          [      33          0              0    ]      [     0     0     0     0     7    ]  0
2017-11-22T07:10:54.349+0800: 260.256: Total time for which application threads were stopped: 0.0081873 seconds, Stopping threads took: 0.0000640 seconds
2017-11-22T07:10:54.474+0800: 260.381: [GC (Allocation Failure) 2017-11-22T07:10:54.474+0800: 260.381: [ParNew: 142575K->4848K(154880K), 0.0111424 secs] 4680133K->4542406K(6289088K), 0.0112411 secs] [Times: user=0.06 sys=0.00, real=0.01 secs]
         vmop                    [threads: total initially_running wait_to_block]    [time: spin block sync cleanup vmop] page_trap_count
260.381: GenCollectForAllocation          [      33          0              0    ]      [     0     0     0     0    11    ]  0
2017-11-22T07:10:54.485+0800: 260.392: Total time for which application threads were stopped: 0.0115897 seconds, Stopping threads took: 0.0000711 seconds
2017-11-22T07:10:54.742+0800: 260.649: [GC (Allocation Failure) 2017-11-22T07:10:54.742+0800: 260.649: [ParNew: 142576K->2240K(154880K), 0.0088141 secs] 4680134K->4539798K(6289088K), 0.0088999 secs] [Times: user=0.05 sys=0.00, real=0.00 secs]
         vmop                    [threads: total initially_running wait_to_block]    [time: spin block sync cleanup vmop] page_trap_count
260.649: GenCollectForAllocation          [      33          1              2    ]      [     0     0     0     0     8    ]  0
2017-11-22T07:10:54.751+0800: 260.658: Total time for which application threads were stopped: 0.0092477 seconds, Stopping threads took: 0.0001137 seconds
2017-11-22T07:10:54.851+0800: 260.758: [GC (Allocation Failure) 2017-11-22T07:10:54.851+0800: 260.758: [ParNew: 139968K->1664K(154880K), 0.0106554 secs] 4677526K->4539222K(6289088K), 0.0107389 secs] [Times: user=0.08 sys=0.00, real=0.02 secs]
         vmop                    [threads: total initially_running wait_to_block]    [time: spin block sync cleanup vmop] page_trap_count
260.758: GenCollectForAllocation          [      33          0              0    ]      [     0     0     0     0    10    ]  0
2017-11-22T07:10:54.862+0800: 260.769: Total time for which application threads were stopped: 0.0110402 seconds, Stopping threads took: 0.0000570 seconds
2017-11-22T07:10:54.934+0800: 260.841: [GC (Allocation Failure) 2017-11-22T07:10:54.934+0800: 260.841: [ParNew: 139392K->3579K(154880K), 0.0092903 secs] 4676950K->4541137K(6289088K), 0.0093818 secs] [Times: user=0.06 sys=0.00, real=0.01 secs]
         vmop                    [threads: total initially_running wait_to_block]    [time: spin block sync cleanup vmop] page_trap_count
260.840: GenCollectForAllocation          [      33          0              0    ]      [     0     0     0     0     9    ]  0
2017-11-22T07:10:54.943+0800: 260.850: Total time for which application threads were stopped: 0.0097211 seconds, Stopping threads took: 0.0000794 seconds
         vmop                    [threads: total initially_running wait_to_block]    [time: spin block sync cleanup vmop] page_trap_count
260.916: RevokeBias                       [      33          1              1    ]      [     0     0     0     0     0    ]  1
2017-11-22T07:10:55.009+0800: 260.916: Total time for which application threads were stopped: 0.0002686 seconds, Stopping threads took: 0.0000707 seconds
2017-11-22T07:10:55.018+0800: 260.925: [GC (Allocation Failure) 2017-11-22T07:10:55.018+0800: 260.925: [ParNew: 141307K->5102K(154880K), 0.0145551 secs] 4678865K->4542660K(6289088K), 0.0146335 secs] [Times: user=0.08 sys=0.00, real=0.02 secs]
         vmop                    [threads: total initially_running wait_to_block]    [time: spin block sync cleanup vmop] page_trap_count
260.925: GenCollectForAllocation          [      33          0              0    ]      [     0     0     0     0    14    ]  0
2017-11-22T07:10:55.033+0800: 260.940: Total time for which application threads were stopped: 0.0149084 seconds, Stopping threads took: 0.0000386 seconds
2017-11-22T07:10:55.151+0800: 261.058: [GC (Allocation Failure) 2017-11-22T07:10:55.152+0800: 261.058: [ParNew: 142830K->4786K(154880K), 0.0110659 secs] 4680388K->4542344K(6289088K), 0.0111651 secs] [Times: user=0.07 sys=0.00, real=0.02 secs]
         vmop                    [threads: total initially_running wait_to_block]    [time: spin block sync cleanup vmop] page_trap_count
261.058: GenCollectForAllocation          [      33          0              0    ]      [     0     0     0     0    11    ]  0
2017-11-22T07:10:55.163+0800: 261.070: Total time for which application threads were stopped: 0.0115521 seconds, Stopping threads took: 0.0000742 seconds
2017-11-22T07:10:55.284+0800: 261.191: [GC (Allocation Failure) 2017-11-22T07:10:55.284+0800: 261.191: [ParNew: 142514K->5228K(154880K), 0.0133431 secs] 4680072K->4542787K(6289088K), 0.0134325 secs] [Times: user=0.08 sys=0.00, real=0.01 secs]
         vmop                    [threads: total initially_running wait_to_block]    [time: spin block sync cleanup vmop] page_trap_count
261.191: GenCollectForAllocation          [      33          0              0    ]      [     0     0     0     0    13    ]  0
2017-11-22T07:10:55.298+0800: 261.205: Total time for which application threads were stopped: 0.0137861 seconds, Stopping threads took: 0.0000673 seconds
2017-11-22T07:10:55.433+0800: 261.340: [GC (Allocation Failure) 2017-11-22T07:10:55.433+0800: 261.340: [ParNew: 142956K->4976K(154880K), 0.0103318 secs] 4680515K->4542535K(6289088K), 0.0104182 secs] [Times: user=0.06 sys=0.00, real=0.01 secs]
         vmop                    [threads: total initially_running wait_to_block]    [time: spin block sync cleanup vmop] page_trap_count
261.340: GenCollectForAllocation          [      33          0              0    ]      [     0     0     0     0    10    ]  0
2017-11-22T07:10:55.443+0800: 261.350: Total time for which application threads were stopped: 0.0107770 seconds, Stopping threads took: 0.0000823 seconds
2017-11-22T07:10:55.642+0800: 261.549: [GC (Allocation Failure) 2017-11-22T07:10:55.642+0800: 261.549: [ParNew: 142704K->3576K(154880K), 0.0105807 secs] 4680263K->4541135K(6289088K), 0.0106742 secs] [Times: user=0.07 sys=0.00, real=0.00 secs]
         vmop                    [threads: total initially_running wait_to_block]    [time: spin block sync cleanup vmop] page_trap_count
261.549: GenCollectForAllocation          [      33          0              0    ]      [     0     0     0     0    10    ]  0
2017-11-22T07:10:55.653+0800: 261.560: Total time for which application threads were stopped: 0.0110374 seconds, Stopping threads took: 0.0000538 seconds
2017-11-22T07:10:55.737+0800: 261.644: [GC (Allocation Failure) 2017-11-22T07:10:55.737+0800: 261.644: [ParNew: 141304K->5105K(154880K), 0.0074819 secs] 4678863K->4542664K(6289088K), 0.0075644 secs] [Times: user=0.06 sys=0.00, real=0.01 secs]
         vmop                    [threads: total initially_running wait_to_block]    [time: spin block sync cleanup vmop] page_trap_count
261.644: GenCollectForAllocation          [      33          0              0    ]      [     0     0     0     0     7    ]  0
2017-11-22T07:10:55.745+0800: 261.652: Total time for which application threads were stopped: 0.0078841 seconds, Stopping threads took: 0.0000627 seconds
         vmop                    [threads: total initially_running wait_to_block]    [time: spin block sync cleanup vmop] page_trap_count
261.735: BulkRevokeBias                   [      33          0              0    ]      [     0     0     0     0     0    ]  0
2017-11-22T07:10:55.829+0800: 261.736: Total time for which application threads were stopped: 0.0004182 seconds, Stopping threads took: 0.0000590 seconds
2017-11-22T07:10:55.889+0800: 261.796: [GC (Allocation Failure) 2017-11-22T07:10:55.889+0800: 261.796: [ParNew: 142833K->4915K(154880K), 0.0122688 secs] 4680392K->4542474K(6289088K), 0.0123640 secs] [Times: user=0.07 sys=0.00, real=0.02 secs]
         vmop                    [threads: total initially_running wait_to_block]    [time: spin block sync cleanup vmop] page_trap_count
261.796: GenCollectForAllocation          [      33          0              0    ]      [     0     0     0     0    12    ]  0
2017-11-22T07:10:55.902+0800: 261.809: Total time for which application threads were stopped: 0.0127591 seconds, Stopping threads took: 0.0000712 seconds
2017-11-22T07:10:56.042+0800: 261.949: [GC (Allocation Failure) 2017-11-22T07:10:56.042+0800: 261.949: [ParNew: 142643K->5040K(154880K), 0.0075550 secs] 4680202K->4542598K(6289088K), 0.0076342 secs] [Times: user=0.05 sys=0.00, real=0.00 secs]
         vmop                    [threads: total initially_running wait_to_block]    [time: spin block sync cleanup vmop] page_trap_count
261.949: GenCollectForAllocation          [      33          0              0    ]      [     0     0     0     0     7    ]  0
2017-11-22T07:10:56.050+0800: 261.957: Total time for which application threads were stopped: 0.0079499 seconds, Stopping threads took: 0.0000618 seconds
2017-11-22T07:10:56.198+0800: 262.105: [GC (Allocation Failure) 2017-11-22T07:10:56.198+0800: 262.105: [ParNew: 142768K->5231K(154880K), 0.0126243 secs] 4680326K->4542790K(6289088K), 0.0127304 secs] [Times: user=0.08 sys=0.00, real=0.01 secs]
         vmop                    [threads: total initially_running wait_to_block]    [time: spin block sync cleanup vmop] page_trap_count
262.105: GenCollectForAllocation          [      33          0              0    ]      [     0     0     0     0    12    ]  0
2017-11-22T07:10:56.211+0800: 262.118: Total time for which application threads were stopped: 0.0130973 seconds, Stopping threads took: 0.0000580 seconds
2017-11-22T07:10:56.346+0800: 262.253: [GC (Allocation Failure) 2017-11-22T07:10:56.346+0800: 262.253: [ParNew: 142959K->5169K(154880K), 0.0130200 secs] 4680518K->4542729K(6289088K), 0.0131184 secs] [Times: user=0.06 sys=0.01, real=0.01 secs]
         vmop                    [threads: total initially_running wait_to_block]    [time: spin block sync cleanup vmop] page_trap_count
262.253: GenCollectForAllocation          [      33          0              0    ]      [     0     0     0     0    13    ]  0
2017-11-22T07:10:56.360+0800: 262.267: Total time for which application threads were stopped: 0.0134563 seconds, Stopping threads took: 0.0000661 seconds
2017-11-22T07:10:56.503+0800: 262.410: [GC (Allocation Failure) 2017-11-22T07:10:56.503+0800: 262.410: [ParNew: 142897K->5167K(154880K), 0.0107803 secs] 4680457K->4542726K(6289088K), 0.0108606 secs] [Times: user=0.06 sys=0.00, real=0.01 secs]
         vmop                    [threads: total initially_running wait_to_block]    [time: spin block sync cleanup vmop] page_trap_count
262.409: GenCollectForAllocation          [      33          1              1    ]      [     0     0     0     0    10    ]  1
2017-11-22T07:10:56.514+0800: 262.421: Total time for which application threads were stopped: 0.0111818 seconds, Stopping threads took: 0.0000726 seconds
2017-11-22T07:10:56.651+0800: 262.558: [GC (Allocation Failure) 2017-11-22T07:10:56.651+0800: 262.558: [ParNew: 142895K->5229K(154880K), 0.0086103 secs] 4680454K->4542788K(6289088K), 0.0086991 secs] [Times: user=0.06 sys=0.00, real=0.01 secs]
         vmop                    [threads: total initially_running wait_to_block]    [time: spin block sync cleanup vmop] page_trap_count
262.558: GenCollectForAllocation          [      33          0              0    ]      [     0     0     0     0     8    ]  0
2017-11-22T07:10:56.660+0800: 262.567: Total time for which application threads were stopped: 0.0090432 seconds, Stopping threads took: 0.0000543 seconds
2017-11-22T07:10:56.907+0800: 262.814: [GC (Allocation Failure) 2017-11-22T07:10:56.907+0800: 262.814: [ParNew: 142957K->2430K(154880K), 0.0088850 secs] 4680516K->4539990K(6289088K), 0.0089730 secs] [Times: user=0.06 sys=0.00, real=0.01 secs]
         vmop                    [threads: total initially_running wait_to_block]    [time: spin block sync cleanup vmop] page_trap_count
262.814: GenCollectForAllocation          [      33          0              0    ]      [     0     0     0     0     9    ]  0
2017-11-22T07:10:56.916+0800: 262.823: Total time for which application threads were stopped: 0.0092723 seconds, Stopping threads took: 0.0000596 seconds
2017-11-22T07:10:56.986+0800: 262.893: [GC (Allocation Failure) 2017-11-22T07:10:56.986+0800: 262.893: [ParNew: 140158K->4374K(154880K), 0.0086906 secs] 4677718K->4541933K(6289088K), 0.0087885 secs] [Times: user=0.07 sys=0.00, real=0.01 secs]
         vmop                    [threads: total initially_running wait_to_block]    [time: spin block sync cleanup vmop] page_trap_count
262.893: GenCollectForAllocation          [      33          0              0    ]      [     0     0     0     0     8    ]  0
2017-11-22T07:10:56.995+0800: 262.902: Total time for which application threads were stopped: 0.0091200 seconds, Stopping threads took: 0.0000538 seconds
         vmop                    [threads: total initially_running wait_to_block]    [time: spin block sync cleanup vmop] page_trap_count
262.981: RevokeBias                       [      33          1              2    ]      [     0     0     0     0     0    ]  1
2017-11-22T07:10:57.074+0800: 262.981: Total time for which application threads were stopped: 0.0002843 seconds, Stopping threads took: 0.0001032 seconds
2017-11-22T07:10:57.097+0800: 263.004: [GC (Allocation Failure) 2017-11-22T07:10:57.097+0800: 263.004: [ParNew: 142102K->4921K(154880K), 0.0077783 secs] 4679661K->4542481K(6289088K), 0.0078744 secs] [Times: user=0.04 sys=0.01, real=0.01 secs]
         vmop                    [threads: total initially_running wait_to_block]    [time: spin block sync cleanup vmop] page_trap_count
263.004: GenCollectForAllocation          [      33          0              0    ]      [     0     0     0     0     7    ]  0
2017-11-22T07:10:57.105+0800: 263.012: Total time for which application threads were stopped: 0.0082040 seconds, Stopping threads took: 0.0000532 seconds
2017-11-22T07:10:57.242+0800: 263.149: [GC (Allocation Failure) 2017-11-22T07:10:57.242+0800: 263.149: [ParNew: 142649K->5112K(154880K), 0.0067579 secs] 4680209K->4542672K(6289088K), 0.0068453 secs] [Times: user=0.05 sys=0.00, real=0.00 secs]
         vmop                    [threads: total initially_running wait_to_block]    [time: spin block sync cleanup vmop] page_trap_count
263.149: GenCollectForAllocation          [      33          0              0    ]      [     0     0     0     0     6    ]  0
2017-11-22T07:10:57.249+0800: 263.156: Total time for which application threads were stopped: 0.0071562 seconds, Stopping threads took: 0.0000516 seconds
2017-11-22T07:10:57.400+0800: 263.307: [GC (Allocation Failure) 2017-11-22T07:10:57.400+0800: 263.307: [ParNew: 142840K->4923K(154880K), 0.0117658 secs] 4680400K->4542483K(6289088K), 0.0118743 secs] [Times: user=0.06 sys=0.00, real=0.01 secs]
         vmop                    [threads: total initially_running wait_to_block]    [time: spin block sync cleanup vmop] page_trap_count
263.306: GenCollectForAllocation          [      33          0              0    ]      [     0     0     0     0    11    ]  0
2017-11-22T07:10:57.412+0800: 263.319: Total time for which application threads were stopped: 0.0122485 seconds, Stopping threads took: 0.0000663 seconds
2017-11-22T07:10:57.547+0800: 263.454: [GC (Allocation Failure) 2017-11-22T07:10:57.547+0800: 263.454: [ParNew: 142651K->5241K(154880K), 0.0081180 secs] 4680211K->4542801K(6289088K), 0.0081996 secs] [Times: user=0.06 sys=0.00, real=0.01 secs]
         vmop                    [threads: total initially_running wait_to_block]    [time: spin block sync cleanup vmop] page_trap_count
263.454: GenCollectForAllocation          [      33          0              0    ]      [     0     0     0     0     8    ]  0
2017-11-22T07:10:57.556+0800: 263.463: Total time for which application threads were stopped: 0.0085195 seconds, Stopping threads took: 0.0000543 seconds
2017-11-22T07:10:57.708+0800: 263.615: [GC (Allocation Failure) 2017-11-22T07:10:57.708+0800: 263.615: [ParNew: 142969K->4987K(154880K), 0.0076559 secs] 4680529K->4542547K(6289088K), 0.0077336 secs] [Times: user=0.06 sys=0.00, real=0.01 secs]
         vmop                    [threads: total initially_running wait_to_block]    [time: spin block sync cleanup vmop] page_trap_count
263.615: GenCollectForAllocation          [      33          0              0    ]      [     0     0     0     0     7    ]  0
2017-11-22T07:10:57.716+0800: 263.623: Total time for which application threads were stopped: 0.0080500 seconds, Stopping threads took: 0.0000535 seconds
2017-11-22T07:10:57.853+0800: 263.760: [GC (Allocation Failure) 2017-11-22T07:10:57.853+0800: 263.760: [ParNew: 142715K->5175K(154880K), 0.0104743 secs] 4680275K->4542735K(6289088K), 0.0105591 secs] [Times: user=0.06 sys=0.00, real=0.02 secs]
         vmop                    [threads: total initially_running wait_to_block]    [time: spin block sync cleanup vmop] page_trap_count
263.759: GenCollectForAllocation          [      33          0              0    ]      [     0     0     0     0    10    ]  0
2017-11-22T07:10:57.863+0800: 263.770: Total time for which application threads were stopped: 0.0108777 seconds, Stopping threads took: 0.0000548 seconds
2017-11-22T07:10:58.004+0800: 263.911: [GC (Allocation Failure) 2017-11-22T07:10:58.004+0800: 263.911: [ParNew: 142903K->4972K(154880K), 0.0113918 secs] 4680463K->4542542K(6289088K), 0.0114836 secs] [Times: user=0.08 sys=0.00, real=0.01 secs]
         vmop                    [threads: total initially_running wait_to_block]    [time: spin block sync cleanup vmop] page_trap_count
263.911: GenCollectForAllocation          [      33          0              0    ]      [     0     0     0     0    11    ]  0
2017-11-22T07:10:58.015+0800: 263.922: Total time for which application threads were stopped: 0.0118124 seconds, Stopping threads took: 0.0000614 seconds
2017-11-22T07:10:58.157+0800: 264.064: [GC (Allocation Failure) 2017-11-22T07:10:58.157+0800: 264.064: [ParNew: 142700K->5169K(154880K), 0.0104809 secs] 4680270K->4542739K(6289088K), 0.0105666 secs] [Times: user=0.06 sys=0.00, real=0.01 secs]
         vmop                    [threads: total initially_running wait_to_block]    [time: spin block sync cleanup vmop] page_trap_count
264.064: GenCollectForAllocation          [      33          0              0    ]      [     0     0     0     0    10    ]  0
2017-11-22T07:10:58.168+0800: 264.075: Total time for which application threads were stopped: 0.0109021 seconds, Stopping threads took: 0.0000515 seconds
2017-11-22T07:10:58.330+0800: 264.237: [GC (Allocation Failure) 2017-11-22T07:10:58.330+0800: 264.237: [ParNew: 142897K->5042K(154880K), 0.0076553 secs] 4680467K->4542612K(6289088K), 0.0077415 secs] [Times: user=0.04 sys=0.01, real=0.01 secs]
         vmop                    [threads: total initially_running wait_to_block]    [time: spin block sync cleanup vmop] page_trap_count
264.237: GenCollectForAllocation          [      33          0              0    ]      [     0     0     0     0     7    ]  0
2017-11-22T07:10:58.338+0800: 264.245: Total time for which application threads were stopped: 0.0080433 seconds, Stopping threads took: 0.0000567 seconds
2017-11-22T07:10:58.486+0800: 264.392: [GC (Allocation Failure) 2017-11-22T07:10:58.486+0800: 264.393: [ParNew: 142770K->4849K(154880K), 0.0166598 secs] 4680340K->4542419K(6289088K), 0.0167384 secs] [Times: user=0.09 sys=0.00, real=0.02 secs]
         vmop                    [threads: total initially_running wait_to_block]    [time: spin block sync cleanup vmop] page_trap_count
264.392: GenCollectForAllocation          [      33          0              0    ]      [     0     0     0     0    16    ]  0
2017-11-22T07:10:58.502+0800: 264.409: Total time for which application threads were stopped: 0.0170751 seconds, Stopping threads took: 0.0000501 seconds
2017-11-22T07:10:58.670+0800: 264.577: [GC (Allocation Failure) 2017-11-22T07:10:58.670+0800: 264.577: [ParNew: 142577K->5040K(154880K), 0.0154361 secs] 4680147K->4542610K(6289088K), 0.0155242 secs] [Times: user=0.10 sys=0.00, real=0.02 secs]
         vmop                    [threads: total initially_running wait_to_block]    [time: spin block sync cleanup vmop] page_trap_count
264.577: GenCollectForAllocation          [      33          0              0    ]      [     0     0     0     0    15    ]  0
2017-11-22T07:10:58.686+0800: 264.593: Total time for which application threads were stopped: 0.0158597 seconds, Stopping threads took: 0.0000675 seconds
2017-11-22T07:10:58.830+0800: 264.737: [GC (Allocation Failure) 2017-11-22T07:10:58.830+0800: 264.737: [ParNew: 142768K->5167K(154880K), 0.0091194 secs] 4680338K->4542737K(6289088K), 0.0092090 secs] [Times: user=0.06 sys=0.00, real=0.01 secs]
         vmop                    [threads: total initially_running wait_to_block]    [time: spin block sync cleanup vmop] page_trap_count
264.737: GenCollectForAllocation          [      33          0              0    ]      [     0     0     0     0     9    ]  0
2017-11-22T07:10:58.839+0800: 264.746: Total time for which application threads were stopped: 0.0095693 seconds, Stopping threads took: 0.0000568 seconds
2017-11-22T07:10:58.998+0800: 264.905: [GC (Allocation Failure) 2017-11-22T07:10:58.999+0800: 264.906: [ParNew: 142895K->5165K(154880K), 0.0121731 secs] 4680465K->4542736K(6289088K), 0.0122768 secs] [Times: user=0.07 sys=0.00, real=0.01 secs]
         vmop                    [threads: total initially_running wait_to_block]    [time: spin block sync cleanup vmop] page_trap_count
264.905: GenCollectForAllocation          [      33          0              0    ]      [     0     0     0     0    12    ]  0
2017-11-22T07:10:59.011+0800: 264.918: Total time for which application threads were stopped: 0.0129419 seconds, Stopping threads took: 0.0001066 seconds
2017-11-22T07:10:59.267+0800: 265.174: [GC (Allocation Failure) 2017-11-22T07:10:59.267+0800: 265.174: [ParNew: 142893K->3706K(154880K), 0.0149553 secs] 4680464K->4541276K(6289088K), 0.0150455 secs] [Times: user=0.07 sys=0.00, real=0.02 secs]
         vmop                    [threads: total initially_running wait_to_block]    [time: spin block sync cleanup vmop] page_trap_count
265.173: GenCollectForAllocation          [      33          0              0    ]      [     0     0     0     0    15    ]  0
2017-11-22T07:10:59.282+0800: 265.189: Total time for which application threads were stopped: 0.0153684 seconds, Stopping threads took: 0.0000539 seconds
2017-11-22T07:10:59.394+0800: 265.301: [GC (Allocation Failure) 2017-11-22T07:10:59.394+0800: 265.301: [ParNew: 141434K->5106K(154880K), 0.0083180 secs] 4679004K->4542676K(6289088K), 0.0084223 secs] [Times: user=0.06 sys=0.00, real=0.01 secs]
         vmop                    [threads: total initially_running wait_to_block]    [time: spin block sync cleanup vmop] page_trap_count
265.301: GenCollectForAllocation          [      33          0              0    ]      [     0     0     0     0     8    ]  0
2017-11-22T07:10:59.402+0800: 265.309: Total time for which application threads were stopped: 0.0087814 seconds, Stopping threads took: 0.0000528 seconds
2017-11-22T07:10:59.575+0800: 265.482: [GC (Allocation Failure) 2017-11-22T07:10:59.575+0800: 265.482: [ParNew: 142834K->5040K(154880K), 0.0064788 secs] 4680404K->4542610K(6289088K), 0.0065941 secs] [Times: user=0.05 sys=0.00, real=0.01 secs]
         vmop                    [threads: total initially_running wait_to_block]    [time: spin block sync cleanup vmop] page_trap_count
265.482: GenCollectForAllocation          [      33          1              1    ]      [     0     0     0     0     6    ]  1
2017-11-22T07:10:59.582+0800: 265.489: Total time for which application threads were stopped: 0.0070149 seconds, Stopping threads took: 0.0001227 seconds
2017-11-22T07:10:59.759+0800: 265.666: [GC (Allocation Failure) 2017-11-22T07:10:59.759+0800: 265.666: [ParNew: 142768K->5171K(154880K), 0.0091914 secs] 4680338K->4542742K(6289088K), 0.0092941 secs] [Times: user=0.05 sys=0.00, real=0.01 secs]
         vmop                    [threads: total initially_running wait_to_block]    [time: spin block sync cleanup vmop] page_trap_count
265.666: GenCollectForAllocation          [      33          0              0    ]      [     0     0     0     0     9    ]  0
2017-11-22T07:10:59.769+0800: 265.676: Total time for which application threads were stopped: 0.0096269 seconds, Stopping threads took: 0.0000526 seconds
2017-11-22T07:10:59.956+0800: 265.863: [GC (Allocation Failure) 2017-11-22T07:10:59.956+0800: 265.863: [ParNew: 142899K->4977K(154880K), 0.0156363 secs] 4680470K->4542547K(6289088K), 0.0157214 secs] [Times: user=0.09 sys=0.00, real=0.01 secs]
         vmop                    [threads: total initially_running wait_to_block]    [time: spin block sync cleanup vmop] page_trap_count
265.863: GenCollectForAllocation          [      33          0              0    ]      [     0     0     0     0    15    ]  0
2017-11-22T07:10:59.972+0800: 265.879: Total time for which application threads were stopped: 0.0160177 seconds, Stopping threads took: 0.0000576 seconds
2017-11-22T07:11:00.142+0800: 266.049: [GC (Allocation Failure) 2017-11-22T07:11:00.142+0800: 266.049: [ParNew: 142705K->5290K(154880K), 0.0209604 secs] 4680275K->4542860K(6289088K), 0.0210509 secs] [Times: user=0.09 sys=0.00, real=0.02 secs]
         vmop                    [threads: total initially_running wait_to_block]    [time: spin block sync cleanup vmop] page_trap_count
266.048: GenCollectForAllocation          [      33          0              0    ]      [     0     0     0     0    21    ]  0
2017-11-22T07:11:00.163+0800: 266.070: Total time for which application threads were stopped: 0.0215406 seconds, Stopping threads took: 0.0000578 seconds
2017-11-22T07:11:00.485+0800: 266.392: [GC (Allocation Failure) 2017-11-22T07:11:00.485+0800: 266.392: [ParNew: 143018K->2812K(154880K), 0.0135894 secs] 4680588K->4540383K(6289088K), 0.0136727 secs] [Times: user=0.07 sys=0.00, real=0.01 secs]
         vmop                    [threads: total initially_running wait_to_block]    [time: spin block sync cleanup vmop] page_trap_count
266.392: GenCollectForAllocation          [      33          1              1    ]      [     0     0     0     0    13    ]  1
2017-11-22T07:11:00.499+0800: 266.406: Total time for which application threads were stopped: 0.0140357 seconds, Stopping threads took: 0.0001006 seconds
2017-11-22T07:11:00.570+0800: 266.477: [GC (Allocation Failure) 2017-11-22T07:11:00.570+0800: 266.477: [ParNew: 140540K->4405K(154880K), 0.0146381 secs] 4678111K->4541976K(6289088K), 0.0147261 secs] [Times: user=0.06 sys=0.01, real=0.02 secs]
         vmop                    [threads: total initially_running wait_to_block]    [time: spin block sync cleanup vmop] page_trap_count
266.477: GenCollectForAllocation          [      33          0              0    ]      [     0     0     0     0    14    ]  0
2017-11-22T07:11:00.585+0800: 266.492: Total time for which application threads were stopped: 0.0151113 seconds, Stopping threads took: 0.0000551 seconds
2017-11-22T07:11:00.717+0800: 266.624: [GC (Allocation Failure) 2017-11-22T07:11:00.717+0800: 266.624: [ParNew: 142133K->4974K(154880K), 0.0123314 secs] 4679704K->4542545K(6289088K), 0.0124334 secs] [Times: user=0.06 sys=0.00, real=0.01 secs]
         vmop                    [threads: total initially_running wait_to_block]    [time: spin block sync cleanup vmop] page_trap_count
266.623: GenCollectForAllocation          [      33          0              0    ]      [     0     0     0     0    12    ]  0
2017-11-22T07:11:00.729+0800: 266.636: Total time for which application threads were stopped: 0.0127485 seconds, Stopping threads took: 0.0000554 seconds
2017-11-22T07:11:00.901+0800: 266.808: [GC (Allocation Failure) 2017-11-22T07:11:00.901+0800: 266.808: [ParNew: 142702K->5167K(154880K), 0.0261048 secs] 4680273K->4542738K(6289088K), 0.0261931 secs] [Times: user=0.14 sys=0.00, real=0.02 secs]
         vmop                    [threads: total initially_running wait_to_block]    [time: spin block sync cleanup vmop] page_trap_count
266.808: GenCollectForAllocation          [      33          0              0    ]      [     0     0     0     0    26    ]  0
2017-11-22T07:11:00.927+0800: 266.834: Total time for which application threads were stopped: 0.0265170 seconds, Stopping threads took: 0.0000603 seconds
         vmop                    [threads: total initially_running wait_to_block]    [time: spin block sync cleanup vmop] page_trap_count
266.970: RevokeBias                       [      36          1              1    ]      [     0     0     0     0     0    ]  1
2017-11-22T07:11:01.064+0800: 266.971: Total time for which application threads were stopped: 0.0002649 seconds, Stopping threads took: 0.0000826 seconds
         vmop                    [threads: total initially_running wait_to_block]    [time: spin block sync cleanup vmop] page_trap_count
266.976: RevokeBias                       [      36          0              0    ]      [     0     0     0     0     0    ]  0
2017-11-22T07:11:01.069+0800: 266.976: Total time for which application threads were stopped: 0.0002215 seconds, Stopping threads took: 0.0000569 seconds
2017-11-22T07:11:01.097+0800: 267.004: [GC (Allocation Failure) 2017-11-22T07:11:01.097+0800: 267.004: [ParNew: 142895K->5113K(154880K), 0.0096303 secs] 4680466K->4542684K(6289088K), 0.0097093 secs] [Times: user=0.05 sys=0.01, real=0.01 secs]
         vmop                    [threads: total initially_running wait_to_block]    [time: spin block sync cleanup vmop] page_trap_count
267.003: GenCollectForAllocation          [      36          0              0    ]      [     0     0     0     0     9    ]  0
2017-11-22T07:11:01.106+0800: 267.013: Total time for which application threads were stopped: 0.0100122 seconds, Stopping threads took: 0.0000502 seconds
2017-11-22T07:11:01.400+0800: 267.307: [GC (Allocation Failure) 2017-11-22T07:11:01.400+0800: 267.307: [ParNew: 142841K->2728K(154880K), 0.0130019 secs] 4680412K->4540299K(6289088K), 0.0130952 secs] [Times: user=0.07 sys=0.00, real=0.02 secs]
         vmop                    [threads: total initially_running wait_to_block]    [time: spin block sync cleanup vmop] page_trap_count
267.307: GenCollectForAllocation          [      36          0              0    ]      [     0     0     0     0    13    ]  0
2017-11-22T07:11:01.414+0800: 267.320: Total time for which application threads were stopped: 0.0133937 seconds, Stopping threads took: 0.0000546 seconds
2017-11-22T07:11:01.483+0800: 267.390: [GC (Allocation Failure) 2017-11-22T07:11:01.483+0800: 267.390: [ParNew: 140456K->5082K(154880K), 0.0112308 secs] 4678027K->4542653K(6289088K), 0.0113320 secs] [Times: user=0.08 sys=0.00, real=0.01 secs]
         vmop                    [threads: total initially_running wait_to_block]    [time: spin block sync cleanup vmop] page_trap_count
267.389: GenCollectForAllocation          [      36          0              0    ]      [     0     0     0     0    11    ]  0
2017-11-22T07:11:01.494+0800: 267.401: Total time for which application threads were stopped: 0.0116695 seconds, Stopping threads took: 0.0000616 seconds
2017-11-22T07:11:01.669+0800: 267.576: [GC (Allocation Failure) 2017-11-22T07:11:01.669+0800: 267.576: [ParNew: 142810K->5206K(154880K), 0.0095643 secs] 4680381K->4542777K(6289088K), 0.0096529 secs] [Times: user=0.05 sys=0.00, real=0.01 secs]
         vmop                    [threads: total initially_running wait_to_block]    [time: spin block sync cleanup vmop] page_trap_count
267.576: GenCollectForAllocation          [      36          0              0    ]      [     0     0     0     0     9    ]  0
2017-11-22T07:11:01.679+0800: 267.586: Total time for which application threads were stopped: 0.0099958 seconds, Stopping threads took: 0.0000487 seconds
2017-11-22T07:11:01.857+0800: 267.764: [GC (Allocation Failure) 2017-11-22T07:11:01.857+0800: 267.764: [ParNew: 142934K->5085K(154880K), 0.0138572 secs] 4680505K->4542656K(6289088K), 0.0139387 secs] [Times: user=0.07 sys=0.00, real=0.01 secs]
         vmop                    [threads: total initially_running wait_to_block]    [time: spin block sync cleanup vmop] page_trap_count
267.764: GenCollectForAllocation          [      36          0              0    ]      [     0     0     0     0    14    ]  0
2017-11-22T07:11:01.871+0800: 267.778: Total time for which application threads were stopped: 0.0142436 seconds, Stopping threads took: 0.0000495 seconds
2017-11-22T07:11:02.111+0800: 268.018: [GC (Allocation Failure) 2017-11-22T07:11:02.111+0800: 268.018: [ParNew: 142813K->4126K(154880K), 0.0096534 secs] 4680384K->4541697K(6289088K), 0.0097310 secs] [Times: user=0.06 sys=0.00, real=0.02 secs]
         vmop                    [threads: total initially_running wait_to_block]    [time: spin block sync cleanup vmop] page_trap_count
268.018: GenCollectForAllocation          [      36          0              0    ]      [     0     0     0     0     9    ]  0
2017-11-22T07:11:02.121+0800: 268.028: Total time for which application threads were stopped: 0.0100286 seconds, Stopping threads took: 0.0000495 seconds
2017-11-22T07:11:02.238+0800: 268.145: [GC (Allocation Failure) 2017-11-22T07:11:02.238+0800: 268.145: [ParNew: 141854K->5191K(154880K), 0.0084088 secs] 4679425K->4542790K(6289088K), 0.0084974 secs] [Times: user=0.06 sys=0.00, real=0.01 secs]
         vmop                    [threads: total initially_running wait_to_block]    [time: spin block sync cleanup vmop] page_trap_count
268.145: GenCollectForAllocation          [      36          0              0    ]      [     0     0     0     0     8    ]  0
2017-11-22T07:11:02.247+0800: 268.154: Total time for which application threads were stopped: 0.0088320 seconds, Stopping threads took: 0.0000697 seconds
2017-11-22T07:11:02.443+0800: 268.350: [GC (Allocation Failure) 2017-11-22T07:11:02.443+0800: 268.350: [ParNew: 142919K->5040K(154880K), 0.0151371 secs] 4680518K->4542643K(6289088K), 0.0152237 secs] [Times: user=0.08 sys=0.01, real=0.01 secs]
         vmop                    [threads: total initially_running wait_to_block]    [time: spin block sync cleanup vmop] page_trap_count
268.349: GenCollectForAllocation          [      36          0              0    ]      [     0     0     0     0    15    ]  0
2017-11-22T07:11:02.458+0800: 268.365: Total time for which application threads were stopped: 0.0155538 seconds, Stopping threads took: 0.0000569 seconds
2017-11-22T07:11:02.659+0800: 268.566: [GC (Allocation Failure) 2017-11-22T07:11:02.659+0800: 268.566: [ParNew: 142768K->5233K(154880K), 0.0089717 secs] 4680371K->4542836K(6289088K), 0.0090564 secs] [Times: user=0.06 sys=0.00, real=0.01 secs]
         vmop                    [threads: total initially_running wait_to_block]    [time: spin block sync cleanup vmop] page_trap_count
268.566: GenCollectForAllocation          [      36          0              0    ]      [     0     0     0     0     9    ]  0
2017-11-22T07:11:02.668+0800: 268.575: Total time for which application threads were stopped: 0.0093839 seconds, Stopping threads took: 0.0000655 seconds
2017-11-22T07:11:03.031+0800: 268.938: [GC (Allocation Failure) 2017-11-22T07:11:03.031+0800: 268.938: [ParNew: 142961K->5165K(154880K), 0.0099006 secs] 4680564K->4542768K(6289088K), 0.0099981 secs] [Times: user=0.07 sys=0.00, real=0.02 secs]
         vmop                    [threads: total initially_running wait_to_block]    [time: spin block sync cleanup vmop] page_trap_count
268.938: GenCollectForAllocation          [      36          0              0    ]      [     0     0     0     0    10    ]  0
2017-11-22T07:11:03.041+0800: 268.948: Total time for which application threads were stopped: 0.0103731 seconds, Stopping threads took: 0.0000560 seconds
         vmop                    [threads: total initially_running wait_to_block]    [time: spin block sync cleanup vmop] page_trap_count
269.139: RevokeBias                       [      36          0              0    ]      [     0     0     0     0     0    ]  0
2017-11-22T07:11:03.232+0800: 269.139: Total time for which application threads were stopped: 0.0002148 seconds, Stopping threads took: 0.0000539 seconds
2017-11-22T07:11:03.840+0800: 269.747: [GC (Allocation Failure) 2017-11-22T07:11:03.840+0800: 269.747: [ParNew: 142893K->4817K(154880K), 0.0115119 secs] 4680496K->4542420K(6289088K), 0.0116157 secs] [Times: user=0.08 sys=0.00, real=0.01 secs]
         vmop                    [threads: total initially_running wait_to_block]    [time: spin block sync cleanup vmop] page_trap_count
269.747: GenCollectForAllocation          [      36          0              0    ]      [     0     0     0     0    11    ]  0
2017-11-22T07:11:03.852+0800: 269.759: Total time for which application threads were stopped: 0.0119700 seconds, Stopping threads took: 0.0000575 seconds
         vmop                    [threads: total initially_running wait_to_block]    [time: spin block sync cleanup vmop] page_trap_count
269.786: RevokeBias                       [      36          1              1    ]      [     0     0     0     0     0    ]  0
2017-11-22T07:11:03.880+0800: 269.787: Total time for which application threads were stopped: 0.0003099 seconds, Stopping threads took: 0.0000915 seconds
2017-11-22T07:11:03.988+0800: 269.895: [GC (Allocation Failure) 2017-11-22T07:11:03.988+0800: 269.895: [ParNew: 142545K->5172K(154880K), 0.0118103 secs] 4680148K->4542775K(6289088K), 0.0119079 secs] [Times: user=0.07 sys=0.00, real=0.01 secs]
         vmop                    [threads: total initially_running wait_to_block]    [time: spin block sync cleanup vmop] page_trap_count
269.895: GenCollectForAllocation          [      36          0              0    ]      [     0     0     0     0    12    ]  0
2017-11-22T07:11:04.000+0800: 269.907: Total time for which application threads were stopped: 0.0122598 seconds, Stopping threads took: 0.0000616 seconds
2017-11-22T07:11:04.490+0800: 270.397: [GC (Allocation Failure) 2017-11-22T07:11:04.490+0800: 270.397: [ParNew: 142900K->4986K(154880K), 0.0141289 secs] 4680503K->4542589K(6289088K), 0.0142264 secs] [Times: user=0.08 sys=0.00, real=0.02 secs]
         vmop                    [threads: total initially_running wait_to_block]    [time: spin block sync cleanup vmop] page_trap_count
270.397: GenCollectForAllocation          [      36          0              0    ]      [     0     0     0     0    14    ]  0
2017-11-22T07:11:04.508+0800: 270.415: Total time for which application threads were stopped: 0.0184714 seconds, Stopping threads took: 0.0000514 seconds
2017-11-22T07:11:05.059+0800: 270.966: [GC (Allocation Failure) 2017-11-22T07:11:05.059+0800: 270.966: [ParNew: 142714K->5174K(154880K), 0.0141458 secs] 4680317K->4542777K(6289088K), 0.0142552 secs] [Times: user=0.08 sys=0.00, real=0.02 secs]
         vmop                    [threads: total initially_running wait_to_block]    [time: spin block sync cleanup vmop] page_trap_count
270.966: GenCollectForAllocation          [      36          0              0    ]      [     0     0     0     0    14    ]  0
2017-11-22T07:11:05.074+0800: 270.981: Total time for which application threads were stopped: 0.0145940 seconds, Stopping threads took: 0.0000534 seconds
2017-11-22T07:11:05.608+0800: 271.515: [GC (Allocation Failure) 2017-11-22T07:11:05.608+0800: 271.515: [ParNew: 142902K->5113K(154880K), 0.0132690 secs] 4680505K->4542716K(6289088K), 0.0133510 secs] [Times: user=0.06 sys=0.02, real=0.02 secs]
         vmop                    [threads: total initially_running wait_to_block]    [time: spin block sync cleanup vmop] page_trap_count
271.514: GenCollectForAllocation          [      36          0              0    ]      [     0     0     0     0    13    ]  0
2017-11-22T07:11:05.621+0800: 271.528: Total time for which application threads were stopped: 0.0136589 seconds, Stopping threads took: 0.0000513 seconds
2017-11-22T07:11:06.110+0800: 272.017: [GC (Allocation Failure) 2017-11-22T07:11:06.110+0800: 272.017: [ParNew: 142841K->5117K(154880K), 0.0091670 secs] 4680444K->4542720K(6289088K), 0.0092596 secs] [Times: user=0.06 sys=0.00, real=0.01 secs]
         vmop                    [threads: total initially_running wait_to_block]    [time: spin block sync cleanup vmop] page_trap_count
272.017: GenCollectForAllocation          [      36          0              0    ]      [     0     0     0     0     9    ]  0
2017-11-22T07:11:06.119+0800: 272.026: Total time for which application threads were stopped: 0.0096136 seconds, Stopping threads took: 0.0000579 seconds
2017-11-22T07:11:06.639+0800: 272.546: [GC (Allocation Failure) 2017-11-22T07:11:06.639+0800: 272.546: [ParNew: 142845K->5236K(154880K), 0.0172246 secs] 4680448K->4542839K(6289088K), 0.0173115 secs] [Times: user=0.06 sys=0.00, real=0.02 secs]
         vmop                    [threads: total initially_running wait_to_block]    [time: spin block sync cleanup vmop] page_trap_count
272.545: GenCollectForAllocation          [      36          0              0    ]      [     0     0     0     0    17    ]  0
2017-11-22T07:11:06.656+0800: 272.563: Total time for which application threads were stopped: 0.0176440 seconds, Stopping threads took: 0.0000538 seconds
2017-11-22T07:11:07.186+0800: 273.093: [GC (Allocation Failure) 2017-11-22T07:11:07.186+0800: 273.093: [ParNew: 142964K->4975K(154880K), 0.0249596 secs] 4680567K->4542588K(6289088K), 0.0251223 secs] [Times: user=0.12 sys=0.00, real=0.02 secs]
         vmop                    [threads: total initially_running wait_to_block]    [time: spin block sync cleanup vmop] page_trap_count
273.092: GenCollectForAllocation          [      36          0              0    ]      [     0     0     0     0    25    ]  0
2017-11-22T07:11:07.211+0800: 273.118: Total time for which application threads were stopped: 0.0255868 seconds, Stopping threads took: 0.0000749 seconds
2017-11-22T07:11:07.692+0800: 273.599: [GC (Allocation Failure) 2017-11-22T07:11:07.692+0800: 273.599: [ParNew: 142703K->5170K(154880K), 0.0092725 secs] 4680316K->4542782K(6289088K), 0.0093894 secs] [Times: user=0.06 sys=0.00, real=0.02 secs]
         vmop                    [threads: total initially_running wait_to_block]    [time: spin block sync cleanup vmop] page_trap_count
273.598: GenCollectForAllocation          [      36          1              1    ]      [     0     0     0     0     9    ]  0
2017-11-22T07:11:07.701+0800: 273.608: Total time for which application threads were stopped: 0.0098753 seconds, Stopping threads took: 0.0001738 seconds
2017-11-22T07:11:08.178+0800: 274.085: [GC (Allocation Failure) 2017-11-22T07:11:08.178+0800: 274.085: [ParNew: 142898K->4975K(154880K), 0.0157057 secs] 4680510K->4542652K(6289088K), 0.0157979 secs] [Times: user=0.07 sys=0.00, real=0.02 secs]
         vmop                    [threads: total initially_running wait_to_block]    [time: spin block sync cleanup vmop] page_trap_count
274.085: GenCollectForAllocation          [      36          0              0    ]      [     0     0     0     0    15    ]  0
2017-11-22T07:11:08.194+0800: 274.101: Total time for which application threads were stopped: 0.0160623 seconds, Stopping threads took: 0.0000529 seconds
2017-11-22T07:11:08.633+0800: 274.540: [GC (Allocation Failure) 2017-11-22T07:11:08.633+0800: 274.540: [ParNew: 142703K->5165K(154880K), 0.0266292 secs] 4680380K->4542843K(6289088K), 0.0267125 secs] [Times: user=0.06 sys=0.00, real=0.02 secs]
         vmop                    [threads: total initially_running wait_to_block]    [time: spin block sync cleanup vmop] page_trap_count
274.540: GenCollectForAllocation          [      36          0              0    ]      [     0     0     0     0    26    ]  0
2017-11-22T07:11:08.660+0800: 274.567: Total time for which application threads were stopped: 0.0269789 seconds, Stopping threads took: 0.0000324 seconds
2017-11-22T07:11:09.129+0800: 275.036: [GC (Allocation Failure) 2017-11-22T07:11:09.129+0800: 275.036: [ParNew: 142893K->5101K(154880K), 0.0121853 secs] 4680571K->4542779K(6289088K), 0.0122655 secs] [Times: user=0.06 sys=0.00, real=0.02 secs]
         vmop                    [threads: total initially_running wait_to_block]    [time: spin block sync cleanup vmop] page_trap_count
275.036: GenCollectForAllocation          [      36          0              0    ]      [     0     0     0     0    12    ]  0
2017-11-22T07:11:09.142+0800: 275.049: Total time for which application threads were stopped: 0.0126085 seconds, Stopping threads took: 0.0000634 seconds
2017-11-22T07:11:09.672+0800: 275.579: [GC (Allocation Failure) 2017-11-22T07:11:09.672+0800: 275.579: [ParNew: 142829K->5038K(154880K), 0.0080369 secs] 4680507K->4542716K(6289088K), 0.0081210 secs] [Times: user=0.06 sys=0.00, real=0.01 secs]
         vmop                    [threads: total initially_running wait_to_block]    [time: spin block sync cleanup vmop] page_trap_count
275.579: GenCollectForAllocation          [      36          0              1    ]      [     0     0     0     0     8    ]  0
2017-11-22T07:11:09.680+0800: 275.587: Total time for which application threads were stopped: 0.0085570 seconds, Stopping threads took: 0.0001537 seconds
2017-11-22T07:11:10.158+0800: 276.065: [GC (Allocation Failure) 2017-11-22T07:11:10.158+0800: 276.065: [ParNew: 142766K->5231K(154880K), 0.0102842 secs] 4680444K->4542909K(6289088K), 0.0103630 secs] [Times: user=0.07 sys=0.00, real=0.01 secs]
         vmop                    [threads: total initially_running wait_to_block]    [time: spin block sync cleanup vmop] page_trap_count
276.065: GenCollectForAllocation          [      36          0              0    ]      [     0     0     0     0    10    ]  0
2017-11-22T07:11:10.169+0800: 276.076: Total time for which application threads were stopped: 0.0107155 seconds, Stopping threads took: 0.0000768 seconds
2017-11-22T07:11:10.667+0800: 276.574: [GC (Allocation Failure) 2017-11-22T07:11:10.667+0800: 276.574: [ParNew: 142959K->5228K(154880K), 0.0117152 secs] 4680637K->4542906K(6289088K), 0.0117934 secs] [Times: user=0.07 sys=0.00, real=0.01 secs]
         vmop                    [threads: total initially_running wait_to_block]    [time: spin block sync cleanup vmop] page_trap_count
276.574: GenCollectForAllocation          [      36          0              0    ]      [     0     0     0     0    11    ]  0
2017-11-22T07:11:10.679+0800: 276.586: Total time for which application threads were stopped: 0.0120966 seconds, Stopping threads took: 0.0000490 seconds
2017-11-22T07:11:11.197+0800: 277.104: [GC (Allocation Failure) 2017-11-22T07:11:11.197+0800: 277.104: [ParNew: 142956K->5040K(154880K), 0.0154844 secs] 4680634K->4542718K(6289088K), 0.0155711 secs] [Times: user=0.06 sys=0.00, real=0.02 secs]
         vmop                    [threads: total initially_running wait_to_block]    [time: spin block sync cleanup vmop] page_trap_count
277.104: GenCollectForAllocation          [      36          0              1    ]      [     0     0     0     0    15    ]  0
2017-11-22T07:11:11.213+0800: 277.120: Total time for which application threads were stopped: 0.0158804 seconds, Stopping threads took: 0.0000515 seconds
2017-11-22T07:11:11.817+0800: 277.724: [GC (Allocation Failure) 2017-11-22T07:11:11.817+0800: 277.724: [ParNew: 142768K->3888K(154880K), 0.0218877 secs] 4680446K->4541566K(6289088K), 0.0219633 secs] [Times: user=0.08 sys=0.01, real=0.02 secs]
         vmop                    [threads: total initially_running wait_to_block]    [time: spin block sync cleanup vmop] page_trap_count
277.723: GenCollectForAllocation          [      36          0              0    ]      [     0     0     0     0    22    ]  0
2017-11-22T07:11:11.839+0800: 277.746: Total time for which application threads were stopped: 0.0222537 seconds, Stopping threads took: 0.0000505 seconds
2017-11-22T07:11:12.137+0800: 278.044: [GC (Allocation Failure) 2017-11-22T07:11:12.137+0800: 278.044: [ParNew: 141616K->5231K(154880K), 0.0097838 secs] 4679294K->4542909K(6289088K), 0.0098860 secs] [Times: user=0.07 sys=0.00, real=0.01 secs]
         vmop                    [threads: total initially_running wait_to_block]    [time: spin block sync cleanup vmop] page_trap_count
278.043: GenCollectForAllocation          [      36          0              0    ]      [     0     0     0     0     9    ]  0
2017-11-22T07:11:12.147+0800: 278.054: Total time for which application threads were stopped: 0.0101999 seconds, Stopping threads took: 0.0000529 seconds
2017-11-22T07:11:12.646+0800: 278.553: [GC (Allocation Failure) 2017-11-22T07:11:12.646+0800: 278.553: [ParNew: 142959K->5104K(154880K), 0.0085816 secs] 4680637K->4542782K(6289088K), 0.0086672 secs] [Times: user=0.06 sys=0.00, real=0.01 secs]
         vmop                    [threads: total initially_running wait_to_block]    [time: spin block sync cleanup vmop] page_trap_count
278.552: GenCollectForAllocation          [      36          0              0    ]      [     0     0     0     0     8    ]  0
2017-11-22T07:11:12.654+0800: 278.561: Total time for which application threads were stopped: 0.0090020 seconds, Stopping threads took: 0.0000573 seconds
2017-11-22T07:11:13.225+0800: 279.132: [GC (Allocation Failure) 2017-11-22T07:11:13.225+0800: 279.132: [ParNew: 142832K->5038K(154880K), 0.0121097 secs] 4680510K->4542717K(6289088K), 0.0121897 secs] [Times: user=0.06 sys=0.00, real=0.01 secs]
         vmop                    [threads: total initially_running wait_to_block]    [time: spin block sync cleanup vmop] page_trap_count
279.132: GenCollectForAllocation          [      36          0              0    ]      [     0     0     0     0    12    ]  0
2017-11-22T07:11:13.238+0800: 279.144: Total time for which application threads were stopped: 0.0124925 seconds, Stopping threads took: 0.0000487 seconds
2017-11-22T07:11:13.793+0800: 279.700: [GC (Allocation Failure) 2017-11-22T07:11:13.793+0800: 279.700: [ParNew: 142766K->5101K(154880K), 0.0319498 secs] 4680445K->4542780K(6289088K), 0.0320437 secs] [Times: user=0.14 sys=0.00, real=0.03 secs]
         vmop                    [threads: total initially_running wait_to_block]    [time: spin block sync cleanup vmop] page_trap_count
279.700: GenCollectForAllocation          [      36          0              0    ]      [     0     0     0     0    32    ]  0
2017-11-22T07:11:13.825+0800: 279.732: Total time for which application threads were stopped: 0.0324019 seconds, Stopping threads took: 0.0000600 seconds
2017-11-22T07:11:14.344+0800: 280.251: [GC (Allocation Failure) 2017-11-22T07:11:14.344+0800: 280.251: [ParNew: 142829K->5102K(154880K), 0.0146738 secs] 4680508K->4542780K(6289088K), 0.0147603 secs] [Times: user=0.10 sys=0.00, real=0.01 secs]
         vmop                    [threads: total initially_running wait_to_block]    [time: spin block sync cleanup vmop] page_trap_count
280.251: GenCollectForAllocation          [      36          0              0    ]      [     0     0     0     0    14    ]  0
2017-11-22T07:11:14.359+0800: 280.266: Total time for which application threads were stopped: 0.0151225 seconds, Stopping threads took: 0.0000954 seconds
         vmop                    [threads: total initially_running wait_to_block]    [time: spin block sync cleanup vmop] page_trap_count
280.652: RevokeBias                       [      35          0              0    ]      [     0     0     0     0     0    ]  0
2017-11-22T07:11:14.746+0800: 280.653: Total time for which application threads were stopped: 0.0002154 seconds, Stopping threads took: 0.0000481 seconds
         vmop                    [threads: total initially_running wait_to_block]    [time: spin block sync cleanup vmop] page_trap_count
280.653: RevokeBias                       [      35          0              0    ]      [     0     0     0     0     0    ]  0
2017-11-22T07:11:14.746+0800: 280.653: Total time for which application threads were stopped: 0.0001062 seconds, Stopping threads took: 0.0000376 seconds
         vmop                    [threads: total initially_running wait_to_block]    [time: spin block sync cleanup vmop] page_trap_count
280.653: RevokeBias                       [      35          0              0    ]      [     0     0     0     0     0    ]  0
2017-11-22T07:11:14.746+0800: 280.653: Total time for which application threads were stopped: 0.0000908 seconds, Stopping threads took: 0.0000225 seconds
2017-11-22T07:11:14.881+0800: 280.788: [GC (Allocation Failure) 2017-11-22T07:11:14.881+0800: 280.788: [ParNew: 142830K->5097K(154880K), 0.0132418 secs] 4680508K->4542776K(6289088K), 0.0133196 secs] [Times: user=0.05 sys=0.00, real=0.02 secs]
         vmop                    [threads: total initially_running wait_to_block]    [time: spin block sync cleanup vmop] page_trap_count
280.787: GenCollectForAllocation          [      35          0              0    ]      [     0     0     0     0    13    ]  0
2017-11-22T07:11:14.894+0800: 280.801: Total time for which application threads were stopped: 0.0136530 seconds, Stopping threads took: 0.0000536 seconds
2017-11-22T07:11:15.409+0800: 281.316: [GC (Allocation Failure) 2017-11-22T07:11:15.409+0800: 281.316: [ParNew: 142825K->5165K(154880K), 0.0111311 secs] 4680504K->4542844K(6289088K), 0.0112037 secs] [Times: user=0.07 sys=0.00, real=0.01 secs]
         vmop                    [threads: total initially_running wait_to_block]    [time: spin block sync cleanup vmop] page_trap_count
281.316: GenCollectForAllocation          [      35          0              0    ]      [     0     0     0     0    11    ]  0
2017-11-22T07:11:15.421+0800: 281.328: Total time for which application threads were stopped: 0.0115310 seconds, Stopping threads took: 0.0000551 seconds
2017-11-22T07:11:15.943+0800: 281.850: [GC (Allocation Failure) 2017-11-22T07:11:15.943+0800: 281.850: [ParNew: 142893K->5227K(154880K), 0.0101119 secs] 4680572K->4542905K(6289088K), 0.0101892 secs] [Times: user=0.05 sys=0.01, real=0.01 secs]
         vmop                    [threads: total initially_running wait_to_block]    [time: spin block sync cleanup vmop] page_trap_count
281.850: GenCollectForAllocation          [      35          0              0    ]      [     0     0     0     0    10    ]  0
2017-11-22T07:11:15.953+0800: 281.860: Total time for which application threads were stopped: 0.0104966 seconds, Stopping threads took: 0.0000615 seconds
2017-11-22T07:11:16.511+0800: 282.418: [GC (Allocation Failure) 2017-11-22T07:11:16.511+0800: 282.418: [ParNew: 142955K->5227K(154880K), 0.0086479 secs] 4680633K->4542905K(6289088K), 0.0087414 secs] [Times: user=0.06 sys=0.00, real=0.01 secs]
         vmop                    [threads: total initially_running wait_to_block]    [time: spin block sync cleanup vmop] page_trap_count
282.417: GenCollectForAllocation          [      35          1              0    ]      [     0     0     0     0     8    ]  0
2017-11-22T07:11:16.520+0800: 282.426: Total time for which application threads were stopped: 0.0091963 seconds, Stopping threads took: 0.0001617 seconds
2017-11-22T07:11:17.032+0800: 282.939: [GC (Allocation Failure) 2017-11-22T07:11:17.032+0800: 282.939: [ParNew: 142955K->5106K(154880K), 0.0098456 secs] 4680633K->4542784K(6289088K), 0.0099276 secs] [Times: user=0.07 sys=0.00, real=0.02 secs]
         vmop                    [threads: total initially_running wait_to_block]    [time: spin block sync cleanup vmop] page_trap_count
282.939: GenCollectForAllocation          [      35          0              0    ]      [     0     0     0     0    10    ]  0
2017-11-22T07:11:17.042+0800: 282.949: Total time for which application threads were stopped: 0.0102663 seconds, Stopping threads took: 0.0000712 seconds
2017-11-22T07:11:17.552+0800: 283.459: [GC (Allocation Failure) 2017-11-22T07:11:17.552+0800: 283.459: [ParNew: 142834K->5231K(154880K), 0.0084190 secs] 4680512K->4542909K(6289088K), 0.0085081 secs] [Times: user=0.06 sys=0.00, real=0.01 secs]
         vmop                    [threads: total initially_running wait_to_block]    [time: spin block sync cleanup vmop] page_trap_count
283.459: GenCollectForAllocation          [      35          0              0    ]      [     0     0     0     0     8    ]  0
2017-11-22T07:11:17.561+0800: 283.468: Total time for which application threads were stopped: 0.0088574 seconds, Stopping threads took: 0.0000530 seconds
2017-11-22T07:11:18.090+0800: 283.997: [GC (Allocation Failure) 2017-11-22T07:11:18.090+0800: 283.997: [ParNew: 142959K->5104K(154880K), 0.0104325 secs] 4680637K->4542782K(6289088K), 0.0105091 secs] [Times: user=0.06 sys=0.00, real=0.02 secs]
         vmop                    [threads: total initially_running wait_to_block]    [time: spin block sync cleanup vmop] page_trap_count
283.997: GenCollectForAllocation          [      35          0              0    ]      [     0     0     0     0    10    ]  0
2017-11-22T07:11:18.101+0800: 284.008: Total time for which application threads were stopped: 0.0108116 seconds, Stopping threads took: 0.0000639 seconds
2017-11-22T07:11:18.632+0800: 284.539: [GC (Allocation Failure) 2017-11-22T07:11:18.632+0800: 284.539: [ParNew: 142832K->5167K(154880K), 0.0103805 secs] 4680510K->4542846K(6289088K), 0.0104654 secs] [Times: user=0.07 sys=0.00, real=0.02 secs]
         vmop                    [threads: total initially_running wait_to_block]    [time: spin block sync cleanup vmop] page_trap_count
284.539: GenCollectForAllocation          [      35          0              0    ]      [     0     0     0     0    10    ]  0
2017-11-22T07:11:18.642+0800: 284.549: Total time for which application threads were stopped: 0.0107563 seconds, Stopping threads took: 0.0000607 seconds
2017-11-22T07:11:19.172+0800: 285.079: [GC (Allocation Failure) 2017-11-22T07:11:19.172+0800: 285.079: [ParNew: 142895K->5167K(154880K), 0.0096369 secs] 4680574K->4542846K(6289088K), 0.0097257 secs] [Times: user=0.07 sys=0.00, real=0.02 secs]
         vmop                    [threads: total initially_running wait_to_block]    [time: spin block sync cleanup vmop] page_trap_count
285.079: GenCollectForAllocation          [      35          0              0    ]      [     0     0     0     0     9    ]  0
2017-11-22T07:11:19.182+0800: 285.089: Total time for which application threads were stopped: 0.0100511 seconds, Stopping threads took: 0.0000581 seconds
2017-11-22T07:11:19.692+0800: 285.599: [GC (Allocation Failure) 2017-11-22T07:11:19.692+0800: 285.599: [ParNew: 142895K->5228K(154880K), 0.0128750 secs] 4680574K->4542907K(6289088K), 0.0129669 secs] [Times: user=0.05 sys=0.01, real=0.02 secs]
         vmop                    [threads: total initially_running wait_to_block]    [time: spin block sync cleanup vmop] page_trap_count
285.599: GenCollectForAllocation          [      35          0              0    ]      [     0     0     0     0    13    ]  0
2017-11-22T07:11:19.705+0800: 285.612: Total time for which application threads were stopped: 0.0132837 seconds, Stopping threads took: 0.0000537 seconds
2017-11-22T07:11:20.251+0800: 286.157: [GC (Allocation Failure) 2017-11-22T07:11:20.251+0800: 286.158: [ParNew: 142956K->5167K(154880K), 0.0103282 secs] 4680635K->4542846K(6289088K), 0.0104075 secs] [Times: user=0.06 sys=0.00, real=0.02 secs]
         vmop                    [threads: total initially_running wait_to_block]    [time: spin block sync cleanup vmop] page_trap_count
286.157: GenCollectForAllocation          [      35          0              0    ]      [     0     0     0     0    10    ]  0
2017-11-22T07:11:20.261+0800: 286.168: Total time for which application threads were stopped: 0.0107070 seconds, Stopping threads took: 0.0000500 seconds
2017-11-22T07:11:20.854+0800: 286.761: [GC (Allocation Failure) 2017-11-22T07:11:20.854+0800: 286.761: [ParNew: 142895K->5288K(154880K), 0.0166933 secs] 4680574K->4542967K(6289088K), 0.0167891 secs] [Times: user=0.08 sys=0.00, real=0.01 secs]
         vmop                    [threads: total initially_running wait_to_block]    [time: spin block sync cleanup vmop] page_trap_count
286.761: GenCollectForAllocation          [      35          0              0    ]      [     0     0     0     0    16    ]  0
2017-11-22T07:11:20.871+0800: 286.778: Total time for which application threads were stopped: 0.0172437 seconds, Stopping threads took: 0.0001000 seconds
2017-11-22T07:11:21.427+0800: 287.334: [GC (Allocation Failure) 2017-11-22T07:11:21.427+0800: 287.334: [ParNew: 143016K->5074K(154880K), 0.0070353 secs] 4680695K->4542752K(6289088K), 0.0071212 secs] [Times: user=0.05 sys=0.00, real=0.01 secs]
         vmop                    [threads: total initially_running wait_to_block]    [time: spin block sync cleanup vmop] page_trap_count
287.334: GenCollectForAllocation          [      35          0              0    ]      [     0     0     0     0     7    ]  0
2017-11-22T07:11:21.435+0800: 287.342: Total time for which application threads were stopped: 0.0074686 seconds, Stopping threads took: 0.0000529 seconds
         vmop                    [threads: total initially_running wait_to_block]    [time: spin block sync cleanup vmop] page_trap_count
287.675: RevokeBias                       [      35          1              1    ]      [     0     0     0     0     0    ]  0
2017-11-22T07:11:21.769+0800: 287.676: Total time for which application threads were stopped: 0.0002661 seconds, Stopping threads took: 0.0000822 seconds
         vmop                    [threads: total initially_running wait_to_block]    [time: spin block sync cleanup vmop] page_trap_count
287.676: RevokeBias                       [      35          1              2    ]      [     0     0     0     0     0    ]  1
2017-11-22T07:11:21.769+0800: 287.676: Total time for which application threads were stopped: 0.0001842 seconds, Stopping threads took: 0.0000836 seconds
         vmop                    [threads: total initially_running wait_to_block]    [time: spin block sync cleanup vmop] page_trap_count
287.676: RevokeBias                       [      35          1              2    ]      [     0     0     0     0     0    ]  1
2017-11-22T07:11:21.769+0800: 287.676: Total time for which application threads were stopped: 0.0003184 seconds, Stopping threads took: 0.0002207 seconds
         vmop                    [threads: total initially_running wait_to_block]    [time: spin block sync cleanup vmop] page_trap_count
287.684: RevokeBias                       [      36          0              0    ]      [     0     0     0     0     0    ]  0
2017-11-22T07:11:21.778+0800: 287.685: Total time for which application threads were stopped: 0.0001744 seconds, Stopping threads took: 0.0000310 seconds
2017-11-22T07:11:21.990+0800: 287.897: [GC (Allocation Failure) 2017-11-22T07:11:21.990+0800: 287.897: [ParNew: 142802K->5260K(154880K), 0.0113040 secs] 4680480K->4542939K(6289088K), 0.0114205 secs] [Times: user=0.06 sys=0.00, real=0.02 secs]
         vmop                    [threads: total initially_running wait_to_block]    [time: spin block sync cleanup vmop] page_trap_count
287.897: GenCollectForAllocation          [      36          0              0    ]      [     0     0     0     0    11    ]  0
2017-11-22T07:11:22.002+0800: 287.909: Total time for which application threads were stopped: 0.0117542 seconds, Stopping threads took: 0.0000639 seconds
2017-11-22T07:11:22.632+0800: 288.539: [GC (Allocation Failure) 2017-11-22T07:11:22.632+0800: 288.539: [ParNew: 142988K->5006K(154880K), 0.0098239 secs] 4680667K->4542685K(6289088K), 0.0098963 secs] [Times: user=0.06 sys=0.00, real=0.02 secs]
         vmop                    [threads: total initially_running wait_to_block]    [time: spin block sync cleanup vmop] page_trap_count
288.539: GenCollectForAllocation          [      36          0              0    ]      [     0     0     0     0     9    ]  0
2017-11-22T07:11:22.642+0800: 288.549: Total time for which application threads were stopped: 0.0102080 seconds, Stopping threads took: 0.0000538 seconds
2017-11-22T07:11:23.267+0800: 289.174: [GC (Allocation Failure) 2017-11-22T07:11:23.267+0800: 289.174: [ParNew: 142734K->5198K(154880K), 0.0126988 secs] 4680413K->4542877K(6289088K), 0.0128170 secs] [Times: user=0.08 sys=0.00, real=0.01 secs]
         vmop                    [threads: total initially_running wait_to_block]    [time: spin block sync cleanup vmop] page_trap_count
289.174: GenCollectForAllocation          [      36          0              0    ]      [     0     0     0     0    12    ]  0
2017-11-22T07:11:23.280+0800: 289.187: Total time for which application threads were stopped: 0.0132182 seconds, Stopping threads took: 0.0000622 seconds
2017-11-22T07:11:23.933+0800: 289.840: [GC (Allocation Failure) 2017-11-22T07:11:23.933+0800: 289.840: [ParNew: 142926K->5260K(154880K), 0.0095494 secs] 4680605K->4542939K(6289088K), 0.0096415 secs] [Times: user=0.06 sys=0.00, real=0.01 secs]
         vmop                    [threads: total initially_running wait_to_block]    [time: spin block sync cleanup vmop] page_trap_count
289.840: GenCollectForAllocation          [      36          0              0    ]      [     0     0     0     0     9    ]  0
2017-11-22T07:11:23.943+0800: 289.850: Total time for which application threads were stopped: 0.0101526 seconds, Stopping threads took: 0.0000598 seconds
2017-11-22T07:11:24.564+0800: 290.471: [GC (Allocation Failure) 2017-11-22T07:11:24.564+0800: 290.471: [ParNew: 142988K->5262K(154880K), 0.0121480 secs] 4680667K->4542941K(6289088K), 0.0122390 secs] [Times: user=0.08 sys=0.00, real=0.01 secs]
         vmop                    [threads: total initially_running wait_to_block]    [time: spin block sync cleanup vmop] page_trap_count
290.471: GenCollectForAllocation          [      36          0              0    ]      [     0     0     0     0    12    ]  0
2017-11-22T07:11:24.576+0800: 290.483: Total time for which application threads were stopped: 0.0126540 seconds, Stopping threads took: 0.0000672 seconds
2017-11-22T07:11:25.188+0800: 291.095: [GC (Allocation Failure) 2017-11-22T07:11:25.188+0800: 291.095: [ParNew: 142990K->5202K(154880K), 0.0331455 secs] 4680669K->4542881K(6289088K), 0.0332283 secs] [Times: user=0.13 sys=0.00, real=0.04 secs]
         vmop                    [threads: total initially_running wait_to_block]    [time: spin block sync cleanup vmop] page_trap_count
291.095: GenCollectForAllocation          [      36          0              0    ]      [     0     0     0     0    33    ]  0
2017-11-22T07:11:25.221+0800: 291.128: Total time for which application threads were stopped: 0.0335458 seconds, Stopping threads took: 0.0000638 seconds
2017-11-22T07:11:25.808+0800: 291.715: [GC (Allocation Failure) 2017-11-22T07:11:25.808+0800: 291.715: [ParNew: 142930K->5224K(154880K), 0.0104625 secs] 4680609K->4542935K(6289088K), 0.0105413 secs] [Times: user=0.07 sys=0.00, real=0.01 secs]
         vmop                    [threads: total initially_running wait_to_block]    [time: spin block sync cleanup vmop] page_trap_count
291.715: GenCollectForAllocation          [      36          0              0    ]      [     0     0     0     0    10    ]  0
2017-11-22T07:11:25.819+0800: 291.726: Total time for which application threads were stopped: 0.0109822 seconds, Stopping threads took: 0.0000510 seconds
2017-11-22T07:11:26.432+0800: 292.339: [GC (Allocation Failure) 2017-11-22T07:11:26.432+0800: 292.339: [ParNew: 142952K->5163K(154880K), 0.0136141 secs] 4680663K->4542874K(6289088K), 0.0136925 secs] [Times: user=0.05 sys=0.00, real=0.02 secs]
         vmop                    [threads: total initially_running wait_to_block]    [time: spin block sync cleanup vmop] page_trap_count
292.338: GenCollectForAllocation          [      36          0              0    ]      [     0     0     0     0    13    ]  0
2017-11-22T07:11:26.445+0800: 292.352: Total time for which application threads were stopped: 0.0140034 seconds, Stopping threads took: 0.0000495 seconds
2017-11-22T07:11:27.027+0800: 292.934: [GC (Allocation Failure) 2017-11-22T07:11:27.028+0800: 292.934: [ParNew: 142891K->5167K(154880K), 0.0070292 secs] 4680602K->4542878K(6289088K), 0.0071231 secs] [Times: user=0.05 sys=0.00, real=0.01 secs]
         vmop                    [threads: total initially_running wait_to_block]    [time: spin block sync cleanup vmop] page_trap_count
292.934: GenCollectForAllocation          [      36          0              0    ]      [     0     0     0     0     7    ]  0
2017-11-22T07:11:27.035+0800: 292.942: Total time for which application threads were stopped: 0.0074313 seconds, Stopping threads took: 0.0000509 seconds
2017-11-22T07:11:27.613+0800: 293.520: [GC (Allocation Failure) 2017-11-22T07:11:27.613+0800: 293.520: [ParNew: 142895K->5229K(154880K), 0.0143642 secs] 4680606K->4542940K(6289088K), 0.0144549 secs] [Times: user=0.07 sys=0.01, real=0.01 secs]
         vmop                    [threads: total initially_running wait_to_block]    [time: spin block sync cleanup vmop] page_trap_count
293.519: GenCollectForAllocation          [      36          0              0    ]      [     0     0     0     0    14    ]  0
2017-11-22T07:11:27.627+0800: 293.534: Total time for which application threads were stopped: 0.0148203 seconds, Stopping threads took: 0.0000636 seconds
2017-11-22T07:11:28.229+0800: 294.136: [GC (Allocation Failure) 2017-11-22T07:11:28.229+0800: 294.136: [ParNew: 142957K->5231K(154880K), 0.0110649 secs] 4680668K->4542942K(6289088K), 0.0111501 secs] [Times: user=0.07 sys=0.00, real=0.01 secs]
         vmop                    [threads: total initially_running wait_to_block]    [time: spin block sync cleanup vmop] page_trap_count
294.136: GenCollectForAllocation          [      36          0              0    ]      [     0     0     0     0    11    ]  0
2017-11-22T07:11:28.240+0800: 294.147: Total time for which application threads were stopped: 0.0114411 seconds, Stopping threads took: 0.0000740 seconds
2017-11-22T07:11:28.816+0800: 294.723: [GC (Allocation Failure) 2017-11-22T07:11:28.816+0800: 294.723: [ParNew: 142959K->4977K(154880K), 0.0089987 secs] 4680670K->4542687K(6289088K), 0.0090766 secs] [Times: user=0.06 sys=0.00, real=0.01 secs]
         vmop                    [threads: total initially_running wait_to_block]    [time: spin block sync cleanup vmop] page_trap_count
294.723: GenCollectForAllocation          [      36          0              0    ]      [     0     0     0     0     9    ]  0
2017-11-22T07:11:28.825+0800: 294.732: Total time for which application threads were stopped: 0.0093906 seconds, Stopping threads took: 0.0000561 seconds
2017-11-22T07:11:29.402+0800: 295.309: [GC (Allocation Failure) 2017-11-22T07:11:29.402+0800: 295.309: [ParNew: 142705K->5041K(154880K), 0.0084460 secs] 4680415K->4542751K(6289088K), 0.0085277 secs] [Times: user=0.06 sys=0.00, real=0.00 secs]
         vmop                    [threads: total initially_running wait_to_block]    [time: spin block sync cleanup vmop] page_trap_count
295.309: GenCollectForAllocation          [      36          0              0    ]      [     0     0     0     0     8    ]  0
2017-11-22T07:11:29.411+0800: 295.318: Total time for which application threads were stopped: 0.0089078 seconds, Stopping threads took: 0.0000648 seconds
2017-11-22T07:11:29.975+0800: 295.882: [GC (Allocation Failure) 2017-11-22T07:11:29.975+0800: 295.882: [ParNew: 142769K->5167K(154880K), 0.0164696 secs] 4680479K->4542878K(6289088K), 0.0165832 secs] [Times: user=0.08 sys=0.00, real=0.01 secs]
         vmop                    [threads: total initially_running wait_to_block]    [time: spin block sync cleanup vmop] page_trap_count
295.882: GenCollectForAllocation          [      36          0              0    ]      [     0     0     0     0    16    ]  0
2017-11-22T07:11:29.992+0800: 295.899: Total time for which application threads were stopped: 0.0169999 seconds, Stopping threads took: 0.0000859 seconds
2017-11-22T07:11:30.552+0800: 296.459: [GC (Allocation Failure) 2017-11-22T07:11:30.552+0800: 296.459: [ParNew: 142895K->5233K(154880K), 0.0117716 secs] 4680606K->4542944K(6289088K), 0.0118781 secs] [Times: user=0.08 sys=0.00, real=0.02 secs]
         vmop                    [threads: total initially_running wait_to_block]    [time: spin block sync cleanup vmop] page_trap_count
296.459: GenCollectForAllocation          [      36          0              0    ]      [     0     0     0     0    12    ]  0
2017-11-22T07:11:30.564+0800: 296.471: Total time for which application threads were stopped: 0.0122617 seconds, Stopping threads took: 0.0000622 seconds
2017-11-22T07:11:31.173+0800: 297.080: [GC (Allocation Failure) 2017-11-22T07:11:31.173+0800: 297.080: [ParNew: 142961K->5038K(154880K), 0.0102861 secs] 4680672K->4542749K(6289088K), 0.0103792 secs] [Times: user=0.07 sys=0.00, real=0.01 secs]
         vmop                    [threads: total initially_running wait_to_block]    [time: spin block sync cleanup vmop] page_trap_count
297.080: GenCollectForAllocation          [      36          0              0    ]      [     0     0     0     0    10    ]  0
2017-11-22T07:11:31.184+0800: 297.091: Total time for which application threads were stopped: 0.0107166 seconds, Stopping threads took: 0.0000682 seconds
2017-11-22T07:11:31.751+0800: 297.658: [GC (Allocation Failure) 2017-11-22T07:11:31.751+0800: 297.658: [ParNew: 142727K->5101K(154880K), 0.0108656 secs] 4680437K->4542812K(6289088K), 0.0109585 secs] [Times: user=0.06 sys=0.00, real=0.02 secs]
         vmop                    [threads: total initially_running wait_to_block]    [time: spin block sync cleanup vmop] page_trap_count
297.657: GenCollectForAllocation          [      36          0              0    ]      [     0     0     0     0    11    ]  0
2017-11-22T07:11:31.762+0800: 297.669: Total time for which application threads were stopped: 0.0113228 seconds, Stopping threads took: 0.0000668 seconds
2017-11-22T07:11:32.307+0800: 298.214: [GC (Allocation Failure) 2017-11-22T07:11:32.307+0800: 298.214: [ParNew: 142829K->5233K(154880K), 0.0208351 secs] 4680540K->4542943K(6289088K), 0.0209357 secs] [Times: user=0.07 sys=0.00, real=0.02 secs]
         vmop                    [threads: total initially_running wait_to_block]    [time: spin block sync cleanup vmop] page_trap_count
298.214: GenCollectForAllocation          [      35          0              1    ]      [     0     0     0     0    21    ]  0
2017-11-22T07:11:32.328+0800: 298.235: Total time for which application threads were stopped: 0.0212752 seconds, Stopping threads took: 0.0000605 seconds
2017-11-22T07:11:32.919+0800: 298.826: [GC (Allocation Failure) 2017-11-22T07:11:32.919+0800: 298.826: [ParNew: 142961K->5097K(154880K), 0.0159656 secs] 4680671K->4542808K(6289088K), 0.0160587 secs] [Times: user=0.07 sys=0.00, real=0.02 secs]
         vmop                    [threads: total initially_running wait_to_block]    [time: spin block sync cleanup vmop] page_trap_count
298.826: GenCollectForAllocation          [      35          0              0    ]      [     0     0     0     0    16    ]  0
2017-11-22T07:11:32.935+0800: 298.842: Total time for which application threads were stopped: 0.0164350 seconds, Stopping threads took: 0.0000544 seconds
2017-11-22T07:11:33.477+0800: 299.384: [GC (Allocation Failure) 2017-11-22T07:11:33.477+0800: 299.384: [ParNew: 142825K->5163K(154880K), 0.0102205 secs] 4680536K->4542874K(6289088K), 0.0103096 secs] [Times: user=0.07 sys=0.00, real=0.01 secs]
         vmop                    [threads: total initially_running wait_to_block]    [time: spin block sync cleanup vmop] page_trap_count
299.382: GenCollectForAllocation          [      35          0              0    ]      [     0     0     1     0    10    ]  0
2017-11-22T07:11:33.487+0800: 299.394: Total time for which application threads were stopped: 0.0116285 seconds, Stopping threads took: 0.0010389 seconds
2017-11-22T07:11:34.061+0800: 299.968: [GC (Allocation Failure) 2017-11-22T07:11:34.061+0800: 299.968: [ParNew: 142891K->5224K(154880K), 0.0176026 secs] 4680602K->4542935K(6289088K), 0.0176807 secs] [Times: user=0.06 sys=0.00, real=0.01 secs]
         vmop                    [threads: total initially_running wait_to_block]    [time: spin block sync cleanup vmop] page_trap_count
299.968: GenCollectForAllocation          [      35          0              0    ]      [     0     0     0     0    17    ]  0
2017-11-22T07:11:34.079+0800: 299.986: Total time for which application threads were stopped: 0.0179947 seconds, Stopping threads took: 0.0000508 seconds
         vmop                    [threads: total initially_running wait_to_block]    [time: spin block sync cleanup vmop] page_trap_count
300.642: RevokeBias                       [      36          0              1    ]      [     0     0     0     0     0    ]  0
2017-11-22T07:11:34.735+0800: 300.642: Total time for which application threads were stopped: 0.0002660 seconds, Stopping threads took: 0.0000981 seconds
         vmop                    [threads: total initially_running wait_to_block]    [time: spin block sync cleanup vmop] page_trap_count
300.642: RevokeBias                       [      36          1              1    ]      [     0     0     0     0     0    ]  0
2017-11-22T07:11:34.736+0800: 300.643: Total time for which application threads were stopped: 0.0002097 seconds, Stopping threads took: 0.0001046 seconds
         vmop                    [threads: total initially_running wait_to_block]    [time: spin block sync cleanup vmop] page_trap_count
300.643: RevokeBias                       [      36          0              0    ]      [     0     0     0     0     0    ]  0
2017-11-22T07:11:34.736+0800: 300.643: Total time for which application threads were stopped: 0.0001817 seconds, Stopping threads took: 0.0000878 seconds
         vmop                    [threads: total initially_running wait_to_block]    [time: spin block sync cleanup vmop] page_trap_count
300.643: RevokeBias                       [      36          0              1    ]      [     0     0     0     0     0    ]  0
2017-11-22T07:11:34.736+0800: 300.643: Total time for which application threads were stopped: 0.0002915 seconds, Stopping threads took: 0.0000627 seconds
         vmop                    [threads: total initially_running wait_to_block]    [time: spin block sync cleanup vmop] page_trap_count
300.644: RevokeBias                       [      36          0              2    ]      [     0     0     0     0     0    ]  0
2017-11-22T07:11:34.737+0800: 300.644: Total time for which application threads were stopped: 0.0001771 seconds, Stopping threads took: 0.0000812 seconds
         vmop                    [threads: total initially_running wait_to_block]    [time: spin block sync cleanup vmop] page_trap_count
300.645: RevokeBias                       [      36          0              1    ]      [     0     0     0     0     0    ]  0
2017-11-22T07:11:34.738+0800: 300.645: Total time for which application threads were stopped: 0.0001039 seconds, Stopping threads took: 0.0000228 seconds
2017-11-22T07:11:34.752+0800: 300.659: [GC (Allocation Failure) 2017-11-22T07:11:34.752+0800: 300.659: [ParNew: 142952K->4551K(154880K), 0.0206954 secs] 4680663K->4542262K(6289088K), 0.0208168 secs] [Times: user=0.09 sys=0.00, real=0.03 secs]
         vmop                    [threads: total initially_running wait_to_block]    [time: spin block sync cleanup vmop] page_trap_count
300.659: GenCollectForAllocation          [      36          0              0    ]      [     0     0     0     0    20    ]  0
2017-11-22T07:11:34.773+0800: 300.680: Total time for which application threads were stopped: 0.0213062 seconds, Stopping threads took: 0.0000611 seconds
2017-11-22T07:11:35.220+0800: 301.127: [GC (Allocation Failure) 2017-11-22T07:11:35.220+0800: 301.127: [ParNew: 142279K->5319K(154880K), 0.0096782 secs] 4679990K->4543030K(6289088K), 0.0097639 secs] [Times: user=0.07 sys=0.00, real=0.01 secs]
         vmop                    [threads: total initially_running wait_to_block]    [time: spin block sync cleanup vmop] page_trap_count
301.127: GenCollectForAllocation          [      36          0              0    ]      [     0     0     0     0     9    ]  0
2017-11-22T07:11:35.230+0800: 301.137: Total time for which application threads were stopped: 0.0100708 seconds, Stopping threads took: 0.0000666 seconds
2017-11-22T07:11:35.840+0800: 301.747: [GC (Allocation Failure) 2017-11-22T07:11:35.840+0800: 301.747: [ParNew: 143047K->5125K(154880K), 0.0133289 secs] 4680758K->4542836K(6289088K), 0.0134090 secs] [Times: user=0.07 sys=0.00, real=0.02 secs]
         vmop                    [threads: total initially_running wait_to_block]    [time: spin block sync cleanup vmop] page_trap_count
301.747: GenCollectForAllocation          [      36          1              1    ]      [     0     0     0     0    13    ]  1
2017-11-22T07:11:35.854+0800: 301.761: Total time for which application threads were stopped: 0.0137733 seconds, Stopping threads took: 0.0000908 seconds
2017-11-22T07:11:36.420+0800: 302.327: [GC (Allocation Failure) 2017-11-22T07:11:36.420+0800: 302.327: [ParNew: 142853K->5383K(154880K), 0.0103244 secs] 4680564K->4543094K(6289088K), 0.0104009 secs] [Times: user=0.06 sys=0.00, real=0.01 secs]
         vmop                    [threads: total initially_running wait_to_block]    [time: spin block sync cleanup vmop] page_trap_count
302.327: GenCollectForAllocation          [      36          0              0    ]      [     0     0     0     0    10    ]  0
2017-11-22T07:11:36.430+0800: 302.337: Total time for which application threads were stopped: 0.0106991 seconds, Stopping threads took: 0.0000509 seconds
2017-11-22T07:11:37.162+0800: 303.069: [GC (Allocation Failure) 2017-11-22T07:11:37.162+0800: 303.069: [ParNew: 143111K->5125K(154880K), 0.0108220 secs] 4680822K->4542836K(6289088K), 0.0109180 secs] [Times: user=0.06 sys=0.01, real=0.01 secs]
         vmop                    [threads: total initially_running wait_to_block]    [time: spin block sync cleanup vmop] page_trap_count
303.069: GenCollectForAllocation          [      36          0              0    ]      [     0     0     0     0    11    ]  0
2017-11-22T07:11:37.173+0800: 303.080: Total time for which application threads were stopped: 0.0112617 seconds, Stopping threads took: 0.0000748 seconds
2017-11-22T07:11:37.671+0800: 303.578: [GC (Allocation Failure) 2017-11-22T07:11:37.671+0800: 303.578: [ParNew: 142853K->5381K(154880K), 0.0149053 secs] 4680564K->4543092K(6289088K), 0.0149823 secs] [Times: user=0.06 sys=0.00, real=0.02 secs]
         vmop                    [threads: total initially_running wait_to_block]    [time: spin block sync cleanup vmop] page_trap_count
303.578: GenCollectForAllocation          [      36          0              0    ]      [     0     0     0     0    15    ]  0
2017-11-22T07:11:37.686+0800: 303.593: Total time for which application threads were stopped: 0.0152851 seconds, Stopping threads took: 0.0000503 seconds
2017-11-22T07:11:38.257+0800: 304.164: [GC (Allocation Failure) 2017-11-22T07:11:38.257+0800: 304.164: [ParNew: 143109K->5296K(154880K), 0.0152356 secs] 4680820K->4543095K(6289088K), 0.0153235 secs] [Times: user=0.08 sys=0.00, real=0.01 secs]
         vmop                    [threads: total initially_running wait_to_block]    [time: spin block sync cleanup vmop] page_trap_count
304.163: GenCollectForAllocation          [      36          0              0    ]      [     0     0     0     0    15    ]  0
2017-11-22T07:11:38.272+0800: 304.179: Total time for which application threads were stopped: 0.0156609 seconds, Stopping threads took: 0.0000634 seconds
2017-11-22T07:11:38.895+0800: 304.802: [GC (Allocation Failure) 2017-11-22T07:11:38.895+0800: 304.802: [ParNew: 143024K->5163K(154880K), 0.0090695 secs] 4680823K->4542962K(6289088K), 0.0091473 secs] [Times: user=0.06 sys=0.00, real=0.01 secs]
         vmop                    [threads: total initially_running wait_to_block]    [time: spin block sync cleanup vmop] page_trap_count
304.801: GenCollectForAllocation          [      36          0              0    ]      [     0     0     0     0     9    ]  0
2017-11-22T07:11:38.904+0800: 304.811: Total time for which application threads were stopped: 0.0094508 seconds, Stopping threads took: 0.0000556 seconds
2017-11-22T07:11:39.547+0800: 305.454: [GC (Allocation Failure) 2017-11-22T07:11:39.547+0800: 305.454: [ParNew: 142891K->5231K(154880K), 0.0105626 secs] 4680690K->4543029K(6289088K), 0.0106518 secs] [Times: user=0.06 sys=0.00, real=0.01 secs]
         vmop                    [threads: total initially_running wait_to_block]    [time: spin block sync cleanup vmop] page_trap_count
305.454: GenCollectForAllocation          [      36          0              0    ]      [     0     0     0     0    10    ]  0
2017-11-22T07:11:39.558+0800: 305.465: Total time for which application threads were stopped: 0.0110002 seconds, Stopping threads took: 0.0000702 seconds
2017-11-22T07:11:40.221+0800: 306.128: [GC (Allocation Failure) 2017-11-22T07:11:40.221+0800: 306.128: [ParNew: 142959K->5228K(154880K), 0.0273007 secs] 4680757K->4543027K(6289088K), 0.0273877 secs] [Times: user=0.10 sys=0.01, real=0.02 secs]
         vmop                    [threads: total initially_running wait_to_block]    [time: spin block sync cleanup vmop] page_trap_count
306.128: GenCollectForAllocation          [      36          0              0    ]      [     0     0     0     0    27    ]  0
2017-11-22T07:11:40.249+0800: 306.156: Total time for which application threads were stopped: 0.0277238 seconds, Stopping threads took: 0.0000508 seconds
2017-11-22T07:11:40.971+0800: 306.878: [GC (Allocation Failure) 2017-11-22T07:11:40.971+0800: 306.878: [ParNew: 142956K->5101K(154880K), 0.0273863 secs] 4680755K->4542900K(6289088K), 0.0274973 secs] [Times: user=0.15 sys=0.01, real=0.03 secs]
         vmop                    [threads: total initially_running wait_to_block]    [time: spin block sync cleanup vmop] page_trap_count
306.878: GenCollectForAllocation          [      36          0              0    ]      [     0     0     0     0    27    ]  0
2017-11-22T07:11:40.999+0800: 306.906: Total time for which application threads were stopped: 0.0278407 seconds, Stopping threads took: 0.0000604 seconds
2017-11-22T07:11:41.724+0800: 307.631: [GC (Allocation Failure) 2017-11-22T07:11:41.724+0800: 307.631: [ParNew: 142829K->5100K(154880K), 0.0138863 secs] 4680628K->4542899K(6289088K), 0.0139663 secs] [Times: user=0.05 sys=0.00, real=0.01 secs]
         vmop                    [threads: total initially_running wait_to_block]    [time: spin block sync cleanup vmop] page_trap_count
307.631: GenCollectForAllocation          [      36          0              1    ]      [     0     0     0     0    14    ]  0
2017-11-22T07:11:41.738+0800: 307.645: Total time for which application threads were stopped: 0.0142800 seconds, Stopping threads took: 0.0000491 seconds
2017-11-22T07:11:42.540+0800: 308.447: [GC (Allocation Failure) 2017-11-22T07:11:42.540+0800: 308.447: [ParNew: 142828K->5069K(154880K), 0.0134046 secs] 4680627K->4542868K(6289088K), 0.0134894 secs] [Times: user=0.07 sys=0.00, real=0.02 secs]
         vmop                    [threads: total initially_running wait_to_block]    [time: spin block sync cleanup vmop] page_trap_count
308.446: GenCollectForAllocation          [      36          0              0    ]      [     0     0     0     0    13    ]  0
2017-11-22T07:11:42.553+0800: 308.460: Total time for which application threads were stopped: 0.0138285 seconds, Stopping threads took: 0.0000553 seconds
         vmop                    [threads: total initially_running wait_to_block]    [time: spin block sync cleanup vmop] page_trap_count
308.837: RevokeBias                       [      36          1              1    ]      [     0     0     0     0     0    ]  0
2017-11-22T07:11:42.931+0800: 308.838: Total time for which application threads were stopped: 0.0003019 seconds, Stopping threads took: 0.0000971 seconds
2017-11-22T07:11:43.163+0800: 309.070: [GC (Allocation Failure) 2017-11-22T07:11:43.163+0800: 309.070: [ParNew: 142797K->5115K(154880K), 0.0135298 secs] 4680596K->4542914K(6289088K), 0.0136148 secs] [Times: user=0.08 sys=0.01, real=0.01 secs]
         vmop                    [threads: total initially_running wait_to_block]    [time: spin block sync cleanup vmop] page_trap_count
309.070: GenCollectForAllocation          [      36          0              0    ]      [     0     0     0     0    13    ]  0
2017-11-22T07:11:43.177+0800: 309.084: Total time for which application threads were stopped: 0.0139361 seconds, Stopping threads took: 0.0000617 seconds
2017-11-22T07:11:43.834+0800: 309.741: [GC (Allocation Failure) 2017-11-22T07:11:43.834+0800: 309.741: [ParNew: 142843K->5047K(154880K), 0.0143050 secs] 4680642K->4542846K(6289088K), 0.0143853 secs] [Times: user=0.05 sys=0.00, real=0.01 secs]
         vmop                    [threads: total initially_running wait_to_block]    [time: spin block sync cleanup vmop] page_trap_count
309.741: GenCollectForAllocation          [      36          0              0    ]      [     0     0     0     0    14    ]  0
2017-11-22T07:11:43.848+0800: 309.755: Total time for which application threads were stopped: 0.0148059 seconds, Stopping threads took: 0.0000972 seconds
2017-11-22T07:11:44.468+0800: 310.375: [GC (Allocation Failure) 2017-11-22T07:11:44.468+0800: 310.375: [ParNew: 142775K->5241K(154880K), 0.0149016 secs] 4680574K->4543041K(6289088K), 0.0149917 secs] [Times: user=0.09 sys=0.00, real=0.02 secs]
         vmop                    [threads: total initially_running wait_to_block]    [time: spin block sync cleanup vmop] page_trap_count
310.375: GenCollectForAllocation          [      36          0              0    ]      [     0     0     0     0    15    ]  0
2017-11-22T07:11:44.483+0800: 310.390: Total time for which application threads were stopped: 0.0153349 seconds, Stopping threads took: 0.0000589 seconds
2017-11-22T07:11:45.125+0800: 311.032: [GC (Allocation Failure) 2017-11-22T07:11:45.125+0800: 311.032: [ParNew: 142969K->5174K(154880K), 0.0114896 secs] 4680769K->4542973K(6289088K), 0.0115734 secs] [Times: user=0.07 sys=0.00, real=0.01 secs]
         vmop                    [threads: total initially_running wait_to_block]    [time: spin block sync cleanup vmop] page_trap_count
311.032: GenCollectForAllocation          [      36          0              0    ]      [     0     0     0     0    11    ]  0
2017-11-22T07:11:45.137+0800: 311.044: Total time for which application threads were stopped: 0.0118849 seconds, Stopping threads took: 0.0000578 seconds
2017-11-22T07:11:45.784+0800: 311.691: [GC (Allocation Failure) 2017-11-22T07:11:45.784+0800: 311.691: [ParNew: 142902K->5113K(154880K), 0.0125012 secs] 4680701K->4542912K(6289088K), 0.0126075 secs] [Times: user=0.06 sys=0.00, real=0.01 secs]
         vmop                    [threads: total initially_running wait_to_block]    [time: spin block sync cleanup vmop] page_trap_count
311.691: GenCollectForAllocation          [      36          0              0    ]      [     0     0     0     0    12    ]  0
2017-11-22T07:11:45.797+0800: 311.704: Total time for which application threads were stopped: 0.0129134 seconds, Stopping threads took: 0.0000537 seconds
2017-11-22T07:11:46.421+0800: 312.328: [GC (Allocation Failure) 2017-11-22T07:11:46.421+0800: 312.328: [ParNew: 142841K->5298K(154880K), 0.0216772 secs] 4680640K->4543098K(6289088K), 0.0217739 secs] [Times: user=0.11 sys=0.00, real=0.02 secs]
         vmop                    [threads: total initially_running wait_to_block]    [time: spin block sync cleanup vmop] page_trap_count
312.328: GenCollectForAllocation          [      36          0              0    ]      [     0     0     0     0    21    ]  0
2017-11-22T07:11:46.443+0800: 312.350: Total time for which application threads were stopped: 0.0221116 seconds, Stopping threads took: 0.0000518 seconds
2017-11-22T07:11:47.005+0800: 312.912: [GC (Allocation Failure) 2017-11-22T07:11:47.005+0800: 312.912: [ParNew: 143026K->5165K(154880K), 0.0101276 secs] 4680826K->4542974K(6289088K), 0.0101974 secs] [Times: user=0.06 sys=0.00, real=0.01 secs]
         vmop                    [threads: total initially_running wait_to_block]    [time: spin block sync cleanup vmop] page_trap_count
312.912: GenCollectForAllocation          [      36          0              0    ]      [     0     0     0     0    10    ]  0
2017-11-22T07:11:47.016+0800: 312.923: Total time for which application threads were stopped: 0.0104999 seconds, Stopping threads took: 0.0000550 seconds
2017-11-22T07:11:47.640+0800: 313.547: [GC (Allocation Failure) 2017-11-22T07:11:47.640+0800: 313.547: [ParNew: 142893K->5103K(154880K), 0.0097500 secs] 4680702K->4542912K(6289088K), 0.0098479 secs] [Times: user=0.07 sys=0.00, real=0.01 secs]
         vmop                    [threads: total initially_running wait_to_block]    [time: spin block sync cleanup vmop] page_trap_count
313.547: GenCollectForAllocation          [      36          0              0    ]      [     0     0     0     0     9    ]  0
2017-11-22T07:11:47.650+0800: 313.557: Total time for which application threads were stopped: 0.0102280 seconds, Stopping threads took: 0.0000696 seconds
2017-11-22T07:11:48.254+0800: 314.161: [GC (Allocation Failure) 2017-11-22T07:11:48.254+0800: 314.161: [ParNew: 142831K->4976K(154880K), 0.0084176 secs] 4680640K->4542785K(6289088K), 0.0085036 secs] [Times: user=0.06 sys=0.00, real=0.01 secs]
         vmop                    [threads: total initially_running wait_to_block]    [time: spin block sync cleanup vmop] page_trap_count
314.161: GenCollectForAllocation          [      36          0              0    ]      [     0     0     0     0     8    ]  0
2017-11-22T07:11:48.263+0800: 314.170: Total time for which application threads were stopped: 0.0088381 seconds, Stopping threads took: 0.0000603 seconds
2017-11-22T07:11:48.833+0800: 314.740: [GC (Allocation Failure) 2017-11-22T07:11:48.833+0800: 314.740: [ParNew: 142704K->5292K(154880K), 0.0130189 secs] 4680513K->4543101K(6289088K), 0.0131296 secs] [Times: user=0.07 sys=0.00, real=0.01 secs]
         vmop                    [threads: total initially_running wait_to_block]    [time: spin block sync cleanup vmop] page_trap_count
314.740: GenCollectForAllocation          [      36          0              0    ]      [     0     0     0     0    13    ]  0
2017-11-22T07:11:48.846+0800: 314.753: Total time for which application threads were stopped: 0.0135012 seconds, Stopping threads took: 0.0000702 seconds
2017-11-22T07:11:49.452+0800: 315.359: [GC (Allocation Failure) 2017-11-22T07:11:49.452+0800: 315.359: [ParNew: 143020K->5167K(154880K), 0.0154957 secs] 4680829K->4542976K(6289088K), 0.0155820 secs] [Times: user=0.07 sys=0.00, real=0.02 secs]
         vmop                    [threads: total initially_running wait_to_block]    [time: spin block sync cleanup vmop] page_trap_count
315.359: GenCollectForAllocation          [      36          0              0    ]      [     0     0     0     0    15    ]  0
2017-11-22T07:11:49.468+0800: 315.375: Total time for which application threads were stopped: 0.0159258 seconds, Stopping threads took: 0.0000538 seconds
2017-11-22T07:11:50.061+0800: 315.968: [GC (Allocation Failure) 2017-11-22T07:11:50.061+0800: 315.968: [ParNew: 142895K->5167K(154880K), 0.0086349 secs] 4680704K->4542976K(6289088K), 0.0087264 secs] [Times: user=0.06 sys=0.00, real=0.00 secs]
         vmop                    [threads: total initially_running wait_to_block]    [time: spin block sync cleanup vmop] page_trap_count
315.968: GenCollectForAllocation          [      36          0              0    ]      [     0     0     0     0     8    ]  0
2017-11-22T07:11:50.070+0800: 315.977: Total time for which application threads were stopped: 0.0090795 seconds, Stopping threads took: 0.0000609 seconds
2017-11-22T07:11:50.646+0800: 316.553: [GC (Allocation Failure) 2017-11-22T07:11:50.646+0800: 316.553: [ParNew: 142895K->5228K(154880K), 0.0102909 secs] 4680704K->4543037K(6289088K), 0.0103835 secs] [Times: user=0.06 sys=0.00, real=0.01 secs]
         vmop                    [threads: total initially_running wait_to_block]    [time: spin block sync cleanup vmop] page_trap_count
316.552: GenCollectForAllocation          [      36          0              0    ]      [     0     0     0     0    10    ]  0
2017-11-22T07:11:50.656+0800: 316.563: Total time for which application threads were stopped: 0.0107003 seconds, Stopping threads took: 0.0000524 seconds
2017-11-22T07:11:51.252+0800: 317.159: [GC (Allocation Failure) 2017-11-22T07:11:51.252+0800: 317.159: [ParNew: 142956K->5165K(154880K), 0.0093889 secs] 4680765K->4542974K(6289088K), 0.0094949 secs] [Times: user=0.06 sys=0.01, real=0.02 secs]
         vmop                    [threads: total initially_running wait_to_block]    [time: spin block sync cleanup vmop] page_trap_count
317.158: GenCollectForAllocation          [      36          0              0    ]      [     0     0     0     0     9    ]  0
2017-11-22T07:11:51.261+0800: 317.168: Total time for which application threads were stopped: 0.0098020 seconds, Stopping threads took: 0.0000528 seconds
2017-11-22T07:11:51.854+0800: 317.761: [GC (Allocation Failure) 2017-11-22T07:11:51.854+0800: 317.761: [ParNew: 142893K->5036K(154880K), 0.0122697 secs] 4680702K->4542845K(6289088K), 0.0123480 secs] [Times: user=0.07 sys=0.00, real=0.01 secs]
         vmop                    [threads: total initially_running wait_to_block]    [time: spin block sync cleanup vmop] page_trap_count
317.761: GenCollectForAllocation          [      36          1              1    ]      [     0     0     0     0    12    ]  0
2017-11-22T07:11:51.867+0800: 317.774: Total time for which application threads were stopped: 0.0127383 seconds, Stopping threads took: 0.0001047 seconds
2017-11-22T07:11:52.460+0800: 318.367: [GC (Allocation Failure) 2017-11-22T07:11:52.460+0800: 318.367: [ParNew: 142764K->5169K(154880K), 0.0093759 secs] 4680573K->4542978K(6289088K), 0.0094728 secs] [Times: user=0.06 sys=0.01, real=0.01 secs]
         vmop                    [threads: total initially_running wait_to_block]    [time: spin block sync cleanup vmop] page_trap_count
318.366: GenCollectForAllocation          [      36          0              0    ]      [     0     0     0     0     9    ]  0
2017-11-22T07:11:52.471+0800: 318.378: Total time for which application threads were stopped: 0.0111480 seconds, Stopping threads took: 0.0000515 seconds
2017-11-22T07:11:53.023+0800: 318.930: [GC (Allocation Failure) 2017-11-22T07:11:53.023+0800: 318.930: [ParNew: 142897K->5101K(154880K), 0.0089483 secs] 4680706K->4542910K(6289088K), 0.0090279 secs] [Times: user=0.07 sys=0.00, real=0.00 secs]
         vmop                    [threads: total initially_running wait_to_block]    [time: spin block sync cleanup vmop] page_trap_count
318.930: GenCollectForAllocation          [      35          0              0    ]      [     0     0     0     0     9    ]  0
2017-11-22T07:11:53.032+0800: 318.939: Total time for which application threads were stopped: 0.0094267 seconds, Stopping threads took: 0.0000547 seconds
2017-11-22T07:11:53.577+0800: 319.484: [GC (Allocation Failure) 2017-11-22T07:11:53.577+0800: 319.484: [ParNew: 142829K->5233K(154880K), 0.0092706 secs] 4680638K->4543042K(6289088K), 0.0093578 secs] [Times: user=0.07 sys=0.00, real=0.01 secs]
         vmop                    [threads: total initially_running wait_to_block]    [time: spin block sync cleanup vmop] page_trap_count
319.484: GenCollectForAllocation          [      35          0              1    ]      [     0     0     0     0     9    ]  0
2017-11-22T07:11:53.587+0800: 319.494: Total time for which application threads were stopped: 0.0097219 seconds, Stopping threads took: 0.0001059 seconds
2017-11-22T07:11:54.102+0800: 320.009: [GC (Allocation Failure) 2017-11-22T07:11:54.102+0800: 320.009: [ParNew: 142961K->5229K(154880K), 0.0104348 secs] 4680770K->4543038K(6289088K), 0.0105151 secs] [Times: user=0.08 sys=0.00, real=0.00 secs]
         vmop                    [threads: total initially_running wait_to_block]    [time: spin block sync cleanup vmop] page_trap_count
320.009: GenCollectForAllocation          [      35          0              0    ]      [     0     0     0     0    10    ]  0
2017-11-22T07:11:54.112+0800: 320.019: Total time for which application threads were stopped: 0.0108332 seconds, Stopping threads took: 0.0000511 seconds
2017-11-22T07:11:54.664+0800: 320.571: [GC (Allocation Failure) 2017-11-22T07:11:54.664+0800: 320.571: [ParNew: 142957K->5167K(154880K), 0.0068952 secs] 4680766K->4542976K(6289088K), 0.0069702 secs] [Times: user=0.06 sys=0.00, real=0.00 secs]
         vmop                    [threads: total initially_running wait_to_block]    [time: spin block sync cleanup vmop] page_trap_count
320.571: GenCollectForAllocation          [      35          0              0    ]      [     0     0     0     0     7    ]  0
2017-11-22T07:11:54.671+0800: 320.578: Total time for which application threads were stopped: 0.0072971 seconds, Stopping threads took: 0.0000749 seconds
2017-11-22T07:11:55.217+0800: 321.124: [GC (Allocation Failure) 2017-11-22T07:11:55.217+0800: 321.124: [ParNew: 142895K->5226K(154880K), 0.0095022 secs] 4680704K->4543035K(6289088K), 0.0095906 secs] [Times: user=0.05 sys=0.00, real=0.01 secs]
         vmop                    [threads: total initially_running wait_to_block]    [time: spin block sync cleanup vmop] page_trap_count
321.124: GenCollectForAllocation          [      35          1              1    ]      [     0     0     0     0     9    ]  1
2017-11-22T07:11:55.227+0800: 321.134: Total time for which application threads were stopped: 0.0099385 seconds, Stopping threads took: 0.0000849 seconds
2017-11-22T07:11:55.742+0800: 321.649: [GC (Allocation Failure) 2017-11-22T07:11:55.742+0800: 321.649: [ParNew: 142954K->5104K(154880K), 0.0096697 secs] 4680763K->4542913K(6289088K), 0.0097688 secs] [Times: user=0.06 sys=0.00, real=0.00 secs]
         vmop                    [threads: total initially_running wait_to_block]    [time: spin block sync cleanup vmop] page_trap_count
321.649: GenCollectForAllocation          [      35          0              0    ]      [     0     0     0     0     9    ]  0
2017-11-22T07:11:55.752+0800: 321.659: Total time for which application threads were stopped: 0.0101258 seconds, Stopping threads took: 0.0000605 seconds
2017-11-22T07:11:56.295+0800: 322.202: [GC (Allocation Failure) 2017-11-22T07:11:56.295+0800: 322.202: [ParNew: 142832K->5103K(154880K), 0.0093844 secs] 4680641K->4542912K(6289088K), 0.0094847 secs] [Times: user=0.07 sys=0.00, real=0.01 secs]
         vmop                    [threads: total initially_running wait_to_block]    [time: spin block sync cleanup vmop] page_trap_count
322.201: GenCollectForAllocation          [      35          0              0    ]      [     0     0     0     0     9    ]  0
2017-11-22T07:11:56.304+0800: 322.211: Total time for which application threads were stopped: 0.0098690 seconds, Stopping threads took: 0.0000678 seconds
2017-11-22T07:11:56.791+0800: 322.698: [GC (Allocation Failure) 2017-11-22T07:11:56.791+0800: 322.698: [ParNew: 142831K->5294K(154880K), 0.0283453 secs] 4680640K->4543103K(6289088K), 0.0284392 secs] [Times: user=0.16 sys=0.00, real=0.03 secs]
         vmop                    [threads: total initially_running wait_to_block]    [time: spin block sync cleanup vmop] page_trap_count
322.698: GenCollectForAllocation          [      35          0              0    ]      [     0     0     0     0    28    ]  0
2017-11-22T07:11:56.820+0800: 322.727: Total time for which application threads were stopped: 0.0288004 seconds, Stopping threads took: 0.0000587 seconds
2017-11-22T07:11:57.294+0800: 323.201: [GC (Allocation Failure) 2017-11-22T07:11:57.294+0800: 323.201: [ParNew: 143022K->5231K(154880K), 0.0120247 secs] 4680831K->4543039K(6289088K), 0.0121146 secs] [Times: user=0.08 sys=0.01, real=0.01 secs]
         vmop                    [threads: total initially_running wait_to_block]    [time: spin block sync cleanup vmop] page_trap_count
323.201: GenCollectForAllocation          [      35          0              0    ]      [     0     0     0     0    12    ]  0
2017-11-22T07:11:57.306+0800: 323.213: Total time for which application threads were stopped: 0.0124468 seconds, Stopping threads took: 0.0000546 seconds
2017-11-22T07:11:57.796+0800: 323.703: [GC (Allocation Failure) 2017-11-22T07:11:57.796+0800: 323.703: [ParNew: 142959K->5104K(154880K), 0.0087999 secs] 4680767K->4542913K(6289088K), 0.0088925 secs] [Times: user=0.07 sys=0.00, real=0.01 secs]
         vmop                    [threads: total initially_running wait_to_block]    [time: spin block sync cleanup vmop] page_trap_count
323.703: GenCollectForAllocation          [      35          0              0    ]      [     0     0     0     0     8    ]  0
2017-11-22T07:11:57.805+0800: 323.712: Total time for which application threads were stopped: 0.0091912 seconds, Stopping threads took: 0.0000539 seconds
2017-11-22T07:11:58.269+0800: 324.176: [GC (Allocation Failure) 2017-11-22T07:11:58.269+0800: 324.176: [ParNew: 142832K->5294K(154880K), 0.0075700 secs] 4680641K->4543103K(6289088K), 0.0076682 secs] [Times: user=0.05 sys=0.01, real=0.01 secs]
         vmop                    [threads: total initially_running wait_to_block]    [time: spin block sync cleanup vmop] page_trap_count
324.175: GenCollectForAllocation          [      35          0              0    ]      [     0     0     0     0     7    ]  0
2017-11-22T07:11:58.276+0800: 324.183: Total time for which application threads were stopped: 0.0079941 seconds, Stopping threads took: 0.0000617 seconds
2017-11-22T07:11:58.770+0800: 324.677: [GC (Allocation Failure) 2017-11-22T07:11:58.771+0800: 324.677: [ParNew: 143022K->5038K(154880K), 0.0136549 secs] 4680831K->4542847K(6289088K), 0.0137346 secs] [Times: user=0.06 sys=0.00, real=0.02 secs]
         vmop                    [threads: total initially_running wait_to_block]    [time: spin block sync cleanup vmop] page_trap_count
324.677: GenCollectForAllocation          [      35          1              1    ]      [     0     0     0     0    13    ]  1
2017-11-22T07:11:58.784+0800: 324.691: Total time for which application threads were stopped: 0.0141159 seconds, Stopping threads took: 0.0001049 seconds
2017-11-22T07:11:59.240+0800: 325.147: [GC (Allocation Failure) 2017-11-22T07:11:59.240+0800: 325.147: [ParNew: 142766K->5167K(154880K), 0.0096935 secs] 4680575K->4542976K(6289088K), 0.0097756 secs] [Times: user=0.06 sys=0.00, real=0.01 secs]
         vmop                    [threads: total initially_running wait_to_block]    [time: spin block sync cleanup vmop] page_trap_count
325.147: GenCollectForAllocation          [      35          0              0    ]      [     0     0     0     0     9    ]  0
2017-11-22T07:11:59.250+0800: 325.157: Total time for which application threads were stopped: 0.0100609 seconds, Stopping threads took: 0.0000471 seconds
2017-11-22T07:11:59.743+0800: 325.650: [GC (Allocation Failure) 2017-11-22T07:11:59.743+0800: 325.650: [ParNew: 142895K->5040K(154880K), 0.0103309 secs] 4680704K->4542849K(6289088K), 0.0104097 secs] [Times: user=0.06 sys=0.01, real=0.01 secs]
         vmop                    [threads: total initially_running wait_to_block]    [time: spin block sync cleanup vmop] page_trap_count
325.649: GenCollectForAllocation          [      35          0              0    ]      [     0     0     0     0    10    ]  0
2017-11-22T07:11:59.753+0800: 325.660: Total time for which application threads were stopped: 0.0107101 seconds, Stopping threads took: 0.0000602 seconds
2017-11-22T07:12:00.218+0800: 326.125: [GC (Allocation Failure) 2017-11-22T07:12:00.218+0800: 326.125: [ParNew: 142768K->5229K(154880K), 0.0097281 secs] 4680577K->4543038K(6289088K), 0.0098091 secs] [Times: user=0.06 sys=0.00, real=0.01 secs]
         vmop                    [threads: total initially_running wait_to_block]    [time: spin block sync cleanup vmop] page_trap_count
326.124: GenCollectForAllocation          [      35          0              0    ]      [     0     0     0     0     9    ]  0
2017-11-22T07:12:00.228+0800: 326.135: Total time for which application threads were stopped: 0.0101310 seconds, Stopping threads took: 0.0000502 seconds
2017-11-22T07:12:00.715+0800: 326.622: [GC (Allocation Failure) 2017-11-22T07:12:00.715+0800: 326.622: [ParNew: 142957K->5106K(154880K), 0.0270438 secs] 4680766K->4542915K(6289088K), 0.0271291 secs] [Times: user=0.08 sys=0.00, real=0.03 secs]
         vmop                    [threads: total initially_running wait_to_block]    [time: spin block sync cleanup vmop] page_trap_count
326.622: GenCollectForAllocation          [      35          0              0    ]      [     0     0     0     0    27    ]  0
2017-11-22T07:12:00.743+0800: 326.649: Total time for which application threads were stopped: 0.0273989 seconds, Stopping threads took: 0.0000562 seconds
         vmop                    [threads: total initially_running wait_to_block]    [time: spin block sync cleanup vmop] page_trap_count
327.027: RevokeBias                       [      35          0              0    ]      [     0     0     0     0     0    ]  0
2017-11-22T07:12:01.121+0800: 327.028: Total time for which application threads were stopped: 0.0002335 seconds, Stopping threads took: 0.0000469 seconds
         vmop                    [threads: total initially_running wait_to_block]    [time: spin block sync cleanup vmop] page_trap_count
327.028: RevokeBias                       [      34          0              2    ]      [     0     0     0     0     0    ]  0
2017-11-22T07:12:01.121+0800: 327.028: Total time for which application threads were stopped: 0.0003150 seconds, Stopping threads took: 0.0002226 seconds
2017-11-22T07:12:01.218+0800: 327.125: [GC (Allocation Failure) 2017-11-22T07:12:01.218+0800: 327.125: [ParNew: 142834K->5038K(154880K), 0.0105205 secs] 4680643K->4542847K(6289088K), 0.0105969 secs] [Times: user=0.07 sys=0.00, real=0.01 secs]
         vmop                    [threads: total initially_running wait_to_block]    [time: spin block sync cleanup vmop] page_trap_count
327.125: GenCollectForAllocation          [      32          0              0    ]      [     0     0     0     0    10    ]  0
2017-11-22T07:12:01.229+0800: 327.136: Total time for which application threads were stopped: 0.0109236 seconds, Stopping threads took: 0.0000594 seconds
2017-11-22T07:12:01.729+0800: 327.636: [GC (Allocation Failure) 2017-11-22T07:12:01.729+0800: 327.636: [ParNew: 142766K->4879K(154880K), 0.0098684 secs] 4680575K->4542688K(6289088K), 0.0099405 secs] [Times: user=0.05 sys=0.01, real=0.01 secs]
         vmop                    [threads: total initially_running wait_to_block]    [time: spin block sync cleanup vmop] page_trap_count
327.635: GenCollectForAllocation          [      32          0              0    ]      [     0     0     0     0    10    ]  0
2017-11-22T07:12:01.739+0800: 327.646: Total time for which application threads were stopped: 0.0102466 seconds, Stopping threads took: 0.0000530 seconds
         vmop                    [threads: total initially_running wait_to_block]    [time: spin block sync cleanup vmop] page_trap_count
327.861: RevokeBias                       [      32          0              2    ]      [     0     0     0     0     0    ]  0
2017-11-22T07:12:01.954+0800: 327.861: Total time for which application threads were stopped: 0.0003620 seconds, Stopping threads took: 0.0001978 seconds
         vmop                    [threads: total initially_running wait_to_block]    [time: spin block sync cleanup vmop] page_trap_count
327.861: RevokeBias                       [      32          1              2    ]      [     0     0     0     0     0    ]  1
2017-11-22T07:12:01.954+0800: 327.861: Total time for which application threads were stopped: 0.0002295 seconds, Stopping threads took: 0.0001234 seconds
         vmop                    [threads: total initially_running wait_to_block]    [time: spin block sync cleanup vmop] page_trap_count
327.861: RevokeBias                       [      32          1              3    ]      [     0     0     0     0     0    ]  1
2017-11-22T07:12:01.955+0800: 327.862: Total time for which application threads were stopped: 0.0001839 seconds, Stopping threads took: 0.0000876 seconds
         vmop                    [threads: total initially_running wait_to_block]    [time: spin block sync cleanup vmop] page_trap_count
327.867: BulkRevokeBias                   [      33          0              0    ]      [     0     0     0     0     0    ]  0
2017-11-22T07:12:01.961+0800: 327.868: Total time for which application threads were stopped: 0.0003110 seconds, Stopping threads took: 0.0000542 seconds
2017-11-22T07:12:02.053+0800: 327.960: [GC (Allocation Failure) 2017-11-22T07:12:02.054+0800: 327.960: [ParNew: 142607K->171K(154880K), 0.0107783 secs] 4680416K->4537980K(6289088K), 0.0108749 secs] [Times: user=0.07 sys=0.00, real=0.01 secs]
         vmop                    [threads: total initially_running wait_to_block]    [time: spin block sync cleanup vmop] page_trap_count
327.960: GenCollectForAllocation          [      33          0              0    ]      [     0     0     0     0    10    ]  0
2017-11-22T07:12:02.064+0800: 327.971: Total time for which application threads were stopped: 0.0112154 seconds, Stopping threads took: 0.0000622 seconds
2017-11-22T07:12:02.141+0800: 328.048: [GC (Allocation Failure) 2017-11-22T07:12:02.141+0800: 328.048: [ParNew: 137899K->170K(154880K), 0.0123173 secs] 4675708K->4537979K(6289088K), 0.0124089 secs] [Times: user=0.06 sys=0.01, real=0.02 secs]
         vmop                    [threads: total initially_running wait_to_block]    [time: spin block sync cleanup vmop] page_trap_count
328.047: GenCollectForAllocation          [      33          0              0    ]      [     0     0     0     0    12    ]  0
2017-11-22T07:12:02.153+0800: 328.060: Total time for which application threads were stopped: 0.0127867 seconds, Stopping threads took: 0.0000628 seconds
2017-11-22T07:12:02.230+0800: 328.137: [GC (Allocation Failure) 2017-11-22T07:12:02.230+0800: 328.137: [ParNew: 137898K->109K(154880K), 0.0109107 secs] 4675707K->4537918K(6289088K), 0.0110130 secs] [Times: user=0.07 sys=0.00, real=0.02 secs]
         vmop                    [threads: total initially_running wait_to_block]    [time: spin block sync cleanup vmop] page_trap_count
328.137: GenCollectForAllocation          [      33          0              1    ]      [     0     0     0     0    11    ]  0
2017-11-22T07:12:02.242+0800: 328.148: Total time for which application threads were stopped: 0.0114102 seconds, Stopping threads took: 0.0001392 seconds
2017-11-22T07:12:02.313+0800: 328.220: [GC (Allocation Failure) 2017-11-22T07:12:02.313+0800: 328.220: [ParNew: 137837K->168K(154880K), 0.0126963 secs] 4675646K->4537977K(6289088K), 0.0127875 secs] [Times: user=0.07 sys=0.00, real=0.01 secs]
         vmop                    [threads: total initially_running wait_to_block]    [time: spin block sync cleanup vmop] page_trap_count
328.220: GenCollectForAllocation          [      33          0              0    ]      [     0     0     0     0    12    ]  0
2017-11-22T07:12:02.326+0800: 328.233: Total time for which application threads were stopped: 0.0131294 seconds, Stopping threads took: 0.0000708 seconds
2017-11-22T07:12:02.396+0800: 328.303: [GC (Allocation Failure) 2017-11-22T07:12:02.396+0800: 328.303: [ParNew: 137896K->109K(154880K), 0.0086005 secs] 4675705K->4537918K(6289088K), 0.0086768 secs] [Times: user=0.06 sys=0.00, real=0.01 secs]
         vmop                    [threads: total initially_running wait_to_block]    [time: spin block sync cleanup vmop] page_trap_count
328.303: GenCollectForAllocation          [      33          0              0    ]      [     0     0     0     0     8    ]  0
2017-11-22T07:12:02.405+0800: 328.312: Total time for which application threads were stopped: 0.0089657 seconds, Stopping threads took: 0.0000582 seconds
2017-11-22T07:12:02.475+0800: 328.382: [GC (Allocation Failure) 2017-11-22T07:12:02.475+0800: 328.382: [ParNew: 137837K->173K(154880K), 0.0088694 secs] 4675646K->4537982K(6289088K), 0.0089525 secs] [Times: user=0.06 sys=0.00, real=0.01 secs]
         vmop                    [threads: total initially_running wait_to_block]    [time: spin block sync cleanup vmop] page_trap_count
328.382: GenCollectForAllocation          [      33          0              0    ]      [     0     0     0     0     9    ]  0
2017-11-22T07:12:02.485+0800: 328.392: Total time for which application threads were stopped: 0.0094941 seconds, Stopping threads took: 0.0000517 seconds
2017-11-22T07:12:02.559+0800: 328.466: [GC (Allocation Failure) 2017-11-22T07:12:02.559+0800: 328.466: [ParNew: 137901K->137K(154880K), 0.0171964 secs] 4675710K->4537978K(6289088K), 0.0172939 secs] [Times: user=0.09 sys=0.00, real=0.02 secs]
         vmop                    [threads: total initially_running wait_to_block]    [time: spin block sync cleanup vmop] page_trap_count
328.466: GenCollectForAllocation          [      33          0              0    ]      [     0     0     0     0    17    ]  0
2017-11-22T07:12:02.577+0800: 328.484: Total time for which application threads were stopped: 0.0176302 seconds, Stopping threads took: 0.0000633 seconds
2017-11-22T07:12:02.655+0800: 328.562: [GC (Allocation Failure) 2017-11-22T07:12:02.655+0800: 328.562: [ParNew: 137865K->135K(154880K), 0.0117350 secs] 4675706K->4537975K(6289088K), 0.0118236 secs] [Times: user=0.07 sys=0.00, real=0.01 secs]
         vmop                    [threads: total initially_running wait_to_block]    [time: spin block sync cleanup vmop] page_trap_count
328.562: GenCollectForAllocation          [      33          0              0    ]      [     0     0     0     0    11    ]  0
2017-11-22T07:12:02.667+0800: 328.574: Total time for which application threads were stopped: 0.0121211 seconds, Stopping threads took: 0.0000554 seconds
2017-11-22T07:12:02.742+0800: 328.649: [GC (Allocation Failure) 2017-11-22T07:12:02.743+0800: 328.649: [ParNew: 137863K->137K(154880K), 0.0269133 secs] 4675703K->4537977K(6289088K), 0.0270090 secs] [Times: user=0.12 sys=0.00, real=0.02 secs]
         vmop                    [threads: total initially_running wait_to_block]    [time: spin block sync cleanup vmop] page_trap_count
328.649: GenCollectForAllocation          [      33          0              0    ]      [     0     0     0     0    27    ]  0
2017-11-22T07:12:02.770+0800: 328.677: Total time for which application threads were stopped: 0.0273496 seconds, Stopping threads took: 0.0000606 seconds
2017-11-22T07:12:02.841+0800: 328.748: [GC (Allocation Failure) 2017-11-22T07:12:02.841+0800: 328.748: [ParNew: 137865K->139K(154880K), 0.0144725 secs] 4675705K->4537980K(6289088K), 0.0146262 secs] [Times: user=0.09 sys=0.00, real=0.01 secs]
         vmop                    [threads: total initially_running wait_to_block]    [time: spin block sync cleanup vmop] page_trap_count
328.748: GenCollectForAllocation          [      33          1              1    ]      [     0     0     0     0    14    ]  1
2017-11-22T07:12:02.856+0800: 328.763: Total time for which application threads were stopped: 0.0149547 seconds, Stopping threads took: 0.0000859 seconds
2017-11-22T07:12:02.940+0800: 328.847: [GC (Allocation Failure) 2017-11-22T07:12:02.940+0800: 328.847: [ParNew: 137867K->75K(154880K), 0.0098182 secs] 4675708K->4537916K(6289088K), 0.0099094 secs] [Times: user=0.08 sys=0.00, real=0.01 secs]
         vmop                    [threads: total initially_running wait_to_block]    [time: spin block sync cleanup vmop] page_trap_count
328.847: GenCollectForAllocation          [      33          0              0    ]      [     0     0     0     0    10    ]  0
2017-11-22T07:12:02.950+0800: 328.857: Total time for which application threads were stopped: 0.0102359 seconds, Stopping threads took: 0.0000548 seconds
2017-11-22T07:12:03.023+0800: 328.930: [GC (Allocation Failure) 2017-11-22T07:12:03.023+0800: 328.930: [ParNew: 137803K->139K(154880K), 0.0135947 secs] 4675644K->4537979K(6289088K), 0.0136840 secs] [Times: user=0.07 sys=0.01, real=0.01 secs]
         vmop                    [threads: total initially_running wait_to_block]    [time: spin block sync cleanup vmop] page_trap_count
328.930: GenCollectForAllocation          [      33          0              0    ]      [     0     0     0     0    13    ]  0
2017-11-22T07:12:03.037+0800: 328.944: Total time for which application threads were stopped: 0.0139991 seconds, Stopping threads took: 0.0000605 seconds
2017-11-22T07:12:03.111+0800: 329.018: [GC (Allocation Failure) 2017-11-22T07:12:03.111+0800: 329.018: [ParNew: 137867K->328K(154880K), 0.0104133 secs] 4675707K->4538169K(6289088K), 0.0105013 secs] [Times: user=0.06 sys=0.00, real=0.02 secs]
         vmop                    [threads: total initially_running wait_to_block]    [time: spin block sync cleanup vmop] page_trap_count
329.017: GenCollectForAllocation          [      33          1              1    ]      [     0     0     0     0    10    ]  1
2017-11-22T07:12:03.121+0800: 329.028: Total time for which application threads were stopped: 0.0108450 seconds, Stopping threads took: 0.0000686 seconds
2017-11-22T07:12:03.196+0800: 329.103: [GC (Allocation Failure) 2017-11-22T07:12:03.196+0800: 329.103: [ParNew: 138056K->137K(154880K), 0.0097475 secs] 4675897K->4537978K(6289088K), 0.0098505 secs] [Times: user=0.08 sys=0.00, real=0.01 secs]
         vmop                    [threads: total initially_running wait_to_block]    [time: spin block sync cleanup vmop] page_trap_count
329.103: GenCollectForAllocation          [      33          0              0    ]      [     0     0     0     0     9    ]  0
2017-11-22T07:12:03.206+0800: 329.113: Total time for which application threads were stopped: 0.0102612 seconds, Stopping threads took: 0.0000673 seconds
2017-11-22T07:12:03.283+0800: 329.190: [GC (Allocation Failure) 2017-11-22T07:12:03.283+0800: 329.190: [ParNew: 137865K->3895K(154880K), 0.0096635 secs] 4675706K->4541736K(6289088K), 0.0097699 secs] [Times: user=0.07 sys=0.00, real=0.00 secs]
         vmop                    [threads: total initially_running wait_to_block]    [time: spin block sync cleanup vmop] page_trap_count
329.189: GenCollectForAllocation          [      33          0              0    ]      [     0     0     0     0     9    ]  0
2017-11-22T07:12:03.292+0800: 329.199: Total time for which application threads were stopped: 0.0101243 seconds, Stopping threads took: 0.0000679 seconds
2017-11-22T07:12:03.528+0800: 329.435: [GC (Allocation Failure) 2017-11-22T07:12:03.528+0800: 329.435: [ParNew: 141623K->137K(154880K), 0.0120011 secs] 4679464K->4537978K(6289088K), 0.0120770 secs] [Times: user=0.08 sys=0.00, real=0.01 secs]
         vmop                    [threads: total initially_running wait_to_block]    [time: spin block sync cleanup vmop] page_trap_count
329.435: GenCollectForAllocation          [      33          1              1    ]      [     0     0     0     0    12    ]  1
2017-11-22T07:12:03.541+0800: 329.448: Total time for which application threads were stopped: 0.0124116 seconds, Stopping threads took: 0.0000881 seconds
2017-11-22T07:12:03.611+0800: 329.518: [GC (Allocation Failure) 2017-11-22T07:12:03.611+0800: 329.518: [ParNew: 137865K->139K(154880K), 0.0419656 secs] 4675706K->4537980K(6289088K), 0.0420428 secs] [Times: user=0.18 sys=0.01, real=0.05 secs]
         vmop                    [threads: total initially_running wait_to_block]    [time: spin block sync cleanup vmop] page_trap_count
329.518: GenCollectForAllocation          [      33          0              0    ]      [     0     0     0     0    42    ]  0
2017-11-22T07:12:03.653+0800: 329.560: Total time for which application threads were stopped: 0.0423035 seconds, Stopping threads took: 0.0000534 seconds
2017-11-22T07:12:03.738+0800: 329.645: [GC (Allocation Failure) 2017-11-22T07:12:03.738+0800: 329.645: [ParNew: 137867K->137K(154880K), 0.0153067 secs] 4675708K->4537978K(6289088K), 0.0153780 secs] [Times: user=0.09 sys=0.01, real=0.02 secs]
         vmop                    [threads: total initially_running wait_to_block]    [time: spin block sync cleanup vmop] page_trap_count
329.645: GenCollectForAllocation          [      33          0              0    ]      [     0     0     0     0    15    ]  0
2017-11-22T07:12:03.754+0800: 329.661: Total time for which application threads were stopped: 0.0156619 seconds, Stopping threads took: 0.0000460 seconds
2017-11-22T07:12:03.835+0800: 329.742: [GC (Allocation Failure) 2017-11-22T07:12:03.835+0800: 329.742: [ParNew: 137865K->71K(154880K), 0.0154502 secs] 4675706K->4537912K(6289088K), 0.0155616 secs] [Times: user=0.07 sys=0.00, real=0.01 secs]
         vmop                    [threads: total initially_running wait_to_block]    [time: spin block sync cleanup vmop] page_trap_count
329.742: GenCollectForAllocation          [      33          0              0    ]      [     0     0     0     0    15    ]  0
2017-11-22T07:12:03.851+0800: 329.758: Total time for which application threads were stopped: 0.0159372 seconds, Stopping threads took: 0.0000849 seconds
2017-11-22T07:12:03.922+0800: 329.829: [GC (Allocation Failure) 2017-11-22T07:12:03.922+0800: 329.829: [ParNew: 137799K->133K(154880K), 0.0111131 secs] 4675640K->4537974K(6289088K), 0.0112118 secs] [Times: user=0.06 sys=0.00, real=0.01 secs]
         vmop                    [threads: total initially_running wait_to_block]    [time: spin block sync cleanup vmop] page_trap_count
329.829: GenCollectForAllocation          [      33          1              1    ]      [     0     0     0     0    11    ]  0
2017-11-22T07:12:03.933+0800: 329.840: Total time for which application threads were stopped: 0.0116460 seconds, Stopping threads took: 0.0001136 seconds
2017-11-22T07:12:04.023+0800: 329.930: [GC (Allocation Failure) 2017-11-22T07:12:04.023+0800: 329.930: [ParNew: 137861K->137K(154880K), 0.0098879 secs] 4675702K->4537978K(6289088K), 0.0099868 secs] [Times: user=0.07 sys=0.00, real=0.01 secs]
         vmop                    [threads: total initially_running wait_to_block]    [time: spin block sync cleanup vmop] page_trap_count
329.930: GenCollectForAllocation          [      33          0              0    ]      [     0     0     0     0    10    ]  0
2017-11-22T07:12:04.033+0800: 329.940: Total time for which application threads were stopped: 0.0103429 seconds, Stopping threads took: 0.0000570 seconds
2017-11-22T07:12:04.139+0800: 330.046: [GC (Allocation Failure) 2017-11-22T07:12:04.139+0800: 330.046: [ParNew: 137865K->75K(154880K), 0.0099566 secs] 4675706K->4537916K(6289088K), 0.0100318 secs] [Times: user=0.06 sys=0.00, real=0.01 secs]
         vmop                    [threads: total initially_running wait_to_block]    [time: spin block sync cleanup vmop] page_trap_count
330.046: GenCollectForAllocation          [      33          0              0    ]      [     0     0     0     0    10    ]  0
2017-11-22T07:12:04.149+0800: 330.056: Total time for which application threads were stopped: 0.0103460 seconds, Stopping threads took: 0.0000610 seconds
2017-11-22T07:12:04.232+0800: 330.139: [GC (Allocation Failure) 2017-11-22T07:12:04.232+0800: 330.139: [ParNew: 137803K->76K(154880K), 0.0093881 secs] 4675644K->4537916K(6289088K), 0.0094544 secs] [Times: user=0.06 sys=0.00, real=0.02 secs]
         vmop                    [threads: total initially_running wait_to_block]    [time: spin block sync cleanup vmop] page_trap_count
330.138: GenCollectForAllocation          [      33          0              0    ]      [     0     0     0     0     9    ]  0
2017-11-22T07:12:04.241+0800: 330.148: Total time for which application threads were stopped: 0.0097337 seconds, Stopping threads took: 0.0000458 seconds
2017-11-22T07:12:04.334+0800: 330.241: [GC (Allocation Failure) 2017-11-22T07:12:04.335+0800: 330.241: [ParNew: 137804K->73K(154880K), 0.0099085 secs] 4675644K->4537914K(6289088K), 0.0099865 secs] [Times: user=0.08 sys=0.00, real=0.01 secs]
         vmop                    [threads: total initially_running wait_to_block]    [time: spin block sync cleanup vmop] page_trap_count
330.241: GenCollectForAllocation          [      33          0              0    ]      [     0     0     0     0    10    ]  0
2017-11-22T07:12:04.345+0800: 330.252: Total time for which application threads were stopped: 0.0102992 seconds, Stopping threads took: 0.0000656 seconds
2017-11-22T07:12:04.435+0800: 330.342: [GC (Allocation Failure) 2017-11-22T07:12:04.435+0800: 330.342: [ParNew: 137801K->73K(154880K), 0.0105523 secs] 4675642K->4537914K(6289088K), 0.0106553 secs] [Times: user=0.06 sys=0.00, real=0.01 secs]
         vmop                    [threads: total initially_running wait_to_block]    [time: spin block sync cleanup vmop] page_trap_count
330.342: GenCollectForAllocation          [      33          0              0    ]      [     0     0     0     0    10    ]  0
2017-11-22T07:12:04.446+0800: 330.353: Total time for which application threads were stopped: 0.0110110 seconds, Stopping threads took: 0.0000593 seconds
2017-11-22T07:12:04.525+0800: 330.432: [GC (Allocation Failure) 2017-11-22T07:12:04.525+0800: 330.432: [ParNew: 137801K->137K(154880K), 0.0112350 secs] 4675642K->4537978K(6289088K), 0.0113165 secs] [Times: user=0.08 sys=0.00, real=0.01 secs]
         vmop                    [threads: total initially_running wait_to_block]    [time: spin block sync cleanup vmop] page_trap_count
330.432: GenCollectForAllocation          [      33          0              0    ]      [     0     0     0     0    11    ]  0
2017-11-22T07:12:04.536+0800: 330.443: Total time for which application threads were stopped: 0.0116365 seconds, Stopping threads took: 0.0000549 seconds
2017-11-22T07:12:04.620+0800: 330.527: [GC (Allocation Failure) 2017-11-22T07:12:04.620+0800: 330.527: [ParNew: 137865K->521K(154880K), 0.0246420 secs] 4675706K->4538361K(6289088K), 0.0247221 secs] [Times: user=0.08 sys=0.01, real=0.03 secs]
         vmop                    [threads: total initially_running wait_to_block]    [time: spin block sync cleanup vmop] page_trap_count
330.527: GenCollectForAllocation          [      33          0              1    ]      [     0     0     0     0    24    ]  0
2017-11-22T07:12:04.645+0800: 330.552: Total time for which application threads were stopped: 0.0250268 seconds, Stopping threads took: 0.0000532 seconds
2017-11-22T07:12:04.723+0800: 330.630: [GC (Allocation Failure) 2017-11-22T07:12:04.724+0800: 330.631: [ParNew: 138249K->266K(154880K), 0.0227281 secs] 4676089K->4538107K(6289088K), 0.0228410 secs] [Times: user=0.07 sys=0.00, real=0.02 secs]
         vmop                    [threads: total initially_running wait_to_block]    [time: spin block sync cleanup vmop] page_trap_count
330.630: GenCollectForAllocation          [      33          0              0    ]      [     0     0     0     0    22    ]  0
2017-11-22T07:12:04.746+0800: 330.653: Total time for which application threads were stopped: 0.0231793 seconds, Stopping threads took: 0.0000547 seconds
2017-11-22T07:12:04.827+0800: 330.734: [GC (Allocation Failure) 2017-11-22T07:12:04.827+0800: 330.734: [ParNew: 137994K->393K(154880K), 0.0302255 secs] 4675835K->4538234K(6289088K), 0.0303291 secs] [Times: user=0.11 sys=0.01, real=0.03 secs]
         vmop                    [threads: total initially_running wait_to_block]    [time: spin block sync cleanup vmop] page_trap_count
330.733: GenCollectForAllocation          [      33          1              2    ]      [     0     0     0     0    30    ]  1
2017-11-22T07:12:04.857+0800: 330.764: Total time for which application threads were stopped: 0.0306785 seconds, Stopping threads took: 0.0000779 seconds
2017-11-22T07:12:04.932+0800: 330.839: [GC (Allocation Failure) 2017-11-22T07:12:04.933+0800: 330.839: [ParNew: 138121K->266K(154880K), 0.0397113 secs] 4675962K->4538107K(6289088K), 0.0398086 secs] [Times: user=0.07 sys=0.00, real=0.04 secs]
         vmop                    [threads: total initially_running wait_to_block]    [time: spin block sync cleanup vmop] page_trap_count
330.839: GenCollectForAllocation          [      33          1              1    ]      [     0     0     0     0    39    ]  1
2017-11-22T07:12:04.972+0800: 330.879: Total time for which application threads were stopped: 0.0401544 seconds, Stopping threads took: 0.0000985 seconds
2017-11-22T07:12:05.074+0800: 330.981: [GC (Allocation Failure) 2017-11-22T07:12:05.074+0800: 330.981: [ParNew: 137994K->137K(154880K), 0.0159932 secs] 4675835K->4537978K(6289088K), 0.0160867 secs] [Times: user=0.07 sys=0.00, real=0.01 secs]
         vmop                    [threads: total initially_running wait_to_block]    [time: spin block sync cleanup vmop] page_trap_count
330.980: GenCollectForAllocation          [      33          1              0    ]      [     0     0     0     0    16    ]  0
2017-11-22T07:12:05.090+0800: 330.997: Total time for which application threads were stopped: 0.0166558 seconds, Stopping threads took: 0.0002124 seconds
2017-11-22T07:12:05.159+0800: 331.066: [GC (Allocation Failure) 2017-11-22T07:12:05.159+0800: 331.066: [ParNew: 137865K->139K(154880K), 0.0098821 secs] 4675706K->4537980K(6289088K), 0.0099875 secs] [Times: user=0.06 sys=0.00, real=0.01 secs]
         vmop                    [threads: total initially_running wait_to_block]    [time: spin block sync cleanup vmop] page_trap_count
331.066: GenCollectForAllocation          [      33          0              0    ]      [     0     0     0     0    10    ]  0
2017-11-22T07:12:05.169+0800: 331.076: Total time for which application threads were stopped: 0.0103303 seconds, Stopping threads took: 0.0000543 seconds
2017-11-22T07:12:05.238+0800: 331.145: [GC (Allocation Failure) 2017-11-22T07:12:05.238+0800: 331.145: [ParNew: 137867K->137K(154880K), 0.0128555 secs] 4675708K->4537978K(6289088K), 0.0129390 secs] [Times: user=0.08 sys=0.00, real=0.01 secs]
         vmop                    [threads: total initially_running wait_to_block]    [time: spin block sync cleanup vmop] page_trap_count
331.145: GenCollectForAllocation          [      33          0              0    ]      [     0     0     0     0    13    ]  0
2017-11-22T07:12:05.251+0800: 331.158: Total time for which application threads were stopped: 0.0132294 seconds, Stopping threads took: 0.0000510 seconds
         vmop                    [threads: total initially_running wait_to_block]    [time: spin block sync cleanup vmop] page_trap_count
331.195: RevokeBias                       [      33          1              1    ]      [     0     0     0     0     0    ]  1
2017-11-22T07:12:05.289+0800: 331.196: Total time for which application threads were stopped: 0.0003159 seconds, Stopping threads took: 0.0001172 seconds
2017-11-22T07:12:05.320+0800: 331.227: [GC (Allocation Failure) 2017-11-22T07:12:05.320+0800: 331.227: [ParNew: 137865K->2371K(154880K), 0.0264412 secs] 4675706K->4540212K(6289088K), 0.0265227 secs] [Times: user=0.10 sys=0.00, real=0.03 secs]
         vmop                    [threads: total initially_running wait_to_block]    [time: spin block sync cleanup vmop] page_trap_count
331.226: GenCollectForAllocation          [      33          0              0    ]      [     0     0     0     0    26    ]  0
2017-11-22T07:12:05.346+0800: 331.253: Total time for which application threads were stopped: 0.0268212 seconds, Stopping threads took: 0.0000503 seconds
2017-11-22T07:12:05.417+0800: 331.324: [GC (Allocation Failure) 2017-11-22T07:12:05.417+0800: 331.324: [ParNew: 140099K->145K(154880K), 0.0104059 secs] 4677940K->4537986K(6289088K), 0.0104918 secs] [Times: user=0.07 sys=0.00, real=0.01 secs]
         vmop                    [threads: total initially_running wait_to_block]    [time: spin block sync cleanup vmop] page_trap_count
331.324: GenCollectForAllocation          [      33          0              0    ]      [     0     0     0     0    10    ]  0
2017-11-22T07:12:05.428+0800: 331.335: Total time for which application threads were stopped: 0.0108131 seconds, Stopping threads took: 0.0000561 seconds
2017-11-22T07:12:05.499+0800: 331.406: [GC (Allocation Failure) 2017-11-22T07:12:05.499+0800: 331.406: [ParNew: 137873K->85K(154880K), 0.0108687 secs] 4675714K->4537926K(6289088K), 0.0109503 secs] [Times: user=0.07 sys=0.00, real=0.01 secs]
         vmop                    [threads: total initially_running wait_to_block]    [time: spin block sync cleanup vmop] page_trap_count
331.405: GenCollectForAllocation          [      33          0              0    ]      [     0     0     0     0    11    ]  0
2017-11-22T07:12:05.510+0800: 331.417: Total time for which application threads were stopped: 0.0112449 seconds, Stopping threads took: 0.0000498 seconds
2017-11-22T07:12:05.593+0800: 331.500: [GC (Allocation Failure) 2017-11-22T07:12:05.593+0800: 331.500: [ParNew: 137813K->148K(154880K), 0.0168945 secs] 4675654K->4537989K(6289088K), 0.0170000 secs] [Times: user=0.07 sys=0.00, real=0.02 secs]
         vmop                    [threads: total initially_running wait_to_block]    [time: spin block sync cleanup vmop] page_trap_count
331.499: GenCollectForAllocation          [      33          0              0    ]      [     0     0     0     0    17    ]  0
2017-11-22T07:12:05.610+0800: 331.517: Total time for which application threads were stopped: 0.0173497 seconds, Stopping threads took: 0.0000569 seconds
2017-11-22T07:12:05.684+0800: 331.591: [GC (Allocation Failure) 2017-11-22T07:12:05.684+0800: 331.591: [ParNew: 137876K->144K(154880K), 0.0123653 secs] 4675717K->4537985K(6289088K), 0.0124402 secs] [Times: user=0.06 sys=0.00, real=0.01 secs]
         vmop                    [threads: total initially_running wait_to_block]    [time: spin block sync cleanup vmop] page_trap_count
331.591: GenCollectForAllocation          [      33          0              0    ]      [     0     0     0     0    12    ]  0
2017-11-22T07:12:05.697+0800: 331.604: Total time for which application threads were stopped: 0.0127216 seconds, Stopping threads took: 0.0000499 seconds
2017-11-22T07:12:05.775+0800: 331.682: [GC (Allocation Failure) 2017-11-22T07:12:05.775+0800: 331.682: [ParNew: 137872K->86K(154880K), 0.0155290 secs] 4675713K->4537927K(6289088K), 0.0156297 secs] [Times: user=0.09 sys=0.00, real=0.01 secs]
         vmop                    [threads: total initially_running wait_to_block]    [time: spin block sync cleanup vmop] page_trap_count
331.682: GenCollectForAllocation          [      33          0              0    ]      [     0     0     0     0    15    ]  0
2017-11-22T07:12:05.791+0800: 331.698: Total time for which application threads were stopped: 0.0159690 seconds, Stopping threads took: 0.0000494 seconds
2017-11-22T07:12:05.865+0800: 331.772: [GC (Allocation Failure) 2017-11-22T07:12:05.866+0800: 331.772: [ParNew: 137814K->137K(154880K), 0.0078855 secs] 4675655K->4537987K(6289088K), 0.0079718 secs] [Times: user=0.06 sys=0.00, real=0.01 secs]
         vmop                    [threads: total initially_running wait_to_block]    [time: spin block sync cleanup vmop] page_trap_count
331.772: GenCollectForAllocation          [      33          0              0    ]      [     0     0     0     0     8    ]  0
2017-11-22T07:12:05.874+0800: 331.781: Total time for which application threads were stopped: 0.0083066 seconds, Stopping threads took: 0.0000561 seconds
2017-11-22T07:12:05.955+0800: 331.862: [GC (Allocation Failure) 2017-11-22T07:12:05.955+0800: 331.862: [ParNew: 137865K->139K(154880K), 0.0105029 secs] 4675715K->4537989K(6289088K), 0.0105785 secs] [Times: user=0.06 sys=0.00, real=0.01 secs]
         vmop                    [threads: total initially_running wait_to_block]    [time: spin block sync cleanup vmop] page_trap_count
331.862: GenCollectForAllocation          [      33          0              0    ]      [     0     0     0     0    10    ]  0
2017-11-22T07:12:05.967+0800: 331.874: Total time for which application threads were stopped: 0.0119659 seconds, Stopping threads took: 0.0000617 seconds
2017-11-22T07:12:06.045+0800: 331.952: [GC (Allocation Failure) 2017-11-22T07:12:06.045+0800: 331.952: [ParNew: 137867K->73K(154880K), 0.0186210 secs] 4675717K->4537923K(6289088K), 0.0188566 secs] [Times: user=0.08 sys=0.01, real=0.02 secs]
         vmop                    [threads: total initially_running wait_to_block]    [time: spin block sync cleanup vmop] page_trap_count
331.951: GenCollectForAllocation          [      33          0              0    ]      [     0     0     0     0    18    ]  0
2017-11-22T07:12:06.063+0800: 331.970: Total time for which application threads were stopped: 0.0192993 seconds, Stopping threads took: 0.0000525 seconds
2017-11-22T07:12:06.142+0800: 332.049: [GC (Allocation Failure) 2017-11-22T07:12:06.142+0800: 332.049: [ParNew: 137801K->141K(154880K), 0.0130079 secs] 4675651K->4537991K(6289088K), 0.0130856 secs] [Times: user=0.07 sys=0.00, real=0.01 secs]
         vmop                    [threads: total initially_running wait_to_block]    [time: spin block sync cleanup vmop] page_trap_count
332.049: GenCollectForAllocation          [      33          1              1    ]      [     0     0     0     0    13    ]  1
2017-11-22T07:12:06.155+0800: 332.062: Total time for which application threads were stopped: 0.0134030 seconds, Stopping threads took: 0.0000873 seconds
2017-11-22T07:12:06.228+0800: 332.135: [GC (Allocation Failure) 2017-11-22T07:12:06.228+0800: 332.135: [ParNew: 137869K->137K(154880K), 0.0154981 secs] 4675719K->4537987K(6289088K), 0.0155768 secs] [Times: user=0.07 sys=0.00, real=0.02 secs]
         vmop                    [threads: total initially_running wait_to_block]    [time: spin block sync cleanup vmop] page_trap_count
332.135: GenCollectForAllocation          [      33          0              0    ]      [     0     0     0     0    15    ]  0
2017-11-22T07:12:06.244+0800: 332.150: Total time for which application threads were stopped: 0.0158867 seconds, Stopping threads took: 0.0000507 seconds
2017-11-22T07:12:06.314+0800: 332.221: [GC (Allocation Failure) 2017-11-22T07:12:06.314+0800: 332.221: [ParNew: 137865K->135K(154880K), 0.0101719 secs] 4675715K->4537985K(6289088K), 0.0102532 secs] [Times: user=0.06 sys=0.00, real=0.01 secs]
         vmop                    [threads: total initially_running wait_to_block]    [time: spin block sync cleanup vmop] page_trap_count
332.221: GenCollectForAllocation          [      33          0              1    ]      [     0     0     0     0    10    ]  0
2017-11-22T07:12:06.324+0800: 332.231: Total time for which application threads were stopped: 0.0105854 seconds, Stopping threads took: 0.0000870 seconds
2017-11-22T07:12:06.402+0800: 332.309: [GC (Allocation Failure) 2017-11-22T07:12:06.402+0800: 332.309: [ParNew: 137863K->649K(154880K), 0.0127601 secs] 4675713K->4538499K(6289088K), 0.0128534 secs] [Times: user=0.06 sys=0.00, real=0.01 secs]
         vmop                    [threads: total initially_running wait_to_block]    [time: spin block sync cleanup vmop] page_trap_count
332.309: GenCollectForAllocation          [      33          0              0    ]      [     0     0     0     0    12    ]  0
2017-11-22T07:12:06.415+0800: 332.322: Total time for which application threads were stopped: 0.0131367 seconds, Stopping threads took: 0.0000544 seconds
2017-11-22T07:12:06.491+0800: 332.398: [GC (Allocation Failure) 2017-11-22T07:12:06.491+0800: 332.398: [ParNew: 138377K->963K(154880K), 0.0155906 secs] 4676227K->4538813K(6289088K), 0.0156803 secs] [Times: user=0.07 sys=0.01, real=0.02 secs]
         vmop                    [threads: total initially_running wait_to_block]    [time: spin block sync cleanup vmop] page_trap_count
332.397: GenCollectForAllocation          [      33          0              0    ]      [     0     0     0     0    15    ]  0
2017-11-22T07:12:06.506+0800: 332.413: Total time for which application threads were stopped: 0.0160396 seconds, Stopping threads took: 0.0000574 seconds
2017-11-22T07:12:06.582+0800: 332.489: [GC (Allocation Failure) 2017-11-22T07:12:06.582+0800: 332.489: [ParNew: 138691K->135K(154880K), 0.0095810 secs] 4676541K->4537985K(6289088K), 0.0097296 secs] [Times: user=0.06 sys=0.00, real=0.00 secs]
         vmop                    [threads: total initially_running wait_to_block]    [time: spin block sync cleanup vmop] page_trap_count
332.489: GenCollectForAllocation          [      33          1              1    ]      [     0     0     0     0     9    ]  1
2017-11-22T07:12:06.592+0800: 332.499: Total time for which application threads were stopped: 0.0102025 seconds, Stopping threads took: 0.0000826 seconds
2017-11-22T07:12:06.682+0800: 332.589: [GC (Allocation Failure) 2017-11-22T07:12:06.683+0800: 332.590: [ParNew: 137863K->137K(154880K), 0.0156489 secs] 4675713K->4537987K(6289088K), 0.0157357 secs] [Times: user=0.07 sys=0.00, real=0.01 secs]
         vmop                    [threads: total initially_running wait_to_block]    [time: spin block sync cleanup vmop] page_trap_count
332.589: GenCollectForAllocation          [      33          0              0    ]      [     0     0     0     0    15    ]  0
2017-11-22T07:12:06.698+0800: 332.605: Total time for which application threads were stopped: 0.0160408 seconds, Stopping threads took: 0.0000517 seconds
2017-11-22T07:12:06.800+0800: 332.707: [GC (Allocation Failure) 2017-11-22T07:12:06.800+0800: 332.707: [ParNew: 137865K->137K(154880K), 0.0152181 secs] 4675715K->4537987K(6289088K), 0.0153323 secs] [Times: user=0.06 sys=0.00, real=0.02 secs]
         vmop                    [threads: total initially_running wait_to_block]    [time: spin block sync cleanup vmop] page_trap_count
332.706: GenCollectForAllocation          [      33          0              0    ]      [     0     0     0     0    15    ]  0
2017-11-22T07:12:06.815+0800: 332.722: Total time for which application threads were stopped: 0.0157240 seconds, Stopping threads took: 0.0000659 seconds
2017-11-22T07:12:06.907+0800: 332.814: [GC (Allocation Failure) 2017-11-22T07:12:06.907+0800: 332.814: [ParNew: 137865K->76K(154880K), 0.0213191 secs] 4675715K->4537925K(6289088K), 0.0214124 secs] [Times: user=0.09 sys=0.00, real=0.02 secs]
         vmop                    [threads: total initially_running wait_to_block]    [time: spin block sync cleanup vmop] page_trap_count
332.814: GenCollectForAllocation          [      33          0              0    ]      [     0     0     0     0    21    ]  0
2017-11-22T07:12:06.929+0800: 332.836: Total time for which application threads were stopped: 0.0217358 seconds, Stopping threads took: 0.0000484 seconds
2017-11-22T07:12:07.010+0800: 332.917: [GC (Allocation Failure) 2017-11-22T07:12:07.011+0800: 332.917: [ParNew: 137804K->137K(154880K), 0.0135677 secs] 4675653K->4537987K(6289088K), 0.0136771 secs] [Times: user=0.08 sys=0.00, real=0.02 secs]
         vmop                    [threads: total initially_running wait_to_block]    [time: spin block sync cleanup vmop] page_trap_count
332.917: GenCollectForAllocation          [      33          0              0    ]      [     0     0     0     0    13    ]  0
2017-11-22T07:12:07.024+0800: 332.931: Total time for which application threads were stopped: 0.0140364 seconds, Stopping threads took: 0.0000574 seconds
2017-11-22T07:12:07.111+0800: 333.018: [GC (Allocation Failure) 2017-11-22T07:12:07.112+0800: 333.019: [ParNew: 137865K->135K(154880K), 0.0172366 secs] 4675715K->4537985K(6289088K), 0.0173273 secs] [Times: user=0.08 sys=0.01, real=0.02 secs]
         vmop                    [threads: total initially_running wait_to_block]    [time: spin block sync cleanup vmop] page_trap_count
333.018: GenCollectForAllocation          [      33          0              0    ]      [     0     0     0     0    17    ]  0
2017-11-22T07:12:07.129+0800: 333.036: Total time for which application threads were stopped: 0.0176690 seconds, Stopping threads took: 0.0000533 seconds
2017-11-22T07:12:07.215+0800: 333.122: [GC (Allocation Failure) 2017-11-22T07:12:07.215+0800: 333.122: [ParNew: 137863K->137K(154880K), 0.0239008 secs] 4675713K->4537987K(6289088K), 0.0239904 secs] [Times: user=0.10 sys=0.00, real=0.02 secs]
         vmop                    [threads: total initially_running wait_to_block]    [time: spin block sync cleanup vmop] page_trap_count
333.122: GenCollectForAllocation          [      33          0              0    ]      [     0     0     0     0    24    ]  0
2017-11-22T07:12:07.239+0800: 333.146: Total time for which application threads were stopped: 0.0243467 seconds, Stopping threads took: 0.0000581 seconds
2017-11-22T07:12:07.324+0800: 333.231: [GC (Allocation Failure) 2017-11-22T07:12:07.324+0800: 333.231: [ParNew: 137865K->133K(154880K), 0.0194301 secs] 4675715K->4537983K(6289088K), 0.0195057 secs] [Times: user=0.09 sys=0.01, real=0.02 secs]
         vmop                    [threads: total initially_running wait_to_block]    [time: spin block sync cleanup vmop] page_trap_count
333.231: GenCollectForAllocation          [      33          1              1    ]      [     0     0     0     0    19    ]  1
2017-11-22T07:12:07.344+0800: 333.251: Total time for which application threads were stopped: 0.0198398 seconds, Stopping threads took: 0.0000817 seconds
2017-11-22T07:12:07.430+0800: 333.337: [GC (Allocation Failure) 2017-11-22T07:12:07.430+0800: 333.337: [ParNew: 137861K->137K(154880K), 0.0207902 secs] 4675711K->4537987K(6289088K), 0.0208821 secs] [Times: user=0.10 sys=0.00, real=0.02 secs]
         vmop                    [threads: total initially_running wait_to_block]    [time: spin block sync cleanup vmop] page_trap_count
333.337: GenCollectForAllocation          [      33          1              1    ]      [     0     0     0     0    20    ]  1
2017-11-22T07:12:07.451+0800: 333.358: Total time for which application threads were stopped: 0.0212262 seconds, Stopping threads took: 0.0000823 seconds
2017-11-22T07:12:07.520+0800: 333.427: [GC (Allocation Failure) 2017-11-22T07:12:07.520+0800: 333.427: [ParNew: 137865K->135K(154880K), 0.0112869 secs] 4675715K->4537985K(6289088K), 0.0113712 secs] [Times: user=0.06 sys=0.00, real=0.01 secs]
         vmop                    [threads: total initially_running wait_to_block]    [time: spin block sync cleanup vmop] page_trap_count
333.427: GenCollectForAllocation          [      33          1              1    ]      [     0     0     0     0    11    ]  1
2017-11-22T07:12:07.532+0800: 333.439: Total time for which application threads were stopped: 0.0118172 seconds, Stopping threads took: 0.0000644 seconds
2017-11-22T07:12:07.603+0800: 333.510: [GC (Allocation Failure) 2017-11-22T07:12:07.603+0800: 333.510: [ParNew: 137863K->71K(154880K), 0.0156505 secs] 4675713K->4537921K(6289088K), 0.0158172 secs] [Times: user=0.07 sys=0.00, real=0.01 secs]
         vmop                    [threads: total initially_running wait_to_block]    [time: spin block sync cleanup vmop] page_trap_count
333.510: GenCollectForAllocation          [      33          0              0    ]      [     0     0     0     0    15    ]  0
2017-11-22T07:12:07.619+0800: 333.526: Total time for which application threads were stopped: 0.0161739 seconds, Stopping threads took: 0.0000482 seconds
2017-11-22T07:12:07.692+0800: 333.599: [GC (Allocation Failure) 2017-11-22T07:12:07.692+0800: 333.599: [ParNew: 137799K->387K(154880K), 0.0380486 secs] 4675649K->4538237K(6289088K), 0.0381254 secs] [Times: user=0.06 sys=0.00, real=0.04 secs]
         vmop                    [threads: total initially_running wait_to_block]    [time: spin block sync cleanup vmop] page_trap_count
333.599: GenCollectForAllocation          [      33          0              0    ]      [     0     0     0     0    38    ]  0
2017-11-22T07:12:07.730+0800: 333.637: Total time for which application threads were stopped: 0.0384303 seconds, Stopping threads took: 0.0000522 seconds
2017-11-22T07:12:07.802+0800: 333.709: [GC (Allocation Failure) 2017-11-22T07:12:07.802+0800: 333.709: [ParNew: 138115K->75K(154880K), 0.0111007 secs] 4675965K->4537925K(6289088K), 0.0111830 secs] [Times: user=0.07 sys=0.00, real=0.01 secs]
         vmop                    [threads: total initially_running wait_to_block]    [time: spin block sync cleanup vmop] page_trap_count
333.709: GenCollectForAllocation          [      33          0              0    ]      [     0     0     0     0    11    ]  0
2017-11-22T07:12:07.813+0800: 333.720: Total time for which application threads were stopped: 0.0114656 seconds, Stopping threads took: 0.0000540 seconds
2017-11-22T07:12:07.883+0800: 333.790: [GC (Allocation Failure) 2017-11-22T07:12:07.883+0800: 333.790: [ParNew: 137803K->137K(154880K), 0.0125179 secs] 4675653K->4537987K(6289088K), 0.0125938 secs] [Times: user=0.06 sys=0.00, real=0.01 secs]
         vmop                    [threads: total initially_running wait_to_block]    [time: spin block sync cleanup vmop] page_trap_count
333.790: GenCollectForAllocation          [      33          0              0    ]      [     0     0     0     0    12    ]  0
2017-11-22T07:12:07.896+0800: 333.803: Total time for which application threads were stopped: 0.0129043 seconds, Stopping threads took: 0.0000660 seconds
2017-11-22T07:12:07.979+0800: 333.886: [GC (Allocation Failure) 2017-11-22T07:12:07.979+0800: 333.886: [ParNew: 137865K->137K(154880K), 0.0214825 secs] 4675715K->4537987K(6289088K), 0.0215712 secs] [Times: user=0.08 sys=0.01, real=0.02 secs]
         vmop                    [threads: total initially_running wait_to_block]    [time: spin block sync cleanup vmop] page_trap_count
333.886: GenCollectForAllocation          [      33          0              0    ]      [     0     0     0     0    21    ]  0
2017-11-22T07:12:08.000+0800: 333.907: Total time for which application threads were stopped: 0.0218554 seconds, Stopping threads took: 0.0000485 seconds
2017-11-22T07:12:08.071+0800: 333.978: [GC (Allocation Failure) 2017-11-22T07:12:08.071+0800: 333.978: [ParNew: 137865K->73K(154880K), 0.0210988 secs] 4675715K->4537923K(6289088K), 0.0212036 secs] [Times: user=0.07 sys=0.00, real=0.02 secs]
         vmop                    [threads: total initially_running wait_to_block]    [time: spin block sync cleanup vmop] page_trap_count
333.978: GenCollectForAllocation          [      33          0              0    ]      [     0     0     0     0    21    ]  0
2017-11-22T07:12:08.092+0800: 333.999: Total time for which application threads were stopped: 0.0215438 seconds, Stopping threads took: 0.0000641 seconds
2017-11-22T07:12:08.162+0800: 334.069: [GC (Allocation Failure) 2017-11-22T07:12:08.162+0800: 334.069: [ParNew: 137801K->69K(154880K), 0.0261563 secs] 4675651K->4537919K(6289088K), 0.0262659 secs] [Times: user=0.07 sys=0.01, real=0.02 secs]
         vmop                    [threads: total initially_running wait_to_block]    [time: spin block sync cleanup vmop] page_trap_count
334.069: GenCollectForAllocation          [      33          0              0    ]      [     0     0     0     0    26    ]  0
2017-11-22T07:12:08.188+0800: 334.095: Total time for which application threads were stopped: 0.0265914 seconds, Stopping threads took: 0.0000694 seconds
2017-11-22T07:12:08.256+0800: 334.163: [GC (Allocation Failure) 2017-11-22T07:12:08.256+0800: 334.163: [ParNew: 137797K->139K(154880K), 0.0096746 secs] 4675647K->4537989K(6289088K), 0.0097651 secs] [Times: user=0.06 sys=0.00, real=0.01 secs]
         vmop                    [threads: total initially_running wait_to_block]    [time: spin block sync cleanup vmop] page_trap_count
334.163: GenCollectForAllocation          [      33          1              1    ]      [     0     0     0     0     9    ]  0
2017-11-22T07:12:08.266+0800: 334.173: Total time for which application threads were stopped: 0.0100933 seconds, Stopping threads took: 0.0000632 seconds
2017-11-22T07:12:08.336+0800: 334.243: [GC (Allocation Failure) 2017-11-22T07:12:08.336+0800: 334.243: [ParNew: 137867K->133K(154880K), 0.0096735 secs] 4675717K->4537983K(6289088K), 0.0097887 secs] [Times: user=0.05 sys=0.00, real=0.01 secs]
         vmop                    [threads: total initially_running wait_to_block]    [time: spin block sync cleanup vmop] page_trap_count
334.243: GenCollectForAllocation          [      33          0              0    ]      [     0     0     0     0     9    ]  0
2017-11-22T07:12:08.346+0800: 334.253: Total time for which application threads were stopped: 0.0101969 seconds, Stopping threads took: 0.0000600 seconds
2017-11-22T07:12:08.422+0800: 334.329: [GC (Allocation Failure) 2017-11-22T07:12:08.422+0800: 334.329: [ParNew: 137861K->137K(154880K), 0.0114608 secs] 4675711K->4537987K(6289088K), 0.0115321 secs] [Times: user=0.05 sys=0.00, real=0.01 secs]
         vmop                    [threads: total initially_running wait_to_block]    [time: spin block sync cleanup vmop] page_trap_count
334.329: GenCollectForAllocation          [      33          0              0    ]      [     0     0     0     0    11    ]  0
2017-11-22T07:12:08.434+0800: 334.341: Total time for which application threads were stopped: 0.0118804 seconds, Stopping threads took: 0.0000961 seconds
         vmop                    [threads: total initially_running wait_to_block]    [time: spin block sync cleanup vmop] page_trap_count
334.354: RevokeBias                       [      33          1              1    ]      [     0     0     0     0     0    ]  0
2017-11-22T07:12:08.448+0800: 334.355: Total time for which application threads were stopped: 0.0003109 seconds, Stopping threads took: 0.0001086 seconds
2017-11-22T07:12:08.507+0800: 334.414: [GC (Allocation Failure) 2017-11-22T07:12:08.507+0800: 334.414: [ParNew: 137865K->146K(154880K), 0.0107070 secs] 4675715K->4537996K(6289088K), 0.0107822 secs] [Times: user=0.07 sys=0.00, real=0.01 secs]
         vmop                    [threads: total initially_running wait_to_block]    [time: spin block sync cleanup vmop] page_trap_count
334.414: GenCollectForAllocation          [      33          0              0    ]      [     0     0     0     0    10    ]  0
2017-11-22T07:12:08.518+0800: 334.425: Total time for which application threads were stopped: 0.0110810 seconds, Stopping threads took: 0.0000612 seconds
2017-11-22T07:12:08.590+0800: 334.497: [GC (Allocation Failure) 2017-11-22T07:12:08.591+0800: 334.497: [ParNew: 137874K->205K(154880K), 0.0385562 secs] 4675724K->4538055K(6289088K), 0.0386309 secs] [Times: user=0.06 sys=0.00, real=0.04 secs]
         vmop                    [threads: total initially_running wait_to_block]    [time: spin block sync cleanup vmop] page_trap_count
334.497: GenCollectForAllocation          [      33          0              0    ]      [     0     0     0     0    38    ]  0
2017-11-22T07:12:08.629+0800: 334.536: Total time for which application threads were stopped: 0.0389142 seconds, Stopping threads took: 0.0000456 seconds
2017-11-22T07:12:08.700+0800: 334.607: [GC (Allocation Failure) 2017-11-22T07:12:08.700+0800: 334.607: [ParNew: 137933K->80K(154880K), 0.0120681 secs] 4675783K->4537930K(6289088K), 0.0121406 secs] [Times: user=0.07 sys=0.00, real=0.01 secs]
         vmop                    [threads: total initially_running wait_to_block]    [time: spin block sync cleanup vmop] page_trap_count
334.607: GenCollectForAllocation          [      33          0              0    ]      [     0     0     0     0    12    ]  0
2017-11-22T07:12:08.712+0800: 334.619: Total time for which application threads were stopped: 0.0124136 seconds, Stopping threads took: 0.0000514 seconds
2017-11-22T07:12:08.782+0800: 334.689: [GC (Allocation Failure) 2017-11-22T07:12:08.782+0800: 334.689: [ParNew: 137808K->80K(154880K), 0.0093748 secs] 4675658K->4537930K(6289088K), 0.0094392 secs] [Times: user=0.06 sys=0.00, real=0.00 secs]
         vmop                    [threads: total initially_running wait_to_block]    [time: spin block sync cleanup vmop] page_trap_count
334.688: GenCollectForAllocation          [      33          0              0    ]      [     0     0     0     0     9    ]  0
2017-11-22T07:12:08.791+0800: 334.698: Total time for which application threads were stopped: 0.0097399 seconds, Stopping threads took: 0.0000531 seconds
2017-11-22T07:12:08.863+0800: 334.770: [GC (Allocation Failure) 2017-11-22T07:12:08.863+0800: 334.770: [ParNew: 137808K->149K(154880K), 0.0262317 secs] 4675658K->4537999K(6289088K), 0.0263163 secs] [Times: user=0.14 sys=0.01, real=0.02 secs]
         vmop                    [threads: total initially_running wait_to_block]    [time: spin block sync cleanup vmop] page_trap_count
334.770: GenCollectForAllocation          [      33          1              0    ]      [     0     0     0     0    26    ]  0
2017-11-22T07:12:08.890+0800: 334.797: Total time for which application threads were stopped: 0.0266734 seconds, Stopping threads took: 0.0000711 seconds
2017-11-22T07:12:08.961+0800: 334.868: [GC (Allocation Failure) 2017-11-22T07:12:08.961+0800: 334.868: [ParNew: 137877K->211K(154880K), 0.0092501 secs] 4675727K->4538061K(6289088K), 0.0093328 secs] [Times: user=0.07 sys=0.00, real=0.00 secs]
         vmop                    [threads: total initially_running wait_to_block]    [time: spin block sync cleanup vmop] page_trap_count
334.868: GenCollectForAllocation          [      33          0              0    ]      [     0     0     0     0     9    ]  0
2017-11-22T07:12:08.970+0800: 334.877: Total time for which application threads were stopped: 0.0096362 seconds, Stopping threads took: 0.0000486 seconds
2017-11-22T07:12:09.043+0800: 334.950: [GC (Allocation Failure) 2017-11-22T07:12:09.043+0800: 334.950: [ParNew: 137939K->135K(154880K), 0.0189314 secs] 4675789K->4537994K(6289088K), 0.0190308 secs] [Times: user=0.09 sys=0.00, real=0.02 secs]
         vmop                    [threads: total initially_running wait_to_block]    [time: spin block sync cleanup vmop] page_trap_count
334.949: GenCollectForAllocation          [      33          0              0    ]      [     0     0     0     0    19    ]  0
2017-11-22T07:12:09.062+0800: 334.969: Total time for which application threads were stopped: 0.0193785 seconds, Stopping threads took: 0.0000615 seconds
2017-11-22T07:12:09.140+0800: 335.047: [GC (Allocation Failure) 2017-11-22T07:12:09.140+0800: 335.047: [ParNew: 137863K->135K(154880K), 0.0164154 secs] 4675722K->4537994K(6289088K), 0.0165039 secs] [Times: user=0.07 sys=0.01, real=0.02 secs]
         vmop                    [threads: total initially_running wait_to_block]    [time: spin block sync cleanup vmop] page_trap_count
335.047: GenCollectForAllocation          [      33          0              0    ]      [     0     0     0     0    16    ]  0
2017-11-22T07:12:09.157+0800: 335.064: Total time for which application threads were stopped: 0.0167730 seconds, Stopping threads took: 0.0000504 seconds
2017-11-22T07:12:09.230+0800: 335.137: [GC (Allocation Failure) 2017-11-22T07:12:09.230+0800: 335.137: [ParNew: 137863K->141K(154880K), 0.0116770 secs] 4675722K->4538000K(6289088K), 0.0117569 secs] [Times: user=0.06 sys=0.00, real=0.02 secs]
         vmop                    [threads: total initially_running wait_to_block]    [time: spin block sync cleanup vmop] page_trap_count
335.137: GenCollectForAllocation          [      33          1              1    ]      [     0     0     0     0    11    ]  1
2017-11-22T07:12:09.242+0800: 335.149: Total time for which application threads were stopped: 0.0120891 seconds, Stopping threads took: 0.0000865 seconds
2017-11-22T07:12:09.326+0800: 335.232: [GC (Allocation Failure) 2017-11-22T07:12:09.326+0800: 335.233: [ParNew: 137869K->73K(154880K), 0.0180664 secs] 4675728K->4537932K(6289088K), 0.0181500 secs] [Times: user=0.10 sys=0.00, real=0.02 secs]
         vmop                    [threads: total initially_running wait_to_block]    [time: spin block sync cleanup vmop] page_trap_count
335.232: GenCollectForAllocation          [      33          0              0    ]      [     0     0     0     0    18    ]  0
2017-11-22T07:12:09.344+0800: 335.251: Total time for which application threads were stopped: 0.0184546 seconds, Stopping threads took: 0.0000573 seconds
2017-11-22T07:12:09.412+0800: 335.319: [GC (Allocation Failure) 2017-11-22T07:12:09.412+0800: 335.319: [ParNew: 137801K->73K(154880K), 0.0103639 secs] 4675660K->4537932K(6289088K), 0.0104651 secs] [Times: user=0.07 sys=0.00, real=0.02 secs]
         vmop                    [threads: total initially_running wait_to_block]    [time: spin block sync cleanup vmop] page_trap_count
335.319: GenCollectForAllocation          [      33          0              0    ]      [     0     0     0     0    10    ]  0
2017-11-22T07:12:09.423+0800: 335.330: Total time for which application threads were stopped: 0.0107932 seconds, Stopping threads took: 0.0000611 seconds
2017-11-22T07:12:09.495+0800: 335.402: [GC (Allocation Failure) 2017-11-22T07:12:09.495+0800: 335.402: [ParNew: 137801K->139K(154880K), 0.0100236 secs] 4675660K->4537998K(6289088K), 0.0101006 secs] [Times: user=0.06 sys=0.01, real=0.01 secs]
         vmop                    [threads: total initially_running wait_to_block]    [time: spin block sync cleanup vmop] page_trap_count
335.401: GenCollectForAllocation          [      33          0              0    ]      [     0     0     0     0    10    ]  0
2017-11-22T07:12:09.505+0800: 335.412: Total time for which application threads were stopped: 0.0104467 seconds, Stopping threads took: 0.0000552 seconds
2017-11-22T07:12:09.576+0800: 335.483: [GC (Allocation Failure) 2017-11-22T07:12:09.577+0800: 335.483: [ParNew: 137867K->75K(154880K), 0.0103902 secs] 4675726K->4537934K(6289088K), 0.0104632 secs] [Times: user=0.06 sys=0.00, real=0.01 secs]
         vmop                    [threads: total initially_running wait_to_block]    [time: spin block sync cleanup vmop] page_trap_count
335.483: GenCollectForAllocation          [      33          0              0    ]      [     0     0     0     0    10    ]  0
2017-11-22T07:12:09.587+0800: 335.494: Total time for which application threads were stopped: 0.0107627 seconds, Stopping threads took: 0.0000576 seconds
2017-11-22T07:12:09.664+0800: 335.571: [GC (Allocation Failure) 2017-11-22T07:12:09.664+0800: 335.571: [ParNew: 137803K->330K(154880K), 0.0121376 secs] 4675662K->4538189K(6289088K), 0.0122423 secs] [Times: user=0.06 sys=0.00, real=0.01 secs]
         vmop                    [threads: total initially_running wait_to_block]    [time: spin block sync cleanup vmop] page_trap_count
335.571: GenCollectForAllocation          [      33          0              0    ]      [     0     0     0     0    12    ]  0
2017-11-22T07:12:09.676+0800: 335.583: Total time for which application threads were stopped: 0.0125529 seconds, Stopping threads took: 0.0000429 seconds
2017-11-22T07:12:09.748+0800: 335.655: [GC (Allocation Failure) 2017-11-22T07:12:09.748+0800: 335.655: [ParNew: 138058K->199K(154880K), 0.0497775 secs] 4675917K->4538058K(6289088K), 0.0498660 secs] [Times: user=0.16 sys=0.00, real=0.05 secs]
         vmop                    [threads: total initially_running wait_to_block]    [time: spin block sync cleanup vmop] page_trap_count
335.655: GenCollectForAllocation          [      33          0              0    ]      [     0     0     0     0    49    ]  0
2017-11-22T07:12:09.798+0800: 335.705: Total time for which application threads were stopped: 0.0501532 seconds, Stopping threads took: 0.0000647 seconds
2017-11-22T07:12:09.869+0800: 335.776: [GC (Allocation Failure) 2017-11-22T07:12:09.869+0800: 335.776: [ParNew: 137927K->4146K(154880K), 0.0124526 secs] 4675786K->4542005K(6289088K), 0.0125339 secs] [Times: user=0.07 sys=0.00, real=0.02 secs]
         vmop                    [threads: total initially_running wait_to_block]    [time: spin block sync cleanup vmop] page_trap_count
335.776: GenCollectForAllocation          [      33          0              0    ]      [     0     0     0     0    12    ]  0
2017-11-22T07:12:09.882+0800: 335.789: Total time for which application threads were stopped: 0.0128328 seconds, Stopping threads took: 0.0000491 seconds
2017-11-22T07:12:10.036+0800: 335.943: [GC (Allocation Failure) 2017-11-22T07:12:10.036+0800: 335.943: [ParNew: 141874K->264K(154880K), 0.0139596 secs] 4679733K->4538123K(6289088K), 0.0140404 secs] [Times: user=0.07 sys=0.00, real=0.01 secs]
         vmop                    [threads: total initially_running wait_to_block]    [time: spin block sync cleanup vmop] page_trap_count
335.943: GenCollectForAllocation          [      33          0              0    ]      [     0     0     0     0    14    ]  0
2017-11-22T07:12:10.050+0800: 335.957: Total time for which application threads were stopped: 0.0143333 seconds, Stopping threads took: 0.0000533 seconds
2017-11-22T07:12:10.125+0800: 336.032: [GC (Allocation Failure) 2017-11-22T07:12:10.125+0800: 336.032: [ParNew: 137992K->73K(154880K), 0.0217565 secs] 4675851K->4537933K(6289088K), 0.0218606 secs] [Times: user=0.11 sys=0.00, real=0.02 secs]
         vmop                    [threads: total initially_running wait_to_block]    [time: spin block sync cleanup vmop] page_trap_count
336.031: GenCollectForAllocation          [      33          0              0    ]      [     0     0     0     0    21    ]  0
2017-11-22T07:12:10.147+0800: 336.054: Total time for which application threads were stopped: 0.0221505 seconds, Stopping threads took: 0.0000553 seconds
2017-11-22T07:12:10.221+0800: 336.128: [GC (Allocation Failure) 2017-11-22T07:12:10.221+0800: 336.128: [ParNew: 137801K->137K(154880K), 0.0142945 secs] 4675661K->4537996K(6289088K), 0.0143689 secs] [Times: user=0.09 sys=0.00, real=0.01 secs]
         vmop                    [threads: total initially_running wait_to_block]    [time: spin block sync cleanup vmop] page_trap_count
336.128: GenCollectForAllocation          [      33          1              1    ]      [     0     0     0     0    14    ]  1
2017-11-22T07:12:10.236+0800: 336.143: Total time for which application threads were stopped: 0.0146839 seconds, Stopping threads took: 0.0000817 seconds
2017-11-22T07:12:10.307+0800: 336.214: [GC (Allocation Failure) 2017-11-22T07:12:10.307+0800: 336.214: [ParNew: 137865K->137K(154880K), 0.0131608 secs] 4675724K->4537996K(6289088K), 0.0132468 secs] [Times: user=0.08 sys=0.00, real=0.01 secs]
         vmop                    [threads: total initially_running wait_to_block]    [time: spin block sync cleanup vmop] page_trap_count
336.214: GenCollectForAllocation          [      33          0              0    ]      [     0     0     0     0    13    ]  0
2017-11-22T07:12:10.321+0800: 336.228: Total time for which application threads were stopped: 0.0135916 seconds, Stopping threads took: 0.0000559 seconds
2017-11-22T07:12:10.400+0800: 336.307: [GC (Allocation Failure) 2017-11-22T07:12:10.400+0800: 336.307: [ParNew: 137865K->137K(154880K), 0.0165361 secs] 4675724K->4537997K(6289088K), 0.0166157 secs] [Times: user=0.10 sys=0.00, real=0.02 secs]
         vmop                    [threads: total initially_running wait_to_block]    [time: spin block sync cleanup vmop] page_trap_count
336.306: GenCollectForAllocation          [      33          0              1    ]      [     0     0     0     0    16    ]  0
2017-11-22T07:12:10.416+0800: 336.323: Total time for which application threads were stopped: 0.0169622 seconds, Stopping threads took: 0.0001276 seconds
2017-11-22T07:12:10.486+0800: 336.393: [GC (Allocation Failure) 2017-11-22T07:12:10.486+0800: 336.393: [ParNew: 137865K->2615K(154880K), 0.0248183 secs] 4675725K->4540474K(6289088K), 0.0249152 secs] [Times: user=0.13 sys=0.00, real=0.02 secs]
         vmop                    [threads: total initially_running wait_to_block]    [time: spin block sync cleanup vmop] page_trap_count
336.393: GenCollectForAllocation          [      33          1              1    ]      [     0     0     0     0    25    ]  0
2017-11-22T07:12:10.511+0800: 336.418: Total time for which application threads were stopped: 0.0252858 seconds, Stopping threads took: 0.0000933 seconds
2017-11-22T07:12:10.592+0800: 336.499: [GC (Allocation Failure) 2017-11-22T07:12:10.592+0800: 336.499: [ParNew: 140343K->139K(154880K), 0.0124094 secs] 4678202K->4537998K(6289088K), 0.0124963 secs] [Times: user=0.06 sys=0.00, real=0.02 secs]
         vmop                    [threads: total initially_running wait_to_block]    [time: spin block sync cleanup vmop] page_trap_count
336.499: GenCollectForAllocation          [      33          0              0    ]      [     0     0     0     0    12    ]  0
2017-11-22T07:12:10.604+0800: 336.511: Total time for which application threads were stopped: 0.0127807 seconds, Stopping threads took: 0.0000500 seconds
2017-11-22T07:12:10.691+0800: 336.598: [GC (Allocation Failure) 2017-11-22T07:12:10.691+0800: 336.598: [ParNew: 137867K->75K(154880K), 0.0227676 secs] 4675726K->4537935K(6289088K), 0.0228570 secs] [Times: user=0.13 sys=0.00, real=0.03 secs]
         vmop                    [threads: total initially_running wait_to_block]    [time: spin block sync cleanup vmop] page_trap_count
336.598: GenCollectForAllocation          [      33          0              0    ]      [     0     0     0     0    22    ]  0
2017-11-22T07:12:10.714+0800: 336.621: Total time for which application threads were stopped: 0.0231646 seconds, Stopping threads took: 0.0000502 seconds
2017-11-22T07:12:10.793+0800: 336.700: [GC (Allocation Failure) 2017-11-22T07:12:10.793+0800: 336.700: [ParNew: 137799K->137K(154880K), 0.0147292 secs] 4675659K->4537996K(6289088K), 0.0148164 secs] [Times: user=0.07 sys=0.00, real=0.01 secs]
         vmop                    [threads: total initially_running wait_to_block]    [time: spin block sync cleanup vmop] page_trap_count
336.700: GenCollectForAllocation          [      33          1              1    ]      [     0     0     0     0    14    ]  1
2017-11-22T07:12:10.808+0800: 336.715: Total time for which application threads were stopped: 0.0151782 seconds, Stopping threads took: 0.0001064 seconds
2017-11-22T07:12:10.891+0800: 336.798: [GC (Allocation Failure) 2017-11-22T07:12:10.891+0800: 336.798: [ParNew: 137865K->71K(154880K), 0.0165343 secs] 4675724K->4537931K(6289088K), 0.0166150 secs] [Times: user=0.06 sys=0.00, real=0.02 secs]
         vmop                    [threads: total initially_running wait_to_block]    [time: spin block sync cleanup vmop] page_trap_count
336.798: GenCollectForAllocation          [      33          0              0    ]      [     0     0     0     0    16    ]  0
2017-11-22T07:12:10.908+0800: 336.815: Total time for which application threads were stopped: 0.0169200 seconds, Stopping threads took: 0.0000681 seconds
2017-11-22T07:12:10.987+0800: 336.894: [GC (Allocation Failure) 2017-11-22T07:12:10.988+0800: 336.894: [ParNew: 137799K->135K(154880K), 0.0100373 secs] 4675659K->4537994K(6289088K), 0.0101181 secs] [Times: user=0.07 sys=0.00, real=0.01 secs]
         vmop                    [threads: total initially_running wait_to_block]    [time: spin block sync cleanup vmop] page_trap_count
336.894: GenCollectForAllocation          [      33          0              0    ]      [     0     0     0     0    10    ]  0
2017-11-22T07:12:10.998+0800: 336.905: Total time for which application threads were stopped: 0.0104271 seconds, Stopping threads took: 0.0000667 seconds
2017-11-22T07:12:11.092+0800: 336.999: [GC (Allocation Failure) 2017-11-22T07:12:11.092+0800: 336.999: [ParNew: 137863K->198K(154880K), 0.0355356 secs] 4675722K->4538058K(6289088K), 0.0356124 secs] [Times: user=0.11 sys=0.00, real=0.04 secs]
         vmop                    [threads: total initially_running wait_to_block]    [time: spin block sync cleanup vmop] page_trap_count
336.999: GenCollectForAllocation          [      33          0              0    ]      [     0     0     0     0    35    ]  0
2017-11-22T07:12:11.128+0800: 337.035: Total time for which application threads were stopped: 0.0359252 seconds, Stopping threads took: 0.0000426 seconds
2017-11-22T07:12:11.200+0800: 337.107: [GC (Allocation Failure) 2017-11-22T07:12:11.200+0800: 337.107: [ParNew: 137926K->135K(154880K), 0.0198134 secs] 4675786K->4537994K(6289088K), 0.0198944 secs] [Times: user=0.09 sys=0.00, real=0.02 secs]
         vmop                    [threads: total initially_running wait_to_block]    [time: spin block sync cleanup vmop] page_trap_count
337.106: GenCollectForAllocation          [      33          0              0    ]      [     0     0     0     0    19    ]  0
2017-11-22T07:12:11.220+0800: 337.127: Total time for which application threads were stopped: 0.0202187 seconds, Stopping threads took: 0.0000563 seconds
2017-11-22T07:12:11.294+0800: 337.201: [GC (Allocation Failure) 2017-11-22T07:12:11.294+0800: 337.201: [ParNew: 137863K->133K(154880K), 0.0165845 secs] 4675722K->4537992K(6289088K), 0.0166796 secs] [Times: user=0.09 sys=0.00, real=0.01 secs]
         vmop                    [threads: total initially_running wait_to_block]    [time: spin block sync cleanup vmop] page_trap_count
337.200: GenCollectForAllocation          [      33          0              0    ]      [     0     0     0     0    16    ]  0
2017-11-22T07:12:11.310+0800: 337.217: Total time for which application threads were stopped: 0.0170122 seconds, Stopping threads took: 0.0000643 seconds
2017-11-22T07:12:11.382+0800: 337.289: [GC (Allocation Failure) 2017-11-22T07:12:11.382+0800: 337.289: [ParNew: 137861K->139K(154880K), 0.0105009 secs] 4675720K->4537998K(6289088K), 0.0105835 secs] [Times: user=0.07 sys=0.00, real=0.00 secs]
         vmop                    [threads: total initially_running wait_to_block]    [time: spin block sync cleanup vmop] page_trap_count
337.288: GenCollectForAllocation          [      33          1              1    ]      [     0     0     0     0    10    ]  1
2017-11-22T07:12:11.392+0800: 337.299: Total time for which application threads were stopped: 0.0109283 seconds, Stopping threads took: 0.0001005 seconds
2017-11-22T07:12:11.473+0800: 337.380: [GC (Allocation Failure) 2017-11-22T07:12:11.473+0800: 337.380: [ParNew: 137867K->139K(154880K), 0.0162743 secs] 4675726K->4537998K(6289088K), 0.0163651 secs] [Times: user=0.07 sys=0.00, real=0.01 secs]
         vmop                    [threads: total initially_running wait_to_block]    [time: spin block sync cleanup vmop] page_trap_count
337.380: GenCollectForAllocation          [      33          1              1    ]      [     0     0     0     0    16    ]  0
2017-11-22T07:12:11.489+0800: 337.396: Total time for which application threads were stopped: 0.0167172 seconds, Stopping threads took: 0.0000759 seconds
2017-11-22T07:12:11.572+0800: 337.479: [GC (Allocation Failure) 2017-11-22T07:12:11.572+0800: 337.479: [ParNew: 137867K->76K(154880K), 0.0173027 secs] 4675726K->4537935K(6289088K), 0.0173906 secs] [Times: user=0.10 sys=0.00, real=0.02 secs]
         vmop                    [threads: total initially_running wait_to_block]    [time: spin block sync cleanup vmop] page_trap_count
337.478: GenCollectForAllocation          [      33          0              0    ]      [     0     0     0     0    17    ]  0
2017-11-22T07:12:11.589+0800: 337.496: Total time for which application threads were stopped: 0.0177222 seconds, Stopping threads took: 0.0000517 seconds
2017-11-22T07:12:11.665+0800: 337.572: [GC (Allocation Failure) 2017-11-22T07:12:11.665+0800: 337.572: [ParNew: 137804K->139K(154880K), 0.0098042 secs] 4675663K->4537998K(6289088K), 0.0099034 secs] [Times: user=0.05 sys=0.01, real=0.01 secs]
         vmop                    [threads: total initially_running wait_to_block]    [time: spin block sync cleanup vmop] page_trap_count
337.571: GenCollectForAllocation          [      33          1              1    ]      [     0     0     0     0    10    ]  0
2017-11-22T07:12:11.675+0800: 337.582: Total time for which application threads were stopped: 0.0103164 seconds, Stopping threads took: 0.0000955 seconds
         vmop                    [threads: total initially_running wait_to_block]    [time: spin block sync cleanup vmop] page_trap_count
337.594: RevokeBias                       [      33          1              1    ]      [     0     0     0     0     0    ]  1
2017-11-22T07:12:11.687+0800: 337.594: Total time for which application threads were stopped: 0.0002595 seconds, Stopping threads took: 0.0000984 seconds
2017-11-22T07:12:11.750+0800: 337.657: [GC (Allocation Failure) 2017-11-22T07:12:11.750+0800: 337.657: [ParNew: 137867K->2568K(154880K), 0.0173467 secs] 4675726K->4540428K(6289088K), 0.0174341 secs] [Times: user=0.06 sys=0.00, real=0.02 secs]
         vmop                    [threads: total initially_running wait_to_block]    [time: spin block sync cleanup vmop] page_trap_count
337.656: GenCollectForAllocation          [      33          0              0    ]      [     0     0     0     0    17    ]  0
2017-11-22T07:12:11.767+0800: 337.674: Total time for which application threads were stopped: 0.0177178 seconds, Stopping threads took: 0.0000456 seconds
2017-11-22T07:12:11.999+0800: 337.906: [GC (Allocation Failure) 2017-11-22T07:12:11.999+0800: 337.906: [ParNew: 140296K->595K(154880K), 0.0212149 secs] 4678156K->4538454K(6289088K), 0.0213085 secs] [Times: user=0.10 sys=0.00, real=0.02 secs]
         vmop                    [threads: total initially_running wait_to_block]    [time: spin block sync cleanup vmop] page_trap_count
337.905: GenCollectForAllocation          [      33          0              0    ]      [     0     0     0     0    21    ]  0
2017-11-22T07:12:12.020+0800: 337.927: Total time for which application threads were stopped: 0.0216215 seconds, Stopping threads took: 0.0000607 seconds
2017-11-22T07:12:12.100+0800: 338.007: [GC (Allocation Failure) 2017-11-22T07:12:12.100+0800: 338.007: [ParNew: 138323K->84K(154880K), 0.0132412 secs] 4676182K->4537943K(6289088K), 0.0133206 secs] [Times: user=0.08 sys=0.00, real=0.02 secs]
         vmop                    [threads: total initially_running wait_to_block]    [time: spin block sync cleanup vmop] page_trap_count
338.007: GenCollectForAllocation          [      33          0              0    ]      [     0     0     0     0    13    ]  0
2017-11-22T07:12:12.113+0800: 338.020: Total time for which application threads were stopped: 0.0136220 seconds, Stopping threads took: 0.0000527 seconds
2017-11-22T07:12:12.193+0800: 338.100: [GC (Allocation Failure) 2017-11-22T07:12:12.193+0800: 338.100: [ParNew: 137812K->80K(154880K), 0.0160986 secs] 4675671K->4537939K(6289088K), 0.0161874 secs] [Times: user=0.09 sys=0.00, real=0.01 secs]
         vmop                    [threads: total initially_running wait_to_block]    [time: spin block sync cleanup vmop] page_trap_count
338.100: GenCollectForAllocation          [      33          0              0    ]      [     0     0     0     0    16    ]  0
2017-11-22T07:12:12.210+0800: 338.117: Total time for which application threads were stopped: 0.0165153 seconds, Stopping threads took: 0.0000642 seconds
2017-11-22T07:12:12.283+0800: 338.190: [GC (Allocation Failure) 2017-11-22T07:12:12.283+0800: 338.190: [ParNew: 137808K->209K(154880K), 0.0334563 secs] 4675667K->4538068K(6289088K), 0.0335603 secs] [Times: user=0.14 sys=0.00, real=0.03 secs]
         vmop                    [threads: total initially_running wait_to_block]    [time: spin block sync cleanup vmop] page_trap_count
338.190: GenCollectForAllocation          [      33          0              0    ]      [     0     0     0     0    33    ]  0
2017-11-22T07:12:12.316+0800: 338.223: Total time for which application threads were stopped: 0.0338526 seconds, Stopping threads took: 0.0000406 seconds
2017-11-22T07:12:12.391+0800: 338.298: [GC (Allocation Failure) 2017-11-22T07:12:12.391+0800: 338.298: [ParNew: 137937K->779K(154880K), 0.0227517 secs] 4675796K->4538638K(6289088K), 0.0228085 secs] [Times: user=0.08 sys=0.00, real=0.03 secs]
         vmop                    [threads: total initially_running wait_to_block]    [time: spin block sync cleanup vmop] page_trap_count
338.298: GenCollectForAllocation          [      33          1              0    ]      [     0     0     0     0    22    ]  0
2017-11-22T07:12:12.414+0800: 338.321: Total time for which application threads were stopped: 0.0230965 seconds, Stopping threads took: 0.0000573 seconds
2017-11-22T07:12:12.491+0800: 338.398: [GC (Allocation Failure) 2017-11-22T07:12:12.491+0800: 338.398: [ParNew: 138507K->71K(154880K), 0.0118223 secs] 4676366K->4537939K(6289088K), 0.0119021 secs] [Times: user=0.05 sys=0.00, real=0.02 secs]
         vmop                    [threads: total initially_running wait_to_block]    [time: spin block sync cleanup vmop] page_trap_count
338.398: GenCollectForAllocation          [      33          0              1    ]      [     0     0     0     0    11    ]  0
2017-11-22T07:12:12.503+0800: 338.410: Total time for which application threads were stopped: 0.0122095 seconds, Stopping threads took: 0.0000526 seconds
2017-11-22T07:12:12.576+0800: 338.483: [GC (Allocation Failure) 2017-11-22T07:12:12.576+0800: 338.483: [ParNew: 137799K->139K(154880K), 0.0118189 secs] 4675667K->4538007K(6289088K), 0.0119088 secs] [Times: user=0.08 sys=0.00, real=0.01 secs]
         vmop                    [threads: total initially_running wait_to_block]    [time: spin block sync cleanup vmop] page_trap_count
338.483: GenCollectForAllocation          [      33          0              0    ]      [     0     0     0     0    11    ]  0
2017-11-22T07:12:12.588+0800: 338.495: Total time for which application threads were stopped: 0.0122144 seconds, Stopping threads took: 0.0000549 seconds
2017-11-22T07:12:12.659+0800: 338.566: [GC (Allocation Failure) 2017-11-22T07:12:12.659+0800: 338.566: [ParNew: 137867K->73K(154880K), 0.0096858 secs] 4675735K->4537942K(6289088K), 0.0097716 secs] [Times: user=0.06 sys=0.00, real=0.01 secs]
         vmop                    [threads: total initially_running wait_to_block]    [time: spin block sync cleanup vmop] page_trap_count
338.566: GenCollectForAllocation          [      33          0              0    ]      [     0     0     0     0     9    ]  0
2017-11-22T07:12:12.669+0800: 338.576: Total time for which application threads were stopped: 0.0100707 seconds, Stopping threads took: 0.0000512 seconds
2017-11-22T07:12:12.738+0800: 338.645: [GC (Allocation Failure) 2017-11-22T07:12:12.738+0800: 338.645: [ParNew: 137801K->328K(154880K), 0.0169025 secs] 4675670K->4538196K(6289088K), 0.0169766 secs] [Times: user=0.08 sys=0.00, real=0.02 secs]
         vmop                    [threads: total initially_running wait_to_block]    [time: spin block sync cleanup vmop] page_trap_count
338.644: GenCollectForAllocation          [      33          0              0    ]      [     0     0     0     0    17    ]  0
2017-11-22T07:12:12.755+0800: 338.662: Total time for which application threads were stopped: 0.0172578 seconds, Stopping threads took: 0.0000546 seconds
2017-11-22T07:12:12.824+0800: 338.731: [GC (Allocation Failure) 2017-11-22T07:12:12.824+0800: 338.731: [ParNew: 138056K->1283K(154880K), 0.0103229 secs] 4675924K->4539151K(6289088K), 0.0104077 secs] [Times: user=0.07 sys=0.00, real=0.01 secs]
         vmop                    [threads: total initially_running wait_to_block]    [time: spin block sync cleanup vmop] page_trap_count
338.731: GenCollectForAllocation          [      33          0              0    ]      [     0     0     0     0    10    ]  0
2017-11-22T07:12:12.835+0800: 338.742: Total time for which application threads were stopped: 0.0107090 seconds, Stopping threads took: 0.0000511 seconds
2017-11-22T07:12:12.902+0800: 338.809: [GC (Allocation Failure) 2017-11-22T07:12:12.902+0800: 338.809: [ParNew: 139011K->5226K(154880K), 0.0185088 secs] 4676879K->4543095K(6289088K), 0.0185747 secs] [Times: user=0.07 sys=0.00, real=0.02 secs]
         vmop                    [threads: total initially_running wait_to_block]    [time: spin block sync cleanup vmop] page_trap_count
338.809: GenCollectForAllocation          [      33          0              0    ]      [     0     0     0     0    18    ]  0
2017-11-22T07:12:12.921+0800: 338.828: Total time for which application threads were stopped: 0.0188599 seconds, Stopping threads took: 0.0000479 seconds
2017-11-22T07:12:13.055+0800: 338.962: [GC (Allocation Failure) 2017-11-22T07:12:13.055+0800: 338.962: [ParNew: 142954K->71K(154880K), 0.0096259 secs] 4680823K->4537940K(6289088K), 0.0097222 secs] [Times: user=0.07 sys=0.00, real=0.01 secs]
         vmop                    [threads: total initially_running wait_to_block]    [time: spin block sync cleanup vmop] page_trap_count
338.962: GenCollectForAllocation          [      33          0              0    ]      [     0     0     0     0     9    ]  0
2017-11-22T07:12:13.065+0800: 338.972: Total time for which application threads were stopped: 0.0100692 seconds, Stopping threads took: 0.0000707 seconds
2017-11-22T07:12:13.141+0800: 339.048: [GC (Allocation Failure) 2017-11-22T07:12:13.141+0800: 339.048: [ParNew: 137799K->76K(154880K), 0.0100777 secs] 4675668K->4537944K(6289088K), 0.0101555 secs] [Times: user=0.07 sys=0.00, real=0.00 secs]
         vmop                    [threads: total initially_running wait_to_block]    [time: spin block sync cleanup vmop] page_trap_count
339.048: GenCollectForAllocation          [      33          0              0    ]      [     0     0     0     0    10    ]  0
2017-11-22T07:12:13.151+0800: 339.058: Total time for which application threads were stopped: 0.0104513 seconds, Stopping threads took: 0.0000607 seconds
2017-11-22T07:12:13.226+0800: 339.133: [GC (Allocation Failure) 2017-11-22T07:12:13.226+0800: 339.133: [ParNew: 137804K->73K(154880K), 0.0196116 secs] 4675672K->4537942K(6289088K), 0.0197132 secs] [Times: user=0.10 sys=0.00, real=0.02 secs]
         vmop                    [threads: total initially_running wait_to_block]    [time: spin block sync cleanup vmop] page_trap_count
339.133: GenCollectForAllocation          [      33          0              0    ]      [     0     0     0     0    19    ]  0
2017-11-22T07:12:13.246+0800: 339.153: Total time for which application threads were stopped: 0.0200553 seconds, Stopping threads took: 0.0000595 seconds
2017-11-22T07:12:13.320+0800: 339.227: [GC (Allocation Failure) 2017-11-22T07:12:13.320+0800: 339.227: [ParNew: 137801K->137K(154880K), 0.0115139 secs] 4675670K->4538005K(6289088K), 0.0116040 secs] [Times: user=0.07 sys=0.00, real=0.01 secs]
         vmop                    [threads: total initially_running wait_to_block]    [time: spin block sync cleanup vmop] page_trap_count
339.227: GenCollectForAllocation          [      33          1              1    ]      [     0     0     0     0    11    ]  1
2017-11-22T07:12:13.332+0800: 339.239: Total time for which application threads were stopped: 0.0119490 seconds, Stopping threads took: 0.0000657 seconds
2017-11-22T07:12:13.402+0800: 339.309: [GC (Allocation Failure) 2017-11-22T07:12:13.402+0800: 339.309: [ParNew: 137865K->139K(154880K), 0.0145175 secs] 4675733K->4538007K(6289088K), 0.0146180 secs] [Times: user=0.06 sys=0.00, real=0.01 secs]
         vmop                    [threads: total initially_running wait_to_block]    [time: spin block sync cleanup vmop] page_trap_count
339.309: GenCollectForAllocation          [      33          0              0    ]      [     0     0     0     0    14    ]  0
2017-11-22T07:12:13.417+0800: 339.324: Total time for which application threads were stopped: 0.0150127 seconds, Stopping threads took: 0.0000799 seconds
2017-11-22T07:12:13.487+0800: 339.394: [GC (Allocation Failure) 2017-11-22T07:12:13.487+0800: 339.394: [ParNew: 137867K->3763K(154880K), 0.0197723 secs] 4675735K->4541631K(6289088K), 0.0198521 secs] [Times: user=0.07 sys=0.00, real=0.02 secs]
         vmop                    [threads: total initially_running wait_to_block]    [time: spin block sync cleanup vmop] page_trap_count
339.394: GenCollectForAllocation          [      33          0              0    ]      [     0     0     0     0    19    ]  0
2017-11-22T07:12:13.507+0800: 339.414: Total time for which application threads were stopped: 0.0201481 seconds, Stopping threads took: 0.0000573 seconds
2017-11-22T07:12:13.576+0800: 339.483: [GC (Allocation Failure) 2017-11-22T07:12:13.576+0800: 339.483: [ParNew: 141491K->389K(154880K), 0.0174013 secs] 4679359K->4538257K(6289088K), 0.0174930 secs] [Times: user=0.07 sys=0.00, real=0.02 secs]
         vmop                    [threads: total initially_running wait_to_block]    [time: spin block sync cleanup vmop] page_trap_count
339.483: GenCollectForAllocation          [      33          1              1    ]      [     0     0     0     0    17    ]  1
2017-11-22T07:12:13.594+0800: 339.501: Total time for which application threads were stopped: 0.0178249 seconds, Stopping threads took: 0.0000854 seconds
2017-11-22T07:12:13.668+0800: 339.575: [GC (Allocation Failure) 2017-11-22T07:12:13.668+0800: 339.575: [ParNew: 138117K->137K(154880K), 0.0179500 secs] 4675985K->4538005K(6289088K), 0.0180339 secs] [Times: user=0.06 sys=0.00, real=0.02 secs]
         vmop                    [threads: total initially_running wait_to_block]    [time: spin block sync cleanup vmop] page_trap_count
339.575: GenCollectForAllocation          [      33          1              2    ]      [     0     0     0     0    18    ]  1
2017-11-22T07:12:13.686+0800: 339.593: Total time for which application threads were stopped: 0.0183427 seconds, Stopping threads took: 0.0000779 seconds
2017-11-22T07:12:13.761+0800: 339.668: [GC (Allocation Failure) 2017-11-22T07:12:13.761+0800: 339.668: [ParNew: 137865K->139K(154880K), 0.0162523 secs] 4675733K->4538007K(6289088K), 0.0163494 secs] [Times: user=0.07 sys=0.00, real=0.02 secs]
         vmop                    [threads: total initially_running wait_to_block]    [time: spin block sync cleanup vmop] page_trap_count
339.667: GenCollectForAllocation          [      33          1              1    ]      [     0     0     0     0    16    ]  1
2017-11-22T07:12:13.777+0800: 339.684: Total time for which application threads were stopped: 0.0166266 seconds, Stopping threads took: 0.0000665 seconds
2017-11-22T07:12:13.865+0800: 339.772: [GC (Allocation Failure) 2017-11-22T07:12:13.865+0800: 339.772: [ParNew: 137867K->143K(154880K), 0.0250619 secs] 4675735K->4538011K(6289088K), 0.0251247 secs] [Times: user=0.05 sys=0.00, real=0.02 secs]
         vmop                    [threads: total initially_running wait_to_block]    [time: spin block sync cleanup vmop] page_trap_count
339.772: GenCollectForAllocation          [      33          0              0    ]      [     0     0     0     0    25    ]  0
2017-11-22T07:12:13.891+0800: 339.798: Total time for which application threads were stopped: 0.0253812 seconds, Stopping threads took: 0.0000450 seconds
2017-11-22T07:12:13.963+0800: 339.870: [GC (Allocation Failure) 2017-11-22T07:12:13.963+0800: 339.870: [ParNew: 137871K->139K(154880K), 0.0111487 secs] 4675739K->4538007K(6289088K), 0.0112511 secs] [Times: user=0.07 sys=0.00, real=0.01 secs]
         vmop                    [threads: total initially_running wait_to_block]    [time: spin block sync cleanup vmop] page_trap_count
339.870: GenCollectForAllocation          [      33          0              0    ]      [     0     0     0     0    11    ]  0
2017-11-22T07:12:13.974+0800: 339.881: Total time for which application threads were stopped: 0.0115613 seconds, Stopping threads took: 0.0000571 seconds
2017-11-22T07:12:14.051+0800: 339.958: [GC (Allocation Failure) 2017-11-22T07:12:14.051+0800: 339.958: [ParNew: 137867K->135K(154880K), 0.0143649 secs] 4675735K->4538003K(6289088K), 0.0144449 secs] [Times: user=0.08 sys=0.01, real=0.02 secs]
         vmop                    [threads: total initially_running wait_to_block]    [time: spin block sync cleanup vmop] page_trap_count
339.957: GenCollectForAllocation          [      33          1              1    ]      [     0     0     0     0    14    ]  1
2017-11-22T07:12:14.065+0800: 339.972: Total time for which application threads were stopped: 0.0148461 seconds, Stopping threads took: 0.0000934 seconds
2017-11-22T07:12:14.149+0800: 340.056: [GC (Allocation Failure) 2017-11-22T07:12:14.149+0800: 340.056: [ParNew: 137863K->137K(154880K), 0.0096753 secs] 4675731K->4538005K(6289088K), 0.0097486 secs] [Times: user=0.07 sys=0.00, real=0.01 secs]
         vmop                    [threads: total initially_running wait_to_block]    [time: spin block sync cleanup vmop] page_trap_count
340.056: GenCollectForAllocation          [      33          0              0    ]      [     0     0     0     0     9    ]  0
2017-11-22T07:12:14.159+0800: 340.066: Total time for which application threads were stopped: 0.0100254 seconds, Stopping threads took: 0.0000490 seconds
2017-11-22T07:12:14.235+0800: 340.142: [GC (Allocation Failure) 2017-11-22T07:12:14.235+0800: 340.142: [ParNew: 137865K->75K(154880K), 0.0097921 secs] 4675733K->4537944K(6289088K), 0.0099021 secs] [Times: user=0.07 sys=0.00, real=0.01 secs]
         vmop                    [threads: total initially_running wait_to_block]    [time: spin block sync cleanup vmop] page_trap_count
340.142: GenCollectForAllocation          [      33          0              0    ]      [     0     0     0     0     9    ]  0
2017-11-22T07:12:14.245+0800: 340.152: Total time for which application threads were stopped: 0.0102050 seconds, Stopping threads took: 0.0000537 seconds
2017-11-22T07:12:14.320+0800: 340.227: [GC (Allocation Failure) 2017-11-22T07:12:14.320+0800: 340.227: [ParNew: 137803K->201K(154880K), 0.0096135 secs] 4675672K->4538069K(6289088K), 0.0096973 secs] [Times: user=0.06 sys=0.00, real=0.01 secs]
         vmop                    [threads: total initially_running wait_to_block]    [time: spin block sync cleanup vmop] page_trap_count
340.227: GenCollectForAllocation          [      33          0              0    ]      [     0     0     0     0     9    ]  0
2017-11-22T07:12:14.330+0800: 340.237: Total time for which application threads were stopped: 0.0100494 seconds, Stopping threads took: 0.0000568 seconds
2017-11-22T07:12:14.417+0800: 340.324: [GC (Allocation Failure) 2017-11-22T07:12:14.417+0800: 340.324: [ParNew: 137929K->71K(154880K), 0.0108266 secs] 4675797K->4537939K(6289088K), 0.0110129 secs] [Times: user=0.06 sys=0.00, real=0.01 secs]
         vmop                    [threads: total initially_running wait_to_block]    [time: spin block sync cleanup vmop] page_trap_count
340.324: GenCollectForAllocation          [      33          0              0    ]      [     0     0     0     0    11    ]  0
2017-11-22T07:12:14.428+0800: 340.335: Total time for which application threads were stopped: 0.0114067 seconds, Stopping threads took: 0.0000765 seconds
2017-11-22T07:12:14.511+0800: 340.418: [GC (Allocation Failure) 2017-11-22T07:12:14.511+0800: 340.418: [ParNew: 137799K->78K(154880K), 0.0102935 secs] 4675667K->4537946K(6289088K), 0.0103701 secs] [Times: user=0.06 sys=0.00, real=0.02 secs]
         vmop                    [threads: total initially_running wait_to_block]    [time: spin block sync cleanup vmop] page_trap_count
340.418: GenCollectForAllocation          [      33          0              0    ]      [     0     0     0     0    10    ]  0
2017-11-22T07:12:14.522+0800: 340.429: Total time for which application threads were stopped: 0.0106637 seconds, Stopping threads took: 0.0001053 seconds
2017-11-22T07:12:14.595+0800: 340.501: [GC (Allocation Failure) 2017-11-22T07:12:14.595+0800: 340.502: [ParNew: 137806K->963K(154880K), 0.0169643 secs] 4675674K->4538831K(6289088K), 0.0170310 secs] [Times: user=0.06 sys=0.00, real=0.01 secs]
         vmop                    [threads: total initially_running wait_to_block]    [time: spin block sync cleanup vmop] page_trap_count
340.501: GenCollectForAllocation          [      33          0              1    ]      [     0     0     0     0    17    ]  0
2017-11-22T07:12:14.612+0800: 340.519: Total time for which application threads were stopped: 0.0172967 seconds, Stopping threads took: 0.0000444 seconds
2017-11-22T07:12:14.682+0800: 340.589: [GC (Allocation Failure) 2017-11-22T07:12:14.682+0800: 340.589: [ParNew: 138691K->137K(154880K), 0.0185290 secs] 4676559K->4538005K(6289088K), 0.0186076 secs] [Times: user=0.08 sys=0.01, real=0.02 secs]
         vmop                    [threads: total initially_running wait_to_block]    [time: spin block sync cleanup vmop] page_trap_count
340.589: GenCollectForAllocation          [      33          1              1    ]      [     0     0     0     0    18    ]  1
2017-11-22T07:12:14.701+0800: 340.608: Total time for which application threads were stopped: 0.0189379 seconds, Stopping threads took: 0.0000638 seconds
2017-11-22T07:12:14.778+0800: 340.685: [GC (Allocation Failure) 2017-11-22T07:12:14.778+0800: 340.685: [ParNew: 137865K->137K(154880K), 0.0596130 secs] 4675733K->4538005K(6289088K), 0.0596960 secs] [Times: user=0.13 sys=0.00, real=0.06 secs]
         vmop                    [threads: total initially_running wait_to_block]    [time: spin block sync cleanup vmop] page_trap_count
340.685: GenCollectForAllocation          [      33          0              0    ]      [     0     0     0     0    59    ]  0
2017-11-22T07:12:14.838+0800: 340.745: Total time for which application threads were stopped: 0.0600099 seconds, Stopping threads took: 0.0000579 seconds
2017-11-22T07:12:14.922+0800: 340.829: [GC (Allocation Failure) 2017-11-22T07:12:14.923+0800: 340.830: [ParNew: 137865K->75K(154880K), 0.0229472 secs] 4675733K->4537944K(6289088K), 0.0230320 secs] [Times: user=0.13 sys=0.00, real=0.02 secs]
         vmop                    [threads: total initially_running wait_to_block]    [time: spin block sync cleanup vmop] page_trap_count
340.829: GenCollectForAllocation          [      33          0              0    ]      [     0     0     0     0    23    ]  0
2017-11-22T07:12:14.946+0800: 340.853: Total time for which application threads were stopped: 0.0233374 seconds, Stopping threads took: 0.0000537 seconds
2017-11-22T07:12:15.026+0800: 340.933: [GC (Allocation Failure) 2017-11-22T07:12:15.026+0800: 340.933: [ParNew: 137803K->139K(154880K), 0.0094712 secs] 4675672K->4538007K(6289088K), 0.0095539 secs] [Times: user=0.06 sys=0.00, real=0.01 secs]
         vmop                    [threads: total initially_running wait_to_block]    [time: spin block sync cleanup vmop] page_trap_count
340.933: GenCollectForAllocation          [      33          0              0    ]      [     0     0     0     0     9    ]  0
2017-11-22T07:12:15.036+0800: 340.943: Total time for which application threads were stopped: 0.0098448 seconds, Stopping threads took: 0.0000500 seconds
         vmop                    [threads: total initially_running wait_to_block]    [time: spin block sync cleanup vmop] page_trap_count
340.946: BulkRevokeBias                   [      32          1              1    ]      [     0     0     0     0     0    ]  1
2017-11-22T07:12:15.039+0800: 340.946: Total time for which application threads were stopped: 0.0004615 seconds, Stopping threads took: 0.0000594 seconds
         vmop                    [threads: total initially_running wait_to_block]    [time: spin block sync cleanup vmop] page_trap_count
340.950: RevokeBias                       [      33          1              1    ]      [     0     0     0     0     0    ]  1
2017-11-22T07:12:15.043+0800: 340.950: Total time for which application threads were stopped: 0.0002523 seconds, Stopping threads took: 0.0000673 seconds
2017-11-22T07:12:15.114+0800: 341.021: [GC (Allocation Failure) 2017-11-22T07:12:15.114+0800: 341.021: [ParNew: 137867K->84K(154880K), 0.0069120 secs] 4675735K->4537952K(6289088K), 0.0069843 secs] [Times: user=0.05 sys=0.00, real=0.01 secs]
         vmop                    [threads: total initially_running wait_to_block]    [time: spin block sync cleanup vmop] page_trap_count
341.021: GenCollectForAllocation          [      33          0              0    ]      [     0     0     0     0     7    ]  0
2017-11-22T07:12:15.121+0800: 341.028: Total time for which application threads were stopped: 0.0073129 seconds, Stopping threads took: 0.0000529 seconds
2017-11-22T07:12:15.194+0800: 341.101: [GC (Allocation Failure) 2017-11-22T07:12:15.194+0800: 341.101: [ParNew: 137812K->82K(154880K), 0.0229375 secs] 4675680K->4537950K(6289088K), 0.0230225 secs] [Times: user=0.14 sys=0.00, real=0.02 secs]
         vmop                    [threads: total initially_running wait_to_block]    [time: spin block sync cleanup vmop] page_trap_count
341.101: GenCollectForAllocation          [      33          0              0    ]      [     0     0     0     0    23    ]  0
2017-11-22T07:12:15.217+0800: 341.124: Total time for which application threads were stopped: 0.0233477 seconds, Stopping threads took: 0.0000604 seconds
2017-11-22T07:12:15.292+0800: 341.199: [GC (Allocation Failure) 2017-11-22T07:12:15.292+0800: 341.199: [ParNew: 137810K->203K(154880K), 0.0226156 secs] 4675678K->4538071K(6289088K), 0.0226990 secs] [Times: user=0.08 sys=0.00, real=0.03 secs]
         vmop                    [threads: total initially_running wait_to_block]    [time: spin block sync cleanup vmop] page_trap_count
341.199: GenCollectForAllocation          [      33          0              0    ]      [     0     0     0     0    22    ]  0
2017-11-22T07:12:15.315+0800: 341.222: Total time for which application threads were stopped: 0.0230144 seconds, Stopping threads took: 0.0000492 seconds
2017-11-22T07:12:15.394+0800: 341.301: [GC (Allocation Failure) 2017-11-22T07:12:15.394+0800: 341.301: [ParNew: 137931K->148K(154880K), 0.0069906 secs] 4675799K->4538016K(6289088K), 0.0070612 secs] [Times: user=0.06 sys=0.00, real=0.01 secs]
         vmop                    [threads: total initially_running wait_to_block]    [time: spin block sync cleanup vmop] page_trap_count
341.301: GenCollectForAllocation          [      33          0              0    ]      [     0     0     0     0     7    ]  0
2017-11-22T07:12:15.402+0800: 341.308: Total time for which application threads were stopped: 0.0073373 seconds, Stopping threads took: 0.0000473 seconds
2017-11-22T07:12:15.476+0800: 341.383: [GC (Allocation Failure) 2017-11-22T07:12:15.476+0800: 341.383: [ParNew: 137876K->150K(154880K), 0.0115743 secs] 4675744K->4538018K(6289088K), 0.0116518 secs] [Times: user=0.07 sys=0.00, real=0.01 secs]
         vmop                    [threads: total initially_running wait_to_block]    [time: spin block sync cleanup vmop] page_trap_count
341.383: GenCollectForAllocation          [      33          0              0    ]      [     0     0     0     0    11    ]  0
2017-11-22T07:12:15.488+0800: 341.395: Total time for which application threads were stopped: 0.0119463 seconds, Stopping threads took: 0.0000519 seconds
2017-11-22T07:12:15.569+0800: 341.476: [GC (Allocation Failure) 2017-11-22T07:12:15.569+0800: 341.476: [ParNew: 137878K->336K(154880K), 0.0205862 secs] 4675746K->4538204K(6289088K), 0.0206632 secs] [Times: user=0.09 sys=0.00, real=0.02 secs]
         vmop                    [threads: total initially_running wait_to_block]    [time: spin block sync cleanup vmop] page_trap_count
341.476: GenCollectForAllocation          [      33          0              0    ]      [     0     0     0     0    20    ]  0
2017-11-22T07:12:15.590+0800: 341.497: Total time for which application threads were stopped: 0.0209429 seconds, Stopping threads took: 0.0000553 seconds
2017-11-22T07:12:15.670+0800: 341.577: [GC (Allocation Failure) 2017-11-22T07:12:15.670+0800: 341.577: [ParNew: 138064K->135K(154880K), 0.0238816 secs] 4675932K->4538012K(6289088K), 0.0239715 secs] [Times: user=0.10 sys=0.00, real=0.03 secs]
         vmop                    [threads: total initially_running wait_to_block]    [time: spin block sync cleanup vmop] page_trap_count
341.577: GenCollectForAllocation          [      33          0              0    ]      [     0     0     0     0    24    ]  0
2017-11-22T07:12:15.694+0800: 341.601: Total time for which application threads were stopped: 0.0242919 seconds, Stopping threads took: 0.0000511 seconds
2017-11-22T07:12:15.772+0800: 341.679: [GC (Allocation Failure) 2017-11-22T07:12:15.772+0800: 341.679: [ParNew: 137863K->135K(154880K), 0.0144448 secs] 4675740K->4538012K(6289088K), 0.0145425 secs] [Times: user=0.07 sys=0.00, real=0.02 secs]
         vmop                    [threads: total initially_running wait_to_block]    [time: spin block sync cleanup vmop] page_trap_count
341.679: GenCollectForAllocation          [      33          0              0    ]      [     0     0     0     0    14    ]  0
2017-11-22T07:12:15.787+0800: 341.694: Total time for which application threads were stopped: 0.0148535 seconds, Stopping threads took: 0.0000552 seconds
2017-11-22T07:12:15.860+0800: 341.767: [GC (Allocation Failure) 2017-11-22T07:12:15.860+0800: 341.767: [ParNew: 137863K->141K(154880K), 0.0093261 secs] 4675740K->4538018K(6289088K), 0.0094198 secs] [Times: user=0.06 sys=0.00, real=0.01 secs]
         vmop                    [threads: total initially_running wait_to_block]    [time: spin block sync cleanup vmop] page_trap_count
341.767: GenCollectForAllocation          [      33          1              1    ]      [     0     0     0     0     9    ]  1
2017-11-22T07:12:15.870+0800: 341.777: Total time for which application threads were stopped: 0.0097897 seconds, Stopping threads took: 0.0001016 seconds
2017-11-22T07:12:15.948+0800: 341.855: [GC (Allocation Failure) 2017-11-22T07:12:15.948+0800: 341.855: [ParNew: 137869K->75K(154880K), 0.0077983 secs] 4675746K->4537953K(6289088K), 0.0078769 secs] [Times: user=0.06 sys=0.00, real=0.01 secs]
         vmop                    [threads: total initially_running wait_to_block]    [time: spin block sync cleanup vmop] page_trap_count
341.855: GenCollectForAllocation          [      33          0              0    ]      [     0     0     0     0     7    ]  0
2017-11-22T07:12:15.956+0800: 341.863: Total time for which application threads were stopped: 0.0081863 seconds, Stopping threads took: 0.0000554 seconds
2017-11-22T07:12:16.041+0800: 341.948: [GC (Allocation Failure) 2017-11-22T07:12:16.041+0800: 341.948: [ParNew: 137803K->141K(154880K), 0.0085099 secs] 4675681K->4538018K(6289088K), 0.0085907 secs] [Times: user=0.06 sys=0.01, real=0.00 secs]
         vmop                    [threads: total initially_running wait_to_block]    [time: spin block sync cleanup vmop] page_trap_count
341.948: GenCollectForAllocation          [      33          0              0    ]      [     0     0     0     0     8    ]  0
2017-11-22T07:12:16.050+0800: 341.957: Total time for which application threads were stopped: 0.0088760 seconds, Stopping threads took: 0.0000625 seconds
2017-11-22T07:12:16.136+0800: 342.043: [GC (Allocation Failure) 2017-11-22T07:12:16.136+0800: 342.043: [ParNew: 137869K->135K(154880K), 0.0122979 secs] 4675746K->4538012K(6289088K), 0.0123760 secs] [Times: user=0.08 sys=0.00, real=0.01 secs]
         vmop                    [threads: total initially_running wait_to_block]    [time: spin block sync cleanup vmop] page_trap_count
342.043: GenCollectForAllocation          [      33          0              0    ]      [     0     0     0     0    12    ]  0
2017-11-22T07:12:16.148+0800: 342.055: Total time for which application threads were stopped: 0.0126756 seconds, Stopping threads took: 0.0000545 seconds
2017-11-22T07:12:16.224+0800: 342.131: [GC (Allocation Failure) 2017-11-22T07:12:16.224+0800: 342.131: [ParNew: 137863K->203K(154880K), 0.0108369 secs] 4675740K->4538080K(6289088K), 0.0109145 secs] [Times: user=0.06 sys=0.00, real=0.01 secs]
         vmop                    [threads: total initially_running wait_to_block]    [time: spin block sync cleanup vmop] page_trap_count
342.130: GenCollectForAllocation          [      33          0              0    ]      [     0     0     0     0    10    ]  0
2017-11-22T07:12:16.235+0800: 342.142: Total time for which application threads were stopped: 0.0112094 seconds, Stopping threads took: 0.0000526 seconds
2017-11-22T07:12:16.330+0800: 342.237: [GC (Allocation Failure) 2017-11-22T07:12:16.330+0800: 342.237: [ParNew: 137931K->137K(154880K), 0.0193095 secs] 4675808K->4538014K(6289088K), 0.0193904 secs] [Times: user=0.13 sys=0.00, real=0.02 secs]
         vmop                    [threads: total initially_running wait_to_block]    [time: spin block sync cleanup vmop] page_trap_count
342.237: GenCollectForAllocation          [      33          0              0    ]      [     0     0     0     0    19    ]  0
2017-11-22T07:12:16.350+0800: 342.257: Total time for which application threads were stopped: 0.0197257 seconds, Stopping threads took: 0.0000778 seconds
2017-11-22T07:12:16.446+0800: 342.353: [GC (Allocation Failure) 2017-11-22T07:12:16.446+0800: 342.353: [ParNew: 137865K->137K(154880K), 0.0113970 secs] 4675742K->4538014K(6289088K), 0.0114805 secs] [Times: user=0.07 sys=0.01, real=0.01 secs]
         vmop                    [threads: total initially_running wait_to_block]    [time: spin block sync cleanup vmop] page_trap_count
342.352: GenCollectForAllocation          [      33          1              1    ]      [     0     0     0     0    11    ]  1
2017-11-22T07:12:16.457+0800: 342.364: Total time for which application threads were stopped: 0.0118462 seconds, Stopping threads took: 0.0001105 seconds
2017-11-22T07:12:16.529+0800: 342.436: [GC (Allocation Failure) 2017-11-22T07:12:16.529+0800: 342.436: [ParNew: 137865K->139K(154880K), 0.0096162 secs] 4675742K->4538016K(6289088K), 0.0096897 secs] [Times: user=0.06 sys=0.00, real=0.01 secs]
         vmop                    [threads: total initially_running wait_to_block]    [time: spin block sync cleanup vmop] page_trap_count
342.436: GenCollectForAllocation          [      33          0              0    ]      [     0     0     0     0     9    ]  0
2017-11-22T07:12:16.539+0800: 342.446: Total time for which application threads were stopped: 0.0099980 seconds, Stopping threads took: 0.0000644 seconds
2017-11-22T07:12:16.620+0800: 342.527: [GC (Allocation Failure) 2017-11-22T07:12:16.620+0800: 342.527: [ParNew: 137867K->137K(154880K), 0.0095739 secs] 4675744K->4538014K(6289088K), 0.0096506 secs] [Times: user=0.06 sys=0.00, real=0.01 secs]
         vmop                    [threads: total initially_running wait_to_block]    [time: spin block sync cleanup vmop] page_trap_count
342.527: GenCollectForAllocation          [      33          0              0    ]      [     0     0     0     0     9    ]  0
2017-11-22T07:12:16.630+0800: 342.537: Total time for which application threads were stopped: 0.0099724 seconds, Stopping threads took: 0.0000642 seconds
2017-11-22T07:12:16.705+0800: 342.612: [GC (Allocation Failure) 2017-11-22T07:12:16.705+0800: 342.612: [ParNew: 137865K->135K(154880K), 0.0208521 secs] 4675742K->4538012K(6289088K), 0.0209363 secs] [Times: user=0.07 sys=0.00, real=0.02 secs]
         vmop                    [threads: total initially_running wait_to_block]    [time: spin block sync cleanup vmop] page_trap_count
342.611: GenCollectForAllocation          [      33          1              0    ]      [     0     0     0     0    21    ]  0
2017-11-22T07:12:16.726+0800: 342.633: Total time for which application threads were stopped: 0.0218624 seconds, Stopping threads took: 0.0006703 seconds
2017-11-22T07:12:16.799+0800: 342.706: [GC (Allocation Failure) 2017-11-22T07:12:16.799+0800: 342.706: [ParNew: 137863K->139K(154880K), 0.0160472 secs] 4675740K->4538016K(6289088K), 0.0161283 secs] [Times: user=0.07 sys=0.00, real=0.02 secs]
         vmop                    [threads: total initially_running wait_to_block]    [time: spin block sync cleanup vmop] page_trap_count
342.705: GenCollectForAllocation          [      33          0              0    ]      [     0     0     0     0    16    ]  0
2017-11-22T07:12:16.815+0800: 342.722: Total time for which application threads were stopped: 0.0164442 seconds, Stopping threads took: 0.0000481 seconds
2017-11-22T07:12:16.897+0800: 342.804: [GC (Allocation Failure) 2017-11-22T07:12:16.897+0800: 342.804: [ParNew: 137867K->3451K(154880K), 0.0149445 secs] 4675744K->4541328K(6289088K), 0.0150345 secs] [Times: user=0.07 sys=0.00, real=0.01 secs]
         vmop                    [threads: total initially_running wait_to_block]    [time: spin block sync cleanup vmop] page_trap_count
342.803: GenCollectForAllocation          [      33          0              0    ]      [     0     0     0     0    15    ]  0
2017-11-22T07:12:16.912+0800: 342.819: Total time for which application threads were stopped: 0.0153425 seconds, Stopping threads took: 0.0000529 seconds
2017-11-22T07:12:16.998+0800: 342.905: [GC (Allocation Failure) 2017-11-22T07:12:16.998+0800: 342.905: [ParNew: 141179K->198K(154880K), 0.0124639 secs] 4679056K->4538076K(6289088K), 0.0125537 secs] [Times: user=0.08 sys=0.00, real=0.01 secs]
         vmop                    [threads: total initially_running wait_to_block]    [time: spin block sync cleanup vmop] page_trap_count
342.905: GenCollectForAllocation          [      33          1              1    ]      [     0     0     0     0    12    ]  1
2017-11-22T07:12:17.011+0800: 342.918: Total time for which application threads were stopped: 0.0129475 seconds, Stopping threads took: 0.0001020 seconds
2017-11-22T07:12:17.111+0800: 343.017: [GC (Allocation Failure) 2017-11-22T07:12:17.111+0800: 343.018: [ParNew: 137926K->141K(154880K), 0.0133296 secs] 4675804K->4538018K(6289088K), 0.0134277 secs] [Times: user=0.07 sys=0.01, real=0.02 secs]
         vmop                    [threads: total initially_running wait_to_block]    [time: spin block sync cleanup vmop] page_trap_count
343.017: GenCollectForAllocation          [      33          0              0    ]      [     0     0     0     0    13    ]  0
2017-11-22T07:12:17.124+0800: 343.031: Total time for which application threads were stopped: 0.0138017 seconds, Stopping threads took: 0.0000738 seconds
2017-11-22T07:12:17.223+0800: 343.130: [GC (Allocation Failure) 2017-11-22T07:12:17.223+0800: 343.130: [ParNew: 137869K->139K(154880K), 0.0106457 secs] 4675746K->4538016K(6289088K), 0.0107284 secs] [Times: user=0.07 sys=0.00, real=0.01 secs]
         vmop                    [threads: total initially_running wait_to_block]    [time: spin block sync cleanup vmop] page_trap_count
343.130: GenCollectForAllocation          [      33          0              0    ]      [     0     0     0     0    10    ]  0
2017-11-22T07:12:17.234+0800: 343.141: Total time for which application threads were stopped: 0.0110582 seconds, Stopping threads took: 0.0000613 seconds
2017-11-22T07:12:17.330+0800: 343.237: [GC (Allocation Failure) 2017-11-22T07:12:17.330+0800: 343.237: [ParNew: 137867K->76K(154880K), 0.0101370 secs] 4675744K->4537953K(6289088K), 0.0102314 secs] [Times: user=0.07 sys=0.00, real=0.01 secs]
         vmop                    [threads: total initially_running wait_to_block]    [time: spin block sync cleanup vmop] page_trap_count
343.237: GenCollectForAllocation          [      33          0              0    ]      [     0     0     0     0    10    ]  0
2017-11-22T07:12:17.340+0800: 343.247: Total time for which application threads were stopped: 0.0105900 seconds, Stopping threads took: 0.0000709 seconds
2017-11-22T07:12:17.419+0800: 343.326: [GC (Allocation Failure) 2017-11-22T07:12:17.419+0800: 343.326: [ParNew: 137804K->135K(154880K), 0.0210372 secs] 4675681K->4538012K(6289088K), 0.0211216 secs] [Times: user=0.12 sys=0.01, real=0.02 secs]
         vmop                    [threads: total initially_running wait_to_block]    [time: spin block sync cleanup vmop] page_trap_count
343.326: GenCollectForAllocation          [      33          0              0    ]      [     0     0     0     0    21    ]  0
2017-11-22T07:12:17.441+0800: 343.348: Total time for which application threads were stopped: 0.0215001 seconds, Stopping threads took: 0.0000652 seconds
2017-11-22T07:12:17.513+0800: 343.420: [GC (Allocation Failure) 2017-11-22T07:12:17.513+0800: 343.420: [ParNew: 137863K->2045K(154880K), 0.0140367 secs] 4675740K->4539923K(6289088K), 0.0141478 secs] [Times: user=0.08 sys=0.00, real=0.02 secs]
         vmop                    [threads: total initially_running wait_to_block]    [time: spin block sync cleanup vmop] page_trap_count
343.419: GenCollectForAllocation          [      33          0              0    ]      [     0     0     0     0    14    ]  0
2017-11-22T07:12:17.527+0800: 343.434: Total time for which application threads were stopped: 0.0145028 seconds, Stopping threads took: 0.0000594 seconds
2017-11-22T07:12:17.637+0800: 343.544: [GC (Allocation Failure) 2017-11-22T07:12:17.637+0800: 343.544: [ParNew: 139773K->4845K(154880K), 0.0117091 secs] 4677651K->4542722K(6289088K), 0.0117931 secs] [Times: user=0.09 sys=0.00, real=0.01 secs]
         vmop                    [threads: total initially_running wait_to_block]    [time: spin block sync cleanup vmop] page_trap_count
343.544: GenCollectForAllocation          [      33          0              0    ]      [     0     0     0     0    11    ]  0
2017-11-22T07:12:17.649+0800: 343.556: Total time for which application threads were stopped: 0.0121008 seconds, Stopping threads took: 0.0000570 seconds
2017-11-22T07:12:17.733+0800: 343.640: [GC (Allocation Failure) 2017-11-22T07:12:17.733+0800: 343.640: [ParNew: 142573K->137K(154880K), 0.0103281 secs] 4680450K->4538014K(6289088K), 0.0104181 secs] [Times: user=0.08 sys=0.01, real=0.01 secs]
         vmop                    [threads: total initially_running wait_to_block]    [time: spin block sync cleanup vmop] page_trap_count
343.639: GenCollectForAllocation          [      33          1              1    ]      [     0     0     0     0    10    ]  0
2017-11-22T07:12:17.743+0800: 343.650: Total time for which application threads were stopped: 0.0107749 seconds, Stopping threads took: 0.0000860 seconds
2017-11-22T07:12:17.814+0800: 343.721: [GC (Allocation Failure) 2017-11-22T07:12:17.814+0800: 343.721: [ParNew: 137865K->75K(154880K), 0.0105117 secs] 4675742K->4537952K(6289088K), 0.0106082 secs] [Times: user=0.07 sys=0.00, real=0.01 secs]
         vmop                    [threads: total initially_running wait_to_block]    [time: spin block sync cleanup vmop] page_trap_count
343.721: GenCollectForAllocation          [      33          0              0    ]      [     0     0     0     0    10    ]  0
2017-11-22T07:12:17.825+0800: 343.731: Total time for which application threads were stopped: 0.0109716 seconds, Stopping threads took: 0.0000562 seconds
2017-11-22T07:12:17.901+0800: 343.808: [GC (Allocation Failure) 2017-11-22T07:12:17.901+0800: 343.808: [ParNew: 137803K->1026K(154880K), 0.0080674 secs] 4675680K->4538904K(6289088K), 0.0081520 secs] [Times: user=0.06 sys=0.00, real=0.00 secs]
         vmop                    [threads: total initially_running wait_to_block]    [time: spin block sync cleanup vmop] page_trap_count
343.808: GenCollectForAllocation          [      33          0              0    ]      [     0     0     0     0     8    ]  0
2017-11-22T07:12:17.909+0800: 343.816: Total time for which application threads were stopped: 0.0084831 seconds, Stopping threads took: 0.0000767 seconds
2017-11-22T07:12:17.997+0800: 343.904: [GC (Allocation Failure) 2017-11-22T07:12:17.997+0800: 343.904: [ParNew: 138754K->4977K(154880K), 0.0086467 secs] 4676632K->4542854K(6289088K), 0.0087432 secs] [Times: user=0.06 sys=0.00, real=0.01 secs]
         vmop                    [threads: total initially_running wait_to_block]    [time: spin block sync cleanup vmop] page_trap_count
343.904: GenCollectForAllocation          [      33          0              0    ]      [     0     0     0     0     8    ]  0
2017-11-22T07:12:18.006+0800: 343.913: Total time for which application threads were stopped: 0.0090766 seconds, Stopping threads took: 0.0000552 seconds
2017-11-22T07:12:18.148+0800: 344.055: [GC (Allocation Failure) 2017-11-22T07:12:18.148+0800: 344.055: [ParNew: 142705K->389K(154880K), 0.0092900 secs] 4680582K->4538266K(6289088K), 0.0093857 secs] [Times: user=0.06 sys=0.00, real=0.01 secs]
         vmop                    [threads: total initially_running wait_to_block]    [time: spin block sync cleanup vmop] page_trap_count
344.055: GenCollectForAllocation          [      33          0              0    ]      [     0     0     0     0     9    ]  0
2017-11-22T07:12:18.158+0800: 344.065: Total time for which application threads were stopped: 0.0097143 seconds, Stopping threads took: 0.0000636 seconds
2017-11-22T07:12:18.227+0800: 344.134: [GC (Allocation Failure) 2017-11-22T07:12:18.227+0800: 344.134: [ParNew: 138117K->141K(154880K), 0.0066368 secs] 4675994K->4538018K(6289088K), 0.0067106 secs] [Times: user=0.05 sys=0.00, real=0.01 secs]
         vmop                    [threads: total initially_running wait_to_block]    [time: spin block sync cleanup vmop] page_trap_count
344.134: GenCollectForAllocation          [      33          0              0    ]      [     0     0     0     0     6    ]  0
2017-11-22T07:12:18.234+0800: 344.141: Total time for which application threads were stopped: 0.0070260 seconds, Stopping threads took: 0.0000670 seconds
2017-11-22T07:12:18.319+0800: 344.226: [GC (Allocation Failure) 2017-11-22T07:12:18.319+0800: 344.226: [ParNew: 137869K->357K(154880K), 0.0319702 secs] 4675746K->4538234K(6289088K), 0.0322422 secs] [Times: user=0.06 sys=0.00, real=0.03 secs]
         vmop                    [threads: total initially_running wait_to_block]    [time: spin block sync cleanup vmop] page_trap_count
344.226: GenCollectForAllocation          [      33          0              0    ]      [     0     0     0     0    32    ]  0
2017-11-22T07:12:18.352+0800: 344.259: Total time for which application threads were stopped: 0.0325743 seconds, Stopping threads took: 0.0000595 seconds
         vmop                    [threads: total initially_running wait_to_block]    [time: spin block sync cleanup vmop] page_trap_count
344.266: RevokeBias                       [      33          1              1    ]      [     0     0     0     0     0    ]  0
2017-11-22T07:12:18.359+0800: 344.266: Total time for which application threads were stopped: 0.0002794 seconds, Stopping threads took: 0.0001100 seconds
2017-11-22T07:12:18.423+0800: 344.330: [GC (Allocation Failure) 2017-11-22T07:12:18.423+0800: 344.330: [ParNew: 138085K->2566K(154880K), 0.0114642 secs] 4675962K->4540444K(6289088K), 0.0115505 secs] [Times: user=0.08 sys=0.00, real=0.01 secs]
         vmop                    [threads: total initially_running wait_to_block]    [time: spin block sync cleanup vmop] page_trap_count
344.330: GenCollectForAllocation          [      33          0              0    ]      [     0     0     0     0    11    ]  0
2017-11-22T07:12:18.435+0800: 344.342: Total time for which application threads were stopped: 0.0118689 seconds, Stopping threads took: 0.0000492 seconds
2017-11-22T07:12:18.510+0800: 344.417: [GC (Allocation Failure) 2017-11-22T07:12:18.510+0800: 344.417: [ParNew: 140294K->5108K(154880K), 0.0069845 secs] 4678172K->4542985K(6289088K), 0.0070841 secs] [Times: user=0.03 sys=0.03, real=0.01 secs]
         vmop                    [threads: total initially_running wait_to_block]    [time: spin block sync cleanup vmop] page_trap_count
344.417: GenCollectForAllocation          [      33          0              0    ]      [     0     0     0     0     7    ]  0
2017-11-22T07:12:18.517+0800: 344.424: Total time for which application threads were stopped: 0.0075643 seconds, Stopping threads took: 0.0000647 seconds
2017-11-22T07:12:18.761+0800: 344.668: [GC (Allocation Failure) 2017-11-22T07:12:18.761+0800: 344.668: [ParNew: 142836K->5240K(154880K), 0.0085507 secs] 4680713K->4543117K(6289088K), 0.0086411 secs] [Times: user=0.06 sys=0.00, real=0.00 secs]
         vmop                    [threads: total initially_running wait_to_block]    [time: spin block sync cleanup vmop] page_trap_count
344.668: GenCollectForAllocation          [      33          0              0    ]      [     0     0     0     0     8    ]  0
2017-11-22T07:12:18.770+0800: 344.677: Total time for which application threads were stopped: 0.0089516 seconds, Stopping threads took: 0.0000559 seconds
2017-11-22T07:12:19.031+0800: 344.938: [GC (Allocation Failure) 2017-11-22T07:12:19.031+0800: 344.938: [ParNew: 142906K->4915K(154880K), 0.0143687 secs] 4680783K->4542793K(6289088K), 0.0144548 secs] [Times: user=0.06 sys=0.00, real=0.02 secs]
         vmop                    [threads: total initially_running wait_to_block]    [time: spin block sync cleanup vmop] page_trap_count
344.938: GenCollectForAllocation          [      33          0              0    ]      [     0     0     0     0    14    ]  0
2017-11-22T07:12:19.046+0800: 344.953: Total time for which application threads were stopped: 0.0148173 seconds, Stopping threads took: 0.0000591 seconds
2017-11-22T07:12:19.285+0800: 345.192: [GC (Allocation Failure) 2017-11-22T07:12:19.285+0800: 345.192: [ParNew: 142643K->5110K(154880K), 0.0093365 secs] 4680521K->4542987K(6289088K), 0.0094190 secs] [Times: user=0.07 sys=0.00, real=0.01 secs]
         vmop                    [threads: total initially_running wait_to_block]    [time: spin block sync cleanup vmop] page_trap_count
345.192: GenCollectForAllocation          [      33          0              0    ]      [     0     0     0     0     9    ]  0
2017-11-22T07:12:19.294+0800: 345.201: Total time for which application threads were stopped: 0.0097839 seconds, Stopping threads took: 0.0000683 seconds
2017-11-22T07:12:19.538+0800: 345.445: [GC (Allocation Failure) 2017-11-22T07:12:19.538+0800: 345.445: [ParNew: 142838K->5176K(154880K), 0.0095322 secs] 4680715K->4543053K(6289088K), 0.0096091 secs] [Times: user=0.07 sys=0.00, real=0.01 secs]
         vmop                    [threads: total initially_running wait_to_block]    [time: spin block sync cleanup vmop] page_trap_count
345.445: GenCollectForAllocation          [      33          0              0    ]      [     0     0     0     0     9    ]  0
2017-11-22T07:12:19.548+0800: 345.455: Total time for which application threads were stopped: 0.0099254 seconds, Stopping threads took: 0.0000586 seconds
2017-11-22T07:12:19.794+0800: 345.701: [GC (Allocation Failure) 2017-11-22T07:12:19.794+0800: 345.701: [ParNew: 142904K->5229K(154880K), 0.0093039 secs] 4680781K->4543115K(6289088K), 0.0093915 secs] [Times: user=0.06 sys=0.00, real=0.01 secs]
         vmop                    [threads: total initially_running wait_to_block]    [time: spin block sync cleanup vmop] page_trap_count
345.700: GenCollectForAllocation          [      33          0              0    ]      [     0     0     0     0     9    ]  0
2017-11-22T07:12:19.803+0800: 345.710: Total time for which application threads were stopped: 0.0097096 seconds, Stopping threads took: 0.0000518 seconds
2017-11-22T07:12:20.178+0800: 346.085: [GC (Allocation Failure) 2017-11-22T07:12:20.178+0800: 346.085: [ParNew: 142957K->3257K(154880K), 0.0075738 secs] 4680843K->4541143K(6289088K), 0.0076599 secs] [Times: user=0.05 sys=0.00, real=0.01 secs]
         vmop                    [threads: total initially_running wait_to_block]    [time: spin block sync cleanup vmop] page_trap_count
346.085: GenCollectForAllocation          [      33          0              0    ]      [     0     0     0     0     7    ]  0
2017-11-22T07:12:20.186+0800: 346.093: Total time for which application threads were stopped: 0.0080020 seconds, Stopping threads took: 0.0000522 seconds
2017-11-22T07:12:20.325+0800: 346.232: [GC (Allocation Failure) 2017-11-22T07:12:20.325+0800: 346.232: [ParNew: 140985K->5167K(154880K), 0.0092645 secs] 4678871K->4543053K(6289088K), 0.0093724 secs] [Times: user=0.06 sys=0.00, real=0.01 secs]
         vmop                    [threads: total initially_running wait_to_block]    [time: spin block sync cleanup vmop] page_trap_count
346.231: GenCollectForAllocation          [      33          0              0    ]      [     0     0     0     0     9    ]  0
2017-11-22T07:12:20.334+0800: 346.241: Total time for which application threads were stopped: 0.0096878 seconds, Stopping threads took: 0.0000467 seconds
2017-11-22T07:12:20.576+0800: 346.483: [GC (Allocation Failure) 2017-11-22T07:12:20.576+0800: 346.483: [ParNew: 142895K->5165K(154880K), 0.0073896 secs] 4680781K->4543052K(6289088K), 0.0074732 secs] [Times: user=0.05 sys=0.00, real=0.01 secs]
         vmop                    [threads: total initially_running wait_to_block]    [time: spin block sync cleanup vmop] page_trap_count
346.483: GenCollectForAllocation          [      33          0              0    ]      [     0     0     0     0     7    ]  0
2017-11-22T07:12:20.584+0800: 346.491: Total time for which application threads were stopped: 0.0078611 seconds, Stopping threads took: 0.0000615 seconds
2017-11-22T07:12:20.829+0800: 346.736: [GC (Allocation Failure) 2017-11-22T07:12:20.829+0800: 346.736: [ParNew: 142893K->5292K(154880K), 0.0090281 secs] 4680780K->4543178K(6289088K), 0.0091181 secs] [Times: user=0.06 sys=0.01, real=0.01 secs]
         vmop                    [threads: total initially_running wait_to_block]    [time: spin block sync cleanup vmop] page_trap_count
346.735: GenCollectForAllocation          [      33          0              0    ]      [     0     0     0     0     9    ]  0
2017-11-22T07:12:20.838+0800: 346.745: Total time for which application threads were stopped: 0.0094817 seconds, Stopping threads took: 0.0000594 seconds
2017-11-22T07:12:21.102+0800: 347.009: [GC (Allocation Failure) 2017-11-22T07:12:21.102+0800: 347.009: [ParNew: 143020K->5102K(154880K), 0.0113988 secs] 4680906K->4542988K(6289088K), 0.0115060 secs] [Times: user=0.06 sys=0.00, real=0.01 secs]
         vmop                    [threads: total initially_running wait_to_block]    [time: spin block sync cleanup vmop] page_trap_count
347.008: GenCollectForAllocation          [      33          1              1    ]      [     0     0     0     0    11    ]  1
2017-11-22T07:12:21.113+0800: 347.020: Total time for which application threads were stopped: 0.0118720 seconds, Stopping threads took: 0.0000875 seconds
2017-11-22T07:12:21.355+0800: 347.262: [GC (Allocation Failure) 2017-11-22T07:12:21.355+0800: 347.262: [ParNew: 142830K->4909K(154880K), 0.0070279 secs] 4680716K->4542795K(6289088K), 0.0071069 secs] [Times: user=0.06 sys=0.00, real=0.01 secs]
         vmop                    [threads: total initially_running wait_to_block]    [time: spin block sync cleanup vmop] page_trap_count
347.262: GenCollectForAllocation          [      33          0              0    ]      [     0     0     0     0     7    ]  0
2017-11-22T07:12:21.362+0800: 347.269: Total time for which application threads were stopped: 0.0074234 seconds, Stopping threads took: 0.0000607 seconds
2017-11-22T07:12:21.609+0800: 347.516: [GC (Allocation Failure) 2017-11-22T07:12:21.609+0800: 347.516: [ParNew: 142637K->4970K(154880K), 0.0081627 secs] 4680523K->4542857K(6289088K), 0.0082534 secs] [Times: user=0.06 sys=0.00, real=0.01 secs]
         vmop                    [threads: total initially_running wait_to_block]    [time: spin block sync cleanup vmop] page_trap_count
347.515: GenCollectForAllocation          [      33          0              0    ]      [     0     0     0     0     8    ]  0
2017-11-22T07:12:21.617+0800: 347.524: Total time for which application threads were stopped: 0.0086271 seconds, Stopping threads took: 0.0000601 seconds
2017-11-22T07:12:21.862+0800: 347.769: [GC (Allocation Failure) 2017-11-22T07:12:21.862+0800: 347.769: [ParNew: 142698K->5104K(154880K), 0.0081261 secs] 4680585K->4542990K(6289088K), 0.0082120 secs] [Times: user=0.06 sys=0.00, real=0.00 secs]
         vmop                    [threads: total initially_running wait_to_block]    [time: spin block sync cleanup vmop] page_trap_count
347.769: GenCollectForAllocation          [      33          0              0    ]      [     0     0     0     0     8    ]  0
2017-11-22T07:12:21.871+0800: 347.778: Total time for which application threads were stopped: 0.0086130 seconds, Stopping threads took: 0.0000674 seconds
2017-11-22T07:12:22.117+0800: 348.024: [GC (Allocation Failure) 2017-11-22T07:12:22.117+0800: 348.024: [ParNew: 142832K->5165K(154880K), 0.0145052 secs] 4680718K->4543052K(6289088K), 0.0146220 secs] [Times: user=0.07 sys=0.00, real=0.01 secs]
         vmop                    [threads: total initially_running wait_to_block]    [time: spin block sync cleanup vmop] page_trap_count
348.023: GenCollectForAllocation          [      33          0              0    ]      [     0     0     0     0    14    ]  0
2017-11-22T07:12:22.131+0800: 348.038: Total time for which application threads were stopped: 0.0149534 seconds, Stopping threads took: 0.0000584 seconds
2017-11-22T07:12:22.390+0800: 348.297: [GC (Allocation Failure) 2017-11-22T07:12:22.390+0800: 348.297: [ParNew: 142893K->4913K(154880K), 0.0110070 secs] 4680779K->4542799K(6289088K), 0.0110960 secs] [Times: user=0.07 sys=0.00, real=0.02 secs]
         vmop                    [threads: total initially_running wait_to_block]    [time: spin block sync cleanup vmop] page_trap_count
348.297: GenCollectForAllocation          [      33          0              0    ]      [     0     0     0     0    11    ]  0
2017-11-22T07:12:22.401+0800: 348.308: Total time for which application threads were stopped: 0.0114373 seconds, Stopping threads took: 0.0000684 seconds
2017-11-22T07:12:22.750+0800: 348.657: [GC (Allocation Failure) 2017-11-22T07:12:22.750+0800: 348.657: [ParNew: 142641K->5167K(154880K), 0.0073277 secs] 4680527K->4543053K(6289088K), 0.0074057 secs] [Times: user=0.05 sys=0.00, real=0.01 secs]
         vmop                    [threads: total initially_running wait_to_block]    [time: spin block sync cleanup vmop] page_trap_count
348.657: GenCollectForAllocation          [      33          0              0    ]      [     0     0     0     0     7    ]  0
2017-11-22T07:12:22.758+0800: 348.664: Total time for which application threads were stopped: 0.0077137 seconds, Stopping threads took: 0.0000561 seconds
2017-11-22T07:12:23.283+0800: 349.190: [GC (Allocation Failure) 2017-11-22T07:12:23.284+0800: 349.190: [ParNew: 142895K->4972K(154880K), 0.0096456 secs] 4680781K->4542859K(6289088K), 0.0097391 secs] [Times: user=0.05 sys=0.01, real=0.01 secs]
         vmop                    [threads: total initially_running wait_to_block]    [time: spin block sync cleanup vmop] page_trap_count
349.190: GenCollectForAllocation          [      33          0              0    ]      [     0     0     0     0     9    ]  0
2017-11-22T07:12:23.293+0800: 349.200: Total time for which application threads were stopped: 0.0100931 seconds, Stopping threads took: 0.0000701 seconds
2017-11-22T07:12:23.776+0800: 349.683: [GC (Allocation Failure) 2017-11-22T07:12:23.776+0800: 349.683: [ParNew: 142700K->5102K(154880K), 0.0092823 secs] 4680587K->4542988K(6289088K), 0.0093845 secs] [Times: user=0.07 sys=0.00, real=0.01 secs]
         vmop                    [threads: total initially_running wait_to_block]    [time: spin block sync cleanup vmop] page_trap_count
349.683: GenCollectForAllocation          [      33          0              0    ]      [     0     0     0     0     9    ]  0
2017-11-22T07:12:23.786+0800: 349.693: Total time for which application threads were stopped: 0.0096744 seconds, Stopping threads took: 0.0000536 seconds
2017-11-22T07:12:24.338+0800: 350.245: [GC (Allocation Failure) 2017-11-22T07:12:24.338+0800: 350.245: [ParNew: 142830K->5229K(154880K), 0.0108633 secs] 4680716K->4543115K(6289088K), 0.0109824 secs] [Times: user=0.07 sys=0.00, real=0.01 secs]
         vmop                    [threads: total initially_running wait_to_block]    [time: spin block sync cleanup vmop] page_trap_count
350.245: GenCollectForAllocation          [      33          0              0    ]      [     0     0     0     0    11    ]  0
2017-11-22T07:12:24.349+0800: 350.256: Total time for which application threads were stopped: 0.0113842 seconds, Stopping threads took: 0.0000630 seconds
2017-11-22T07:12:24.801+0800: 350.708: [GC (Allocation Failure) 2017-11-22T07:12:24.801+0800: 350.708: [ParNew: 142957K->5101K(154880K), 0.0100680 secs] 4680843K->4542988K(6289088K), 0.0101500 secs] [Times: user=0.06 sys=0.00, real=0.01 secs]
         vmop                    [threads: total initially_running wait_to_block]    [time: spin block sync cleanup vmop] page_trap_count
350.707: GenCollectForAllocation          [      33          0              0    ]      [     0     0     0     0    10    ]  0
2017-11-22T07:12:24.811+0800: 350.718: Total time for which application threads were stopped: 0.0104596 seconds, Stopping threads took: 0.0000540 seconds
2017-11-22T07:12:25.280+0800: 351.187: [GC (Allocation Failure) 2017-11-22T07:12:25.280+0800: 351.187: [ParNew: 142829K->5104K(154880K), 0.0134111 secs] 4680716K->4542990K(6289088K), 0.0134989 secs] [Times: user=0.07 sys=0.00, real=0.02 secs]
         vmop                    [threads: total initially_running wait_to_block]    [time: spin block sync cleanup vmop] page_trap_count
351.186: GenCollectForAllocation          [      33          0              0    ]      [     0     0     0     0    13    ]  0
2017-11-22T07:12:25.293+0800: 351.200: Total time for which application threads were stopped: 0.0138275 seconds, Stopping threads took: 0.0000582 seconds
2017-11-22T07:12:25.753+0800: 351.660: [GC (Allocation Failure) 2017-11-22T07:12:25.753+0800: 351.660: [ParNew: 142832K->5168K(154880K), 0.0089061 secs] 4680718K->4543054K(6289088K), 0.0089980 secs] [Times: user=0.07 sys=0.00, real=0.01 secs]
         vmop                    [threads: total initially_running wait_to_block]    [time: spin block sync cleanup vmop] page_trap_count
351.660: GenCollectForAllocation          [      33          0              0    ]      [     0     0     0     0     9    ]  0
2017-11-22T07:12:25.762+0800: 351.669: Total time for which application threads were stopped: 0.0093518 seconds, Stopping threads took: 0.0000600 seconds
2017-11-22T07:12:26.271+0800: 352.178: [GC (Allocation Failure) 2017-11-22T07:12:26.271+0800: 352.178: [ParNew: 142896K->5101K(154880K), 0.0091813 secs] 4680782K->4542988K(6289088K), 0.0092633 secs] [Times: user=0.06 sys=0.00, real=0.01 secs]
         vmop                    [threads: total initially_running wait_to_block]    [time: spin block sync cleanup vmop] page_trap_count
352.177: GenCollectForAllocation          [      33          1              1    ]      [     0     0     0     0     9    ]  1
2017-11-22T07:12:26.282+0800: 352.189: Total time for which application threads were stopped: 0.0116392 seconds, Stopping threads took: 0.0001021 seconds
2017-11-22T07:12:26.731+0800: 352.638: [GC (Allocation Failure) 2017-11-22T07:12:26.732+0800: 352.639: [ParNew: 142829K->5099K(154880K), 0.0091154 secs] 4680716K->4542986K(6289088K), 0.0091916 secs] [Times: user=0.06 sys=0.00, real=0.01 secs]
         vmop                    [threads: total initially_running wait_to_block]    [time: spin block sync cleanup vmop] page_trap_count
352.638: GenCollectForAllocation          [      33          0              0    ]      [     0     0     0     0     9    ]  0
2017-11-22T07:12:26.741+0800: 352.648: Total time for which application threads were stopped: 0.0095221 seconds, Stopping threads took: 0.0000485 seconds
2017-11-22T07:12:27.391+0800: 353.298: [GC (Allocation Failure) 2017-11-22T07:12:27.391+0800: 353.298: [ParNew: 142827K->3257K(154880K), 0.0125857 secs] 4680714K->4541143K(6289088K), 0.0126758 secs] [Times: user=0.05 sys=0.00, real=0.02 secs]
         vmop                    [threads: total initially_running wait_to_block]    [time: spin block sync cleanup vmop] page_trap_count
353.298: GenCollectForAllocation          [      33          0              0    ]      [     0     0     0     0    12    ]  0
2017-11-22T07:12:27.404+0800: 353.311: Total time for which application threads were stopped: 0.0129938 seconds, Stopping threads took: 0.0000622 seconds
2017-11-22T07:12:27.662+0800: 353.569: [GC (Allocation Failure) 2017-11-22T07:12:27.662+0800: 353.569: [ParNew: 140985K->5102K(154880K), 0.0154096 secs] 4678871K->4542988K(6289088K), 0.0154962 secs] [Times: user=0.08 sys=0.00, real=0.01 secs]
         vmop                    [threads: total initially_running wait_to_block]    [time: spin block sync cleanup vmop] page_trap_count
353.569: GenCollectForAllocation          [      33          0              0    ]      [     0     0     0     0    15    ]  0
2017-11-22T07:12:27.677+0800: 353.584: Total time for which application threads were stopped: 0.0158286 seconds, Stopping threads took: 0.0000554 seconds
2017-11-22T07:12:28.114+0800: 354.021: [GC (Allocation Failure) 2017-11-22T07:12:28.114+0800: 354.021: [ParNew: 142830K->4970K(154880K), 0.0267931 secs] 4680716K->4542857K(6289088K), 0.0268917 secs] [Times: user=0.06 sys=0.00, real=0.03 secs]
         vmop                    [threads: total initially_running wait_to_block]    [time: spin block sync cleanup vmop] page_trap_count
354.021: GenCollectForAllocation          [      33          0              0    ]      [     0     0     0     0    26    ]  0
2017-11-22T07:12:28.141+0800: 354.048: Total time for which application threads were stopped: 0.0271973 seconds, Stopping threads took: 0.0000338 seconds
2017-11-22T07:12:28.550+0800: 354.457: [GC (Allocation Failure) 2017-11-22T07:12:28.550+0800: 354.457: [ParNew: 142698K->5100K(154880K), 0.0078736 secs] 4680585K->4542986K(6289088K), 0.0079683 secs] [Times: user=0.06 sys=0.00, real=0.01 secs]
         vmop                    [threads: total initially_running wait_to_block]    [time: spin block sync cleanup vmop] page_trap_count
354.457: GenCollectForAllocation          [      32          0              0    ]      [     0     0     0     0     8    ]  0
2017-11-22T07:12:28.558+0800: 354.465: Total time for which application threads were stopped: 0.0082774 seconds, Stopping threads took: 0.0000526 seconds
2017-11-22T07:12:28.983+0800: 354.890: [GC (Allocation Failure) 2017-11-22T07:12:28.983+0800: 354.890: [ParNew: 142828K->5229K(154880K), 0.0092008 secs] 4680714K->4543115K(6289088K), 0.0092768 secs] [Times: user=0.07 sys=0.00, real=0.00 secs]
         vmop                    [threads: total initially_running wait_to_block]    [time: spin block sync cleanup vmop] page_trap_count
354.889: GenCollectForAllocation          [      32          0              0    ]      [     0     0     0     0     9    ]  0
2017-11-22T07:12:28.992+0800: 354.899: Total time for which application threads were stopped: 0.0095782 seconds, Stopping threads took: 0.0000532 seconds
2017-11-22T07:12:29.387+0800: 355.294: [GC (Allocation Failure) 2017-11-22T07:12:29.387+0800: 355.294: [ParNew: 142957K->5167K(154880K), 0.0115176 secs] 4680843K->4543053K(6289088K), 0.0116172 secs] [Times: user=0.07 sys=0.00, real=0.01 secs]
         vmop                    [threads: total initially_running wait_to_block]    [time: spin block sync cleanup vmop] page_trap_count
355.294: GenCollectForAllocation          [      32          0              0    ]      [     0     0     0     0    11    ]  0
2017-11-22T07:12:29.399+0800: 355.306: Total time for which application threads were stopped: 0.0119354 seconds, Stopping threads took: 0.0000614 seconds
2017-11-22T07:12:29.809+0800: 355.716: [GC (Allocation Failure) 2017-11-22T07:12:29.809+0800: 355.716: [ParNew: 142895K->5290K(154880K), 0.0143959 secs] 4680781K->4543177K(6289088K), 0.0144885 secs] [Times: user=0.06 sys=0.00, real=0.02 secs]
         vmop                    [threads: total initially_running wait_to_block]    [time: spin block sync cleanup vmop] page_trap_count
355.715: GenCollectForAllocation          [      32          0              0    ]      [     0     0     0     0    14    ]  0
2017-11-22T07:12:29.823+0800: 355.730: Total time for which application threads were stopped: 0.0147917 seconds, Stopping threads took: 0.0000544 seconds
2017-11-22T07:12:30.247+0800: 356.154: [GC (Allocation Failure) 2017-11-22T07:12:30.247+0800: 356.154: [ParNew: 143018K->4882K(154880K), 0.0102701 secs] 4680905K->4542768K(6289088K), 0.0103518 secs] [Times: user=0.06 sys=0.00, real=0.01 secs]
         vmop                    [threads: total initially_running wait_to_block]    [time: spin block sync cleanup vmop] page_trap_count
356.153: GenCollectForAllocation          [      32          0              0    ]      [     0     0     0     0    10    ]  0
2017-11-22T07:12:30.257+0800: 356.164: Total time for which application threads were stopped: 0.0106575 seconds, Stopping threads took: 0.0000575 seconds
2017-11-22T07:12:30.644+0800: 356.551: [GC (Allocation Failure) 2017-11-22T07:12:30.644+0800: 356.551: [ParNew: 142610K->5074K(154880K), 0.0133091 secs] 4680496K->4542961K(6289088K), 0.0133940 secs] [Times: user=0.08 sys=0.00, real=0.01 secs]
         vmop                    [threads: total initially_running wait_to_block]    [time: spin block sync cleanup vmop] page_trap_count
356.551: GenCollectForAllocation          [      32          0              0    ]      [     0     0     0     0    13    ]  0
2017-11-22T07:12:30.658+0800: 356.565: Total time for which application threads were stopped: 0.0137134 seconds, Stopping threads took: 0.0000551 seconds
         vmop                    [threads: total initially_running wait_to_block]    [time: spin block sync cleanup vmop] page_trap_count
356.635: RevokeBias                       [      32          1              2    ]      [     0     0     0     0     0    ]  1
2017-11-22T07:12:30.729+0800: 356.636: Total time for which application threads were stopped: 0.0002665 seconds, Stopping threads took: 0.0001028 seconds
         vmop                    [threads: total initially_running wait_to_block]    [time: spin block sync cleanup vmop] page_trap_count
356.636: RevokeBias                       [      32          2              2    ]      [     0     0     0     0     0    ]  1
2017-11-22T07:12:30.729+0800: 356.636: Total time for which application threads were stopped: 0.0002589 seconds, Stopping threads took: 0.0001535 seconds
         vmop                    [threads: total initially_running wait_to_block]    [time: spin block sync cleanup vmop] page_trap_count
356.640: RevokeBias                       [      33          1              2    ]      [     0     0     0     0     0    ]  1
2017-11-22T07:12:30.734+0800: 356.641: Total time for which application threads were stopped: 0.0007966 seconds, Stopping threads took: 0.0002755 seconds
2017-11-22T07:12:30.987+0800: 356.894: [GC (Allocation Failure) 2017-11-22T07:12:30.987+0800: 356.894: [ParNew: 142802K->5196K(154880K), 0.0095071 secs] 4680689K->4543082K(6289088K), 0.0096159 secs] [Times: user=0.06 sys=0.00, real=0.01 secs]
         vmop                    [threads: total initially_running wait_to_block]    [time: spin block sync cleanup vmop] page_trap_count
356.894: GenCollectForAllocation          [      33          0              0    ]      [     0     0     0     0     9    ]  0
2017-11-22T07:12:30.997+0800: 356.904: Total time for which application threads were stopped: 0.0099658 seconds, Stopping threads took: 0.0000525 seconds
2017-11-22T07:12:31.419+0800: 357.326: [GC (Allocation Failure) 2017-11-22T07:12:31.419+0800: 357.326: [ParNew: 142924K->5007K(154880K), 0.0081336 secs] 4680810K->4542894K(6289088K), 0.0082115 secs] [Times: user=0.06 sys=0.00, real=0.01 secs]
         vmop                    [threads: total initially_running wait_to_block]    [time: spin block sync cleanup vmop] page_trap_count
357.325: GenCollectForAllocation          [      33          0              0    ]      [     0     0     0     0     8    ]  0
2017-11-22T07:12:31.427+0800: 357.334: Total time for which application threads were stopped: 0.0085469 seconds, Stopping threads took: 0.0000979 seconds
2017-11-22T07:12:31.818+0800: 357.725: [GC (Allocation Failure) 2017-11-22T07:12:31.818+0800: 357.725: [ParNew: 142735K->5067K(154880K), 0.0084300 secs] 4680622K->4542954K(6289088K), 0.0085365 secs] [Times: user=0.06 sys=0.00, real=0.01 secs]
         vmop                    [threads: total initially_running wait_to_block]    [time: spin block sync cleanup vmop] page_trap_count
357.725: GenCollectForAllocation          [      33          0              0    ]      [     0     0     0     0     8    ]  0
2017-11-22T07:12:31.826+0800: 357.733: Total time for which application threads were stopped: 0.0088449 seconds, Stopping threads took: 0.0000524 seconds
2017-11-22T07:12:32.197+0800: 358.104: [GC (Allocation Failure) 2017-11-22T07:12:32.197+0800: 358.104: [ParNew: 142795K->5193K(154880K), 0.0077303 secs] 4680682K->4543081K(6289088K), 0.0078031 secs] [Times: user=0.05 sys=0.00, real=0.01 secs]
         vmop                    [threads: total initially_running wait_to_block]    [time: spin block sync cleanup vmop] page_trap_count
358.103: GenCollectForAllocation          [      33          0              0    ]      [     0     0     0     0     7    ]  0
2017-11-22T07:12:32.204+0800: 358.111: Total time for which application threads were stopped: 0.0080934 seconds, Stopping threads took: 0.0000562 seconds
2017-11-22T07:12:32.602+0800: 358.509: [GC (Allocation Failure) 2017-11-22T07:12:32.602+0800: 358.509: [ParNew: 142921K->5196K(154880K), 0.0075828 secs] 4680809K->4543083K(6289088K), 0.0076838 secs] [Times: user=0.06 sys=0.00, real=0.00 secs]
         vmop                    [threads: total initially_running wait_to_block]    [time: spin block sync cleanup vmop] page_trap_count
358.509: GenCollectForAllocation          [      33          1              1    ]      [     0     0     0     0     7    ]  0
2017-11-22T07:12:32.610+0800: 358.517: Total time for which application threads were stopped: 0.0081237 seconds, Stopping threads took: 0.0001108 seconds
2017-11-22T07:12:32.960+0800: 358.867: [GC (Allocation Failure) 2017-11-22T07:12:32.960+0800: 358.867: [ParNew: 142924K->5133K(154880K), 0.0079427 secs] 4680811K->4543020K(6289088K), 0.0080259 secs] [Times: user=0.06 sys=0.00, real=0.01 secs]
         vmop                    [threads: total initially_running wait_to_block]    [time: spin block sync cleanup vmop] page_trap_count
358.867: GenCollectForAllocation          [      33          0              0    ]      [     0     0     0     0     8    ]  0
2017-11-22T07:12:32.968+0800: 358.875: Total time for which application threads were stopped: 0.0083909 seconds, Stopping threads took: 0.0001056 seconds
2017-11-22T07:12:33.319+0800: 359.226: [GC (Allocation Failure) 2017-11-22T07:12:33.319+0800: 359.226: [ParNew: 142861K->5165K(154880K), 0.0065948 secs] 4680748K->4543084K(6289088K), 0.0066728 secs] [Times: user=0.05 sys=0.00, real=0.01 secs]
         vmop                    [threads: total initially_running wait_to_block]    [time: spin block sync cleanup vmop] page_trap_count
359.226: GenCollectForAllocation          [      33          0              0    ]      [     0     0     0     0     6    ]  0
2017-11-22T07:12:33.326+0800: 359.233: Total time for which application threads were stopped: 0.0069539 seconds, Stopping threads took: 0.0000482 seconds
2017-11-22T07:12:33.677+0800: 359.584: [GC (Allocation Failure) 2017-11-22T07:12:33.677+0800: 359.584: [ParNew: 142893K->4970K(154880K), 0.0166187 secs] 4680812K->4542889K(6289088K), 0.0167145 secs] [Times: user=0.05 sys=0.01, real=0.02 secs]
         vmop                    [threads: total initially_running wait_to_block]    [time: spin block sync cleanup vmop] page_trap_count
359.584: GenCollectForAllocation          [      33          0              0    ]      [     0     0     0     0    16    ]  0
2017-11-22T07:12:33.694+0800: 359.601: Total time for which application threads were stopped: 0.0170598 seconds, Stopping threads took: 0.0000502 seconds
2017-11-22T07:12:34.002+0800: 359.909: [GC (Allocation Failure) 2017-11-22T07:12:34.002+0800: 359.909: [ParNew: 142698K->5040K(154880K), 0.0080085 secs] 4680617K->4542959K(6289088K), 0.0081019 secs] [Times: user=0.06 sys=0.00, real=0.00 secs]
         vmop                    [threads: total initially_running wait_to_block]    [time: spin block sync cleanup vmop] page_trap_count
359.909: GenCollectForAllocation          [      33          0              0    ]      [     0     0     0     0     8    ]  0
2017-11-22T07:12:34.010+0800: 359.917: Total time for which application threads were stopped: 0.0084339 seconds, Stopping threads took: 0.0000551 seconds
2017-11-22T07:12:34.328+0800: 360.235: [GC (Allocation Failure) 2017-11-22T07:12:34.328+0800: 360.235: [ParNew: 142768K->5167K(154880K), 0.0078722 secs] 4680687K->4543086K(6289088K), 0.0079468 secs] [Times: user=0.06 sys=0.00, real=0.01 secs]
         vmop                    [threads: total initially_running wait_to_block]    [time: spin block sync cleanup vmop] page_trap_count
360.235: GenCollectForAllocation          [      33          0              0    ]      [     0     0     0     0     8    ]  0
2017-11-22T07:12:34.336+0800: 360.243: Total time for which application threads were stopped: 0.0082452 seconds, Stopping threads took: 0.0000579 seconds
2017-11-22T07:12:34.683+0800: 360.590: [GC (Allocation Failure) 2017-11-22T07:12:34.683+0800: 360.590: [ParNew: 142895K->4913K(154880K), 0.0090605 secs] 4680814K->4542831K(6289088K), 0.0091362 secs] [Times: user=0.06 sys=0.00, real=0.00 secs]
         vmop                    [threads: total initially_running wait_to_block]    [time: spin block sync cleanup vmop] page_trap_count
360.590: GenCollectForAllocation          [      33          0              0    ]      [     0     0     0     0     9    ]  0
2017-11-22T07:12:34.692+0800: 360.599: Total time for which application threads were stopped: 0.0094349 seconds, Stopping threads took: 0.0000493 seconds
2017-11-22T07:12:35.010+0800: 360.917: [GC (Allocation Failure) 2017-11-22T07:12:35.010+0800: 360.917: [ParNew: 142641K->5166K(154880K), 0.0228948 secs] 4680559K->4543084K(6289088K), 0.0229672 secs] [Times: user=0.07 sys=0.00, real=0.03 secs]
         vmop                    [threads: total initially_running wait_to_block]    [time: spin block sync cleanup vmop] page_trap_count
360.917: GenCollectForAllocation          [      33          0              0    ]      [     0     0     0     0    23    ]  0
2017-11-22T07:12:35.033+0800: 360.940: Total time for which application threads were stopped: 0.0232575 seconds, Stopping threads took: 0.0000430 seconds
2017-11-22T07:12:35.370+0800: 361.277: [GC (Allocation Failure) 2017-11-22T07:12:35.370+0800: 361.277: [ParNew: 142894K->5293K(154880K), 0.0070121 secs] 4680812K->4543212K(6289088K), 0.0070930 secs] [Times: user=0.05 sys=0.00, real=0.01 secs]
         vmop                    [threads: total initially_running wait_to_block]    [time: spin block sync cleanup vmop] page_trap_count
361.277: GenCollectForAllocation          [      33          0              0    ]      [     0     0     0     0     7    ]  0
2017-11-22T07:12:35.377+0800: 361.284: Total time for which application threads were stopped: 0.0073934 seconds, Stopping threads took: 0.0000598 seconds
2017-11-22T07:12:35.689+0800: 361.596: [GC (Allocation Failure) 2017-11-22T07:12:35.689+0800: 361.596: [ParNew: 143021K->5039K(154880K), 0.0090392 secs] 4680940K->4542958K(6289088K), 0.0092102 secs] [Times: user=0.05 sys=0.00, real=0.01 secs]
         vmop                    [threads: total initially_running wait_to_block]    [time: spin block sync cleanup vmop] page_trap_count
361.595: GenCollectForAllocation          [      33          0              0    ]      [     0     0     0     0     9    ]  0
2017-11-22T07:12:35.698+0800: 361.605: Total time for which application threads were stopped: 0.0095105 seconds, Stopping threads took: 0.0000523 seconds
2017-11-22T07:12:35.984+0800: 361.891: [GC (Allocation Failure) 2017-11-22T07:12:35.984+0800: 361.891: [ParNew: 142767K->5295K(154880K), 0.0090349 secs] 4680686K->4543213K(6289088K), 0.0091248 secs] [Times: user=0.07 sys=0.01, real=0.01 secs]
         vmop                    [threads: total initially_running wait_to_block]    [time: spin block sync cleanup vmop] page_trap_count
361.891: GenCollectForAllocation          [      33          0              0    ]      [     0     0     0     0     9    ]  0
2017-11-22T07:12:35.993+0800: 361.900: Total time for which application threads were stopped: 0.0094219 seconds, Stopping threads took: 0.0000608 seconds
2017-11-22T07:12:36.299+0800: 362.206: [GC (Allocation Failure) 2017-11-22T07:12:36.299+0800: 362.206: [ParNew: 143023K->5043K(154880K), 0.0104157 secs] 4680941K->4542962K(6289088K), 0.0104904 secs] [Times: user=0.07 sys=0.00, real=0.01 secs]
         vmop                    [threads: total initially_running wait_to_block]    [time: spin block sync cleanup vmop] page_trap_count
362.205: GenCollectForAllocation          [      33          0              0    ]      [     0     0     0     0    10    ]  0
2017-11-22T07:12:36.309+0800: 362.216: Total time for which application threads were stopped: 0.0107768 seconds, Stopping threads took: 0.0000491 seconds
2017-11-22T07:12:36.590+0800: 362.497: [GC (Allocation Failure) 2017-11-22T07:12:36.590+0800: 362.497: [ParNew: 142771K->5104K(154880K), 0.0081586 secs] 4680690K->4543023K(6289088K), 0.0082561 secs] [Times: user=0.05 sys=0.00, real=0.01 secs]
         vmop                    [threads: total initially_running wait_to_block]    [time: spin block sync cleanup vmop] page_trap_count
362.497: GenCollectForAllocation          [      33          0              0    ]      [     0     0     0     0     8    ]  0
2017-11-22T07:12:36.598+0800: 362.505: Total time for which application threads were stopped: 0.0085698 seconds, Stopping threads took: 0.0000508 seconds
2017-11-22T07:12:36.882+0800: 362.789: [GC (Allocation Failure) 2017-11-22T07:12:36.882+0800: 362.789: [ParNew: 142832K->5228K(154880K), 0.0157351 secs] 4680751K->4543213K(6289088K), 0.0158200 secs] [Times: user=0.06 sys=0.00, real=0.01 secs]
         vmop                    [threads: total initially_running wait_to_block]    [time: spin block sync cleanup vmop] page_trap_count
362.789: GenCollectForAllocation          [      33          0              0    ]      [     0     0     0     0    15    ]  0
2017-11-22T07:12:36.898+0800: 362.805: Total time for which application threads were stopped: 0.0161412 seconds, Stopping threads took: 0.0000497 seconds
2017-11-22T07:12:37.194+0800: 363.101: [GC (Allocation Failure) 2017-11-22T07:12:37.194+0800: 363.101: [ParNew: 142956K->5104K(154880K), 0.0107111 secs] 4680941K->4543088K(6289088K), 0.0107846 secs] [Times: user=0.08 sys=0.00, real=0.01 secs]
         vmop                    [threads: total initially_running wait_to_block]    [time: spin block sync cleanup vmop] page_trap_count
363.101: GenCollectForAllocation          [      33          1              1    ]      [     0     0     0     0    10    ]  1
2017-11-22T07:12:37.205+0800: 363.112: Total time for which application threads were stopped: 0.0111167 seconds, Stopping threads took: 0.0000647 seconds
2017-11-22T07:12:37.485+0800: 363.392: [GC (Allocation Failure) 2017-11-22T07:12:37.485+0800: 363.392: [ParNew: 142832K->5040K(154880K), 0.0158078 secs] 4680816K->4543025K(6289088K), 0.0158925 secs] [Times: user=0.09 sys=0.00, real=0.02 secs]
         vmop                    [threads: total initially_running wait_to_block]    [time: spin block sync cleanup vmop] page_trap_count
363.392: GenCollectForAllocation          [      33          0              0    ]      [     0     0     0     0    15    ]  0
2017-11-22T07:12:37.501+0800: 363.408: Total time for which application threads were stopped: 0.0162795 seconds, Stopping threads took: 0.0000499 seconds
2017-11-22T07:12:37.777+0800: 363.684: [GC (Allocation Failure) 2017-11-22T07:12:37.777+0800: 363.684: [ParNew: 142768K->5163K(154880K), 0.0176154 secs] 4680753K->4543148K(6289088K), 0.0176999 secs] [Times: user=0.06 sys=0.00, real=0.02 secs]
         vmop                    [threads: total initially_running wait_to_block]    [time: spin block sync cleanup vmop] page_trap_count
363.683: GenCollectForAllocation          [      33          0              0    ]      [     0     0     0     0    17    ]  0
2017-11-22T07:12:37.794+0800: 363.701: Total time for which application threads were stopped: 0.0180009 seconds, Stopping threads took: 0.0000532 seconds
2017-11-22T07:12:38.092+0800: 363.999: [GC (Allocation Failure) 2017-11-22T07:12:38.092+0800: 363.999: [ParNew: 142891K->4911K(154880K), 0.0078658 secs] 4680876K->4542896K(6289088K), 0.0079450 secs] [Times: user=0.06 sys=0.00, real=0.01 secs]
         vmop                    [threads: total initially_running wait_to_block]    [time: spin block sync cleanup vmop] page_trap_count
363.999: GenCollectForAllocation          [      33          0              0    ]      [     0     0     0     0     8    ]  0
2017-11-22T07:12:38.100+0800: 364.007: Total time for which application threads were stopped: 0.0082425 seconds, Stopping threads took: 0.0000572 seconds
2017-11-22T07:12:38.383+0800: 364.290: [GC (Allocation Failure) 2017-11-22T07:12:38.383+0800: 364.290: [ParNew: 142639K->5104K(154880K), 0.0090281 secs] 4680624K->4543088K(6289088K), 0.0091191 secs] [Times: user=0.06 sys=0.00, real=0.00 secs]
         vmop                    [threads: total initially_running wait_to_block]    [time: spin block sync cleanup vmop] page_trap_count
364.290: GenCollectForAllocation          [      33          0              0    ]      [     0     0     0     0     9    ]  0
2017-11-22T07:12:38.393+0800: 364.300: Total time for which application threads were stopped: 0.0094543 seconds, Stopping threads took: 0.0000605 seconds
2017-11-22T07:12:38.674+0800: 364.581: [GC (Allocation Failure) 2017-11-22T07:12:38.674+0800: 364.581: [ParNew: 142832K->5231K(154880K), 0.0289465 secs] 4680816K->4543215K(6289088K), 0.0290518 secs] [Times: user=0.14 sys=0.00, real=0.03 secs]
         vmop                    [threads: total initially_running wait_to_block]    [time: spin block sync cleanup vmop] page_trap_count
364.580: GenCollectForAllocation          [      33          0              0    ]      [     0     0     0     0    29    ]  0
2017-11-22T07:12:38.703+0800: 364.610: Total time for which application threads were stopped: 0.0295132 seconds, Stopping threads took: 0.0000514 seconds
2017-11-22T07:12:38.989+0800: 364.896: [GC (Allocation Failure) 2017-11-22T07:12:38.989+0800: 364.896: [ParNew: 142959K->5036K(154880K), 0.0261857 secs] 4680943K->4543021K(6289088K), 0.0262499 secs] [Times: user=0.07 sys=0.00, real=0.03 secs]
         vmop                    [threads: total initially_running wait_to_block]    [time: spin block sync cleanup vmop] page_trap_count
364.896: GenCollectForAllocation          [      33          0              0    ]      [     0     0     0     0    26    ]  0
2017-11-22T07:12:39.015+0800: 364.922: Total time for which application threads were stopped: 0.0265178 seconds, Stopping threads took: 0.0000461 seconds
2017-11-22T07:12:39.279+0800: 365.186: [GC (Allocation Failure) 2017-11-22T07:12:39.279+0800: 365.186: [ParNew: 142764K->5169K(154880K), 0.0088742 secs] 4680749K->4543154K(6289088K), 0.0089458 secs] [Times: user=0.07 sys=0.00, real=0.01 secs]
         vmop                    [threads: total initially_running wait_to_block]    [time: spin block sync cleanup vmop] page_trap_count
365.186: GenCollectForAllocation          [      33          0              0    ]      [     0     0     0     0     9    ]  0
2017-11-22T07:12:39.288+0800: 365.195: Total time for which application threads were stopped: 0.0092359 seconds, Stopping threads took: 0.0000474 seconds
2017-11-22T07:12:39.594+0800: 365.501: [GC (Allocation Failure) 2017-11-22T07:12:39.594+0800: 365.501: [ParNew: 142897K->5296K(154880K), 0.0083473 secs] 4680882K->4543281K(6289088K), 0.0084268 secs] [Times: user=0.06 sys=0.00, real=0.01 secs]
         vmop                    [threads: total initially_running wait_to_block]    [time: spin block sync cleanup vmop] page_trap_count
365.500: GenCollectForAllocation          [      33          1              1    ]      [     0     0     0     0     8    ]  1
2017-11-22T07:12:39.602+0800: 365.509: Total time for which application threads were stopped: 0.0087495 seconds, Stopping threads took: 0.0000757 seconds
2017-11-22T07:12:39.885+0800: 365.792: [GC (Allocation Failure) 2017-11-22T07:12:39.885+0800: 365.792: [ParNew: 143024K->4976K(154880K), 0.0096676 secs] 4681009K->4542961K(6289088K), 0.0097429 secs] [Times: user=0.06 sys=0.00, real=0.01 secs]
         vmop                    [threads: total initially_running wait_to_block]    [time: spin block sync cleanup vmop] page_trap_count
365.791: GenCollectForAllocation          [      33          0              0    ]      [     0     0     0     0     9    ]  0
2017-11-22T07:12:39.894+0800: 365.801: Total time for which application threads were stopped: 0.0100624 seconds, Stopping threads took: 0.0000713 seconds
2017-11-22T07:12:40.175+0800: 366.082: [GC (Allocation Failure) 2017-11-22T07:12:40.175+0800: 366.082: [ParNew: 142704K->5103K(154880K), 0.0417007 secs] 4680689K->4543088K(6289088K), 0.0417837 secs] [Times: user=0.18 sys=0.00, real=0.04 secs]
         vmop                    [threads: total initially_running wait_to_block]    [time: spin block sync cleanup vmop] page_trap_count
366.082: GenCollectForAllocation          [      33          0              0    ]      [     0     0     0     0    41    ]  0
2017-11-22T07:12:40.217+0800: 366.124: Total time for which application threads were stopped: 0.0421420 seconds, Stopping threads took: 0.0000518 seconds
2017-11-22T07:12:40.470+0800: 366.377: [GC (Allocation Failure) 2017-11-22T07:12:40.470+0800: 366.377: [ParNew: 142831K->5300K(154880K), 0.0108407 secs] 4680816K->4543285K(6289088K), 0.0109214 secs] [Times: user=0.07 sys=0.00, real=0.02 secs]
         vmop                    [threads: total initially_running wait_to_block]    [time: spin block sync cleanup vmop] page_trap_count
366.377: GenCollectForAllocation          [      33          0              0    ]      [     0     0     0     0    10    ]  0
2017-11-22T07:12:40.481+0800: 366.388: Total time for which application threads were stopped: 0.0114451 seconds, Stopping threads took: 0.0001317 seconds
2017-11-22T07:12:40.784+0800: 366.691: [GC (Allocation Failure) 2017-11-22T07:12:40.784+0800: 366.691: [ParNew: 143028K->4974K(154880K), 0.0189531 secs] 4681013K->4542959K(6289088K), 0.0190546 secs] [Times: user=0.08 sys=0.00, real=0.02 secs]
         vmop                    [threads: total initially_running wait_to_block]    [time: spin block sync cleanup vmop] page_trap_count
366.691: GenCollectForAllocation          [      33          0              0    ]      [     0     0     0     0    19    ]  0
2017-11-22T07:12:40.804+0800: 366.711: Total time for which application threads were stopped: 0.0193726 seconds, Stopping threads took: 0.0000640 seconds
2017-11-22T07:12:41.071+0800: 366.978: [GC (Allocation Failure) 2017-11-22T07:12:41.071+0800: 366.978: [ParNew: 142702K->5237K(154880K), 0.0178259 secs] 4680687K->4543222K(6289088K), 0.0179014 secs] [Times: user=0.10 sys=0.00, real=0.02 secs]
         vmop                    [threads: total initially_running wait_to_block]    [time: spin block sync cleanup vmop] page_trap_count
366.978: GenCollectForAllocation          [      33          0              0    ]      [     0     0     0     0    17    ]  0
2017-11-22T07:12:41.089+0800: 366.996: Total time for which application threads were stopped: 0.0181932 seconds, Stopping threads took: 0.0000516 seconds
2017-11-22T07:12:41.392+0800: 367.299: [GC (Allocation Failure) 2017-11-22T07:12:41.392+0800: 367.299: [ParNew: 142965K->4947K(154880K), 0.0134412 secs] 4680950K->4542932K(6289088K), 0.0135182 secs] [Times: user=0.06 sys=0.00, real=0.02 secs]
         vmop                    [threads: total initially_running wait_to_block]    [time: spin block sync cleanup vmop] page_trap_count
367.299: GenCollectForAllocation          [      33          0              0    ]      [     0     0     0     0    13    ]  0
2017-11-22T07:12:41.406+0800: 367.313: Total time for which application threads were stopped: 0.0138831 seconds, Stopping threads took: 0.0000485 seconds
2017-11-22T07:12:41.706+0800: 367.613: [GC (Allocation Failure) 2017-11-22T07:12:41.706+0800: 367.613: [ParNew: 142675K->5009K(154880K), 0.0128428 secs] 4680660K->4542994K(6289088K), 0.0129301 secs] [Times: user=0.06 sys=0.01, real=0.01 secs]
         vmop                    [threads: total initially_running wait_to_block]    [time: spin block sync cleanup vmop] page_trap_count
367.612: GenCollectForAllocation          [      33          0              0    ]      [     0     0     0     0    13    ]  0
2017-11-22T07:12:41.719+0800: 367.626: Total time for which application threads were stopped: 0.0132375 seconds, Stopping threads took: 0.0000600 seconds
         vmop                    [threads: total initially_running wait_to_block]    [time: spin block sync cleanup vmop] page_trap_count
367.650: RevokeBias                       [      33          0              0    ]      [     0     0     0     0     0    ]  0
2017-11-22T07:12:41.744+0800: 367.651: Total time for which application threads were stopped: 0.0001966 seconds, Stopping threads took: 0.0000516 seconds
2017-11-22T07:12:41.962+0800: 367.869: [GC (Allocation Failure) 2017-11-22T07:12:41.962+0800: 367.869: [ParNew: 142737K->5239K(154880K), 0.0094843 secs] 4680722K->4543230K(6289088K), 0.0095711 secs] [Times: user=0.07 sys=0.00, real=0.00 secs]
         vmop                    [threads: total initially_running wait_to_block]    [time: spin block sync cleanup vmop] page_trap_count
367.868: GenCollectForAllocation          [      33          0              0    ]      [     0     0     0     0     9    ]  0
2017-11-22T07:12:41.971+0800: 367.878: Total time for which application threads were stopped: 0.0098915 seconds, Stopping threads took: 0.0000543 seconds
2017-11-22T07:12:42.248+0800: 368.155: [GC (Allocation Failure) 2017-11-22T07:12:42.248+0800: 368.155: [ParNew: 142967K->4983K(154880K), 0.0098680 secs] 4680958K->4542973K(6289088K), 0.0099456 secs] [Times: user=0.06 sys=0.00, real=0.01 secs]
         vmop                    [threads: total initially_running wait_to_block]    [time: spin block sync cleanup vmop] page_trap_count
368.155: GenCollectForAllocation          [      33          0              0    ]      [     0     0     0     0    10    ]  0
2017-11-22T07:12:42.258+0800: 368.165: Total time for which application threads were stopped: 0.0102508 seconds, Stopping threads took: 0.0000565 seconds
2017-11-22T07:12:42.543+0800: 368.450: [GC (Allocation Failure) 2017-11-22T07:12:42.543+0800: 368.450: [ParNew: 142711K->5177K(154880K), 0.0101120 secs] 4680701K->4543168K(6289088K), 0.0101898 secs] [Times: user=0.07 sys=0.00, real=0.01 secs]
         vmop                    [threads: total initially_running wait_to_block]    [time: spin block sync cleanup vmop] page_trap_count
368.450: GenCollectForAllocation          [      33          0              0    ]      [     0     0     0     0    10    ]  0
2017-11-22T07:12:42.553+0800: 368.460: Total time for which application threads were stopped: 0.0104858 seconds, Stopping threads took: 0.0000505 seconds
2017-11-22T07:12:42.829+0800: 368.736: [GC (Allocation Failure) 2017-11-22T07:12:42.829+0800: 368.736: [ParNew: 142905K->5303K(154880K), 0.0116393 secs] 4680896K->4543294K(6289088K), 0.0117197 secs] [Times: user=0.07 sys=0.00, real=0.02 secs]
         vmop                    [threads: total initially_running wait_to_block]    [time: spin block sync cleanup vmop] page_trap_count
368.736: GenCollectForAllocation          [      33          0              0    ]      [     0     0     0     0    11    ]  0
2017-11-22T07:12:42.841+0800: 368.748: Total time for which application threads were stopped: 0.0120157 seconds, Stopping threads took: 0.0000476 seconds
2017-11-22T07:12:43.150+0800: 369.057: [GC (Allocation Failure) 2017-11-22T07:12:43.150+0800: 369.057: [ParNew: 143031K->4917K(154880K), 0.0098558 secs] 4681022K->4542908K(6289088K), 0.0099230 secs] [Times: user=0.06 sys=0.00, real=0.01 secs]
         vmop                    [threads: total initially_running wait_to_block]    [time: spin block sync cleanup vmop] page_trap_count
369.057: GenCollectForAllocation          [      33          0              0    ]      [     0     0     0     0    10    ]  0
2017-11-22T07:12:43.160+0800: 369.067: Total time for which application threads were stopped: 0.0102194 seconds, Stopping threads took: 0.0000480 seconds
2017-11-22T07:12:43.435+0800: 369.342: [GC (Allocation Failure) 2017-11-22T07:12:43.435+0800: 369.342: [ParNew: 142645K->5112K(154880K), 0.0085762 secs] 4680636K->4543103K(6289088K), 0.0086543 secs] [Times: user=0.06 sys=0.00, real=0.01 secs]
         vmop                    [threads: total initially_running wait_to_block]    [time: spin block sync cleanup vmop] page_trap_count
369.342: GenCollectForAllocation          [      33          0              0    ]      [     0     0     0     0     8    ]  0
2017-11-22T07:12:43.444+0800: 369.351: Total time for which application threads were stopped: 0.0089640 seconds, Stopping threads took: 0.0000522 seconds
2017-11-22T07:12:43.725+0800: 369.632: [GC (Allocation Failure) 2017-11-22T07:12:43.725+0800: 369.632: [ParNew: 142840K->5231K(154880K), 0.0086467 secs] 4680831K->4543230K(6289088K), 0.0087267 secs] [Times: user=0.06 sys=0.00, real=0.01 secs]
         vmop                    [threads: total initially_running wait_to_block]    [time: spin block sync cleanup vmop] page_trap_count
369.632: GenCollectForAllocation          [      33          0              0    ]      [     0     0     0     0     8    ]  0
2017-11-22T07:12:43.734+0800: 369.641: Total time for which application threads were stopped: 0.0090346 seconds, Stopping threads took: 0.0000520 seconds
2017-11-22T07:12:44.054+0800: 369.961: [GC (Allocation Failure) 2017-11-22T07:12:44.054+0800: 369.961: [ParNew: 142959K->4977K(154880K), 0.0068285 secs] 4680958K->4542976K(6289088K), 0.0069133 secs] [Times: user=0.05 sys=0.00, real=0.01 secs]
         vmop                    [threads: total initially_running wait_to_block]    [time: spin block sync cleanup vmop] page_trap_count
369.961: GenCollectForAllocation          [      33          0              0    ]      [     0     0     0     0     6    ]  0
2017-11-22T07:12:44.061+0800: 369.968: Total time for which application threads were stopped: 0.0072236 seconds, Stopping threads took: 0.0000517 seconds
2017-11-22T07:12:44.342+0800: 370.249: [GC (Allocation Failure) 2017-11-22T07:12:44.342+0800: 370.249: [ParNew: 142705K->5102K(154880K), 0.0108806 secs] 4680704K->4543101K(6289088K), 0.0109733 secs] [Times: user=0.07 sys=0.01, real=0.01 secs]
         vmop                    [threads: total initially_running wait_to_block]    [time: spin block sync cleanup vmop] page_trap_count
370.249: GenCollectForAllocation          [      33          0              0    ]      [     0     0     0     0    11    ]  0
2017-11-22T07:12:44.353+0800: 370.260: Total time for which application threads were stopped: 0.0112980 seconds, Stopping threads took: 0.0000567 seconds
2017-11-22T07:12:44.658+0800: 370.565: [GC (Allocation Failure) 2017-11-22T07:12:44.658+0800: 370.565: [ParNew: 142830K->5292K(154880K), 0.0095136 secs] 4680829K->4543292K(6289088K), 0.0096182 secs] [Times: user=0.07 sys=0.00, real=0.01 secs]
         vmop                    [threads: total initially_running wait_to_block]    [time: spin block sync cleanup vmop] page_trap_count
370.564: GenCollectForAllocation          [      33          0              0    ]      [     0     0     0     0     9    ]  0
2017-11-22T07:12:44.667+0800: 370.574: Total time for which application threads were stopped: 0.0099353 seconds, Stopping threads took: 0.0000540 seconds
         vmop                    [threads: total initially_running wait_to_block]    [time: spin block sync cleanup vmop] page_trap_count
370.760: RevokeBias                       [      33          0              0    ]      [     0     0     0     0     0    ]  0
2017-11-22T07:12:44.853+0800: 370.760: Total time for which application threads were stopped: 0.0002115 seconds, Stopping threads took: 0.0000536 seconds
         vmop                    [threads: total initially_running wait_to_block]    [time: spin block sync cleanup vmop] page_trap_count
370.760: RevokeBias                       [      33          0              0    ]      [     0     0     0     0     0    ]  0
2017-11-22T07:12:44.854+0800: 370.761: Total time for which application threads were stopped: 0.0001013 seconds, Stopping threads took: 0.0000351 seconds
         vmop                    [threads: total initially_running wait_to_block]    [time: spin block sync cleanup vmop] page_trap_count
370.761: RevokeBias                       [      33          0              0    ]      [     0     0     0     0     0    ]  0
2017-11-22T07:12:44.854+0800: 370.761: Total time for which application threads were stopped: 0.0000866 seconds, Stopping threads took: 0.0000220 seconds
2017-11-22T07:12:44.988+0800: 370.895: [GC (Allocation Failure) 2017-11-22T07:12:44.988+0800: 370.895: [ParNew: 143020K->4907K(154880K), 0.0073494 secs] 4681020K->4542907K(6289088K), 0.0074257 secs] [Times: user=0.05 sys=0.00, real=0.01 secs]
         vmop                    [threads: total initially_running wait_to_block]    [time: spin block sync cleanup vmop] page_trap_count
370.895: GenCollectForAllocation          [      33          0              0    ]      [     0     0     0     0     7    ]  0
2017-11-22T07:12:44.996+0800: 370.903: Total time for which application threads were stopped: 0.0077300 seconds, Stopping threads took: 0.0000544 seconds
2017-11-22T07:12:45.316+0800: 371.223: [GC (Allocation Failure) 2017-11-22T07:12:45.316+0800: 371.223: [ParNew: 142635K->5102K(154880K), 0.0148556 secs] 4680635K->4543102K(6289088K), 0.0149464 secs] [Times: user=0.06 sys=0.00, real=0.01 secs]
         vmop                    [threads: total initially_running wait_to_block]    [time: spin block sync cleanup vmop] page_trap_count
371.223: GenCollectForAllocation          [      33          0              0    ]      [     0     0     0     0    15    ]  0
2017-11-22T07:12:45.331+0800: 371.238: Total time for which application threads were stopped: 0.0152922 seconds, Stopping threads took: 0.0000415 seconds
2017-11-22T07:12:45.658+0800: 371.565: [GC (Allocation Failure) 2017-11-22T07:12:45.658+0800: 371.565: [ParNew: 142830K->5228K(154880K), 0.0075982 secs] 4680830K->4543228K(6289088K), 0.0076893 secs] [Times: user=0.05 sys=0.00, real=0.01 secs]
         vmop                    [threads: total initially_running wait_to_block]    [time: spin block sync cleanup vmop] page_trap_count
371.565: GenCollectForAllocation          [      33          0              0    ]      [     0     0     0     0     7    ]  0
2017-11-22T07:12:45.666+0800: 371.573: Total time for which application threads were stopped: 0.0080349 seconds, Stopping threads took: 0.0000542 seconds
2017-11-22T07:12:45.994+0800: 371.901: [GC (Allocation Failure) 2017-11-22T07:12:45.994+0800: 371.901: [ParNew: 142956K->5040K(154880K), 0.0115723 secs] 4680956K->4543040K(6289088K), 0.0116909 secs] [Times: user=0.06 sys=0.00, real=0.01 secs]
         vmop                    [threads: total initially_running wait_to_block]    [time: spin block sync cleanup vmop] page_trap_count
371.901: GenCollectForAllocation          [      33          0              1    ]      [     0     0     0     0    11    ]  0
2017-11-22T07:12:46.006+0800: 371.913: Total time for which application threads were stopped: 0.0120489 seconds, Stopping threads took: 0.0000656 seconds
2017-11-22T07:12:46.311+0800: 372.218: [GC (Allocation Failure) 2017-11-22T07:12:46.311+0800: 372.218: [ParNew: 142768K->5169K(154880K), 0.0090353 secs] 4680768K->4543169K(6289088K), 0.0091139 secs] [Times: user=0.07 sys=0.00, real=0.01 secs]
         vmop                    [threads: total initially_running wait_to_block]    [time: spin block sync cleanup vmop] page_trap_count
372.218: GenCollectForAllocation          [      33          0              0    ]      [     0     0     0     0     9    ]  0
2017-11-22T07:12:46.321+0800: 372.228: Total time for which application threads were stopped: 0.0094193 seconds, Stopping threads took: 0.0000483 seconds
2017-11-22T07:12:46.666+0800: 372.573: [GC (Allocation Failure) 2017-11-22T07:12:46.666+0800: 372.573: [ParNew: 142897K->5103K(154880K), 0.0088789 secs] 4680897K->4543103K(6289088K), 0.0089637 secs] [Times: user=0.07 sys=0.00, real=0.01 secs]
         vmop                    [threads: total initially_running wait_to_block]    [time: spin block sync cleanup vmop] page_trap_count
372.573: GenCollectForAllocation          [      33          0              0    ]      [     0     0     0     0     9    ]  0
2017-11-22T07:12:46.675+0800: 372.582: Total time for which application threads were stopped: 0.0092872 seconds, Stopping threads took: 0.0000610 seconds
2017-11-22T07:12:46.996+0800: 372.903: [GC (Allocation Failure) 2017-11-22T07:12:46.996+0800: 372.903: [ParNew: 142831K->5167K(154880K), 0.0129165 secs] 4680831K->4543167K(6289088K), 0.0130020 secs] [Times: user=0.06 sys=0.00, real=0.01 secs]
         vmop                    [threads: total initially_running wait_to_block]    [time: spin block sync cleanup vmop] page_trap_count
372.903: GenCollectForAllocation          [      33          0              0    ]      [     0     0     0     0    13    ]  0
2017-11-22T07:12:47.009+0800: 372.916: Total time for which application threads were stopped: 0.0133443 seconds, Stopping threads took: 0.0000559 seconds
2017-11-22T07:12:47.344+0800: 373.251: [GC (Allocation Failure) 2017-11-22T07:12:47.344+0800: 373.251: [ParNew: 142895K->4973K(154880K), 0.0069202 secs] 4680895K->4542973K(6289088K), 0.0069905 secs] [Times: user=0.05 sys=0.00, real=0.00 secs]
         vmop                    [threads: total initially_running wait_to_block]    [time: spin block sync cleanup vmop] page_trap_count
373.250: GenCollectForAllocation          [      33          0              0    ]      [     0     0     0     0     7    ]  0
2017-11-22T07:12:47.351+0800: 373.258: Total time for which application threads were stopped: 0.0072656 seconds, Stopping threads took: 0.0000541 seconds
2017-11-22T07:12:47.672+0800: 373.579: [GC (Allocation Failure) 2017-11-22T07:12:47.672+0800: 373.579: [ParNew: 142701K->5097K(154880K), 0.0137266 secs] 4680701K->4543097K(6289088K), 0.0138103 secs] [Times: user=0.06 sys=0.00, real=0.02 secs]
         vmop                    [threads: total initially_running wait_to_block]    [time: spin block sync cleanup vmop] page_trap_count
373.578: GenCollectForAllocation          [      33          0              0    ]      [     0     0     0     0    13    ]  0
2017-11-22T07:12:47.686+0800: 373.593: Total time for which application threads were stopped: 0.0141066 seconds, Stopping threads took: 0.0000493 seconds
2017-11-22T07:12:47.974+0800: 373.881: [GC (Allocation Failure) 2017-11-22T07:12:47.974+0800: 373.881: [ParNew: 142825K->5231K(154880K), 0.0104154 secs] 4680825K->4543231K(6289088K), 0.0105015 secs] [Times: user=0.07 sys=0.00, real=0.01 secs]
         vmop                    [threads: total initially_running wait_to_block]    [time: spin block sync cleanup vmop] page_trap_count
373.881: GenCollectForAllocation          [      33          0              0    ]      [     0     0     0     0    10    ]  0
2017-11-22T07:12:47.984+0800: 373.891: Total time for which application threads were stopped: 0.0108293 seconds, Stopping threads took: 0.0000504 seconds
2017-11-22T07:12:48.299+0800: 374.206: [GC (Allocation Failure) 2017-11-22T07:12:48.299+0800: 374.206: [ParNew: 142959K->5099K(154880K), 0.0171070 secs] 4680959K->4543099K(6289088K), 0.0171918 secs] [Times: user=0.08 sys=0.00, real=0.02 secs]
         vmop                    [threads: total initially_running wait_to_block]    [time: spin block sync cleanup vmop] page_trap_count
374.206: GenCollectForAllocation          [      33          1              1    ]      [     0     0     0     0    17    ]  1
2017-11-22T07:12:48.316+0800: 374.223: Total time for which application threads were stopped: 0.0175034 seconds, Stopping threads took: 0.0000857 seconds
2017-11-22T07:12:48.590+0800: 374.497: [GC (Allocation Failure) 2017-11-22T07:12:48.590+0800: 374.497: [ParNew: 142827K->4974K(154880K), 0.0095314 secs] 4680827K->4542974K(6289088K), 0.0096297 secs] [Times: user=0.06 sys=0.00, real=0.01 secs]
         vmop                    [threads: total initially_running wait_to_block]    [time: spin block sync cleanup vmop] page_trap_count
374.497: GenCollectForAllocation          [      33          0              0    ]      [     0     0     0     0     9    ]  0
2017-11-22T07:12:48.600+0800: 374.507: Total time for which application threads were stopped: 0.0100022 seconds, Stopping threads took: 0.0000524 seconds
2017-11-22T07:12:48.882+0800: 374.789: [GC (Allocation Failure) 2017-11-22T07:12:48.882+0800: 374.789: [ParNew: 142702K->5167K(154880K), 0.0082748 secs] 4680702K->4543167K(6289088K), 0.0083653 secs] [Times: user=0.05 sys=0.01, real=0.00 secs]
         vmop                    [threads: total initially_running wait_to_block]    [time: spin block sync cleanup vmop] page_trap_count
374.788: GenCollectForAllocation          [      33          0              0    ]      [     0     0     0     0     8    ]  0
2017-11-22T07:12:48.890+0800: 374.797: Total time for which application threads were stopped: 0.0086759 seconds, Stopping threads took: 0.0000641 seconds
2017-11-22T07:12:49.196+0800: 375.103: [GC (Allocation Failure) 2017-11-22T07:12:49.197+0800: 375.103: [ParNew: 142895K->4913K(154880K), 0.0133571 secs] 4680895K->4542913K(6289088K), 0.0134388 secs] [Times: user=0.06 sys=0.00, real=0.01 secs]
         vmop                    [threads: total initially_running wait_to_block]    [time: spin block sync cleanup vmop] page_trap_count
375.103: GenCollectForAllocation          [      33          0              0    ]      [     0     0     0     0    13    ]  0
2017-11-22T07:12:49.210+0800: 375.117: Total time for which application threads were stopped: 0.0137174 seconds, Stopping threads took: 0.0000483 seconds
2017-11-22T07:12:49.489+0800: 375.396: [GC (Allocation Failure) 2017-11-22T07:12:49.489+0800: 375.396: [ParNew: 142641K->5103K(154880K), 0.0220476 secs] 4680641K->4543104K(6289088K), 0.0221331 secs] [Times: user=0.08 sys=0.00, real=0.02 secs]
         vmop                    [threads: total initially_running wait_to_block]    [time: spin block sync cleanup vmop] page_trap_count
375.396: GenCollectForAllocation          [      33          0              0    ]      [     0     0     0     0    22    ]  0
2017-11-22T07:12:49.511+0800: 375.418: Total time for which application threads were stopped: 0.0224487 seconds, Stopping threads took: 0.0000496 seconds
2017-11-22T07:12:49.803+0800: 375.710: [GC (Allocation Failure) 2017-11-22T07:12:49.803+0800: 375.710: [ParNew: 142831K->5165K(154880K), 0.0115597 secs] 4680832K->4543165K(6289088K), 0.0116426 secs] [Times: user=0.07 sys=0.00, real=0.01 secs]
         vmop                    [threads: total initially_running wait_to_block]    [time: spin block sync cleanup vmop] page_trap_count
375.709: GenCollectForAllocation          [      33          0              0    ]      [     0     0     0     0    11    ]  0
2017-11-22T07:12:49.814+0800: 375.721: Total time for which application threads were stopped: 0.0119535 seconds, Stopping threads took: 0.0000561 seconds
2017-11-22T07:12:50.093+0800: 376.000: [GC (Allocation Failure) 2017-11-22T07:12:50.093+0800: 376.000: [ParNew: 142893K->5040K(154880K), 0.0102581 secs] 4680893K->4543041K(6289088K), 0.0103557 secs] [Times: user=0.07 sys=0.00, real=0.01 secs]
         vmop                    [threads: total initially_running wait_to_block]    [time: spin block sync cleanup vmop] page_trap_count
376.000: GenCollectForAllocation          [      33          0              0    ]      [     0     0     0     0    10    ]  0
2017-11-22T07:12:50.103+0800: 376.010: Total time for which application threads were stopped: 0.0107096 seconds, Stopping threads took: 0.0000774 seconds
2017-11-22T07:12:50.387+0800: 376.294: [GC (Allocation Failure) 2017-11-22T07:12:50.387+0800: 376.294: [ParNew: 142768K->5165K(154880K), 0.0272122 secs] 4680769K->4543166K(6289088K), 0.0273056 secs] [Times: user=0.06 sys=0.00, real=0.03 secs]
         vmop                    [threads: total initially_running wait_to_block]    [time: spin block sync cleanup vmop] page_trap_count
376.294: GenCollectForAllocation          [      33          0              0    ]      [     0     0     0     0    27    ]  0
2017-11-22T07:12:50.414+0800: 376.321: Total time for which application threads were stopped: 0.0276409 seconds, Stopping threads took: 0.0000627 seconds
2017-11-22T07:12:50.699+0800: 376.606: [GC (Allocation Failure) 2017-11-22T07:12:50.699+0800: 376.606: [ParNew: 142893K->5104K(154880K), 0.0094057 secs] 4680894K->4543104K(6289088K), 0.0095079 secs] [Times: user=0.06 sys=0.00, real=0.01 secs]
         vmop                    [threads: total initially_running wait_to_block]    [time: spin block sync cleanup vmop] page_trap_count
376.606: GenCollectForAllocation          [      33          1              1    ]      [     0     0     0     0     9    ]  1
2017-11-22T07:12:50.708+0800: 376.615: Total time for which application threads were stopped: 0.0098899 seconds, Stopping threads took: 0.0001088 seconds
2017-11-22T07:12:51.098+0800: 377.005: [GC (Allocation Failure) 2017-11-22T07:12:51.098+0800: 377.005: [ParNew: 142832K->3765K(154880K), 0.0188778 secs] 4680832K->4541766K(6289088K), 0.0189810 secs] [Times: user=0.06 sys=0.00, real=0.02 secs]
         vmop                    [threads: total initially_running wait_to_block]    [time: spin block sync cleanup vmop] page_trap_count
377.005: GenCollectForAllocation          [      33          1              2    ]      [     0     0     0     0    19    ]  1
2017-11-22T07:12:51.117+0800: 377.024: Total time for which application threads were stopped: 0.0193550 seconds, Stopping threads took: 0.0000969 seconds
2017-11-22T07:12:51.280+0800: 377.187: [GC (Allocation Failure) 2017-11-22T07:12:51.280+0800: 377.187: [ParNew: 141493K->5102K(154880K), 0.0089383 secs] 4679494K->4543103K(6289088K), 0.0090194 secs] [Times: user=0.06 sys=0.00, real=0.01 secs]
         vmop                    [threads: total initially_running wait_to_block]    [time: spin block sync cleanup vmop] page_trap_count
377.187: GenCollectForAllocation          [      33          0              0    ]      [     0     0     0     0     9    ]  0
2017-11-22T07:12:51.290+0800: 377.196: Total time for which application threads were stopped: 0.0093110 seconds, Stopping threads took: 0.0000493 seconds
2017-11-22T07:12:51.599+0800: 377.506: [GC (Allocation Failure) 2017-11-22T07:12:51.599+0800: 377.506: [ParNew: 142830K->5167K(154880K), 0.0102130 secs] 4680831K->4543168K(6289088K), 0.0102966 secs] [Times: user=0.06 sys=0.00, real=0.01 secs]
         vmop                    [threads: total initially_running wait_to_block]    [time: spin block sync cleanup vmop] page_trap_count
377.505: GenCollectForAllocation          [      33          0              0    ]      [     0     0     0     0    10    ]  0
2017-11-22T07:12:51.609+0800: 377.516: Total time for which application threads were stopped: 0.0106130 seconds, Stopping threads took: 0.0000539 seconds
2017-11-22T07:12:51.894+0800: 377.801: [GC (Allocation Failure) 2017-11-22T07:12:51.894+0800: 377.801: [ParNew: 142895K->5008K(154880K), 0.0085876 secs] 4680896K->4543008K(6289088K), 0.0086962 secs] [Times: user=0.06 sys=0.00, real=0.01 secs]
         vmop                    [threads: total initially_running wait_to_block]    [time: spin block sync cleanup vmop] page_trap_count
377.801: GenCollectForAllocation          [      32          0              0    ]      [     0     0     0     0     8    ]  0
2017-11-22T07:12:51.903+0800: 377.810: Total time for which application threads were stopped: 0.0090363 seconds, Stopping threads took: 0.0000588 seconds
2017-11-22T07:12:52.205+0800: 378.112: [GC (Allocation Failure) 2017-11-22T07:12:52.205+0800: 378.112: [ParNew: 142736K->4752K(154880K), 0.0103248 secs] 4680736K->4542753K(6289088K), 0.0104240 secs] [Times: user=0.07 sys=0.00, real=0.01 secs]
         vmop                    [threads: total initially_running wait_to_block]    [time: spin block sync cleanup vmop] page_trap_count
378.112: GenCollectForAllocation          [      32          0              0    ]      [     0     0     0     0    10    ]  0
2017-11-22T07:12:52.215+0800: 378.122: Total time for which application threads were stopped: 0.0107728 seconds, Stopping threads took: 0.0000480 seconds
         vmop                    [threads: total initially_running wait_to_block]    [time: spin block sync cleanup vmop] page_trap_count
378.144: RevokeBias                       [      32          1              1    ]      [     0     0     0     0     0    ]  1
2017-11-22T07:12:52.238+0800: 378.145: Total time for which application threads were stopped: 0.0002347 seconds, Stopping threads took: 0.0000867 seconds
         vmop                    [threads: total initially_running wait_to_block]    [time: spin block sync cleanup vmop] page_trap_count
378.145: RevokeBias                       [      32          1              1    ]      [     0     0     0     0     0    ]  1
2017-11-22T07:12:52.238+0800: 378.145: Total time for which application threads were stopped: 0.0001570 seconds, Stopping threads took: 0.0000632 seconds
         vmop                    [threads: total initially_running wait_to_block]    [time: spin block sync cleanup vmop] page_trap_count
378.145: RevokeBias                       [      32          1              1    ]      [     0     0     0     0     0    ]  1
2017-11-22T07:12:52.238+0800: 378.145: Total time for which application threads were stopped: 0.0001428 seconds, Stopping threads took: 0.0000530 seconds
         vmop                    [threads: total initially_running wait_to_block]    [time: spin block sync cleanup vmop] page_trap_count
378.149: RevokeBias                       [      33          0              0    ]      [     0     0     0     0     0    ]  0
2017-11-22T07:12:52.242+0800: 378.149: Total time for which application threads were stopped: 0.0001590 seconds, Stopping threads took: 0.0000513 seconds
2017-11-22T07:12:52.644+0800: 378.551: [GC (Allocation Failure) 2017-11-22T07:12:52.644+0800: 378.551: [ParNew: 142480K->5005K(154880K), 0.0080529 secs] 4680481K->4543006K(6289088K), 0.0081424 secs] [Times: user=0.06 sys=0.00, real=0.00 secs]
         vmop                    [threads: total initially_running wait_to_block]    [time: spin block sync cleanup vmop] page_trap_count
378.551: GenCollectForAllocation          [      33          1              1    ]      [     0     0     0     0     8    ]  1
2017-11-22T07:12:52.653+0800: 378.560: Total time for which application threads were stopped: 0.0085317 seconds, Stopping threads took: 0.0000874 seconds
2017-11-22T07:12:53.160+0800: 379.067: [GC (Allocation Failure) 2017-11-22T07:12:53.161+0800: 379.067: [ParNew: 141811K->5075K(154880K), 0.0078038 secs] 4679811K->4543076K(6289088K), 0.0078949 secs] [Times: user=0.06 sys=0.00, real=0.01 secs]
         vmop                    [threads: total initially_running wait_to_block]    [time: spin block sync cleanup vmop] page_trap_count
379.067: GenCollectForAllocation          [      33          0              0    ]      [     0     0     0     0     7    ]  0
2017-11-22T07:12:53.168+0800: 379.075: Total time for which application threads were stopped: 0.0082587 seconds, Stopping threads took: 0.0001053 seconds
2017-11-22T07:12:53.680+0800: 379.587: [GC (Allocation Failure) 2017-11-22T07:12:53.680+0800: 379.587: [ParNew: 142803K->5195K(154880K), 0.0099922 secs] 4680804K->4543196K(6289088K), 0.0100708 secs] [Times: user=0.07 sys=0.00, real=0.01 secs]
         vmop                    [threads: total initially_running wait_to_block]    [time: spin block sync cleanup vmop] page_trap_count
379.586: GenCollectForAllocation          [      33          1              1    ]      [     0     0     0     0    10    ]  0
2017-11-22T07:12:53.690+0800: 379.597: Total time for which application threads were stopped: 0.0104023 seconds, Stopping threads took: 0.0000766 seconds
2017-11-22T07:12:54.206+0800: 380.113: [GC (Allocation Failure) 2017-11-22T07:12:54.206+0800: 380.113: [ParNew: 142923K->5132K(154880K), 0.0077016 secs] 4680924K->4543134K(6289088K), 0.0077903 secs] [Times: user=0.06 sys=0.00, real=0.01 secs]
         vmop                    [threads: total initially_running wait_to_block]    [time: spin block sync cleanup vmop] page_trap_count
380.113: GenCollectForAllocation          [      33          0              0    ]      [     0     0     0     0     7    ]  0
2017-11-22T07:12:54.214+0800: 380.121: Total time for which application threads were stopped: 0.0080887 seconds, Stopping threads took: 0.0000505 seconds
2017-11-22T07:12:54.735+0800: 380.642: [GC (Allocation Failure) 2017-11-22T07:12:54.735+0800: 380.642: [ParNew: 142860K->5194K(154880K), 0.0299993 secs] 4680862K->4543195K(6289088K), 0.0300763 secs] [Times: user=0.08 sys=0.00, real=0.03 secs]
         vmop                    [threads: total initially_running wait_to_block]    [time: spin block sync cleanup vmop] page_trap_count
380.642: GenCollectForAllocation          [      33          0              0    ]      [     0     0     0     0    30    ]  0
2017-11-22T07:12:54.765+0800: 380.672: Total time for which application threads were stopped: 0.0306146 seconds, Stopping threads took: 0.0000327 seconds
2017-11-22T07:12:55.297+0800: 381.204: [GC (Allocation Failure) 2017-11-22T07:12:55.297+0800: 381.204: [ParNew: 142922K->5008K(154880K), 0.0105715 secs] 4680923K->4543009K(6289088K), 0.0106617 secs] [Times: user=0.07 sys=0.00, real=0.01 secs]
         vmop                    [threads: total initially_running wait_to_block]    [time: spin block sync cleanup vmop] page_trap_count
381.203: GenCollectForAllocation          [      33          0              0    ]      [     0     0     0     0    10    ]  0
2017-11-22T07:12:55.307+0800: 381.214: Total time for which application threads were stopped: 0.0110172 seconds, Stopping threads took: 0.0000717 seconds
2017-11-22T07:12:55.828+0800: 381.735: [GC (Allocation Failure) 2017-11-22T07:12:55.828+0800: 381.735: [ParNew: 142736K->5102K(154880K), 0.0085138 secs] 4680737K->4543135K(6289088K), 0.0085897 secs] [Times: user=0.07 sys=0.00, real=0.01 secs]
         vmop                    [threads: total initially_running wait_to_block]    [time: spin block sync cleanup vmop] page_trap_count
381.735: GenCollectForAllocation          [      33          0              0    ]      [     0     0     0     0     8    ]  0
2017-11-22T07:12:55.837+0800: 381.744: Total time for which application threads were stopped: 0.0089312 seconds, Stopping threads took: 0.0000940 seconds
2017-11-22T07:12:56.380+0800: 382.287: [GC (Allocation Failure) 2017-11-22T07:12:56.380+0800: 382.287: [ParNew: 142808K->5101K(154880K), 0.0126875 secs] 4680840K->4543134K(6289088K), 0.0127746 secs] [Times: user=0.09 sys=0.00, real=0.01 secs]
         vmop                    [threads: total initially_running wait_to_block]    [time: spin block sync cleanup vmop] page_trap_count
382.286: GenCollectForAllocation          [      33          0              0    ]      [     0     0     0     0    12    ]  0
2017-11-22T07:12:56.393+0800: 382.300: Total time for which application threads were stopped: 0.0131152 seconds, Stopping threads took: 0.0000542 seconds
2017-11-22T07:12:57.011+0800: 382.918: [GC (Allocation Failure) 2017-11-22T07:12:57.011+0800: 382.918: [ParNew: 142829K->4466K(154880K), 0.0268672 secs] 4680862K->4542499K(6289088K), 0.0269624 secs] [Times: user=0.12 sys=0.00, real=0.03 secs]
         vmop                    [threads: total initially_running wait_to_block]    [time: spin block sync cleanup vmop] page_trap_count
382.917: GenCollectForAllocation          [      33          0              0    ]      [     0     0     0     0    27    ]  0
2017-11-22T07:12:57.038+0800: 382.945: Total time for which application threads were stopped: 0.0273052 seconds, Stopping threads took: 0.0000542 seconds
2017-11-22T07:12:57.418+0800: 383.325: [GC (Allocation Failure) 2017-11-22T07:12:57.418+0800: 383.325: [ParNew: 142194K->5231K(154880K), 0.0094627 secs] 4680227K->4543263K(6289088K), 0.0095477 secs] [Times: user=0.06 sys=0.00, real=0.01 secs]
         vmop                    [threads: total initially_running wait_to_block]    [time: spin block sync cleanup vmop] page_trap_count
383.325: GenCollectForAllocation          [      33          0              0    ]      [     0     0     0     0     9    ]  0
2017-11-22T07:12:57.428+0800: 383.334: Total time for which application threads were stopped: 0.0098761 seconds, Stopping threads took: 0.0000495 seconds
2017-11-22T07:12:57.977+0800: 383.884: [GC (Allocation Failure) 2017-11-22T07:12:57.977+0800: 383.884: [ParNew: 142959K->5231K(154880K), 0.0241007 secs] 4680991K->4543264K(6289088K), 0.0241859 secs] [Times: user=0.12 sys=0.00, real=0.03 secs]
         vmop                    [threads: total initially_running wait_to_block]    [time: spin block sync cleanup vmop] page_trap_count
383.884: GenCollectForAllocation          [      33          0              0    ]      [     0     0     0     0    24    ]  0
2017-11-22T07:12:58.001+0800: 383.908: Total time for which application threads were stopped: 0.0245007 seconds, Stopping threads took: 0.0000486 seconds
2017-11-22T07:12:58.517+0800: 384.424: [GC (Allocation Failure) 2017-11-22T07:12:58.517+0800: 384.424: [ParNew: 142959K->4913K(154880K), 0.0123271 secs] 4680992K->4542946K(6289088K), 0.0124093 secs] [Times: user=0.08 sys=0.00, real=0.01 secs]
         vmop                    [threads: total initially_running wait_to_block]    [time: spin block sync cleanup vmop] page_trap_count
384.424: GenCollectForAllocation          [      33          1              1    ]      [     0     0     0     0    12    ]  0
2017-11-22T07:12:58.530+0800: 384.437: Total time for which application threads were stopped: 0.0127425 seconds, Stopping threads took: 0.0000680 seconds
2017-11-22T07:12:59.069+0800: 384.976: [GC (Allocation Failure) 2017-11-22T07:12:59.069+0800: 384.976: [ParNew: 142641K->5038K(154880K), 0.0353541 secs] 4680674K->4543071K(6289088K), 0.0354595 secs] [Times: user=0.15 sys=0.00, real=0.04 secs]
         vmop                    [threads: total initially_running wait_to_block]    [time: spin block sync cleanup vmop] page_trap_count
384.976: GenCollectForAllocation          [      33          0              0    ]      [     0     0     0     0    35    ]  0
2017-11-22T07:12:59.105+0800: 385.012: Total time for which application threads were stopped: 0.0357391 seconds, Stopping threads took: 0.0000488 seconds
2017-11-22T07:12:59.576+0800: 385.483: [GC (Allocation Failure) 2017-11-22T07:12:59.576+0800: 385.483: [ParNew: 142766K->5097K(154880K), 0.0218813 secs] 4680799K->4543131K(6289088K), 0.0219559 secs] [Times: user=0.07 sys=0.00, real=0.02 secs]
         vmop                    [threads: total initially_running wait_to_block]    [time: spin block sync cleanup vmop] page_trap_count
385.483: GenCollectForAllocation          [      33          0              1    ]      [     0     0     0     0    22    ]  0
2017-11-22T07:12:59.598+0800: 385.505: Total time for which application threads were stopped: 0.0223057 seconds, Stopping threads took: 0.0000614 seconds
2017-11-22T07:13:00.105+0800: 386.012: [GC (Allocation Failure) 2017-11-22T07:13:00.105+0800: 386.012: [ParNew: 142825K->5231K(154880K), 0.0131347 secs] 4680859K->4543265K(6289088K), 0.0132533 secs] [Times: user=0.08 sys=0.00, real=0.01 secs]
         vmop                    [threads: total initially_running wait_to_block]    [time: spin block sync cleanup vmop] page_trap_count
386.012: GenCollectForAllocation          [      33          0              0    ]      [     0     0     0     0    13    ]  0
2017-11-22T07:13:00.118+0800: 386.025: Total time for which application threads were stopped: 0.0136049 seconds, Stopping threads took: 0.0000480 seconds
2017-11-22T07:13:00.680+0800: 386.587: [GC (Allocation Failure) 2017-11-22T07:13:00.680+0800: 386.587: [ParNew: 142959K->5103K(154880K), 0.0265784 secs] 4680993K->4543137K(6289088K), 0.0266853 secs] [Times: user=0.09 sys=0.00, real=0.03 secs]
         vmop                    [threads: total initially_running wait_to_block]    [time: spin block sync cleanup vmop] page_trap_count
386.587: GenCollectForAllocation          [      33          0              0    ]      [     0     0     0     0    26    ]  0
2017-11-22T07:13:00.707+0800: 386.614: Total time for which application threads were stopped: 0.0270416 seconds, Stopping threads took: 0.0000539 seconds
2017-11-22T07:13:01.210+0800: 387.117: [GC (Allocation Failure) 2017-11-22T07:13:01.210+0800: 387.117: [ParNew: 142831K->5105K(154880K), 0.0069655 secs] 4680865K->4543139K(6289088K), 0.0070577 secs] [Times: user=0.05 sys=0.01, real=0.01 secs]
         vmop                    [threads: total initially_running wait_to_block]    [time: spin block sync cleanup vmop] page_trap_count
387.116: GenCollectForAllocation          [      33          0              0    ]      [     0     0     0     0     7    ]  0
2017-11-22T07:13:01.217+0800: 387.124: Total time for which application threads were stopped: 0.0073754 seconds, Stopping threads took: 0.0000483 seconds
2017-11-22T07:13:01.749+0800: 387.656: [GC (Allocation Failure) 2017-11-22T07:13:01.749+0800: 387.656: [ParNew: 142833K->5231K(154880K), 0.0078480 secs] 4680867K->4543265K(6289088K), 0.0079369 secs] [Times: user=0.06 sys=0.00, real=0.01 secs]
         vmop                    [threads: total initially_running wait_to_block]    [time: spin block sync cleanup vmop] page_trap_count
387.656: GenCollectForAllocation          [      33          0              0    ]      [     0     0     0     0     8    ]  0
2017-11-22T07:13:01.757+0800: 387.664: Total time for which application threads were stopped: 0.0082839 seconds, Stopping threads took: 0.0000600 seconds
2017-11-22T07:13:02.326+0800: 388.233: [GC (Allocation Failure) 2017-11-22T07:13:02.326+0800: 388.233: [ParNew: 142959K->5102K(154880K), 0.0093811 secs] 4680993K->4543136K(6289088K), 0.0094558 secs] [Times: user=0.06 sys=0.00, real=0.01 secs]
         vmop                    [threads: total initially_running wait_to_block]    [time: spin block sync cleanup vmop] page_trap_count
388.233: GenCollectForAllocation          [      32          0              0    ]      [     0     0     0     0     9    ]  0
2017-11-22T07:13:02.336+0800: 388.243: Total time for which application threads were stopped: 0.0097427 seconds, Stopping threads took: 0.0000497 seconds
2017-11-22T07:13:02.857+0800: 388.764: [GC (Allocation Failure) 2017-11-22T07:13:02.857+0800: 388.764: [ParNew: 142830K->5233K(154880K), 0.0066197 secs] 4680864K->4543267K(6289088K), 0.0066995 secs] [Times: user=0.05 sys=0.00, real=0.01 secs]
         vmop                    [threads: total initially_running wait_to_block]    [time: spin block sync cleanup vmop] page_trap_count
388.764: GenCollectForAllocation          [      32          0              0    ]      [     0     0     0     0     6    ]  0
2017-11-22T07:13:02.864+0800: 388.771: Total time for which application threads were stopped: 0.0070618 seconds, Stopping threads took: 0.0000975 seconds
2017-11-22T07:13:03.443+0800: 389.350: [GC (Allocation Failure) 2017-11-22T07:13:03.443+0800: 389.350: [ParNew: 142961K->5102K(154880K), 0.0068991 secs] 4680995K->4543136K(6289088K), 0.0069862 secs] [Times: user=0.05 sys=0.00, real=0.00 secs]
         vmop                    [threads: total initially_running wait_to_block]    [time: spin block sync cleanup vmop] page_trap_count
389.349: GenCollectForAllocation          [      32          0              0    ]      [     0     0     0     0     7    ]  0
2017-11-22T07:13:03.450+0800: 389.357: Total time for which application threads were stopped: 0.0072879 seconds, Stopping threads took: 0.0000538 seconds
2017-11-22T07:13:04.016+0800: 389.923: [GC (Allocation Failure) 2017-11-22T07:13:04.016+0800: 389.923: [ParNew: 142830K->5106K(154880K), 0.0092009 secs] 4680864K->4543140K(6289088K), 0.0092793 secs] [Times: user=0.06 sys=0.00, real=0.01 secs]
         vmop                    [threads: total initially_running wait_to_block]    [time: spin block sync cleanup vmop] page_trap_count
389.923: GenCollectForAllocation          [      32          0              0    ]      [     0     0     0     0     9    ]  0
2017-11-22T07:13:04.025+0800: 389.932: Total time for which application threads were stopped: 0.0096254 seconds, Stopping threads took: 0.0000628 seconds
2017-11-22T07:13:04.547+0800: 390.454: [GC (Allocation Failure) 2017-11-22T07:13:04.547+0800: 390.454: [ParNew: 142834K->5163K(154880K), 0.0342803 secs] 4680868K->4543197K(6289088K), 0.0343670 secs] [Times: user=0.12 sys=0.00, real=0.04 secs]
         vmop                    [threads: total initially_running wait_to_block]    [time: spin block sync cleanup vmop] page_trap_count
390.454: GenCollectForAllocation          [      32          0              0    ]      [     0     0     0     0    34    ]  0
2017-11-22T07:13:04.582+0800: 390.489: Total time for which application threads were stopped: 0.0346603 seconds, Stopping threads took: 0.0000486 seconds
         vmop                    [threads: total initially_running wait_to_block]    [time: spin block sync cleanup vmop] page_trap_count
390.752: RevokeBias                       [      33          0              0    ]      [     0     0     0     0     0    ]  0
2017-11-22T07:13:04.846+0800: 390.752: Total time for which application threads were stopped: 0.0002233 seconds, Stopping threads took: 0.0000552 seconds
         vmop                    [threads: total initially_running wait_to_block]    [time: spin block sync cleanup vmop] page_trap_count
390.753: RevokeBias                       [      33          0              0    ]      [     0     0     0     0     0    ]  0
2017-11-22T07:13:04.846+0800: 390.753: Total time for which application threads were stopped: 0.0001415 seconds, Stopping threads took: 0.0000341 seconds
         vmop                    [threads: total initially_running wait_to_block]    [time: spin block sync cleanup vmop] page_trap_count
390.753: RevokeBias                       [      33          0              0    ]      [     0     0     0     0     0    ]  0
2017-11-22T07:13:04.846+0800: 390.753: Total time for which application threads were stopped: 0.0001339 seconds, Stopping threads took: 0.0000282 seconds
         vmop                    [threads: total initially_running wait_to_block]    [time: spin block sync cleanup vmop] page_trap_count
390.753: RevokeBias                       [      33          0              0    ]      [     0     0     0     0     0    ]  0
2017-11-22T07:13:04.846+0800: 390.753: Total time for which application threads were stopped: 0.0002039 seconds, Stopping threads took: 0.0001248 seconds
         vmop                    [threads: total initially_running wait_to_block]    [time: spin block sync cleanup vmop] page_trap_count
390.753: RevokeBias                       [      33          0              0    ]      [     0     0     0     0     0    ]  0
2017-11-22T07:13:04.846+0800: 390.753: Total time for which application threads were stopped: 0.0000981 seconds, Stopping threads took: 0.0000217 seconds
2017-11-22T07:13:05.120+0800: 391.027: [GC (Allocation Failure) 2017-11-22T07:13:05.120+0800: 391.027: [ParNew: 142891K->5379K(154880K), 0.0096774 secs] 4680925K->4543413K(6289088K), 0.0097567 secs] [Times: user=0.07 sys=0.00, real=0.01 secs]
         vmop                    [threads: total initially_running wait_to_block]    [time: spin block sync cleanup vmop] page_trap_count
391.026: GenCollectForAllocation          [      33          0              0    ]      [     0     0     0     0     9    ]  0
2017-11-22T07:13:05.129+0800: 391.036: Total time for which application threads were stopped: 0.0101400 seconds, Stopping threads took: 0.0000625 seconds
2017-11-22T07:13:05.627+0800: 391.534: [GC (Allocation Failure) 2017-11-22T07:13:05.627+0800: 391.534: [ParNew: 143107K->5190K(154880K), 0.0084656 secs] 4681141K->4543224K(6289088K), 0.0085552 secs] [Times: user=0.06 sys=0.00, real=0.01 secs]
         vmop                    [threads: total initially_running wait_to_block]    [time: spin block sync cleanup vmop] page_trap_count
391.533: GenCollectForAllocation          [      33          0              0    ]      [     0     0     0     0     8    ]  0
2017-11-22T07:13:05.635+0800: 391.542: Total time for which application threads were stopped: 0.0088970 seconds, Stopping threads took: 0.0000528 seconds
2017-11-22T07:13:06.125+0800: 392.032: [GC (Allocation Failure) 2017-11-22T07:13:06.125+0800: 392.032: [ParNew: 142918K->5315K(154880K), 0.0091128 secs] 4680952K->4543349K(6289088K), 0.0092382 secs] [Times: user=0.07 sys=0.00, real=0.01 secs]
         vmop                    [threads: total initially_running wait_to_block]    [time: spin block sync cleanup vmop] page_trap_count
392.032: GenCollectForAllocation          [      33          0              0    ]      [     0     0     0     0     9    ]  0
2017-11-22T07:13:06.134+0800: 392.041: Total time for which application threads were stopped: 0.0095721 seconds, Stopping threads took: 0.0000517 seconds
2017-11-22T07:13:06.650+0800: 392.557: [GC (Allocation Failure) 2017-11-22T07:13:06.650+0800: 392.557: [ParNew: 143043K->5188K(154880K), 0.0075709 secs] 4681077K->4543222K(6289088K), 0.0076612 secs] [Times: user=0.05 sys=0.01, real=0.01 secs]
         vmop                    [threads: total initially_running wait_to_block]    [time: spin block sync cleanup vmop] page_trap_count
392.557: GenCollectForAllocation          [      33          0              0    ]      [     0     0     0     0     7    ]  0
2017-11-22T07:13:06.658+0800: 392.565: Total time for which application threads were stopped: 0.0079791 seconds, Stopping threads took: 0.0000570 seconds
2017-11-22T07:13:07.141+0800: 393.048: [GC (Allocation Failure) 2017-11-22T07:13:07.141+0800: 393.048: [ParNew: 142916K->5381K(154880K), 0.0087392 secs] 4680950K->4543416K(6289088K), 0.0088311 secs] [Times: user=0.07 sys=0.00, real=0.00 secs]
         vmop                    [threads: total initially_running wait_to_block]    [time: spin block sync cleanup vmop] page_trap_count
393.048: GenCollectForAllocation          [      33          0              0    ]      [     0     0     0     0     8    ]  0
2017-11-22T07:13:07.150+0800: 393.057: Total time for which application threads were stopped: 0.0091255 seconds, Stopping threads took: 0.0000504 seconds
2017-11-22T07:13:07.666+0800: 393.573: [GC (Allocation Failure) 2017-11-22T07:13:07.666+0800: 393.573: [ParNew: 143109K->5122K(154880K), 0.0075938 secs] 4681144K->4543157K(6289088K), 0.0076831 secs] [Times: user=0.05 sys=0.00, real=0.01 secs]
         vmop                    [threads: total initially_running wait_to_block]    [time: spin block sync cleanup vmop] page_trap_count
393.573: GenCollectForAllocation          [      33          0              0    ]      [     0     0     0     0     7    ]  0
2017-11-22T07:13:07.674+0800: 393.581: Total time for which application threads were stopped: 0.0080124 seconds, Stopping threads took: 0.0000559 seconds
2017-11-22T07:13:08.220+0800: 394.127: [GC (Allocation Failure) 2017-11-22T07:13:08.220+0800: 394.127: [ParNew: 142850K->4847K(154880K), 0.0091052 secs] 4680885K->4542970K(6289088K), 0.0091697 secs] [Times: user=0.06 sys=0.00, real=0.01 secs]
         vmop                    [threads: total initially_running wait_to_block]    [time: spin block sync cleanup vmop] page_trap_count
394.127: GenCollectForAllocation          [      33          0              0    ]      [     0     0     0     0     9    ]  0
2017-11-22T07:13:08.229+0800: 394.136: Total time for which application threads were stopped: 0.0094306 seconds, Stopping threads took: 0.0000452 seconds
2017-11-22T07:13:08.677+0800: 394.584: [GC (Allocation Failure) 2017-11-22T07:13:08.677+0800: 394.584: [ParNew: 142575K->4972K(154880K), 0.0091139 secs] 4680698K->4543095K(6289088K), 0.0091954 secs] [Times: user=0.06 sys=0.00, real=0.01 secs]
         vmop                    [threads: total initially_running wait_to_block]    [time: spin block sync cleanup vmop] page_trap_count
394.584: GenCollectForAllocation          [      33          0              0    ]      [     0     0     0     0     9    ]  0
2017-11-22T07:13:08.687+0800: 394.594: Total time for which application threads were stopped: 0.0095045 seconds, Stopping threads took: 0.0000638 seconds
2017-11-22T07:13:09.164+0800: 395.071: [GC (Allocation Failure) 2017-11-22T07:13:09.164+0800: 395.071: [ParNew: 142700K->5167K(154880K), 0.0114819 secs] 4680823K->4543289K(6289088K), 0.0115732 secs] [Times: user=0.07 sys=0.00, real=0.01 secs]
         vmop                    [threads: total initially_running wait_to_block]    [time: spin block sync cleanup vmop] page_trap_count
395.071: GenCollectForAllocation          [      33          0              0    ]      [     0     0     0     0    11    ]  0
2017-11-22T07:13:09.176+0800: 395.083: Total time for which application threads were stopped: 0.0119429 seconds, Stopping threads took: 0.0001381 seconds
2017-11-22T07:13:09.733+0800: 395.640: [GC (Allocation Failure) 2017-11-22T07:13:09.733+0800: 395.640: [ParNew: 142895K->4754K(154880K), 0.0077375 secs] 4681017K->4542877K(6289088K), 0.0078261 secs] [Times: user=0.06 sys=0.00, real=0.01 secs]
         vmop                    [threads: total initially_running wait_to_block]    [time: spin block sync cleanup vmop] page_trap_count
395.640: GenCollectForAllocation          [      33          0              0    ]      [     0     0     0     0     7    ]  0
2017-11-22T07:13:09.741+0800: 395.648: Total time for which application threads were stopped: 0.0081404 seconds, Stopping threads took: 0.0000522 seconds
2017-11-22T07:13:10.220+0800: 396.127: [GC (Allocation Failure) 2017-11-22T07:13:10.220+0800: 396.127: [ParNew: 142482K->4943K(154880K), 0.0066409 secs] 4680605K->4543065K(6289088K), 0.0067242 secs] [Times: user=0.05 sys=0.00, real=0.01 secs]
         vmop                    [threads: total initially_running wait_to_block]    [time: spin block sync cleanup vmop] page_trap_count
396.127: GenCollectForAllocation          [      33          0              0    ]      [     0     0     0     0     6    ]  0
2017-11-22T07:13:10.227+0800: 396.134: Total time for which application threads were stopped: 0.0070487 seconds, Stopping threads took: 0.0000585 seconds
         vmop                    [threads: total initially_running wait_to_block]    [time: spin block sync cleanup vmop] page_trap_count
396.172: RevokeBias                       [      33          0              0    ]      [     0     0     0     0     0    ]  0
2017-11-22T07:13:10.265+0800: 396.172: Total time for which application threads were stopped: 0.0002946 seconds, Stopping threads took: 0.0001247 seconds
2017-11-22T07:13:10.432+0800: 396.339: [GC (Allocation Failure) 2017-11-22T07:13:10.432+0800: 396.339: [ParNew: 142671K->3331K(154880K), 0.0064308 secs] 4680793K->4541453K(6289088K), 0.0065125 secs] [Times: user=0.05 sys=0.00, real=0.01 secs]
         vmop                    [threads: total initially_running wait_to_block]    [time: spin block sync cleanup vmop] page_trap_count
396.339: GenCollectForAllocation          [      33          0              0    ]      [     0     0     0     0     6    ]  0
2017-11-22T07:13:10.438+0800: 396.345: Total time for which application threads were stopped: 0.0068161 seconds, Stopping threads took: 0.0000591 seconds
2017-11-22T07:13:10.523+0800: 396.430: [GC (Allocation Failure) 2017-11-22T07:13:10.523+0800: 396.430: [ParNew: 141059K->4731K(154880K), 0.0067598 secs] 4679181K->4542853K(6289088K), 0.0068405 secs] [Times: user=0.05 sys=0.00, real=0.00 secs]
         vmop                    [threads: total initially_running wait_to_block]    [time: spin block sync cleanup vmop] page_trap_count
396.429: GenCollectForAllocation          [      33          0              0    ]      [     0     0     0     0     6    ]  0
2017-11-22T07:13:10.530+0800: 396.437: Total time for which application threads were stopped: 0.0071487 seconds, Stopping threads took: 0.0000552 seconds
2017-11-22T07:13:10.651+0800: 396.558: [GC (Allocation Failure) 2017-11-22T07:13:10.651+0800: 396.558: [ParNew: 142459K->4727K(154880K), 0.0124767 secs] 4680581K->4542849K(6289088K), 0.0125776 secs] [Times: user=0.06 sys=0.00, real=0.02 secs]
         vmop                    [threads: total initially_running wait_to_block]    [time: spin block sync cleanup vmop] page_trap_count
396.558: GenCollectForAllocation          [      33          0              0    ]      [     0     0     0     0    12    ]  0
2017-11-22T07:13:10.664+0800: 396.571: Total time for which application threads were stopped: 0.0129237 seconds, Stopping threads took: 0.0000594 seconds
2017-11-22T07:13:10.800+0800: 396.707: [GC (Allocation Failure) 2017-11-22T07:13:10.800+0800: 396.707: [ParNew: 142455K->4856K(154880K), 0.0110939 secs] 4680577K->4542978K(6289088K), 0.0111566 secs] [Times: user=0.06 sys=0.00, real=0.01 secs]
         vmop                    [threads: total initially_running wait_to_block]    [time: spin block sync cleanup vmop] page_trap_count
396.706: GenCollectForAllocation          [      33          0              0    ]      [     0     0     0     0    11    ]  0
2017-11-22T07:13:10.811+0800: 396.718: Total time for which application threads were stopped: 0.0114746 seconds, Stopping threads took: 0.0000508 seconds
2017-11-22T07:13:10.950+0800: 396.857: [GC (Allocation Failure) 2017-11-22T07:13:10.950+0800: 396.857: [ParNew: 142584K->5112K(154880K), 0.0120132 secs] 4680706K->4543235K(6289088K), 0.0121220 secs] [Times: user=0.08 sys=0.00, real=0.02 secs]
         vmop                    [threads: total initially_running wait_to_block]    [time: spin block sync cleanup vmop] page_trap_count
396.857: GenCollectForAllocation          [      33          0              0    ]      [     0     0     0     0    12    ]  0
2017-11-22T07:13:10.962+0800: 396.869: Total time for which application threads were stopped: 0.0125036 seconds, Stopping threads took: 0.0000607 seconds
2017-11-22T07:13:11.090+0800: 396.997: [GC (Allocation Failure) 2017-11-22T07:13:11.090+0800: 396.997: [ParNew: 142840K->4726K(154880K), 0.0227057 secs] 4680963K->4542848K(6289088K), 0.0228006 secs] [Times: user=0.07 sys=0.00, real=0.02 secs]
         vmop                    [threads: total initially_running wait_to_block]    [time: spin block sync cleanup vmop] page_trap_count
396.997: GenCollectForAllocation          [      33          0              0    ]      [     0     0     0     0    22    ]  0
2017-11-22T07:13:11.113+0800: 397.020: Total time for which application threads were stopped: 0.0230890 seconds, Stopping threads took: 0.0000495 seconds
2017-11-22T07:13:11.356+0800: 397.263: [GC (Allocation Failure) 2017-11-22T07:13:11.357+0800: 397.263: [ParNew: 142454K->1217K(154880K), 0.0092944 secs] 4680576K->4539348K(6289088K), 0.0093819 secs] [Times: user=0.06 sys=0.01, real=0.01 secs]
         vmop                    [threads: total initially_running wait_to_block]    [time: spin block sync cleanup vmop] page_trap_count
397.263: GenCollectForAllocation          [      33          0              0    ]      [     0     0     0     0     9    ]  0
2017-11-22T07:13:11.366+0800: 397.273: Total time for which application threads were stopped: 0.0097297 seconds, Stopping threads took: 0.0000580 seconds
2017-11-22T07:13:11.440+0800: 397.347: [GC (Allocation Failure) 2017-11-22T07:13:11.440+0800: 397.347: [ParNew: 138945K->2810K(154880K), 0.0078713 secs] 4677076K->4540941K(6289088K), 0.0079518 secs] [Times: user=0.06 sys=0.00, real=0.01 secs]
         vmop                    [threads: total initially_running wait_to_block]    [time: spin block sync cleanup vmop] page_trap_count
397.347: GenCollectForAllocation          [      33          0              0    ]      [     0     0     0     0     8    ]  0
2017-11-22T07:13:11.448+0800: 397.355: Total time for which application threads were stopped: 0.0082683 seconds, Stopping threads took: 0.0000618 seconds
2017-11-22T07:13:11.518+0800: 397.425: [GC (Allocation Failure) 2017-11-22T07:13:11.518+0800: 397.425: [ParNew: 140538K->4271K(154880K), 0.0077071 secs] 4678669K->4542403K(6289088K), 0.0078079 secs] [Times: user=0.05 sys=0.00, real=0.01 secs]
         vmop                    [threads: total initially_running wait_to_block]    [time: spin block sync cleanup vmop] page_trap_count
397.425: GenCollectForAllocation          [      33          0              0    ]      [     0     0     0     0     7    ]  0
2017-11-22T07:13:11.526+0800: 397.433: Total time for which application threads were stopped: 0.0081524 seconds, Stopping threads took: 0.0000585 seconds
2017-11-22T07:13:11.623+0800: 397.530: [GC (Allocation Failure) 2017-11-22T07:13:11.624+0800: 397.530: [ParNew: 141990K->4848K(154880K), 0.0089047 secs] 4680122K->4542979K(6289088K), 0.0089882 secs] [Times: user=0.07 sys=0.00, real=0.00 secs]
         vmop                    [threads: total initially_running wait_to_block]    [time: spin block sync cleanup vmop] page_trap_count
397.530: GenCollectForAllocation          [      33          0              0    ]      [     0     0     0     0     9    ]  0
2017-11-22T07:13:11.633+0800: 397.540: Total time for which application threads were stopped: 0.0093489 seconds, Stopping threads took: 0.0000672 seconds
2017-11-22T07:13:11.755+0800: 397.662: [GC (Allocation Failure) 2017-11-22T07:13:11.755+0800: 397.662: [ParNew: 142576K->4972K(154880K), 0.0078773 secs] 4680707K->4543104K(6289088K), 0.0079747 secs] [Times: user=0.06 sys=0.00, real=0.01 secs]
         vmop                    [threads: total initially_running wait_to_block]    [time: spin block sync cleanup vmop] page_trap_count
397.662: GenCollectForAllocation          [      33          0              0    ]      [     0     0     0     0     8    ]  0
2017-11-22T07:13:11.763+0800: 397.670: Total time for which application threads were stopped: 0.0083001 seconds, Stopping threads took: 0.0000550 seconds
2017-11-22T07:13:11.889+0800: 397.796: [GC (Allocation Failure) 2017-11-22T07:13:11.889+0800: 397.796: [ParNew: 142700K->4657K(154880K), 0.0094750 secs] 4680832K->4542788K(6289088K), 0.0095621 secs] [Times: user=0.06 sys=0.00, real=0.01 secs]
         vmop                    [threads: total initially_running wait_to_block]    [time: spin block sync cleanup vmop] page_trap_count
397.795: GenCollectForAllocation          [      33          0              0    ]      [     0     0     0     0     9    ]  0
2017-11-22T07:13:11.898+0800: 397.805: Total time for which application threads were stopped: 0.0098695 seconds, Stopping threads took: 0.0000542 seconds
2017-11-22T07:13:12.022+0800: 397.929: [GC (Allocation Failure) 2017-11-22T07:13:12.023+0800: 397.929: [ParNew: 142385K->5097K(154880K), 0.0122693 secs] 4680516K->4543229K(6289088K), 0.0123580 secs] [Times: user=0.06 sys=0.00, real=0.01 secs]
         vmop                    [threads: total initially_running wait_to_block]    [time: spin block sync cleanup vmop] page_trap_count
397.929: GenCollectForAllocation          [      33          0              0    ]      [     0     0     0     0    12    ]  0
2017-11-22T07:13:12.035+0800: 397.942: Total time for which application threads were stopped: 0.0126964 seconds, Stopping threads took: 0.0000623 seconds
2017-11-22T07:13:12.150+0800: 398.057: [GC (Allocation Failure) 2017-11-22T07:13:12.150+0800: 398.057: [ParNew: 142825K->5229K(154880K), 0.0084806 secs] 4680957K->4543360K(6289088K), 0.0085547 secs] [Times: user=0.07 sys=0.00, real=0.01 secs]
         vmop                    [threads: total initially_running wait_to_block]    [time: spin block sync cleanup vmop] page_trap_count
398.057: GenCollectForAllocation          [      33          0              0    ]      [     0     0     0     0     8    ]  0
2017-11-22T07:13:12.159+0800: 398.066: Total time for which application threads were stopped: 0.0088552 seconds, Stopping threads took: 0.0000597 seconds
2017-11-22T07:13:12.292+0800: 398.199: [GC (Allocation Failure) 2017-11-22T07:13:12.292+0800: 398.199: [ParNew: 142957K->4843K(154880K), 0.0331712 secs] 4681088K->4542975K(6289088K), 0.0332634 secs] [Times: user=0.13 sys=0.00, real=0.04 secs]
         vmop                    [threads: total initially_running wait_to_block]    [time: spin block sync cleanup vmop] page_trap_count
398.199: GenCollectForAllocation          [      33          0              0    ]      [     0     0     0     0    33    ]  0
2017-11-22T07:13:12.325+0800: 398.232: Total time for which application threads were stopped: 0.0336117 seconds, Stopping threads took: 0.0000523 seconds
2017-11-22T07:13:12.427+0800: 398.334: [GC (Allocation Failure) 2017-11-22T07:13:12.428+0800: 398.334: [ParNew: 142571K->4974K(154880K), 0.0097257 secs] 4680703K->4543106K(6289088K), 0.0098050 secs] [Times: user=0.08 sys=0.00, real=0.01 secs]
         vmop                    [threads: total initially_running wait_to_block]    [time: spin block sync cleanup vmop] page_trap_count
398.334: GenCollectForAllocation          [      33          0              0    ]      [     0     0     0     0     9    ]  0
2017-11-22T07:13:12.437+0800: 398.344: Total time for which application threads were stopped: 0.0101186 seconds, Stopping threads took: 0.0000516 seconds
2017-11-22T07:13:12.558+0800: 398.465: [GC (Allocation Failure) 2017-11-22T07:13:12.559+0800: 398.465: [ParNew: 142702K->4973K(154880K), 0.0069189 secs] 4680834K->4543104K(6289088K), 0.0070020 secs] [Times: user=0.05 sys=0.00, real=0.01 secs]
         vmop                    [threads: total initially_running wait_to_block]    [time: spin block sync cleanup vmop] page_trap_count
398.465: GenCollectForAllocation          [      33          0              0    ]      [     0     0     0     0     7    ]  0
2017-11-22T07:13:12.566+0800: 398.473: Total time for which application threads were stopped: 0.0073065 seconds, Stopping threads took: 0.0000541 seconds
2017-11-22T07:13:12.684+0800: 398.591: [GC (Allocation Failure) 2017-11-22T07:13:12.684+0800: 398.591: [ParNew: 142701K->5038K(154880K), 0.0192609 secs] 4680832K->4543170K(6289088K), 0.0193454 secs] [Times: user=0.09 sys=0.00, real=0.02 secs]
         vmop                    [threads: total initially_running wait_to_block]    [time: spin block sync cleanup vmop] page_trap_count
398.590: GenCollectForAllocation          [      33          0              1    ]      [     0     0     0     0    19    ]  0
2017-11-22T07:13:12.703+0800: 398.610: Total time for which application threads were stopped: 0.0196502 seconds, Stopping threads took: 0.0000556 seconds
2017-11-22T07:13:12.829+0800: 398.736: [GC (Allocation Failure) 2017-11-22T07:13:12.829+0800: 398.736: [ParNew: 142766K->5103K(154880K), 0.0138497 secs] 4680898K->4543235K(6289088K), 0.0139615 secs] [Times: user=0.08 sys=0.01, real=0.02 secs]
         vmop                    [threads: total initially_running wait_to_block]    [time: spin block sync cleanup vmop] page_trap_count
398.736: GenCollectForAllocation          [      33          0              0    ]      [     0     0     0     0    14    ]  0
2017-11-22T07:13:12.843+0800: 398.750: Total time for which application threads were stopped: 0.0143458 seconds, Stopping threads took: 0.0000596 seconds
2017-11-22T07:13:12.973+0800: 398.880: [GC (Allocation Failure) 2017-11-22T07:13:12.973+0800: 398.880: [ParNew: 142831K->5165K(154880K), 0.0092981 secs] 4680963K->4543297K(6289088K), 0.0093816 secs] [Times: user=0.06 sys=0.00, real=0.01 secs]
         vmop                    [threads: total initially_running wait_to_block]    [time: spin block sync cleanup vmop] page_trap_count
398.879: GenCollectForAllocation          [      33          0              0    ]      [     0     0     0     0     9    ]  0
2017-11-22T07:13:12.983+0800: 398.890: Total time for which application threads were stopped: 0.0105995 seconds, Stopping threads took: 0.0009670 seconds
2017-11-22T07:13:13.134+0800: 399.041: [GC (Allocation Failure) 2017-11-22T07:13:13.134+0800: 399.041: [ParNew: 142893K->5165K(154880K), 0.0167612 secs] 4681025K->4543297K(6289088K), 0.0168514 secs] [Times: user=0.06 sys=0.00, real=0.01 secs]
         vmop                    [threads: total initially_running wait_to_block]    [time: spin block sync cleanup vmop] page_trap_count
399.041: GenCollectForAllocation          [      33          0              0    ]      [     0     0     0     0    16    ]  0
2017-11-22T07:13:13.151+0800: 399.058: Total time for which application threads were stopped: 0.0171419 seconds, Stopping threads took: 0.0000645 seconds
2017-11-22T07:13:13.311+0800: 399.218: [GC (Allocation Failure) 2017-11-22T07:13:13.311+0800: 399.218: [ParNew: 142893K->5100K(154880K), 0.0086578 secs] 4681025K->4543231K(6289088K), 0.0087639 secs] [Times: user=0.07 sys=0.00, real=0.01 secs]
         vmop                    [threads: total initially_running wait_to_block]    [time: spin block sync cleanup vmop] page_trap_count
399.217: GenCollectForAllocation          [      33          1              1    ]      [     0     0     0     0     8    ]  1
2017-11-22T07:13:13.320+0800: 399.227: Total time for which application threads were stopped: 0.0091325 seconds, Stopping threads took: 0.0001021 seconds
2017-11-22T07:13:13.467+0800: 399.374: [GC (Allocation Failure) 2017-11-22T07:13:13.467+0800: 399.374: [ParNew: 142828K->5038K(154880K), 0.0070757 secs] 4680959K->4543170K(6289088K), 0.0071570 secs] [Times: user=0.06 sys=0.00, real=0.01 secs]
         vmop                    [threads: total initially_running wait_to_block]    [time: spin block sync cleanup vmop] page_trap_count
399.374: GenCollectForAllocation          [      33          1              1    ]      [     0     0     0     0     7    ]  0
2017-11-22T07:13:13.474+0800: 399.381: Total time for which application threads were stopped: 0.0075038 seconds, Stopping threads took: 0.0000680 seconds
2017-11-22T07:13:13.629+0800: 399.536: [GC (Allocation Failure) 2017-11-22T07:13:13.629+0800: 399.536: [ParNew: 142766K->4913K(154880K), 0.0348225 secs] 4680898K->4543044K(6289088K), 0.0349093 secs] [Times: user=0.15 sys=0.00, real=0.04 secs]
         vmop                    [threads: total initially_running wait_to_block]    [time: spin block sync cleanup vmop] page_trap_count
399.536: GenCollectForAllocation          [      33          0              0    ]      [     0     0     0     0    35    ]  0
2017-11-22T07:13:13.664+0800: 399.571: Total time for which application threads were stopped: 0.0352672 seconds, Stopping threads took: 0.0000545 seconds
2017-11-22T07:13:13.799+0800: 399.705: [GC (Allocation Failure) 2017-11-22T07:13:13.799+0800: 399.706: [ParNew: 142641K->4977K(154880K), 0.0144566 secs] 4680772K->4543108K(6289088K), 0.0145423 secs] [Times: user=0.06 sys=0.00, real=0.02 secs]
         vmop                    [threads: total initially_running wait_to_block]    [time: spin block sync cleanup vmop] page_trap_count
399.705: GenCollectForAllocation          [      33          0              0    ]      [     0     0     0     0    14    ]  0
2017-11-22T07:13:13.813+0800: 399.720: Total time for which application threads were stopped: 0.0148640 seconds, Stopping threads took: 0.0000468 seconds
2017-11-22T07:13:13.951+0800: 399.858: [GC (Allocation Failure) 2017-11-22T07:13:13.951+0800: 399.858: [ParNew: 142705K->5040K(154880K), 0.0097521 secs] 4680836K->4543172K(6289088K), 0.0098396 secs] [Times: user=0.07 sys=0.00, real=0.01 secs]
         vmop                    [threads: total initially_running wait_to_block]    [time: spin block sync cleanup vmop] page_trap_count
399.857: GenCollectForAllocation          [      33          0              0    ]      [     0     0     0     0     9    ]  0
2017-11-22T07:13:13.961+0800: 399.868: Total time for which application threads were stopped: 0.0101528 seconds, Stopping threads took: 0.0000577 seconds
2017-11-22T07:13:14.113+0800: 400.020: [GC (Allocation Failure) 2017-11-22T07:13:14.114+0800: 400.020: [ParNew: 142768K->5102K(154880K), 0.0111086 secs] 4680900K->4543233K(6289088K), 0.0111972 secs] [Times: user=0.06 sys=0.00, real=0.01 secs]
         vmop                    [threads: total initially_running wait_to_block]    [time: spin block sync cleanup vmop] page_trap_count
400.020: GenCollectForAllocation          [      33          0              0    ]      [     0     0     0     0    11    ]  0
2017-11-22T07:13:14.125+0800: 400.032: Total time for which application threads were stopped: 0.0115699 seconds, Stopping threads took: 0.0000516 seconds
2017-11-22T07:13:14.274+0800: 400.181: [GC (Allocation Failure) 2017-11-22T07:13:14.274+0800: 400.181: [ParNew: 142830K->5163K(154880K), 0.0108277 secs] 4680961K->4543295K(6289088K), 0.0109281 secs] [Times: user=0.07 sys=0.00, real=0.01 secs]
         vmop                    [threads: total initially_running wait_to_block]    [time: spin block sync cleanup vmop] page_trap_count
400.181: GenCollectForAllocation          [      33          0              0    ]      [     0     0     0     0    11    ]  0
2017-11-22T07:13:14.285+0800: 400.192: Total time for which application threads were stopped: 0.0112317 seconds, Stopping threads took: 0.0000703 seconds
2017-11-22T07:13:14.438+0800: 400.345: [GC (Allocation Failure) 2017-11-22T07:13:14.438+0800: 400.345: [ParNew: 142891K->5229K(154880K), 0.0098421 secs] 4681023K->4543360K(6289088K), 0.0099448 secs] [Times: user=0.05 sys=0.01, real=0.01 secs]
         vmop                    [threads: total initially_running wait_to_block]    [time: spin block sync cleanup vmop] page_trap_count
400.345: GenCollectForAllocation          [      33          0              0    ]      [     0     0     0     0    10    ]  0
2017-11-22T07:13:14.448+0800: 400.355: Total time for which application threads were stopped: 0.0102839 seconds, Stopping threads took: 0.0000548 seconds
2017-11-22T07:13:14.597+0800: 400.504: [GC (Allocation Failure) 2017-11-22T07:13:14.597+0800: 400.504: [ParNew: 142957K->5227K(154880K), 0.0103744 secs] 4681088K->4543358K(6289088K), 0.0104554 secs] [Times: user=0.05 sys=0.00, real=0.01 secs]
         vmop                    [threads: total initially_running wait_to_block]    [time: spin block sync cleanup vmop] page_trap_count
400.504: GenCollectForAllocation          [      33          0              0    ]      [     0     0     0     0    10    ]  0
2017-11-22T07:13:14.608+0800: 400.515: Total time for which application threads were stopped: 0.0107883 seconds, Stopping threads took: 0.0000613 seconds
2017-11-22T07:13:14.767+0800: 400.674: [GC (Allocation Failure) 2017-11-22T07:13:14.767+0800: 400.674: [ParNew: 142955K->5038K(154880K), 0.0143805 secs] 4681086K->4543170K(6289088K), 0.0144735 secs] [Times: user=0.08 sys=0.01, real=0.02 secs]
         vmop                    [threads: total initially_running wait_to_block]    [time: spin block sync cleanup vmop] page_trap_count
400.673: GenCollectForAllocation          [      33          1              2    ]      [     0     0     0     0    14    ]  1
2017-11-22T07:13:14.781+0800: 400.688: Total time for which application threads were stopped: 0.0149012 seconds, Stopping threads took: 0.0001339 seconds
2017-11-22T07:13:14.927+0800: 400.834: [GC (Allocation Failure) 2017-11-22T07:13:14.927+0800: 400.834: [ParNew: 142766K->5036K(154880K), 0.0108584 secs] 4680898K->4543168K(6289088K), 0.0109499 secs] [Times: user=0.06 sys=0.00, real=0.01 secs]
         vmop                    [threads: total initially_running wait_to_block]    [time: spin block sync cleanup vmop] page_trap_count
400.833: GenCollectForAllocation          [      33          1              1    ]      [     0     0     0     0    11    ]  1
2017-11-22T07:13:14.938+0800: 400.845: Total time for which application threads were stopped: 0.0113359 seconds, Stopping threads took: 0.0001202 seconds
2017-11-22T07:13:15.091+0800: 400.998: [GC (Allocation Failure) 2017-11-22T07:13:15.091+0800: 400.998: [ParNew: 142764K->4883K(154880K), 0.0080088 secs] 4680896K->4543015K(6289088K), 0.0080896 secs] [Times: user=0.06 sys=0.00, real=0.01 secs]
         vmop                    [threads: total initially_running wait_to_block]    [time: spin block sync cleanup vmop] page_trap_count
400.998: GenCollectForAllocation          [      33          0              0    ]      [     0     0     0     0     8    ]  0
2017-11-22T07:13:15.099+0800: 401.006: Total time for which application threads were stopped: 0.0084186 seconds, Stopping threads took: 0.0000623 seconds
2017-11-22T07:13:15.251+0800: 401.158: [GC (Allocation Failure) 2017-11-22T07:13:15.251+0800: 401.158: [ParNew: 142611K->5169K(154880K), 0.0096227 secs] 4680743K->4543301K(6289088K), 0.0097005 secs] [Times: user=0.07 sys=0.00, real=0.01 secs]
         vmop                    [threads: total initially_running wait_to_block]    [time: spin block sync cleanup vmop] page_trap_count
401.158: GenCollectForAllocation          [      32          0              0    ]      [     0     0     0     0     9    ]  0
2017-11-22T07:13:15.261+0800: 401.168: Total time for which application threads were stopped: 0.0099964 seconds, Stopping threads took: 0.0000524 seconds
         vmop                    [threads: total initially_running wait_to_block]    [time: spin block sync cleanup vmop] page_trap_count
401.168: RevokeBias                       [      33          0              0    ]      [     0     0     0     0     0    ]  0
2017-11-22T07:13:15.261+0800: 401.168: Total time for which application threads were stopped: 0.0001757 seconds, Stopping threads took: 0.0000398 seconds
2017-11-22T07:13:15.404+0800: 401.311: [GC (Allocation Failure) 2017-11-22T07:13:15.404+0800: 401.311: [ParNew: 142897K->4987K(154880K), 0.0085925 secs] 4681029K->4543119K(6289088K), 0.0086780 secs] [Times: user=0.06 sys=0.00, real=0.00 secs]
         vmop                    [threads: total initially_running wait_to_block]    [time: spin block sync cleanup vmop] page_trap_count
401.311: GenCollectForAllocation          [      33          0              0    ]      [     0     0     0     0     8    ]  0
2017-11-22T07:13:15.413+0800: 401.320: Total time for which application threads were stopped: 0.0090293 seconds, Stopping threads took: 0.0000791 seconds
2017-11-22T07:13:15.561+0800: 401.468: [GC (Allocation Failure) 2017-11-22T07:13:15.561+0800: 401.468: [ParNew: 142715K->4856K(154880K), 0.0105904 secs] 4680847K->4542988K(6289088K), 0.0106861 secs] [Times: user=0.06 sys=0.00, real=0.00 secs]
         vmop                    [threads: total initially_running wait_to_block]    [time: spin block sync cleanup vmop] page_trap_count
401.468: GenCollectForAllocation          [      33          0              0    ]      [     0     0     0     0    10    ]  0
2017-11-22T07:13:15.572+0800: 401.479: Total time for which application threads were stopped: 0.0111432 seconds, Stopping threads took: 0.0000778 seconds
2017-11-22T07:13:15.724+0800: 401.631: [GC (Allocation Failure) 2017-11-22T07:13:15.724+0800: 401.631: [ParNew: 142584K->4856K(154880K), 0.0106636 secs] 4680716K->4542988K(6289088K), 0.0107614 secs] [Times: user=0.08 sys=0.00, real=0.01 secs]
         vmop                    [threads: total initially_running wait_to_block]    [time: spin block sync cleanup vmop] page_trap_count
401.631: GenCollectForAllocation          [      33          0              0    ]      [     0     0     0     0    10    ]  0
2017-11-22T07:13:15.735+0800: 401.642: Total time for which application threads were stopped: 0.0111269 seconds, Stopping threads took: 0.0000663 seconds
2017-11-22T07:13:15.884+0800: 401.791: [GC (Allocation Failure) 2017-11-22T07:13:15.884+0800: 401.791: [ParNew: 142584K->4856K(154880K), 0.0075672 secs] 4680716K->4542987K(6289088K), 0.0076643 secs] [Times: user=0.06 sys=0.00, real=0.00 secs]
         vmop                    [threads: total initially_running wait_to_block]    [time: spin block sync cleanup vmop] page_trap_count
401.790: GenCollectForAllocation          [      33          0              0    ]      [     0     0     0     0     7    ]  0
2017-11-22T07:13:15.891+0800: 401.798: Total time for which application threads were stopped: 0.0080211 seconds, Stopping threads took: 0.0000775 seconds
2017-11-22T07:13:16.037+0800: 401.944: [GC (Allocation Failure) 2017-11-22T07:13:16.037+0800: 401.944: [ParNew: 142584K->4852K(154880K), 0.0097082 secs] 4680715K->4542984K(6289088K), 0.0098255 secs] [Times: user=0.06 sys=0.01, real=0.01 secs]
         vmop                    [threads: total initially_running wait_to_block]    [time: spin block sync cleanup vmop] page_trap_count
401.944: GenCollectForAllocation          [      33          0              0    ]      [     0     0     0     0     9    ]  0
2017-11-22T07:13:16.047+0800: 401.954: Total time for which application threads were stopped: 0.0101311 seconds, Stopping threads took: 0.0000504 seconds
2017-11-22T07:13:16.200+0800: 402.107: [GC (Allocation Failure) 2017-11-22T07:13:16.200+0800: 402.107: [ParNew: 142580K->4915K(154880K), 0.0076124 secs] 4680712K->4543051K(6289088K), 0.0076942 secs] [Times: user=0.05 sys=0.00, real=0.01 secs]
         vmop                    [threads: total initially_running wait_to_block]    [time: spin block sync cleanup vmop] page_trap_count
402.107: GenCollectForAllocation          [      33          0              0    ]      [     0     0     0     0     7    ]  0
2017-11-22T07:13:16.208+0800: 402.115: Total time for which application threads were stopped: 0.0080043 seconds, Stopping threads took: 0.0000558 seconds
2017-11-22T07:13:16.345+0800: 402.252: [GC (Allocation Failure) 2017-11-22T07:13:16.345+0800: 402.252: [ParNew: 142643K->4843K(154880K), 0.0121639 secs] 4680779K->4542984K(6289088K), 0.0122451 secs] [Times: user=0.07 sys=0.00, real=0.01 secs]
         vmop                    [threads: total initially_running wait_to_block]    [time: spin block sync cleanup vmop] page_trap_count
402.252: GenCollectForAllocation          [      33          0              0    ]      [     0     0     0     0    12    ]  0
2017-11-22T07:13:16.357+0800: 402.264: Total time for which application threads were stopped: 0.0125951 seconds, Stopping threads took: 0.0000634 seconds
2017-11-22T07:13:16.487+0800: 402.394: [GC (Allocation Failure) 2017-11-22T07:13:16.487+0800: 402.394: [ParNew: 142571K->4847K(154880K), 0.0116080 secs] 4680712K->4542988K(6289088K), 0.0116910 secs] [Times: user=0.07 sys=0.00, real=0.01 secs]
         vmop                    [threads: total initially_running wait_to_block]    [time: spin block sync cleanup vmop] page_trap_count
402.394: GenCollectForAllocation          [      33          0              0    ]      [     0     0     0     0    11    ]  0
2017-11-22T07:13:16.499+0800: 402.406: Total time for which application threads were stopped: 0.0120066 seconds, Stopping threads took: 0.0000509 seconds
2017-11-22T07:13:16.622+0800: 402.529: [GC (Allocation Failure) 2017-11-22T07:13:16.622+0800: 402.529: [ParNew: 142575K->5292K(154880K), 0.0096581 secs] 4680716K->4543433K(6289088K), 0.0097387 secs] [Times: user=0.07 sys=0.00, real=0.00 secs]
         vmop                    [threads: total initially_running wait_to_block]    [time: spin block sync cleanup vmop] page_trap_count
402.528: GenCollectForAllocation          [      33          0              0    ]      [     0     0     0     0     9    ]  0
2017-11-22T07:13:16.631+0800: 402.538: Total time for which application threads were stopped: 0.0100519 seconds, Stopping threads took: 0.0000614 seconds
2017-11-22T07:13:16.754+0800: 402.661: [GC (Allocation Failure) 2017-11-22T07:13:16.754+0800: 402.661: [ParNew: 143020K->5228K(154880K), 0.0096956 secs] 4681161K->4543369K(6289088K), 0.0097799 secs] [Times: user=0.06 sys=0.00, real=0.01 secs]
         vmop                    [threads: total initially_running wait_to_block]    [time: spin block sync cleanup vmop] page_trap_count
402.660: GenCollectForAllocation          [      33          0              0    ]      [     0     0     0     0     9    ]  0
2017-11-22T07:13:16.764+0800: 402.671: Total time for which application threads were stopped: 0.0100976 seconds, Stopping threads took: 0.0000523 seconds
2017-11-22T07:13:16.881+0800: 402.788: [GC (Allocation Failure) 2017-11-22T07:13:16.881+0800: 402.788: [ParNew: 142956K->5104K(154880K), 0.0077263 secs] 4681097K->4543244K(6289088K), 0.0078104 secs] [Times: user=0.06 sys=0.00, real=0.00 secs]
         vmop                    [threads: total initially_running wait_to_block]    [time: spin block sync cleanup vmop] page_trap_count
402.787: GenCollectForAllocation          [      33          0              0    ]      [     0     0     0     0     7    ]  0
2017-11-22T07:13:16.889+0800: 402.796: Total time for which application threads were stopped: 0.0082052 seconds, Stopping threads took: 0.0000522 seconds
2017-11-22T07:13:17.010+0800: 402.917: [GC (Allocation Failure) 2017-11-22T07:13:17.010+0800: 402.917: [ParNew: 142832K->5038K(154880K), 0.0116331 secs] 4680972K->4543179K(6289088K), 0.0117177 secs] [Times: user=0.07 sys=0.00, real=0.02 secs]
         vmop                    [threads: total initially_running wait_to_block]    [time: spin block sync cleanup vmop] page_trap_count
402.917: GenCollectForAllocation          [      33          0              0    ]      [     0     0     0     0    11    ]  0
2017-11-22T07:13:17.022+0800: 402.929: Total time for which application threads were stopped: 0.0120442 seconds, Stopping threads took: 0.0000600 seconds
2017-11-22T07:13:17.146+0800: 403.053: [GC (Allocation Failure) 2017-11-22T07:13:17.146+0800: 403.053: [ParNew: 142766K->4974K(154880K), 0.0134317 secs] 4680907K->4543115K(6289088K), 0.0135349 secs] [Times: user=0.07 sys=0.00, real=0.01 secs]
         vmop                    [threads: total initially_running wait_to_block]    [time: spin block sync cleanup vmop] page_trap_count
403.052: GenCollectForAllocation          [      33          0              0    ]      [     0     0     0     0    13    ]  0
2017-11-22T07:13:17.159+0800: 403.066: Total time for which application threads were stopped: 0.0139203 seconds, Stopping threads took: 0.0001347 seconds
2017-11-22T07:13:17.288+0800: 403.195: [GC (Allocation Failure) 2017-11-22T07:13:17.288+0800: 403.195: [ParNew: 142702K->4915K(154880K), 0.0071042 secs] 4680843K->4543056K(6289088K), 0.0071847 secs] [Times: user=0.05 sys=0.00, real=0.01 secs]
         vmop                    [threads: total initially_running wait_to_block]    [time: spin block sync cleanup vmop] page_trap_count
403.194: GenCollectForAllocation          [      33          0              0    ]      [     0     0     0     0     7    ]  0
2017-11-22T07:13:17.295+0800: 403.202: Total time for which application threads were stopped: 0.0074832 seconds, Stopping threads took: 0.0000633 seconds
2017-11-22T07:13:17.659+0800: 403.566: [GC (Allocation Failure) 2017-11-22T07:13:17.659+0800: 403.566: [ParNew: 142643K->4337K(154880K), 0.0168698 secs] 4680784K->4542478K(6289088K), 0.0169465 secs] [Times: user=0.08 sys=0.01, real=0.02 secs]
         vmop                    [threads: total initially_running wait_to_block]    [time: spin block sync cleanup vmop] page_trap_count
403.566: GenCollectForAllocation          [      33          1              1    ]      [     0     0     0     0    17    ]  1
2017-11-22T07:13:17.676+0800: 403.583: Total time for which application threads were stopped: 0.0173807 seconds, Stopping threads took: 0.0000849 seconds
2017-11-22T07:13:17.757+0800: 403.664: [GC (Allocation Failure) 2017-11-22T07:13:17.757+0800: 403.664: [ParNew: 142065K->141K(154880K), 0.0093682 secs] 4680206K->4538282K(6289088K), 0.0094634 secs] [Times: user=0.06 sys=0.00, real=0.01 secs]
         vmop                    [threads: total initially_running wait_to_block]    [time: spin block sync cleanup vmop] page_trap_count
403.663: GenCollectForAllocation          [      33          0              0    ]      [     0     0     0     0     9    ]  0
2017-11-22T07:13:17.766+0800: 403.673: Total time for which application threads were stopped: 0.0097963 seconds, Stopping threads took: 0.0000589 seconds
2017-11-22T07:13:17.885+0800: 403.792: [GC (Allocation Failure) 2017-11-22T07:13:17.885+0800: 403.792: [ParNew: 137869K->777K(154880K), 0.0106721 secs] 4676010K->4538917K(6289088K), 0.0107443 secs] [Times: user=0.07 sys=0.00, real=0.01 secs]
         vmop                    [threads: total initially_running wait_to_block]    [time: spin block sync cleanup vmop] page_trap_count
403.792: GenCollectForAllocation          [      33          0              0    ]      [     0     0     0     0    10    ]  0
2017-11-22T07:13:17.896+0800: 403.803: Total time for which application threads were stopped: 0.0110134 seconds, Stopping threads took: 0.0000528 seconds
2017-11-22T07:13:17.967+0800: 403.874: [GC (Allocation Failure) 2017-11-22T07:13:17.967+0800: 403.874: [ParNew: 138505K->2681K(154880K), 0.0106546 secs] 4676645K->4540821K(6289088K), 0.0107442 secs] [Times: user=0.07 sys=0.00, real=0.01 secs]
         vmop                    [threads: total initially_running wait_to_block]    [time: spin block sync cleanup vmop] page_trap_count
403.874: GenCollectForAllocation          [      33          0              0    ]      [     0     0     0     0    10    ]  0
2017-11-22T07:13:17.978+0800: 403.885: Total time for which application threads were stopped: 0.0110809 seconds, Stopping threads took: 0.0000517 seconds
2017-11-22T07:13:18.049+0800: 403.956: [GC (Allocation Failure) 2017-11-22T07:13:18.049+0800: 403.956: [ParNew: 140409K->4913K(154880K), 0.0160915 secs] 4678549K->4543054K(6289088K), 0.0162015 secs] [Times: user=0.07 sys=0.00, real=0.02 secs]
         vmop                    [threads: total initially_running wait_to_block]    [time: spin block sync cleanup vmop] page_trap_count
403.956: GenCollectForAllocation          [      33          0              0    ]      [     0     0     0     0    16    ]  0
2017-11-22T07:13:18.065+0800: 403.972: Total time for which application threads were stopped: 0.0166113 seconds, Stopping threads took: 0.0000727 seconds
2017-11-22T07:13:18.203+0800: 404.110: [GC (Allocation Failure) 2017-11-22T07:13:18.203+0800: 404.110: [ParNew: 142641K->4468K(154880K), 0.0098432 secs] 4680782K->4542609K(6289088K), 0.0099618 secs] [Times: user=0.07 sys=0.00, real=0.01 secs]
         vmop                    [threads: total initially_running wait_to_block]    [time: spin block sync cleanup vmop] page_trap_count
404.110: GenCollectForAllocation          [      33          0              0    ]      [     0     0     0     0    10    ]  0
2017-11-22T07:13:18.213+0800: 404.120: Total time for which application threads were stopped: 0.0103741 seconds, Stopping threads took: 0.0000673 seconds
2017-11-22T07:13:18.336+0800: 404.243: [GC (Allocation Failure) 2017-11-22T07:13:18.336+0800: 404.243: [ParNew: 142196K->4847K(154880K), 0.0110065 secs] 4680337K->4542988K(6289088K), 0.0110828 secs] [Times: user=0.08 sys=0.00, real=0.01 secs]
         vmop                    [threads: total initially_running wait_to_block]    [time: spin block sync cleanup vmop] page_trap_count
404.243: GenCollectForAllocation          [      33          0              0    ]      [     0     0     0     0    11    ]  0
2017-11-22T07:13:18.347+0800: 404.254: Total time for which application threads were stopped: 0.0113750 seconds, Stopping threads took: 0.0000503 seconds
2017-11-22T07:13:18.494+0800: 404.401: [GC (Allocation Failure) 2017-11-22T07:13:18.494+0800: 404.401: [ParNew: 142575K->5226K(154880K), 0.0092593 secs] 4680716K->4543367K(6289088K), 0.0093530 secs] [Times: user=0.06 sys=0.00, real=0.01 secs]
         vmop                    [threads: total initially_running wait_to_block]    [time: spin block sync cleanup vmop] page_trap_count
404.400: GenCollectForAllocation          [      33          0              1    ]      [     0     0     0     0     9    ]  0
2017-11-22T07:13:18.503+0800: 404.410: Total time for which application threads were stopped: 0.0097527 seconds, Stopping threads took: 0.0001098 seconds
2017-11-22T07:13:18.648+0800: 404.555: [GC (Allocation Failure) 2017-11-22T07:13:18.648+0800: 404.555: [ParNew: 142954K->5229K(154880K), 0.0093507 secs] 4681095K->4543369K(6289088K), 0.0094301 secs] [Times: user=0.07 sys=0.00, real=0.01 secs]
         vmop                    [threads: total initially_running wait_to_block]    [time: spin block sync cleanup vmop] page_trap_count
404.555: GenCollectForAllocation          [      33          0              0    ]      [     0     0     0     0     9    ]  0
2017-11-22T07:13:18.658+0800: 404.564: Total time for which application threads were stopped: 0.0097429 seconds, Stopping threads took: 0.0000640 seconds
2017-11-22T07:13:18.802+0800: 404.709: [GC (Allocation Failure) 2017-11-22T07:13:18.802+0800: 404.709: [ParNew: 142957K->5035K(154880K), 0.0302057 secs] 4681097K->4543175K(6289088K), 0.0302774 secs] [Times: user=0.09 sys=0.00, real=0.02 secs]
         vmop                    [threads: total initially_running wait_to_block]    [time: spin block sync cleanup vmop] page_trap_count
404.709: GenCollectForAllocation          [      33          0              0    ]      [     0     0     0     0    30    ]  0
2017-11-22T07:13:18.832+0800: 404.739: Total time for which application threads were stopped: 0.0305545 seconds, Stopping threads took: 0.0000442 seconds
2017-11-22T07:13:18.958+0800: 404.865: [GC (Allocation Failure) 2017-11-22T07:13:18.958+0800: 404.865: [ParNew: 142763K->5226K(154880K), 0.0106252 secs] 4680903K->4543367K(6289088K), 0.0107135 secs] [Times: user=0.07 sys=0.00, real=0.01 secs]
         vmop                    [threads: total initially_running wait_to_block]    [time: spin block sync cleanup vmop] page_trap_count
404.865: GenCollectForAllocation          [      33          1              1    ]      [     0     0     0     0    10    ]  1
2017-11-22T07:13:18.969+0800: 404.876: Total time for which application threads were stopped: 0.0110670 seconds, Stopping threads took: 0.0000950 seconds
2017-11-22T07:13:19.117+0800: 405.024: [GC (Allocation Failure) 2017-11-22T07:13:19.117+0800: 405.024: [ParNew: 142954K->4911K(154880K), 0.0128572 secs] 4681095K->4543052K(6289088K), 0.0129563 secs] [Times: user=0.09 sys=0.00, real=0.01 secs]
         vmop                    [threads: total initially_running wait_to_block]    [time: spin block sync cleanup vmop] page_trap_count
405.024: GenCollectForAllocation          [      33          0              0    ]      [     0     0     0     0    13    ]  0
2017-11-22T07:13:19.130+0800: 405.037: Total time for which application threads were stopped: 0.0133999 seconds, Stopping threads took: 0.0001226 seconds
2017-11-22T07:13:19.271+0800: 405.178: [GC (Allocation Failure) 2017-11-22T07:13:19.271+0800: 405.178: [ParNew: 142639K->4782K(154880K), 0.0156469 secs] 4680780K->4542923K(6289088K), 0.0157520 secs] [Times: user=0.07 sys=0.00, real=0.02 secs]
         vmop                    [threads: total initially_running wait_to_block]    [time: spin block sync cleanup vmop] page_trap_count
405.178: GenCollectForAllocation          [      33          0              0    ]      [     0     0     0     0    15    ]  0
2017-11-22T07:13:19.287+0800: 405.194: Total time for which application threads were stopped: 0.0161395 seconds, Stopping threads took: 0.0000724 seconds
2017-11-22T07:13:19.421+0800: 405.328: [GC (Allocation Failure) 2017-11-22T07:13:19.422+0800: 405.328: [ParNew: 142510K->5167K(154880K), 0.0162242 secs] 4680651K->4543308K(6289088K), 0.0163120 secs] [Times: user=0.08 sys=0.00, real=0.01 secs]
         vmop                    [threads: total initially_running wait_to_block]    [time: spin block sync cleanup vmop] page_trap_count
405.328: GenCollectForAllocation          [      33          0              0    ]      [     0     0     0     0    16    ]  0
2017-11-22T07:13:19.438+0800: 405.345: Total time for which application threads were stopped: 0.0167473 seconds, Stopping threads took: 0.0001268 seconds
2017-11-22T07:13:19.587+0800: 405.494: [GC (Allocation Failure) 2017-11-22T07:13:19.587+0800: 405.494: [ParNew: 142895K->5102K(154880K), 0.0182837 secs] 4681036K->4543243K(6289088K), 0.0183648 secs] [Times: user=0.07 sys=0.00, real=0.02 secs]
         vmop                    [threads: total initially_running wait_to_block]    [time: spin block sync cleanup vmop] page_trap_count
405.493: GenCollectForAllocation          [      33          0              0    ]      [     0     0     0     0    18    ]  0
2017-11-22T07:13:19.605+0800: 405.512: Total time for which application threads were stopped: 0.0187009 seconds, Stopping threads took: 0.0000688 seconds
2017-11-22T07:13:19.739+0800: 405.646: [GC (Allocation Failure) 2017-11-22T07:13:19.740+0800: 405.646: [ParNew: 142830K->5040K(154880K), 0.0095144 secs] 4680971K->4543181K(6289088K), 0.0096130 secs] [Times: user=0.06 sys=0.00, real=0.01 secs]
         vmop                    [threads: total initially_running wait_to_block]    [time: spin block sync cleanup vmop] page_trap_count
405.646: GenCollectForAllocation          [      33          0              0    ]      [     0     0     0     0     9    ]  0
2017-11-22T07:13:19.749+0800: 405.656: Total time for which application threads were stopped: 0.0099485 seconds, Stopping threads took: 0.0000561 seconds
2017-11-22T07:13:19.897+0800: 405.804: [GC (Allocation Failure) 2017-11-22T07:13:19.897+0800: 405.804: [ParNew: 142768K->4976K(154880K), 0.0090742 secs] 4680909K->4543117K(6289088K), 0.0091554 secs] [Times: user=0.06 sys=0.01, real=0.01 secs]
         vmop                    [threads: total initially_running wait_to_block]    [time: spin block sync cleanup vmop] page_trap_count
405.804: GenCollectForAllocation          [      33          0              0    ]      [     0     0     0     0     9    ]  0
2017-11-22T07:13:19.906+0800: 405.813: Total time for which application threads were stopped: 0.0094539 seconds, Stopping threads took: 0.0000621 seconds
2017-11-22T07:13:20.054+0800: 405.961: [GC (Allocation Failure) 2017-11-22T07:13:20.054+0800: 405.961: [ParNew: 142704K->5233K(154880K), 0.0109133 secs] 4680845K->4543373K(6289088K), 0.0109962 secs] [Times: user=0.06 sys=0.00, real=0.01 secs]
         vmop                    [threads: total initially_running wait_to_block]    [time: spin block sync cleanup vmop] page_trap_count
405.961: GenCollectForAllocation          [      33          1              1    ]      [     0     0     0     0    11    ]  0
2017-11-22T07:13:20.065+0800: 405.972: Total time for which application threads were stopped: 0.0113726 seconds, Stopping threads took: 0.0001288 seconds
2017-11-22T07:13:20.216+0800: 406.123: [GC (Allocation Failure) 2017-11-22T07:13:20.216+0800: 406.123: [ParNew: 142961K->4626K(154880K), 0.0189258 secs] 4681101K->4542767K(6289088K), 0.0190441 secs] [Times: user=0.06 sys=0.00, real=0.02 secs]
         vmop                    [threads: total initially_running wait_to_block]    [time: spin block sync cleanup vmop] page_trap_count
406.123: GenCollectForAllocation          [      33          0              0    ]      [     0     0     0     0    19    ]  0
2017-11-22T07:13:20.235+0800: 406.142: Total time for which application threads were stopped: 0.0194609 seconds, Stopping threads took: 0.0000645 seconds
         vmop                    [threads: total initially_running wait_to_block]    [time: spin block sync cleanup vmop] page_trap_count
406.266: RevokeBias                       [      33          0              0    ]      [     0     0     0     0     0    ]  0
2017-11-22T07:13:20.359+0800: 406.266: Total time for which application threads were stopped: 0.0002284 seconds, Stopping threads took: 0.0000621 seconds
2017-11-22T07:13:20.369+0800: 406.276: [GC (Allocation Failure) 2017-11-22T07:13:20.369+0800: 406.276: [ParNew: 142354K->4604K(154880K), 0.0130238 secs] 4680495K->4542745K(6289088K), 0.0131101 secs] [Times: user=0.08 sys=0.00, real=0.02 secs]
         vmop                    [threads: total initially_running wait_to_block]    [time: spin block sync cleanup vmop] page_trap_count
406.276: GenCollectForAllocation          [      33          0              0    ]      [     0     0     0     0    13    ]  0
2017-11-22T07:13:20.383+0800: 406.290: Total time for which application threads were stopped: 0.0134463 seconds, Stopping threads took: 0.0000477 seconds
2017-11-22T07:13:20.508+0800: 406.415: [GC (Allocation Failure) 2017-11-22T07:13:20.508+0800: 406.415: [ParNew: 142332K->4924K(154880K), 0.0165454 secs] 4680473K->4543065K(6289088K), 0.0166354 secs] [Times: user=0.06 sys=0.00, real=0.02 secs]
         vmop                    [threads: total initially_running wait_to_block]    [time: spin block sync cleanup vmop] page_trap_count
406.415: GenCollectForAllocation          [      33          0              0    ]      [     0     0     0     0    16    ]  0
2017-11-22T07:13:20.525+0800: 406.432: Total time for which application threads were stopped: 0.0169325 seconds, Stopping threads took: 0.0000563 seconds
2017-11-22T07:13:20.663+0800: 406.570: [GC (Allocation Failure) 2017-11-22T07:13:20.663+0800: 406.570: [ParNew: 142652K->4983K(154880K), 0.0096012 secs] 4680793K->4543125K(6289088K), 0.0096938 secs] [Times: user=0.06 sys=0.00, real=0.00 secs]
         vmop                    [threads: total initially_running wait_to_block]    [time: spin block sync cleanup vmop] page_trap_count
406.569: GenCollectForAllocation          [      33          0              0    ]      [     0     0     0     0     9    ]  0
2017-11-22T07:13:20.672+0800: 406.579: Total time for which application threads were stopped: 0.0099733 seconds, Stopping threads took: 0.0000542 seconds
2017-11-22T07:13:20.806+0800: 406.713: [GC (Allocation Failure) 2017-11-22T07:13:20.806+0800: 406.713: [ParNew: 142711K->5172K(154880K), 0.0143546 secs] 4680853K->4543313K(6289088K), 0.0144433 secs] [Times: user=0.07 sys=0.00, real=0.01 secs]
         vmop                    [threads: total initially_running wait_to_block]    [time: spin block sync cleanup vmop] page_trap_count
406.713: GenCollectForAllocation          [      33          0              0    ]      [     0     0     0     0    14    ]  0
2017-11-22T07:13:20.821+0800: 406.728: Total time for which application threads were stopped: 0.0147418 seconds, Stopping threads took: 0.0000476 seconds
2017-11-22T07:13:20.968+0800: 406.875: [GC (Allocation Failure) 2017-11-22T07:13:20.968+0800: 406.875: [ParNew: 142900K->5114K(154880K), 0.0093714 secs] 4681041K->4543255K(6289088K), 0.0094505 secs] [Times: user=0.06 sys=0.00, real=0.01 secs]
         vmop                    [threads: total initially_running wait_to_block]    [time: spin block sync cleanup vmop] page_trap_count
406.875: GenCollectForAllocation          [      33          0              0    ]      [     0     0     0     0     9    ]  0
2017-11-22T07:13:20.977+0800: 406.884: Total time for which application threads were stopped: 0.0097560 seconds, Stopping threads took: 0.0000558 seconds
2017-11-22T07:13:21.123+0800: 407.030: [GC (Allocation Failure) 2017-11-22T07:13:21.123+0800: 407.030: [ParNew: 142842K->4983K(154880K), 0.0070350 secs] 4680983K->4543124K(6289088K), 0.0071338 secs] [Times: user=0.05 sys=0.00, real=0.00 secs]
         vmop                    [threads: total initially_running wait_to_block]    [time: spin block sync cleanup vmop] page_trap_count
407.030: GenCollectForAllocation          [      33          0              0    ]      [     0     0     0     0     7    ]  0
2017-11-22T07:13:21.130+0800: 407.037: Total time for which application threads were stopped: 0.0074429 seconds, Stopping threads took: 0.0000507 seconds
2017-11-22T07:13:21.280+0800: 407.187: [GC (Allocation Failure) 2017-11-22T07:13:21.281+0800: 407.187: [ParNew: 142711K->4907K(154880K), 0.0119668 secs] 4680852K->4543057K(6289088K), 0.0120452 secs] [Times: user=0.06 sys=0.00, real=0.01 secs]
         vmop                    [threads: total initially_running wait_to_block]    [time: spin block sync cleanup vmop] page_trap_count
407.187: GenCollectForAllocation          [      33          0              0    ]      [     0     0     0     0    12    ]  0
2017-11-22T07:13:21.293+0800: 407.200: Total time for which application threads were stopped: 0.0123445 seconds, Stopping threads took: 0.0000551 seconds
2017-11-22T07:13:21.439+0800: 407.346: [GC (Allocation Failure) 2017-11-22T07:13:21.439+0800: 407.346: [ParNew: 142635K->4850K(154880K), 0.0161354 secs] 4680785K->4543000K(6289088K), 0.0162222 secs] [Times: user=0.08 sys=0.00, real=0.02 secs]
         vmop                    [threads: total initially_running wait_to_block]    [time: spin block sync cleanup vmop] page_trap_count
407.346: GenCollectForAllocation          [      33          0              0    ]      [     0     0     0     0    16    ]  0
2017-11-22T07:13:21.455+0800: 407.362: Total time for which application threads were stopped: 0.0166257 seconds, Stopping threads took: 0.0001184 seconds
2017-11-22T07:13:21.588+0800: 407.495: [GC (Allocation Failure) 2017-11-22T07:13:21.588+0800: 407.495: [ParNew: 142578K->5228K(154880K), 0.0284732 secs] 4680728K->4543379K(6289088K), 0.0285424 secs] [Times: user=0.12 sys=0.00, real=0.03 secs]
         vmop                    [threads: total initially_running wait_to_block]    [time: spin block sync cleanup vmop] page_trap_count
407.495: GenCollectForAllocation          [      33          0              0    ]      [     0     0     0     0    28    ]  0
2017-11-22T07:13:21.617+0800: 407.524: Total time for which application threads were stopped: 0.0288323 seconds, Stopping threads took: 0.0000545 seconds
2017-11-22T07:13:21.916+0800: 407.823: [GC (Allocation Failure) 2017-11-22T07:13:21.916+0800: 407.823: [ParNew: 142956K->584K(154880K), 0.0101341 secs] 4681107K->4538734K(6289088K), 0.0102089 secs] [Times: user=0.07 sys=0.00, real=0.01 secs]
         vmop                    [threads: total initially_running wait_to_block]    [time: spin block sync cleanup vmop] page_trap_count
407.823: GenCollectForAllocation          [      33          0              0    ]      [     0     0     0     0    10    ]  0
2017-11-22T07:13:21.926+0800: 407.833: Total time for which application threads were stopped: 0.0105151 seconds, Stopping threads took: 0.0000631 seconds
2017-11-22T07:13:21.997+0800: 407.904: [GC (Allocation Failure) 2017-11-22T07:13:21.997+0800: 407.904: [ParNew: 138312K->3003K(154880K), 0.0116941 secs] 4676462K->4541153K(6289088K), 0.0117858 secs] [Times: user=0.05 sys=0.00, real=0.01 secs]
         vmop                    [threads: total initially_running wait_to_block]    [time: spin block sync cleanup vmop] page_trap_count
407.904: GenCollectForAllocation          [      33          0              0    ]      [     0     0     0     0    11    ]  0
2017-11-22T07:13:22.009+0800: 407.916: Total time for which application threads were stopped: 0.0121391 seconds, Stopping threads took: 0.0000515 seconds
2017-11-22T07:13:22.080+0800: 407.987: [GC (Allocation Failure) 2017-11-22T07:13:22.080+0800: 407.987: [ParNew: 140731K->4591K(154880K), 0.0218171 secs] 4678881K->4542741K(6289088K), 0.0219033 secs] [Times: user=0.06 sys=0.00, real=0.03 secs]
         vmop                    [threads: total initially_running wait_to_block]    [time: spin block sync cleanup vmop] page_trap_count
407.987: GenCollectForAllocation          [      33          0              0    ]      [     0     0     0     0    21    ]  0
2017-11-22T07:13:22.102+0800: 408.009: Total time for which application threads were stopped: 0.0222231 seconds, Stopping threads took: 0.0000601 seconds
2017-11-22T07:13:22.218+0800: 408.125: [GC (Allocation Failure) 2017-11-22T07:13:22.218+0800: 408.125: [ParNew: 142319K->5165K(154880K), 0.0110749 secs] 4680469K->4543315K(6289088K), 0.0111562 secs] [Times: user=0.07 sys=0.00, real=0.01 secs]
         vmop                    [threads: total initially_running wait_to_block]    [time: spin block sync cleanup vmop] page_trap_count
408.125: GenCollectForAllocation          [      33          0              0    ]      [     0     0     0     0    11    ]  0
2017-11-22T07:13:22.229+0800: 408.136: Total time for which application threads were stopped: 0.0115001 seconds, Stopping threads took: 0.0001048 seconds
2017-11-22T07:13:22.374+0800: 408.281: [GC (Allocation Failure) 2017-11-22T07:13:22.374+0800: 408.281: [ParNew: 142893K->5165K(154880K), 0.0245895 secs] 4681043K->4543315K(6289088K), 0.0246617 secs] [Times: user=0.09 sys=0.00, real=0.02 secs]
         vmop                    [threads: total initially_running wait_to_block]    [time: spin block sync cleanup vmop] page_trap_count
408.281: GenCollectForAllocation          [      33          0              1    ]      [     0     0     0     0    24    ]  0
2017-11-22T07:13:22.399+0800: 408.306: Total time for which application threads were stopped: 0.0249115 seconds, Stopping threads took: 0.0000505 seconds
2017-11-22T07:13:22.525+0800: 408.432: [GC (Allocation Failure) 2017-11-22T07:13:22.525+0800: 408.432: [ParNew: 142893K->5104K(154880K), 0.0107453 secs] 4681043K->4543254K(6289088K), 0.0108250 secs] [Times: user=0.07 sys=0.00, real=0.01 secs]
         vmop                    [threads: total initially_running wait_to_block]    [time: spin block sync cleanup vmop] page_trap_count
408.432: GenCollectForAllocation          [      33          0              0    ]      [     0     0     0     0    10    ]  0
2017-11-22T07:13:22.536+0800: 408.443: Total time for which application threads were stopped: 0.0110968 seconds, Stopping threads took: 0.0000354 seconds
2017-11-22T07:13:22.791+0800: 408.698: [GC (Allocation Failure) 2017-11-22T07:13:22.791+0800: 408.698: [ParNew: 142832K->4017K(154880K), 0.0223444 secs] 4680982K->4542167K(6289088K), 0.0224257 secs] [Times: user=0.06 sys=0.00, real=0.03 secs]
         vmop                    [threads: total initially_running wait_to_block]    [time: spin block sync cleanup vmop] page_trap_count
408.698: GenCollectForAllocation          [      33          0              0    ]      [     0     0     0     0    22    ]  0
2017-11-22T07:13:22.814+0800: 408.721: Total time for which application threads were stopped: 0.0227585 seconds, Stopping threads took: 0.0000624 seconds
2017-11-22T07:13:22.883+0800: 408.790: [GC (Allocation Failure) 2017-11-22T07:13:22.883+0800: 408.790: [ParNew: 141745K->3767K(154880K), 0.0097316 secs] 4679895K->4541917K(6289088K), 0.0098167 secs] [Times: user=0.06 sys=0.00, real=0.00 secs]
         vmop                    [threads: total initially_running wait_to_block]    [time: spin block sync cleanup vmop] page_trap_count
408.789: GenCollectForAllocation          [      33          0              0    ]      [     0     0     0     0     9    ]  0
2017-11-22T07:13:22.892+0800: 408.799: Total time for which application threads were stopped: 0.0101160 seconds, Stopping threads took: 0.0000494 seconds
2017-11-22T07:13:22.987+0800: 408.894: [GC (Allocation Failure) 2017-11-22T07:13:22.987+0800: 408.894: [ParNew: 141495K->5167K(154880K), 0.0248143 secs] 4679645K->4543317K(6289088K), 0.0248847 secs] [Times: user=0.07 sys=0.00, real=0.02 secs]
         vmop                    [threads: total initially_running wait_to_block]    [time: spin block sync cleanup vmop] page_trap_count
408.894: GenCollectForAllocation          [      33          0              1    ]      [     0     0     0     0    24    ]  0
2017-11-22T07:13:23.012+0800: 408.919: Total time for which application threads were stopped: 0.0252023 seconds, Stopping threads took: 0.0000530 seconds
2017-11-22T07:13:23.145+0800: 409.052: [GC (Allocation Failure) 2017-11-22T07:13:23.145+0800: 409.052: [ParNew: 142895K->5167K(154880K), 0.0174308 secs] 4681045K->4543318K(6289088K), 0.0175060 secs] [Times: user=0.11 sys=0.00, real=0.02 secs]
         vmop                    [threads: total initially_running wait_to_block]    [time: spin block sync cleanup vmop] page_trap_count
409.052: GenCollectForAllocation          [      33          0              0    ]      [     0     0     0     0    17    ]  0
2017-11-22T07:13:23.163+0800: 409.070: Total time for which application threads were stopped: 0.0177894 seconds, Stopping threads took: 0.0000521 seconds
2017-11-22T07:13:23.316+0800: 409.223: [GC (Allocation Failure) 2017-11-22T07:13:23.316+0800: 409.223: [ParNew: 142895K->5102K(154880K), 0.0551204 secs] 4681046K->4543252K(6289088K), 0.0551995 secs] [Times: user=0.22 sys=0.00, real=0.05 secs]
         vmop                    [threads: total initially_running wait_to_block]    [time: spin block sync cleanup vmop] page_trap_count
409.223: GenCollectForAllocation          [      33          0              0    ]      [     0     0     0     0    55    ]  0
2017-11-22T07:13:23.372+0800: 409.279: Total time for which application threads were stopped: 0.0554748 seconds, Stopping threads took: 0.0000334 seconds
2017-11-22T07:13:23.511+0800: 409.418: [GC (Allocation Failure) 2017-11-22T07:13:23.511+0800: 409.418: [ParNew: 142830K->3828K(154880K), 0.0092799 secs] 4680980K->4541979K(6289088K), 0.0093633 secs] [Times: user=0.05 sys=0.00, real=0.02 secs]
         vmop                    [threads: total initially_running wait_to_block]    [time: spin block sync cleanup vmop] page_trap_count
409.418: GenCollectForAllocation          [      33          0              0    ]      [     0     0     0     0     9    ]  0
2017-11-22T07:13:23.521+0800: 409.428: Total time for which application threads were stopped: 0.0096250 seconds, Stopping threads took: 0.0000369 seconds
2017-11-22T07:13:23.608+0800: 409.515: [GC (Allocation Failure) 2017-11-22T07:13:23.608+0800: 409.515: [ParNew: 141556K->5231K(154880K), 0.0210148 secs] 4679707K->4543381K(6289088K), 0.0211005 secs] [Times: user=0.06 sys=0.00, real=0.02 secs]
         vmop                    [threads: total initially_running wait_to_block]    [time: spin block sync cleanup vmop] page_trap_count
409.514: GenCollectForAllocation          [      33          0              0    ]      [     0     0     0     0    21    ]  0
2017-11-22T07:13:23.629+0800: 409.536: Total time for which application threads were stopped: 0.0214650 seconds, Stopping threads took: 0.0001183 seconds
2017-11-22T07:13:23.767+0800: 409.674: [GC (Allocation Failure) 2017-11-22T07:13:23.767+0800: 409.674: [ParNew: 142959K->5169K(154880K), 0.0162139 secs] 4681109K->4543319K(6289088K), 0.0163055 secs] [Times: user=0.08 sys=0.01, real=0.02 secs]
         vmop                    [threads: total initially_running wait_to_block]    [time: spin block sync cleanup vmop] page_trap_count
409.673: GenCollectForAllocation          [      33          0              0    ]      [     0     0     0     0    16    ]  0
2017-11-22T07:13:23.783+0800: 409.690: Total time for which application threads were stopped: 0.0166308 seconds, Stopping threads took: 0.0000686 seconds
2017-11-22T07:13:23.924+0800: 409.830: [GC (Allocation Failure) 2017-11-22T07:13:23.924+0800: 409.831: [ParNew: 142897K->5038K(154880K), 0.0089404 secs] 4681047K->4543188K(6289088K), 0.0090168 secs] [Times: user=0.06 sys=0.00, real=0.00 secs]
         vmop                    [threads: total initially_running wait_to_block]    [time: spin block sync cleanup vmop] page_trap_count
409.830: GenCollectForAllocation          [      33          0              0    ]      [     0     0     0     0     9    ]  0
2017-11-22T07:13:23.933+0800: 409.840: Total time for which application threads were stopped: 0.0093127 seconds, Stopping threads took: 0.0000476 seconds
2017-11-22T07:13:24.085+0800: 409.992: [GC (Allocation Failure) 2017-11-22T07:13:24.085+0800: 409.992: [ParNew: 142766K->4972K(154880K), 0.0105376 secs] 4680916K->4543122K(6289088K), 0.0106168 secs] [Times: user=0.07 sys=0.00, real=0.01 secs]
         vmop                    [threads: total initially_running wait_to_block]    [time: spin block sync cleanup vmop] page_trap_count
409.992: GenCollectForAllocation          [      33          0              0    ]      [     0     0     0     0    10    ]  0
2017-11-22T07:13:24.096+0800: 410.003: Total time for which application threads were stopped: 0.0110165 seconds, Stopping threads took: 0.0000546 seconds
2017-11-22T07:13:24.237+0800: 410.144: [GC (Allocation Failure) 2017-11-22T07:13:24.237+0800: 410.144: [ParNew: 142700K->4907K(154880K), 0.0135928 secs] 4680850K->4543057K(6289088K), 0.0136687 secs] [Times: user=0.07 sys=0.00, real=0.01 secs]
         vmop                    [threads: total initially_running wait_to_block]    [time: spin block sync cleanup vmop] page_trap_count
410.144: GenCollectForAllocation          [      33          0              0    ]      [     0     0     0     0    13    ]  0
2017-11-22T07:13:24.251+0800: 410.158: Total time for which application threads were stopped: 0.0139653 seconds, Stopping threads took: 0.0000336 seconds
2017-11-22T07:13:24.387+0800: 410.294: [GC (Allocation Failure) 2017-11-22T07:13:24.387+0800: 410.294: [ParNew: 142635K->5229K(154880K), 0.0356923 secs] 4680785K->4543379K(6289088K), 0.0357835 secs] [Times: user=0.06 sys=0.01, real=0.04 secs]
         vmop                    [threads: total initially_running wait_to_block]    [time: spin block sync cleanup vmop] page_trap_count
410.294: GenCollectForAllocation          [      33          0              0    ]      [     0     0     0     0    35    ]  0
2017-11-22T07:13:24.423+0800: 410.330: Total time for which application threads were stopped: 0.0360744 seconds, Stopping threads took: 0.0000596 seconds
2017-11-22T07:13:24.545+0800: 410.452: [GC (Allocation Failure) 2017-11-22T07:13:24.545+0800: 410.452: [ParNew: 142957K->5163K(154880K), 0.0538439 secs] 4681107K->4543313K(6289088K), 0.0539093 secs] [Times: user=0.17 sys=0.00, real=0.05 secs]
         vmop                    [threads: total initially_running wait_to_block]    [time: spin block sync cleanup vmop] page_trap_count
410.452: GenCollectForAllocation          [      33          0              0    ]      [     0     0     0     0    53    ]  0
2017-11-22T07:13:24.599+0800: 410.506: Total time for which application threads were stopped: 0.0541647 seconds, Stopping threads took: 0.0000489 seconds
2017-11-22T07:13:24.709+0800: 410.616: [GC (Allocation Failure) 2017-11-22T07:13:24.709+0800: 410.616: [ParNew: 142891K->5102K(154880K), 0.0291409 secs] 4681041K->4543252K(6289088K), 0.0292243 secs] [Times: user=0.07 sys=0.00, real=0.03 secs]
         vmop                    [threads: total initially_running wait_to_block]    [time: spin block sync cleanup vmop] page_trap_count
410.616: GenCollectForAllocation          [      33          0              0    ]      [     0     0     0     0    29    ]  0
2017-11-22T07:13:24.739+0800: 410.646: Total time for which application threads were stopped: 0.0295242 seconds, Stopping threads took: 0.0000325 seconds
2017-11-22T07:13:24.863+0800: 410.770: [GC (Allocation Failure) 2017-11-22T07:13:24.863+0800: 410.770: [ParNew: 142830K->4973K(154880K), 0.0152568 secs] 4680980K->4543123K(6289088K), 0.0153205 secs] [Times: user=0.06 sys=0.00, real=0.01 secs]
         vmop                    [threads: total initially_running wait_to_block]    [time: spin block sync cleanup vmop] page_trap_count
410.770: GenCollectForAllocation          [      33          0              0    ]      [     0     0     0     0    15    ]  0
2017-11-22T07:13:24.879+0800: 410.786: Total time for which application threads were stopped: 0.0155782 seconds, Stopping threads took: 0.0000480 seconds
2017-11-22T07:13:25.019+0800: 410.926: [GC (Allocation Failure) 2017-11-22T07:13:25.019+0800: 410.926: [ParNew: 142701K->4848K(154880K), 0.0102273 secs] 4680851K->4542998K(6289088K), 0.0103058 secs] [Times: user=0.06 sys=0.00, real=0.01 secs]
         vmop                    [threads: total initially_running wait_to_block]    [time: spin block sync cleanup vmop] page_trap_count
410.926: GenCollectForAllocation          [      33          1              1    ]      [     0     0     0     0    10    ]  1
2017-11-22T07:13:25.030+0800: 410.937: Total time for which application threads were stopped: 0.0106500 seconds, Stopping threads took: 0.0000987 seconds
2017-11-22T07:13:25.166+0800: 411.073: [GC (Allocation Failure) 2017-11-22T07:13:25.166+0800: 411.073: [ParNew: 142576K->5229K(154880K), 0.0472061 secs] 4680726K->4543379K(6289088K), 0.0472961 secs] [Times: user=0.17 sys=0.01, real=0.05 secs]
         vmop                    [threads: total initially_running wait_to_block]    [time: spin block sync cleanup vmop] page_trap_count
411.072: GenCollectForAllocation          [      33          0              0    ]      [     0     0     0     0    47    ]  0
2017-11-22T07:13:25.213+0800: 411.120: Total time for which application threads were stopped: 0.0476001 seconds, Stopping threads took: 0.0000494 seconds
2017-11-22T07:13:25.323+0800: 411.230: [GC (Allocation Failure) 2017-11-22T07:13:25.323+0800: 411.230: [ParNew: 142957K->5103K(154880K), 0.0244703 secs] 4681107K->4543254K(6289088K), 0.0245595 secs] [Times: user=0.07 sys=0.01, real=0.02 secs]
         vmop                    [threads: total initially_running wait_to_block]    [time: spin block sync cleanup vmop] page_trap_count
411.230: GenCollectForAllocation          [      33          0              0    ]      [     0     0     0     0    24    ]  0
2017-11-22T07:13:25.348+0800: 411.254: Total time for which application threads were stopped: 0.0248683 seconds, Stopping threads took: 0.0000730 seconds
2017-11-22T07:13:25.494+0800: 411.401: [GC (Allocation Failure) 2017-11-22T07:13:25.494+0800: 411.401: [ParNew: 142831K->5005K(154880K), 0.0211525 secs] 4680982K->4543155K(6289088K), 0.0212369 secs] [Times: user=0.07 sys=0.00, real=0.02 secs]
         vmop                    [threads: total initially_running wait_to_block]    [time: spin block sync cleanup vmop] page_trap_count
411.401: GenCollectForAllocation          [      33          0              0    ]      [     0     0     0     0    21    ]  0
2017-11-22T07:13:25.515+0800: 411.422: Total time for which application threads were stopped: 0.0215585 seconds, Stopping threads took: 0.0000406 seconds
         vmop                    [threads: total initially_running wait_to_block]    [time: spin block sync cleanup vmop] page_trap_count
411.552: RevokeBias                       [      33          0              0    ]      [     0     0     0     0     0    ]  0
2017-11-22T07:13:25.645+0800: 411.552: Total time for which application threads were stopped: 0.0003150 seconds, Stopping threads took: 0.0001545 seconds
2017-11-22T07:13:25.654+0800: 411.561: [GC (Allocation Failure) 2017-11-22T07:13:25.654+0800: 411.561: [ParNew: 142733K->5114K(154880K), 0.0127790 secs] 4680883K->4543264K(6289088K), 0.0128625 secs] [Times: user=0.05 sys=0.00, real=0.01 secs]
         vmop                    [threads: total initially_running wait_to_block]    [time: spin block sync cleanup vmop] page_trap_count
411.561: GenCollectForAllocation          [      33          0              0    ]      [     0     0     0     0    12    ]  0
2017-11-22T07:13:25.667+0800: 411.574: Total time for which application threads were stopped: 0.0131816 seconds, Stopping threads took: 0.0000463 seconds
2017-11-22T07:13:25.938+0800: 411.845: [GC (Allocation Failure) 2017-11-22T07:13:25.938+0800: 411.845: [ParNew: 142842K->4918K(154880K), 0.0139814 secs] 4680992K->4543069K(6289088K), 0.0140538 secs] [Times: user=0.06 sys=0.00, real=0.01 secs]
         vmop                    [threads: total initially_running wait_to_block]    [time: spin block sync cleanup vmop] page_trap_count
411.845: GenCollectForAllocation          [      33          0              0    ]      [     0     0     0     0    14    ]  0
2017-11-22T07:13:25.952+0800: 411.859: Total time for which application threads were stopped: 0.0143383 seconds, Stopping threads took: 0.0000407 seconds
2017-11-22T07:13:26.245+0800: 412.152: [GC (Allocation Failure) 2017-11-22T07:13:26.245+0800: 412.152: [ParNew: 142646K->5174K(154880K), 0.0097618 secs] 4680797K->4543324K(6289088K), 0.0098805 secs] [Times: user=0.06 sys=0.00, real=0.01 secs]
         vmop                    [threads: total initially_running wait_to_block]    [time: spin block sync cleanup vmop] page_trap_count
412.152: GenCollectForAllocation          [      33          0              0    ]      [     0     0     0     0     9    ]  0
2017-11-22T07:13:26.255+0800: 412.162: Total time for which application threads were stopped: 0.0102539 seconds, Stopping threads took: 0.0000705 seconds
2017-11-22T07:13:26.571+0800: 412.478: [GC (Allocation Failure) 2017-11-22T07:13:26.571+0800: 412.478: [ParNew: 142902K->4794K(154880K), 0.0095145 secs] 4681052K->4542944K(6289088K), 0.0096170 secs] [Times: user=0.06 sys=0.00, real=0.02 secs]
         vmop                    [threads: total initially_running wait_to_block]    [time: spin block sync cleanup vmop] page_trap_count
412.478: GenCollectForAllocation          [      33          0              0    ]      [     0     0     0     0     9    ]  0
2017-11-22T07:13:26.581+0800: 412.488: Total time for which application threads were stopped: 0.0099225 seconds, Stopping threads took: 0.0000568 seconds
2017-11-22T07:13:26.851+0800: 412.758: [GC (Allocation Failure) 2017-11-22T07:13:26.851+0800: 412.758: [ParNew: 142522K->5112K(154880K), 0.0063875 secs] 4680672K->4543262K(6289088K), 0.0064672 secs] [Times: user=0.05 sys=0.00, real=0.01 secs]
         vmop                    [threads: total initially_running wait_to_block]    [time: spin block sync cleanup vmop] page_trap_count
412.758: GenCollectForAllocation          [      33          0              0    ]      [     0     0     0     0     6    ]  0
2017-11-22T07:13:26.858+0800: 412.765: Total time for which application threads were stopped: 0.0067698 seconds, Stopping threads took: 0.0000603 seconds
2017-11-22T07:13:27.170+0800: 413.076: [GC (Allocation Failure) 2017-11-22T07:13:27.170+0800: 413.077: [ParNew: 142840K->5049K(154880K), 0.0130648 secs] 4680990K->4543199K(6289088K), 0.0131468 secs] [Times: user=0.09 sys=0.00, real=0.02 secs]
         vmop                    [threads: total initially_running wait_to_block]    [time: spin block sync cleanup vmop] page_trap_count
413.076: GenCollectForAllocation          [      33          0              0    ]      [     0     0     0     0    13    ]  0
2017-11-22T07:13:27.183+0800: 413.090: Total time for which application threads were stopped: 0.0134433 seconds, Stopping threads took: 0.0000505 seconds
2017-11-22T07:13:27.484+0800: 413.391: [GC (Allocation Failure) 2017-11-22T07:13:27.484+0800: 413.391: [ParNew: 142777K->4973K(154880K), 0.0096583 secs] 4680927K->4543132K(6289088K), 0.0097357 secs] [Times: user=0.06 sys=0.00, real=0.01 secs]
         vmop                    [threads: total initially_running wait_to_block]    [time: spin block sync cleanup vmop] page_trap_count
413.391: GenCollectForAllocation          [      33          0              0    ]      [     0     0     0     0     9    ]  0
2017-11-22T07:13:27.494+0800: 413.401: Total time for which application threads were stopped: 0.0101293 seconds, Stopping threads took: 0.0001331 seconds
2017-11-22T07:13:27.786+0800: 413.693: [GC (Allocation Failure) 2017-11-22T07:13:27.786+0800: 413.693: [ParNew: 142701K->4977K(154880K), 0.0090754 secs] 4680860K->4543136K(6289088K), 0.0091518 secs] [Times: user=0.06 sys=0.00, real=0.01 secs]
         vmop                    [threads: total initially_running wait_to_block]    [time: spin block sync cleanup vmop] page_trap_count
413.693: GenCollectForAllocation          [      33          0              0    ]      [     0     0     0     0     9    ]  0
2017-11-22T07:13:27.795+0800: 413.702: Total time for which application threads were stopped: 0.0094368 seconds, Stopping threads took: 0.0000523 seconds
2017-11-22T07:13:28.234+0800: 414.141: [GC (Allocation Failure) 2017-11-22T07:13:28.234+0800: 414.141: [ParNew: 142705K->5034K(154880K), 0.0111153 secs] 4680864K->4543193K(6289088K), 0.0112191 secs] [Times: user=0.05 sys=0.00, real=0.01 secs]
         vmop                    [threads: total initially_running wait_to_block]    [time: spin block sync cleanup vmop] page_trap_count
414.141: GenCollectForAllocation          [      33          0              0    ]      [     0     0     0     0    11    ]  0
2017-11-22T07:13:28.246+0800: 414.153: Total time for which application threads were stopped: 0.0115015 seconds, Stopping threads took: 0.0000542 seconds
2017-11-22T07:13:28.394+0800: 414.301: [GC (Allocation Failure) 2017-11-22T07:13:28.394+0800: 414.301: [ParNew: 142762K->5229K(154880K), 0.0168872 secs] 4680921K->4543388K(6289088K), 0.0169963 secs] [Times: user=0.06 sys=0.00, real=0.01 secs]
         vmop                    [threads: total initially_running wait_to_block]    [time: spin block sync cleanup vmop] page_trap_count
414.300: GenCollectForAllocation          [      33          0              0    ]      [     0     0     0     0    17    ]  0
2017-11-22T07:13:28.411+0800: 414.318: Total time for which application threads were stopped: 0.0173784 seconds, Stopping threads took: 0.0000679 seconds
2017-11-22T07:13:28.703+0800: 414.610: [GC (Allocation Failure) 2017-11-22T07:13:28.703+0800: 414.610: [ParNew: 142957K->5163K(154880K), 0.0121416 secs] 4681116K->4543322K(6289088K), 0.0122268 secs] [Times: user=0.07 sys=0.00, real=0.01 secs]
         vmop                    [threads: total initially_running wait_to_block]    [time: spin block sync cleanup vmop] page_trap_count
414.609: GenCollectForAllocation          [      33          0              0    ]      [     0     0     0     0    12    ]  0
2017-11-22T07:13:28.715+0800: 414.622: Total time for which application threads were stopped: 0.0125569 seconds, Stopping threads took: 0.0000530 seconds
2017-11-22T07:13:29.027+0800: 414.934: [GC (Allocation Failure) 2017-11-22T07:13:29.027+0800: 414.934: [ParNew: 142891K->5102K(154880K), 0.0181318 secs] 4681050K->4543261K(6289088K), 0.0182129 secs] [Times: user=0.09 sys=0.00, real=0.02 secs]
         vmop                    [threads: total initially_running wait_to_block]    [time: spin block sync cleanup vmop] page_trap_count
414.934: GenCollectForAllocation          [      33          0              0    ]      [     0     0     0     0    18    ]  0
2017-11-22T07:13:29.045+0800: 414.952: Total time for which application threads were stopped: 0.0185336 seconds, Stopping threads took: 0.0000356 seconds
2017-11-22T07:13:29.322+0800: 415.229: [GC (Allocation Failure) 2017-11-22T07:13:29.322+0800: 415.229: [ParNew: 142830K->5038K(154880K), 0.0090573 secs] 4680989K->4543197K(6289088K), 0.0091379 secs] [Times: user=0.06 sys=0.00, real=0.00 secs]
         vmop                    [threads: total initially_running wait_to_block]    [time: spin block sync cleanup vmop] page_trap_count
415.229: GenCollectForAllocation          [      33          0              0    ]      [     0     0     0     0     9    ]  0
2017-11-22T07:13:29.331+0800: 415.238: Total time for which application threads were stopped: 0.0094452 seconds, Stopping threads took: 0.0000538 seconds
2017-11-22T07:13:29.641+0800: 415.548: [GC (Allocation Failure) 2017-11-22T07:13:29.641+0800: 415.548: [ParNew: 142766K->5040K(154880K), 0.0090631 secs] 4680925K->4543199K(6289088K), 0.0091719 secs] [Times: user=0.07 sys=0.00, real=0.01 secs]
         vmop                    [threads: total initially_running wait_to_block]    [time: spin block sync cleanup vmop] page_trap_count
415.547: GenCollectForAllocation          [      33          0              0    ]      [     0     0     0     0     9    ]  0
2017-11-22T07:13:29.650+0800: 415.557: Total time for which application threads were stopped: 0.0095266 seconds, Stopping threads took: 0.0000563 seconds
2017-11-22T07:13:29.963+0800: 415.870: [GC (Allocation Failure) 2017-11-22T07:13:29.963+0800: 415.870: [ParNew: 142768K->5038K(154880K), 0.0086294 secs] 4680927K->4543197K(6289088K), 0.0087190 secs] [Times: user=0.06 sys=0.00, real=0.00 secs]
         vmop                    [threads: total initially_running wait_to_block]    [time: spin block sync cleanup vmop] page_trap_count
415.870: GenCollectForAllocation          [      33          0              0    ]      [     0     0     0     0     8    ]  0
2017-11-22T07:13:29.972+0800: 415.879: Total time for which application threads were stopped: 0.0090478 seconds, Stopping threads took: 0.0000588 seconds
2017-11-22T07:13:30.282+0800: 416.189: [GC (Allocation Failure) 2017-11-22T07:13:30.282+0800: 416.189: [ParNew: 142766K->5036K(154880K), 0.0337144 secs] 4680925K->4543195K(6289088K), 0.0338345 secs] [Times: user=0.09 sys=0.00, real=0.03 secs]
         vmop                    [threads: total initially_running wait_to_block]    [time: spin block sync cleanup vmop] page_trap_count
416.188: GenCollectForAllocation          [      33          0              0    ]      [     0     0     0     0    33    ]  0
2017-11-22T07:13:30.315+0800: 416.222: Total time for which application threads were stopped: 0.0341045 seconds, Stopping threads took: 0.0000545 seconds
2017-11-22T07:13:30.622+0800: 416.529: [GC (Allocation Failure) 2017-11-22T07:13:30.622+0800: 416.529: [ParNew: 142764K->5104K(154880K), 0.0435133 secs] 4680923K->4543263K(6289088K), 0.0437517 secs] [Times: user=0.07 sys=0.00, real=0.04 secs]
         vmop                    [threads: total initially_running wait_to_block]    [time: spin block sync cleanup vmop] page_trap_count
416.529: GenCollectForAllocation          [      33          0              0    ]      [     0     0     0     0    43    ]  0
2017-11-22T07:13:30.666+0800: 416.573: Total time for which application threads were stopped: 0.0440451 seconds, Stopping threads took: 0.0000572 seconds
2017-11-22T07:13:30.953+0800: 416.860: [GC (Allocation Failure) 2017-11-22T07:13:30.953+0800: 416.860: [ParNew: 142832K->5036K(154880K), 0.0235929 secs] 4680991K->4543195K(6289088K), 0.0236664 secs] [Times: user=0.08 sys=0.00, real=0.02 secs]
         vmop                    [threads: total initially_running wait_to_block]    [time: spin block sync cleanup vmop] page_trap_count
416.860: GenCollectForAllocation          [      33          0              0    ]      [     0     0     0     0    23    ]  0
2017-11-22T07:13:30.977+0800: 416.884: Total time for which application threads were stopped: 0.0239384 seconds, Stopping threads took: 0.0000341 seconds
2017-11-22T07:13:31.296+0800: 417.203: [GC (Allocation Failure) 2017-11-22T07:13:31.296+0800: 417.203: [ParNew: 142764K->5229K(154880K), 0.0075996 secs] 4680923K->4543388K(6289088K), 0.0076958 secs] [Times: user=0.05 sys=0.00, real=0.01 secs]
         vmop                    [threads: total initially_running wait_to_block]    [time: spin block sync cleanup vmop] page_trap_count
417.202: GenCollectForAllocation          [      33          0              0    ]      [     0     0     0     0     7    ]  0
2017-11-22T07:13:31.303+0800: 417.210: Total time for which application threads were stopped: 0.0080688 seconds, Stopping threads took: 0.0001000 seconds
2017-11-22T07:13:31.685+0800: 417.592: [GC (Allocation Failure) 2017-11-22T07:13:31.685+0800: 417.592: [ParNew: 142957K->5103K(154880K), 0.0311983 secs] 4681116K->4543263K(6289088K), 0.0312769 secs] [Times: user=0.13 sys=0.01, real=0.03 secs]
         vmop                    [threads: total initially_running wait_to_block]    [time: spin block sync cleanup vmop] page_trap_count
417.591: GenCollectForAllocation          [      33          1              1    ]      [     0     0     0     0    31    ]  1
2017-11-22T07:13:31.716+0800: 417.623: Total time for which application threads were stopped: 0.0316482 seconds, Stopping threads took: 0.0000978 seconds
2017-11-22T07:13:32.041+0800: 417.948: [GC (Allocation Failure) 2017-11-22T07:13:32.041+0800: 417.948: [ParNew: 142831K->5036K(154880K), 0.0094088 secs] 4680991K->4543195K(6289088K), 0.0094846 secs] [Times: user=0.06 sys=0.00, real=0.00 secs]
         vmop                    [threads: total initially_running wait_to_block]    [time: spin block sync cleanup vmop] page_trap_count
417.948: GenCollectForAllocation          [      33          0              0    ]      [     0     0     0     0     9    ]  0
2017-11-22T07:13:32.051+0800: 417.958: Total time for which application threads were stopped: 0.0097794 seconds, Stopping threads took: 0.0000473 seconds
2017-11-22T07:13:32.395+0800: 418.302: [GC (Allocation Failure) 2017-11-22T07:13:32.395+0800: 418.302: [ParNew: 142764K->5229K(154880K), 0.0213529 secs] 4680923K->4543388K(6289088K), 0.0214408 secs] [Times: user=0.09 sys=0.00, real=0.02 secs]
         vmop                    [threads: total initially_running wait_to_block]    [time: spin block sync cleanup vmop] page_trap_count
418.302: GenCollectForAllocation          [      33          0              0    ]      [     0     0     0     0    21    ]  0
2017-11-22T07:13:32.417+0800: 418.324: Total time for which application threads were stopped: 0.0217487 seconds, Stopping threads took: 0.0000533 seconds
2017-11-22T07:13:32.786+0800: 418.693: [GC (Allocation Failure) 2017-11-22T07:13:32.786+0800: 418.693: [ParNew: 142957K->4909K(154880K), 0.0303063 secs] 4681116K->4543068K(6289088K), 0.0304023 secs] [Times: user=0.14 sys=0.00, real=0.03 secs]
         vmop                    [threads: total initially_running wait_to_block]    [time: spin block sync cleanup vmop] page_trap_count
418.693: GenCollectForAllocation          [      33          0              0    ]      [     0     0     0     0    30    ]  0
2017-11-22T07:13:32.817+0800: 418.723: Total time for which application threads were stopped: 0.0307383 seconds, Stopping threads took: 0.0000638 seconds
2017-11-22T07:13:33.159+0800: 419.066: [GC (Allocation Failure) 2017-11-22T07:13:33.159+0800: 419.066: [ParNew: 142637K->5229K(154880K), 0.0097384 secs] 4680796K->4543388K(6289088K), 0.0098243 secs] [Times: user=0.06 sys=0.00, real=0.01 secs]
         vmop                    [threads: total initially_running wait_to_block]    [time: spin block sync cleanup vmop] page_trap_count
419.066: GenCollectForAllocation          [      33          0              0    ]      [     0     0     0     0     9    ]  0
2017-11-22T07:13:33.169+0800: 419.076: Total time for which application threads were stopped: 0.0101223 seconds, Stopping threads took: 0.0000595 seconds
2017-11-22T07:13:33.586+0800: 419.493: [GC (Allocation Failure) 2017-11-22T07:13:33.586+0800: 419.493: [ParNew: 142957K->5101K(154880K), 0.0137129 secs] 4681116K->4543261K(6289088K), 0.0138099 secs] [Times: user=0.08 sys=0.00, real=0.01 secs]
         vmop                    [threads: total initially_running wait_to_block]    [time: spin block sync cleanup vmop] page_trap_count
419.493: GenCollectForAllocation          [      33          0              0    ]      [     0     0     0     0    13    ]  0
2017-11-22T07:13:33.600+0800: 419.507: Total time for which application threads were stopped: 0.0141365 seconds, Stopping threads took: 0.0000576 seconds
2017-11-22T07:13:33.993+0800: 419.900: [GC (Allocation Failure) 2017-11-22T07:13:33.993+0800: 419.900: [ParNew: 142829K->5036K(154880K), 0.0093687 secs] 4680989K->4543195K(6289088K), 0.0094445 secs] [Times: user=0.05 sys=0.00, real=0.01 secs]
         vmop                    [threads: total initially_running wait_to_block]    [time: spin block sync cleanup vmop] page_trap_count
419.900: GenCollectForAllocation          [      33          0              0    ]      [     0     0     0     0     9    ]  0
2017-11-22T07:13:34.003+0800: 419.910: Total time for which application threads were stopped: 0.0098685 seconds, Stopping threads took: 0.0001771 seconds
2017-11-22T07:13:34.413+0800: 420.320: [GC (Allocation Failure) 2017-11-22T07:13:34.413+0800: 420.320: [ParNew: 142764K->5102K(154880K), 0.0119655 secs] 4680923K->4543261K(6289088K), 0.0120433 secs] [Times: user=0.06 sys=0.00, real=0.01 secs]
         vmop                    [threads: total initially_running wait_to_block]    [time: spin block sync cleanup vmop] page_trap_count
420.320: GenCollectForAllocation          [      33          0              0    ]      [     0     0     0     0    12    ]  0
2017-11-22T07:13:34.425+0800: 420.332: Total time for which application threads were stopped: 0.0123806 seconds, Stopping threads took: 0.0000807 seconds
2017-11-22T07:13:34.837+0800: 420.744: [GC (Allocation Failure) 2017-11-22T07:13:34.837+0800: 420.744: [ParNew: 142830K->5102K(154880K), 0.0116530 secs] 4680989K->4543261K(6289088K), 0.0117378 secs] [Times: user=0.06 sys=0.00, real=0.01 secs]
         vmop                    [threads: total initially_running wait_to_block]    [time: spin block sync cleanup vmop] page_trap_count
420.744: GenCollectForAllocation          [      33          0              0    ]      [     0     0     0     0    11    ]  0
2017-11-22T07:13:34.849+0800: 420.756: Total time for which application threads were stopped: 0.0120217 seconds, Stopping threads took: 0.0000546 seconds
2017-11-22T07:13:35.259+0800: 421.166: [GC (Allocation Failure) 2017-11-22T07:13:35.259+0800: 421.166: [ParNew: 142830K->5229K(154880K), 0.0225917 secs] 4680989K->4543388K(6289088K), 0.0226738 secs] [Times: user=0.08 sys=0.01, real=0.03 secs]
         vmop                    [threads: total initially_running wait_to_block]    [time: spin block sync cleanup vmop] page_trap_count
421.166: GenCollectForAllocation          [      33          0              0    ]      [     0     0     0     0    22    ]  0
2017-11-22T07:13:35.282+0800: 421.189: Total time for which application threads were stopped: 0.0229785 seconds, Stopping threads took: 0.0000537 seconds
2017-11-22T07:13:35.735+0800: 421.642: [GC (Allocation Failure) 2017-11-22T07:13:35.735+0800: 421.642: [ParNew: 142957K->5165K(154880K), 0.0143502 secs] 4681116K->4543325K(6289088K), 0.0144280 secs] [Times: user=0.10 sys=0.00, real=0.01 secs]
         vmop                    [threads: total initially_running wait_to_block]    [time: spin block sync cleanup vmop] page_trap_count
421.642: GenCollectForAllocation          [      33          0              0    ]      [     0     0     0     0    14    ]  0
2017-11-22T07:13:35.749+0800: 421.656: Total time for which application threads were stopped: 0.0147289 seconds, Stopping threads took: 0.0000516 seconds
2017-11-22T07:13:36.214+0800: 422.121: [GC (Allocation Failure) 2017-11-22T07:13:36.214+0800: 422.121: [ParNew: 142893K->5043K(154880K), 0.0087305 secs] 4681053K->4543202K(6289088K), 0.0088195 secs] [Times: user=0.06 sys=0.00, real=0.01 secs]
         vmop                    [threads: total initially_running wait_to_block]    [time: spin block sync cleanup vmop] page_trap_count
422.121: GenCollectForAllocation          [      33          0              0    ]      [     0     0     0     0     8    ]  0
2017-11-22T07:13:36.223+0800: 422.130: Total time for which application threads were stopped: 0.0091062 seconds, Stopping threads took: 0.0000495 seconds
2017-11-22T07:13:36.696+0800: 422.603: [GC (Allocation Failure) 2017-11-22T07:13:36.696+0800: 422.603: [ParNew: 142771K->5168K(154880K), 0.0089947 secs] 4680930K->4543327K(6289088K), 0.0090913 secs] [Times: user=0.06 sys=0.00, real=0.01 secs]
         vmop                    [threads: total initially_running wait_to_block]    [time: spin block sync cleanup vmop] page_trap_count
422.602: GenCollectForAllocation          [      33          0              0    ]      [     0     0     0     0     9    ]  0
2017-11-22T07:13:36.705+0800: 422.612: Total time for which application threads were stopped: 0.0094518 seconds, Stopping threads took: 0.0000532 seconds
2017-11-22T07:13:37.179+0800: 423.086: [GC (Allocation Failure) 2017-11-22T07:13:37.179+0800: 423.086: [ParNew: 142896K->5295K(154880K), 0.0128508 secs] 4681055K->4543454K(6289088K), 0.0129374 secs] [Times: user=0.06 sys=0.00, real=0.01 secs]
         vmop                    [threads: total initially_running wait_to_block]    [time: spin block sync cleanup vmop] page_trap_count
423.086: GenCollectForAllocation          [      33          0              0    ]      [     0     0     0     0    13    ]  0
2017-11-22T07:13:37.192+0800: 423.099: Total time for which application threads were stopped: 0.0132687 seconds, Stopping threads took: 0.0000573 seconds
2017-11-22T07:13:37.750+0800: 423.657: [GC (Allocation Failure) 2017-11-22T07:13:37.750+0800: 423.657: [ParNew: 143023K->4882K(154880K), 0.0445876 secs] 4681182K->4543041K(6289088K), 0.0446722 secs] [Times: user=0.14 sys=0.00, real=0.05 secs]
         vmop                    [threads: total initially_running wait_to_block]    [time: spin block sync cleanup vmop] page_trap_count
423.657: GenCollectForAllocation          [      33          0              0    ]      [     0     0     0     0    44    ]  0
2017-11-22T07:13:37.795+0800: 423.702: Total time for which application threads were stopped: 0.0449553 seconds, Stopping threads took: 0.0000461 seconds
         vmop                    [threads: total initially_running wait_to_block]    [time: spin block sync cleanup vmop] page_trap_count
423.989: RevokeBias                       [      33          2              1    ]      [     0     0     0     0     0    ]  0
2017-11-22T07:13:38.082+0800: 423.989: Total time for which application threads were stopped: 0.0004416 seconds, Stopping threads took: 0.0001591 seconds
2017-11-22T07:13:38.105+0800: 424.012: [GC (Allocation Failure) 2017-11-22T07:13:38.105+0800: 424.012: [ParNew: 142610K->5238K(154880K), 0.0385181 secs] 4680769K->4543463K(6289088K), 0.0386084 secs] [Times: user=0.09 sys=0.01, real=0.04 secs]
         vmop                    [threads: total initially_running wait_to_block]    [time: spin block sync cleanup vmop] page_trap_count
424.011: GenCollectForAllocation          [      33          0              0    ]      [     0     0     0     0    38    ]  0
2017-11-22T07:13:38.143+0800: 424.050: Total time for which application threads were stopped: 0.0389421 seconds, Stopping threads took: 0.0000520 seconds
2017-11-22T07:13:38.421+0800: 424.328: [GC (Allocation Failure) 2017-11-22T07:13:38.421+0800: 424.328: [ParNew: 142966K->4985K(154880K), 0.0200340 secs] 4681191K->4543210K(6289088K), 0.0201203 secs] [Times: user=0.07 sys=0.00, real=0.02 secs]
         vmop                    [threads: total initially_running wait_to_block]    [time: spin block sync cleanup vmop] page_trap_count
424.328: GenCollectForAllocation          [      33          0              0    ]      [     0     0     0     0    20    ]  0
2017-11-22T07:13:38.442+0800: 424.349: Total time for which application threads were stopped: 0.0204726 seconds, Stopping threads took: 0.0000525 seconds
2017-11-22T07:13:38.834+0800: 424.741: [GC (Allocation Failure) 2017-11-22T07:13:38.834+0800: 424.741: [ParNew: 142713K->4158K(154880K), 0.0079018 secs] 4680938K->4542383K(6289088K), 0.0079925 secs] [Times: user=0.05 sys=0.00, real=0.01 secs]
         vmop                    [threads: total initially_running wait_to_block]    [time: spin block sync cleanup vmop] page_trap_count
424.741: GenCollectForAllocation          [      33          0              0    ]      [     0     0     0     0     8    ]  0
2017-11-22T07:13:38.842+0800: 424.749: Total time for which application threads were stopped: 0.0083017 seconds, Stopping threads took: 0.0000601 seconds
2017-11-22T07:13:39.071+0800: 424.978: [GC (Allocation Failure) 2017-11-22T07:13:39.071+0800: 424.978: [ParNew: 141886K->5175K(154880K), 0.0123506 secs] 4680111K->4543400K(6289088K), 0.0124458 secs] [Times: user=0.09 sys=0.00, real=0.02 secs]
         vmop                    [threads: total initially_running wait_to_block]    [time: spin block sync cleanup vmop] page_trap_count
424.977: GenCollectForAllocation          [      33          0              0    ]      [     0     0     0     0    12    ]  0
2017-11-22T07:13:39.083+0800: 424.990: Total time for which application threads were stopped: 0.0128002 seconds, Stopping threads took: 0.0000590 seconds
2017-11-22T07:13:39.429+0800: 425.335: [GC (Allocation Failure) 2017-11-22T07:13:39.429+0800: 425.336: [ParNew: 142903K->5115K(154880K), 0.0107500 secs] 4681128K->4543340K(6289088K), 0.0108304 secs] [Times: user=0.07 sys=0.00, real=0.01 secs]
         vmop                    [threads: total initially_running wait_to_block]    [time: spin block sync cleanup vmop] page_trap_count
425.335: GenCollectForAllocation          [      33          0              0    ]      [     0     0     0     0    10    ]  0
2017-11-22T07:13:39.439+0800: 425.346: Total time for which application threads were stopped: 0.0111372 seconds, Stopping threads took: 0.0000583 seconds
2017-11-22T07:13:39.807+0800: 425.714: [GC (Allocation Failure) 2017-11-22T07:13:39.807+0800: 425.714: [ParNew: 142843K->5048K(154880K), 0.0091121 secs] 4681068K->4543273K(6289088K), 0.0091855 secs] [Times: user=0.06 sys=0.00, real=0.01 secs]
         vmop                    [threads: total initially_running wait_to_block]    [time: spin block sync cleanup vmop] page_trap_count
425.714: GenCollectForAllocation          [      33          0              0    ]      [     0     0     0     0     9    ]  0
2017-11-22T07:13:39.817+0800: 425.724: Total time for which application threads were stopped: 0.0095764 seconds, Stopping threads took: 0.0000486 seconds
2017-11-22T07:13:40.181+0800: 426.088: [GC (Allocation Failure) 2017-11-22T07:13:40.181+0800: 426.088: [ParNew: 142776K->5163K(154880K), 0.0160106 secs] 4681001K->4543397K(6289088K), 0.0160885 secs] [Times: user=0.06 sys=0.00, real=0.02 secs]
         vmop                    [threads: total initially_running wait_to_block]    [time: spin block sync cleanup vmop] page_trap_count
426.087: GenCollectForAllocation          [      33          0              0    ]      [     0     0     0     0    16    ]  0
2017-11-22T07:13:40.197+0800: 426.104: Total time for which application threads were stopped: 0.0164005 seconds, Stopping threads took: 0.0000481 seconds
2017-11-22T07:13:40.597+0800: 426.504: [GC (Allocation Failure) 2017-11-22T07:13:40.597+0800: 426.504: [ParNew: 142891K->5165K(154880K), 0.0316826 secs] 4681125K->4543399K(6289088K), 0.0317565 secs] [Times: user=0.12 sys=0.00, real=0.03 secs]
         vmop                    [threads: total initially_running wait_to_block]    [time: spin block sync cleanup vmop] page_trap_count
426.504: GenCollectForAllocation          [      33          0              0    ]      [     0     0     0     0    31    ]  0
2017-11-22T07:13:40.629+0800: 426.536: Total time for which application threads were stopped: 0.0320643 seconds, Stopping threads took: 0.0000330 seconds
2017-11-22T07:13:40.975+0800: 426.882: [GC (Allocation Failure) 2017-11-22T07:13:40.975+0800: 426.882: [ParNew: 142893K->5101K(154880K), 0.0097672 secs] 4681127K->4543335K(6289088K), 0.0098617 secs] [Times: user=0.06 sys=0.00, real=0.01 secs]
         vmop                    [threads: total initially_running wait_to_block]    [time: spin block sync cleanup vmop] page_trap_count
426.882: GenCollectForAllocation          [      33          0              0    ]      [     0     0     0     0     9    ]  0
2017-11-22T07:13:40.985+0800: 426.892: Total time for which application threads were stopped: 0.0102137 seconds, Stopping threads took: 0.0000581 seconds
2017-11-22T07:13:41.414+0800: 427.321: [GC (Allocation Failure) 2017-11-22T07:13:41.414+0800: 427.321: [ParNew: 142829K->5038K(154880K), 0.0092016 secs] 4681063K->4543272K(6289088K), 0.0093117 secs] [Times: user=0.06 sys=0.00, real=0.01 secs]
         vmop                    [threads: total initially_running wait_to_block]    [time: spin block sync cleanup vmop] page_trap_count
427.321: GenCollectForAllocation          [      33          0              0    ]      [     0     0     0     0     9    ]  0
2017-11-22T07:13:41.423+0800: 427.330: Total time for which application threads were stopped: 0.0096683 seconds, Stopping threads took: 0.0000469 seconds
2017-11-22T07:13:41.874+0800: 427.781: [GC (Allocation Failure) 2017-11-22T07:13:41.874+0800: 427.781: [ParNew: 142766K->5165K(154880K), 0.0088502 secs] 4681000K->4543399K(6289088K), 0.0089267 secs] [Times: user=0.06 sys=0.00, real=0.01 secs]
         vmop                    [threads: total initially_running wait_to_block]    [time: spin block sync cleanup vmop] page_trap_count
427.781: GenCollectForAllocation          [      33          0              0    ]      [     0     0     0     0     9    ]  0
2017-11-22T07:13:41.883+0800: 427.790: Total time for which application threads were stopped: 0.0092327 seconds, Stopping threads took: 0.0000474 seconds
2017-11-22T07:13:42.396+0800: 428.303: [GC (Allocation Failure) 2017-11-22T07:13:42.396+0800: 428.303: [ParNew: 142893K->4974K(154880K), 0.0107182 secs] 4681127K->4543208K(6289088K), 0.0107969 secs] [Times: user=0.06 sys=0.00, real=0.01 secs]
         vmop                    [threads: total initially_running wait_to_block]    [time: spin block sync cleanup vmop] page_trap_count
428.302: GenCollectForAllocation          [      33          1              1    ]      [     0     0     0     0    10    ]  1
2017-11-22T07:13:42.406+0800: 428.313: Total time for which application threads were stopped: 0.0111600 seconds, Stopping threads took: 0.0000813 seconds
2017-11-22T07:13:42.936+0800: 428.843: [GC (Allocation Failure) 2017-11-22T07:13:42.936+0800: 428.843: [ParNew: 142702K->5103K(154880K), 0.0112627 secs] 4680936K->4543337K(6289088K), 0.0113386 secs] [Times: user=0.06 sys=0.00, real=0.01 secs]
         vmop                    [threads: total initially_running wait_to_block]    [time: spin block sync cleanup vmop] page_trap_count
428.842: GenCollectForAllocation          [      33          0              0    ]      [     0     0     0     0    11    ]  0
2017-11-22T07:13:42.947+0800: 428.854: Total time for which application threads were stopped: 0.0116422 seconds, Stopping threads took: 0.0000868 seconds
2017-11-22T07:13:43.481+0800: 429.388: [GC (Allocation Failure) 2017-11-22T07:13:43.481+0800: 429.388: [ParNew: 142831K->5231K(154880K), 0.0094894 secs] 4681065K->4543465K(6289088K), 0.0097374 secs] [Times: user=0.07 sys=0.00, real=0.00 secs]
         vmop                    [threads: total initially_running wait_to_block]    [time: spin block sync cleanup vmop] page_trap_count
429.388: GenCollectForAllocation          [      33          0              0    ]      [     0     0     0     0     9    ]  0
2017-11-22T07:13:43.491+0800: 429.398: Total time for which application threads were stopped: 0.0101333 seconds, Stopping threads took: 0.0000964 seconds
2017-11-22T07:13:44.131+0800: 430.038: [GC (Allocation Failure) 2017-11-22T07:13:44.131+0800: 430.038: [ParNew: 142959K->4907K(154880K), 0.0296504 secs] 4681193K->4543141K(6289088K), 0.0297361 secs] [Times: user=0.11 sys=0.00, real=0.03 secs]
         vmop                    [threads: total initially_running wait_to_block]    [time: spin block sync cleanup vmop] page_trap_count
430.038: GenCollectForAllocation          [      33          0              0    ]      [     0     0     0     0    29    ]  0
2017-11-22T07:13:44.161+0800: 430.068: Total time for which application threads were stopped: 0.0300807 seconds, Stopping threads took: 0.0000497 seconds
2017-11-22T07:13:44.770+0800: 430.677: [GC (Allocation Failure) 2017-11-22T07:13:44.770+0800: 430.677: [ParNew: 142635K->5228K(154880K), 0.0140543 secs] 4680869K->4543463K(6289088K), 0.0141457 secs] [Times: user=0.08 sys=0.00, real=0.02 secs]
         vmop                    [threads: total initially_running wait_to_block]    [time: spin block sync cleanup vmop] page_trap_count
430.677: GenCollectForAllocation          [      33          0              0    ]      [     0     0     0     0    14    ]  0
2017-11-22T07:13:44.784+0800: 430.691: Total time for which application threads were stopped: 0.0144820 seconds, Stopping threads took: 0.0000478 seconds
         vmop                    [threads: total initially_running wait_to_block]    [time: spin block sync cleanup vmop] page_trap_count
430.796: RevokeBias                       [      33          0              0    ]      [     0     0     0     0     0    ]  0
2017-11-22T07:13:44.890+0800: 430.797: Total time for which application threads were stopped: 0.0002864 seconds, Stopping threads took: 0.0000596 seconds
         vmop                    [threads: total initially_running wait_to_block]    [time: spin block sync cleanup vmop] page_trap_count
430.797: RevokeBias                       [      33          1              1    ]      [     0     0     0     0     0    ]  0
2017-11-22T07:13:44.890+0800: 430.797: Total time for which application threads were stopped: 0.0002440 seconds, Stopping threads took: 0.0001231 seconds
         vmop                    [threads: total initially_running wait_to_block]    [time: spin block sync cleanup vmop] page_trap_count
430.797: RevokeBias                       [      33          0              0    ]      [     0     0     0     0     0    ]  0
2017-11-22T07:13:44.890+0800: 430.797: Total time for which application threads were stopped: 0.0001465 seconds, Stopping threads took: 0.0000390 seconds
2017-11-22T07:13:45.431+0800: 431.338: [GC (Allocation Failure) 2017-11-22T07:13:45.431+0800: 431.338: [ParNew: 142956K->5227K(154880K), 0.0092928 secs] 4681191K->4543461K(6289088K), 0.0093583 secs] [Times: user=0.06 sys=0.00, real=0.01 secs]
         vmop                    [threads: total initially_running wait_to_block]    [time: spin block sync cleanup vmop] page_trap_count
431.338: GenCollectForAllocation          [      33          0              0    ]      [     0     0     0     0     9    ]  0
2017-11-22T07:13:45.441+0800: 431.348: Total time for which application threads were stopped: 0.0096555 seconds, Stopping threads took: 0.0000447 seconds
2017-11-22T07:13:46.163+0800: 432.070: [GC (Allocation Failure) 2017-11-22T07:13:46.164+0800: 432.071: [ParNew: 142955K->5102K(154880K), 0.0086718 secs] 4681189K->4543336K(6289088K), 0.0087673 secs] [Times: user=0.06 sys=0.00, real=0.00 secs]
         vmop                    [threads: total initially_running wait_to_block]    [time: spin block sync cleanup vmop] page_trap_count
432.070: GenCollectForAllocation          [      33          0              0    ]      [     0     0     0     0     8    ]  0
2017-11-22T07:13:46.172+0800: 432.079: Total time for which application threads were stopped: 0.0090745 seconds, Stopping threads took: 0.0000541 seconds
2017-11-22T07:13:46.879+0800: 432.786: [GC (Allocation Failure) 2017-11-22T07:13:46.879+0800: 432.786: [ParNew: 142830K->4975K(154880K), 0.0083567 secs] 4681064K->4543209K(6289088K), 0.0084410 secs] [Times: user=0.06 sys=0.00, real=0.01 secs]
         vmop                    [threads: total initially_running wait_to_block]    [time: spin block sync cleanup vmop] page_trap_count
432.786: GenCollectForAllocation          [      33          1              1    ]      [     0     0     0     0     8    ]  0
2017-11-22T07:13:46.887+0800: 432.794: Total time for which application threads were stopped: 0.0087817 seconds, Stopping threads took: 0.0000851 seconds
2017-11-22T07:13:47.573+0800: 433.480: [GC (Allocation Failure) 2017-11-22T07:13:47.573+0800: 433.480: [ParNew: 142703K->5038K(154880K), 0.0119472 secs] 4680937K->4543272K(6289088K), 0.0120504 secs] [Times: user=0.07 sys=0.00, real=0.01 secs]
         vmop                    [threads: total initially_running wait_to_block]    [time: spin block sync cleanup vmop] page_trap_count
433.480: GenCollectForAllocation          [      33          0              0    ]      [     0     0     0     0    12    ]  0
2017-11-22T07:13:47.585+0800: 433.492: Total time for which application threads were stopped: 0.0124124 seconds, Stopping threads took: 0.0000716 seconds
2017-11-22T07:13:48.239+0800: 434.146: [GC (Allocation Failure) 2017-11-22T07:13:48.239+0800: 434.146: [ParNew: 142766K->5290K(154880K), 0.0094401 secs] 4681000K->4543524K(6289088K), 0.0095395 secs] [Times: user=0.07 sys=0.00, real=0.01 secs]
         vmop                    [threads: total initially_running wait_to_block]    [time: spin block sync cleanup vmop] page_trap_count
434.146: GenCollectForAllocation          [      32          0              0    ]      [     0     0     0     0     9    ]  0
2017-11-22T07:13:48.249+0800: 434.156: Total time for which application threads were stopped: 0.0098729 seconds, Stopping threads took: 0.0000502 seconds
2017-11-22T07:13:48.944+0800: 434.851: [GC (Allocation Failure) 2017-11-22T07:13:48.945+0800: 434.851: [ParNew: 143018K->5102K(154880K), 0.0108165 secs] 4681252K->4543336K(6289088K), 0.0108951 secs] [Times: user=0.07 sys=0.00, real=0.01 secs]
         vmop                    [threads: total initially_running wait_to_block]    [time: spin block sync cleanup vmop] page_trap_count
434.851: GenCollectForAllocation          [      32          0              0    ]      [     0     0     0     0    11    ]  0
2017-11-22T07:13:48.955+0800: 434.862: Total time for which application threads were stopped: 0.0112487 seconds, Stopping threads took: 0.0000533 seconds
2017-11-22T07:13:49.591+0800: 435.497: [GC (Allocation Failure) 2017-11-22T07:13:49.591+0800: 435.498: [ParNew: 142830K->5102K(154880K), 0.0088714 secs] 4681064K->4543336K(6289088K), 0.0089668 secs] [Times: user=0.07 sys=0.00, real=0.01 secs]
         vmop                    [threads: total initially_running wait_to_block]    [time: spin block sync cleanup vmop] page_trap_count
435.497: GenCollectForAllocation          [      32          1              1    ]      [     0     0     0     0     9    ]  0
2017-11-22T07:13:49.600+0800: 435.507: Total time for which application threads were stopped: 0.0093490 seconds, Stopping threads took: 0.0000890 seconds
2017-11-22T07:13:50.188+0800: 436.095: [GC (Allocation Failure) 2017-11-22T07:13:50.188+0800: 436.095: [ParNew: 142830K->5231K(154880K), 0.0101388 secs] 4681064K->4543465K(6289088K), 0.0102330 secs] [Times: user=0.07 sys=0.00, real=0.01 secs]
         vmop                    [threads: total initially_running wait_to_block]    [time: spin block sync cleanup vmop] page_trap_count
436.095: GenCollectForAllocation          [      32          0              0    ]      [     0     0     0     0    10    ]  0
2017-11-22T07:13:50.199+0800: 436.106: Total time for which application threads were stopped: 0.0105737 seconds, Stopping threads took: 0.0000642 seconds
2017-11-22T07:13:50.820+0800: 436.727: [GC (Allocation Failure) 2017-11-22T07:13:50.820+0800: 436.727: [ParNew: 142959K->5231K(154880K), 0.0075411 secs] 4681193K->4543465K(6289088K), 0.0076256 secs] [Times: user=0.06 sys=0.00, real=0.01 secs]
         vmop                    [threads: total initially_running wait_to_block]    [time: spin block sync cleanup vmop] page_trap_count
436.726: GenCollectForAllocation          [      32          0              0    ]      [     0     0     0     0     7    ]  0
2017-11-22T07:13:50.827+0800: 436.734: Total time for which application threads were stopped: 0.0079419 seconds, Stopping threads took: 0.0000573 seconds
2017-11-22T07:13:51.442+0800: 437.349: [GC (Allocation Failure) 2017-11-22T07:13:51.443+0800: 437.349: [ParNew: 142959K->5161K(154880K), 0.0113556 secs] 4681193K->4543395K(6289088K), 0.0114587 secs] [Times: user=0.08 sys=0.00, real=0.01 secs]
         vmop                    [threads: total initially_running wait_to_block]    [time: spin block sync cleanup vmop] page_trap_count
437.349: GenCollectForAllocation          [      32          0              0    ]      [     0     0     0     0    11    ]  0
2017-11-22T07:13:51.454+0800: 437.361: Total time for which application threads were stopped: 0.0118122 seconds, Stopping threads took: 0.0000568 seconds
2017-11-22T07:13:52.062+0800: 437.969: [GC (Allocation Failure) 2017-11-22T07:13:52.062+0800: 437.969: [ParNew: 142889K->5167K(154880K), 0.0122486 secs] 4681123K->4543401K(6289088K), 0.0123314 secs] [Times: user=0.09 sys=0.00, real=0.01 secs]
         vmop                    [threads: total initially_running wait_to_block]    [time: spin block sync cleanup vmop] page_trap_count
437.969: GenCollectForAllocation          [      32          0              0    ]      [     0     0     0     0    12    ]  0
2017-11-22T07:13:52.074+0800: 437.981: Total time for which application threads were stopped: 0.0126375 seconds, Stopping threads took: 0.0000479 seconds
2017-11-22T07:13:52.657+0800: 438.564: [GC (Allocation Failure) 2017-11-22T07:13:52.657+0800: 438.564: [ParNew: 142895K->5104K(154880K), 0.0073603 secs] 4681129K->4543338K(6289088K), 0.0074397 secs] [Times: user=0.05 sys=0.00, real=0.01 secs]
         vmop                    [threads: total initially_running wait_to_block]    [time: spin block sync cleanup vmop] page_trap_count
438.564: GenCollectForAllocation          [      32          0              0    ]      [     0     0     0     0     7    ]  0
2017-11-22T07:13:52.665+0800: 438.572: Total time for which application threads were stopped: 0.0077429 seconds, Stopping threads took: 0.0000520 seconds
2017-11-22T07:13:53.233+0800: 439.140: [GC (Allocation Failure) 2017-11-22T07:13:53.233+0800: 439.140: [ParNew: 142832K->5104K(154880K), 0.0088515 secs] 4681066K->4543338K(6289088K), 0.0089814 secs] [Times: user=0.06 sys=0.00, real=0.01 secs]
         vmop                    [threads: total initially_running wait_to_block]    [time: spin block sync cleanup vmop] page_trap_count
439.140: GenCollectForAllocation          [      32          0              0    ]      [     0     0     0     0     9    ]  0
2017-11-22T07:13:53.242+0800: 439.149: Total time for which application threads were stopped: 0.0093270 seconds, Stopping threads took: 0.0000563 seconds
2017-11-22T07:13:53.808+0800: 439.715: [GC (Allocation Failure) 2017-11-22T07:13:53.808+0800: 439.715: [ParNew: 142832K->5040K(154880K), 0.0084754 secs] 4681066K->4543274K(6289088K), 0.0085565 secs] [Times: user=0.07 sys=0.00, real=0.01 secs]
         vmop                    [threads: total initially_running wait_to_block]    [time: spin block sync cleanup vmop] page_trap_count
439.714: GenCollectForAllocation          [      32          0              0    ]      [     0     0     0     0     8    ]  0
2017-11-22T07:13:53.816+0800: 439.723: Total time for which application threads were stopped: 0.0088639 seconds, Stopping threads took: 0.0000570 seconds
2017-11-22T07:13:54.366+0800: 440.273: [GC (Allocation Failure) 2017-11-22T07:13:54.366+0800: 440.273: [ParNew: 142768K->5227K(154880K), 0.0072019 secs] 4681002K->4543461K(6289088K), 0.0072912 secs] [Times: user=0.05 sys=0.00, real=0.01 secs]
         vmop                    [threads: total initially_running wait_to_block]    [time: spin block sync cleanup vmop] page_trap_count
440.273: GenCollectForAllocation          [      32          1              1    ]      [     0     0     0     0     7    ]  0
2017-11-22T07:13:54.374+0800: 440.281: Total time for which application threads were stopped: 0.0076849 seconds, Stopping threads took: 0.0001076 seconds
2017-11-22T07:13:54.863+0800: 440.770: [GC (Allocation Failure) 2017-11-22T07:13:54.863+0800: 440.770: [ParNew: 142955K->5231K(154880K), 0.0101815 secs] 4681189K->4543465K(6289088K), 0.0102925 secs] [Times: user=0.07 sys=0.00, real=0.01 secs]
         vmop                    [threads: total initially_running wait_to_block]    [time: spin block sync cleanup vmop] page_trap_count
440.770: GenCollectForAllocation          [      32          0              0    ]      [     0     0     0     0    10    ]  0
2017-11-22T07:13:54.873+0800: 440.780: Total time for which application threads were stopped: 0.0106453 seconds, Stopping threads took: 0.0000690 seconds
2017-11-22T07:13:55.395+0800: 441.302: [GC (Allocation Failure) 2017-11-22T07:13:55.395+0800: 441.302: [ParNew: 142959K->5167K(154880K), 0.0232613 secs] 4681193K->4543402K(6289088K), 0.0233473 secs] [Times: user=0.05 sys=0.00, real=0.02 secs]
         vmop                    [threads: total initially_running wait_to_block]    [time: spin block sync cleanup vmop] page_trap_count
441.302: GenCollectForAllocation          [      32          0              0    ]      [     0     0     0     0    23    ]  0
2017-11-22T07:13:55.418+0800: 441.325: Total time for which application threads were stopped: 0.0236599 seconds, Stopping threads took: 0.0000498 seconds
2017-11-22T07:13:55.967+0800: 441.874: [GC (Allocation Failure) 2017-11-22T07:13:55.967+0800: 441.874: [ParNew: 142895K->4945K(154880K), 0.0089248 secs] 4681130K->4543179K(6289088K), 0.0090273 secs] [Times: user=0.06 sys=0.00, real=0.01 secs]
         vmop                    [threads: total initially_running wait_to_block]    [time: spin block sync cleanup vmop] page_trap_count
441.874: GenCollectForAllocation          [      32          0              0    ]      [     0     0     0     0     9    ]  0
2017-11-22T07:13:55.976+0800: 441.883: Total time for which application threads were stopped: 0.0093413 seconds, Stopping threads took: 0.0000577 seconds
         vmop                    [threads: total initially_running wait_to_block]    [time: spin block sync cleanup vmop] page_trap_count
442.223: RevokeBias                       [      32          1              1    ]      [     0     0     0     0     0    ]  0
2017-11-22T07:13:56.316+0800: 442.223: Total time for which application threads were stopped: 0.0002429 seconds, Stopping threads took: 0.0000795 seconds
         vmop                    [threads: total initially_running wait_to_block]    [time: spin block sync cleanup vmop] page_trap_count
442.224: RevokeBias                       [      32          1              2    ]      [     0     0     0     0     0    ]  1
2017-11-22T07:13:56.317+0800: 442.224: Total time for which application threads were stopped: 0.0002295 seconds, Stopping threads took: 0.0000976 seconds
         vmop                    [threads: total initially_running wait_to_block]    [time: spin block sync cleanup vmop] page_trap_count
442.229: RevokeBias                       [      33          1              1    ]      [     0     0     0     0     0    ]  0
2017-11-22T07:13:56.322+0800: 442.229: Total time for which application threads were stopped: 0.0003009 seconds, Stopping threads took: 0.0001569 seconds
2017-11-22T07:13:56.487+0800: 442.394: [GC (Allocation Failure) 2017-11-22T07:13:56.487+0800: 442.394: [ParNew: 142673K->4753K(154880K), 0.0075693 secs] 4680907K->4542988K(6289088K), 0.0076495 secs] [Times: user=0.05 sys=0.00, real=0.01 secs]
         vmop                    [threads: total initially_running wait_to_block]    [time: spin block sync cleanup vmop] page_trap_count
442.394: GenCollectForAllocation          [      33          0              0    ]      [     0     0     0     0     7    ]  0
2017-11-22T07:13:56.495+0800: 442.402: Total time for which application threads were stopped: 0.0079531 seconds, Stopping threads took: 0.0000485 seconds
2017-11-22T07:13:57.034+0800: 442.941: [GC (Allocation Failure) 2017-11-22T07:13:57.034+0800: 442.941: [ParNew: 142481K->5070K(154880K), 0.0090736 secs] 4680716K->4543304K(6289088K), 0.0091575 secs] [Times: user=0.06 sys=0.00, real=0.01 secs]
         vmop                    [threads: total initially_running wait_to_block]    [time: spin block sync cleanup vmop] page_trap_count
442.941: GenCollectForAllocation          [      33          0              0    ]      [     0     0     0     0     9    ]  0
2017-11-22T07:13:57.044+0800: 442.951: Total time for which application threads were stopped: 0.0094875 seconds, Stopping threads took: 0.0000598 seconds
2017-11-22T07:13:57.618+0800: 443.525: [GC (Allocation Failure) 2017-11-22T07:13:57.618+0800: 443.525: [ParNew: 142798K->5258K(154880K), 0.0092203 secs] 4681032K->4543492K(6289088K), 0.0093121 secs] [Times: user=0.06 sys=0.00, real=0.01 secs]
         vmop                    [threads: total initially_running wait_to_block]    [time: spin block sync cleanup vmop] page_trap_count
443.524: GenCollectForAllocation          [      33          0              0    ]      [     0     0     0     0     9    ]  0
2017-11-22T07:13:57.627+0800: 443.534: Total time for which application threads were stopped: 0.0096683 seconds, Stopping threads took: 0.0000584 seconds
2017-11-22T07:13:58.249+0800: 444.156: [GC (Allocation Failure) 2017-11-22T07:13:58.249+0800: 444.156: [ParNew: 142986K->5128K(154880K), 0.0406756 secs] 4681220K->4543362K(6289088K), 0.0407687 secs] [Times: user=0.13 sys=0.00, real=0.04 secs]
         vmop                    [threads: total initially_running wait_to_block]    [time: spin block sync cleanup vmop] page_trap_count
444.155: GenCollectForAllocation          [      33          0              0    ]      [     0     0     0     0    40    ]  0
2017-11-22T07:13:58.289+0800: 444.196: Total time for which application threads were stopped: 0.0410683 seconds, Stopping threads took: 0.0000339 seconds
2017-11-22T07:13:58.870+0800: 444.777: [GC (Allocation Failure) 2017-11-22T07:13:58.870+0800: 444.777: [ParNew: 142856K->5195K(154880K), 0.0103238 secs] 4681090K->4543430K(6289088K), 0.0103993 secs] [Times: user=0.05 sys=0.00, real=0.01 secs]
         vmop                    [threads: total initially_running wait_to_block]    [time: spin block sync cleanup vmop] page_trap_count
444.777: GenCollectForAllocation          [      33          0              0    ]      [     0     0     0     0    10    ]  0
2017-11-22T07:13:58.880+0800: 444.787: Total time for which application threads were stopped: 0.0107947 seconds, Stopping threads took: 0.0000563 seconds
2017-11-22T07:13:59.703+0800: 445.610: [GC (Allocation Failure) 2017-11-22T07:13:59.703+0800: 445.610: [ParNew: 142923K->3925K(154880K), 0.0277654 secs] 4681158K->4542159K(6289088K), 0.0278796 secs] [Times: user=0.08 sys=0.00, real=0.02 secs]
         vmop                    [threads: total initially_running wait_to_block]    [time: spin block sync cleanup vmop] page_trap_count
445.607: GenCollectForAllocation          [      33          0              0    ]      [     0     0     2     0    27    ]  0
2017-11-22T07:13:59.731+0800: 445.638: Total time for which application threads were stopped: 0.0305405 seconds, Stopping threads took: 0.0023510 seconds
2017-11-22T07:14:00.095+0800: 446.002: [GC (Allocation Failure) 2017-11-22T07:14:00.095+0800: 446.002: [ParNew: 141653K->5169K(154880K), 0.0081726 secs] 4679887K->4543435K(6289088K), 0.0082666 secs] [Times: user=0.06 sys=0.00, real=0.01 secs]
         vmop                    [threads: total initially_running wait_to_block]    [time: spin block sync cleanup vmop] page_trap_count
446.001: GenCollectForAllocation          [      33          0              0    ]      [     0     0     0     0     8    ]  0
2017-11-22T07:14:00.103+0800: 446.010: Total time for which application threads were stopped: 0.0085873 seconds, Stopping threads took: 0.0000517 seconds
2017-11-22T07:14:00.733+0800: 446.640: [GC (Allocation Failure) 2017-11-22T07:14:00.733+0800: 446.640: [ParNew: 142897K->5165K(154880K), 0.0098676 secs] 4681163K->4543431K(6289088K), 0.0099665 secs] [Times: user=0.05 sys=0.00, real=0.02 secs]
         vmop                    [threads: total initially_running wait_to_block]    [time: spin block sync cleanup vmop] page_trap_count
446.639: GenCollectForAllocation          [      33          0              0    ]      [     0     0     0     0    10    ]  0
2017-11-22T07:14:00.743+0800: 446.650: Total time for which application threads were stopped: 0.0102939 seconds, Stopping threads took: 0.0000513 seconds
2017-11-22T07:14:01.384+0800: 447.291: [GC (Allocation Failure) 2017-11-22T07:14:01.384+0800: 447.291: [ParNew: 142893K->5231K(154880K), 0.0085849 secs] 4681159K->4543497K(6289088K), 0.0086671 secs] [Times: user=0.07 sys=0.00, real=0.00 secs]
         vmop                    [threads: total initially_running wait_to_block]    [time: spin block sync cleanup vmop] page_trap_count
447.291: GenCollectForAllocation          [      33          0              0    ]      [     0     0     0     0     8    ]  0
2017-11-22T07:14:01.393+0800: 447.300: Total time for which application threads were stopped: 0.0089994 seconds, Stopping threads took: 0.0000490 seconds
2017-11-22T07:14:02.009+0800: 447.916: [GC (Allocation Failure) 2017-11-22T07:14:02.009+0800: 447.916: [ParNew: 142959K->5233K(154880K), 0.0125765 secs] 4681225K->4543498K(6289088K), 0.0126663 secs] [Times: user=0.07 sys=0.00, real=0.02 secs]
         vmop                    [threads: total initially_running wait_to_block]    [time: spin block sync cleanup vmop] page_trap_count
447.916: GenCollectForAllocation          [      33          0              0    ]      [     0     0     0     0    12    ]  0
2017-11-22T07:14:02.022+0800: 447.929: Total time for which application threads were stopped: 0.0129863 seconds, Stopping threads took: 0.0000570 seconds
2017-11-22T07:14:02.681+0800: 448.588: [GC (Allocation Failure) 2017-11-22T07:14:02.681+0800: 448.588: [ParNew: 142961K->4975K(154880K), 0.0443720 secs] 4681226K->4543240K(6289088K), 0.0444554 secs] [Times: user=0.09 sys=0.00, real=0.04 secs]
         vmop                    [threads: total initially_running wait_to_block]    [time: spin block sync cleanup vmop] page_trap_count
448.588: GenCollectForAllocation          [      33          0              0    ]      [     0     0     0     0    44    ]  0
2017-11-22T07:14:02.725+0800: 448.632: Total time for which application threads were stopped: 0.0447727 seconds, Stopping threads took: 0.0000564 seconds
2017-11-22T07:14:03.317+0800: 449.224: [GC (Allocation Failure) 2017-11-22T07:14:03.317+0800: 449.224: [ParNew: 142703K->5102K(154880K), 0.0093310 secs] 4680968K->4543368K(6289088K), 0.0094335 secs] [Times: user=0.07 sys=0.00, real=0.01 secs]
         vmop                    [threads: total initially_running wait_to_block]    [time: spin block sync cleanup vmop] page_trap_count
449.224: GenCollectForAllocation          [      33          0              0    ]      [     0     0     0     0     9    ]  0
2017-11-22T07:14:03.327+0800: 449.234: Total time for which application threads were stopped: 0.0097697 seconds, Stopping threads took: 0.0000551 seconds
2017-11-22T07:14:03.942+0800: 449.849: [GC (Allocation Failure) 2017-11-22T07:14:03.942+0800: 449.849: [ParNew: 142830K->5165K(154880K), 0.0065104 secs] 4681096K->4543431K(6289088K), 0.0065895 secs] [Times: user=0.05 sys=0.00, real=0.00 secs]
         vmop                    [threads: total initially_running wait_to_block]    [time: spin block sync cleanup vmop] page_trap_count
449.849: GenCollectForAllocation          [      33          0              0    ]      [     0     0     0     0     6    ]  0
2017-11-22T07:14:03.949+0800: 449.856: Total time for which application threads were stopped: 0.0069248 seconds, Stopping threads took: 0.0000650 seconds
2017-11-22T07:14:04.568+0800: 450.475: [GC (Allocation Failure) 2017-11-22T07:14:04.568+0800: 450.475: [ParNew: 142893K->5103K(154880K), 0.0130691 secs] 4681159K->4543369K(6289088K), 0.0131727 secs] [Times: user=0.07 sys=0.00, real=0.02 secs]
         vmop                    [threads: total initially_running wait_to_block]    [time: spin block sync cleanup vmop] page_trap_count
450.475: GenCollectForAllocation          [      33          0              0    ]      [     0     0     0     0    13    ]  0
2017-11-22T07:14:04.581+0800: 450.488: Total time for which application threads were stopped: 0.0135042 seconds, Stopping threads took: 0.0000565 seconds
2017-11-22T07:14:05.191+0800: 451.098: [GC (Allocation Failure) 2017-11-22T07:14:05.191+0800: 451.098: [ParNew: 142831K->5297K(154880K), 0.0094389 secs] 4681097K->4543563K(6289088K), 0.0095249 secs] [Times: user=0.07 sys=0.00, real=0.02 secs]
         vmop                    [threads: total initially_running wait_to_block]    [time: spin block sync cleanup vmop] page_trap_count
451.098: GenCollectForAllocation          [      33          0              0    ]      [     0     0     0     0     9    ]  0
2017-11-22T07:14:05.201+0800: 451.108: Total time for which application threads were stopped: 0.0098781 seconds, Stopping threads took: 0.0000512 seconds
2017-11-22T07:14:05.817+0800: 451.724: [GC (Allocation Failure) 2017-11-22T07:14:05.817+0800: 451.724: [ParNew: 143025K->5290K(154880K), 0.0199371 secs] 4681291K->4543556K(6289088K), 0.0200461 secs] [Times: user=0.07 sys=0.00, real=0.02 secs]
         vmop                    [threads: total initially_running wait_to_block]    [time: spin block sync cleanup vmop] page_trap_count
451.724: GenCollectForAllocation          [      33          0              0    ]      [     0     0     0     0    20    ]  0
2017-11-22T07:14:05.837+0800: 451.744: Total time for which application threads were stopped: 0.0203911 seconds, Stopping threads took: 0.0000591 seconds
2017-11-22T07:14:06.433+0800: 452.340: [GC (Allocation Failure) 2017-11-22T07:14:06.434+0800: 452.341: [ParNew: 143018K->5295K(154880K), 0.0095517 secs] 4681284K->4543561K(6289088K), 0.0096370 secs] [Times: user=0.06 sys=0.01, real=0.01 secs]
         vmop                    [threads: total initially_running wait_to_block]    [time: spin block sync cleanup vmop] page_trap_count
452.340: GenCollectForAllocation          [      33          0              0    ]      [     0     0     0     0     9    ]  0
2017-11-22T07:14:06.443+0800: 452.350: Total time for which application threads were stopped: 0.0099860 seconds, Stopping threads took: 0.0000549 seconds
2017-11-22T07:14:07.212+0800: 453.119: [GC (Allocation Failure) 2017-11-22T07:14:07.213+0800: 453.119: [ParNew: 143023K->5360K(154880K), 0.0390907 secs] 4681289K->4543626K(6289088K), 0.0391646 secs] [Times: user=0.12 sys=0.00, real=0.04 secs]
         vmop                    [threads: total initially_running wait_to_block]    [time: spin block sync cleanup vmop] page_trap_count
453.119: GenCollectForAllocation          [      33          0              0    ]      [     0     0     0     0    39    ]  0
2017-11-22T07:14:07.252+0800: 453.159: Total time for which application threads were stopped: 0.0394465 seconds, Stopping threads took: 0.0000323 seconds
2017-11-22T07:14:07.684+0800: 453.591: [GC (Allocation Failure) 2017-11-22T07:14:07.684+0800: 453.591: [ParNew: 143088K->5293K(154880K), 0.0093842 secs] 4681354K->4543559K(6289088K), 0.0094646 secs] [Times: user=0.06 sys=0.00, real=0.01 secs]
         vmop                    [threads: total initially_running wait_to_block]    [time: spin block sync cleanup vmop] page_trap_count
453.591: GenCollectForAllocation          [      33          0              0    ]      [     0     0     0     0     9    ]  0
2017-11-22T07:14:07.694+0800: 453.601: Total time for which application threads were stopped: 0.0098374 seconds, Stopping threads took: 0.0000564 seconds
2017-11-22T07:14:08.272+0800: 454.179: [GC (Allocation Failure) 2017-11-22T07:14:08.272+0800: 454.179: [ParNew: 143021K->5168K(154880K), 0.0134406 secs] 4681287K->4543434K(6289088K), 0.0135375 secs] [Times: user=0.07 sys=0.00, real=0.02 secs]
         vmop                    [threads: total initially_running wait_to_block]    [time: spin block sync cleanup vmop] page_trap_count
454.179: GenCollectForAllocation          [      33          0              0    ]      [     0     0     0     0    13    ]  0
2017-11-22T07:14:08.286+0800: 454.193: Total time for which application threads were stopped: 0.0138596 seconds, Stopping threads took: 0.0000532 seconds
2017-11-22T07:14:08.849+0800: 454.756: [GC (Allocation Failure) 2017-11-22T07:14:08.850+0800: 454.756: [ParNew: 142896K->5231K(154880K), 0.0096642 secs] 4681162K->4543562K(6289088K), 0.0097553 secs] [Times: user=0.07 sys=0.00, real=0.01 secs]
         vmop                    [threads: total initially_running wait_to_block]    [time: spin block sync cleanup vmop] page_trap_count
454.756: GenCollectForAllocation          [      33          0              0    ]      [     0     0     0     0     9    ]  0
2017-11-22T07:14:08.859+0800: 454.766: Total time for which application threads were stopped: 0.0101206 seconds, Stopping threads took: 0.0000554 seconds
2017-11-22T07:14:09.465+0800: 455.372: [GC (Allocation Failure) 2017-11-22T07:14:09.465+0800: 455.372: [ParNew: 142959K->5040K(154880K), 0.0099052 secs] 4681290K->4543372K(6289088K), 0.0100110 secs] [Times: user=0.07 sys=0.00, real=0.01 secs]
         vmop                    [threads: total initially_running wait_to_block]    [time: spin block sync cleanup vmop] page_trap_count
455.372: GenCollectForAllocation          [      33          0              0    ]      [     0     0     0     0    10    ]  0
2017-11-22T07:14:09.475+0800: 455.382: Total time for which application threads were stopped: 0.0104320 seconds, Stopping threads took: 0.0000742 seconds
2017-11-22T07:14:10.035+0800: 455.942: [GC (Allocation Failure) 2017-11-22T07:14:10.035+0800: 455.942: [ParNew: 142768K->5103K(154880K), 0.0099783 secs] 4681100K->4543435K(6289088K), 0.0100593 secs] [Times: user=0.07 sys=0.00, real=0.01 secs]
         vmop                    [threads: total initially_running wait_to_block]    [time: spin block sync cleanup vmop] page_trap_count
455.942: GenCollectForAllocation          [      33          0              0    ]      [     0     0     0     0    10    ]  0
2017-11-22T07:14:10.046+0800: 455.953: Total time for which application threads were stopped: 0.0103623 seconds, Stopping threads took: 0.0000542 seconds
2017-11-22T07:14:10.611+0800: 456.518: [GC (Allocation Failure) 2017-11-22T07:14:10.611+0800: 456.518: [ParNew: 142831K->5290K(154880K), 0.0091878 secs] 4681163K->4543622K(6289088K), 0.0092849 secs] [Times: user=0.06 sys=0.00, real=0.01 secs]
         vmop                    [threads: total initially_running wait_to_block]    [time: spin block sync cleanup vmop] page_trap_count
456.518: GenCollectForAllocation          [      33          0              0    ]      [     0     0     0     0     9    ]  0
2017-11-22T07:14:10.620+0800: 456.527: Total time for which application threads were stopped: 0.0096020 seconds, Stopping threads took: 0.0000536 seconds
2017-11-22T07:14:11.222+0800: 457.129: [GC (Allocation Failure) 2017-11-22T07:14:11.222+0800: 457.129: [ParNew: 143018K->5040K(154880K), 0.0102234 secs] 4681350K->4543372K(6289088K), 0.0103042 secs] [Times: user=0.07 sys=0.00, real=0.00 secs]
         vmop                    [threads: total initially_running wait_to_block]    [time: spin block sync cleanup vmop] page_trap_count
457.129: GenCollectForAllocation          [      33          0              0    ]      [     0     0     0     0    10    ]  0
2017-11-22T07:14:11.233+0800: 457.140: Total time for which application threads were stopped: 0.0106684 seconds, Stopping threads took: 0.0000746 seconds
2017-11-22T07:14:11.796+0800: 457.703: [GC (Allocation Failure) 2017-11-22T07:14:11.796+0800: 457.703: [ParNew: 142768K->5229K(154880K), 0.0094470 secs] 4681100K->4543561K(6289088K), 0.0095292 secs] [Times: user=0.07 sys=0.00, real=0.01 secs]
         vmop                    [threads: total initially_running wait_to_block]    [time: spin block sync cleanup vmop] page_trap_count
457.702: GenCollectForAllocation          [      33          0              0    ]      [     0     0     0     0     9    ]  0
2017-11-22T07:14:11.805+0800: 457.712: Total time for which application threads were stopped: 0.0099355 seconds, Stopping threads took: 0.0001472 seconds
2017-11-22T07:14:12.369+0800: 458.276: [GC (Allocation Failure) 2017-11-22T07:14:12.369+0800: 458.276: [ParNew: 142957K->5165K(154880K), 0.0160885 secs] 4681289K->4543497K(6289088K), 0.0161899 secs] [Times: user=0.09 sys=0.00, real=0.02 secs]
         vmop                    [threads: total initially_running wait_to_block]    [time: spin block sync cleanup vmop] page_trap_count
458.276: GenCollectForAllocation          [      33          0              0    ]      [     0     0     0     0    16    ]  0
2017-11-22T07:14:12.386+0800: 458.292: Total time for which application threads were stopped: 0.0165277 seconds, Stopping threads took: 0.0000507 seconds
2017-11-22T07:14:12.974+0800: 458.881: [GC (Allocation Failure) 2017-11-22T07:14:12.974+0800: 458.881: [ParNew: 142893K->5038K(154880K), 0.0091800 secs] 4681225K->4543370K(6289088K), 0.0092642 secs] [Times: user=0.06 sys=0.00, real=0.01 secs]
         vmop                    [threads: total initially_running wait_to_block]    [time: spin block sync cleanup vmop] page_trap_count
458.881: GenCollectForAllocation          [      33          0              0    ]      [     0     0     0     0     9    ]  0
2017-11-22T07:14:12.983+0800: 458.890: Total time for which application threads were stopped: 0.0095923 seconds, Stopping threads took: 0.0000533 seconds
2017-11-22T07:14:13.508+0800: 459.415: [GC (Allocation Failure) 2017-11-22T07:14:13.508+0800: 459.415: [ParNew: 142766K->5102K(154880K), 0.0101430 secs] 4681098K->4543434K(6289088K), 0.0102420 secs] [Times: user=0.07 sys=0.00, real=0.01 secs]
         vmop                    [threads: total initially_running wait_to_block]    [time: spin block sync cleanup vmop] page_trap_count
459.415: GenCollectForAllocation          [      33          0              0    ]      [     0     0     0     0    10    ]  0
2017-11-22T07:14:13.518+0800: 459.425: Total time for which application threads were stopped: 0.0105822 seconds, Stopping threads took: 0.0000613 seconds
2017-11-22T07:14:14.035+0800: 459.942: [GC (Allocation Failure) 2017-11-22T07:14:14.035+0800: 459.942: [ParNew: 142830K->5229K(154880K), 0.0081281 secs] 4681162K->4543561K(6289088K), 0.0082166 secs] [Times: user=0.06 sys=0.00, real=0.01 secs]
         vmop                    [threads: total initially_running wait_to_block]    [time: spin block sync cleanup vmop] page_trap_count
459.942: GenCollectForAllocation          [      33          0              0    ]      [     0     0     0     0     8    ]  0
2017-11-22T07:14:14.044+0800: 459.951: Total time for which application threads were stopped: 0.0085391 seconds, Stopping threads took: 0.0000545 seconds
2017-11-22T07:14:14.594+0800: 460.501: [GC (Allocation Failure) 2017-11-22T07:14:14.594+0800: 460.501: [ParNew: 142957K->5163K(154880K), 0.0375764 secs] 4681289K->4543495K(6289088K), 0.0376709 secs] [Times: user=0.14 sys=0.00, real=0.03 secs]
         vmop                    [threads: total initially_running wait_to_block]    [time: spin block sync cleanup vmop] page_trap_count
460.500: GenCollectForAllocation          [      33          2              1    ]      [     0     0     0     0    37    ]  0
2017-11-22T07:14:14.631+0800: 460.538: Total time for which application threads were stopped: 0.0380698 seconds, Stopping threads took: 0.0001467 seconds
         vmop                    [threads: total initially_running wait_to_block]    [time: spin block sync cleanup vmop] page_trap_count
460.775: RevokeBias                       [      32          0              0    ]      [     0     0     0     0     0    ]  0
2017-11-22T07:14:14.868+0800: 460.775: Total time for which application threads were stopped: 0.0002252 seconds, Stopping threads took: 0.0000548 seconds
         vmop                    [threads: total initially_running wait_to_block]    [time: spin block sync cleanup vmop] page_trap_count
460.775: RevokeBias                       [      32          0              0    ]      [     0     0     0     0     0    ]  0
2017-11-22T07:14:14.868+0800: 460.775: Total time for which application threads were stopped: 0.0001319 seconds, Stopping threads took: 0.0000278 seconds
         vmop                    [threads: total initially_running wait_to_block]    [time: spin block sync cleanup vmop] page_trap_count
460.775: RevokeBias                       [      32          1              1    ]      [     0     0     0     0     0    ]  0
2017-11-22T07:14:14.869+0800: 460.776: Total time for which application threads were stopped: 0.0002422 seconds, Stopping threads took: 0.0001623 seconds
2017-11-22T07:14:15.111+0800: 461.018: [GC (Allocation Failure) 2017-11-22T07:14:15.112+0800: 461.018: [ParNew: 142891K->5103K(154880K), 0.0177169 secs] 4681223K->4543435K(6289088K), 0.0178109 secs] [Times: user=0.06 sys=0.00, real=0.02 secs]
         vmop                    [threads: total initially_running wait_to_block]    [time: spin block sync cleanup vmop] page_trap_count
461.018: GenCollectForAllocation          [      32          0              0    ]      [     0     0     0     0    17    ]  0
2017-11-22T07:14:15.129+0800: 461.036: Total time for which application threads were stopped: 0.0181484 seconds, Stopping threads took: 0.0000574 seconds
2017-11-22T07:14:15.633+0800: 461.540: [GC (Allocation Failure) 2017-11-22T07:14:15.633+0800: 461.540: [ParNew: 142831K->5165K(154880K), 0.0102953 secs] 4681163K->4543497K(6289088K), 0.0103901 secs] [Times: user=0.06 sys=0.00, real=0.01 secs]
         vmop                    [threads: total initially_running wait_to_block]    [time: spin block sync cleanup vmop] page_trap_count
461.540: GenCollectForAllocation          [      32          0              0    ]      [     0     0     0     0    10    ]  0
2017-11-22T07:14:15.643+0800: 461.550: Total time for which application threads were stopped: 0.0107235 seconds, Stopping threads took: 0.0000654 seconds
2017-11-22T07:14:16.194+0800: 462.101: [GC (Allocation Failure) 2017-11-22T07:14:16.194+0800: 462.101: [ParNew: 142893K->5006K(154880K), 0.0092488 secs] 4681225K->4543338K(6289088K), 0.0093298 secs] [Times: user=0.06 sys=0.00, real=0.01 secs]
         vmop                    [threads: total initially_running wait_to_block]    [time: spin block sync cleanup vmop] page_trap_count
462.100: GenCollectForAllocation          [      32          0              0    ]      [     0     0     0     0     9    ]  0
2017-11-22T07:14:16.203+0800: 462.110: Total time for which application threads were stopped: 0.0096341 seconds, Stopping threads took: 0.0000500 seconds
         vmop                    [threads: total initially_running wait_to_block]    [time: spin block sync cleanup vmop] page_trap_count
462.418: RevokeBias                       [      32          1              1    ]      [     0     0     0     0     0    ]  1
2017-11-22T07:14:16.512+0800: 462.419: Total time for which application threads were stopped: 0.0003147 seconds, Stopping threads took: 0.0000981 seconds
         vmop                    [threads: total initially_running wait_to_block]    [time: spin block sync cleanup vmop] page_trap_count
462.419: RevokeBias                       [      32          1              1    ]      [     0     0     0     0     0    ]  1
2017-11-22T07:14:16.512+0800: 462.419: Total time for which application threads were stopped: 0.0002370 seconds, Stopping threads took: 0.0000757 seconds
         vmop                    [threads: total initially_running wait_to_block]    [time: spin block sync cleanup vmop] page_trap_count
462.423: RevokeBias                       [      33          2              1    ]      [     0     0     0     0     0    ]  1
2017-11-22T07:14:16.517+0800: 462.424: Total time for which application threads were stopped: 0.0002878 seconds, Stopping threads took: 0.0001302 seconds
2017-11-22T07:14:16.578+0800: 462.485: [GC (Allocation Failure) 2017-11-22T07:14:16.579+0800: 462.486: [ParNew: 142734K->5135K(154880K), 0.0098193 secs] 4681066K->4543467K(6289088K), 0.0099076 secs] [Times: user=0.06 sys=0.00, real=0.01 secs]
         vmop                    [threads: total initially_running wait_to_block]    [time: spin block sync cleanup vmop] page_trap_count
462.485: GenCollectForAllocation          [      33          0              0    ]      [     0     0     0     0    10    ]  0
2017-11-22T07:14:16.589+0800: 462.496: Total time for which application threads were stopped: 0.0102426 seconds, Stopping threads took: 0.0000532 seconds
2017-11-22T07:14:16.900+0800: 462.807: [GC (Allocation Failure) 2017-11-22T07:14:16.900+0800: 462.807: [ParNew: 142863K->5197K(154880K), 0.0118494 secs] 4681195K->4543528K(6289088K), 0.0119588 secs] [Times: user=0.06 sys=0.00, real=0.01 secs]
         vmop                    [threads: total initially_running wait_to_block]    [time: spin block sync cleanup vmop] page_trap_count
462.806: GenCollectForAllocation          [      33          0              0    ]      [     0     0     0     0    12    ]  0
2017-11-22T07:14:16.912+0800: 462.819: Total time for which application threads were stopped: 0.0122703 seconds, Stopping threads took: 0.0000569 seconds
2017-11-22T07:14:17.292+0800: 463.199: [GC (Allocation Failure) 2017-11-22T07:14:17.292+0800: 463.199: [ParNew: 142925K->4562K(154880K), 0.0209338 secs] 4681256K->4542894K(6289088K), 0.0210371 secs] [Times: user=0.07 sys=0.00, real=0.03 secs]
         vmop                    [threads: total initially_running wait_to_block]    [time: spin block sync cleanup vmop] page_trap_count
463.198: GenCollectForAllocation          [      33          0              0    ]      [     0     0     0     0    21    ]  0
2017-11-22T07:14:17.313+0800: 463.220: Total time for which application threads were stopped: 0.0213602 seconds, Stopping threads took: 0.0000489 seconds
2017-11-22T07:14:17.567+0800: 463.474: [GC (Allocation Failure) 2017-11-22T07:14:17.567+0800: 463.474: [ParNew: 142290K->5008K(154880K), 0.0117356 secs] 4680622K->4543340K(6289088K), 0.0118178 secs] [Times: user=0.07 sys=0.00, real=0.01 secs]
         vmop                    [threads: total initially_running wait_to_block]    [time: spin block sync cleanup vmop] page_trap_count
463.474: GenCollectForAllocation          [      33          0              0    ]      [     0     0     0     0    11    ]  0
2017-11-22T07:14:17.579+0800: 463.486: Total time for which application threads were stopped: 0.0121085 seconds, Stopping threads took: 0.0000475 seconds
2017-11-22T07:14:17.889+0800: 463.796: [GC (Allocation Failure) 2017-11-22T07:14:17.889+0800: 463.796: [ParNew: 142736K->5073K(154880K), 0.0103816 secs] 4681068K->4543405K(6289088K), 0.0104567 secs] [Times: user=0.06 sys=0.00, real=0.01 secs]
         vmop                    [threads: total initially_running wait_to_block]    [time: spin block sync cleanup vmop] page_trap_count
463.796: GenCollectForAllocation          [      33          0              0    ]      [     0     0     0     0    10    ]  0
2017-11-22T07:14:17.899+0800: 463.806: Total time for which application threads were stopped: 0.0107589 seconds, Stopping threads took: 0.0000466 seconds
2017-11-22T07:14:18.210+0800: 464.117: [GC (Allocation Failure) 2017-11-22T07:14:18.210+0800: 464.117: [ParNew: 142801K->5070K(154880K), 0.0099697 secs] 4681133K->4543401K(6289088K), 0.0100628 secs] [Times: user=0.07 sys=0.00, real=0.01 secs]
         vmop                    [threads: total initially_running wait_to_block]    [time: spin block sync cleanup vmop] page_trap_count
464.117: GenCollectForAllocation          [      33          0              0    ]      [     0     0     0     0    10    ]  0
2017-11-22T07:14:18.220+0800: 464.127: Total time for which application threads were stopped: 0.0104584 seconds, Stopping threads took: 0.0000798 seconds
2017-11-22T07:14:18.531+0800: 464.438: [GC (Allocation Failure) 2017-11-22T07:14:18.531+0800: 464.438: [ParNew: 142798K->5167K(154880K), 0.0107866 secs] 4681129K->4543531K(6289088K), 0.0109246 secs] [Times: user=0.07 sys=0.00, real=0.02 secs]
         vmop                    [threads: total initially_running wait_to_block]    [time: spin block sync cleanup vmop] page_trap_count
464.438: GenCollectForAllocation          [      33          0              0    ]      [     0     0     0     0    11    ]  0
2017-11-22T07:14:18.542+0800: 464.449: Total time for which application threads were stopped: 0.0113093 seconds, Stopping threads took: 0.0000678 seconds
2017-11-22T07:14:18.851+0800: 464.758: [GC (Allocation Failure) 2017-11-22T07:14:18.851+0800: 464.758: [ParNew: 142895K->5165K(154880K), 0.0092446 secs] 4681259K->4543529K(6289088K), 0.0093355 secs] [Times: user=0.07 sys=0.00, real=0.02 secs]
         vmop                    [threads: total initially_running wait_to_block]    [time: spin block sync cleanup vmop] page_trap_count
464.758: GenCollectForAllocation          [      33          0              0    ]      [     0     0     0     0     9    ]  0
2017-11-22T07:14:18.861+0800: 464.768: Total time for which application threads were stopped: 0.0096693 seconds, Stopping threads took: 0.0000552 seconds
2017-11-22T07:14:19.173+0800: 465.080: [GC (Allocation Failure) 2017-11-22T07:14:19.173+0800: 465.080: [ParNew: 142893K->5231K(154880K), 0.0129481 secs] 4681257K->4543595K(6289088K), 0.0130361 secs] [Times: user=0.06 sys=0.00, real=0.01 secs]
         vmop                    [threads: total initially_running wait_to_block]    [time: spin block sync cleanup vmop] page_trap_count
465.080: GenCollectForAllocation          [      33          0              0    ]      [     0     0     0     0    13    ]  0
2017-11-22T07:14:19.186+0800: 465.093: Total time for which application threads were stopped: 0.0133270 seconds, Stopping threads took: 0.0000498 seconds
2017-11-22T07:14:19.518+0800: 465.425: [GC (Allocation Failure) 2017-11-22T07:14:19.518+0800: 465.425: [ParNew: 142957K->5233K(154880K), 0.0075775 secs] 4681321K->4543597K(6289088K), 0.0076630 secs] [Times: user=0.06 sys=0.00, real=0.01 secs]
         vmop                    [threads: total initially_running wait_to_block]    [time: spin block sync cleanup vmop] page_trap_count
465.425: GenCollectForAllocation          [      33          1              1    ]      [     0     0     0     0     7    ]  1
2017-11-22T07:14:19.526+0800: 465.433: Total time for which application threads were stopped: 0.0080397 seconds, Stopping threads took: 0.0001209 seconds
2017-11-22T07:14:19.853+0800: 465.760: [GC (Allocation Failure) 2017-11-22T07:14:19.853+0800: 465.760: [ParNew: 142961K->5042K(154880K), 0.0079438 secs] 4681325K->4543406K(6289088K), 0.0080618 secs] [Times: user=0.07 sys=0.00, real=0.02 secs]
         vmop                    [threads: total initially_running wait_to_block]    [time: spin block sync cleanup vmop] page_trap_count
465.759: GenCollectForAllocation          [      33          0              0    ]      [     0     0     0     0     8    ]  0
2017-11-22T07:14:19.861+0800: 465.768: Total time for which application threads were stopped: 0.0083776 seconds, Stopping threads took: 0.0000536 seconds
2017-11-22T07:14:20.190+0800: 466.097: [GC (Allocation Failure) 2017-11-22T07:14:20.190+0800: 466.097: [ParNew: 142770K->5102K(154880K), 0.0176447 secs] 4681134K->4543466K(6289088K), 0.0177384 secs] [Times: user=0.08 sys=0.00, real=0.02 secs]
         vmop                    [threads: total initially_running wait_to_block]    [time: spin block sync cleanup vmop] page_trap_count
466.097: GenCollectForAllocation          [      33          0              0    ]      [     0     0     0     0    17    ]  0
2017-11-22T07:14:20.208+0800: 466.115: Total time for which application threads were stopped: 0.0181108 seconds, Stopping threads took: 0.0000613 seconds
2017-11-22T07:14:20.539+0800: 466.446: [GC (Allocation Failure) 2017-11-22T07:14:20.539+0800: 466.446: [ParNew: 142830K->5167K(154880K), 0.0153646 secs] 4681194K->4543531K(6289088K), 0.0154585 secs] [Times: user=0.11 sys=0.00, real=0.02 secs]
         vmop                    [threads: total initially_running wait_to_block]    [time: spin block sync cleanup vmop] page_trap_count
466.445: GenCollectForAllocation          [      33          0              0    ]      [     0     0     0     0    15    ]  0
2017-11-22T07:14:20.554+0800: 466.461: Total time for which application threads were stopped: 0.0157611 seconds, Stopping threads took: 0.0000499 seconds
2017-11-22T07:14:20.901+0800: 466.808: [GC (Allocation Failure) 2017-11-22T07:14:20.901+0800: 466.808: [ParNew: 142895K->5229K(154880K), 0.0103123 secs] 4681259K->4543593K(6289088K), 0.0104101 secs] [Times: user=0.07 sys=0.00, real=0.00 secs]
         vmop                    [threads: total initially_running wait_to_block]    [time: spin block sync cleanup vmop] page_trap_count
466.808: GenCollectForAllocation          [      33          0              0    ]      [     0     0     0     0    10    ]  0
2017-11-22T07:14:20.912+0800: 466.819: Total time for which application threads were stopped: 0.0107432 seconds, Stopping threads took: 0.0000808 seconds
2017-11-22T07:14:21.286+0800: 467.193: [GC (Allocation Failure) 2017-11-22T07:14:21.286+0800: 467.193: [ParNew: 142957K->4972K(154880K), 0.0115593 secs] 4681321K->4543336K(6289088K), 0.0116376 secs] [Times: user=0.06 sys=0.00, real=0.01 secs]
         vmop                    [threads: total initially_running wait_to_block]    [time: spin block sync cleanup vmop] page_trap_count
467.193: GenCollectForAllocation          [      33          0              0    ]      [     0     0     0     0    11    ]  0
2017-11-22T07:14:21.298+0800: 467.205: Total time for which application threads were stopped: 0.0119484 seconds, Stopping threads took: 0.0000610 seconds
2017-11-22T07:14:21.654+0800: 467.561: [GC (Allocation Failure) 2017-11-22T07:14:21.654+0800: 467.561: [ParNew: 142700K->5038K(154880K), 0.0128701 secs] 4681064K->4543402K(6289088K), 0.0129616 secs] [Times: user=0.07 sys=0.00, real=0.01 secs]
         vmop                    [threads: total initially_running wait_to_block]    [time: spin block sync cleanup vmop] page_trap_count
467.561: GenCollectForAllocation          [      33          0              0    ]      [     0     0     0     0    13    ]  0
2017-11-22T07:14:21.667+0800: 467.574: Total time for which application threads were stopped: 0.0132688 seconds, Stopping threads took: 0.0000472 seconds
2017-11-22T07:14:22.009+0800: 467.916: [GC (Allocation Failure) 2017-11-22T07:14:22.009+0800: 467.916: [ParNew: 142766K->4974K(154880K), 0.0101000 secs] 4681130K->4543338K(6289088K), 0.0101806 secs] [Times: user=0.07 sys=0.01, real=0.01 secs]
         vmop                    [threads: total initially_running wait_to_block]    [time: spin block sync cleanup vmop] page_trap_count
467.915: GenCollectForAllocation          [      33          0              0    ]      [     0     0     0     0    10    ]  0
2017-11-22T07:14:22.019+0800: 467.926: Total time for which application threads were stopped: 0.0104975 seconds, Stopping threads took: 0.0000459 seconds
2017-11-22T07:14:22.500+0800: 468.407: [GC (Allocation Failure) 2017-11-22T07:14:22.500+0800: 468.407: [ParNew: 142702K->4023K(154880K), 0.0096542 secs] 4681066K->4542388K(6289088K), 0.0097570 secs] [Times: user=0.07 sys=0.00, real=0.01 secs]
         vmop                    [threads: total initially_running wait_to_block]    [time: spin block sync cleanup vmop] page_trap_count
468.407: GenCollectForAllocation          [      33          0              0    ]      [     0     0     0     0     9    ]  0
2017-11-22T07:14:22.510+0800: 468.417: Total time for which application threads were stopped: 0.0100615 seconds, Stopping threads took: 0.0000495 seconds
2017-11-22T07:14:22.730+0800: 468.637: [GC (Allocation Failure) 2017-11-22T07:14:22.730+0800: 468.637: [ParNew: 141751K->5104K(154880K), 0.0109220 secs] 4680116K->4543468K(6289088K), 0.0110052 secs] [Times: user=0.06 sys=0.00, real=0.02 secs]
         vmop                    [threads: total initially_running wait_to_block]    [time: spin block sync cleanup vmop] page_trap_count
468.637: GenCollectForAllocation          [      33          0              0    ]      [     0     0     0     0    11    ]  0
2017-11-22T07:14:22.741+0800: 468.648: Total time for which application threads were stopped: 0.0112883 seconds, Stopping threads took: 0.0000480 seconds
2017-11-22T07:14:23.097+0800: 469.004: [GC (Allocation Failure) 2017-11-22T07:14:23.097+0800: 469.004: [ParNew: 142832K->5229K(154880K), 0.0108216 secs] 4681196K->4543593K(6289088K), 0.0109168 secs] [Times: user=0.07 sys=0.00, real=0.01 secs]
         vmop                    [threads: total initially_running wait_to_block]    [time: spin block sync cleanup vmop] page_trap_count
469.003: GenCollectForAllocation          [      33          0              0    ]      [     0     0     0     0    11    ]  0
2017-11-22T07:14:23.108+0800: 469.015: Total time for which application threads were stopped: 0.0112404 seconds, Stopping threads took: 0.0000530 seconds
2017-11-22T07:14:23.452+0800: 469.358: [GC (Allocation Failure) 2017-11-22T07:14:23.452+0800: 469.359: [ParNew: 142957K->5294K(154880K), 0.0096750 secs] 4681321K->4543658K(6289088K), 0.0097613 secs] [Times: user=0.07 sys=0.00, real=0.02 secs]
         vmop                    [threads: total initially_running wait_to_block]    [time: spin block sync cleanup vmop] page_trap_count
469.358: GenCollectForAllocation          [      33          0              0    ]      [     0     0     0     0     9    ]  0
2017-11-22T07:14:23.461+0800: 469.368: Total time for which application threads were stopped: 0.0100825 seconds, Stopping threads took: 0.0000474 seconds
2017-11-22T07:14:23.846+0800: 469.753: [GC (Allocation Failure) 2017-11-22T07:14:23.846+0800: 469.753: [ParNew: 143022K->5228K(154880K), 0.0097379 secs] 4681386K->4543593K(6289088K), 0.0098289 secs] [Times: user=0.07 sys=0.00, real=0.01 secs]
         vmop                    [threads: total initially_running wait_to_block]    [time: spin block sync cleanup vmop] page_trap_count
469.753: GenCollectForAllocation          [      33          0              1    ]      [     0     0     0     0     9    ]  0
2017-11-22T07:14:23.856+0800: 469.763: Total time for which application threads were stopped: 0.0101969 seconds, Stopping threads took: 0.0000873 seconds
2017-11-22T07:14:24.162+0800: 470.069: [GC (Allocation Failure) 2017-11-22T07:14:24.162+0800: 470.069: [ParNew: 142956K->5292K(154880K), 0.0112995 secs] 4681321K->4543656K(6289088K), 0.0114112 secs] [Times: user=0.08 sys=0.00, real=0.01 secs]
         vmop                    [threads: total initially_running wait_to_block]    [time: spin block sync cleanup vmop] page_trap_count
470.068: GenCollectForAllocation          [      33          0              0    ]      [     0     0     0     0    11    ]  0
2017-11-22T07:14:24.173+0800: 470.080: Total time for which application threads were stopped: 0.0120302 seconds, Stopping threads took: 0.0000979 seconds
2017-11-22T07:14:24.671+0800: 470.578: [GC (Allocation Failure) 2017-11-22T07:14:24.671+0800: 470.578: [ParNew: 143020K->4529K(154880K), 0.0099828 secs] 4681384K->4542894K(6289088K), 0.0100816 secs] [Times: user=0.08 sys=0.00, real=0.02 secs]
         vmop                    [threads: total initially_running wait_to_block]    [time: spin block sync cleanup vmop] page_trap_count
470.578: GenCollectForAllocation          [      33          1              1    ]      [     0     0     0     0    10    ]  1
2017-11-22T07:14:24.682+0800: 470.589: Total time for which application threads were stopped: 0.0104632 seconds, Stopping threads took: 0.0001042 seconds
2017-11-22T07:14:24.853+0800: 470.760: [GC (Allocation Failure) 2017-11-22T07:14:24.853+0800: 470.760: [ParNew: 142257K->5102K(154880K), 0.0064913 secs] 4680622K->4543466K(6289088K), 0.0065645 secs] [Times: user=0.05 sys=0.00, real=0.00 secs]
         vmop                    [threads: total initially_running wait_to_block]    [time: spin block sync cleanup vmop] page_trap_count
470.760: GenCollectForAllocation          [      33          0              0    ]      [     0     0     0     0     6    ]  0
2017-11-22T07:14:24.860+0800: 470.767: Total time for which application threads were stopped: 0.0068890 seconds, Stopping threads took: 0.0000591 seconds
2017-11-22T07:14:25.173+0800: 471.080: [GC (Allocation Failure) 2017-11-22T07:14:25.173+0800: 471.080: [ParNew: 142830K->5106K(154880K), 0.0075729 secs] 4681194K->4543470K(6289088K), 0.0076688 secs] [Times: user=0.05 sys=0.00, real=0.01 secs]
         vmop                    [threads: total initially_running wait_to_block]    [time: spin block sync cleanup vmop] page_trap_count
471.080: GenCollectForAllocation          [      33          0              0    ]      [     0     0     0     0     7    ]  0
2017-11-22T07:14:25.181+0800: 471.088: Total time for which application threads were stopped: 0.0080525 seconds, Stopping threads took: 0.0000539 seconds
2017-11-22T07:14:25.495+0800: 471.402: [GC (Allocation Failure) 2017-11-22T07:14:25.495+0800: 471.402: [ParNew: 142834K->5163K(154880K), 0.0097328 secs] 4681198K->4543527K(6289088K), 0.0098263 secs] [Times: user=0.06 sys=0.00, real=0.01 secs]
         vmop                    [threads: total initially_running wait_to_block]    [time: spin block sync cleanup vmop] page_trap_count
471.402: GenCollectForAllocation          [      33          0              0    ]      [     0     0     0     0     9    ]  0
2017-11-22T07:14:25.505+0800: 471.412: Total time for which application threads were stopped: 0.0101686 seconds, Stopping threads took: 0.0000601 seconds
2017-11-22T07:14:25.816+0800: 471.723: [GC (Allocation Failure) 2017-11-22T07:14:25.816+0800: 471.723: [ParNew: 142891K->5231K(154880K), 0.0081085 secs] 4681255K->4543595K(6289088K), 0.0081861 secs] [Times: user=0.07 sys=0.00, real=0.01 secs]
         vmop                    [threads: total initially_running wait_to_block]    [time: spin block sync cleanup vmop] page_trap_count
471.723: GenCollectForAllocation          [      33          0              0    ]      [     0     0     0     0     8    ]  0
2017-11-22T07:14:25.824+0800: 471.731: Total time for which application threads were stopped: 0.0084825 seconds, Stopping threads took: 0.0000515 seconds
2017-11-22T07:14:26.166+0800: 472.073: [GC (Allocation Failure) 2017-11-22T07:14:26.166+0800: 472.073: [ParNew: 142959K->5231K(154880K), 0.0102292 secs] 4681323K->4543595K(6289088K), 0.0103165 secs] [Times: user=0.07 sys=0.00, real=0.01 secs]
         vmop                    [threads: total initially_running wait_to_block]    [time: spin block sync cleanup vmop] page_trap_count
472.073: GenCollectForAllocation          [      33          0              1    ]      [     0     0     0     0    10    ]  0
2017-11-22T07:14:26.176+0800: 472.083: Total time for which application threads were stopped: 0.0106866 seconds, Stopping threads took: 0.0001009 seconds
2017-11-22T07:14:26.483+0800: 472.390: [GC (Allocation Failure) 2017-11-22T07:14:26.483+0800: 472.390: [ParNew: 142959K->4975K(154880K), 0.0107621 secs] 4681323K->4543339K(6289088K), 0.0108677 secs] [Times: user=0.06 sys=0.00, real=0.01 secs]
         vmop                    [threads: total initially_running wait_to_block]    [time: spin block sync cleanup vmop] page_trap_count
472.390: GenCollectForAllocation          [      33          1              0    ]      [     0     0     0     0    10    ]  0
2017-11-22T07:14:26.494+0800: 472.401: Total time for which application threads were stopped: 0.0113561 seconds, Stopping threads took: 0.0001595 seconds
2017-11-22T07:14:26.802+0800: 472.709: [GC (Allocation Failure) 2017-11-22T07:14:26.802+0800: 472.709: [ParNew: 142703K->5102K(154880K), 0.0122410 secs] 4681067K->4543466K(6289088K), 0.0123383 secs] [Times: user=0.07 sys=0.00, real=0.01 secs]
         vmop                    [threads: total initially_running wait_to_block]    [time: spin block sync cleanup vmop] page_trap_count
472.709: GenCollectForAllocation          [      32          1              1    ]      [     0     0     0     0    12    ]  0
2017-11-22T07:14:26.815+0800: 472.722: Total time for which application threads were stopped: 0.0127614 seconds, Stopping threads took: 0.0001096 seconds
2017-11-22T07:14:27.122+0800: 473.029: [GC (Allocation Failure) 2017-11-22T07:14:27.122+0800: 473.029: [ParNew: 142830K->5104K(154880K), 0.0087709 secs] 4681194K->4543468K(6289088K), 0.0088593 secs] [Times: user=0.06 sys=0.00, real=0.00 secs]
         vmop                    [threads: total initially_running wait_to_block]    [time: spin block sync cleanup vmop] page_trap_count
473.029: GenCollectForAllocation          [      32          1              1    ]      [     0     0     0     0     8    ]  1
2017-11-22T07:14:27.131+0800: 473.038: Total time for which application threads were stopped: 0.0092139 seconds, Stopping threads took: 0.0000744 seconds
2017-11-22T07:14:27.444+0800: 473.351: [GC (Allocation Failure) 2017-11-22T07:14:27.444+0800: 473.351: [ParNew: 142832K->5038K(154880K), 0.0073161 secs] 4681196K->4543402K(6289088K), 0.0074173 secs] [Times: user=0.06 sys=0.00, real=0.00 secs]
         vmop                    [threads: total initially_running wait_to_block]    [time: spin block sync cleanup vmop] page_trap_count
473.351: GenCollectForAllocation          [      32          0              0    ]      [     0     0     0     0     7    ]  0
2017-11-22T07:14:27.452+0800: 473.359: Total time for which application threads were stopped: 0.0077114 seconds, Stopping threads took: 0.0000530 seconds
2017-11-22T07:14:27.773+0800: 473.680: [GC (Allocation Failure) 2017-11-22T07:14:27.773+0800: 473.680: [ParNew: 142766K->5009K(154880K), 0.0096118 secs] 4681130K->4543373K(6289088K), 0.0097057 secs] [Times: user=0.08 sys=0.00, real=0.01 secs]
         vmop                    [threads: total initially_running wait_to_block]    [time: spin block sync cleanup vmop] page_trap_count
473.680: GenCollectForAllocation          [      32          0              0    ]      [     0     0     0     0     9    ]  0
2017-11-22T07:14:27.783+0800: 473.690: Total time for which application threads were stopped: 0.0100256 seconds, Stopping threads took: 0.0000537 seconds
         vmop                    [threads: total initially_running wait_to_block]    [time: spin block sync cleanup vmop] page_trap_count
473.863: RevokeBias                       [      32          3              2    ]      [     0     0     0     0     0    ]  1
2017-11-22T07:14:27.957+0800: 473.864: Total time for which application threads were stopped: 0.0004845 seconds, Stopping threads took: 0.0002511 seconds
         vmop                    [threads: total initially_running wait_to_block]    [time: spin block sync cleanup vmop] page_trap_count
473.864: BulkRevokeBias                   [      32          1              2    ]      [     0     0     0     0     0    ]  1
2017-11-22T07:14:27.957+0800: 473.864: Total time for which application threads were stopped: 0.0003573 seconds, Stopping threads took: 0.0000897 seconds
         vmop                    [threads: total initially_running wait_to_block]    [time: spin block sync cleanup vmop] page_trap_count
473.864: RevokeBias                       [      32          1              2    ]      [     0     0     0     0     0    ]  1
2017-11-22T07:14:27.958+0800: 473.865: Total time for which application threads were stopped: 0.0001936 seconds, Stopping threads took: 0.0000899 seconds
         vmop                    [threads: total initially_running wait_to_block]    [time: spin block sync cleanup vmop] page_trap_count
473.869: RevokeBias                       [      33          1              1    ]      [     0     0     0     0     0    ]  1
2017-11-22T07:14:27.962+0800: 473.869: Total time for which application threads were stopped: 0.0002564 seconds, Stopping threads took: 0.0000945 seconds
2017-11-22T07:14:28.042+0800: 473.949: [GC (Allocation Failure) 2017-11-22T07:14:28.042+0800: 473.949: [ParNew: 142737K->5257K(154880K), 0.0143686 secs] 4681101K->4543622K(6289088K), 0.0144564 secs] [Times: user=0.06 sys=0.00, real=0.01 secs]
         vmop                    [threads: total initially_running wait_to_block]    [time: spin block sync cleanup vmop] page_trap_count
473.948: GenCollectForAllocation          [      33          0              0    ]      [     0     0     0     0    14    ]  0
2017-11-22T07:14:28.056+0800: 473.963: Total time for which application threads were stopped: 0.0147541 seconds, Stopping threads took: 0.0000361 seconds
2017-11-22T07:14:28.323+0800: 474.230: [GC (Allocation Failure) 2017-11-22T07:14:28.323+0800: 474.230: [ParNew: 142985K->5006K(154880K), 0.0115128 secs] 4681350K->4543370K(6289088K), 0.0115932 secs] [Times: user=0.08 sys=0.00, real=0.01 secs]
         vmop                    [threads: total initially_running wait_to_block]    [time: spin block sync cleanup vmop] page_trap_count
474.230: GenCollectForAllocation          [      33          0              0    ]      [     0     0     0     0    11    ]  0
2017-11-22T07:14:28.335+0800: 474.242: Total time for which application threads were stopped: 0.0119090 seconds, Stopping threads took: 0.0000577 seconds
2017-11-22T07:14:28.604+0800: 474.511: [GC (Allocation Failure) 2017-11-22T07:14:28.604+0800: 474.511: [ParNew: 142734K->5004K(154880K), 0.0310665 secs] 4681098K->4543368K(6289088K), 0.0311781 secs] [Times: user=0.17 sys=0.00, real=0.03 secs]
         vmop                    [threads: total initially_running wait_to_block]    [time: spin block sync cleanup vmop] page_trap_count
474.511: GenCollectForAllocation          [      33          0              0    ]      [     0     0     0     0    31    ]  0
2017-11-22T07:14:28.635+0800: 474.542: Total time for which application threads were stopped: 0.0315216 seconds, Stopping threads took: 0.0000583 seconds
2017-11-22T07:14:28.888+0800: 474.795: [GC (Allocation Failure) 2017-11-22T07:14:28.888+0800: 474.795: [ParNew: 142732K->5005K(154880K), 0.0079041 secs] 4681096K->4543369K(6289088K), 0.0079770 secs] [Times: user=0.06 sys=0.00, real=0.01 secs]
         vmop                    [threads: total initially_running wait_to_block]    [time: spin block sync cleanup vmop] page_trap_count
474.795: GenCollectForAllocation          [      33          0              0    ]      [     0     0     0     0     8    ]  0
2017-11-22T07:14:28.896+0800: 474.803: Total time for which application threads were stopped: 0.0082780 seconds, Stopping threads took: 0.0000528 seconds
2017-11-22T07:14:29.165+0800: 475.072: [GC (Allocation Failure) 2017-11-22T07:14:29.165+0800: 475.072: [ParNew: 142733K->5134K(154880K), 0.0067507 secs] 4681097K->4543499K(6289088K), 0.0068353 secs] [Times: user=0.05 sys=0.00, real=0.00 secs]
         vmop                    [threads: total initially_running wait_to_block]    [time: spin block sync cleanup vmop] page_trap_count
475.072: GenCollectForAllocation          [      33          0              0    ]      [     0     0     0     0     6    ]  0
2017-11-22T07:14:29.172+0800: 475.079: Total time for which application threads were stopped: 0.0071695 seconds, Stopping threads took: 0.0000572 seconds
2017-11-22T07:14:29.444+0800: 475.351: [GC (Allocation Failure) 2017-11-22T07:14:29.444+0800: 475.351: [ParNew: 142862K->5069K(154880K), 0.0320412 secs] 4681227K->4543434K(6289088K), 0.0321254 secs] [Times: user=0.17 sys=0.00, real=0.03 secs]
         vmop                    [threads: total initially_running wait_to_block]    [time: spin block sync cleanup vmop] page_trap_count
475.351: GenCollectForAllocation          [      33          0              0    ]      [     0     0     0     0    32    ]  0
2017-11-22T07:14:29.477+0800: 475.383: Total time for which application threads were stopped: 0.0324392 seconds, Stopping threads took: 0.0000477 seconds
         vmop                    [threads: total initially_running wait_to_block]    [time: spin block sync cleanup vmop] page_trap_count
475.826: RevokeBias                       [      31          0              0    ]      [     0     0     0     0     0    ]  0
2017-11-22T07:14:29.919+0800: 475.826: Total time for which application threads were stopped: 0.0002462 seconds, Stopping threads took: 0.0000550 seconds
         vmop                    [threads: total initially_running wait_to_block]    [time: spin block sync cleanup vmop] page_trap_count
475.826: RevokeBias                       [      31          0              0    ]      [     0     0     0     0     0    ]  0
2017-11-22T07:14:29.920+0800: 475.827: Total time for which application threads were stopped: 0.0001271 seconds, Stopping threads took: 0.0000301 seconds
         vmop                    [threads: total initially_running wait_to_block]    [time: spin block sync cleanup vmop] page_trap_count
476.827: no vm operation                  [      31          0              0    ]      [     0     0     0     0     0    ]  0
2017-11-22T07:14:30.920+0800: 476.827: Total time for which application threads were stopped: 0.0001713 seconds, Stopping threads took: 0.0000326 seconds
         vmop                    [threads: total initially_running wait_to_block]    [time: spin block sync cleanup vmop] page_trap_count
495.828: no vm operation                  [      30          0              0    ]      [     0     0     0     0     0    ]  0
2017-11-22T07:14:49.922+0800: 495.829: Total time for which application threads were stopped: 0.0002537 seconds, Stopping threads took: 0.0000920 seconds
         vmop                    [threads: total initially_running wait_to_block]    [time: spin block sync cleanup vmop] page_trap_count
508.830: no vm operation                  [      30          0              0    ]      [     0     0     0     0     0    ]  0
2017-11-22T07:15:02.923+0800: 508.830: Total time for which application threads were stopped: 0.0002072 seconds, Stopping threads took: 0.0000622 seconds
         vmop                    [threads: total initially_running wait_to_block]    [time: spin block sync cleanup vmop] page_trap_count
535.829: RevokeBias                       [      30          0              0    ]      [     0     0     0     0     0    ]  0
2017-11-22T07:15:29.922+0800: 535.829: Total time for which application threads were stopped: 0.0002451 seconds, Stopping threads took: 0.0000745 seconds
         vmop                    [threads: total initially_running wait_to_block]    [time: spin block sync cleanup vmop] page_trap_count
536.776: RevokeBias                       [      28          0              0    ]      [     0     0     0     0     0    ]  0
2017-11-22T07:15:30.869+0800: 536.776: Total time for which application threads were stopped: 0.0002428 seconds, Stopping threads took: 0.0000597 seconds
         vmop                    [threads: total initially_running wait_to_block]    [time: spin block sync cleanup vmop] page_trap_count
536.776: RevokeBias                       [      28          0              0    ]      [     0     0     0     0     0    ]  0
2017-11-22T07:15:30.869+0800: 536.776: Total time for which application threads were stopped: 0.0001196 seconds, Stopping threads took: 0.0000355 seconds
         vmop                    [threads: total initially_running wait_to_block]    [time: spin block sync cleanup vmop] page_trap_count
541.777: no vm operation                  [      27          0              0    ]      [     0     0     0     0     0    ]  0
2017-11-22T07:15:35.870+0800: 541.777: Total time for which application threads were stopped: 0.0002124 seconds, Stopping threads took: 0.0000670 seconds
         vmop                    [threads: total initially_running wait_to_block]    [time: spin block sync cleanup vmop] page_trap_count
545.777: no vm operation                  [      27          0              0    ]      [     0     0     0     0     0    ]  0
2017-11-22T07:15:39.871+0800: 545.778: Total time for which application threads were stopped: 0.0001774 seconds, Stopping threads took: 0.0000359 seconds
         vmop                    [threads: total initially_running wait_to_block]    [time: spin block sync cleanup vmop] page_trap_count
575.780: no vm operation                  [      27          0              0    ]      [     0     0     0     0     0    ]  0
2017-11-22T07:16:09.873+0800: 575.780: Total time for which application threads were stopped: 0.0002169 seconds, Stopping threads took: 0.0000694 seconds
         vmop                    [threads: total initially_running wait_to_block]    [time: spin block sync cleanup vmop] page_trap_count
585.781: no vm operation                  [      27          0              0    ]      [     0     0     0     0     0    ]  0
2017-11-22T07:16:19.874+0800: 585.781: Total time for which application threads were stopped: 0.0001705 seconds, Stopping threads took: 0.0000334 seconds
         vmop                    [threads: total initially_running wait_to_block]    [time: spin block sync cleanup vmop] page_trap_count
595.782: no vm operation                  [      27          0              0    ]      [     0     0     0     0     0    ]  0
2017-11-22T07:16:29.875+0800: 595.782: Total time for which application threads were stopped: 0.0001728 seconds, Stopping threads took: 0.0000344 seconds
         vmop                    [threads: total initially_running wait_to_block]    [time: spin block sync cleanup vmop] page_trap_count
599.783: no vm operation                  [      27          0              0    ]      [     0     0     0     0     0    ]  0
2017-11-22T07:16:33.876+0800: 599.783: Total time for which application threads were stopped: 0.0002260 seconds, Stopping threads took: 0.0000544 seconds
         vmop                    [threads: total initially_running wait_to_block]    [time: spin block sync cleanup vmop] page_trap_count
656.028: RevokeBias                       [      27          0              2    ]      [     0     0     0     0     0    ]  0
2017-11-22T07:17:30.121+0800: 656.028: Total time for which application threads were stopped: 0.0007212 seconds, Stopping threads took: 0.0005473 seconds
         vmop                    [threads: total initially_running wait_to_block]    [time: spin block sync cleanup vmop] page_trap_count
656.028: RevokeBias                       [      27          0              1    ]      [     0     0     0     0     0    ]  0
2017-11-22T07:17:30.122+0800: 656.029: Total time for which application threads were stopped: 0.0001338 seconds, Stopping threads took: 0.0000508 seconds
         vmop                    [threads: total initially_running wait_to_block]    [time: spin block sync cleanup vmop] page_trap_count
656.029: RevokeBias                       [      27          0              1    ]      [     0     0     0     0     0    ]  0
2017-11-22T07:17:30.122+0800: 656.029: Total time for which application threads were stopped: 0.0001139 seconds, Stopping threads took: 0.0000603 seconds
         vmop                    [threads: total initially_running wait_to_block]    [time: spin block sync cleanup vmop] page_trap_count
656.029: RevokeBias                       [      27          0              2    ]      [     0     0     0     0     0    ]  0
2017-11-22T07:17:30.122+0800: 656.029: Total time for which application threads were stopped: 0.0001516 seconds, Stopping threads took: 0.0000479 seconds
         vmop                    [threads: total initially_running wait_to_block]    [time: spin block sync cleanup vmop] page_trap_count
656.029: RevokeBias                       [      27          0              2    ]      [     0     0     0     0     0    ]  0
2017-11-22T07:17:30.122+0800: 656.029: Total time for which application threads were stopped: 0.0001350 seconds, Stopping threads took: 0.0000525 seconds
         vmop                    [threads: total initially_running wait_to_block]    [time: spin block sync cleanup vmop] page_trap_count
656.029: RevokeBias                       [      27          0              1    ]      [     0     0     0     0     0    ]  0
2017-11-22T07:17:30.122+0800: 656.029: Total time for which application threads were stopped: 0.0001584 seconds, Stopping threads took: 0.0000683 seconds
         vmop                    [threads: total initially_running wait_to_block]    [time: spin block sync cleanup vmop] page_trap_count
656.030: RevokeBias                       [      27          0              1    ]      [     0     0     0     0     0    ]  0
2017-11-22T07:17:30.123+0800: 656.030: Total time for which application threads were stopped: 0.0001711 seconds, Stopping threads took: 0.0000711 seconds
         vmop                    [threads: total initially_running wait_to_block]    [time: spin block sync cleanup vmop] page_trap_count
656.030: RevokeBias                       [      27          0              1    ]      [     0     0     0     0     0    ]  0
2017-11-22T07:17:30.123+0800: 656.030: Total time for which application threads were stopped: 0.0001500 seconds, Stopping threads took: 0.0000834 seconds
         vmop                    [threads: total initially_running wait_to_block]    [time: spin block sync cleanup vmop] page_trap_count
656.034: RevokeBias                       [      27          0              1    ]      [     0     0     0     0     0    ]  0
2017-11-22T07:17:30.128+0800: 656.035: Total time for which application threads were stopped: 0.0001534 seconds, Stopping threads took: 0.0000422 seconds
         vmop                    [threads: total initially_running wait_to_block]    [time: spin block sync cleanup vmop] page_trap_count
656.035: RevokeBias                       [      27          0              0    ]      [     0     0     0     0     0    ]  0
2017-11-22T07:17:30.128+0800: 656.035: Total time for which application threads were stopped: 0.0000902 seconds, Stopping threads took: 0.0000264 seconds
         vmop                    [threads: total initially_running wait_to_block]    [time: spin block sync cleanup vmop] page_trap_count
656.035: RevokeBias                       [      27          0              0    ]      [     0     0     0     0     0    ]  0
2017-11-22T07:17:30.128+0800: 656.035: Total time for which application threads were stopped: 0.0000792 seconds, Stopping threads took: 0.0000263 seconds
         vmop                    [threads: total initially_running wait_to_block]    [time: spin block sync cleanup vmop] page_trap_count
656.035: RevokeBias                       [      27          0              0    ]      [     0     0     0     0     0    ]  0
2017-11-22T07:17:30.128+0800: 656.035: Total time for which application threads were stopped: 0.0001618 seconds, Stopping threads took: 0.0000703 seconds
         vmop                    [threads: total initially_running wait_to_block]    [time: spin block sync cleanup vmop] page_trap_count
656.035: RevokeBias                       [      27          0              0    ]      [     0     0     0     0     0    ]  0
2017-11-22T07:17:30.128+0800: 656.035: Total time for which application threads were stopped: 0.0001021 seconds, Stopping threads took: 0.0000243 seconds
         vmop                    [threads: total initially_running wait_to_block]    [time: spin block sync cleanup vmop] page_trap_count
656.035: RevokeBias                       [      27          0              0    ]      [     0     0     0     0     0    ]  0
2017-11-22T07:17:30.129+0800: 656.036: Total time for which application threads were stopped: 0.0001132 seconds, Stopping threads took: 0.0000258 seconds
Heap
 par new generation   total 154880K, used 57093K [0x0000000620000000, 0x000000062a800000, 0x0000000649990000)
  eden space 137728K,  37% used [0x0000