 0.030: [G1Ergonomics (Heap Sizing) expand the heap, requested expansion amount: 528482304 bytes, attempted expansion amount: 528482304 bytes]
         vmop                    [threads: total initially_running wait_to_block]    [time: spin block sync cleanup vmop] page_trap_count
0.796: Deoptimize                       [      10          0              0    ]      [     0     0     0     0     0    ]  0
2017-11-22T09:53:18.902+0800: 0.796: Total time for which application threads were stopped: 0.0002211 seconds, Stopping threads took: 0.0000448 seconds
         vmop                    [threads: total initially_running wait_to_block]    [time: spin block sync cleanup vmop] page_trap_count
0.813: Deoptimize                       [      10          0              0    ]      [     0     0     0     0     0    ]  0
2017-11-22T09:53:18.919+0800: 0.813: Total time for which application threads were stopped: 0.0001724 seconds, Stopping threads took: 0.0000196 seconds
2017-11-22T09:53:19.188+0800: 1.083: [GC pause (G1 Evacuation Pause) (young) 1.083: [G1Ergonomics (CSet Construction) start choosing CSet, _pending_cards: 0, predicted base time: 10.00 ms, remaining time: 190.00 ms, target pause time: 200.00 ms]
 1.083: [G1Ergonomics (CSet Construction) add young regions to CSet, eden: 25 regions, survivors: 0 regions, predicted young region time: 382.49 ms]
 1.083: [G1Ergonomics (CSet Construction) finish choosing CSet, eden: 25 regions, survivors: 0 regions, old: 0 regions, predicted pause time: 392.49 ms, target pause time: 200.00 ms]
, 0.0181680 secs]
   [Parallel Time: 4.4 ms, GC Workers: 8]
      [GC Worker Start (ms): Min: 1082.9, Avg: 1085.9, Max: 1087.2, Diff: 4.2]
      [Ext Root Scanning (ms): Min: 0.0, Avg: 0.2, Max: 0.9, Diff: 0.9, Sum: 1.8]
      [Update RS (ms): Min: 0.0, Avg: 0.0, Max: 0.0, Diff: 0.0, Sum: 0.0]
         [Processed Buffers: Min: 0, Avg: 0.0, Max: 0, Diff: 0, Sum: 0]
      [Scan RS (ms): Min: 0.0, Avg: 0.0, Max: 0.0, Diff: 0.0, Sum: 0.0]
      [Code Root Scanning (ms): Min: 0.0, Avg: 0.0, Max: 0.3, Diff: 0.3, Sum: 0.4]
      [Object Copy (ms): Min: 0.0, Avg: 0.9, Max: 2.9, Diff: 2.9, Sum: 7.2]
      [Termination (ms): Min: 0.0, Avg: 0.2, Max: 0.3, Diff: 0.3, Sum: 1.4]
         [Termination Attempts: Min: 1, Avg: 1.4, Max: 3, Diff: 2, Sum: 11]
      [GC Worker Other (ms): Min: 0.0, Avg: 0.0, Max: 0.0, Diff: 0.0, Sum: 0.1]
      [GC Worker Total (ms): Min: 0.0, Avg: 1.4, Max: 4.3, Diff: 4.3, Sum: 10.9]
      [GC Worker End (ms): Min: 1087.2, Avg: 1087.2, Max: 1087.3, Diff: 0.0]
   [Code Root Fixup: 0.1 ms]
   [Code Root Purge: 0.0 ms]
   [Clear CT: 0.3 ms]
   [Other: 13.4 ms]
      [Choose CSet: 0.0 ms]
      [Ref Proc: 12.8 ms]
      [Ref Enq: 0.0 ms]
      [Redirty Cards: 0.3 ms]
      [Humongous Register: 0.0 ms]
      [Humongous Reclaim: 0.0 ms]
      [Free CSet: 0.1 ms]
   [Eden: 25.0M(25.0M)->0.0B(35.0M) Survivors: 0.0B->4096.0K Heap: 25.0M(504.0M)->5217.5K(504.0M)]
 [Times: user=0.04 sys=0.01, real=0.02 secs]
         vmop                    [threads: total initially_running wait_to_block]    [time: spin block sync cleanup vmop] page_trap_count
1.083: G1IncCollectionPause             [      10          0              0    ]      [     0     0     0     0    18    ]  0
2017-11-22T09:53:19.207+0800: 1.101: Total time for which application threads were stopped: 0.0184898 seconds, Stopping threads took: 0.0000383 seconds
         vmop                    [threads: total initially_running wait_to_block]    [time: spin block sync cleanup vmop] page_trap_count
1.140: Deoptimize                       [      10          0              0    ]      [     0     0     0     0     0    ]  0
2017-11-22T09:53:19.246+0800: 1.140: Total time for which application threads were stopped: 0.0002671 seconds, Stopping threads took: 0.0000336 seconds
2017-11-22T09:53:19.592+0800: 1.487: [GC pause (G1 Evacuation Pause) (young) 1.487: [G1Ergonomics (CSet Construction) start choosing CSet, _pending_cards: 512, predicted base time: 16.55 ms, remaining time: 183.45 ms, target pause time: 200.00 ms]
 1.487: [G1Ergonomics (CSet Construction) add young regions to CSet, eden: 35 regions, survivors: 4 regions, predicted young region time: 163.88 ms]
 1.487: [G1Ergonomics (CSet Construction) finish choosing CSet, eden: 35 regions, survivors: 4 regions, old: 0 regions, predicted pause time: 180.43 ms, target pause time: 200.00 ms]
, 0.0290524 secs]
   [Parallel Time: 10.9 ms, GC Workers: 8]
      [GC Worker Start (ms): Min: 1486.9, Avg: 1493.1, Max: 1496.0, Diff: 9.1]
      [Ext Root Scanning (ms): Min: 0.0, Avg: 0.3, Max: 2.1, Diff: 2.1, Sum: 2.1]
      [Update RS (ms): Min: 0.0, Avg: 0.0, Max: 0.2, Diff: 0.2, Sum: 0.2]
         [Processed Buffers: Min: 0, Avg: 0.2, Max: 2, Diff: 2, Sum: 2]
      [Scan RS (ms): Min: 0.0, Avg: 0.0, Max: 0.0, Diff: 0.0, Sum: 0.0]
      [Code Root Scanning (ms): Min: 0.0, Avg: 0.1, Max: 0.7, Diff: 0.7, Sum: 0.7]
      [Object Copy (ms): Min: 0.0, Avg: 2.5, Max: 7.7, Diff: 7.7, Sum: 20.4]
      [Termination (ms): Min: 0.0, Avg: 1.6, Max: 2.0, Diff: 2.0, Sum: 13.0]
         [Termination Attempts: Min: 1, Avg: 28.1, Max: 78, Diff: 77, Sum: 225]
      [GC Worker Other (ms): Min: 0.0, Avg: 0.0, Max: 0.0, Diff: 0.0, Sum: 0.1]
      [GC Worker Total (ms): Min: 1.7, Avg: 4.6, Max: 10.7, Diff: 9.1, Sum: 36.5]
      [GC Worker End (ms): Min: 1497.6, Avg: 1497.6, Max: 1497.7, Diff: 0.0]
   [Code Root Fixup: 0.3 ms]
   [Code Root Purge: 0.0 ms]
   [Clear CT: 4.0 ms]
   [Other: 13.8 ms]
      [Choose CSet: 0.0 ms]
      [Ref Proc: 13.1 ms]
      [Ref Enq: 0.0 ms]
      [Redirty Cards: 0.3 ms]
      [Humongous Register: 0.1 ms]
      [Humongous Reclaim: 0.0 ms]
      [Free CSet: 0.1 ms]
   [Eden: 35.0M(35.0M)->0.0B(297.0M) Survivors: 4096.0K->5120.0K Heap: 40.1M(504.0M)->8333.0K(504.0M)]
 [Times: user=0.06 sys=0.01, real=0.03 secs]
         vmop                    [threads: total initially_running wait_to_block]    [time: spin block sync cleanup vmop] page_trap_count
1.487: G1IncCollectionPause             [      10          0              1    ]      [     0     0     0     0    29    ]  0
2017-11-22T09:53:19.622+0800: 1.516: Total time for which application threads were stopped: 0.0293983 seconds, Stopping threads took: 0.0000640 seconds
         vmop                    [threads: total initially_running wait_to_block]    [time: spin block sync cleanup vmop] page_trap_count
1.638: Deoptimize                       [      10          0              1    ]      [     0     0     0     0     0    ]  0
2017-11-22T09:53:19.744+0800: 1.638: Total time for which application threads were stopped: 0.0003595 seconds, Stopping threads took: 0.0000465 seconds
         vmop                    [threads: total initially_running wait_to_block]    [time: spin block sync cleanup vmop] page_trap_count
1.826: Deoptimize                       [      11          0              0    ]      [     0     0     0     0     0    ]  0
2017-11-22T09:53:19.932+0800: 1.826: Total time for which application threads were stopped: 0.0002948 seconds, Stopping threads took: 0.0000401 seconds
         vmop                    [threads: total initially_running wait_to_block]    [time: spin block sync cleanup vmop] page_trap_count
1.949: Deoptimize                       [      19          0              0    ]      [     0     0     0     0     0    ]  0
2017-11-22T09:53:20.055+0800: 1.950: Total time for which application threads were stopped: 0.0004038 seconds, Stopping threads took: 0.0000436 seconds
         vmop                    [threads: total initially_running wait_to_block]    [time: spin block sync cleanup vmop] page_trap_count
2.029: Deoptimize                       [      19          0              0    ]      [     0     0     0     0     0    ]  0
2017-11-22T09:53:20.135+0800: 2.029: Total time for which application threads were stopped: 0.0003395 seconds, Stopping threads took: 0.0000419 seconds
         vmop                    [threads: total initially_running wait_to_block]    [time: spin block sync cleanup vmop] page_trap_count
2.176: Deoptimize                       [      19          0              0    ]      [     0     0     0     0     0    ]  0
2017-11-22T09:53:20.282+0800: 2.176: Total time for which application threads were stopped: 0.0003913 seconds, Stopping threads took: 0.0000475 seconds
         vmop                    [threads: total initially_running wait_to_block]    [time: spin block sync cleanup vmop] page_trap_count
2.185: Deoptimize                       [      19          1              1    ]      [     0     0     0     0     0    ]  0
2017-11-22T09:53:20.291+0800: 2.185: Total time for which application threads were stopped: 0.0004256 seconds, Stopping threads took: 0.0001275 seconds
         vmop                    [threads: total initially_running wait_to_block]    [time: spin block sync cleanup vmop] page_trap_count
2.186: Deoptimize                       [      19          0              0    ]      [     0     0     0     0     0    ]  0
2017-11-22T09:53:20.292+0800: 2.186: Total time for which application threads were stopped: 0.0001841 seconds, Stopping threads took: 0.0000304 seconds
         vmop                    [threads: total initially_running wait_to_block]    [time: spin block sync cleanup vmop] page_trap_count
2.367: Deoptimize                       [      23          0              1    ]      [     0     0     0     0     0    ]  0
2017-11-22T09:53:20.473+0800: 2.367: Total time for which application threads were stopped: 0.0003894 seconds, Stopping threads took: 0.0000773 seconds
 2.490: [G1Ergonomics (Concurrent Cycles) request concurrent cycle initiation, reason: requested by GC cause, GC cause: Metadata GC Threshold]
 2.490: [G1Ergonomics (Concurrent Cycles) initiate concurrent cycle, reason: concurrent cycle initiation requested]
2017-11-22T09:53:20.596+0800: 2.490: [GC pause (Metadata GC Threshold) (young) (initial-mark) 2.490: [G1Ergonomics (CSet Construction) start choosing CSet, _pending_cards: 1280, predicted base time: 22.50 ms, remaining time: 177.50 ms, target pause time: 200.00 ms]
 2.490: [G1Ergonomics (CSet Construction) add young regions to CSet, eden: 73 regions, survivors: 5 regions, predicted young region time: 95.34 ms]
 2.490: [G1Ergonomics (CSet Construction) finish choosing CSet, eden: 73 regions, survivors: 5 regions, old: 0 regions, predicted pause time: 117.84 ms, target pause time: 200.00 ms]
, 0.0298121 secs]
   [Parallel Time: 22.0 ms, GC Workers: 8]
      [GC Worker Start (ms): Min: 2490.1, Avg: 2491.5, Max: 2492.7, Diff: 2.6]
      [Ext Root Scanning (ms): Min: 7.2, Avg: 12.9, Max: 14.9, Diff: 7.7, Sum: 103.3]
      [Update RS (ms): Min: 0.0, Avg: 0.1, Max: 0.7, Diff: 0.7, Sum: 0.8]
         [Processed Buffers: Min: 0, Avg: 0.6, Max: 5, Diff: 5, Sum: 5]
      [Scan RS (ms): Min: 0.0, Avg: 0.0, Max: 0.1, Diff: 0.1, Sum: 0.1]
      [Code Root Scanning (ms): Min: 0.0, Avg: 0.2, Max: 1.6, Diff: 1.6, Sum: 1.6]
      [Object Copy (ms): Min: 0.0, Avg: 2.6, Max: 7.0, Diff: 7.0, Sum: 21.0]
      [Termination (ms): Min: 0.0, Avg: 0.9, Max: 4.8, Diff: 4.8, Sum: 7.1]
         [Termination Attempts: Min: 1, Avg: 6.2, Max: 17, Diff: 16, Sum: 50]
      [GC Worker Other (ms): Min: 0.0, Avg: 0.0, Max: 0.0, Diff: 0.0, Sum: 0.1]
      [GC Worker Total (ms): Min: 14.9, Avg: 16.7, Max: 21.4, Diff: 6.4, Sum: 134.0]
      [GC Worker End (ms): Min: 2507.7, Avg: 2508.2, Max: 2512.0, Diff: 4.3]
   [Code Root Fixup: 0.4 ms]
   [Code Root Purge: 0.0 ms]
   [Clear CT: 0.2 ms]
   [Other: 7.2 ms]
      [Choose CSet: 0.0 ms]
      [Ref Proc: 6.4 ms]
      [Ref Enq: 0.0 ms]
      [Redirty Cards: 0.2 ms]
      [Humongous Register: 0.0 ms]
      [Humongous Reclaim: 0.0 ms]
      [Free CSet: 0.2 ms]
   [Eden: 73.0M(297.0M)->0.0B(286.0M) Survivors: 5120.0K->16.0M Heap: 113.1M(504.0M)->50.5M(504.0M)]
 [Times: user=0.02 sys=0.01, real=0.03 secs]
2017-11-22T09:53:20.626+0800: 2.520: [GC concurrent-root-region-scan-start]
         vmop                    [threads: total initially_running wait_to_block]    [time: spin block sync cleanup vmop] page_trap_count
2.490: CollectForMetadataAllocation       [      31          0              0    ]      [     0     0     0     0    30    ]  0
2017-11-22T09:53:20.626+0800: 2.520: Total time for which application threads were stopped: 0.0304930 seconds, Stopping threads took: 0.0000461 seconds
2017-11-22T09:53:20.636+0800: 2.531: [GC concurrent-root-region-scan-end, 0.0109099 secs]
2017-11-22T09:53:20.636+0800: 2.531: [GC concurrent-mark-start]
2017-11-22T09:53:20.637+0800: 2.531: [GC concurrent-mark-end, 0.0003284 secs]
2017-11-22T09:53:20.637+0800: 2.531: [GC remark 2017-11-22T09:53:20.637+0800: 2.531: [Finalize Marking, 0.0007006 secs] 2017-11-22T09:53:20.638+0800: 2.532: [GC ref-proc, 0.0001400 secs] 2017-11-22T09:53:20.638+0800: 2.532: [Unloading, 0.0048104 secs], 0.0060619 secs]
 [Times: user=0.01 sys=0.01, real=0.01 secs]
         vmop                    [threads: total initially_running wait_to_block]    [time: spin block sync cleanup vmop] page_trap_count
2.531: CGC_Operation                    [      31          0              0    ]      [     0     0     0     0     6    ]  0
2017-11-22T09:53:20.643+0800: 2.537: Total time for which application threads were stopped: 0.0062777 seconds, Stopping threads took: 0.0000679 seconds
2017-11-22T09:53:20.643+0800: 2.538: [GC cleanup 51M->48M(504M), 0.0020783 secs]
 [Times: user=0.01 sys=0.00, real=0.00 secs]
         vmop                    [threads: total initially_running wait_to_block]    [time: spin block sync cleanup vmop] page_trap_count
2.538: CGC_Operation                    [      31          1              1    ]      [     0     0     0     0     2    ]  1
2017-11-22T09:53:20.646+0800: 2.540: Total time for which application threads were stopped: 0.0022743 seconds, Stopping threads took: 0.0000804 seconds
2017-11-22T09:53:20.646+0800: 2.540: [GC concurrent-cleanup-start]
2017-11-22T09:53:20.646+0800: 2.540: [GC concurrent-cleanup-end, 0.0000204 secs]
         vmop                    [threads: total initially_running wait_to_block]    [time: spin block sync cleanup vmop] page_trap_count
3.545: no vm operation                  [      37          0              0    ]      [     0     0     0     0     0    ]  0
2017-11-22T09:53:21.651+0800: 3.545: Total time for which application threads were stopped: 0.0002963 seconds, Stopping threads took: 0.0000692 seconds
         vmop                    [threads: total initially_running wait_to_block]    [time: spin block sync cleanup vmop] page_trap_count
4.280: EnableBiasedLocking              [      38          0              1    ]      [     0     0     0     0     0    ]  0
2017-11-22T09:53:22.386+0800: 4.281: Total time for which application threads were stopped: 0.0006574 seconds, Stopping threads took: 0.0001044 seconds
         vmop                    [threads: total initially_running wait_to_block]    [time: spin block sync cleanup vmop] page_trap_count
4.627: RevokeBias                       [      31          0              2    ]      [     0     0     0     0     0    ]  0
2017-11-22T09:53:22.733+0800: 4.628: Total time for which application threads were stopped: 0.0002141 seconds, Stopping threads took: 0.0000932 seconds
         vmop                    [threads: total initially_running wait_to_block]    [time: spin block sync cleanup vmop] page_trap_count
4.650: Deoptimize                       [      30          0              0    ]      [     0     0     0     0     0    ]  0
2017-11-22T09:53:22.756+0800: 4.650: Total time for which application threads were stopped: 0.0006446 seconds, Stopping threads took: 0.0000590 seconds
 4.663: [G1Ergonomics (Concurrent Cycles) request concurrent cycle initiation, reason: requested by GC cause, GC cause: Metadata GC Threshold]
 4.663: [G1Ergonomics (Concurrent Cycles) initiate concurrent cycle, reason: concurrent cycle initiation requested]
2017-11-22T09:53:22.769+0800: 4.663: [GC pause (Metadata GC Threshold) (young) (initial-mark) 4.664: [G1Ergonomics (CSet Construction) start choosing CSet, _pending_cards: 1024, predicted base time: 22.64 ms, remaining time: 177.36 ms, target pause time: 200.00 ms]
 4.664: [G1Ergonomics (CSet Construction) add young regions to CSet, eden: 165 regions, survivors: 16 regions, predicted young region time: 102.47 ms]
 4.664: [G1Ergonomics (CSet Construction) finish choosing CSet, eden: 165 regions, survivors: 16 regions, old: 0 regions, predicted pause time: 125.11 ms, target pause time: 200.00 ms]
 4.728: [G1Ergonomics (Mixed GCs) do not start mixed GCs, reason: concurrent cycle is about to start]
, 0.0646601 secs]
   [Parallel Time: 44.1 ms, GC Workers: 8]
      [GC Worker Start (ms): Min: 4663.8, Avg: 4665.3, Max: 4666.2, Diff: 2.4]
      [Ext Root Scanning (ms): Min: 0.1, Avg: 6.1, Max: 16.3, Diff: 16.2, Sum: 48.6]
      [Update RS (ms): Min: 0.0, Avg: 0.0, Max: 0.0, Diff: 0.0, Sum: 0.0]
         [Processed Buffers: Min: 0, Avg: 0.5, Max: 2, Diff: 2, Sum: 4]
      [Scan RS (ms): Min: 0.0, Avg: 0.0, Max: 0.1, Diff: 0.1, Sum: 0.3]
      [Code Root Scanning (ms): Min: 0.0, Avg: 0.6, Max: 3.2, Diff: 3.2, Sum: 4.8]
      [Object Copy (ms): Min: 0.0, Avg: 11.1, Max: 38.7, Diff: 38.7, Sum: 89.0]
      [Termination (ms): Min: 0.0, Avg: 24.7, Max: 28.7, Diff: 28.7, Sum: 197.3]
         [Termination Attempts: Min: 1, Avg: 16.2, Max: 49, Diff: 48, Sum: 130]
      [GC Worker Other (ms): Min: 0.0, Avg: 0.0, Max: 0.0, Diff: 0.0, Sum: 0.1]
      [GC Worker Total (ms): Min: 41.6, Avg: 42.5, Max: 44.0, Diff: 2.4, Sum: 340.1]
      [GC Worker End (ms): Min: 4707.7, Avg: 4707.8, Max: 4707.8, Diff: 0.1]
   [Code Root Fixup: 0.8 ms]
   [Code Root Purge: 0.0 ms]
   [Clear CT: 10.4 ms]
   [Other: 9.4 ms]
      [Choose CSet: 0.0 ms]
      [Ref Proc: 8.4 ms]
      [Ref Enq: 0.1 ms]
      [Redirty Cards: 0.1 ms]
      [Humongous Register: 0.0 ms]
      [Humongous Reclaim: 0.0 ms]
      [Free CSet: 0.3 ms]
   [Eden: 165.0M(286.0M)->0.0B(280.0M) Survivors: 16.0M->22.0M Heap: 259.9M(504.0M)->101.5M(504.0M)]
 [Times: user=0.14 sys=0.00, real=0.06 secs]
         vmop                    [threads: total initially_running wait_to_block]    [time: spin block sync cleanup vmop] page_trap_count
4.663: CollectForMetadataAllocation       [      30          0              0    ]      [     0     0     0     0    64    ]  0
2017-11-22T09:53:22.834+0800: 4.728: Total time for which application threads were stopped: 0.0650062 seconds, Stopping threads took: 0.0000542 seconds
2017-11-22T09:53:22.839+0800: 4.733: [GC concurrent-root-region-scan-start]
2017-11-22T09:53:22.847+0800: 4.741: [GC concurrent-root-region-scan-end, 0.0082146 secs]
2017-11-22T09:53:22.847+0800: 4.741: [GC concurrent-mark-start]
2017-11-22T09:53:22.848+0800: 4.742: [GC concurrent-mark-end, 0.0005215 secs]
2017-11-22T09:53:22.848+0800: 4.742: [GC remark 2017-11-22T09:53:22.848+0800: 4.742: [Finalize Marking, 0.0206866 secs] 2017-11-22T09:53:22.869+0800: 4.763: [GC ref-proc, 0.0001344 secs] 2017-11-22T09:53:22.869+0800: 4.763: [Unloading, 0.0065865 secs], 0.0285679 secs]
 [Times: user=0.05 sys=0.00, real=0.03 secs]
         vmop                    [threads: total initially_running wait_to_block]    [time: spin block sync cleanup vmop] page_trap_count
4.742: CGC_Operation                    [      30          0              1    ]      [     0     0     0     0    28    ]  0
2017-11-22T09:53:22.876+0800: 4.771: Total time for which application threads were stopped: 0.0288074 seconds, Stopping threads took: 0.0000910 seconds
2017-11-22T09:53:22.877+0800: 4.771: [GC cleanup 102M->102M(504M), 0.0013909 secs]
 [Times: user=0.01 sys=0.00, real=0.00 secs]
         vmop                    [threads: total initially_running wait_to_block]    [time: spin block sync cleanup vmop] page_trap_count
4.771: CGC_Operation                    [      30          0              0    ]      [     0     0     0     0     1    ]  0
2017-11-22T09:53:22.878+0800: 4.772: Total time for which application threads were stopped: 0.0015422 seconds, Stopping threads took: 0.0000309 seconds
         vmop                    [threads: total initially_running wait_to_block]    [time: spin block sync cleanup vmop] page_trap_count
4.819: Deoptimize                       [      30          0              1    ]      [     0     0     0     0     0    ]  0
2017-11-22T09:53:22.925+0800: 4.820: Total time for which application threads were stopped: 0.0005709 seconds, Stopping threads took: 0.0000456 seconds
         vmop                    [threads: total initially_running wait_to_block]    [time: spin block sync cleanup vmop] page_trap_count
4.858: RevokeBias                       [      30          0              1    ]      [     0     0     0     0     0    ]  0
2017-11-22T09:53:22.964+0800: 4.858: Total time for which application threads were stopped: 0.0001807 seconds, Stopping threads took: 0.0000384 seconds
         vmop                    [threads: total initially_running wait_to_block]    [time: spin block sync cleanup vmop] page_trap_count
4.866: RevokeBias                       [      32          1              1    ]      [     0     0     0     0     0    ]  0
2017-11-22T09:53:22.972+0800: 4.866: Total time for which application threads were stopped: 0.0002098 seconds, Stopping threads took: 0.0000923 seconds
         vmop                    [threads: total initially_running wait_to_block]    [time: spin block sync cleanup vmop] page_trap_count
4.866: RevokeBias                       [      32          1              2    ]      [     7     0     7     0     0    ]  0
2017-11-22T09:53:22.980+0800: 4.874: Total time for which application threads were stopped: 0.0080494 seconds, Stopping threads took: 0.0078850 seconds
         vmop                    [threads: total initially_running wait_to_block]    [time: spin block sync cleanup vmop] page_trap_count
4.874: RevokeBias                       [      32          0              0    ]      [     0     0     0     0     0    ]  0
2017-11-22T09:53:22.980+0800: 4.874: Total time for which application threads were stopped: 0.0000883 seconds, Stopping threads took: 0.0000242 seconds
         vmop                    [threads: total initially_running wait_to_block]    [time: spin block sync cleanup vmop] page_trap_count
4.878: RevokeBias                       [      32          0              1    ]      [     0     0     0     0     0    ]  0
2017-11-22T09:53:22.983+0800: 4.878: Total time for which application threads were stopped: 0.0002575 seconds, Stopping threads took: 0.0000749 seconds
         vmop                    [threads: total initially_running wait_to_block]    [time: spin block sync cleanup vmop] page_trap_count
4.878: RevokeBias                       [      32          0              1    ]      [     0     0     0     0     0    ]  0
2017-11-22T09:53:22.984+0800: 4.878: Total time for which application threads were stopped: 0.0002052 seconds, Stopping threads took: 0.0000673 seconds
         vmop                    [threads: total initially_running wait_to_block]    [time: spin block sync cleanup vmop] page_trap_count
4.878: RevokeBias                       [      32          0              0    ]      [     0     0     0     0     0    ]  0
2017-11-22T09:53:22.984+0800: 4.878: Total time for which application threads were stopped: 0.0001502 seconds, Stopping threads took: 0.0000147 seconds
         vmop                    [threads: total initially_running wait_to_block]    [time: spin block sync cleanup vmop] page_trap_count
4.878: RevokeBias                       [      32          0              1    ]      [     0     0     0     0     0    ]  0
2017-11-22T09:53:22.985+0800: 4.879: Total time for which application threads were stopped: 0.0004708 seconds, Stopping threads took: 0.0000759 seconds
         vmop                    [threads: total initially_running wait_to_block]    [time: spin block sync cleanup vmop] page_trap_count
4.879: RevokeBias                       [      32          0              1    ]      [     0     0     0     0     0    ]  0
2017-11-22T09:53:22.985+0800: 4.879: Total time for which application threads were stopped: 0.0002489 seconds, Stopping threads took: 0.0001482 seconds
         vmop                    [threads: total initially_running wait_to_block]    [time: spin block sync cleanup vmop] page_trap_count
4.879: RevokeBias                       [      32          1              0    ]      [     0     0     0     0     0    ]  0
2017-11-22T09:53:22.985+0800: 4.880: Total time for which application threads were stopped: 0.0001206 seconds, Stopping threads took: 0.0000452 seconds
         vmop                    [threads: total initially_running wait_to_block]    [time: spin block sync cleanup vmop] page_trap_count
4.880: RevokeBias                       [      32          0              1    ]      [     0     0     0     0     0    ]  0
2017-11-22T09:53:22.985+0800: 4.880: Total time for which application threads were stopped: 0.0001236 seconds, Stopping threads took: 0.0000525 seconds
         vmop                    [threads: total initially_running wait_to_block]    [time: spin block sync cleanup vmop] page_trap_count
4.880: RevokeBias                       [      32          0              1    ]      [     0     0     0     0     0    ]  0
2017-11-22T09:53:22.986+0800: 4.880: Total time for which application threads were stopped: 0.0000966 seconds, Stopping threads took: 0.0000386 seconds
         vmop                    [threads: total initially_running wait_to_block]    [time: spin block sync cleanup vmop] page_trap_count
4.880: RevokeBias                       [      32          0              0    ]      [     0     0     0     0     0    ]  0
2017-11-22T09:53:22.986+0800: 4.880: Total time for which application threads were stopped: 0.0000526 seconds, Stopping threads took: 0.0000047 seconds
         vmop                    [threads: total initially_running wait_to_block]    [time: spin block sync cleanup vmop] page_trap_count
4.880: RevokeBias                       [      32          0              0    ]      [     0     0     0     0     0    ]  0
2017-11-22T09:53:22.986+0800: 4.880: Total time for which application threads were stopped: 0.0000516 seconds, Stopping threads took: 0.0000043 seconds
         vmop                    [threads: total initially_running wait_to_block]    [time: spin block sync cleanup vmop] page_trap_count
5.008: RevokeBias                       [      32          0              0    ]      [     0     0     0     0     0    ]  0
2017-11-22T09:53:23.113+0800: 5.008: Total time for which application threads were stopped: 0.0002106 seconds, Stopping threads took: 0.0000473 seconds
         vmop                    [threads: total initially_running wait_to_block]    [time: spin block sync cleanup vmop] page_trap_count
6.008: no vm operation                  [      32          0              0    ]      [     0     0     0     0     0    ]  0
2017-11-22T09:53:24.114+0800: 6.008: Total time for which application threads were stopped: 0.0002005 seconds, Stopping threads took: 0.0000407 seconds
         vmop                    [threads: total initially_running wait_to_block]    [time: spin block sync cleanup vmop] page_trap_count
6.152: RevokeBias                       [      32          0              0    ]      [     0     0     0     0     0    ]  0
2017-11-22T09:53:24.258+0800: 6.152: Total time for which application threads were stopped: 0.0001780 seconds, Stopping threads took: 0.0000498 seconds
2017-11-22T09:53:24.765+0800: 6.659: [GC pause (G1 Evacuation Pause) (young) 6.659: [G1Ergonomics (CSet Construction) start choosing CSet, _pending_cards: 0, predicted base time: 24.43 ms, remaining time: 175.57 ms, target pause time: 200.00 ms]
 6.659: [G1Ergonomics (CSet Construction) add young regions to CSet, eden: 280 regions, survivors: 22 regions, predicted young region time: 118.11 ms]
 6.659: [G1Ergonomics (CSet Construction) finish choosing CSet, eden: 280 regions, survivors: 22 regions, old: 0 regions, predicted pause time: 142.54 ms, target pause time: 200.00 ms]
 6.711: [G1Ergonomics (Mixed GCs) do not start mixed GCs, reason: candidate old regions not available]
, 0.0525992 secs]
   [Parallel Time: 48.0 ms, GC Workers: 8]
      [GC Worker Start (ms): Min: 6659.1, Avg: 6662.0, Max: 6669.4, Diff: 10.4]
      [Ext Root Scanning (ms): Min: 0.0, Avg: 1.2, Max: 4.2, Diff: 4.2, Sum: 9.9]
      [Update RS (ms): Min: 0.0, Avg: 0.0, Max: 0.0, Diff: 0.0, Sum: 0.0]
         [Processed Buffers: Min: 0, Avg: 0.0, Max: 0, Diff: 0, Sum: 0]
      [Scan RS (ms): Min: 0.0, Avg: 0.1, Max: 0.1, Diff: 0.1, Sum: 0.5]
      [Code Root Scanning (ms): Min: 0.0, Avg: 2.9, Max: 12.2, Diff: 12.2, Sum: 23.1]
      [Object Copy (ms): Min: 0.5, Avg: 8.0, Max: 20.2, Diff: 19.7, Sum: 63.8]
      [Termination (ms): Min: 0.0, Avg: 11.6, Max: 34.3, Diff: 34.3, Sum: 93.1]
         [Termination Attempts: Min: 1, Avg: 34.0, Max: 79, Diff: 78, Sum: 272]
      [GC Worker Other (ms): Min: 0.0, Avg: 0.0, Max: 0.0, Diff: 0.0, Sum: 0.1]
      [GC Worker Total (ms): Min: 13.3, Avg: 23.8, Max: 47.9, Diff: 34.5, Sum: 190.6]
      [GC Worker End (ms): Min: 6682.8, Avg: 6685.8, Max: 6707.0, Diff: 24.3]
   [Code Root Fixup: 0.8 ms]
   [Code Root Purge: 0.0 ms]
   [Clear CT: 0.4 ms]
   [Other: 3.3 ms]
      [Choose CSet: 0.0 ms]
      [Ref Proc: 2.2 ms]
      [Ref Enq: 0.0 ms]
      [Redirty Cards: 0.3 ms]
      [Humongous Register: 0.0 ms]
      [Humongous Reclaim: 0.0 ms]
      [Free CSet: 0.5 ms]
   [Eden: 280.0M(280.0M)->0.0B(284.0M) Survivors: 22.0M->18.0M Heap: 381.5M(504.0M)->97.5M(504.0M)]
 [Times: user=0.09 sys=0.02, real=0.05 secs]
         vmop                    [threads: total initially_running wait_to_block]    [time: spin block sync cleanup vmop] page_trap_count
6.659: G1IncCollectionPause             [      32          0              0    ]      [     0     0     0     0    52    ]  0
2017-11-22T09:53:24.817+0800: 6.712: Total time for which application threads were stopped: 0.0529742 seconds, Stopping threads took: 0.0000499 seconds
         vmop                    [threads: total initially_running wait_to_block]    [time: spin block sync cleanup vmop] page_trap_count
6.712: RevokeBias                       [      32          0              1    ]      [     0     0     0     0     0    ]  0
2017-11-22T09:53:24.818+0800: 6.713: Total time for which application threads were stopped: 0.0001993 seconds, Stopping threads took: 0.0000766 seconds
         vmop                    [threads: total initially_running wait_to_block]    [time: spin block sync cleanup vmop] page_trap_count
6.713: RevokeBias                       [      32          0              0    ]      [     0     0     0     0     0    ]  0
2017-11-22T09:53:24.819+0800: 6.713: Total time for which application threads were stopped: 0.0000678 seconds, Stopping threads took: 0.0000182 seconds
         vmop                    [threads: total initially_running wait_to_block]    [time: spin block sync cleanup vmop] page_trap_count
7.713: no vm operation                  [      32          0              0    ]      [     0     0     0     0     0    ]  0
2017-11-22T09:53:25.819+0800: 7.713: Total time for which application threads were stopped: 0.0001826 seconds, Stopping threads took: 0.0000422 seconds
2017-11-22T09:53:26.224+0800: 8.118: [GC pause (G1 Evacuation Pause) (young) 8.118: [G1Ergonomics (CSet Construction) start choosing CSet, _pending_cards: 0, predicted base time: 28.02 ms, remaining time: 171.98 ms, target pause time: 200.00 ms]
 8.118: [G1Ergonomics (CSet Construction) add young regions to CSet, eden: 284 regions, survivors: 18 regions, predicted young region time: 79.34 ms]
 8.118: [G1Ergonomics (CSet Construction) finish choosing CSet, eden: 284 regions, survivors: 18 regions, old: 0 regions, predicted pause time: 107.36 ms, target pause time: 200.00 ms]
, 0.0254828 secs]
   [Parallel Time: 19.9 ms, GC Workers: 8]
      [GC Worker Start (ms): Min: 8118.4, Avg: 8119.9, Max: 8123.8, Diff: 5.4]
      [Ext Root Scanning (ms): Min: 0.0, Avg: 0.5, Max: 2.6, Diff: 2.5, Sum: 4.2]
      [Update RS (ms): Min: 0.0, Avg: 0.0, Max: 0.0, Diff: 0.0, Sum: 0.0]
         [Processed Buffers: Min: 0, Avg: 0.0, Max: 0, Diff: 0, Sum: 0]
      [Scan RS (ms): Min: 0.0, Avg: 0.1, Max: 0.1, Diff: 0.1, Sum: 0.5]
      [Code Root Scanning (ms): Min: 0.0, Avg: 1.4, Max: 9.8, Diff: 9.8, Sum: 11.3]
      [Object Copy (ms): Min: 0.2, Avg: 6.3, Max: 10.7, Diff: 10.6, Sum: 50.4]
      [Termination (ms): Min: 0.0, Avg: 2.9, Max: 10.2, Diff: 10.2, Sum: 22.8]
         [Termination Attempts: Min: 1, Avg: 118.2, Max: 225, Diff: 224, Sum: 946]
      [GC Worker Other (ms): Min: 0.0, Avg: 0.0, Max: 0.1, Diff: 0.0, Sum: 0.2]
      [GC Worker Total (ms): Min: 6.2, Avg: 11.2, Max: 19.7, Diff: 13.4, Sum: 89.4]
      [GC Worker End (ms): Min: 8130.0, Avg: 8131.0, Max: 8138.0, Diff: 8.0]
   [Code Root Fixup: 0.8 ms]
   [Code Root Purge: 0.0 ms]
   [Clear CT: 0.3 ms]
   [Other: 4.5 ms]
      [Choose CSet: 0.0 ms]
      [Ref Proc: 3.5 ms]
      [Ref Enq: 0.0 ms]
      [Redirty Cards: 0.4 ms]
      [Humongous Register: 0.0 ms]
      [Humongous Reclaim: 0.0 ms]
      [Free CSet: 0.4 ms]
   [Eden: 284.0M(284.0M)->0.0B(287.0M) Survivors: 18.0M->15.0M Heap: 381.5M(504.0M)->95.0M(504.0M)]
 [Times: user=0.08 sys=0.00, real=0.02 secs]
         vmop                    [threads: total initially_running wait_to_block]    [time: spin block sync cleanup vmop] page_trap_count
8.118: G1IncCollectionPause             [      32          0              0    ]      [     0     0     0     0    25    ]  0
2017-11-22T09:53:26.250+0800: 8.144: Total time for which application threads were stopped: 0.0258284 seconds, Stopping threads took: 0.0000487 seconds
         vmop                    [threads: total initially_running wait_to_block]    [time: spin block sync cleanup vmop] page_trap_count
9.144: no vm operation                  [      32          0              0    ]      [     0     0     0     0     0    ]  0
2017-11-22T09:53:27.250+0800: 9.144: Total time for which application threads were stopped: 0.0001712 seconds, Stopping threads took: 0.0000446 seconds
2017-11-22T09:53:27.637+0800: 9.532: [GC pause (G1 Evacuation Pause) (young) 9.532: [G1Ergonomics (CSet Construction) start choosing CSet, _pending_cards: 0, predicted base time: 25.24 ms, remaining time: 174.76 ms, target pause time: 200.00 ms]
 9.532: [G1Ergonomics (CSet Construction) add young regions to CSet, eden: 287 regions, survivors: 15 regions, predicted young region time: 79.10 ms]
 9.532: [G1Ergonomics (CSet Construction) finish choosing CSet, eden: 287 regions, survivors: 15 regions, old: 0 regions, predicted pause time: 104.35 ms, target pause time: 200.00 ms]
, 0.0127160 secs]
   [Parallel Time: 10.3 ms, GC Workers: 8]
      [GC Worker Start (ms): Min: 9531.9, Avg: 9533.2, Max: 9540.5, Diff: 8.6]
      [Ext Root Scanning (ms): Min: 0.0, Avg: 0.5, Max: 2.5, Diff: 2.5, Sum: 4.2]
      [Update RS (ms): Min: 0.0, Avg: 0.0, Max: 0.0, Diff: 0.0, Sum: 0.0]
         [Processed Buffers: Min: 0, Avg: 0.0, Max: 0, Diff: 0, Sum: 0]
      [Scan RS (ms): Min: 0.0, Avg: 0.1, Max: 0.1, Diff: 0.1, Sum: 0.5]
      [Code Root Scanning (ms): Min: 0.0, Avg: 1.4, Max: 9.3, Diff: 9.3, Sum: 11.3]
      [Object Copy (ms): Min: 0.0, Avg: 5.4, Max: 7.9, Diff: 7.9, Sum: 43.3]
      [Termination (ms): Min: 0.0, Avg: 1.4, Max: 1.7, Diff: 1.7, Sum: 11.5]
         [Termination Attempts: Min: 1, Avg: 77.9, Max: 129, Diff: 128, Sum: 623]
      [GC Worker Other (ms): Min: 0.0, Avg: 0.0, Max: 0.0, Diff: 0.0, Sum: 0.2]
      [GC Worker Total (ms): Min: 1.5, Avg: 8.9, Max: 10.1, Diff: 8.6, Sum: 71.0]
      [GC Worker End (ms): Min: 9542.0, Avg: 9542.0, Max: 9542.1, Diff: 0.0]
   [Code Root Fixup: 0.6 ms]
   [Code Root Purge: 0.0 ms]
   [Clear CT: 0.3 ms]
   [Other: 1.5 ms]
      [Choose CSet: 0.1 ms]
      [Ref Proc: 0.6 ms]
      [Ref Enq: 0.0 ms]
      [Redirty Cards: 0.3 ms]
      [Humongous Register: 0.1 ms]
      [Humongous Reclaim: 0.0 ms]
      [Free CSet: 0.4 ms]
   [Eden: 287.0M(287.0M)->0.0B(287.0M) Survivors: 15.0M->15.0M Heap: 382.0M(504.0M)->94.5M(504.0M)]
 [Times: user=0.06 sys=0.00, real=0.01 secs]
         vmop                    [threads: total initially_running wait_to_block]    [time: spin block sync cleanup vmop] page_trap_count
9.532: G1IncCollectionPause             [      32          0              0    ]      [     0     0     0     0    12    ]  0
2017-11-22T09:53:27.650+0800: 9.545: Total time for which application threads were stopped: 0.0131188 seconds, Stopping threads took: 0.0000593 seconds
         vmop                    [threads: total initially_running wait_to_block]    [time: spin block sync cleanup vmop] page_trap_count
10.545: no vm operation                  [      32          0              0    ]      [     0     0     0     0     0    ]  0
2017-11-22T09:53:28.651+0800: 10.545: Total time for which application threads were stopped: 0.0001811 seconds, Stopping threads took: 0.0000587 seconds
2017-11-22T09:53:29.169+0800: 11.063: [GC pause (G1 Evacuation Pause) (young) 11.063: [G1Ergonomics (CSet Construction) start choosing CSet, _pending_cards: 0, predicted base time: 21.08 ms, remaining time: 178.92 ms, target pause time: 200.00 ms]
 11.063: [G1Ergonomics (CSet Construction) add young regions to CSet, eden: 287 regions, survivors: 15 regions, predicted young region time: 45.09 ms]
 11.063: [G1Ergonomics (CSet Construction) finish choosing CSet, eden: 287 regions, survivors: 15 regions, old: 0 regions, predicted pause time: 66.17 ms, target pause time: 200.00 ms]
, 0.0126412 secs]
   [Parallel Time: 9.5 ms, GC Workers: 8]
      [GC Worker Start (ms): Min: 11063.8, Avg: 11064.0, Max: 11064.7, Diff: 0.9]
      [Ext Root Scanning (ms): Min: 0.0, Avg: 1.7, Max: 9.0, Diff: 9.0, Sum: 13.5]
      [Update RS (ms): Min: 0.0, Avg: 0.0, Max: 0.0, Diff: 0.0, Sum: 0.0]
         [Processed Buffers: Min: 0, Avg: 0.0, Max: 0, Diff: 0, Sum: 0]
      [Scan RS (ms): Min: 0.0, Avg: 0.1, Max: 0.1, Diff: 0.1, Sum: 0.5]
      [Code Root Scanning (ms): Min: 0.0, Avg: 2.5, Max: 8.5, Diff: 8.5, Sum: 20.3]
      [Object Copy (ms): Min: 0.0, Avg: 4.5, Max: 8.4, Diff: 8.4, Sum: 36.3]
      [Termination (ms): Min: 0.0, Avg: 0.3, Max: 0.4, Diff: 0.4, Sum: 2.0]
         [Termination Attempts: Min: 1, Avg: 49.9, Max: 110, Diff: 109, Sum: 399]
      [GC Worker Other (ms): Min: 0.0, Avg: 0.0, Max: 0.0, Diff: 0.0, Sum: 0.2]
      [GC Worker Total (ms): Min: 8.4, Avg: 9.1, Max: 9.3, Diff: 0.9, Sum: 72.9]
      [GC Worker End (ms): Min: 11073.1, Avg: 11073.1, Max: 11073.1, Diff: 0.0]
   [Code Root Fixup: 1.0 ms]
   [Code Root Purge: 0.0 ms]
   [Clear CT: 0.3 ms]
   [Other: 1.8 ms]
      [Choose CSet: 0.0 ms]
      [Ref Proc: 0.8 ms]
      [Ref Enq: 0.0 ms]
      [Redirty Cards: 0.3 ms]
      [Humongous Register: 0.1 ms]
      [Humongous Reclaim: 0.0 ms]
      [Free CSet: 0.4 ms]
   [Eden: 287.0M(287.0M)->0.0B(286.0M) Survivors: 15.0M->16.0M Heap: 381.5M(504.0M)->96.0M(504.0M)]
 [Times: user=0.06 sys=0.00, real=0.01 secs]
         vmop                    [threads: total initially_running wait_to_block]    [time: spin block sync cleanup vmop] page_trap_count
11.063: G1IncCollectionPause             [      32          0              0    ]      [     0     0     0     0    12    ]  0
2017-11-22T09:53:29.182+0800: 11.076: Total time for which application threads were stopped: 0.0130199 seconds, Stopping threads took: 0.0000565 seconds
         vmop                    [threads: total initially_running wait_to_block]    [time: spin block sync cleanup vmop] page_trap_count
12.076: no vm operation                  [      32          0              0    ]      [     0     0     0     0     0    ]  0
2017-11-22T09:53:30.182+0800: 12.077: Total time for which application threads were stopped: 0.0002249 seconds, Stopping threads took: 0.0000661 seconds
2017-11-22T09:53:31.029+0800: 12.924: [GC pause (G1 Evacuation Pause) (young) 12.924: [G1Ergonomics (CSet Construction) start choosing CSet, _pending_cards: 0, predicted base time: 17.95 ms, remaining time: 182.05 ms, target pause time: 200.00 ms]
 12.924: [G1Ergonomics (CSet Construction) add young regions to CSet, eden: 286 regions, survivors: 16 regions, predicted young region time: 38.18 ms]
 12.924: [G1Ergonomics (CSet Construction) finish choosing CSet, eden: 286 regions, survivors: 16 regions, old: 0 regions, predicted pause time: 56.12 ms, target pause time: 200.00 ms]
, 0.0338368 secs]
   [Parallel Time: 10.4 ms, GC Workers: 8]
      [GC Worker Start (ms): Min: 12923.9, Avg: 12927.8, Max: 12934.2, Diff: 10.2]
      [Ext Root Scanning (ms): Min: 0.0, Avg: 0.6, Max: 2.5, Diff: 2.5, Sum: 4.7]
      [Update RS (ms): Min: 0.0, Avg: 0.0, Max: 0.0, Diff: 0.0, Sum: 0.0]
         [Processed Buffers: Min: 0, Avg: 0.0, Max: 0, Diff: 0, Sum: 0]
      [Scan RS (ms): Min: 0.0, Avg: 0.1, Max: 0.2, Diff: 0.1, Sum: 0.7]
      [Code Root Scanning (ms): Min: 0.0, Avg: 0.5, Max: 1.5, Diff: 1.5, Sum: 4.1]
      [Object Copy (ms): Min: 0.0, Avg: 5.1, Max: 9.1, Diff: 9.1, Sum: 40.5]
      [Termination (ms): Min: 0.0, Avg: 0.2, Max: 0.3, Diff: 0.3, Sum: 1.3]
         [Termination Attempts: Min: 1, Avg: 37.6, Max: 94, Diff: 93, Sum: 301]
      [GC Worker Other (ms): Min: 0.0, Avg: 0.0, Max: 0.0, Diff: 0.0, Sum: 0.2]
      [GC Worker Total (ms): Min: 0.1, Avg: 6.4, Max: 10.3, Diff: 10.2, Sum: 51.5]
      [GC Worker End (ms): Min: 12934.2, Avg: 12934.2, Max: 12934.3, Diff: 0.0]
   [Code Root Fixup: 0.8 ms]
   [Code Root Purge: 0.0 ms]
   [Clear CT: 0.4 ms]
   [Other: 22.2 ms]
      [Choose CSet: 0.0 ms]
      [Ref Proc: 21.0 ms]
      [Ref Enq: 0.0 ms]
      [Redirty Cards: 0.5 ms]
      [Humongous Register: 0.0 ms]
      [Humongous Reclaim: 0.0 ms]
      [Free CSet: 0.5 ms]
   [Eden: 286.0M(286.0M)->0.0B(288.0M) Survivors: 16.0M->14.0M Heap: 382.0M(504.0M)->94.0M(504.0M)]
 [Times: user=0.14 sys=0.00, real=0.04 secs]
         vmop                    [threads: total initially_running wait_to_block]    [time: spin block sync cleanup vmop] page_trap_count
12.924: G1IncCollectionPause             [      32          0              0    ]      [     0     0     0     0    34    ]  0
2017-11-22T09:53:31.064+0800: 12.958: Total time for which application threads were stopped: 0.0342239 seconds, Stopping threads took: 0.0000516 seconds
2017-11-22T09:53:32.677+0800: 14.572: [GC pause (G1 Evacuation Pause) (young) 14.572: [G1Ergonomics (CSet Construction) start choosing CSet, _pending_cards: 0, predicted base time: 22.42 ms, remaining time: 177.58 ms, target pause time: 200.00 ms]
 14.572: [G1Ergonomics (CSet Construction) add young regions to CSet, eden: 288 regions, survivors: 14 regions, predicted young region time: 39.87 ms]
 14.572: [G1Ergonomics (CSet Construction) finish choosing CSet, eden: 288 regions, survivors: 14 regions, old: 0 regions, predicted pause time: 62.29 ms, target pause time: 200.00 ms]
, 0.0325810 secs]
   [Parallel Time: 29.8 ms, GC Workers: 8]
      [GC Worker Start (ms): Min: 14571.8, Avg: 14571.9, Max: 14572.0, Diff: 0.2]
      [Ext Root Scanning (ms): Min: 0.3, Avg: 0.9, Max: 4.4, Diff: 4.2, Sum: 7.1]
      [Update RS (ms): Min: 0.0, Avg: 0.0, Max: 0.0, Diff: 0.0, Sum: 0.0]
         [Processed Buffers: Min: 0, Avg: 0.0, Max: 0, Diff: 0, Sum: 0]
      [Scan RS (ms): Min: 0.0, Avg: 0.1, Max: 0.2, Diff: 0.1, Sum: 0.8]
      [Code Root Scanning (ms): Min: 0.0, Avg: 0.4, Max: 1.7, Diff: 1.7, Sum: 3.6]
      [Object Copy (ms): Min: 10.2, Avg: 14.8, Max: 28.8, Diff: 18.6, Sum: 118.0]
      [Termination (ms): Min: 0.2, Avg: 13.3, Max: 15.4, Diff: 15.2, Sum: 106.2]
         [Termination Attempts: Min: 1, Avg: 249.4, Max: 334, Diff: 333, Sum: 1995]
      [GC Worker Other (ms): Min: 0.0, Avg: 0.1, Max: 0.1, Diff: 0.1, Sum: 0.4]
      [GC Worker Total (ms): Min: 29.4, Avg: 29.5, Max: 29.7, Diff: 0.3, Sum: 236.1]
      [GC Worker End (ms): Min: 14601.4, Avg: 14601.4, Max: 14601.5, Diff: 0.1]
   [Code Root Fixup: 0.8 ms]
   [Code Root Purge: 0.0 ms]
   [Clear CT: 0.4 ms]
   [Other: 1.6 ms]
      [Choose CSet: 0.0 ms]
      [Ref Proc: 0.4 ms]
      [Ref Enq: 0.0 ms]
      [Redirty Cards: 0.4 ms]
      [Humongous Register: 0.0 ms]
      [Humongous Reclaim: 0.0 ms]
      [Free CSet: 0.5 ms]
   [Eden: 288.0M(288.0M)->0.0B(287.0M) Survivors: 14.0M->15.0M Heap: 382.0M(504.0M)->95.0M(504.0M)]
 [Times: user=0.23 sys=0.00, real=0.03 secs]
         vmop                    [threads: total initially_running wait_to_block]    [time: spin block sync cleanup vmop] page_trap_count
14.571: G1IncCollectionPause             [      32          0              0    ]      [     0     0     0     0    32    ]  0
2017-11-22T09:53:32.710+0800: 14.604: Total time for which application threads were stopped: 0.0330043 seconds, Stopping threads took: 0.0000564 seconds
         vmop                    [threads: total initially_running wait_to_block]    [time: spin block sync cleanup vmop] page_trap_count
14.972: RevokeBias                       [      32          0              0    ]      [     0     0     0     0     0    ]  0
2017-11-22T09:53:33.077+0800: 14.972: Total time for which application threads were stopped: 0.0002000 seconds, Stopping threads took: 0.0000434 seconds
2017-11-22T09:53:34.728+0800: 16.623: [GC pause (G1 Evacuation Pause) (young) 16.623: [G1Ergonomics (CSet Construction) start choosing CSet, _pending_cards: 0, predicted base time: 18.35 ms, remaining time: 181.65 ms, target pause time: 200.00 ms]
 16.623: [G1Ergonomics (CSet Construction) add young regions to CSet, eden: 287 regions, survivors: 15 regions, predicted young region time: 37.64 ms]
 16.623: [G1Ergonomics (CSet Construction) finish choosing CSet, eden: 287 regions, survivors: 15 regions, old: 0 regions, predicted pause time: 55.99 ms, target pause time: 200.00 ms]
, 0.0332025 secs]
   [Parallel Time: 27.6 ms, GC Workers: 8]
      [GC Worker Start (ms): Min: 16631.4, Avg: 16632.8, Max: 16633.8, Diff: 2.4]
      [Ext Root Scanning (ms): Min: 0.0, Avg: 1.1, Max: 7.1, Diff: 7.1, Sum: 8.5]
      [Update RS (ms): Min: 0.0, Avg: 0.0, Max: 0.0, Diff: 0.0, Sum: 0.0]
         [Processed Buffers: Min: 0, Avg: 0.0, Max: 0, Diff: 0, Sum: 0]
      [Scan RS (ms): Min: 0.0, Avg: 0.1, Max: 0.2, Diff: 0.1, Sum: 0.5]
      [Code Root Scanning (ms): Min: 0.0, Avg: 1.8, Max: 8.4, Diff: 8.4, Sum: 14.1]
      [Object Copy (ms): Min: 0.6, Avg: 5.8, Max: 10.6, Diff: 10.0, Sum: 46.6]
      [Termination (ms): Min: 0.0, Avg: 4.6, Max: 9.3, Diff: 9.3, Sum: 36.6]
         [Termination Attempts: Min: 1, Avg: 60.8, Max: 113, Diff: 112, Sum: 486]
      [GC Worker Other (ms): Min: 0.0, Avg: 0.0, Max: 0.0, Diff: 0.0, Sum: 0.2]
      [GC Worker Total (ms): Min: 10.6, Avg: 13.3, Max: 18.0, Diff: 7.4, Sum: 106.4]
      [GC Worker End (ms): Min: 16644.4, Avg: 16646.1, Max: 16650.4, Diff: 6.0]
   [Code Root Fixup: 0.7 ms]
   [Code Root Purge: 0.0 ms]
   [Clear CT: 0.2 ms]
   [Other: 4.6 ms]
      [Choose CSet: 0.0 ms]
      [Ref Proc: 3.7 ms]
      [Ref Enq: 0.0 ms]
      [Redirty Cards: 0.3 ms]
      [Humongous Register: 0.0 ms]
      [Humongous Reclaim: 0.0 ms]
      [Free CSet: 0.4 ms]
   [Eden: 287.0M(287.0M)->0.0B(288.0M) Survivors: 15.0M->14.0M Heap: 382.0M(504.0M)->94.0M(504.0M)]
 [Times: user=0.06 sys=0.01, real=0.03 secs]
         vmop                    [threads: total initially_running wait_to_block]    [time: spin block sync cleanup vmop] page_trap_count
16.623: G1IncCollectionPause             [      31          0              0    ]      [     0     0     0     0    33    ]  0
2017-11-22T09:53:34.762+0800: 16.656: Total time for which application threads were stopped: 0.0335093 seconds, Stopping threads took: 0.0000338 seconds
         vmop                    [threads: total initially_running wait_to_block]    [time: spin block sync cleanup vmop] page_trap_count
16.753: RevokeBias                       [      32          0              1    ]      [     0     0     0     0     0    ]  0
2017-11-22T09:53:34.859+0800: 16.753: Total time for which application threads were stopped: 0.0003275 seconds, Stopping threads took: 0.0001113 seconds
         vmop                    [threads: total initially_running wait_to_block]    [time: spin block sync cleanup vmop] page_trap_count
17.017: RevokeBias                       [      33          0              1    ]      [     0     0     0     0     0    ]  0
2017-11-22T09:53:35.123+0800: 17.017: Total time for which application threads were stopped: 0.0003981 seconds, Stopping threads took: 0.0000945 seconds
         vmop                    [threads: total initially_running wait_to_block]    [time: spin block sync cleanup vmop] page_trap_count
17.017: RevokeBias                       [      33          0              0    ]      [     0     0     0     0     0    ]  0
2017-11-22T09:53:35.123+0800: 17.018: Total time for which application threads were stopped: 0.0001436 seconds, Stopping threads took: 0.0000280 seconds
         vmop                    [threads: total initially_running wait_to_block]    [time: spin block sync cleanup vmop] page_trap_count
17.018: RevokeBias                       [      33          0              1    ]      [     0     0     0     0     0    ]  0
2017-11-22T09:53:35.123+0800: 17.018: Total time for which application threads were stopped: 0.0001333 seconds, Stopping threads took: 0.0000508 seconds
         vmop                    [threads: total initially_running wait_to_block]    [time: spin block sync cleanup vmop] page_trap_count
17.018: RevokeBias                       [      33          0              1    ]      [     0     0     0     0     0    ]  0
2017-11-22T09:53:35.124+0800: 17.018: Total time for which application threads were stopped: 0.0001314 seconds, Stopping threads took: 0.0000502 seconds
         vmop                    [threads: total initially_running wait_to_block]    [time: spin block sync cleanup vmop] page_trap_count
17.018: RevokeBias                       [      33          1              0    ]      [     0     0     0     0     0    ]  0
2017-11-22T09:53:35.124+0800: 17.018: Total time for which application threads were stopped: 0.0001714 seconds, Stopping threads took: 0.0001002 seconds
         vmop                    [threads: total initially_running wait_to_block]    [time: spin block sync cleanup vmop] page_trap_count
17.018: RevokeBias                       [      33          0              0    ]      [     0     0     0     0     0    ]  0
2017-11-22T09:53:35.124+0800: 17.018: Total time for which application threads were stopped: 0.0001234 seconds, Stopping threads took: 0.0000375 seconds
         vmop                    [threads: total initially_running wait_to_block]    [time: spin block sync cleanup vmop] page_trap_count
17.205: RevokeBias                       [      33          0              1    ]      [     0     0     0     0     0    ]  0
2017-11-22T09:53:35.311+0800: 17.205: Total time for which application threads were stopped: 0.0002971 seconds, Stopping threads took: 0.0001111 seconds
         vmop                    [threads: total initially_running wait_to_block]    [time: spin block sync cleanup vmop] page_trap_count
18.205: no vm operation                  [      33          0              0    ]      [     0     0     0     0     0    ]  0
2017-11-22T09:53:36.311+0800: 18.206: Total time for which application threads were stopped: 0.0002377 seconds, Stopping threads took: 0.0000670 seconds
2017-11-22T09:53:36.779+0800: 18.674: [GC pause (G1 Evacuation Pause) (young) 18.674: [G1Ergonomics (CSet Construction) start choosing CSet, _pending_cards: 0, predicted base time: 20.47 ms, remaining time: 179.53 ms, target pause time: 200.00 ms]
 18.674: [G1Ergonomics (CSet Construction) add young regions to CSet, eden: 288 regions, survivors: 14 regions, predicted young region time: 27.33 ms]
 18.674: [G1Ergonomics (CSet Construction) finish choosing CSet, eden: 288 regions, survivors: 14 regions, old: 0 regions, predicted pause time: 47.80 ms, target pause time: 200.00 ms]
, 0.0128135 secs]
   [Parallel Time: 10.2 ms, GC Workers: 8]
      [GC Worker Start (ms): Min: 18673.9, Avg: 18674.1, Max: 18674.8, Diff: 0.8]
      [Ext Root Scanning (ms): Min: 0.0, Avg: 0.6, Max: 2.8, Diff: 2.8, Sum: 4.9]
      [Update RS (ms): Min: 0.0, Avg: 0.0, Max: 0.0, Diff: 0.0, Sum: 0.0]
         [Processed Buffers: Min: 0, Avg: 0.0, Max: 0, Diff: 0, Sum: 0]
      [Scan RS (ms): Min: 0.0, Avg: 0.1, Max: 0.1, Diff: 0.1, Sum: 0.5]
      [Code Root Scanning (ms): Min: 0.0, Avg: 0.8, Max: 4.2, Diff: 4.2, Sum: 6.4]
      [Object Copy (ms): Min: 4.9, Avg: 8.0, Max: 9.1, Diff: 4.2, Sum: 64.2]
      [Termination (ms): Min: 0.1, Avg: 0.2, Max: 0.2, Diff: 0.2, Sum: 1.5]
         [Termination Attempts: Min: 1, Avg: 216.6, Max: 349, Diff: 348, Sum: 1733]
      [GC Worker Other (ms): Min: 0.0, Avg: 0.0, Max: 0.1, Diff: 0.1, Sum: 0.3]
      [GC Worker Total (ms): Min: 9.1, Avg: 9.7, Max: 10.0, Diff: 0.9, Sum: 77.7]
      [GC Worker End (ms): Min: 18683.8, Avg: 18683.8, Max: 18683.9, Diff: 0.1]
   [Code Root Fixup: 0.7 ms]
   [Code Root Purge: 0.0 ms]
   [Clear CT: 0.3 ms]
   [Other: 1.6 ms]
      [Choose CSet: 0.0 ms]
      [Ref Proc: 0.6 ms]
      [Ref Enq: 0.0 ms]
      [Redirty Cards: 0.4 ms]
      [Humongous Register: 0.0 ms]
      [Humongous Reclaim: 0.0 ms]
      [Free CSet: 0.4 ms]
   [Eden: 288.0M(288.0M)->0.0B(286.0M) Survivors: 14.0M->16.0M Heap: 382.0M(504.0M)->96.0M(504.0M)]
 [Times: user=0.07 sys=0.00, real=0.01 secs]
         vmop                    [threads: total initially_running wait_to_block]    [time: spin block sync cleanup vmop] page_trap_count
18.674: G1IncCollectionPause             [      33          0              0    ]      [     0     0     0     0    12    ]  0
2017-11-22T09:53:36.792+0800: 18.687: Total time for which application threads were stopped: 0.0131996 seconds, Stopping threads took: 0.0000569 seconds
         vmop                    [threads: total initially_running wait_to_block]    [time: spin block sync cleanup vmop] page_trap_count
18.687: RevokeBias                       [      33          0              1    ]      [     0     0     0     0     0    ]  0
2017-11-22T09:53:36.793+0800: 18.687: Total time for which application threads were stopped: 0.0002520 seconds, Stopping threads took: 0.0000830 seconds
         vmop                    [threads: total initially_running wait_to_block]    [time: spin block sync cleanup vmop] page_trap_count
18.687: RevokeBias                       [      33          0              0    ]      [     0     0     0     0     0    ]  0
2017-11-22T09:53:36.793+0800: 18.687: Total time for which application threads were stopped: 0.0000811 seconds, Stopping threads took: 0.0000161 seconds
         vmop                    [threads: total initially_running wait_to_block]    [time: spin block sync cleanup vmop] page_trap_count
18.687: RevokeBias                       [      33          0              1    ]      [     0     0     0     0     0    ]  0
2017-11-22T09:53:36.793+0800: 18.688: Total time for which application threads were stopped: 0.0001262 seconds, Stopping threads took: 0.0000479 seconds
         vmop                    [threads: total initially_running wait_to_block]    [time: spin block sync cleanup vmop] page_trap_count
18.688: RevokeBias                       [      33          0              0    ]      [     0     0     0     0     0    ]  0
2017-11-22T09:53:36.793+0800: 18.688: Total time for which application threads were stopped: 0.0000695 seconds, Stopping threads took: 0.0000144 seconds
         vmop                    [threads: total initially_running wait_to_block]    [time: spin block sync cleanup vmop] page_trap_count
18.688: RevokeBias                       [      33          0              0    ]      [     0     0     0     0     0    ]  0
2017-11-22T09:53:36.793+0800: 18.688: Total time for which application threads were stopped: 0.0000699 seconds, Stopping threads took: 0.0000143 seconds
         vmop                    [threads: total initially_running wait_to_block]    [time: spin block sync cleanup vmop] page_trap_count
18.688: RevokeBias                       [      33          0              0    ]      [     0     0     0     0     0    ]  0
2017-11-22T09:53:36.794+0800: 18.688: Total time for which application threads were stopped: 0.0000701 seconds, Stopping threads took: 0.0000143 seconds
         vmop                    [threads: total initially_running wait_to_block]    [time: spin block sync cleanup vmop] page_trap_count
18.688: RevokeBias                       [      33          0              0    ]      [     0     0     0     0     0    ]  0
2017-11-22T09:53:36.794+0800: 18.688: Total time for which application threads were stopped: 0.0000714 seconds, Stopping threads took: 0.0000143 seconds
         vmop                    [threads: total initially_running wait_to_block]    [time: spin block sync cleanup vmop] page_trap_count
18.688: RevokeBias                       [      33          0              0    ]      [     0     0     0     0     0    ]  0
2017-11-22T09:53:36.794+0800: 18.688: Total time for which application threads were stopped: 0.0000881 seconds, Stopping threads took: 0.0000176 seconds
         vmop                    [threads: total initially_running wait_to_block]    [time: spin block sync cleanup vmop] page_trap_count
18.688: BulkRevokeBias                   [      33          0              0    ]      [     0     0     0     0     0    ]  0
2017-11-22T09:53:36.794+0800: 18.688: Total time for which application threads were stopped: 0.0001928 seconds, Stopping threads took: 0.0000150 seconds
2017-11-22T09:53:38.287+0800: 20.182: [GC pause (G1 Evacuation Pause) (young) 20.182: [G1Ergonomics (CSet Construction) start choosing CSet, _pending_cards: 0, predicted base time: 16.84 ms, remaining time: 183.16 ms, target pause time: 200.00 ms]
 20.182: [G1Ergonomics (CSet Construction) add young regions to CSet, eden: 286 regions, survivors: 16 regions, predicted young region time: 28.22 ms]
 20.182: [G1Ergonomics (CSet Construction) finish choosing CSet, eden: 286 regions, survivors: 16 regions, old: 0 regions, predicted pause time: 45.06 ms, target pause time: 200.00 ms]
, 0.0142892 secs]
   [Parallel Time: 11.5 ms, GC Workers: 8]
      [GC Worker Start (ms): Min: 20181.7, Avg: 20181.9, Max: 20182.8, Diff: 1.1]
      [Ext Root Scanning (ms): Min: 0.0, Avg: 0.7, Max: 2.6, Diff: 2.6, Sum: 5.9]
      [Update RS (ms): Min: 0.0, Avg: 0.0, Max: 0.0, Diff: 0.0, Sum: 0.0]
         [Processed Buffers: Min: 0, Avg: 0.0, Max: 0, Diff: 0, Sum: 0]
      [Scan RS (ms): Min: 0.0, Avg: 0.1, Max: 0.1, Diff: 0.1, Sum: 0.6]
      [Code Root Scanning (ms): Min: 0.0, Avg: 2.9, Max: 10.3, Diff: 10.3, Sum: 23.4]
      [Object Copy (ms): Min: 0.3, Avg: 7.2, Max: 10.2, Diff: 9.9, Sum: 57.7]
      [Termination (ms): Min: 0.0, Avg: 0.2, Max: 0.4, Diff: 0.4, Sum: 1.9]
         [Termination Attempts: Min: 1, Avg: 78.2, Max: 164, Diff: 163, Sum: 626]
      [GC Worker Other (ms): Min: 0.0, Avg: 0.0, Max: 0.0, Diff: 0.0, Sum: 0.2]
      [GC Worker Total (ms): Min: 10.3, Avg: 11.2, Max: 11.4, Diff: 1.1, Sum: 89.7]
      [GC Worker End (ms): Min: 20193.1, Avg: 20193.1, Max: 20193.1, Diff: 0.0]
   [Code Root Fixup: 0.9 ms]
   [Code Root Purge: 0.0 ms]
   [Clear CT: 0.3 ms]
   [Other: 1.6 ms]
      [Choose CSet: 0.0 ms]
      [Ref Proc: 0.5 ms]
      [Ref Enq: 0.0 ms]
      [Redirty Cards: 0.4 ms]
      [Humongous Register: 0.0 ms]
      [Humongous Reclaim: 0.0 ms]
      [Free CSet: 0.5 ms]
   [Eden: 286.0M(286.0M)->0.0B(286.0M) Survivors: 16.0M->16.0M Heap: 382.0M(504.0M)->95.5M(504.0M)]
 [Times: user=0.07 sys=0.00, real=0.01 secs]
         vmop                    [threads: total initially_running wait_to_block]    [time: spin block sync cleanup vmop] page_trap_count
20.181: G1IncCollectionPause             [      33          0              0    ]      [     0     0     0     0    14    ]  0
2017-11-22T09:53:38.302+0800: 20.196: Total time for which application threads were stopped: 0.0147760 seconds, Stopping threads took: 0.0000750 seconds
         vmop                    [threads: total initially_running wait_to_block]    [time: spin block sync cleanup vmop] page_trap_count
21.196: no vm operation                  [      33          0              0    ]      [     0     0     0     0     0    ]  0
2017-11-22T09:53:39.302+0800: 21.196: Total time for which application threads were stopped: 0.0002062 seconds, Stopping threads took: 0.0000422 seconds
2017-11-22T09:53:40.238+0800: 22.132: [GC pause (G1 Evacuation Pause) (young) 22.132: [G1Ergonomics (CSet Construction) start choosing CSet, _pending_cards: 0, predicted base time: 14.42 ms, remaining time: 185.58 ms, target pause time: 200.00 ms]
 22.132: [G1Ergonomics (CSet Construction) add young regions to CSet, eden: 286 regions, survivors: 16 regions, predicted young region time: 24.19 ms]
 22.132: [G1Ergonomics (CSet Construction) finish choosing CSet, eden: 286 regions, survivors: 16 regions, old: 0 regions, predicted pause time: 38.62 ms, target pause time: 200.00 ms]
, 0.0145052 secs]
   [Parallel Time: 11.9 ms, GC Workers: 8]
      [GC Worker Start (ms): Min: 22132.6, Avg: 22135.3, Max: 22142.6, Diff: 10.1]
      [Ext Root Scanning (ms): Min: 0.0, Avg: 0.6, Max: 2.8, Diff: 2.8, Sum: 5.1]
      [Update RS (ms): Min: 0.0, Avg: 0.0, Max: 0.0, Diff: 0.0, Sum: 0.0]
         [Processed Buffers: Min: 0, Avg: 0.0, Max: 0, Diff: 0, Sum: 0]
      [Scan RS (ms): Min: 0.0, Avg: 0.1, Max: 0.2, Diff: 0.2, Sum: 0.7]
      [Code Root Scanning (ms): Min: 0.0, Avg: 3.7, Max: 10.3, Diff: 10.3, Sum: 29.9]
      [Object Copy (ms): Min: 0.0, Avg: 3.1, Max: 8.3, Diff: 8.3, Sum: 24.8]
      [Termination (ms): Min: 0.0, Avg: 1.2, Max: 1.8, Diff: 1.8, Sum: 10.0]
         [Termination Attempts: Min: 1, Avg: 2.2, Max: 9, Diff: 8, Sum: 18]
      [GC Worker Other (ms): Min: 0.0, Avg: 0.0, Max: 0.0, Diff: 0.0, Sum: 0.2]
      [GC Worker Total (ms): Min: 1.5, Avg: 8.8, Max: 11.8, Diff: 10.3, Sum: 70.8]
      [GC Worker End (ms): Min: 22144.1, Avg: 22144.2, Max: 22144.3, Diff: 0.2]
   [Code Root Fixup: 0.6 ms]
   [Code Root Purge: 0.0 ms]
   [Clear CT: 0.3 ms]
   [Other: 1.7 ms]
      [Choose CSet: 0.0 ms]
      [Ref Proc: 0.6 ms]
      [Ref Enq: 0.0 ms]
      [Redirty Cards: 0.3 ms]
      [Humongous Register: 0.0 ms]
      [Humongous Reclaim: 0.0 ms]
      [Free CSet: 0.6 ms]
   [Eden: 286.0M(286.0M)->0.0B(287.0M) Survivors: 16.0M->15.0M Heap: 381.5M(504.0M)->94.5M(504.0M)]
 [Times: user=0.05 sys=0.00, real=0.01 secs]
         vmop                    [threads: total initially_running wait_to_block]    [time: spin block sync cleanup vmop] page_trap_count
22.132: G1IncCollectionPause             [      33          0              0    ]      [     0     0     0     0    14    ]  0
2017-11-22T09:53:40.253+0800: 22.147: Total time for which application threads were stopped: 0.0149004 seconds, Stopping threads took: 0.0000586 seconds
2017-11-22T09:53:42.125+0800: 24.019: [GC pause (G1 Evacuation Pause) (young) 24.019: [G1Ergonomics (CSet Construction) start choosing CSet, _pending_cards: 0, predicted base time: 13.44 ms, remaining time: 186.56 ms, target pause time: 200.00 ms]
 24.019: [G1Ergonomics (CSet Construction) add young regions to CSet, eden: 287 regions, survivors: 15 regions, predicted young region time: 15.22 ms]
 24.019: [G1Ergonomics (CSet Construction) finish choosing CSet, eden: 287 regions, survivors: 15 regions, old: 0 regions, predicted pause time: 28.66 ms, target pause time: 200.00 ms]
, 0.0128651 secs]
   [Parallel Time: 10.7 ms, GC Workers: 8]
      [GC Worker Start (ms): Min: 24019.3, Avg: 24021.6, Max: 24028.1, Diff: 8.8]
      [Ext Root Scanning (ms): Min: 0.0, Avg: 0.5, Max: 2.5, Diff: 2.5, Sum: 4.2]
      [Update RS (ms): Min: 0.0, Avg: 0.0, Max: 0.0, Diff: 0.0, Sum: 0.0]
         [Processed Buffers: Min: 0, Avg: 0.0, Max: 0, Diff: 0, Sum: 0]
      [Scan RS (ms): Min: 0.0, Avg: 0.1, Max: 0.1, Diff: 0.1, Sum: 0.5]
      [Code Root Scanning (ms): Min: 0.0, Avg: 2.4, Max: 9.7, Diff: 9.7, Sum: 19.3]
      [Object Copy (ms): Min: 0.0, Avg: 3.7, Max: 8.1, Diff: 8.1, Sum: 29.8]
      [Termination (ms): Min: 0.0, Avg: 1.5, Max: 1.9, Diff: 1.9, Sum: 11.8]
         [Termination Attempts: Min: 1, Avg: 26.5, Max: 72, Diff: 71, Sum: 212]
      [GC Worker Other (ms): Min: 0.0, Avg: 0.0, Max: 0.1, Diff: 0.0, Sum: 0.2]
      [GC Worker Total (ms): Min: 1.8, Avg: 8.2, Max: 10.6, Diff: 8.8, Sum: 65.8]
      [GC Worker End (ms): Min: 24029.8, Avg: 24029.8, Max: 24029.9, Diff: 0.0]
   [Code Root Fixup: 0.6 ms]
   [Code Root Purge: 0.0 ms]
   [Clear CT: 0.2 ms]
   [Other: 1.4 ms]
      [Choose CSet: 0.0 ms]
      [Ref Proc: 0.4 ms]
      [Ref Enq: 0.0 ms]
      [Redirty Cards: 0.3 ms]
      [Humongous Register: 0.1 ms]
      [Humongous Reclaim: 0.0 ms]
      [Free CSet: 0.4 ms]
   [Eden: 287.0M(287.0M)->0.0B(287.0M) Survivors: 15.0M->15.0M Heap: 381.5M(504.0M)->95.0M(504.0M)]
 [Times: user=0.05 sys=0.00, real=0.01 secs]
         vmop                    [threads: total initially_running wait_to_block]    [time: spin block sync cleanup vmop] page_trap_count
24.019: G1IncCollectionPause             [      33          0              0    ]      [     0     0     0     0    13    ]  0
2017-11-22T09:53:42.138+0800: 24.032: Total time for which application threads were stopped: 0.0132189 seconds, Stopping threads took: 0.0000473 seconds
         vmop                    [threads: total initially_running wait_to_block]    [time: spin block sync cleanup vmop] page_trap_count
26.032: no vm operation                  [      33          0              0    ]      [     0     0     0     0     0    ]  0
2017-11-22T09:53:44.138+0800: 26.033: Total time for which application threads were stopped: 0.0002016 seconds, Stopping threads took: 0.0000536 seconds
2017-11-22T09:53:44.241+0800: 26.135: [GC pause (G1 Evacuation Pause) (young) 26.135: [G1Ergonomics (CSet Construction) start choosing CSet, _pending_cards: 0, predicted base time: 12.02 ms, remaining time: 187.98 ms, target pause time: 200.00 ms]
 26.135: [G1Ergonomics (CSet Construction) add young regions to CSet, eden: 287 regions, survivors: 15 regions, predicted young region time: 13.32 ms]
 26.135: [G1Ergonomics (CSet Construction) finish choosing CSet, eden: 287 regions, survivors: 15 regions, old: 0 regions, predicted pause time: 25.35 ms, target pause time: 200.00 ms]
, 0.0372568 secs]
   [Parallel Time: 32.8 ms, GC Workers: 8]
      [GC Worker Start (ms): Min: 26135.3, Avg: 26140.3, Max: 26153.4, Diff: 18.1]
      [Ext Root Scanning (ms): Min: 0.0, Avg: 0.5, Max: 2.5, Diff: 2.5, Sum: 4.1]
      [Update RS (ms): Min: 0.0, Avg: 0.0, Max: 0.0, Diff: 0.0, Sum: 0.0]
         [Processed Buffers: Min: 0, Avg: 0.0, Max: 0, Diff: 0, Sum: 0]
      [Scan RS (ms): Min: 0.0, Avg: 0.1, Max: 0.1, Diff: 0.1, Sum: 0.5]
      [Code Root Scanning (ms): Min: 0.0, Avg: 0.4, Max: 1.6, Diff: 1.6, Sum: 3.5]
      [Object Copy (ms): Min: 2.8, Avg: 16.1, Max: 26.8, Diff: 24.0, Sum: 128.9]
      [Termination (ms): Min: 3.1, Avg: 10.3, Max: 13.5, Diff: 10.5, Sum: 82.4]
         [Termination Attempts: Min: 8, Avg: 7043.9, Max: 10697, Diff: 10689, Sum: 56351]
      [GC Worker Other (ms): Min: 0.0, Avg: 0.0, Max: 0.0, Diff: 0.0, Sum: 0.2]
      [GC Worker Total (ms): Min: 14.3, Avg: 27.4, Max: 32.4, Diff: 18.1, Sum: 219.6]
      [GC Worker End (ms): Min: 26167.7, Avg: 26167.7, Max: 26167.7, Diff: 0.0]
   [Code Root Fixup: 0.9 ms]
   [Code Root Purge: 0.0 ms]
   [Clear CT: 0.3 ms]
   [Other: 3.3 ms]
      [Choose CSet: 0.0 ms]
      [Ref Proc: 0.5 ms]
      [Ref Enq: 0.0 ms]
      [Redirty Cards: 2.1 ms]
      [Humongous Register: 0.0 ms]
      [Humongous Reclaim: 0.0 ms]
      [Free CSet: 0.4 ms]
   [Eden: 287.0M(287.0M)->0.0B(289.0M) Survivors: 15.0M->13.0M Heap: 382.0M(504.0M)->94.0M(504.0M)]
 [Times: user=0.19 sys=0.00, real=0.04 secs]
         vmop                    [threads: total initially_running wait_to_block]    [time: spin block sync cleanup vmop] page_trap_count
26.135: G1IncCollectionPause             [      33          0              0    ]      [     0     0     0     0    37    ]  0
2017-11-22T09:53:44.278+0800: 26.173: Total time for which application threads were stopped: 0.0376778 seconds, Stopping threads took: 0.0000505 seconds
         vmop                    [threads: total initially_running wait_to_block]    [time: spin block sync cleanup vmop] page_trap_count
27.173: no vm operation                  [      32          0              0    ]      [     0     0     0     0     0    ]  0
2017-11-22T09:53:45.279+0800: 27.173: Total time for which application threads were stopped: 0.0001838 seconds, Stopping threads took: 0.0000573 seconds
         vmop                    [threads: total initially_running wait_to_block]    [time: spin block sync cleanup vmop] page_trap_count
27.194: RevokeBias                       [      32          0              0    ]      [     0     0     0     0     0    ]  0
2017-11-22T09:53:45.300+0800: 27.194: Total time for which application threads were stopped: 0.0001986 seconds, Stopping threads took: 0.0000708 seconds
2017-11-22T09:53:45.843+0800: 27.737: [GC pause (G1 Evacuation Pause) (young) 27.737: [G1Ergonomics (CSet Construction) start choosing CSet, _pending_cards: 2048, predicted base time: 13.57 ms, remaining time: 186.43 ms, target pause time: 200.00 ms]
 27.737: [G1Ergonomics (CSet Construction) add young regions to CSet, eden: 289 regions, survivors: 13 regions, predicted young region time: 20.15 ms]
 27.737: [G1Ergonomics (CSet Construction) finish choosing CSet, eden: 289 regions, survivors: 13 regions, old: 0 regions, predicted pause time: 33.72 ms, target pause time: 200.00 ms]
, 0.0133155 secs]
   [Parallel Time: 6.8 ms, GC Workers: 8]
      [GC Worker Start (ms): Min: 27737.1, Avg: 27738.8, Max: 27743.5, Diff: 6.5]
      [Ext Root Scanning (ms): Min: 0.0, Avg: 0.5, Max: 2.6, Diff: 2.6, Sum: 4.4]
      [Update RS (ms): Min: 0.0, Avg: 0.2, Max: 0.6, Diff: 0.6, Sum: 1.9]
         [Processed Buffers: Min: 0, Avg: 1.1, Max: 3, Diff: 3, Sum: 9]
      [Scan RS (ms): Min: 0.0, Avg: 0.1, Max: 0.2, Diff: 0.2, Sum: 0.6]
      [Code Root Scanning (ms): Min: 0.0, Avg: 0.2, Max: 0.6, Diff: 0.6, Sum: 1.4]
      [Object Copy (ms): Min: 0.0, Avg: 3.6, Max: 5.8, Diff: 5.8, Sum: 29.1]
      [Termination (ms): Min: 0.0, Avg: 0.1, Max: 0.2, Diff: 0.2, Sum: 1.2]
         [Termination Attempts: Min: 1, Avg: 8.1, Max: 19, Diff: 18, Sum: 65]
      [GC Worker Other (ms): Min: 0.0, Avg: 0.0, Max: 0.0, Diff: 0.0, Sum: 0.2]
      [GC Worker Total (ms): Min: 0.0, Avg: 4.8, Max: 6.5, Diff: 6.5, Sum: 38.8]
      [GC Worker End (ms): Min: 27743.6, Avg: 27743.6, Max: 27743.6, Diff: 0.0]
   [Code Root Fixup: 0.2 ms]
   [Code Root Purge: 0.0 ms]
   [Clear CT: 0.4 ms]
   [Other: 5.9 ms]
      [Choose CSet: 0.0 ms]
      [Ref Proc: 5.0 ms]
      [Ref Enq: 0.0 ms]
      [Redirty Cards: 0.3 ms]
      [Humongous Register: 0.0 ms]
      [Humongous Reclaim: 0.0 ms]
      [Free CSet: 0.4 ms]
   [Eden: 289.0M(289.0M)->0.0B(289.0M) Survivors: 13.0M->13.0M Heap: 383.0M(504.0M)->94.5M(504.0M)]
 [Times: user=0.06 sys=0.00, real=0.02 secs]
         vmop                    [threads: total initially_running wait_to_block]    [time: spin block sync cleanup vmop] page_trap_count
27.737: G1IncCollectionPause             [      32          0              0    ]      [     0     0     0     0    13    ]  0
2017-11-22T09:53:45.856+0800: 27.750: Total time for which application threads were stopped: 0.0137249 seconds, Stopping threads took: 0.0000679 seconds
         vmop                    [threads: total initially_running wait_to_block]    [time: spin block sync cleanup vmop] page_trap_count
28.751: no vm operation                  [      32          0              0    ]      [     0     0     0     0     0    ]  0
2017-11-22T09:53:46.856+0800: 28.751: Total time for which application threads were stopped: 0.0001948 seconds, Stopping threads took: 0.0000620 seconds
2017-11-22T09:53:47.370+0800: 29.264: [GC pause (G1 Evacuation Pause) (young) 29.264: [G1Ergonomics (CSet Construction) start choosing CSet, _pending_cards: 1792, predicted base time: 12.45 ms, remaining time: 187.55 ms, target pause time: 200.00 ms]
 29.264: [G1Ergonomics (CSet Construction) add young regions to CSet, eden: 289 regions, survivors: 13 regions, predicted young region time: 18.69 ms]
 29.264: [G1Ergonomics (CSet Construction) finish choosing CSet, eden: 289 regions, survivors: 13 regions, old: 0 regions, predicted pause time: 31.13 ms, target pause time: 200.00 ms]
, 0.0099243 secs]
   [Parallel Time: 7.8 ms, GC Workers: 8]
      [GC Worker Start (ms): Min: 29264.0, Avg: 29264.3, Max: 29265.4, Diff: 1.4]
      [Ext Root Scanning (ms): Min: 0.0, Avg: 0.8, Max: 3.3, Diff: 3.3, Sum: 6.2]
      [Update RS (ms): Min: 0.0, Avg: 0.3, Max: 0.5, Diff: 0.5, Sum: 2.2]
         [Processed Buffers: Min: 0, Avg: 1.0, Max: 3, Diff: 3, Sum: 8]
      [Scan RS (ms): Min: 0.0, Avg: 0.1, Max: 0.2, Diff: 0.2, Sum: 0.5]
      [Code Root Scanning (ms): Min: 0.0, Avg: 0.6, Max: 3.8, Diff: 3.8, Sum: 4.5]
      [Object Copy (ms): Min: 2.6, Avg: 5.4, Max: 6.3, Diff: 3.7, Sum: 43.4]
      [Termination (ms): Min: 0.0, Avg: 0.1, Max: 0.1, Diff: 0.1, Sum: 0.8]
         [Termination Attempts: Min: 1, Avg: 32.4, Max: 59, Diff: 58, Sum: 259]
      [GC Worker Other (ms): Min: 0.0, Avg: 0.0, Max: 0.1, Diff: 0.1, Sum: 0.3]
      [GC Worker Total (ms): Min: 6.1, Avg: 7.2, Max: 7.5, Diff: 1.4, Sum: 57.9]
      [GC Worker End (ms): Min: 29271.5, Avg: 29271.5, Max: 29271.6, Diff: 0.1]
   [Code Root Fixup: 0.2 ms]
   [Code Root Purge: 0.0 ms]
   [Clear CT: 0.4 ms]
   [Other: 1.6 ms]
      [Choose CSet: 0.0 ms]
      [Ref Proc: 0.6 ms]
      [Ref Enq: 0.0 ms]
      [Redirty Cards: 0.3 ms]
      [Humongous Register: 0.0 ms]
      [Humongous Reclaim: 0.0 ms]
      [Free CSet: 0.4 ms]
   [Eden: 289.0M(289.0M)->0.0B(291.0M) Survivors: 13.0M->11.0M Heap: 383.5M(504.0M)->95.7M(504.0M)]
 [Times: user=0.06 sys=0.00, real=0.01 secs]
         vmop                    [threads: total initially_running wait_to_block]    [time: spin block sync cleanup vmop] page_trap_count
29.264: G1IncCollectionPause             [      32          0              0    ]      [     0     0     0     0    10    ]  0
2017-11-22T09:53:47.381+0800: 29.275: Total time for which application threads were stopped: 0.0112056 seconds, Stopping threads took: 0.0000644 seconds
         vmop                    [threads: total initially_running wait_to_block]    [time: spin block sync cleanup vmop] page_trap_count
29.353: RevokeBias                       [      32          0              0    ]      [     0     0     0     0     0    ]  0
2017-11-22T09:53:47.459+0800: 29.353: Total time for which application threads were stopped: 0.0002341 seconds, Stopping threads took: 0.0000635 seconds
         vmop                    [threads: total initially_running wait_to_block]    [time: spin block sync cleanup vmop] page_trap_count
31.232: RevokeBias                       [      33          0              1    ]      [     0     0     0     0     0    ]  0
2017-11-22T09:53:49.337+0800: 31.232: Total time for which application threads were stopped: 0.0002768 seconds, Stopping threads took: 0.0001143 seconds
         vmop                    [threads: total initially_running wait_to_block]    [time: spin block sync cleanup vmop] page_trap_count
31.232: RevokeBias                       [      33          0              0    ]      [     0     0     0     0     0    ]  0
2017-11-22T09:53:49.338+0800: 31.232: Total time for which application threads were stopped: 0.0001902 seconds, Stopping threads took: 0.0000404 seconds
         vmop                    [threads: total initially_running wait_to_block]    [time: spin block sync cleanup vmop] page_trap_count
31.232: RevokeBias                       [      33          0              0    ]      [     0     0     0     0     0    ]  0
2017-11-22T09:53:49.338+0800: 31.232: Total time for which application threads were stopped: 0.0001310 seconds, Stopping threads took: 0.0000278 seconds
         vmop                    [threads: total initially_running wait_to_block]    [time: spin block sync cleanup vmop] page_trap_count
31.232: RevokeBias                       [      33          2              0    ]      [     0     0     0     0     0    ]  0
2017-11-22T09:53:49.338+0800: 31.233: Total time for which application threads were stopped: 0.0002101 seconds, Stopping threads took: 0.0000929 seconds
         vmop                    [threads: total initially_running wait_to_block]    [time: spin block sync cleanup vmop] page_trap_count
31.233: RevokeBias                       [      33          1              0    ]      [     0     0     0     0     0    ]  0
2017-11-22T09:53:49.339+0800: 31.233: Total time for which application threads were stopped: 0.0001725 seconds, Stopping threads took: 0.0000762 seconds
         vmop                    [threads: total initially_running wait_to_block]    [time: spin block sync cleanup vmop] page_trap_count
31.233: RevokeBias                       [      33          1              1    ]      [     0     0     0     0     0    ]  0
2017-11-22T09:53:49.339+0800: 31.233: Total time for which application threads were stopped: 0.0001851 seconds, Stopping threads took: 0.0000992 seconds
         vmop                    [threads: total initially_running wait_to_block]    [time: spin block sync cleanup vmop] page_trap_count
32.233: no vm operation                  [      33          0              0    ]      [     0     0     0     0     0    ]  0
2017-11-22T09:53:50.339+0800: 32.234: Total time for which application threads were stopped: 0.0002593 seconds, Stopping threads took: 0.0000676 seconds
2017-11-22T09:53:50.569+0800: 32.463: [GC pause (G1 Evacuation Pause) (young) 32.463: [G1Ergonomics (CSet Construction) start choosing CSet, _pending_cards: 2327, predicted base time: 10.84 ms, remaining time: 189.16 ms, target pause time: 200.00 ms]
 32.463: [G1Ergonomics (CSet Construction) add young regions to CSet, eden: 291 regions, survivors: 11 regions, predicted young region time: 30.59 ms]
 32.463: [G1Ergonomics (CSet Construction) finish choosing CSet, eden: 291 regions, survivors: 11 regions, old: 0 regions, predicted pause time: 41.43 ms, target pause time: 200.00 ms]
, 0.0281991 secs]
   [Parallel Time: 24.1 ms, GC Workers: 8]
      [GC Worker Start (ms): Min: 32463.3, Avg: 32465.7, Max: 32470.3, Diff: 7.0]
      [Ext Root Scanning (ms): Min: 0.0, Avg: 0.6, Max: 2.3, Diff: 2.3, Sum: 4.9]
      [Update RS (ms): Min: 0.0, Avg: 0.2, Max: 0.5, Diff: 0.5, Sum: 1.9]
         [Processed Buffers: Min: 0, Avg: 1.9, Max: 10, Diff: 10, Sum: 15]
      [Scan RS (ms): Min: 0.0, Avg: 0.3, Max: 0.6, Diff: 0.6, Sum: 2.2]
      [Code Root Scanning (ms): Min: 0.0, Avg: 0.1, Max: 0.3, Diff: 0.3, Sum: 0.7]
      [Object Copy (ms): Min: 0.0, Avg: 5.3, Max: 22.0, Diff: 22.0, Sum: 42.1]
      [Termination (ms): Min: 0.0, Avg: 14.9, Max: 17.2, Diff: 17.2, Sum: 118.8]
         [Termination Attempts: Min: 1, Avg: 6.9, Max: 14, Diff: 13, Sum: 55]
      [GC Worker Other (ms): Min: 0.0, Avg: 0.0, Max: 0.0, Diff: 0.0, Sum: 0.2]
      [GC Worker Total (ms): Min: 16.8, Avg: 21.4, Max: 23.8, Diff: 7.0, Sum: 170.8]
      [GC Worker End (ms): Min: 32487.1, Avg: 32487.1, Max: 32487.1, Diff: 0.1]
   [Code Root Fixup: 0.1 ms]
   [Code Root Purge: 0.0 ms]
   [Clear CT: 0.3 ms]
   [Other: 3.7 ms]
      [Choose CSet: 0.0 ms]
      [Ref Proc: 2.4 ms]
      [Ref Enq: 0.0 ms]
      [Redirty Cards: 0.4 ms]
      [Humongous Register: 0.1 ms]
      [Humongous Reclaim: 0.0 ms]
      [Free CSet: 0.4 ms]
   [Eden: 291.0M(291.0M)->0.0B(295.0M) Survivors: 11.0M->7168.0K Heap: 386.7M(504.0M)->96.4M(504.0M)]
 [Times: user=0.13 sys=0.00, real=0.03 secs]
         vmop                    [threads: total initially_running wait_to_block]    [time: spin block sync cleanup vmop] page_trap_count
32.463: G1IncCollectionPause             [      33          0              0    ]      [     0     0     0     0    28    ]  0
2017-11-22T09:53:50.597+0800: 32.491: Total time for which application threads were stopped: 0.0286394 seconds, Stopping threads took: 0.0000677 seconds
         vmop                    [threads: total initially_running wait_to_block]    [time: spin block sync cleanup vmop] page_trap_count
32.493: RevokeBias                       [      33          0              0    ]      [     0     0     0     0     0    ]  0
2017-11-22T09:53:50.599+0800: 32.493: Total time for which application threads were stopped: 0.0003081 seconds, Stopping threads took: 0.0000753 seconds
         vmop                    [threads: total initially_running wait_to_block]    [time: spin block sync cleanup vmop] page_trap_count
32.494: RevokeBias                       [      33          1              1    ]      [     0     0     0     0     0    ]  1
2017-11-22T09:53:50.599+0800: 32.494: Total time for which application threads were stopped: 0.0002058 seconds, Stopping threads took: 0.0000763 seconds
         vmop                    [threads: total initially_running wait_to_block]    [time: spin block sync cleanup vmop] page_trap_count
32.494: RevokeBias                       [      33          0              0    ]      [     0     0     0     0     0    ]  0
2017-11-22T09:53:50.600+0800: 32.494: Total time for which application threads were stopped: 0.0001237 seconds, Stopping threads took: 0.0000292 seconds
         vmop                    [threads: total initially_running wait_to_block]    [time: spin block sync cleanup vmop] page_trap_count
32.494: RevokeBias                       [      33          0              0    ]      [     0     0     0     0     0    ]  0
2017-11-22T09:53:50.600+0800: 32.494: Total time for which application threads were stopped: 0.0001105 seconds, Stopping threads took: 0.0000259 seconds
         vmop                    [threads: total initially_running wait_to_block]    [time: spin block sync cleanup vmop] page_trap_count
32.494: RevokeBias                       [      33          0              0    ]      [     0     0     0     0     0    ]  0
2017-11-22T09:53:50.600+0800: 32.494: Total time for which application threads were stopped: 0.0001104 seconds, Stopping threads took: 0.0000252 seconds
         vmop                    [threads: total initially_running wait_to_block]    [time: spin block sync cleanup vmop] page_trap_count
32.494: RevokeBias                       [      33          0              1    ]      [     0     0     0     0     0    ]  0
2017-11-22T09:53:50.600+0800: 32.495: Total time for which application threads were stopped: 0.0001726 seconds, Stopping threads took: 0.0000629 seconds
         vmop                    [threads: total initially_running wait_to_block]    [time: spin block sync cleanup vmop] page_trap_count
32.495: RevokeBias                       [      33          0              0    ]      [     0     0     0     0     0    ]  0
2017-11-22T09:53:50.600+0800: 32.495: Total time for which application threads were stopped: 0.0001027 seconds, Stopping threads took: 0.0000206 seconds
         vmop                    [threads: total initially_running wait_to_block]    [time: spin block sync cleanup vmop] page_trap_count
32.495: RevokeBias                       [      33          0              0    ]      [     0     0     0     0     0    ]  0
2017-11-22T09:53:50.601+0800: 32.495: Total time for which application threads were stopped: 0.0001256 seconds, Stopping threads took: 0.0000198 seconds
         vmop                    [threads: total initially_running wait_to_block]    [time: spin block sync cleanup vmop] page_trap_count
32.495: RevokeBias                       [      33          0              0    ]      [     0     0     0     0     0    ]  0
2017-11-22T09:53:50.601+0800: 32.495: Total time for which application threads were stopped: 0.0001054 seconds, Stopping threads took: 0.0000193 seconds
         vmop                    [threads: total initially_running wait_to_block]    [time: spin block sync cleanup vmop] page_trap_count
32.495: RevokeBias                       [      33          0              0    ]      [     0     0     0     0     0    ]  0
2017-11-22T09:53:50.601+0800: 32.495: Total time for which application threads were stopped: 0.0001258 seconds, Stopping threads took: 0.0000308 seconds
         vmop                    [threads: total initially_running wait_to_block]    [time: spin block sync cleanup vmop] page_trap_count
32.495: RevokeBias                       [      33          0              1    ]      [     0     0     0     0     0    ]  0
2017-11-22T09:53:50.601+0800: 32.496: Total time for which application threads were stopped: 0.0001922 seconds, Stopping threads took: 0.0000702 seconds
         vmop                    [threads: total initially_running wait_to_block]    [time: spin block sync cleanup vmop] page_trap_count
32.496: RevokeBias                       [      33          0              0    ]      [     0     0     0     0     0    ]  0
2017-11-22T09:53:50.601+0800: 32.496: Total time for which application threads were stopped: 0.0001308 seconds, Stopping threads took: 0.0000411 seconds
         vmop                    [threads: total initially_running wait_to_block]    [time: spin block sync cleanup vmop] page_trap_count
32.496: RevokeBias                       [      33          0              0    ]      [     0     0     0     0     0    ]  0
2017-11-22T09:53:50.602+0800: 32.496: Total time for which application threads were stopped: 0.0000968 seconds, Stopping threads took: 0.0000231 seconds
         vmop                    [threads: total initially_running wait_to_block]    [time: spin block sync cleanup vmop] page_trap_count
32.496: RevokeBias                       [      33          0              0    ]      [     0     0     0     0     0    ]  0
2017-11-22T09:53:50.602+0800: 32.496: Total time for which application threads were stopped: 0.0001059 seconds, Stopping threads took: 0.0000195 seconds
         vmop                    [threads: total initially_running wait_to_block]    [time: spin block sync cleanup vmop] page_trap_count
32.496: BulkRevokeBias                   [      33          0              0    ]      [     0     0     0     0     0    ]  0
2017-11-22T09:53:50.602+0800: 32.496: Total time for which application threads were stopped: 0.0002606 seconds, Stopping threads took: 0.0000199 seconds
         vmop                    [threads: total initially_running wait_to_block]    [time: spin block sync cleanup vmop] page_trap_count
33.497: no vm operation                  [      33          0              0    ]      [     0     0     0     0     0    ]  0
2017-11-22T09:53:51.602+0800: 33.497: Total time for which application threads were stopped: 0.0002260 seconds, Stopping threads took: 0.0000749 seconds
2017-11-22T09:53:51.692+0800: 33.586: [GC pause (G1 Evacuation Pause) (young) 33.586: [G1Ergonomics (CSet Construction) start choosing CSet, _pending_cards: 3588, predicted base time: 10.68 ms, remaining time: 189.32 ms, target pause time: 200.00 ms]
 33.586: [G1Ergonomics (CSet Construction) add young regions to CSet, eden: 295 regions, survivors: 7 regions, predicted young region time: 11.86 ms]
 33.586: [G1Ergonomics (CSet Construction) finish choosing CSet, eden: 295 regions, survivors: 7 regions, old: 0 regions, predicted pause time: 22.54 ms, target pause time: 200.00 ms]
, 0.0057089 secs]
   [Parallel Time: 3.6 ms, GC Workers: 8]
      [GC Worker Start (ms): Min: 33586.2, Avg: 33587.1, Max: 33589.4, Diff: 3.2]
      [Ext Root Scanning (ms): Min: 0.0, Avg: 0.5, Max: 1.0, Diff: 1.0, Sum: 3.7]
      [Update RS (ms): Min: 0.0, Avg: 0.5, Max: 1.1, Diff: 1.1, Sum: 4.3]
         [Processed Buffers: Min: 0, Avg: 2.5, Max: 8, Diff: 8, Sum: 20]
      [Scan RS (ms): Min: 0.0, Avg: 0.2, Max: 0.4, Diff: 0.4, Sum: 1.4]
      [Code Root Scanning (ms): Min: 0.0, Avg: 0.1, Max: 0.2, Diff: 0.2, Sum: 0.5]
      [Object Copy (ms): Min: 0.0, Avg: 1.0, Max: 2.0, Diff: 2.0, Sum: 8.0]
      [Termination (ms): Min: 0.0, Avg: 0.2, Max: 0.3, Diff: 0.3, Sum: 1.6]
         [Termination Attempts: Min: 1, Avg: 1.0, Max: 1, Diff: 0, Sum: 8]
      [GC Worker Other (ms): Min: 0.0, Avg: 0.0, Max: 0.0, Diff: 0.0, Sum: 0.1]
      [GC Worker Total (ms): Min: 0.0, Avg: 2.4, Max: 3.3, Diff: 3.2, Sum: 19.6]
      [GC Worker End (ms): Min: 33589.5, Avg: 33589.5, Max: 33589.6, Diff: 0.1]
   [Code Root Fixup: 0.1 ms]
   [Code Root Purge: 0.0 ms]
   [Clear CT: 0.5 ms]
   [Other: 1.6 ms]
      [Choose CSet: 0.0 ms]
      [Ref Proc: 0.5 ms]
      [Ref Enq: 0.0 ms]
      [Redirty Cards: 0.3 ms]
      [Humongous Register: 0.1 ms]
      [Humongous Reclaim: 0.0 ms]
      [Free CSet: 0.4 ms]
   [Eden: 295.0M(295.0M)->0.0B(296.0M) Survivors: 7168.0K->6144.0K Heap: 391.4M(504.0M)->98.3M(504.0M)]
 [Times: user=0.02 sys=0.00, real=0.01 secs]
         vmop                    [threads: total initially_running wait_to_block]    [time: spin block sync cleanup vmop] page_trap_count
33.586: G1IncCollectionPause             [      33          0              0    ]      [     0     0     0     0     5    ]  0
2017-11-22T09:53:51.698+0800: 33.592: Total time for which application threads were stopped: 0.0060810 seconds, Stopping threads took: 0.0000559 seconds
2017-11-22T09:53:52.496+0800: 34.390: [GC pause (G1 Evacuation Pause) (young) 34.390: [G1Ergonomics (CSet Construction) start choosing CSet, _pending_cards: 1795, predicted base time: 8.45 ms, remaining time: 191.55 ms, target pause time: 200.00 ms]
 34.390: [G1Ergonomics (CSet Construction) add young regions to CSet, eden: 296 regions, survivors: 6 regions, predicted young region time: 16.36 ms]
 34.390: [G1Ergonomics (CSet Construction) finish choosing CSet, eden: 296 regions, survivors: 6 regions, old: 0 regions, predicted pause time: 24.81 ms, target pause time: 200.00 ms]
, 0.0056772 secs]
   [Parallel Time: 2.6 ms, GC Workers: 8]
      [GC Worker Start (ms): Min: 34390.1, Avg: 34390.6, Max: 34392.2, Diff: 2.1]
      [Ext Root Scanning (ms): Min: 0.0, Avg: 0.5, Max: 0.9, Diff: 0.9, Sum: 4.0]
      [Update RS (ms): Min: 0.0, Avg: 0.5, Max: 1.7, Diff: 1.7, Sum: 3.6]
         [Processed Buffers: Min: 0, Avg: 1.4, Max: 3, Diff: 3, Sum: 11]
      [Scan RS (ms): Min: 0.0, Avg: 0.1, Max: 0.2, Diff: 0.2, Sum: 0.6]
      [Code Root Scanning (ms): Min: 0.0, Avg: 0.0, Max: 0.1, Diff: 0.1, Sum: 0.2]
      [Object Copy (ms): Min: 0.0, Avg: 0.6, Max: 0.9, Diff: 0.8, Sum: 4.7]
      [Termination (ms): Min: 0.0, Avg: 0.4, Max: 0.5, Diff: 0.5, Sum: 3.4]
         [Termination Attempts: Min: 1, Avg: 12.5, Max: 25, Diff: 24, Sum: 100]
      [GC Worker Other (ms): Min: 0.0, Avg: 0.0, Max: 0.0, Diff: 0.0, Sum: 0.2]
      [GC Worker Total (ms): Min: 0.5, Avg: 2.1, Max: 2.5, Diff: 2.1, Sum: 16.7]
      [GC Worker End (ms): Min: 34392.6, Avg: 34392.6, Max: 34392.7, Diff: 0.0]
   [Code Root Fixup: 0.1 ms]
   [Code Root Purge: 0.0 ms]
   [Clear CT: 0.3 ms]
   [Other: 2.7 ms]
      [Choose CSet: 0.0 ms]
      [Ref Proc: 1.6 ms]
      [Ref Enq: 0.0 ms]
      [Redirty Cards: 0.4 ms]
      [Humongous Register: 0.1 ms]
      [Humongous Reclaim: 0.0 ms]
      [Free CSet: 0.4 ms]
   [Eden: 296.0M(296.0M)->0.0B(295.0M) Survivors: 6144.0K->7168.0K Heap: 394.3M(504.0M)->99.6M(504.0M)]
 [Times: user=0.02 sys=0.00, real=0.00 secs]
         vmop                    [threads: total initially_running wait_to_block]    [time: spin block sync cleanup vmop] page_trap_count
34.390: G1IncCollectionPause             [      33          0              0    ]      [     0     0     0     0     5    ]  0
2017-11-22T09:53:52.502+0800: 34.396: Total time for which application threads were stopped: 0.0061034 seconds, Stopping threads took: 0.0000604 seconds
2017-11-22T09:53:53.664+0800: 35.558: [GC pause (G1 Evacuation Pause) (young) 35.559: [G1Ergonomics (CSet Construction) start choosing CSet, _pending_cards: 1801, predicted base time: 7.48 ms, remaining time: 192.52 ms, target pause time: 200.00 ms]
 35.559: [G1Ergonomics (CSet Construction) add young regions to CSet, eden: 295 regions, survivors: 7 regions, predicted young region time: 7.96 ms]
 35.559: [G1Ergonomics (CSet Construction) finish choosing CSet, eden: 295 regions, survivors: 7 regions, old: 0 regions, predicted pause time: 15.45 ms, target pause time: 200.00 ms]
, 0.0088949 secs]
   [Parallel Time: 2.5 ms, GC Workers: 8]
      [GC Worker Start (ms): Min: 35558.7, Avg: 35559.6, Max: 35561.0, Diff: 2.3]
      [Ext Root Scanning (ms): Min: 0.0, Avg: 0.3, Max: 1.0, Diff: 1.0, Sum: 2.7]
      [Update RS (ms): Min: 0.0, Avg: 0.1, Max: 0.3, Diff: 0.3, Sum: 1.0]
         [Processed Buffers: Min: 0, Avg: 1.4, Max: 4, Diff: 4, Sum: 11]
      [Scan RS (ms): Min: 0.0, Avg: 0.1, Max: 0.2, Diff: 0.2, Sum: 0.5]
      [Code Root Scanning (ms): Min: 0.0, Avg: 0.0, Max: 0.1, Diff: 0.1, Sum: 0.1]
      [Object Copy (ms): Min: 0.0, Avg: 0.6, Max: 1.0, Diff: 1.0, Sum: 4.7]
      [Termination (ms): Min: 0.0, Avg: 0.3, Max: 0.4, Diff: 0.4, Sum: 2.3]
         [Termination Attempts: Min: 1, Avg: 1.0, Max: 1, Diff: 0, Sum: 8]
      [GC Worker Other (ms): Min: 0.0, Avg: 0.0, Max: 0.0, Diff: 0.0, Sum: 0.1]
      [GC Worker Total (ms): Min: 0.0, Avg: 1.4, Max: 2.4, Diff: 2.3, Sum: 11.6]
      [GC Worker End (ms): Min: 35561.0, Avg: 35561.1, Max: 35561.1, Diff: 0.0]
   [Code Root Fixup: 0.0 ms]
   [Code Root Purge: 0.0 ms]
   [Clear CT: 1.5 ms]
   [Other: 4.9 ms]
      [Choose CSet: 0.0 ms]
      [Ref Proc: 3.7 ms]
      [Ref Enq: 0.0 ms]
      [Redirty Cards: 0.4 ms]
      [Humongous Register: 0.1 ms]
      [Humongous Reclaim: 0.0 ms]
      [Free CSet: 0.5 ms]
   [Eden: 295.0M(295.0M)->0.0B(296.0M) Survivors: 7168.0K->6144.0K Heap: 394.6M(504.0M)->98.6M(504.0M)]
 [Times: user=0.02 sys=0.01, real=0.00 secs]
         vmop                    [threads: total initially_running wait_to_block]    [time: spin block sync cleanup vmop] page_trap_count
35.558: G1IncCollectionPause             [      33          0              0    ]      [     0     0     0     0     9    ]  0
2017-11-22T09:53:53.673+0800: 35.568: Total time for which application threads were stopped: 0.0093658 seconds, Stopping threads took: 0.0000605 seconds
         vmop                    [threads: total initially_running wait_to_block]    [time: spin block sync cleanup vmop] page_trap_count
36.568: no vm operation                  [      33          0              0    ]      [     0     0     0     0     0    ]  0
2017-11-22T09:53:54.674+0800: 36.568: Total time for which application threads were stopped: 0.0003163 seconds, Stopping threads took: 0.0000693 seconds
2017-11-22T09:53:54.766+0800: 36.660: [GC pause (G1 Evacuation Pause) (young) 36.660: [G1Ergonomics (CSet Construction) start choosing CSet, _pending_cards: 1292, predicted base time: 7.56 ms, remaining time: 192.44 ms, target pause time: 200.00 ms]
 36.660: [G1Ergonomics (CSet Construction) add young regions to CSet, eden: 296 regions, survivors: 6 regions, predicted young region time: 4.81 ms]
 36.660: [G1Ergonomics (CSet Construction) finish choosing CSet, eden: 296 regions, survivors: 6 regions, old: 0 regions, predicted pause time: 12.37 ms, target pause time: 200.00 ms]
, 0.0052291 secs]
   [Parallel Time: 2.7 ms, GC Workers: 8]
      [GC Worker Start (ms): Min: 36660.6, Avg: 36661.6, Max: 36663.0, Diff: 2.4]
      [Ext Root Scanning (ms): Min: 0.0, Avg: 0.5, Max: 1.0, Diff: 1.0, Sum: 3.8]
      [Update RS (ms): Min: 0.0, Avg: 0.1, Max: 0.4, Diff: 0.4, Sum: 1.0]
         [Processed Buffers: Min: 0, Avg: 1.2, Max: 5, Diff: 5, Sum: 10]
      [Scan RS (ms): Min: 0.0, Avg: 0.1, Max: 0.2, Diff: 0.2, Sum: 0.6]
      [Code Root Scanning (ms): Min: 0.0, Avg: 0.0, Max: 0.1, Diff: 0.1, Sum: 0.2]
      [Object Copy (ms): Min: 0.0, Avg: 0.6, Max: 1.0, Diff: 1.0, Sum: 4.7]
      [Termination (ms): Min: 0.0, Avg: 0.2, Max: 0.3, Diff: 0.3, Sum: 1.5]
         [Termination Attempts: Min: 1, Avg: 1.0, Max: 1, Diff: 0, Sum: 8]
      [GC Worker Other (ms): Min: 0.0, Avg: 0.0, Max: 0.1, Diff: 0.0, Sum: 0.2]
      [GC Worker Total (ms): Min: 0.1, Avg: 1.5, Max: 2.4, Diff: 2.4, Sum: 12.1]
      [GC Worker End (ms): Min: 36663.1, Avg: 36663.1, Max: 36663.1, Diff: 0.1]
   [Code Root Fixup: 0.1 ms]
   [Code Root Purge: 0.0 ms]
   [Clear CT: 0.4 ms]
   [Other: 2.1 ms]
      [Choose CSet: 0.0 ms]
      [Ref Proc: 0.7 ms]
      [Ref Enq: 0.0 ms]
      [Redirty Cards: 0.5 ms]
      [Humongous Register: 0.1 ms]
      [Humongous Reclaim: 0.0 ms]
      [Free CSet: 0.6 ms]
   [Eden: 296.0M(296.0M)->0.0B(296.0M) Survivors: 6144.0K->6144.0K Heap: 394.6M(504.0M)->98.6M(504.0M)]
 [Times: user=0.02 sys=0.00, real=0.00 secs]
         vmop                    [threads: total initially_running wait_to_block]    [time: spin block sync cleanup vmop] page_trap_count
36.660: G1IncCollectionPause             [      33          0              0    ]      [     0     0     0     0     5    ]  0
2017-11-22T09:53:54.772+0800: 36.666: Total time for which application threads were stopped: 0.0057602 seconds, Stopping threads took: 0.0000619 seconds
         vmop                    [threads: total initially_running wait_to_block]    [time: spin block sync cleanup vmop] page_trap_count
37.195: RevokeBias                       [      33          0              1    ]      [     0     0     0     0     0    ]  0
2017-11-22T09:53:55.301+0800: 37.195: Total time for which application threads were stopped: 0.0003131 seconds, Stopping threads took: 0.0001226 seconds
2017-11-22T09:53:55.726+0800: 37.621: [GC pause (G1 Evacuation Pause) (young) 37.621: [G1Ergonomics (CSet Construction) start choosing CSet, _pending_cards: 1298, predicted base time: 6.68 ms, remaining time: 193.32 ms, target pause time: 200.00 ms]
 37.621: [G1Ergonomics (CSet Construction) add young regions to CSet, eden: 296 regions, survivors: 6 regions, predicted young region time: 6.98 ms]
 37.621: [G1Ergonomics (CSet Construction) finish choosing CSet, eden: 296 regions, survivors: 6 regions, old: 0 regions, predicted pause time: 13.66 ms, target pause time: 200.00 ms]
, 0.0035960 secs]
   [Parallel Time: 2.0 ms, GC Workers: 8]
      [GC Worker Start (ms): Min: 37620.9, Avg: 37621.4, Max: 37622.6, Diff: 1.7]
      [Ext Root Scanning (ms): Min: 0.0, Avg: 0.4, Max: 1.0, Diff: 1.0, Sum: 3.0]
      [Update RS (ms): Min: 0.0, Avg: 0.1, Max: 0.2, Diff: 0.2, Sum: 0.9]
         [Processed Buffers: Min: 0, Avg: 1.5, Max: 4, Diff: 4, Sum: 12]
      [Scan RS (ms): Min: 0.0, Avg: 0.1, Max: 0.1, Diff: 0.1, Sum: 0.5]
      [Code Root Scanning (ms): Min: 0.0, Avg: 0.0, Max: 0.1, Diff: 0.1, Sum: 0.1]
      [Object Copy (ms): Min: 0.0, Avg: 0.5, Max: 0.7, Diff: 0.7, Sum: 4.0]
      [Termination (ms): Min: 0.0, Avg: 0.2, Max: 0.3, Diff: 0.3, Sum: 1.7]
         [Termination Attempts: Min: 1, Avg: 1.0, Max: 1, Diff: 0, Sum: 8]
      [GC Worker Other (ms): Min: 0.0, Avg: 0.0, Max: 0.0, Diff: 0.0, Sum: 0.1]
      [GC Worker Total (ms): Min: 0.0, Avg: 1.3, Max: 1.7, Diff: 1.7, Sum: 10.3]
      [GC Worker End (ms): Min: 37622.7, Avg: 37622.7, Max: 37622.7, Diff: 0.0]
   [Code Root Fixup: 0.0 ms]
   [Code Root Purge: 0.0 ms]
   [Clear CT: 0.3 ms]
   [Other: 1.3 ms]
      [Choose CSet: 0.0 ms]
      [Ref Proc: 0.4 ms]
      [Ref Enq: 0.0 ms]
      [Redirty Cards: 0.3 ms]
      [Humongous Register: 0.1 ms]
      [Humongous Reclaim: 0.0 ms]
      [Free CSet: 0.3 ms]
   [Eden: 296.0M(296.0M)->0.0B(296.0M) Survivors: 6144.0K->6144.0K Heap: 394.6M(504.0M)->98.6M(504.0M)]
 [Times: user=0.01 sys=0.00, real=0.00 secs]
         vmop                    [threads: total initially_running wait_to_block]    [time: spin block sync cleanup vmop] page_trap_count
37.621: G1IncCollectionPause             [      33          0              0    ]      [     0     0     0     0     3    ]  0
2017-11-22T09:53:55.730+0800: 37.624: Total time for which application threads were stopped: 0.0039305 seconds, Stopping threads took: 0.0000493 seconds
         vmop                    [threads: total initially_running wait_to_block]    [time: spin block sync cleanup vmop] page_trap_count
38.294: RevokeBias                       [      33          0              0    ]      [     0     0     0     0     0    ]  0
2017-11-22T09:53:56.400+0800: 38.294: Total time for which application threads were stopped: 0.0002172 seconds, Stopping threads took: 0.0000526 seconds
         vmop                    [threads: total initially_running wait_to_block]    [time: spin block sync cleanup vmop] page_trap_count
39.294: no vm operation                  [      33          0              0    ]      [     0     0     0     0     0    ]  0
2017-11-22T09:53:57.400+0800: 39.295: Total time for which application threads were stopped: 0.0002126 seconds, Stopping threads took: 0.0000399 seconds
         vmop                    [threads: total initially_running wait_to_block]    [time: spin block sync cleanup vmop] page_trap_count
44.030: RevokeBias                       [      33          0              1    ]      [     0     0     0     0     0    ]  0
2017-11-22T09:54:02.136+0800: 44.030: Total time for which application threads were stopped: 0.0002559 seconds, Stopping threads took: 0.0000933 seconds
         vmop                    [threads: total initially_running wait_to_block]    [time: spin block sync cleanup vmop] page_trap_count
44.030: RevokeBias                       [      33          0              0    ]      [     0     0     0     0     0    ]  0
2017-11-22T09:54:02.136+0800: 44.030: Total time for which application threads were stopped: 0.0001233 seconds, Stopping threads took: 0.0000320 seconds
         vmop                    [threads: total initially_running wait_to_block]    [time: spin block sync cleanup vmop] page_trap_count
44.030: RevokeBias                       [      33          0              0    ]      [     0     0     0     0     0    ]  0
2017-11-22T09:54:02.136+0800: 44.031: Total time for which application threads were stopped: 0.0001138 seconds, Stopping threads took: 0.0000272 seconds
         vmop                    [threads: total initially_running wait_to_block]    [time: spin block sync cleanup vmop] page_trap_count
44.155: RevokeBias                       [      33          0              0    ]      [     0     0     0     0     0    ]  0
2017-11-22T09:54:02.261+0800: 44.155: Total time for which application threads were stopped: 0.0002829 seconds, Stopping threads took: 0.0000713 seconds
2017-11-22T09:54:02.493+0800: 44.387: [GC pause (G1 Evacuation Pause) (young) 44.387: [G1Ergonomics (CSet Construction) start choosing CSet, _pending_cards: 1309, predicted base time: 5.72 ms, remaining time: 194.28 ms, target pause time: 200.00 ms]
 44.387: [G1Ergonomics (CSet Construction) add young regions to CSet, eden: 296 regions, survivors: 6 regions, predicted young region time: 2.35 ms]
 44.387: [G1Ergonomics (CSet Construction) finish choosing CSet, eden: 296 regions, survivors: 6 regions, old: 0 regions, predicted pause time: 8.07 ms, target pause time: 200.00 ms]
, 0.0043920 secs]
   [Parallel Time: 2.4 ms, GC Workers: 8]
      [GC Worker Start (ms): Min: 44387.5, Avg: 44388.1, Max: 44389.4, Diff: 1.9]
      [Ext Root Scanning (ms): Min: 0.0, Avg: 0.4, Max: 1.0, Diff: 1.0, Sum: 3.0]
      [Update RS (ms): Min: 0.0, Avg: 0.1, Max: 0.3, Diff: 0.3, Sum: 0.9]
         [Processed Buffers: Min: 0, Avg: 1.4, Max: 6, Diff: 6, Sum: 11]
      [Scan RS (ms): Min: 0.0, Avg: 0.1, Max: 0.1, Diff: 0.1, Sum: 0.6]
      [Code Root Scanning (ms): Min: 0.0, Avg: 0.0, Max: 0.1, Diff: 0.1, Sum: 0.2]
      [Object Copy (ms): Min: 0.0, Avg: 0.5, Max: 0.7, Diff: 0.7, Sum: 4.2]
      [Termination (ms): Min: 0.0, Avg: 0.3, Max: 0.6, Diff: 0.6, Sum: 2.4]
         [Termination Attempts: Min: 1, Avg: 1.0, Max: 1, Diff: 0, Sum: 8]
      [GC Worker Other (ms): Min: 0.0, Avg: 0.0, Max: 0.0, Diff: 0.0, Sum: 0.1]
      [GC Worker Total (ms): Min: 0.0, Avg: 1.4, Max: 2.2, Diff: 2.1, Sum: 11.4]
      [GC Worker End (ms): Min: 44389.4, Avg: 44389.5, Max: 44389.7, Diff: 0.3]
   [Code Root Fixup: 0.1 ms]
   [Code Root Purge: 0.0 ms]
   [Clear CT: 0.3 ms]
   [Other: 1.6 ms]
      [Choose CSet: 0.0 ms]
      [Ref Proc: 0.6 ms]
      [Ref Enq: 0.0 ms]
      [Redirty Cards: 0.3 ms]
      [Humongous Register: 0.1 ms]
      [Humongous Reclaim: 0.0 ms]
      [Free CSet: 0.5 ms]
   [Eden: 296.0M(296.0M)->0.0B(296.0M) Survivors: 6144.0K->6144.0K Heap: 394.6M(504.0M)->99.1M(504.0M)]
 [Times: user=0.01 sys=0.00, real=0.01 secs]
         vmop                    [threads: total initially_running wait_to_block]    [time: spin block sync cleanup vmop] page_trap_count
44.387: G1IncCollectionPause             [      33          0              0    ]      [     0     0     0     0     4    ]  0
2017-11-22T09:54:02.498+0800: 44.392: Total time for which application threads were stopped: 0.0048957 seconds, Stopping threads took: 0.0001029 seconds
2017-11-22T09:54:03.715+0800: 45.609: [GC pause (G1 Evacuation Pause) (young) 45.609: [G1Ergonomics (CSet Construction) start choosing CSet, _pending_cards: 1287, predicted base time: 5.09 ms, remaining time: 194.91 ms, target pause time: 200.00 ms]
 45.609: [G1Ergonomics (CSet Construction) add young regions to CSet, eden: 296 regions, survivors: 6 regions, predicted young region time: 2.68 ms]
 45.609: [G1Ergonomics (CSet Construction) finish choosing CSet, eden: 296 regions, survivors: 6 regions, old: 0 regions, predicted pause time: 7.77 ms, target pause time: 200.00 ms]
, 0.0055633 secs]
   [Parallel Time: 2.6 ms, GC Workers: 8]
      [GC Worker Start (ms): Min: 45609.3, Avg: 45610.2, Max: 45611.7, Diff: 2.5]
      [Ext Root Scanning (ms): Min: 0.0, Avg: 0.5, Max: 1.0, Diff: 1.0, Sum: 3.9]
      [Update RS (ms): Min: 0.0, Avg: 0.1, Max: 0.3, Diff: 0.3, Sum: 0.9]
         [Processed Buffers: Min: 0, Avg: 1.2, Max: 3, Diff: 3, Sum: 10]
      [Scan RS (ms): Min: 0.0, Avg: 0.1, Max: 0.1, Diff: 0.1, Sum: 0.7]
      [Code Root Scanning (ms): Min: 0.0, Avg: 0.0, Max: 0.1, Diff: 0.1, Sum: 0.2]
      [Object Copy (ms): Min: 0.0, Avg: 0.6, Max: 1.0, Diff: 1.0, Sum: 4.7]
      [Termination (ms): Min: 0.0, Avg: 0.3, Max: 0.4, Diff: 0.4, Sum: 2.3]
         [Termination Attempts: Min: 1, Avg: 1.1, Max: 2, Diff: 1, Sum: 9]
      [GC Worker Other (ms): Min: 0.0, Avg: 0.0, Max: 0.0, Diff: 0.0, Sum: 0.2]
      [GC Worker Total (ms): Min: 0.0, Avg: 1.6, Max: 2.5, Diff: 2.5, Sum: 12.8]
      [GC Worker End (ms): Min: 45611.8, Avg: 45611.8, Max: 45611.8, Diff: 0.0]
   [Code Root Fixup: 0.0 ms]
   [Code Root Purge: 0.0 ms]
   [Clear CT: 0.4 ms]
   [Other: 2.5 ms]
      [Choose CSet: 0.0 ms]
      [Ref Proc: 1.3 ms]
      [Ref Enq: 0.0 ms]
      [Redirty Cards: 0.4 ms]
      [Humongous Register: 0.1 ms]
      [Humongous Reclaim: 0.0 ms]
      [Free CSet: 0.4 ms]
   [Eden: 296.0M(296.0M)->0.0B(297.0M) Survivors: 6144.0K->5120.0K Heap: 395.1M(504.0M)->98.1M(504.0M)]
 [Times: user=0.02 sys=0.00, real=0.01 secs]
         vmop                    [threads: total initially_running wait_to_block]    [time: spin block sync cleanup vmop] page_trap_count
45.609: G1IncCollectionPause             [      33          0              0    ]      [     0     0     0     0     5    ]  0
2017-11-22T09:54:03.720+0800: 45.615: Total time for which application threads were stopped: 0.0059619 seconds, Stopping threads took: 0.0000666 seconds
2017-11-22T09:54:04.733+0800: 46.627: [GC pause (G1 Evacuation Pause) (young) 46.627: [G1Ergonomics (CSet Construction) start choosing CSet, _pending_cards: 1288, predicted base time: 4.93 ms, remaining time: 195.07 ms, target pause time: 200.00 ms]
 46.627: [G1Ergonomics (CSet Construction) add young regions to CSet, eden: 297 regions, survivors: 5 regions, predicted young region time: 4.15 ms]
 46.627: [G1Ergonomics (CSet Construction) finish choosing CSet, eden: 297 regions, survivors: 5 regions, old: 0 regions, predicted pause time: 9.08 ms, target pause time: 200.00 ms]
, 0.0261226 secs]
   [Parallel Time: 6.5 ms, GC Workers: 8]
      [GC Worker Start (ms): Min: 46627.2, Avg: 46627.3, Max: 46627.5, Diff: 0.2]
      [Ext Root Scanning (ms): Min: 0.6, Avg: 2.0, Max: 5.0, Diff: 4.4, Sum: 16.1]
      [Update RS (ms): Min: 0.0, Avg: 0.1, Max: 0.4, Diff: 0.4, Sum: 1.0]
         [Processed Buffers: Min: 0, Avg: 1.1, Max: 5, Diff: 5, Sum: 9]
      [Scan RS (ms): Min: 0.0, Avg: 0.1, Max: 0.6, Diff: 0.6, Sum: 1.1]
      [Code Root Scanning (ms): Min: 0.0, Avg: 0.0, Max: 0.1, Diff: 0.1, Sum: 0.2]
      [Object Copy (ms): Min: 0.0, Avg: 0.7, Max: 1.3, Diff: 1.3, Sum: 6.0]
      [Termination (ms): Min: 0.0, Avg: 3.1, Max: 4.5, Diff: 4.5, Sum: 24.6]
         [Termination Attempts: Min: 1, Avg: 1.9, Max: 4, Diff: 3, Sum: 15]
      [GC Worker Other (ms): Min: 0.0, Avg: 0.0, Max: 0.0, Diff: 0.0, Sum: 0.1]
      [GC Worker Total (ms): Min: 6.0, Avg: 6.1, Max: 6.3, Diff: 0.3, Sum: 49.0]
      [GC Worker End (ms): Min: 46633.4, Avg: 46633.5, Max: 46633.5, Diff: 0.0]
   [Code Root Fixup: 0.1 ms]
   [Code Root Purge: 0.0 ms]
   [Clear CT: 0.3 ms]
   [Other: 19.2 ms]
      [Choose CSet: 0.0 ms]
      [Ref Proc: 18.1 ms]
      [Ref Enq: 0.0 ms]
      [Redirty Cards: 0.3 ms]
      [Humongous Register: 0.1 ms]
      [Humongous Reclaim: 0.0 ms]
      [Free CSet: 0.5 ms]
   [Eden: 297.0M(297.0M)->0.0B(296.0M) Survivors: 5120.0K->6144.0K Heap: 395.1M(504.0M)->99.3M(504.0M)]
 [Times: user=0.12 sys=0.00, real=0.03 secs]
         vmop                    [threads: total initially_running wait_to_block]    [time: spin block sync cleanup vmop] page_trap_count
46.626: G1IncCollectionPause             [      33          0              0    ]      [     0     0     0     0    26    ]  0
2017-11-22T09:54:04.759+0800: 46.653: Total time for which application threads were stopped: 0.0270426 seconds, Stopping threads took: 0.0000619 seconds
         vmop                    [threads: total initially_running wait_to_block]    [time: spin block sync cleanup vmop] page_trap_count
47.194: RevokeBias                       [      33          1              2    ]      [     0     0     0     0     0    ]  0
2017-11-22T09:54:05.300+0800: 47.195: Total time for which application threads were stopped: 0.0002603 seconds, Stopping threads took: 0.0001041 seconds
2017-11-22T09:54:05.690+0800: 47.584: [GC pause (G1 Evacuation Pause) (young) 47.584: [G1Ergonomics (CSet Construction) start choosing CSet, _pending_cards: 1043, predicted base time: 12.77 ms, remaining time: 187.23 ms, target pause time: 200.00 ms]
 47.584: [G1Ergonomics (CSet Construction) add young regions to CSet, eden: 296 regions, survivors: 6 regions, predicted young region time: 4.85 ms]
 47.584: [G1Ergonomics (CSet Construction) finish choosing CSet, eden: 296 regions, survivors: 6 regions, old: 0 regions, predicted pause time: 17.61 ms, target pause time: 200.00 ms]
, 0.0033202 secs]
   [Parallel Time: 1.8 ms, GC Workers: 8]
      [GC Worker Start (ms): Min: 47584.6, Avg: 47585.0, Max: 47586.3, Diff: 1.6]
      [Ext Root Scanning (ms): Min: 0.0, Avg: 0.4, Max: 1.0, Diff: 1.0, Sum: 3.0]
      [Update RS (ms): Min: 0.0, Avg: 0.2, Max: 0.5, Diff: 0.5, Sum: 1.5]
         [Processed Buffers: Min: 0, Avg: 1.5, Max: 8, Diff: 8, Sum: 12]
      [Scan RS (ms): Min: 0.0, Avg: 0.1, Max: 0.2, Diff: 0.2, Sum: 0.5]
      [Code Root Scanning (ms): Min: 0.0, Avg: 0.0, Max: 0.1, Diff: 0.1, Sum: 0.1]
      [Object Copy (ms): Min: 0.0, Avg: 0.6, Max: 0.7, Diff: 0.7, Sum: 4.6]
      [Termination (ms): Min: 0.0, Avg: 0.1, Max: 0.1, Diff: 0.1, Sum: 0.9]
         [Termination Attempts: Min: 1, Avg: 1.0, Max: 1, Diff: 0, Sum: 8]
      [GC Worker Other (ms): Min: 0.0, Avg: 0.0, Max: 0.0, Diff: 0.0, Sum: 0.1]
      [GC Worker Total (ms): Min: 0.0, Avg: 1.3, Max: 1.7, Diff: 1.7, Sum: 10.7]
      [GC Worker End (ms): Min: 47586.3, Avg: 47586.3, Max: 47586.3, Diff: 0.0]
   [Code Root Fixup: 0.0 ms]
   [Code Root Purge: 0.0 ms]
   [Clear CT: 0.3 ms]
   [Other: 1.3 ms]
      [Choose CSet: 0.0 ms]
      [Ref Proc: 0.4 ms]
      [Ref Enq: 0.0 ms]
      [Redirty Cards: 0.3 ms]
      [Humongous Register: 0.1 ms]
      [Humongous Reclaim: 0.0 ms]
      [Free CSet: 0.4 ms]
   [Eden: 296.0M(296.0M)->0.0B(296.0M) Survivors: 6144.0K->6144.0K Heap: 395.3M(504.0M)->98.8M(504.0M)]
 [Times: user=0.01 sys=0.00, real=0.00 secs]
         vmop                    [threads: total initially_running wait_to_block]    [time: spin block sync cleanup vmop] page_trap_count
47.584: G1IncCollectionPause             [      33          0              0    ]      [     0     0     0     0     3    ]  0
2017-11-22T09:54:05.694+0800: 47.588: Total time for which application threads were stopped: 0.0036796 seconds, Stopping threads took: 0.0000527 seconds
2017-11-22T09:54:06.794+0800: 48.688: [GC pause (G1 Evacuation Pause) (young) 48.688: [G1Ergonomics (CSet Construction) start choosing CSet, _pending_cards: 1285, predicted base time: 10.41 ms, remaining time: 189.59 ms, target pause time: 200.00 ms]
 48.688: [G1Ergonomics (CSet Construction) add young regions to CSet, eden: 296 regions, survivors: 6 regions, predicted young region time: 3.32 ms]
 48.688: [G1Ergonomics (CSet Construction) finish choosing CSet, eden: 296 regions, survivors: 6 regions, old: 0 regions, predicted pause time: 13.73 ms, target pause time: 200.00 ms]
, 0.0031222 secs]
   [Parallel Time: 1.8 ms, GC Workers: 8]
      [GC Worker Start (ms): Min: 48688.0, Avg: 48688.4, Max: 48689.5, Diff: 1.4]
      [Ext Root Scanning (ms): Min: 0.0, Avg: 0.3, Max: 0.9, Diff: 0.9, Sum: 2.8]
      [Update RS (ms): Min: 0.0, Avg: 0.0, Max: 0.1, Diff: 0.1, Sum: 0.4]
         [Processed Buffers: Min: 0, Avg: 1.1, Max: 5, Diff: 5, Sum: 9]
      [Scan RS (ms): Min: 0.0, Avg: 0.1, Max: 0.1, Diff: 0.1, Sum: 0.5]
      [Code Root Scanning (ms): Min: 0.0, Avg: 0.0, Max: 0.0, Diff: 0.0, Sum: 0.1]
      [Object Copy (ms): Min: 0.0, Avg: 0.5, Max: 0.9, Diff: 0.9, Sum: 4.1]
      [Termination (ms): Min: 0.0, Avg: 0.1, Max: 0.2, Diff: 0.2, Sum: 1.1]
         [Termination Attempts: Min: 1, Avg: 1.0, Max: 1, Diff: 0, Sum: 8]
      [GC Worker Other (ms): Min: 0.0, Avg: 0.0, Max: 0.0, Diff: 0.0, Sum: 0.1]
      [GC Worker Total (ms): Min: 0.1, Avg: 1.1, Max: 1.5, Diff: 1.4, Sum: 9.1]
      [GC Worker End (ms): Min: 48689.5, Avg: 48689.6, Max: 48689.6, Diff: 0.1]
   [Code Root Fixup: 0.0 ms]
   [Code Root Purge: 0.0 ms]
   [Clear CT: 0.2 ms]
   [Other: 1.1 ms]
      [Choose CSet: 0.0 ms]
      [Ref Proc: 0.4 ms]
      [Ref Enq: 0.0 ms]
      [Redirty Cards: 0.2 ms]
      [Humongous Register: 0.1 ms]
      [Humongous Reclaim: 0.0 ms]
      [Free CSet: 0.3 ms]
   [Eden: 296.0M(296.0M)->0.0B(296.0M) Survivors: 6144.0K->6144.0K Heap: 394.8M(504.0M)->98.8M(504.0M)]
 [Times: user=0.01 sys=0.00, real=0.01 secs]
         vmop                    [threads: total initially_running wait_to_block]    [time: spin block sync cleanup vmop] page_trap_count
48.688: G1IncCollectionPause             [      33          0              0    ]      [     0     0     0     0     3    ]  0
2017-11-22T09:54:06.797+0800: 48.691: Total time for which application threads were stopped: 0.0034549 seconds, Stopping threads took: 0.0000525 seconds
2017-11-22T09:54:07.643+0800: 49.537: [GC pause (G1 Evacuation Pause) (young) 49.537: [G1Ergonomics (CSet Construction) start choosing CSet, _pending_cards: 1027, predicted base time: 8.47 ms, remaining time: 191.53 ms, target pause time: 200.00 ms]
 49.537: [G1Ergonomics (CSet Construction) add young regions to CSet, eden: 296 regions, survivors: 6 regions, predicted young region time: 2.23 ms]
 49.537: [G1Ergonomics (CSet Construction) finish choosing CSet, eden: 296 regions, survivors: 6 regions, old: 0 regions, predicted pause time: 10.71 ms, target pause time: 200.00 ms]
, 0.0037704 secs]
   [Parallel Time: 2.2 ms, GC Workers: 8]
      [GC Worker Start (ms): Min: 49537.5, Avg: 49538.2, Max: 49539.5, Diff: 2.0]
      [Ext Root Scanning (ms): Min: 0.0, Avg: 0.4, Max: 1.0, Diff: 1.0, Sum: 2.9]
      [Update RS (ms): Min: 0.0, Avg: 0.0, Max: 0.1, Diff: 0.1, Sum: 0.3]
         [Processed Buffers: Min: 0, Avg: 1.0, Max: 4, Diff: 4, Sum: 8]
      [Scan RS (ms): Min: 0.0, Avg: 0.1, Max: 0.1, Diff: 0.1, Sum: 0.5]
      [Code Root Scanning (ms): Min: 0.0, Avg: 0.0, Max: 0.0, Diff: 0.0, Sum: 0.1]
      [Object Copy (ms): Min: 0.0, Avg: 0.6, Max: 0.9, Diff: 0.9, Sum: 4.4]
      [Termination (ms): Min: 0.0, Avg: 0.3, Max: 0.4, Diff: 0.4, Sum: 2.2]
         [Termination Attempts: Min: 1, Avg: 1.0, Max: 1, Diff: 0, Sum: 8]
      [GC Worker Other (ms): Min: 0.0, Avg: 0.0, Max: 0.0, Diff: 0.0, Sum: 0.1]
      [GC Worker Total (ms): Min: 0.0, Avg: 1.3, Max: 2.1, Diff: 2.0, Sum: 10.5]
      [GC Worker End (ms): Min: 49539.5, Avg: 49539.5, Max: 49539.6, Diff: 0.0]
   [Code Root Fixup: 0.0 ms]
   [Code Root Purge: 0.0 ms]
   [Clear CT: 0.2 ms]
   [Other: 1.3 ms]
      [Choose CSet: 0.0 ms]
      [Ref Proc: 0.5 ms]
      [Ref Enq: 0.0 ms]
      [Redirty Cards: 0.2 ms]
      [Humongous Register: 0.1 ms]
      [Humongous Reclaim: 0.0 ms]
      [Free CSet: 0.3 ms]
   [Eden: 296.0M(296.0M)->0.0B(296.0M) Survivors: 6144.0K->6144.0K Heap: 394.8M(504.0M)->98.8M(504.0M)]
 [Times: user=0.01 sys=0.00, real=0.01 secs]
         vmop                    [threads: total initially_running wait_to_block]    [time: spin block sync cleanup vmop] page_trap_count
49.537: G1IncCollectionPause             [      33          0              0    ]      [     0     0     0     0     3    ]  0
2017-11-22T09:54:07.647+0800: 49.541: Total time for which application threads were stopped: 0.0041671 seconds, Stopping threads took: 0.0000549 seconds
2017-11-22T09:54:08.621+0800: 50.516: [GC pause (G1 Evacuation Pause) (young) 50.516: [G1Ergonomics (CSet Construction) start choosing CSet, _pending_cards: 1029, predicted base time: 7.14 ms, remaining time: 192.86 ms, target pause time: 200.00 ms]
 50.516: [G1Ergonomics (CSet Construction) add young regions to CSet, eden: 296 regions, survivors: 6 regions, predicted young region time: 3.04 ms]
 50.516: [G1Ergonomics (CSet Construction) finish choosing CSet, eden: 296 regions, survivors: 6 regions, old: 0 regions, predicted pause time: 10.19 ms, target pause time: 200.00 ms]
, 0.0035288 secs]
   [Parallel Time: 1.7 ms, GC Workers: 8]
      [GC Worker Start (ms): Min: 50515.9, Avg: 50516.2, Max: 50517.4, Diff: 1.5]
      [Ext Root Scanning (ms): Min: 0.0, Avg: 0.4, Max: 0.9, Diff: 0.9, Sum: 3.1]
      [Update RS (ms): Min: 0.0, Avg: 0.0, Max: 0.1, Diff: 0.1, Sum: 0.3]
         [Processed Buffers: Min: 0, Avg: 1.0, Max: 4, Diff: 4, Sum: 8]
      [Scan RS (ms): Min: 0.0, Avg: 0.1, Max: 0.1, Diff: 0.1, Sum: 0.5]
      [Code Root Scanning (ms): Min: 0.0, Avg: 0.0, Max: 0.1, Diff: 0.1, Sum: 0.2]
      [Object Copy (ms): Min: 0.0, Avg: 0.6, Max: 0.8, Diff: 0.8, Sum: 4.8]
      [Termination (ms): Min: 0.0, Avg: 0.1, Max: 0.2, Diff: 0.2, Sum: 1.0]
         [Termination Attempts: Min: 1, Avg: 1.0, Max: 1, Diff: 0, Sum: 8]
      [GC Worker Other (ms): Min: 0.0, Avg: 0.0, Max: 0.0, Diff: 0.0, Sum: 0.1]
      [GC Worker Total (ms): Min: 0.0, Avg: 1.3, Max: 1.5, Diff: 1.5, Sum: 10.0]
      [GC Worker End (ms): Min: 50517.4, Avg: 50517.4, Max: 50517.4, Diff: 0.0]
   [Code Root Fixup: 0.0 ms]
   [Code Root Purge: 0.0 ms]
   [Clear CT: 0.3 ms]
   [Other: 1.4 ms]
      [Choose CSet: 0.0 ms]
      [Ref Proc: 0.4 ms]
      [Ref Enq: 0.0 ms]
      [Redirty Cards: 0.3 ms]
      [Humongous Register: 0.1 ms]
      [Humongous Reclaim: 0.0 ms]
      [Free CSet: 0.4 ms]
   [Eden: 296.0M(296.0M)->0.0B(296.0M) Survivors: 6144.0K->6144.0K Heap: 394.8M(504.0M)->98.8M(504.0M)]
 [Times: user=0.01 sys=0.00, real=0.01 secs]
         vmop                    [threads: total initially_running wait_to_block]    [time: spin block sync cleanup vmop] page_trap_count
50.515: G1IncCollectionPause             [      33          0              0    ]      [     0     0     0     0     3    ]  0
2017-11-22T09:54:08.625+0800: 50.519: Total time for which application threads were stopped: 0.0040072 seconds, Stopping threads took: 0.0000642 seconds
         vmop                    [threads: total initially_running wait_to_block]    [time: spin block sync cleanup vmop] page_trap_count
51.240: RevokeBias                       [      33          0              0    ]      [     0     0     0     0     0    ]  0
2017-11-22T09:54:09.346+0800: 51.240: Total time for which application threads were stopped: 0.0002730 seconds, Stopping threads took: 0.0000689 seconds
         vmop                    [threads: total initially_running wait_to_block]    [time: spin block sync cleanup vmop] page_trap_count
52.240: no vm operation                  [      33          0              0    ]      [     0     0     0     0     0    ]  0
2017-11-22T09:54:10.346+0800: 52.240: Total time for which application threads were stopped: 0.0001760 seconds, Stopping threads took: 0.0000423 seconds
         vmop                    [threads: total initially_running wait_to_block]    [time: spin block sync cleanup vmop] page_trap_count
54.377: RevokeBias                       [      33          0              0    ]      [     0     0     0     0     0    ]  0
2017-11-22T09:54:12.483+0800: 54.377: Total time for which application threads were stopped: 0.0004858 seconds, Stopping threads took: 0.0002392 seconds
         vmop                    [threads: total initially_running wait_to_block]    [time: spin block sync cleanup vmop] page_trap_count
54.380: RevokeBias                       [      33          0              0    ]      [     0     0     0     0     0    ]  0
2017-11-22T09:54:12.485+0800: 54.380: Total time for which application threads were stopped: 0.0002209 seconds, Stopping threads took: 0.0000761 seconds
         vmop                    [threads: total initially_running wait_to_block]    [time: spin block sync cleanup vmop] page_trap_count
54.383: RevokeBias                       [      33          0              0    ]      [     0     0     0     0     0    ]  0
2017-11-22T09:54:12.489+0800: 54.383: Total time for which application threads were stopped: 0.0001493 seconds, Stopping threads took: 0.0000504 seconds
         vmop                    [threads: total initially_running wait_to_block]    [time: spin block sync cleanup vmop] page_trap_count
54.385: RevokeBias                       [      33          0              1    ]      [     0     0     0     0     0    ]  0
2017-11-22T09:54:12.491+0800: 54.385: Total time for which application threads were stopped: 0.0003199 seconds, Stopping threads took: 0.0001263 seconds
         vmop                    [threads: total initially_running wait_to_block]    [time: spin block sync cleanup vmop] page_trap_count
54.397: RevokeBias                       [      33          0              1    ]      [     0     0     0     0     0    ]  0
2017-11-22T09:54:12.503+0800: 54.398: Total time for which application threads were stopped: 0.0003336 seconds, Stopping threads took: 0.0001175 seconds
         vmop                    [threads: total initially_running wait_to_block]    [time: spin block sync cleanup vmop] page_trap_count
54.400: RevokeBias                       [      33          0              1    ]      [     0     0     0     0     0    ]  0
2017-11-22T09:54:12.506+0800: 54.400: Total time for which application threads were stopped: 0.0001676 seconds, Stopping threads took: 0.0000741 seconds
         vmop                    [threads: total initially_running wait_to_block]    [time: spin block sync cleanup vmop] page_trap_count
54.401: RevokeBias                       [      33          0              0    ]      [     0     0     0     0     0    ]  0
2017-11-22T09:54:12.506+0800: 54.401: Total time for which application threads were stopped: 0.0001076 seconds, Stopping threads took: 0.0000358 seconds
         vmop                    [threads: total initially_running wait_to_block]    [time: spin block sync cleanup vmop] page_trap_count
54.402: RevokeBias                       [      33          0              0    ]      [     0     0     0     0     0    ]  0
2017-11-22T09:54:12.507+0800: 54.402: Total time for which application threads were stopped: 0.0001684 seconds, Stopping threads took: 0.0000807 seconds
         vmop                    [threads: total initially_running wait_to_block]    [time: spin block sync cleanup vmop] page_trap_count
54.406: RevokeBias                       [      33          0              0    ]      [     0     0     0     0     0    ]  0
2017-11-22T09:54:12.512+0800: 54.406: Total time for which application threads were stopped: 0.0001892 seconds, Stopping threads took: 0.0000889 seconds
         vmop                    [threads: total initially_running wait_to_block]    [time: spin block sync cleanup vmop] page_trap_count
54.408: RevokeBias                       [      33          0              0    ]      [     0     0     0     0     0    ]  0
2017-11-22T09:54:12.514+0800: 54.408: Total time for which application threads were stopped: 0.0001380 seconds, Stopping threads took: 0.0000489 seconds
         vmop                    [threads: total initially_running wait_to_block]    [time: spin block sync cleanup vmop] page_trap_count
54.422: BulkRevokeBias                   [      33          0              0    ]      [     0     0     0     0     0    ]  0
2017-11-22T09:54:12.528+0800: 54.422: Total time for which application threads were stopped: 0.0004305 seconds, Stopping threads took: 0.0000697 seconds
2017-11-22T09:54:13.219+0800: 55.113: [GC pause (G1 Evacuation Pause) (young) 55.113: [G1Ergonomics (CSet Construction) start choosing CSet, _pending_cards: 1128, predicted base time: 6.07 ms, remaining time: 193.93 ms, target pause time: 200.00 ms]
 55.113: [G1Ergonomics (CSet Construction) add young regions to CSet, eden: 296 regions, survivors: 6 regions, predicted young region time: 4.09 ms]
 55.113: [G1Ergonomics (CSet Construction) finish choosing CSet, eden: 296 regions, survivors: 6 regions, old: 0 regions, predicted pause time: 10.16 ms, target pause time: 200.00 ms]
, 0.0033422 secs]
   [Parallel Time: 1.6 ms, GC Workers: 8]
      [GC Worker Start (ms): Min: 55113.3, Avg: 55113.4, Max: 55113.5, Diff: 0.2]
      [Ext Root Scanning (ms): Min: 0.3, Avg: 0.4, Max: 1.0, Diff: 0.7, Sum: 3.4]
      [Update RS (ms): Min: 0.0, Avg: 0.1, Max: 0.2, Diff: 0.2, Sum: 0.6]
         [Processed Buffers: Min: 0, Avg: 1.8, Max: 4, Diff: 4, Sum: 14]
      [Scan RS (ms): Min: 0.0, Avg: 0.1, Max: 0.1, Diff: 0.1, Sum: 0.4]
      [Code Root Scanning (ms): Min: 0.0, Avg: 0.0, Max: 0.0, Diff: 0.0, Sum: 0.2]
      [Object Copy (ms): Min: 0.2, Avg: 0.5, Max: 0.6, Diff: 0.4, Sum: 4.2]
      [Termination (ms): Min: 0.0, Avg: 0.0, Max: 0.0, Diff: 0.0, Sum: 0.0]
         [Termination Attempts: Min: 1, Avg: 1.0, Max: 1, Diff: 0, Sum: 8]
      [GC Worker Other (ms): Min: 0.0, Avg: 0.0, Max: 0.1, Diff: 0.1, Sum: 0.3]
      [GC Worker Total (ms): Min: 1.0, Avg: 1.1, Max: 1.2, Diff: 0.2, Sum: 9.2]
      [GC Worker End (ms): Min: 55114.5, Avg: 55114.5, Max: 55114.5, Diff: 0.1]
   [Code Root Fixup: 0.0 ms]
   [Code Root Purge: 0.0 ms]
   [Clear CT: 0.3 ms]
   [Other: 1.5 ms]
      [Choose CSet: 0.0 ms]
      [Ref Proc: 0.6 ms]
      [Ref Enq: 0.0 ms]
      [Redirty Cards: 0.3 ms]
      [Humongous Register: 0.1 ms]
      [Humongous Reclaim: 0.0 ms]
      [Free CSet: 0.3 ms]
   [Eden: 296.0M(296.0M)->0.0B(296.0M) Survivors: 6144.0K->6144.0K Heap: 394.8M(504.0M)->99.3M(504.0M)]
 [Times: user=0.00 sys=0.00, real=0.00 secs]
         vmop                    [threads: total initially_running wait_to_block]    [time: spin block sync cleanup vmop] page_trap_count
55.113: G1IncCollectionPause             [      33          0              0    ]      [     0     0     0     0     3    ]  0
2017-11-22T09:54:13.222+0800: 55.117: Total time for which application threads were stopped: 0.0037387 seconds, Stopping threads took: 0.0000610 seconds
         vmop                    [threads: total initially_running wait_to_block]    [time: spin block sync cleanup vmop] page_trap_count
55.117: RevokeBias                       [      33          0              0    ]      [     0     0     0     0     0    ]  0
2017-11-22T09:54:13.223+0800: 55.117: Total time for which application threads were stopped: 0.0001138 seconds, Stopping threads took: 0.0000285 seconds
         vmop                    [threads: total initially_running wait_to_block]    [time: spin block sync cleanup vmop] page_trap_count
55.117: RevokeBias                       [      33          0              0    ]      [     0     0     0     0     0    ]  0
2017-11-22T09:54:13.223+0800: 55.117: Total time for which application threads were stopped: 0.0000748 seconds, Stopping threads took: 0.0000214 seconds
         vmop                    [threads: total initially_running wait_to_block]    [time: spin block sync cleanup vmop] page_trap_count
55.117: RevokeBias                       [      33          0              0    ]      [     0     0     0     0     0    ]  0
2017-11-22T09:54:13.223+0800: 55.117: Total time for which application threads were stopped: 0.0000764 seconds, Stopping threads took: 0.0000219 seconds
         vmop                    [threads: total initially_running wait_to_block]    [time: spin block sync cleanup vmop] page_trap_count
55.117: RevokeBias                       [      33          0              0    ]      [     0     0     0     0     0    ]  0
2017-11-22T09:54:13.223+0800: 55.117: Total time for which application threads were stopped: 0.0000670 seconds, Stopping threads took: 0.0000160 seconds
         vmop                    [threads: total initially_running wait_to_block]    [time: spin block sync cleanup vmop] page_trap_count
55.117: RevokeBias                       [      33          0              0    ]      [     0     0     0     0     0    ]  0
2017-11-22T09:54:13.223+0800: 55.117: Total time for which application threads were stopped: 0.0000878 seconds, Stopping threads took: 0.0000181 seconds
         vmop                    [threads: total initially_running wait_to_block]    [time: spin block sync cleanup vmop] page_trap_count
55.117: RevokeBias                       [      33          0              0    ]      [     0     0     0     0     0    ]  0
2017-11-22T09:54:13.223+0800: 55.118: Total time for which application threads were stopped: 0.0000723 seconds, Stopping threads took: 0.0000160 seconds
         vmop                    [threads: total initially_running wait_to_block]    [time: spin block sync cleanup vmop] page_trap_count
55.118: RevokeBias                       [      33          0              0    ]      [     0     0     0     0     0    ]  0
2017-11-22T09:54:13.223+0800: 55.118: Total time for which application threads were stopped: 0.0000744 seconds, Stopping threads took: 0.0000227 seconds
         vmop                    [threads: total initially_running wait_to_block]    [time: spin block sync cleanup vmop] page_trap_count
55.118: RevokeBias                       [      33          0              0    ]      [     0     0     0     0     0    ]  0
2017-11-22T09:54:13.223+0800: 55.118: Total time for which application threads were stopped: 0.0000733 seconds, Stopping threads took: 0.0000158 seconds
         vmop                    [threads: total initially_running wait_to_block]    [time: spin block sync cleanup vmop] page_trap_count
55.118: RevokeBias                       [      33          0              0    ]      [     0     0     0     0     0    ]  0
2017-11-22T09:54:13.224+0800: 55.118: Total time for which application threads were stopped: 0.0000734 seconds, Stopping threads took: 0.0000172 seconds
         vmop                    [threads: total initially_running wait_to_block]    [time: spin block sync cleanup vmop] page_trap_count
55.118: RevokeBias                       [      33          0              0    ]      [     0     0     0     0     0    ]  0
2017-11-22T09:54:13.224+0800: 55.118: Total time for which application threads were stopped: 0.0000712 seconds, Stopping threads took: 0.0000157 seconds
         vmop                    [threads: total initially_running wait_to_block]    [time: spin block sync cleanup vmop] page_trap_count
55.118: RevokeBias                       [      33          0              1    ]      [     0     0     0     0     0    ]  0
2017-11-22T09:54:13.224+0800: 55.118: Total time for which application threads were stopped: 0.0001205 seconds, Stopping threads took: 0.0000465 seconds
         vmop                    [threads: total initially_running wait_to_block]    [time: spin block sync cleanup vmop] page_trap_count
55.118: RevokeBias                       [      33          0              0    ]      [     0     0     0     0     0    ]  0
2017-11-22T09:54:13.224+0800: 55.118: Total time for which application threads were stopped: 0.0000654 seconds, Stopping threads took: 0.0000165 seconds
         vmop                    [threads: total initially_running wait_to_block]    [time: spin block sync cleanup vmop] page_trap_count
55.118: RevokeBias                       [      33          1              0    ]      [     0     0     0     0     0    ]  0
2017-11-22T09:54:13.224+0800: 55.118: Total time for which application threads were stopped: 0.0001182 seconds, Stopping threads took: 0.0000495 seconds
         vmop                    [threads: total initially_running wait_to_block]    [time: spin block sync cleanup vmop] page_trap_count
55.119: RevokeBias                       [      33          0              0    ]      [     0     0     0     0     0    ]  0
2017-11-22T09:54:13.224+0800: 55.119: Total time for which application threads were stopped: 0.0000892 seconds, Stopping threads took: 0.0000214 seconds
         vmop                    [threads: total initially_running wait_to_block]    [time: spin block sync cleanup vmop] page_trap_count
55.119: RevokeBias                       [      33          0              0    ]      [     0     0     0     0     0    ]  0
2017-11-22T09:54:13.224+0800: 55.119: Total time for which application threads were stopped: 0.0000917 seconds, Stopping threads took: 0.0000207 seconds
         vmop                    [threads: total initially_running wait_to_block]    [time: spin block sync cleanup vmop] page_trap_count
55.119: RevokeBias                       [      33          0              0    ]      [     0     0     0     0     0    ]  0
2017-11-22T09:54:13.225+0800: 55.119: Total time for which application threads were stopped: 0.0000740 seconds, Stopping threads took: 0.0000169 seconds
         vmop                    [threads: total initially_running wait_to_block]    [time: spin block sync cleanup vmop] page_trap_count
55.119: RevokeBias                       [      33          0              0    ]      [     0     0     0     0     0    ]  0
2017-11-22T09:54:13.225+0800: 55.119: Total time for which application threads were stopped: 0.0000741 seconds, Stopping threads took: 0.0000158 seconds
         vmop                    [threads: total initially_running wait_to_block]    [time: spin block sync cleanup vmop] page_trap_count
55.119: RevokeBias                       [      33          0              0    ]      [     0     0     0     0     0    ]  0
2017-11-22T09:54:13.225+0800: 55.119: Total time for which application threads were stopped: 0.0000728 seconds, Stopping threads took: 0.0000158 seconds
         vmop                    [threads: total initially_running wait_to_block]    [time: spin block sync cleanup vmop] page_trap_count
55.119: RevokeBias                       [      33          0              0    ]      [     0     0     0     0     0    ]  0
2017-11-22T09:54:13.225+0800: 55.119: Total time for which application threads were stopped: 0.0000657 seconds, Stopping threads took: 0.0000171 seconds
         vmop                    [threads: total initially_running wait_to_block]    [time: spin block sync cleanup vmop] page_trap_count
55.119: BulkRevokeBias                   [      33          0              0    ]      [     0     0     0     0     0    ]  0
2017-11-22T09:54:13.225+0800: 55.119: Total time for which application threads were stopped: 0.0001921 seconds, Stopping threads took: 0.0000158 seconds
         vmop                    [threads: total initially_running wait_to_block]    [time: spin block sync cleanup vmop] page_trap_count
56.120: no vm operation                  [      33          0              0    ]      [     0     0     0     0     0    ]  0
2017-11-22T09:54:14.225+0800: 56.120: Total time for which application threads were stopped: 0.0002196 seconds, Stopping threads took: 0.0000585 seconds
2017-11-22T09:54:14.381+0800: 56.276: [GC pause (G1 Evacuation Pause) (young) 56.276: [G1Ergonomics (CSet Construction) start choosing CSet, _pending_cards: 1870, predicted base time: 5.34 ms, remaining time: 194.66 ms, target pause time: 200.00 ms]
 56.276: [G1Ergonomics (CSet Construction) add young regions to CSet, eden: 296 regions, survivors: 6 regions, predicted young region time: 3.63 ms]
 56.276: [G1Ergonomics (CSet Construction) finish choosing CSet, eden: 296 regions, survivors: 6 regions, old: 0 regions, predicted pause time: 8.97 ms, target pause time: 200.00 ms]
, 0.0042863 secs]
   [Parallel Time: 1.7 ms, GC Workers: 8]
      [GC Worker Start (ms): Min: 56276.0, Avg: 56276.1, Max: 56276.6, Diff: 0.7]
      [Ext Root Scanning (ms): Min: 0.0, Avg: 0.4, Max: 1.0, Diff: 1.0, Sum: 3.3]
      [Update RS (ms): Min: 0.0, Avg: 0.1, Max: 0.2, Diff: 0.2, Sum: 0.7]
         [Processed Buffers: Min: 0, Avg: 1.8, Max: 4, Diff: 4, Sum: 14]
      [Scan RS (ms): Min: 0.0, Avg: 0.1, Max: 0.1, Diff: 0.1, Sum: 0.6]
      [Code Root Scanning (ms): Min: 0.0, Avg: 0.1, Max: 0.9, Diff: 0.9, Sum: 1.0]
      [Object Copy (ms): Min: 0.0, Avg: 0.6, Max: 0.7, Diff: 0.7, Sum: 4.5]
      [Termination (ms): Min: 0.0, Avg: 0.1, Max: 0.2, Diff: 0.2, Sum: 1.2]
         [Termination Attempts: Min: 1, Avg: 1.0, Max: 1, Diff: 0, Sum: 8]
      [GC Worker Other (ms): Min: 0.0, Avg: 0.0, Max: 0.0, Diff: 0.0, Sum: 0.1]
      [GC Worker Total (ms): Min: 0.9, Avg: 1.4, Max: 1.6, Diff: 0.7, Sum: 11.2]
      [GC Worker End (ms): Min: 56277.5, Avg: 56277.5, Max: 56277.5, Diff: 0.0]
   [Code Root Fixup: 0.0 ms]
   [Code Root Purge: 0.0 ms]
   [Clear CT: 0.3 ms]
   [Other: 2.2 ms]
      [Choose CSet: 0.0 ms]
      [Ref Proc: 1.3 ms]
      [Ref Enq: 0.0 ms]
      [Redirty Cards: 0.3 ms]
      [Humongous Register: 0.1 ms]
      [Humongous Reclaim: 0.0 ms]
      [Free CSet: 0.3 ms]
   [Eden: 296.0M(296.0M)->0.0B(295.0M) Survivors: 6144.0K->7168.0K Heap: 411.3M(504.0M)->115.8M(504.0M)]
 [Times: user=0.02 sys=0.00, real=0.01 secs]
         vmop                    [threads: total initially_running wait_to_block]    [time: spin block sync cleanup vmop] page_trap_count
56.276: G1IncCollectionPause             [      33          0              0    ]      [     0     0     0     0     4    ]  0
2017-11-22T09:54:14.386+0800: 56.280: Total time for which application threads were stopped: 0.0046633 seconds, Stopping threads took: 0.0000502 seconds
         vmop                    [threads: total initially_running wait_to_block]    [time: spin block sync cleanup vmop] page_trap_count
57.194: RevokeBias                       [      33          0              1    ]      [     0     0     0     0     0    ]  0
2017-11-22T09:54:15.300+0800: 57.194: Total time for which application threads were stopped: 0.0002562 seconds, Stopping threads took: 0.0000999 seconds
         vmop                    [threads: total initially_running wait_to_block]    [time: spin block sync cleanup vmop] page_trap_count
57.195: RevokeBias                       [      33          0              2    ]      [     0     0     0     0     0    ]  0
2017-11-22T09:54:15.301+0800: 57.195: Total time for which application threads were stopped: 0.0003075 seconds, Stopping threads took: 0.0001513 seconds
2017-11-22T09:54:15.404+0800: 57.298: [GC pause (G1 Evacuation Pause) (young) 57.298: [G1Ergonomics (CSet Construction) start choosing CSet, _pending_cards: 1556, predicted base time: 4.90 ms, remaining time: 195.10 ms, target pause time: 200.00 ms]
 57.298: [G1Ergonomics (CSet Construction) add young regions to CSet, eden: 295 regions, survivors: 7 regions, predicted young region time: 1.26 ms]
 57.298: [G1Ergonomics (CSet Construction) finish choosing CSet, eden: 295 regions, survivors: 7 regions, old: 0 regions, predicted pause time: 6.16 ms, target pause time: 200.00 ms]
, 0.0041460 secs]
   [Parallel Time: 2.4 ms, GC Workers: 8]
      [GC Worker Start (ms): Min: 57298.3, Avg: 57298.9, Max: 57300.4, Diff: 2.1]
      [Ext Root Scanning (ms): Min: 0.0, Avg: 0.5, Max: 0.9, Diff: 0.9, Sum: 4.0]
      [Update RS (ms): Min: 0.0, Avg: 0.1, Max: 0.3, Diff: 0.3, Sum: 0.7]
         [Processed Buffers: Min: 0, Avg: 1.8, Max: 5, Diff: 5, Sum: 14]
      [Scan RS (ms): Min: 0.0, Avg: 0.1, Max: 0.2, Diff: 0.2, Sum: 0.7]
      [Code Root Scanning (ms): Min: 0.0, Avg: 0.0, Max: 0.1, Diff: 0.1, Sum: 0.1]
      [Object Copy (ms): Min: 0.0, Avg: 0.7, Max: 0.9, Diff: 0.9, Sum: 5.2]
      [Termination (ms): Min: 0.0, Avg: 0.2, Max: 0.3, Diff: 0.3, Sum: 1.7]
         [Termination Attempts: Min: 1, Avg: 1.1, Max: 2, Diff: 1, Sum: 9]
      [GC Worker Other (ms): Min: 0.0, Avg: 0.0, Max: 0.1, Diff: 0.0, Sum: 0.2]
      [GC Worker Total (ms): Min: 0.0, Avg: 1.6, Max: 2.2, Diff: 2.1, Sum: 12.6]
      [GC Worker End (ms): Min: 57300.5, Avg: 57300.5, Max: 57300.5, Diff: 0.0]
   [Code Root Fixup: 0.0 ms]
   [Code Root Purge: 0.0 ms]
   [Clear CT: 0.3 ms]
   [Other: 1.5 ms]
      [Choose CSet: 0.0 ms]
      [Ref Proc: 0.5 ms]
      [Ref Enq: 0.0 ms]
      [Redirty Cards: 0.3 ms]
      [Humongous Register: 0.1 ms]
      [Humongous Reclaim: 0.0 ms]
      [Free CSet: 0.4 ms]
   [Eden: 295.0M(295.0M)->0.0B(296.0M) Survivors: 7168.0K->6144.0K Heap: 410.8M(504.0M)->115.3M(504.0M)]
 [Times: user=0.01 sys=0.00, real=0.00 secs]
         vmop                    [threads: total initially_running wait_to_block]    [time: spin block sync cleanup vmop] page_trap_count
57.298: G1IncCollectionPause             [      33          0              0    ]      [     0     0     0     0     4    ]  0
2017-11-22T09:54:15.408+0800: 57.302: Total time for which application threads were stopped: 0.0045183 seconds, Stopping threads took: 0.0000536 seconds
2017-11-22T09:54:16.349+0800: 58.244: [GC pause (G1 Evacuation Pause) (young) 58.244: [G1Ergonomics (CSet Construction) start choosing CSet, _pending_cards: 1542, predicted base time: 4.46 ms, remaining time: 195.54 ms, target pause time: 200.00 ms]
 58.244: [G1Ergonomics (CSet Construction) add young regions to CSet, eden: 296 regions, survivors: 6 regions, predicted young region time: 1.56 ms]
 58.244: [G1Ergonomics (CSet Construction) finish choosing CSet, eden: 296 regions, survivors: 6 regions, old: 0 regions, predicted pause time: 6.01 ms, target pause time: 200.00 ms]
, 0.0046795 secs]
   [Parallel Time: 3.1 ms, GC Workers: 8]
      [GC Worker Start (ms): Min: 58243.9, Avg: 58244.7, Max: 58246.8, Diff: 2.9]
      [Ext Root Scanning (ms): Min: 0.0, Avg: 0.5, Max: 1.0, Diff: 0.9, Sum: 4.2]
      [Update RS (ms): Min: 0.0, Avg: 0.1, Max: 0.3, Diff: 0.3, Sum: 0.8]
         [Processed Buffers: Min: 0, Avg: 1.2, Max: 4, Diff: 4, Sum: 10]
      [Scan RS (ms): Min: 0.0, Avg: 0.1, Max: 0.1, Diff: 0.1, Sum: 0.6]
      [Code Root Scanning (ms): Min: 0.0, Avg: 0.0, Max: 0.1, Diff: 0.1, Sum: 0.1]
      [Object Copy (ms): Min: 0.0, Avg: 0.7, Max: 0.9, Diff: 0.9, Sum: 5.3]
      [Termination (ms): Min: 0.0, Avg: 0.7, Max: 1.0, Diff: 1.0, Sum: 6.0]
         [Termination Attempts: Min: 1, Avg: 1.0, Max: 1, Diff: 0, Sum: 8]
      [GC Worker Other (ms): Min: 0.0, Avg: 0.0, Max: 0.1, Diff: 0.1, Sum: 0.2]
      [GC Worker Total (ms): Min: 0.0, Avg: 2.1, Max: 3.0, Diff: 2.9, Sum: 17.2]
      [GC Worker End (ms): Min: 58246.8, Avg: 58246.9, Max: 58246.9, Diff: 0.1]
   [Code Root Fixup: 0.0 ms]
   [Code Root Purge: 0.0 ms]
   [Clear CT: 0.4 ms]
   [Other: 1.2 ms]
      [Choose CSet: 0.0 ms]
      [Ref Proc: 0.3 ms]
      [Ref Enq: 0.0 ms]
      [Redirty Cards: 0.3 ms]
      [Humongous Register: 0.1 ms]
      [Humongous Reclaim: 0.0 ms]
      [Free CSet: 0.4 ms]
   [Eden: 296.0M(296.0M)->0.0B(296.0M) Survivors: 6144.0K->6144.0K Heap: 411.3M(504.0M)->114.8M(504.0M)]
 [Times: user=0.02 sys=0.00, real=0.00 secs]
         vmop                    [threads: total initially_running wait_to_block]    [time: spin block sync cleanup vmop] page_trap_count
58.243: G1IncCollectionPause             [      33          0              0    ]      [     0     0     0     0     4    ]  0
2017-11-22T09:54:16.354+0800: 58.249: Total time for which application threads were stopped: 0.0051594 seconds, Stopping threads took: 0.0000986 seconds
2017-11-22T09:54:17.266+0800: 59.160: [GC pause (G1 Evacuation Pause) (young) 59.160: [G1Ergonomics (CSet Construction) start choosing CSet, _pending_cards: 1283, predicted base time: 4.08 ms, remaining time: 195.92 ms, target pause time: 200.00 ms]
 59.160: [G1Ergonomics (CSet Construction) add young regions to CSet, eden: 296 regions, survivors: 6 regions, predicted young region time: 1.91 ms]
 59.161: [G1Ergonomics (CSet Construction) finish choosing CSet, eden: 296 regions, survivors: 6 regions, old: 0 regions, predicted pause time: 6.00 ms, target pause time: 200.00 ms]
, 0.0040580 secs]
   [Parallel Time: 2.2 ms, GC Workers: 8]
      [GC Worker Start (ms): Min: 59160.6, Avg: 59161.2, Max: 59162.7, Diff: 2.0]
      [Ext Root Scanning (ms): Min: 0.0, Avg: 0.5, Max: 1.0, Diff: 1.0, Sum: 4.1]
      [Update RS (ms): Min: 0.0, Avg: 0.1, Max: 0.3, Diff: 0.3, Sum: 0.7]
         [Processed Buffers: Min: 0, Avg: 1.0, Max: 3, Diff: 3, Sum: 8]
      [Scan RS (ms): Min: 0.0, Avg: 0.1, Max: 0.2, Diff: 0.2, Sum: 0.7]
      [Code Root Scanning (ms): Min: 0.0, Avg: 0.0, Max: 0.0, Diff: 0.0, Sum: 0.1]
      [Object Copy (ms): Min: 0.0, Avg: 0.6, Max: 0.8, Diff: 0.8, Sum: 4.9]
      [Termination (ms): Min: 0.0, Avg: 0.2, Max: 0.3, Diff: 0.3, Sum: 1.7]
         [Termination Attempts: Min: 1, Avg: 1.1, Max: 2, Diff: 1, Sum: 9]
      [GC Worker Other (ms): Min: 0.0, Avg: 0.0, Max: 0.0, Diff: 0.0, Sum: 0.1]
      [GC Worker Total (ms): Min: 0.0, Avg: 1.5, Max: 2.1, Diff: 2.1, Sum: 12.2]
      [GC Worker End (ms): Min: 59162.7, Avg: 59162.7, Max: 59162.7, Diff: 0.0]
   [Code Root Fixup: 0.0 ms]
   [Code Root Purge: 0.0 ms]
   [Clear CT: 0.3 ms]
   [Other: 1.6 ms]
      [Choose CSet: 0.0 ms]
      [Ref Proc: 0.6 ms]
      [Ref Enq: 0.0 ms]
      [Redirty Cards: 0.3 ms]
      [Humongous Register: 0.1 ms]
      [Humongous Reclaim: 0.0 ms]
      [Free CSet: 0.4 ms]
   [Eden: 296.0M(296.0M)->0.0B(295.0M) Survivors: 6144.0K->7168.0K Heap: 410.8M(504.0M)->115.8M(504.0M)]
 [Times: user=0.01 sys=0.00, real=0.00 secs]
         vmop                    [threads: total initially_running wait_to_block]    [time: spin block sync cleanup vmop] page_trap_count
59.160: G1IncCollectionPause             [      33          0              0    ]      [     0     0     0     0     4    ]  0
2017-11-22T09:54:17.270+0800: 59.165: Total time for which application threads were stopped: 0.0044702 seconds, Stopping threads took: 0.0000600 seconds
2017-11-22T09:54:18.604+0800: 60.499: [GC pause (G1 Evacuation Pause) (young) 60.499: [G1Ergonomics (CSet Construction) start choosing CSet, _pending_cards: 1283, predicted base time: 3.81 ms, remaining time: 196.19 ms, target pause time: 200.00 ms]
 60.499: [G1Ergonomics (CSet Construction) add young regions to CSet, eden: 295 regions, survivors: 7 regions, predicted young region time: 2.41 ms]
 60.499: [G1Ergonomics (CSet Construction) finish choosing CSet, eden: 295 regions, survivors: 7 regions, old: 0 regions, predicted pause time: 6.22 ms, target pause time: 200.00 ms]
, 0.0039439 secs]
   [Parallel Time: 2.3 ms, GC Workers: 8]
      [GC Worker Start (ms): Min: 60498.9, Avg: 60499.7, Max: 60501.0, Diff: 2.1]
      [Ext Root Scanning (ms): Min: 0.0, Avg: 0.3, Max: 1.1, Diff: 1.1, Sum: 2.7]
      [Update RS (ms): Min: 0.0, Avg: 0.1, Max: 0.2, Diff: 0.2, Sum: 0.8]
         [Processed Buffers: Min: 0, Avg: 1.0, Max: 3, Diff: 3, Sum: 8]
      [Scan RS (ms): Min: 0.0, Avg: 0.1, Max: 0.2, Diff: 0.1, Sum: 0.5]
      [Code Root Scanning (ms): Min: 0.0, Avg: 0.0, Max: 0.0, Diff: 0.0, Sum: 0.1]
      [Object Copy (ms): Min: 0.0, Avg: 0.6, Max: 1.0, Diff: 1.0, Sum: 4.4]
      [Termination (ms): Min: 0.0, Avg: 0.3, Max: 0.4, Diff: 0.4, Sum: 2.4]
         [Termination Attempts: Min: 1, Avg: 1.0, Max: 1, Diff: 0, Sum: 8]
      [GC Worker Other (ms): Min: 0.0, Avg: 0.0, Max: 0.0, Diff: 0.0, Sum: 0.1]
      [GC Worker Total (ms): Min: 0.0, Avg: 1.4, Max: 2.2, Diff: 2.1, Sum: 11.1]
      [GC Worker End (ms): Min: 60501.0, Avg: 60501.1, Max: 60501.1, Diff: 0.0]
   [Code Root Fixup: 0.0 ms]
   [Code Root Purge: 0.0 ms]
   [Clear CT: 0.3 ms]
   [Other: 1.3 ms]
      [Choose CSet: 0.0 ms]
      [Ref Proc: 0.4 ms]
      [Ref Enq: 0.0 ms]
      [Redirty Cards: 0.4 ms]
      [Humongous Register: 0.1 ms]
      [Humongous Reclaim: 0.0 ms]
      [Free CSet: 0.4 ms]
   [Eden: 295.0M(295.0M)->0.0B(296.0M) Survivors: 7168.0K->6144.0K Heap: 410.8M(504.0M)->114.9M(504.0M)]
 [Times: user=0.02 sys=0.00, real=0.00 secs]
         vmop                    [threads: total initially_running wait_to_block]    [time: spin block sync cleanup vmop] page_trap_count
60.499: G1IncCollectionPause             [      33          0              0    ]      [     0     0     0     0     4    ]  0
2017-11-22T09:54:18.609+0800: 60.503: Total time for which application threads were stopped: 0.0043296 seconds, Stopping threads took: 0.0000568 seconds
2017-11-22T09:54:19.462+0800: 61.357: [GC pause (G1 Evacuation Pause) (young) 61.357: [G1Ergonomics (CSet Construction) start choosing CSet, _pending_cards: 1282, predicted base time: 3.57 ms, remaining time: 196.43 ms, target pause time: 200.00 ms]
 61.357: [G1Ergonomics (CSet Construction) add young regions to CSet, eden: 296 regions, survivors: 6 regions, predicted young region time: 2.41 ms]
 61.357: [G1Ergonomics (CSet Construction) finish choosing CSet, eden: 296 regions, survivors: 6 regions, old: 0 regions, predicted pause time: 5.98 ms, target pause time: 200.00 ms]
, 0.0041246 secs]
   [Parallel Time: 2.2 ms, GC Workers: 8]
      [GC Worker Start (ms): Min: 61356.9, Avg: 61357.2, Max: 61358.7, Diff: 1.8]
      [Ext Root Scanning (ms): Min: 0.0, Avg: 0.6, Max: 1.0, Diff: 1.0, Sum: 4.7]
      [Update RS (ms): Min: 0.0, Avg: 0.1, Max: 0.2, Diff: 0.2, Sum: 0.7]
         [Processed Buffers: Min: 0, Avg: 1.0, Max: 2, Diff: 2, Sum: 8]
      [Scan RS (ms): Min: 0.0, Avg: 0.1, Max: 0.2, Diff: 0.2, Sum: 0.6]
      [Code Root Scanning (ms): Min: 0.0, Avg: 0.0, Max: 0.1, Diff: 0.1, Sum: 0.1]
      [Object Copy (ms): Min: 0.0, Avg: 0.6, Max: 0.7, Diff: 0.7, Sum: 4.7]
      [Termination (ms): Min: 0.0, Avg: 0.1, Max: 0.1, Diff: 0.1, Sum: 1.0]
         [Termination Attempts: Min: 1, Avg: 1.0, Max: 1, Diff: 0, Sum: 8]
      [GC Worker Other (ms): Min: 0.0, Avg: 0.0, Max: 0.1, Diff: 0.0, Sum: 0.2]
      [GC Worker Total (ms): Min: 0.0, Avg: 1.5, Max: 1.8, Diff: 1.8, Sum: 11.9]
      [GC Worker End (ms): Min: 61358.7, Avg: 61358.7, Max: 61358.8, Diff: 0.1]
   [Code Root Fixup: 0.0 ms]
   [Code Root Purge: 0.0 ms]
   [Clear CT: 0.3 ms]
   [Other: 1.5 ms]
      [Choose CSet: 0.0 ms]
      [Ref Proc: 0.5 ms]
      [Ref Enq: 0.0 ms]
      [Redirty Cards: 0.4 ms]
      [Humongous Register: 0.1 ms]
      [Humongous Reclaim: 0.0 ms]
      [Free CSet: 0.4 ms]
   [Eden: 296.0M(296.0M)->0.0B(296.0M) Survivors: 6144.0K->6144.0K Heap: 410.9M(504.0M)->115.4M(504.0M)]
 [Times: user=0.01 sys=0.00, real=0.01 secs]
         vmop                    [threads: total initially_running wait_to_block]    [time: spin block sync cleanup vmop] page_trap_count
61.357: G1IncCollectionPause             [      33          0              0    ]      [     0     0     0     0     4    ]  0
2017-11-22T09:54:19.467+0800: 61.361: Total time for which application threads were stopped: 0.0045077 seconds, Stopping threads took: 0.0000706 seconds
2017-11-22T09:54:20.377+0800: 62.271: [GC pause (G1 Evacuation Pause) (young) 62.271: [G1Ergonomics (CSet Construction) start choosing CSet, _pending_cards: 1795, predicted base time: 3.49 ms, remaining time: 196.51 ms, target pause time: 200.00 ms]
 62.271: [G1Ergonomics (CSet Construction) add young regions to CSet, eden: 296 regions, survivors: 6 regions, predicted young region time: 2.52 ms]
 62.271: [G1Ergonomics (CSet Construction) finish choosing CSet, eden: 296 regions, survivors: 6 regions, old: 0 regions, predicted pause time: 6.01 ms, target pause time: 200.00 ms]
, 0.0038571 secs]
   [Parallel Time: 2.1 ms, GC Workers: 8]
      [GC Worker Start (ms): Min: 62271.2, Avg: 62271.4, Max: 62272.0, Diff: 0.8]
      [Ext Root Scanning (ms): Min: 0.0, Avg: 0.4, Max: 1.2, Diff: 1.1, Sum: 3.1]
      [Update RS (ms): Min: 0.0, Avg: 0.1, Max: 0.2, Diff: 0.2, Sum: 0.6]
         [Processed Buffers: Min: 0, Avg: 1.2, Max: 3, Diff: 3, Sum: 10]
      [Scan RS (ms): Min: 0.0, Avg: 0.1, Max: 0.1, Diff: 0.1, Sum: 0.5]
      [Code Root Scanning (ms): Min: 0.0, Avg: 0.3, Max: 1.2, Diff: 1.2, Sum: 2.3]
      [Object Copy (ms): Min: 0.0, Avg: 0.6, Max: 0.9, Diff: 0.9, Sum: 4.7]
      [Termination (ms): Min: 0.0, Avg: 0.2, Max: 0.3, Diff: 0.3, Sum: 1.9]
         [Termination Attempts: Min: 1, Avg: 7.0, Max: 13, Diff: 12, Sum: 56]
      [GC Worker Other (ms): Min: 0.0, Avg: 0.0, Max: 0.0, Diff: 0.0, Sum: 0.1]
      [GC Worker Total (ms): Min: 1.1, Avg: 1.7, Max: 1.9, Diff: 0.8, Sum: 13.2]
      [GC Worker End (ms): Min: 62273.1, Avg: 62273.1, Max: 62273.1, Diff: 0.0]
   [Code Root Fixup: 0.0 ms]
   [Code Root Purge: 0.0 ms]
   [Clear CT: 0.3 ms]
   [Other: 1.4 ms]
      [Choose CSet: 0.0 ms]
      [Ref Proc: 0.5 ms]
      [Ref Enq: 0.0 ms]
      [Redirty Cards: 0.3 ms]
      [Humongous Register: 0.1 ms]
      [Humongous Reclaim: 0.0 ms]
      [Free CSet: 0.4 ms]
   [Eden: 296.0M(296.0M)->0.0B(294.0M) Survivors: 6144.0K->8192.0K Heap: 411.4M(504.0M)->116.9M(504.0M)]
 [Times: user=0.01 sys=0.00, real=0.00 secs]
         vmop                    [threads: total initially_running wait_to_block]    [time: spin block sync cleanup vmop] page_trap_count
62.271: G1IncCollectionPause             [      33          0              0    ]      [     0     0     0     0     4    ]  0
2017-11-22T09:54:20.381+0800: 62.275: Total time for which application threads were stopped: 0.0043155 seconds, Stopping threads took: 0.0000671 seconds
         vmop                    [threads: total initially_running wait_to_block]    [time: spin block sync cleanup vmop] page_trap_count
63.275: no vm operation                  [      31          0              0    ]      [     0     0     0     0     0    ]  0
2017-11-22T09:54:21.381+0800: 63.275: Total time for which application threads were stopped: 0.0002143 seconds, Stopping threads took: 0.0000424 seconds
         vmop                    [threads: total initially_running wait_to_block]    [time: spin block sync cleanup vmop] page_trap_count
64.275: no vm operation                  [      30          0              0    ]      [     0     0     0     0     0    ]  0
2017-11-22T09:54:22.381+0800: 64.276: Total time for which application threads were stopped: 0.0001800 seconds, Stopping threads took: 0.0000404 seconds
         vmop                    [threads: total initially_running wait_to_block]    [time: spin block sync cleanup vmop] page_trap_count
65.276: no vm operation                  [      29          0              0    ]      [     0     0     0     0     0    ]  0
2017-11-22T09:54:23.382+0800: 65.276: Total time for which application threads were stopped: 0.0002050 seconds, Stopping threads took: 0.0000437 seconds
         vmop                    [threads: total initially_running wait_to_block]    [time: spin block sync cleanup vmop] page_trap_count
65.368: RevokeBias                       [      30          0              1    ]      [     0     0     0     0     0    ]  0
2017-11-22T09:54:23.474+0800: 65.368: Total time for which application threads were stopped: 0.0003149 seconds, Stopping threads took: 0.0000866 seconds
         vmop                    [threads: total initially_running wait_to_block]    [time: spin block sync cleanup vmop] page_trap_count
65.368: RevokeBias                       [      30          0              1    ]      [     0     0     0     0     0    ]  0
2017-11-22T09:54:23.474+0800: 65.368: Total time for which application threads were stopped: 0.0001440 seconds, Stopping threads took: 0.0000507 seconds
2017-11-22T09:54:23.799+0800: 65.694: [GC pause (G1 Evacuation Pause) (young) 65.694: [G1Ergonomics (CSet Construction) start choosing CSet, _pending_cards: 2330, predicted base time: 3.32 ms, remaining time: 196.68 ms, target pause time: 200.00 ms]
 65.694: [G1Ergonomics (CSet Construction) add young regions to CSet, eden: 294 regions, survivors: 8 regions, predicted young region time: 0.99 ms]
 65.694: [G1Ergonomics (CSet Construction) finish choosing CSet, eden: 294 regions, survivors: 8 regions, old: 0 regions, predicted pause time: 4.32 ms, target pause time: 200.00 ms]
, 0.0035383 secs]
   [Parallel Time: 2.0 ms, GC Workers: 8]
      [GC Worker Start (ms): Min: 65693.9, Avg: 65694.3, Max: 65695.6, Diff: 1.7]
      [Ext Root Scanning (ms): Min: 0.0, Avg: 0.4, Max: 1.2, Diff: 1.2, Sum: 3.0]
      [Update RS (ms): Min: 0.0, Avg: 0.1, Max: 0.2, Diff: 0.2, Sum: 0.7]
         [Processed Buffers: Min: 0, Avg: 1.9, Max: 6, Diff: 6, Sum: 15]
      [Scan RS (ms): Min: 0.0, Avg: 0.1, Max: 0.1, Diff: 0.1, Sum: 0.4]
      [Code Root Scanning (ms): Min: 0.0, Avg: 0.0, Max: 0.0, Diff: 0.0, Sum: 0.1]
      [Object Copy (ms): Min: 0.0, Avg: 0.5, Max: 0.8, Diff: 0.8, Sum: 4.3]
      [Termination (ms): Min: 0.0, Avg: 0.2, Max: 0.3, Diff: 0.3, Sum: 1.6]
         [Termination Attempts: Min: 1, Avg: 1.0, Max: 1, Diff: 0, Sum: 8]
      [GC Worker Other (ms): Min: 0.0, Avg: 0.0, Max: 0.1, Diff: 0.1, Sum: 0.2]
      [GC Worker Total (ms): Min: 0.0, Avg: 1.3, Max: 1.8, Diff: 1.7, Sum: 10.4]
      [GC Worker End (ms): Min: 65695.6, Avg: 65695.6, Max: 65695.7, Diff: 0.1]
   [Code Root Fixup: 0.0 ms]
   [Code Root Purge: 0.0 ms]
   [Clear CT: 0.3 ms]
   [Other: 1.3 ms]
      [Choose CSet: 0.0 ms]
      [Ref Proc: 0.4 ms]
      [Ref Enq: 0.0 ms]
      [Redirty Cards: 0.3 ms]
      [Humongous Register: 0.0 ms]
      [Humongous Reclaim: 0.0 ms]
      [Free CSet: 0.3 ms]
   [Eden: 294.0M(294.0M)->0.0B(295.0M) Survivors: 8192.0K->7168.0K Heap: 410.9M(504.0M)->115.9M(504.0M)]
 [Times: user=0.01 sys=0.00, real=0.01 secs]
         vmop                    [threads: total initially_running wait_to_block]    [time: spin block sync cleanup vmop] page_trap_count
65.694: G1IncCollectionPause             [      30          0              0    ]      [     0     0     0     0     3    ]  0
2017-11-22T09:54:23.803+0800: 65.697: Total time for which application threads were stopped: 0.0039335 seconds, Stopping threads took: 0.0000670 seconds
2017-11-22T09:54:25.189+0800: 67.083: [GC pause (G1 Evacuation Pause) (young) 67.083: [G1Ergonomics (CSet Construction) start choosing CSet, _pending_cards: 1542, predicted base time: 3.06 ms, remaining time: 196.94 ms, target pause time: 200.00 ms]
 67.083: [G1Ergonomics (CSet Construction) add young regions to CSet, eden: 295 regions, survivors: 7 regions, predicted young region time: 1.92 ms]
 67.083: [G1Ergonomics (CSet Construction) finish choosing CSet, eden: 295 regions, survivors: 7 regions, old: 0 regions, predicted pause time: 4.99 ms, target pause time: 200.00 ms]
, 0.0039195 secs]
   [Parallel Time: 1.9 ms, GC Workers: 8]
      [GC Worker Start (ms): Min: 67083.6, Avg: 67083.9, Max: 67085.3, Diff: 1.7]
      [Ext Root Scanning (ms): Min: 0.0, Avg: 0.5, Max: 0.9, Diff: 0.9, Sum: 4.4]
      [Update RS (ms): Min: 0.0, Avg: 0.1, Max: 0.2, Diff: 0.2, Sum: 0.7]
         [Processed Buffers: Min: 0, Avg: 1.2, Max: 4, Diff: 4, Sum: 10]
      [Scan RS (ms): Min: 0.0, Avg: 0.1, Max: 0.2, Diff: 0.2, Sum: 0.7]
      [Code Root Scanning (ms): Min: 0.0, Avg: 0.0, Max: 0.1, Diff: 0.1, Sum: 0.1]
      [Object Copy (ms): Min: 0.0, Avg: 0.6, Max: 0.7, Diff: 0.7, Sum: 4.6]
      [Termination (ms): Min: 0.0, Avg: 0.1, Max: 0.2, Diff: 0.2, Sum: 1.0]
         [Termination Attempts: Min: 1, Avg: 1.0, Max: 1, Diff: 0, Sum: 8]
      [GC Worker Other (ms): Min: 0.0, Avg: 0.0, Max: 0.1, Diff: 0.0, Sum: 0.2]
      [GC Worker Total (ms): Min: 0.0, Avg: 1.5, Max: 1.8, Diff: 1.7, Sum: 11.7]
      [GC Worker End (ms): Min: 67085.3, Avg: 67085.4, Max: 67085.4, Diff: 0.1]
   [Code Root Fixup: 0.0 ms]
   [Code Root Purge: 0.0 ms]
   [Clear CT: 0.3 ms]
   [Other: 1.6 ms]
      [Choose CSet: 0.0 ms]
      [Ref Proc: 0.5 ms]
      [Ref Enq: 0.0 ms]
      [Redirty Cards: 0.4 ms]
      [Humongous Register: 0.1 ms]
      [Humongous Reclaim: 0.0 ms]
      [Free CSet: 0.5 ms]
   [Eden: 295.0M(295.0M)->0.0B(296.0M) Survivors: 7168.0K->6144.0K Heap: 410.9M(504.0M)->115.4M(504.0M)]
 [Times: user=0.01 sys=0.00, real=0.00 secs]
         vmop                    [threads: total initially_running wait_to_block]    [time: spin block sync cleanup vmop] page_trap_count
67.083: G1IncCollectionPause             [      30          0              0    ]      [     0     0     0     0     4    ]  0
2017-11-22T09:54:25.193+0800: 67.087: Total time for which application threads were stopped: 0.0042865 seconds, Stopping threads took: 0.0000647 seconds
         vmop                    [threads: total initially_running wait_to_block]    [time: spin block sync cleanup vmop] page_trap_count
67.194: RevokeBias                       [      30          0              1    ]      [     0     0     0     0     0    ]  0
2017-11-22T09:54:25.300+0800: 67.195: Total time for which application threads were stopped: 0.0002777 seconds, Stopping threads took: 0.0001010 seconds
         vmop                    [threads: total initially_running wait_to_block]    [time: spin block sync cleanup vmop] page_trap_count
68.195: no vm operation                  [      30          0              0    ]      [     0     0     0     0     0    ]  0
2017-11-22T09:54:26.301+0800: 68.195: Total time for which application threads were stopped: 0.0001950 seconds, Stopping threads took: 0.0000563 seconds
2017-11-22T09:54:26.582+0800: 68.476: [GC pause (G1 Evacuation Pause) (young) 68.476: [G1Ergonomics (CSet Construction) start choosing CSet, _pending_cards: 1810, predicted base time: 2.99 ms, remaining time: 197.01 ms, target pause time: 200.00 ms]
 68.476: [G1Ergonomics (CSet Construction) add young regions to CSet, eden: 296 regions, survivors: 6 regions, predicted young region time: 1.40 ms]
 68.476: [G1Ergonomics (CSet Construction) finish choosing CSet, eden: 296 regions, survivors: 6 regions, old: 0 regions, predicted pause time: 4.39 ms, target pause time: 200.00 ms]
, 0.0046914 secs]
   [Parallel Time: 3.1 ms, GC Workers: 8]
      [GC Worker Start (ms): Min: 68476.8, Avg: 68477.0, Max: 68477.8, Diff: 0.9]
      [Ext Root Scanning (ms): Min: 0.0, Avg: 0.6, Max: 1.2, Diff: 1.2, Sum: 4.6]
      [Update RS (ms): Min: 0.0, Avg: 0.1, Max: 0.3, Diff: 0.3, Sum: 0.7]
         [Processed Buffers: Min: 0, Avg: 1.6, Max: 6, Diff: 6, Sum: 13]
      [Scan RS (ms): Min: 0.0, Avg: 0.1, Max: 0.1, Diff: 0.1, Sum: 0.6]
      [Code Root Scanning (ms): Min: 0.0, Avg: 0.0, Max: 0.1, Diff: 0.1, Sum: 0.2]
      [Object Copy (ms): Min: 0.4, Avg: 0.6, Max: 0.6, Diff: 0.3, Sum: 4.6]
      [Termination (ms): Min: 0.0, Avg: 0.0, Max: 0.0, Diff: 0.0, Sum: 0.0]
         [Termination Attempts: Min: 1, Avg: 1.0, Max: 1, Diff: 0, Sum: 8]
      [GC Worker Other (ms): Min: 0.0, Avg: 0.2, Max: 0.7, Diff: 0.7, Sum: 1.5]
      [GC Worker Total (ms): Min: 0.6, Avg: 1.5, Max: 2.2, Diff: 1.6, Sum: 12.2]
      [GC Worker End (ms): Min: 68478.4, Avg: 68478.6, Max: 68479.1, Diff: 0.7]
   [Code Root Fixup: 0.0 ms]
   [Code Root Purge: 0.0 ms]
   [Clear CT: 0.4 ms]
   [Other: 1.1 ms]
      [Choose CSet: 0.0 ms]
      [Ref Proc: 0.3 ms]
      [Ref Enq: 0.0 ms]
      [Redirty Cards: 0.3 ms]
      [Humongous Register: 0.1 ms]
      [Humongous Reclaim: 0.0 ms]
      [Free CSet: 0.4 ms]
   [Eden: 296.0M(296.0M)->0.0B(296.0M) Survivors: 6144.0K->6144.0K Heap: 411.4M(504.0M)->115.4M(504.0M)]
 [Times: user=0.01 sys=0.00, real=0.01 secs]
         vmop                    [threads: total initially_running wait_to_block]    [time: spin block sync cleanup vmop] page_trap_count
68.476: G1IncCollectionPause             [      30          0              0    ]      [     0     0     0     0     4    ]  0
2017-11-22T09:54:26.587+0800: 68.481: Total time for which application threads were stopped: 0.0050509 seconds, Stopping threads took: 0.0000516 seconds
2017-11-22T09:54:27.783+0800: 69.677: [GC pause (G1 Evacuation Pause) (young) 69.678: [G1Ergonomics (CSet Construction) start choosing CSet, _pending_cards: 2050, predicted base time: 3.29 ms, remaining time: 196.71 ms, target pause time: 200.00 ms]
 69.678: [G1Ergonomics (CSet Construction) add young regions to CSet, eden: 296 regions, survivors: 6 regions, predicted young region time: 1.33 ms]
 69.678: [G1Ergonomics (CSet Construction) finish choosing CSet, eden: 296 regions, survivors: 6 regions, old: 0 regions, predicted pause time: 4.63 ms, target pause time: 200.00 ms]
, 0.0051599 secs]
   [Parallel Time: 2.2 ms, GC Workers: 8]
      [GC Worker Start (ms): Min: 69678.6, Avg: 69679.0, Max: 69680.7, Diff: 2.1]
      [Ext Root Scanning (ms): Min: 0.0, Avg: 0.7, Max: 1.7, Diff: 1.7, Sum: 5.5]
      [Update RS (ms): Min: 0.0, Avg: 0.1, Max: 0.2, Diff: 0.2, Sum: 0.7]
         [Processed Buffers: Min: 0, Avg: 1.4, Max: 6, Diff: 6, Sum: 11]
      [Scan RS (ms): Min: 0.0, Avg: 0.1, Max: 0.1, Diff: 0.1, Sum: 0.5]
      [Code Root Scanning (ms): Min: 0.0, Avg: 0.0, Max: 0.1, Diff: 0.1, Sum: 0.1]
      [Object Copy (ms): Min: 0.0, Avg: 0.6, Max: 1.0, Diff: 1.0, Sum: 5.1]
      [Termination (ms): Min: 0.0, Avg: 0.3, Max: 0.3, Diff: 0.3, Sum: 2.1]
         [Termination Attempts: Min: 1, Avg: 1.0, Max: 1, Diff: 0, Sum: 8]
      [GC Worker Other (ms): Min: 0.0, Avg: 0.0, Max: 0.0, Diff: 0.0, Sum: 0.1]
      [GC Worker Total (ms): Min: 0.0, Avg: 1.8, Max: 2.1, Diff: 2.1, Sum: 14.1]
      [GC Worker End (ms): Min: 69680.7, Avg: 69680.7, Max: 69680.8, Diff: 0.0]
   [Code Root Fixup: 0.0 ms]
   [Code Root Purge: 0.0 ms]
   [Clear CT: 0.3 ms]
   [Other: 2.6 ms]
      [Choose CSet: 0.0 ms]
      [Ref Proc: 0.4 ms]
      [Ref Enq: 0.0 ms]
      [Redirty Cards: 0.3 ms]
      [Humongous Register: 0.1 ms]
      [Humongous Reclaim: 0.0 ms]
      [Free CSet: 0.4 ms]
   [Eden: 296.0M(296.0M)->0.0B(296.0M) Survivors: 6144.0K->6144.0K Heap: 411.4M(504.0M)->115.4M(504.0M)]
 [Times: user=0.02 sys=0.01, real=0.01 secs]
         vmop                    [threads: total initially_running wait_to_block]    [time: spin block sync cleanup vmop] page_trap_count
69.677: G1IncCollectionPause             [      30          0              0    ]      [     0     0     0     0     5    ]  0
2017-11-22T09:54:27.788+0800: 69.683: Total time for which application threads were stopped: 0.0055917 seconds, Stopping threads took: 0.0000525 seconds
2017-11-22T09:54:28.779+0800: 70.673: [GC pause (G1 Evacuation Pause) (young) 70.673: [G1Ergonomics (CSet Construction) start choosing CSet, _pending_cards: 1283, predicted base time: 3.07 ms, remaining time: 196.93 ms, target pause time: 200.00 ms]
 70.673: [G1Ergonomics (CSet Construction) add young regions to CSet, eden: 296 regions, survivors: 6 regions, predicted young region time: 2.31 ms]
 70.673: [G1Ergonomics (CSet Construction) finish choosing CSet, eden: 296 regions, survivors: 6 regions, old: 0 regions, predicted pause time: 5.39 ms, target pause time: 200.00 ms]
, 0.0057482 secs]
   [Parallel Time: 3.9 ms, GC Workers: 8]
      [GC Worker Start (ms): Min: 70673.6, Avg: 70674.0, Max: 70676.3, Diff: 2.7]
      [Ext Root Scanning (ms): Min: 0.0, Avg: 0.6, Max: 1.0, Diff: 1.0, Sum: 4.8]
      [Update RS (ms): Min: 0.0, Avg: 0.1, Max: 0.2, Diff: 0.2, Sum: 0.7]
         [Processed Buffers: Min: 0, Avg: 1.0, Max: 3, Diff: 3, Sum: 8]
      [Scan RS (ms): Min: 0.0, Avg: 0.1, Max: 0.2, Diff: 0.1, Sum: 0.7]
      [Code Root Scanning (ms): Min: 0.0, Avg: 0.0, Max: 0.0, Diff: 0.0, Sum: 0.1]
      [Object Copy (ms): Min: 0.0, Avg: 1.0, Max: 2.7, Diff: 2.7, Sum: 7.9]
      [Termination (ms): Min: 0.0, Avg: 1.6, Max: 2.0, Diff: 2.0, Sum: 12.8]
         [Termination Attempts: Min: 1, Avg: 1.0, Max: 1, Diff: 0, Sum: 8]
      [GC Worker Other (ms): Min: 0.0, Avg: 0.0, Max: 0.0, Diff: 0.0, Sum: 0.1]
      [GC Worker Total (ms): Min: 1.1, Avg: 3.4, Max: 3.8, Diff: 2.7, Sum: 27.1]
      [GC Worker End (ms): Min: 70677.4, Avg: 70677.4, Max: 70677.4, Diff: 0.0]
   [Code Root Fixup: 0.0 ms]
   [Code Root Purge: 0.0 ms]
   [Clear CT: 0.4 ms]
   [Other: 1.4 ms]
      [Choose CSet: 0.0 ms]
      [Ref Proc: 0.4 ms]
      [Ref Enq: 0.0 ms]
      [Redirty Cards: 0.3 ms]
      [Humongous Register: 0.1 ms]
      [Humongous Reclaim: 0.0 ms]
      [Free CSet: 0.5 ms]
   [Eden: 296.0M(296.0M)->0.0B(296.0M) Survivors: 6144.0K->6144.0K Heap: 411.4M(504.0M)->115.4M(504.0M)]
 [Times: user=0.03 sys=0.00, real=0.01 secs]
         vmop                    [threads: total initially_running wait_to_block]    [time: spin block sync cleanup vmop] page_trap_count
70.673: G1IncCollectionPause             [      30          0              0    ]      [     0     0     0     0     5    ]  0
2017-11-22T09:54:28.785+0800: 70.680: Total time for which application threads were stopped: 0.0063577 seconds, Stopping threads took: 0.0000648 seconds
2017-11-22T09:54:29.784+0800: 71.678: [GC pause (G1 Evacuation Pause) (young) 71.678: [G1Ergonomics (CSet Construction) start choosing CSet, _pending_cards: 1794, predicted base time: 2.98 ms, remaining time: 197.02 ms, target pause time: 200.00 ms]
 71.678: [G1Ergonomics (CSet Construction) add young regions to CSet, eden: 296 regions, survivors: 6 regions, predicted young region time: 3.20 ms]
 71.678: [G1Ergonomics (CSet Construction) finish choosing CSet, eden: 296 regions, survivors: 6 regions, old: 0 regions, predicted pause time: 6.18 ms, target pause time: 200.00 ms]
, 0.0040472 secs]
   [Parallel Time: 2.0 ms, GC Workers: 8]
      [GC Worker Start (ms): Min: 71678.6, Avg: 71679.0, Max: 71680.4, Diff: 1.8]
      [Ext Root Scanning (ms): Min: 0.0, Avg: 0.5, Max: 0.9, Diff: 0.9, Sum: 4.2]
      [Update RS (ms): Min: 0.0, Avg: 0.1, Max: 0.2, Diff: 0.2, Sum: 0.6]
         [Processed Buffers: Min: 0, Avg: 1.2, Max: 3, Diff: 3, Sum: 10]
      [Scan RS (ms): Min: 0.0, Avg: 0.1, Max: 0.1, Diff: 0.1, Sum: 0.7]
      [Code Root Scanning (ms): Min: 0.0, Avg: 0.0, Max: 0.0, Diff: 0.0, Sum: 0.1]
      [Object Copy (ms): Min: 0.0, Avg: 0.6, Max: 0.7, Diff: 0.7, Sum: 4.8]
      [Termination (ms): Min: 0.0, Avg: 0.1, Max: 0.2, Diff: 0.1, Sum: 1.0]
         [Termination Attempts: Min: 1, Avg: 1.0, Max: 1, Diff: 0, Sum: 8]
      [GC Worker Other (ms): Min: 0.0, Avg: 0.0, Max: 0.1, Diff: 0.1, Sum: 0.2]
      [GC Worker Total (ms): Min: 0.0, Avg: 1.5, Max: 1.8, Diff: 1.8, Sum: 11.7]
      [GC Worker End (ms): Min: 71680.4, Avg: 71680.4, Max: 71680.5, Diff: 0.1]
   [Code Root Fixup: 0.0 ms]
   [Code Root Purge: 0.0 ms]
   [Clear CT: 0.5 ms]
   [Other: 1.5 ms]
      [Choose CSet: 0.0 ms]
      [Ref Proc: 0.3 ms]
      [Ref Enq: 0.0 ms]
      [Redirty Cards: 0.5 ms]
      [Humongous Register: 0.1 ms]
      [Humongous Reclaim: 0.0 ms]
      [Free CSet: 0.4 ms]
   [Eden: 296.0M(296.0M)->0.0B(295.0M) Survivors: 6144.0K->7168.0K Heap: 411.4M(504.0M)->115.9M(504.0M)]
 [Times: user=0.02 sys=0.00, real=0.00 secs]
         vmop                    [threads: total initially_running wait_to_block]    [time: spin block sync cleanup vmop] page_trap_count
71.678: G1IncCollectionPause             [      30          0              0    ]      [     0     0     0     0     4    ]  0
2017-11-22T09:54:29.788+0800: 71.683: Total time for which application threads were stopped: 0.0044970 seconds, Stopping threads took: 0.0000664 seconds
2017-11-22T09:54:30.755+0800: 72.650: [GC pause (G1 Evacuation Pause) (young) 72.650: [G1Ergonomics (CSet Construction) start choosing CSet, _pending_cards: 1794, predicted base time: 2.93 ms, remaining time: 197.07 ms, target pause time: 200.00 ms]
 72.650: [G1Ergonomics (CSet Construction) add young regions to CSet, eden: 295 regions, survivors: 7 regions, predicted young region time: 1.58 ms]
 72.650: [G1Ergonomics (CSet Construction) finish choosing CSet, eden: 295 regions, survivors: 7 regions, old: 0 regions, predicted pause time: 4.52 ms, target pause time: 200.00 ms]
, 0.0045259 secs]
   [Parallel Time: 2.3 ms, GC Workers: 8]
      [GC Worker Start (ms): Min: 72649.7, Avg: 72650.3, Max: 72651.7, Diff: 2.0]
      [Ext Root Scanning (ms): Min: 0.0, Avg: 0.5, Max: 1.0, Diff: 1.0, Sum: 4.0]
      [Update RS (ms): Min: 0.0, Avg: 0.1, Max: 0.2, Diff: 0.2, Sum: 0.7]
         [Processed Buffers: Min: 0, Avg: 1.2, Max: 4, Diff: 4, Sum: 10]
      [Scan RS (ms): Min: 0.0, Avg: 0.1, Max: 0.1, Diff: 0.1, Sum: 0.6]
      [Code Root Scanning (ms): Min: 0.0, Avg: 0.0, Max: 0.0, Diff: 0.0, Sum: 0.1]
      [Object Copy (ms): Min: 0.0, Avg: 0.6, Max: 0.8, Diff: 0.8, Sum: 4.8]
      [Termination (ms): Min: 0.0, Avg: 0.2, Max: 0.3, Diff: 0.3, Sum: 1.6]
         [Termination Attempts: Min: 1, Avg: 1.0, Max: 1, Diff: 0, Sum: 8]
      [GC Worker Other (ms): Min: 0.0, Avg: 0.0, Max: 0.0, Diff: 0.0, Sum: 0.1]
      [GC Worker Total (ms): Min: 0.0, Avg: 1.5, Max: 2.0, Diff: 2.0, Sum: 12.1]
      [GC Worker End (ms): Min: 72651.7, Avg: 72651.8, Max: 72651.8, Diff: 0.0]
   [Code Root Fixup: 0.0 ms]
   [Code Root Purge: 0.0 ms]
   [Clear CT: 0.3 ms]
   [Other: 1.9 ms]
      [Choose CSet: 0.0 ms]
      [Ref Proc: 0.5 ms]
      [Ref Enq: 0.0 ms]
      [Redirty Cards: 0.6 ms]
      [Humongous Register: 0.1 ms]
      [Humongous Reclaim: 0.0 ms]
      [Free CSet: 0.5 ms]
   [Eden: 295.0M(295.0M)->0.0B(296.0M) Survivors: 7168.0K->6144.0K Heap: 410.9M(504.0M)->115.4M(504.0M)]
 [Times: user=0.01 sys=0.01, real=0.00 secs]
         vmop                    [threads: total initially_running wait_to_block]    [time: spin block sync cleanup vmop] page_trap_count
72.649: G1IncCollectionPause             [      30          0              0    ]      [     0     0     0     0     4    ]  0
2017-11-22T09:54:30.760+0800: 72.654: Total time for which application threads were stopped: 0.0048762 seconds, Stopping threads took: 0.0000706 seconds
2017-11-22T09:54:31.649+0800: 73.543: [GC pause (G1 Evacuation Pause) (young) 73.543: [G1Ergonomics (CSet Construction) start choosing CSet, _pending_cards: 1539, predicted base time: 3.00 ms, remaining time: 197.00 ms, target pause time: 200.00 ms]
 73.543: [G1Ergonomics (CSet Construction) add young regions to CSet, eden: 296 regions, survivors: 6 regions, predicted young region time: 1.46 ms]
 73.543: [G1Ergonomics (CSet Construction) finish choosing CSet, eden: 296 regions, survivors: 6 regions, old: 0 regions, predicted pause time: 4.46 ms, target pause time: 200.00 ms]
, 0.0056784 secs]
   [Parallel Time: 2.0 ms, GC Workers: 8]
      [GC Worker Start (ms): Min: 73543.6, Avg: 73544.3, Max: 73545.5, Diff: 1.9]
      [Ext Root Scanning (ms): Min: 0.0, Avg: 0.3, Max: 0.9, Diff: 0.9, Sum: 2.6]
      [Update RS (ms): Min: 0.0, Avg: 0.1, Max: 0.2, Diff: 0.2, Sum: 0.5]
         [Processed Buffers: Min: 0, Avg: 1.1, Max: 5, Diff: 5, Sum: 9]
      [Scan RS (ms): Min: 0.0, Avg: 0.1, Max: 0.1, Diff: 0.1, Sum: 0.4]
      [Code Root Scanning (ms): Min: 0.0, Avg: 0.0, Max: 0.1, Diff: 0.1, Sum: 0.2]
      [Object Copy (ms): Min: 0.0, Avg: 0.5, Max: 0.9, Diff: 0.9, Sum: 3.9]
      [Termination (ms): Min: 0.0, Avg: 0.3, Max: 0.4, Diff: 0.4, Sum: 2.1]
         [Termination Attempts: Min: 1, Avg: 1.0, Max: 1, Diff: 0, Sum: 8]
      [GC Worker Other (ms): Min: 0.0, Avg: 0.0, Max: 0.0, Diff: 0.0, Sum: 0.1]
      [GC Worker Total (ms): Min: 0.0, Avg: 1.2, Max: 1.9, Diff: 1.9, Sum: 9.8]
      [GC Worker End (ms): Min: 73545.5, Avg: 73545.5, Max: 73545.6, Diff: 0.0]
   [Code Root Fixup: 0.0 ms]
   [Code Root Purge: 0.0 ms]
   [Clear CT: 0.3 ms]
   [Other: 3.3 ms]
      [Choose CSet: 0.0 ms]
      [Ref Proc: 2.5 ms]
      [Ref Enq: 0.0 ms]
      [Redirty Cards: 0.3 ms]
      [Humongous Register: 0.1 ms]
      [Humongous Reclaim: 0.0 ms]
      [Free CSet: 0.3 ms]
   [Eden: 296.0M(296.0M)->0.0B(296.0M) Survivors: 6144.0K->6144.0K Heap: 411.4M(504.0M)->115.3M(504.0M)]
 [Times: user=0.02 sys=0.00, real=0.00 secs]
         vmop                    [threads: total initially_running wait_to_block]    [time: spin block sync cleanup vmop] page_trap_count
73.543: G1IncCollectionPause             [      30          0              0    ]      [     0     0     0     0     5    ]  0
2017-11-22T09:54:31.655+0800: 73.549: Total time for which application threads were stopped: 0.0060076 seconds, Stopping threads took: 0.0000534 seconds
         vmop                    [threads: total initially_running wait_to_block]    [time: spin block sync cleanup vmop] page_trap_count
77.194: RevokeBias                       [      29          0              1    ]      [     0     0     0     0     0    ]  0
2017-11-22T09:54:35.300+0800: 77.194: Total time for which application threads were stopped: 0.0002432 seconds, Stopping threads took: 0.0001104 seconds
         vmop                    [threads: total initially_running wait_to_block]    [time: spin block sync cleanup vmop] page_trap_count
79.194: no vm operation                  [      29          0              0    ]      [     0     0     0     0     0    ]  0
2017-11-22T09:54:37.300+0800: 79.195: Total time for which application threads were stopped: 0.0002110 seconds, Stopping threads took: 0.0000420 seconds
         vmop                    [threads: total initially_running wait_to_block]    [time: spin block sync cleanup vmop] page_trap_count
84.436: BulkRevokeBias                   [      29          0              1    ]      [     0     0     0     0     0    ]  0
2017-11-22T09:54:42.542+0800: 84.436: Total time for which application threads were stopped: 0.0003849 seconds, Stopping threads took: 0.0001141 seconds
         vmop                    [threads: total initially_running wait_to_block]    [time: spin block sync cleanup vmop] page_trap_count
84.442: RevokeBias                       [      29          0              0    ]      [     0     0     0     0     0    ]  0
2017-11-22T09:54:42.548+0800: 84.443: Total time for which application threads were stopped: 0.0001858 seconds, Stopping threads took: 0.0000355 seconds
         vmop                    [threads: total initially_running wait_to_block]    [time: spin block sync cleanup vmop] page_trap_count
84.448: RevokeBias                       [      29          0              0    ]      [     0     0     0     0     0    ]  0
2017-11-22T09:54:42.554+0800: 84.448: Total time for which application threads were stopped: 0.0001618 seconds, Stopping threads took: 0.0000360 seconds
         vmop                    [threads: total initially_running wait_to_block]    [time: spin block sync cleanup vmop] page_trap_count
84.449: RevokeBias                       [      29          0              0    ]      [     0     0     0     0     0    ]  0
2017-11-22T09:54:42.554+0800: 84.449: Total time for which application threads were stopped: 0.0000981 seconds, Stopping threads took: 0.0000209 seconds
         vmop                    [threads: total initially_running wait_to_block]    [time: spin block sync cleanup vmop] page_trap_count
84.450: RevokeBias                       [      29          0              1    ]      [     0     0     0     0     0    ]  0
2017-11-22T09:54:42.556+0800: 84.450: Total time for which application threads were stopped: 0.0002205 seconds, Stopping threads took: 0.0001046 seconds
         vmop                    [threads: total initially_running wait_to_block]    [time: spin block sync cleanup vmop] page_trap_count
84.453: RevokeBias                       [      29          0              0    ]      [     0     0     0     0     0    ]  0
2017-11-22T09:54:42.559+0800: 84.453: Total time for which application threads were stopped: 0.0001850 seconds, Stopping threads took: 0.0000322 seconds
         vmop                    [threads: total initially_running wait_to_block]    [time: spin block sync cleanup vmop] page_trap_count
84.457: BulkRevokeBias                   [      29          1              2    ]      [     0     0     0     0     0    ]  0
2017-11-22T09:54:42.563+0800: 84.457: Total time for which application threads were stopped: 0.0003426 seconds, Stopping threads took: 0.0001170 seconds
         vmop                    [threads: total initially_running wait_to_block]    [time: spin block sync cleanup vmop] page_trap_count
84.483: BulkRevokeBias                   [      29          0              2    ]      [     0     0     0     0     0    ]  0
2017-11-22T09:54:42.589+0800: 84.484: Total time for which application threads were stopped: 0.0003656 seconds, Stopping threads took: 0.0000940 seconds
         vmop                    [threads: total initially_running wait_to_block]    [time: spin block sync cleanup vmop] page_trap_count
84.507: RevokeBias                       [      29          0              0    ]      [     0     0     0     0     0    ]  0
2017-11-22T09:54:42.613+0800: 84.507: Total time for which application threads were stopped: 0.0002367 seconds, Stopping threads took: 0.0000382 seconds
         vmop                    [threads: total initially_running wait_to_block]    [time: spin block sync cleanup vmop] page_trap_count
84.525: RevokeBias                       [      29          0              0    ]      [     0     0     0     0     0    ]  0
2017-11-22T09:54:42.631+0800: 84.525: Total time for which application threads were stopped: 0.0001641 seconds, Stopping threads took: 0.0000486 seconds
         vmop                    [threads: total initially_running wait_to_block]    [time: spin block sync cleanup vmop] page_trap_count
84.525: RevokeBias                       [      29          0              0    ]      [     0     0     0     0     0    ]  0
2017-11-22T09:54:42.631+0800: 84.525: Total time for which application threads were stopped: 0.0000981 seconds, Stopping threads took: 0.0000128 seconds
         vmop                    [threads: total initially_running wait_to_block]    [time: spin block sync cleanup vmop] page_trap_count
84.527: RevokeBias                       [      29          0              1    ]      [     0     0     0     0     0    ]  0
2017-11-22T09:54:42.633+0800: 84.527: Total time for which application threads were stopped: 0.0001979 seconds, Stopping threads took: 0.0000951 seconds
         vmop                    [threads: total initially_running wait_to_block]    [time: spin block sync cleanup vmop] page_trap_count
84.529: RevokeBias                       [      29          1              2    ]      [     0     0     0     0     0    ]  0
2017-11-22T09:54:42.635+0800: 84.530: Total time for which application threads were stopped: 0.0002870 seconds, Stopping threads took: 0.0001525 seconds
         vmop                    [threads: total initially_running wait_to_block]    [time: spin block sync cleanup vmop] page_trap_count
84.534: RevokeBias                       [      29          1              1    ]      [     8     0     8     0     0    ]  1
2017-11-22T09:54:42.648+0800: 84.542: Total time for which application threads were stopped: 0.0084193 seconds, Stopping threads took: 0.0081001 seconds
         vmop                    [threads: total initially_running wait_to_block]    [time: spin block sync cleanup vmop] page_trap_count
84.543: RevokeBias                       [      29          0              1    ]      [     0     0     0     0     0    ]  0
2017-11-22T09:54:42.649+0800: 84.543: Total time for which application threads were stopped: 0.0002274 seconds, Stopping threads took: 0.0001247 seconds
         vmop                    [threads: total initially_running wait_to_block]    [time: spin block sync cleanup vmop] page_trap_count
84.554: RevokeBias                       [      29          0              1    ]      [     0     0     0     0     0    ]  0
2017-11-22T09:54:42.661+0800: 84.555: Total time for which application threads were stopped: 0.0010330 seconds, Stopping threads took: 0.0008897 seconds
         vmop                    [threads: total initially_running wait_to_block]    [time: spin block sync cleanup vmop] page_trap_count
84.564: RevokeBias                       [      29          0              1    ]      [     0     0     0     0     0    ]  0
2017-11-22T09:54:42.670+0800: 84.564: Total time for which application threads were stopped: 0.0002093 seconds, Stopping threads took: 0.0000799 seconds
         vmop                    [threads: total initially_running wait_to_block]    [time: spin block sync cleanup vmop] page_trap_count
84.565: RevokeBias                       [      29          0              2    ]      [     0     0     0     0     0    ]  0
2017-11-22T09:54:42.671+0800: 84.565: Total time for which application threads were stopped: 0.0002025 seconds, Stopping threads took: 0.0000668 seconds
         vmop                    [threads: total initially_running wait_to_block]    [time: spin block sync cleanup vmop] page_trap_count
84.572: RevokeBias                       [      29          0              1    ]      [     0     0     0     0     0    ]  0
2017-11-22T09:54:42.678+0800: 84.573: Total time for which application threads were stopped: 0.0002697 seconds, Stopping threads took: 0.0000922 seconds
         vmop                    [threads: total initially_running wait_to_block]    [time: spin block sync cleanup vmop] page_trap_count
84.581: RevokeBias                       [      29          1              2    ]      [     7     0     8     0     0    ]  0
2017-11-22T09:54:42.695+0800: 84.589: Total time for which application threads were stopped: 0.0083898 seconds, Stopping threads took: 0.0081324 seconds
         vmop                    [threads: total initially_running wait_to_block]    [time: spin block sync cleanup vmop] page_trap_count
84.621: RevokeBias                       [      29          1              1    ]      [    10     0    11     0     0    ]  0
2017-11-22T09:54:42.738+0800: 84.632: Total time for which application threads were stopped: 0.0113800 seconds, Stopping threads took: 0.0110530 seconds
         vmop                    [threads: total initially_running wait_to_block]    [time: spin block sync cleanup vmop] page_trap_count
84.633: RevokeBias                       [      29          0              0    ]      [     0     0     0     0     0    ]  0
2017-11-22T09:54:42.739+0800: 84.633: Total time for which application threads were stopped: 0.0001463 seconds, Stopping threads took: 0.0000206 seconds
         vmop                    [threads: total initially_running wait_to_block]    [time: spin block sync cleanup vmop] page_trap_count
84.647: RevokeBias                       [      29          0              0    ]      [     0     0     0     0     0    ]  0
2017-11-22T09:54:42.753+0800: 84.647: Total time for which application threads were stopped: 0.0002082 seconds, Stopping threads took: 0.0000314 seconds
         vmop                    [threads: total initially_running wait_to_block]    [time: spin block sync cleanup vmop] page_trap_count
84.649: RevokeBias                       [      29          1              2    ]      [     0     0     0     0     0    ]  0
2017-11-22T09:54:42.755+0800: 84.649: Total time for which application threads were stopped: 0.0002343 seconds, Stopping threads took: 0.0001179 seconds
         vmop                    [threads: total initially_running wait_to_block]    [time: spin block sync cleanup vmop] page_trap_count
84.654: RevokeBias                       [      29          0              1    ]      [     0     0     0     0     0    ]  0
2017-11-22T09:54:42.760+0800: 84.654: Total time for which application threads were stopped: 0.0001663 seconds, Stopping threads took: 0.0000482 seconds
         vmop                    [threads: total initially_running wait_to_block]    [time: spin block sync cleanup vmop] page_trap_count
84.654: RevokeBias                       [      29          0              1    ]      [     0     0     0     0     0    ]  0
2017-11-22T09:54:42.760+0800: 84.655: Total time for which application threads were stopped: 0.0001410 seconds, Stopping threads took: 0.0000411 seconds
         vmop                    [threads: total initially_running wait_to_block]    [time: spin block sync cleanup vmop] page_trap_count
84.661: RevokeBias                       [      29          0              1    ]      [     0     0     0     0     0    ]  0
2017-11-22T09:54:42.767+0800: 84.661: Total time for which application threads were stopped: 0.0004053 seconds, Stopping threads took: 0.0002028 seconds
         vmop                    [threads: total initially_running wait_to_block]    [time: spin block sync cleanup vmop] page_trap_count
84.674: RevokeBias                       [      29          0              1    ]      [     0     0     0     0     0    ]  0
2017-11-22T09:54:42.780+0800: 84.675: Total time for which application threads were stopped: 0.0002947 seconds, Stopping threads took: 0.0001553 seconds
         vmop                    [threads: total initially_running wait_to_block]    [time: spin block sync cleanup vmop] page_trap_count
84.675: BulkRevokeBias                   [      29          2              0    ]      [     0     0     0     0     0    ]  0
2017-11-22T09:54:42.781+0800: 84.676: Total time for which application threads were stopped: 0.0004261 seconds, Stopping threads took: 0.0002225 seconds
         vmop                    [threads: total initially_running wait_to_block]    [time: spin block sync cleanup vmop] page_trap_count
84.679: RevokeBias                       [      29          0              0    ]      [     0     0     0     0     1    ]  0
2017-11-22T09:54:42.787+0800: 84.686: Total time for which application threads were stopped: 0.0070935 seconds, Stopping threads took: 0.0000496 seconds
         vmop                    [threads: total initially_running wait_to_block]    [time: spin block sync cleanup vmop] page_trap_count
84.708: RevokeBias                       [      29          0              2    ]      [     0     0     0     0     0    ]  0
2017-11-22T09:54:42.815+0800: 84.709: Total time for which application threads were stopped: 0.0007372 seconds, Stopping threads took: 0.0005392 seconds
         vmop                    [threads: total initially_running wait_to_block]    [time: spin block sync cleanup vmop] page_trap_count
84.752: Deoptimize                       [      29          0              1    ]      [     0     0     0     0     0    ]  0
2017-11-22T09:54:42.859+0800: 84.753: Total time for which application threads were stopped: 0.0008703 seconds, Stopping threads took: 0.0000521 seconds
         vmop                    [threads: total initially_running wait_to_block]    [time: spin block sync cleanup vmop] page_trap_count
84.861: RevokeBias                       [      29          0              0    ]      [     0     0     0     0     0    ]  0
2017-11-22T09:54:42.967+0800: 84.862: Total time for which application threads were stopped: 0.0003640 seconds, Stopping threads took: 0.0001543 seconds
         vmop                    [threads: total initially_running wait_to_block]    [time: spin block sync cleanup vmop] page_trap_count
84.963: RevokeBias                       [      29          1              3    ]      [     8     6    14     0     0    ]  1
2017-11-22T09:54:43.083+0800: 84.978: Total time for which application threads were stopped: 0.0152001 seconds, Stopping threads took: 0.0149042 seconds
         vmop                    [threads: total initially_running wait_to_block]    [time: spin block sync cleanup vmop] page_trap_count
85.044: RevokeBias                       [      29          1              2    ]      [     4     0     5     0     0    ]  1
2017-11-22T09:54:43.155+0800: 85.050: Total time for which application threads were stopped: 0.0054863 seconds, Stopping threads took: 0.0052287 seconds
         vmop                    [threads: total initially_running wait_to_block]    [time: spin block sync cleanup vmop] page_trap_count
85.121: RevokeBias                       [      29          0              2    ]      [     0     0     0     0     0    ]  0
2017-11-22T09:54:43.227+0800: 85.122: Total time for which application threads were stopped: 0.0002552 seconds, Stopping threads took: 0.0000703 seconds
         vmop                    [threads: total initially_running wait_to_block]    [time: spin block sync cleanup vmop] page_trap_count
85.321: RevokeBias                       [      29          1              1    ]      [     7     0     8     0     0    ]  1
2017-11-22T09:54:43.435+0800: 85.329: Total time for which application threads were stopped: 0.0083341 seconds, Stopping threads took: 0.0080507 seconds
         vmop                    [threads: total initially_running wait_to_block]    [time: spin block sync cleanup vmop] page_trap_count
85.331: RevokeBias                       [      29          0              0    ]      [     0     0     0     0     0    ]  0
2017-11-22T09:54:43.437+0800: 85.331: Total time for which application threads were stopped: 0.0001840 seconds, Stopping threads took: 0.0000326 seconds
2017-11-22T09:54:43.637+0800: 85.532: [GC pause (G1 Evacuation Pause) (young) 85.532: [G1Ergonomics (CSet Construction) start choosing CSet, _pending_cards: 1569, predicted base time: 3.67 ms, remaining time: 196.33 ms, target pause time: 200.00 ms]
 85.532: [G1Ergonomics (CSet Construction) add young regions to CSet, eden: 296 regions, survivors: 6 regions, predicted young region time: 0.98 ms]
 85.532: [G1Ergonomics (CSet Construction) finish choosing CSet, eden: 296 regions, survivors: 6 regions, old: 0 regions, predicted pause time: 4.65 ms, target pause time: 200.00 ms]
, 0.0639669 secs]
   [Parallel Time: 61.5 ms, GC Workers: 8]
      [GC Worker Start (ms): Min: 85532.0, Avg: 85549.0, Max: 85554.8, Diff: 22.8]
      [Ext Root Scanning (ms): Min: 0.0, Avg: 0.4, Max: 2.8, Diff: 2.8, Sum: 2.9]
      [Update RS (ms): Min: 0.0, Avg: 0.2, Max: 1.5, Diff: 1.5, Sum: 1.5]
         [Processed Buffers: Min: 0, Avg: 1.9, Max: 15, Diff: 15, Sum: 15]
      [Scan RS (ms): Min: 0.0, Avg: 0.1, Max: 0.3, Diff: 0.3, Sum: 0.5]
      [Code Root Scanning (ms): Min: 0.0, Avg: 0.0, Max: 0.2, Diff: 0.2, Sum: 0.2]
      [Object Copy (ms): Min: 0.0, Avg: 10.9, Max: 46.1, Diff: 46.1, Sum: 87.1]
      [Termination (ms): Min: 0.0, Avg: 23.8, Max: 38.8, Diff: 38.8, Sum: 190.8]
         [Termination Attempts: Min: 1, Avg: 1.4, Max: 3, Diff: 2, Sum: 11]
      [GC Worker Other (ms): Min: 0.0, Avg: 0.0, Max: 0.0, Diff: 0.0, Sum: 0.1]
      [GC Worker Total (ms): Min: 28.2, Avg: 35.4, Max: 50.9, Diff: 22.8, Sum: 283.2]
      [GC Worker End (ms): Min: 85582.9, Avg: 85584.4, Max: 85593.4, Diff: 10.4]
   [Code Root Fixup: 0.1 ms]
   [Code Root Purge: 0.0 ms]
   [Clear CT: 0.3 ms]
   [Other: 2.1 ms]
      [Choose CSet: 0.0 ms]
      [Ref Proc: 1.2 ms]
      [Ref Enq: 0.0 ms]
      [Redirty Cards: 0.1 ms]
      [Humongous Register: 0.1 ms]
      [Humongous Reclaim: 0.0 ms]
      [Free CSet: 0.4 ms]
   [Eden: 296.0M(296.0M)->0.0B(296.0M) Survivors: 6144.0K->6144.0K Heap: 411.3M(504.0M)->115.7M(504.0M)]
 [Times: user=0.11 sys=0.00, real=0.06 secs]
         vmop                    [threads: total initially_running wait_to_block]    [time: spin block sync cleanup vmop] page_trap_count
85.532: G1IncCollectionPause             [      29          0              0    ]      [     0     0     0     0    64    ]  0
2017-11-22T09:54:43.702+0800: 85.596: Total time for which application threads were stopped: 0.0644008 seconds, Stopping threads took: 0.0000540 seconds
         vmop                    [threads: total initially_running wait_to_block]    [time: spin block sync cleanup vmop] page_trap_count
85.611: RevokeBias                       [      29          1              1    ]      [     0     0     0     0     0    ]  1
2017-11-22T09:54:43.718+0800: 85.612: Total time for which application threads were stopped: 0.0011899 seconds, Stopping threads took: 0.0009679 seconds
         vmop                    [threads: total initially_running wait_to_block]    [time: spin block sync cleanup vmop] page_trap_count
85.612: RevokeBias                       [      29          0              0    ]      [     0     0     0     0     0    ]  0
2017-11-22T09:54:43.718+0800: 85.612: Total time for which application threads were stopped: 0.0001363 seconds, Stopping threads took: 0.0000207 seconds
         vmop                    [threads: total initially_running wait_to_block]    [time: spin block sync cleanup vmop] page_trap_count
85.612: RevokeBias                       [      29          0              0    ]      [     0     0     0     0     0    ]  0
2017-11-22T09:54:43.718+0800: 85.612: Total time for which application threads were stopped: 0.0001324 seconds, Stopping threads took: 0.0000181 seconds
         vmop                    [threads: total initially_running wait_to_block]    [time: spin block sync cleanup vmop] page_trap_count
85.612: RevokeBias                       [      29          0              0    ]      [     0     0     0     0     0    ]  0
2017-11-22T09:54:43.718+0800: 85.613: Total time for which application threads were stopped: 0.0001393 seconds, Stopping threads took: 0.0000194 seconds
         vmop                    [threads: total initially_running wait_to_block]    [time: spin block sync cleanup vmop] page_trap_count
85.613: RevokeBias                       [      29          0              0    ]      [     0     0     0     0     0    ]  0
2017-11-22T09:54:43.718+0800: 85.613: Total time for which application threads were stopped: 0.0001266 seconds, Stopping threads took: 0.0000195 seconds
         vmop                    [threads: total initially_running wait_to_block]    [time: spin block sync cleanup vmop] page_trap_count
85.613: RevokeBias                       [      29          0              0    ]      [     0     0     0     0     0    ]  0
2017-11-22T09:54:43.719+0800: 85.613: Total time for which application threads were stopped: 0.0001296 seconds, Stopping threads took: 0.0000185 seconds
         vmop                    [threads: total initially_running wait_to_block]    [time: spin block sync cleanup vmop] page_trap_count
85.613: RevokeBias                       [      29          0              0    ]      [     0     0     0     0     0    ]  0
2017-11-22T09:54:43.719+0800: 85.613: Total time for which application threads were stopped: 0.0001253 seconds, Stopping threads took: 0.0000202 seconds
         vmop                    [threads: total initially_running wait_to_block]    [time: spin block sync cleanup vmop] page_trap_count
85.613: RevokeBias                       [      29          0              0    ]      [     0     0     0     0     0    ]  0
2017-11-22T09:54:43.719+0800: 85.613: Total time for which application threads were stopped: 0.0001221 seconds, Stopping threads took: 0.0000182 seconds
         vmop                    [threads: total initially_running wait_to_block]    [time: spin block sync cleanup vmop] page_trap_count
85.613: RevokeBias                       [      29          0              0    ]      [     0     0     0     0     0    ]  0
2017-11-22T09:54:43.719+0800: 85.613: Total time for which application threads were stopped: 0.0001419 seconds, Stopping threads took: 0.0000188 seconds
         vmop                    [threads: total initially_running wait_to_block]    [time: spin block sync cleanup vmop] page_trap_count
85.614: RevokeBias                       [      29          0              0    ]      [     0     0     0     0     0    ]  0
2017-11-22T09:54:43.719+0800: 85.614: Total time for which application threads were stopped: 0.0001362 seconds, Stopping threads took: 0.0000205 seconds
         vmop                    [threads: total initially_running wait_to_block]    [time: spin block sync cleanup vmop] page_trap_count
85.614: RevokeBias                       [      29          0              0    ]      [     0     0     0     0     0    ]  0
2017-11-22T09:54:43.720+0800: 85.614: Total time for which application threads were stopped: 0.0001185 seconds, Stopping threads took: 0.0000184 seconds
         vmop                    [threads: total initially_running wait_to_block]    [time: spin block sync cleanup vmop] page_trap_count
85.614: RevokeBias                       [      29          0              0    ]      [     0     0     0     0     0    ]  0
2017-11-22T09:54:43.720+0800: 85.614: Total time for which application threads were stopped: 0.0001913 seconds, Stopping threads took: 0.0000184 seconds
         vmop                    [threads: total initially_running wait_to_block]    [time: spin block sync cleanup vmop] page_trap_count
85.614: RevokeBias                       [      29          0              0    ]      [     0     0     0     0     0    ]  0
2017-11-22T09:54:43.720+0800: 85.614: Total time for which application threads were stopped: 0.0001192 seconds, Stopping threads took: 0.0000163 seconds
         vmop                    [threads: total initially_running wait_to_block]    [time: spin block sync cleanup vmop] page_trap_count
85.614: RevokeBias                       [      29          0              0    ]      [     0     0     0     0     0    ]  0
2017-11-22T09:54:43.720+0800: 85.614: Total time for which application threads were stopped: 0.0001112 seconds, Stopping threads took: 0.0000146 seconds
         vmop                    [threads: total initially_running wait_to_block]    [time: spin block sync cleanup vmop] page_trap_count
85.614: RevokeBias                       [      29          0              0    ]      [     0     0     0     0     0    ]  0
2017-11-22T09:54:43.720+0800: 85.615: Total time for which application threads were stopped: 0.0001211 seconds, Stopping threads took: 0.0000145 seconds
         vmop                    [threads: total initially_running wait_to_block]    [time: spin block sync cleanup vmop] page_trap_count
85.615: RevokeBias                       [      29          0              0    ]      [     0     0     0     0     0    ]  0
2017-11-22T09:54:43.720+0800: 85.615: Total time for which application threads were stopped: 0.0001194 seconds, Stopping threads took: 0.0000156 seconds
         vmop                    [threads: total initially_running wait_to_block]    [time: spin block sync cleanup vmop] page_trap_count
85.615: RevokeBias                       [      29          0              0    ]      [     0     0     0     0     0    ]  0
2017-11-22T09:54:43.720+0800: 85.615: Total time for which application threads were stopped: 0.0001220 seconds, Stopping threads took: 0.0000152 seconds
         vmop                    [threads: total initially_running wait_to_block]    [time: spin block sync cleanup vmop] page_trap_count
85.615: RevokeBias                       [      29          0              0    ]      [     0     0     0     0     0    ]  0
2017-11-22T09:54:43.721+0800: 85.615: Total time for which application threads were stopped: 0.0001203 seconds, Stopping threads took: 0.0000152 seconds
         vmop                    [threads: total initially_running wait_to_block]    [time: spin block sync cleanup vmop] page_trap_count
85.615: RevokeBias                       [      29          0              0    ]      [     0     0     0     0     0    ]  0
2017-11-22T09:54:43.721+0800: 85.615: Total time for which application threads were stopped: 0.0001167 seconds, Stopping threads took: 0.0000147 seconds
         vmop                    [threads: total initially_running wait_to_block]    [time: spin block sync cleanup vmop] page_trap_count
85.615: BulkRevokeBias                   [      29          0              0    ]      [     0     0     0     0     0    ]  0
2017-11-22T09:54:43.721+0800: 85.615: Total time for which application threads were stopped: 0.0002691 seconds, Stopping threads took: 0.0000142 seconds
         vmop                    [threads: total initially_running wait_to_block]    [time: spin block sync cleanup vmop] page_trap_count
86.626: no vm operation                  [      29          0              0    ]      [     0     0     0     0     0    ]  0
2017-11-22T09:54:44.732+0800: 86.626: Total time for which application threads were stopped: 0.0002568 seconds, Stopping threads took: 0.0000494 seconds
         vmop                    [threads: total initially_running wait_to_block]    [time: spin block sync cleanup vmop] page_trap_count
86.636: RevokeBias                       [      29          0              0    ]      [     0     0     0     0     0    ]  0
2017-11-22T09:54:44.742+0800: 86.637: Total time for which application threads were stopped: 0.0002371 seconds, Stopping threads took: 0.0000414 seconds
         vmop                    [threads: total initially_running wait_to_block]    [time: spin block sync cleanup vmop] page_trap_count
86.689: RevokeBias                       [      29          1              1    ]      [     0     3     4     0     0    ]  1
2017-11-22T09:54:44.799+0800: 86.694: Total time for which application threads were stopped: 0.0044794 seconds, Stopping threads took: 0.0042580 seconds
2017-11-22T09:54:44.820+0800: 86.714: [GC pause (G1 Evacuation Pause) (young) 86.714: [G1Ergonomics (CSet Construction) start choosing CSet, _pending_cards: 4124, predicted base time: 15.98 ms, remaining time: 184.02 ms, target pause time: 200.00 ms]
 86.714: [G1Ergonomics (CSet Construction) add young regions to CSet, eden: 148 regions, survivors: 6 regions, predicted young region time: 596.30 ms]
 86.714: [G1Ergonomics (CSet Construction) finish choosing CSet, eden: 148 regions, survivors: 6 regions, old: 0 regions, predicted pause time: 612.27 ms, target pause time: 200.00 ms]
, 0.2566360 secs]
   [Parallel Time: 218.7 ms, GC Workers: 8]
      [GC Worker Start (ms): Min: 86714.3, Avg: 86721.7, Max: 86733.4, Diff: 19.1]
      [Ext Root Scanning (ms): Min: 0.0, Avg: 0.9, Max: 4.8, Diff: 4.7, Sum: 7.3]
      [Update RS (ms): Min: 0.0, Avg: 15.5, Max: 34.3, Diff: 34.3, Sum: 123.9]
         [Processed Buffers: Min: 0, Avg: 2.8, Max: 8, Diff: 8, Sum: 22]
      [Scan RS (ms): Min: 0.0, Avg: 7.3, Max: 38.9, Diff: 38.9, Sum: 58.7]
      [Code Root Scanning (ms): Min: 0.0, Avg: 0.0, Max: 0.2, Diff: 0.2, Sum: 0.3]
      [Object Copy (ms): Min: 159.4, Avg: 170.8, Max: 191.3, Diff: 31.9, Sum: 1366.6]
      [Termination (ms): Min: 0.0, Avg: 14.1, Max: 20.0, Diff: 20.0, Sum: 112.7]
         [Termination Attempts: Min: 1, Avg: 33.1, Max: 67, Diff: 66, Sum: 265]
      [GC Worker Other (ms): Min: 0.0, Avg: 0.0, Max: 0.0, Diff: 0.0, Sum: 0.2]
      [GC Worker Total (ms): Min: 196.9, Avg: 208.7, Max: 216.0, Diff: 19.1, Sum: 1669.8]
      [GC Worker End (ms): Min: 86930.3, Avg: 86930.4, Max: 86930.9, Diff: 0.6]
   [Code Root Fixup: 0.1 ms]
   [Code Root Purge: 0.0 ms]
   [Clear CT: 17.6 ms]
   [Other: 20.2 ms]
      [Choose CSet: 0.0 ms]
      [Ref Proc: 19.2 ms]
      [Ref Enq: 0.0 ms]
      [Redirty Cards: 0.4 ms]
      [Humongous Register: 0.1 ms]
      [Humongous Reclaim: 0.0 ms]
      [Free CSet: 0.3 ms]
   [Eden: 148.0M(19.0M)->0.0B(41.0M) Survivors: 6144.0K->4096.0K Heap: 267.2M(504.0M)->171.6M(504.0M)]
 [Times: user=0.40 sys=0.07, real=0.26 secs]
         vmop                    [threads: total initially_running wait_to_block]    [time: spin block sync cleanup vmop] page_trap_count
86.713: G1IncCollectionPause             [      29          1              2    ]      [     0     0     0     0   256    ]  1
2017-11-22T09:54:45.077+0800: 86.971: Total time for which application threads were stopped: 0.2576012 seconds, Stopping threads took: 0.0006171 seconds
         vmop                    [threads: total initially_running wait_to_block]    [time: spin block sync cleanup vmop] page_trap_count
87.193: RevokeBias                       [      29          1              1    ]      [     0     0     0     0     0    ]  1
2017-11-22T09:54:45.299+0800: 87.193: Total time for which application threads were stopped: 0.0003112 seconds, Stopping threads took: 0.0000876 seconds
         vmop                    [threads: total initially_running wait_to_block]    [time: spin block sync cleanup vmop] page_trap_count
87.195: RevokeBias                       [      29          0              1    ]      [     0     0     0     0     0    ]  0
2017-11-22T09:54:45.301+0800: 87.196: Total time for which application threads were stopped: 0.0002251 seconds, Stopping threads took: 0.0000809 seconds
2017-11-22T09:54:45.414+0800: 87.308: [GC pause (G1 Evacuation Pause) (young) 87.308: [G1Ergonomics (CSet Construction) start choosing CSet, _pending_cards: 5946, predicted base time: 41.57 ms, remaining time: 158.43 ms, target pause time: 200.00 ms]
 87.308: [G1Ergonomics (CSet Construction) add young regions to CSet, eden: 37 regions, survivors: 4 regions, predicted young region time: 195.00 ms]
 87.308: [G1Ergonomics (CSet Construction) finish choosing CSet, eden: 37 regions, survivors: 4 regions, old: 0 regions, predicted pause time: 236.57 ms, target pause time: 200.00 ms]
, 0.1099479 secs]
   [Parallel Time: 100.8 ms, GC Workers: 8]
      [GC Worker Start (ms): Min: 87308.7, Avg: 87317.0, Max: 87325.4, Diff: 16.7]
      [Ext Root Scanning (ms): Min: 0.0, Avg: 2.7, Max: 20.5, Diff: 20.5, Sum: 21.6]
      [Update RS (ms): Min: 0.0, Avg: 13.6, Max: 41.4, Diff: 41.4, Sum: 108.6]
         [Processed Buffers: Min: 0, Avg: 4.1, Max: 12, Diff: 12, Sum: 33]
      [Scan RS (ms): Min: 0.0, Avg: 2.8, Max: 7.8, Diff: 7.8, Sum: 22.6]
      [Code Root Scanning (ms): Min: 0.0, Avg: 0.0, Max: 0.0, Diff: 0.0, Sum: 0.1]
      [Object Copy (ms): Min: 0.7, Avg: 18.8, Max: 31.8, Diff: 31.1, Sum: 150.7]
      [Termination (ms): Min: 0.0, Avg: 13.1, Max: 34.3, Diff: 34.3, Sum: 104.9]
         [Termination Attempts: Min: 1, Avg: 84.2, Max: 181, Diff: 180, Sum: 674]
      [GC Worker Other (ms): Min: 0.0, Avg: 0.0, Max: 0.0, Diff: 0.0, Sum: 0.1]
      [GC Worker Total (ms): Min: 40.0, Avg: 51.1, Max: 65.5, Diff: 25.5, Sum: 408.5]
      [GC Worker End (ms): Min: 87365.4, Avg: 87368.1, Max: 87386.9, Diff: 21.5]
   [Code Root Fixup: 0.0 ms]
   [Code Root Purge: 0.0 ms]
   [Clear CT: 0.2 ms]
   [Other: 8.9 ms]
      [Choose CSet: 0.0 ms]
      [Ref Proc: 8.1 ms]
      [Ref Enq: 0.0 ms]
      [Redirty Cards: 0.3 ms]
      [Humongous Register: 0.1 ms]
      [Humongous Reclaim: 0.0 ms]
      [Free CSet: 0.1 ms]
   [Eden: 37.0M(21.0M)->0.0B(72.0M) Survivors: 4096.0K->4096.0K Heap: 212.6M(504.0M)->193.0M(504.0M)]
 [Times: user=0.22 sys=0.00, real=0.12 secs]
         vmop                    [threads: total initially_running wait_to_block]    [time: spin block sync cleanup vmop] page_trap_count
87.308: G1IncCollectionPause             [      29          0              0    ]      [     0     0     0     0   110    ]  0
2017-11-22T09:54:45.524+0800: 87.419: Total time for which application threads were stopped: 0.1103303 seconds, Stopping threads took: 0.0000355 seconds
2017-11-22T09:54:45.752+0800: 87.646: [GC pause (G1 Evacuation Pause) (young) 87.646: [G1Ergonomics (CSet Construction) start choosing CSet, _pending_cards: 5103, predicted base time: 55.01 ms, remaining time: 144.99 ms, target pause time: 200.00 ms]
 87.646: [G1Ergonomics (CSet Construction) add young regions to CSet, eden: 72 regions, survivors: 4 regions, predicted young region time: 129.16 ms]
 87.646: [G1Ergonomics (CSet Construction) finish choosing CSet, eden: 72 regions, survivors: 4 regions, old: 0 regions, predicted pause time: 184.17 ms, target pause time: 200.00 ms]
, 0.1289668 secs]
   [Parallel Time: 97.8 ms, GC Workers: 8]
      [GC Worker Start (ms): Min: 87646.4, Avg: 87665.4, Max: 87685.9, Diff: 39.5]
      [Ext Root Scanning (ms): Min: 0.0, Avg: 0.3, Max: 1.2, Diff: 1.1, Sum: 2.3]
      [Update RS (ms): Min: 0.0, Avg: 10.4, Max: 70.8, Diff: 70.8, Sum: 83.1]
         [Processed Buffers: Min: 0, Avg: 2.9, Max: 11, Diff: 11, Sum: 23]
      [Scan RS (ms): Min: 0.0, Avg: 5.2, Max: 26.9, Diff: 26.9, Sum: 42.0]
      [Code Root Scanning (ms): Min: 0.0, Avg: 0.0, Max: 0.0, Diff: 0.0, Sum: 0.0]
      [Object Copy (ms): Min: 23.2, Avg: 59.9, Max: 73.2, Diff: 50.1, Sum: 479.5]
      [Termination (ms): Min: 0.0, Avg: 2.3, Max: 3.2, Diff: 3.1, Sum: 18.7]
         [Termination Attempts: Min: 1, Avg: 1613.0, Max: 3647, Diff: 3646, Sum: 12904]
      [GC Worker Other (ms): Min: 0.0, Avg: 0.0, Max: 0.0, Diff: 0.0, Sum: 0.1]
      [GC Worker Total (ms): Min: 57.7, Avg: 78.2, Max: 97.2, Diff: 39.5, Sum: 625.8]
      [GC Worker End (ms): Min: 87743.5, Avg: 87743.6, Max: 87743.9, Diff: 0.4]
   [Code Root Fixup: 0.0 ms]
   [Code Root Purge: 0.0 ms]
   [Clear CT: 0.4 ms]
   [Other: 30.8 ms]
      [Choose CSet: 0.0 ms]
      [Ref Proc: 0.5 ms]
      [Ref Enq: 0.0 ms]
      [Redirty Cards: 29.7 ms]
      [Humongous Register: 0.0 ms]
      [Humongous Reclaim: 0.0 ms]
      [Free CSet: 0.2 ms]
   [Eden: 72.0M(72.0M)->0.0B(59.0M) Survivors: 4096.0K->10.0M Heap: 265.0M(504.0M)->224.0M(504.0M)]
 [Times: user=0.27 sys=0.00, real=0.13 secs]
         vmop                    [threads: total initially_running wait_to_block]    [time: spin block sync cleanup vmop] page_trap_count
87.646: G1IncCollectionPause             [      29          0              0    ]      [     0     0     0     0   129    ]  0
2017-11-22T09:54:45.881+0800: 87.775: Total time for which application threads were stopped: 0.1294297 seconds, Stopping threads took: 0.0001239 seconds
         vmop                    [threads: total initially_running wait_to_block]    [time: spin block sync cleanup vmop] page_trap_count
87.836: RevokeBias                       [      29          0              0    ]      [     0     0     0     0     0    ]  0
2017-11-22T09:54:45.942+0800: 87.836: Total time for which application threads were stopped: 0.0002617 seconds, Stopping threads took: 0.0000593 seconds
         vmop                    [threads: total initially_running wait_to_block]    [time: spin block sync cleanup vmop] page_trap_count
87.919: RevokeBias                       [      29          1              1    ]      [     0     0     0     0     0    ]  1
2017-11-22T09:54:46.025+0800: 87.919: Total time for which application threads were stopped: 0.0002898 seconds, Stopping threads took: 0.0000902 seconds
2017-11-22T09:54:46.194+0800: 88.088: [GC pause (G1 Evacuation Pause) (young) 88.088: [G1Ergonomics (CSet Construction) start choosing CSet, _pending_cards: 6125, predicted base time: 73.66 ms, remaining time: 126.34 ms, target pause time: 200.00 ms]
 88.088: [G1Ergonomics (CSet Construction) add young regions to CSet, eden: 59 regions, survivors: 10 regions, predicted young region time: 83.83 ms]
 88.088: [G1Ergonomics (CSet Construction) finish choosing CSet, eden: 59 regions, survivors: 10 regions, old: 0 regions, predicted pause time: 157.49 ms, target pause time: 200.00 ms]
 88.254: [G1Ergonomics (Concurrent Cycles) request concurrent cycle initiation, reason: occupancy higher than threshold, occupancy: 262144000 bytes, allocation request: 0 bytes, threshold: 237817035 bytes (45.00 %), source: end of GC]
, 0.1655583 secs]
   [Parallel Time: 113.1 ms, GC Workers: 8]
      [GC Worker Start (ms): Min: 88088.6, Avg: 88104.1, Max: 88117.5, Diff: 28.9]
      [Ext Root Scanning (ms): Min: 0.0, Avg: 0.3, Max: 2.3, Diff: 2.3, Sum: 2.4]
      [Update RS (ms): Min: 0.0, Avg: 11.9, Max: 43.3, Diff: 43.3, Sum: 94.8]
         [Processed Buffers: Min: 0, Avg: 3.5, Max: 10, Diff: 10, Sum: 28]
      [Scan RS (ms): Min: 0.0, Avg: 12.7, Max: 29.3, Diff: 29.3, Sum: 101.6]
      [Code Root Scanning (ms): Min: 0.0, Avg: 0.0, Max: 0.0, Diff: 0.0, Sum: 0.0]
      [Object Copy (ms): Min: 50.8, Avg: 64.2, Max: 69.9, Diff: 19.1, Sum: 513.3]
      [Termination (ms): Min: 0.0, Avg: 8.3, Max: 10.0, Diff: 10.0, Sum: 66.5]
         [Termination Attempts: Min: 1, Avg: 36.0, Max: 97, Diff: 96, Sum: 288]
      [GC Worker Other (ms): Min: 0.0, Avg: 0.0, Max: 0.0, Diff: 0.0, Sum: 0.1]
      [GC Worker Total (ms): Min: 83.9, Avg: 97.3, Max: 112.8, Diff: 28.9, Sum: 778.7]
      [GC Worker End (ms): Min: 88201.4, Avg: 88201.5, Max: 88201.5, Diff: 0.1]
   [Code Root Fixup: 0.0 ms]
   [Code Root Purge: 0.0 ms]
   [Clear CT: 0.3 ms]
   [Other: 52.2 ms]
      [Choose CSet: 0.0 ms]
      [Ref Proc: 0.9 ms]
      [Ref Enq: 0.0 ms]
      [Redirty Cards: 50.6 ms]
      [Humongous Register: 0.1 ms]
      [Humongous Reclaim: 0.0 ms]
      [Free CSet: 0.3 ms]
   [Eden: 59.0M(59.0M)->0.0B(53.0M) Survivors: 10.0M->9216.0K Heap: 283.0M(504.0M)->249.0M(504.0M)]
 [Times: user=0.33 sys=0.00, real=0.17 secs]
         vmop                    [threads: total initially_running wait_to_block]    [time: spin block sync cleanup vmop] page_trap_count
88.084: G1IncCollectionPause             [      29          0              0    ]      [     0     0     3     0   165    ]  0
2017-11-22T09:54:46.360+0800: 88.254: Total time for which application threads were stopped: 0.1659528 seconds, Stopping threads took: 0.0000420 seconds
 88.538: [G1Ergonomics (Concurrent Cycles) initiate concurrent cycle, reason: concurrent cycle initiation requested]
2017-11-22T09:54:46.644+0800: 88.538: [GC pause (G1 Evacuation Pause) (young) (initial-mark) 88.538: [G1Ergonomics (CSet Construction) start choosing CSet, _pending_cards: 6723, predicted base time: 90.46 ms, remaining time: 109.54 ms, target pause time: 200.00 ms]
 88.538: [G1Ergonomics (CSet Construction) add young regions to CSet, eden: 53 regions, survivors: 9 regions, predicted young region time: 52.93 ms]
 88.538: [G1Ergonomics (CSet Construction) finish choosing CSet, eden: 53 regions, survivors: 9 regions, old: 0 regions, predicted pause time: 143.39 ms, target pause time: 200.00 ms]
, 0.1609178 secs]
   [Parallel Time: 131.2 ms, GC Workers: 8]
      [GC Worker Start (ms): Min: 88538.3, Avg: 88540.3, Max: 88540.8, Diff: 2.5]
      [Ext Root Scanning (ms): Min: 0.1, Avg: 26.8, Max: 48.6, Diff: 48.6, Sum: 214.7]
      [Update RS (ms): Min: 0.0, Avg: 9.1, Max: 42.1, Diff: 42.1, Sum: 72.9]
         [Processed Buffers: Min: 0, Avg: 3.9, Max: 14, Diff: 14, Sum: 31]
      [Scan RS (ms): Min: 0.1, Avg: 15.6, Max: 40.4, Diff: 40.3, Sum: 124.5]
      [Code Root Scanning (ms): Min: 0.0, Avg: 0.0, Max: 0.0, Diff: 0.0, Sum: 0.0]
      [Object Copy (ms): Min: 21.4, Avg: 42.0, Max: 53.1, Diff: 31.7, Sum: 336.4]
      [Termination (ms): Min: 0.0, Avg: 14.1, Max: 36.0, Diff: 36.0, Sum: 112.6]
         [Termination Attempts: Min: 1, Avg: 2.1, Max: 8, Diff: 7, Sum: 17]
      [GC Worker Other (ms): Min: 0.0, Avg: 0.0, Max: 0.0, Diff: 0.0, Sum: 0.1]
      [GC Worker Total (ms): Min: 101.8, Avg: 107.6, Max: 129.4, Diff: 27.5, Sum: 861.2]
      [GC Worker End (ms): Min: 88642.6, Avg: 88647.9, Max: 88669.4, Diff: 26.8]
   [Code Root Fixup: 0.0 ms]
   [Code Root Purge: 0.0 ms]
   [Clear CT: 0.2 ms]
   [Other: 29.5 ms]
      [Choose CSet: 0.0 ms]
      [Ref Proc: 28.0 ms]
      [Ref Enq: 0.0 ms]
      [Redirty Cards: 0.7 ms]
      [Humongous Register: 0.0 ms]
      [Humongous Reclaim: 0.0 ms]
      [Free CSet: 0.3 ms]
   [Eden: 53.0M(53.0M)->0.0B(33.0M) Survivors: 9216.0K->8192.0K Heap: 302.0M(504.0M)->271.5M(504.0M)]
 [Times: user=0.29 sys=0.01, real=0.16 secs]
         vmop                    [threads: total initially_running wait_to_block]    [time: spin block sync cleanup vmop] page_trap_count
88.537: 2017-11-22T09:54:46.805+0800: 88.699: [GC concurrent-root-region-scan-start]
G1IncCollectionPause             [      29          0              0    ]      [     0     0     0     0   161    ]  0
2017-11-22T09:54:46.805+0800: 88.699: Total time for which application threads were stopped: 0.1613813 seconds, Stopping threads took: 0.0000355 seconds
2017-11-22T09:54:46.844+0800: 88.739: [GC concurrent-root-region-scan-end, 0.0395261 secs]
2017-11-22T09:54:46.844+0800: 88.739: [GC concurrent-mark-start]
         vmop                    [threads: total initially_running wait_to_block]    [time: spin block sync cleanup vmop] page_trap_count
88.996: RevokeBias                       [      29          0              0    ]      [     0     0    78     0     0    ]  0
2017-11-22T09:54:47.181+0800: 89.075: Total time for which application threads were stopped: 0.0002487 seconds, Stopping threads took: 0.0000356 seconds
         vmop                    [threads: total initially_running wait_to_block]    [time: spin block sync cleanup vmop] page_trap_count
89.098: RevokeBias                       [      29          1              1    ]      [     0     0     2     0     0    ]  1
2017-11-22T09:54:47.206+0800: 89.100: Total time for which application threads were stopped: 0.0002747 seconds, Stopping threads took: 0.0000753 seconds
2017-11-22T09:54:47.248+0800: 89.142: [GC pause (G1 Evacuation Pause) (young) 89.142: [G1Ergonomics (CSet Construction) start choosing CSet, _pending_cards: 8842, predicted base time: 115.89 ms, remaining time: 84.11 ms, target pause time: 200.00 ms]
 89.142: [G1Ergonomics (CSet Construction) add young regions to CSet, eden: 33 regions, survivors: 8 regions, predicted young region time: 78.27 ms]
 89.142: [G1Ergonomics (CSet Construction) finish choosing CSet, eden: 33 regions, survivors: 8 regions, old: 0 regions, predicted pause time: 194.16 ms, target pause time: 200.00 ms]
, 0.1771639 secs]
   [Parallel Time: 131.6 ms, GC Workers: 8]
      [GC Worker Start (ms): Min: 89142.1, Avg: 89155.8, Max: 89172.5, Diff: 30.4]
      [Ext Root Scanning (ms): Min: 0.0, Avg: 0.3, Max: 2.1, Diff: 2.0, Sum: 2.1]
      [Update RS (ms): Min: 0.0, Avg: 5.5, Max: 21.7, Diff: 21.7, Sum: 43.8]
         [Processed Buffers: Min: 0, Avg: 4.9, Max: 13, Diff: 13, Sum: 39]
      [Scan RS (ms): Min: 9.6, Avg: 29.0, Max: 64.9, Diff: 55.3, Sum: 231.8]
      [Code Root Scanning (ms): Min: 0.0, Avg: 0.0, Max: 0.0, Diff: 0.0, Sum: 0.0]
      [Object Copy (ms): Min: 2.5, Avg: 39.7, Max: 58.3, Diff: 55.9, Sum: 317.2]
      [Termination (ms): Min: 0.0, Avg: 18.0, Max: 25.8, Diff: 25.8, Sum: 143.7]
         [Termination Attempts: Min: 1, Avg: 10.4, Max: 37, Diff: 36, Sum: 83]
      [GC Worker Other (ms): Min: 0.0, Avg: 0.0, Max: 0.0, Diff: 0.0, Sum: 0.1]
      [GC Worker Total (ms): Min: 77.2, Avg: 92.4, Max: 105.1, Diff: 27.9, Sum: 738.8]
      [GC Worker End (ms): Min: 89247.2, Avg: 89248.2, Max: 89249.8, Diff: 2.6]
   [Code Root Fixup: 0.0 ms]
   [Code Root Purge: 0.0 ms]
   [Clear CT: 0.3 ms]
   [Other: 45.3 ms]
      [Choose CSet: 0.0 ms]
      [Ref Proc: 43.7 ms]
      [Ref Enq: 0.0 ms]
      [Redirty Cards: 0.8 ms]
      [Humongous Register: 0.1 ms]
      [Humongous Reclaim: 0.0 ms]
      [Free CSet: 0.4 ms]
   [Eden: 33.0M(33.0M)->0.0B(26.0M) Survivors: 8192.0K->6144.0K Heap: 312.5M(504.0M)->293.5M(504.0M)]
 [Times: user=0.27 sys=0.01, real=0.18 secs]
         vmop                    [threads: total initially_running wait_to_block]    [time: spin block sync cleanup vmop] page_trap_count
89.141: G1IncCollectionPause             [      29          0              0    ]      [     0     0     0     0   177    ]  0
2017-11-22T09:54:47.425+0800: 89.319: Total time for which application threads were stopped: 0.1775814 seconds, Stopping threads took: 0.0000302 seconds
2017-11-22T09:54:47.683+0800: 89.578: [GC pause (G1 Evacuation Pause) (young) 89.578: [G1Ergonomics (CSet Construction) start choosing CSet, _pending_cards: 9032, predicted base time: 116.71 ms, remaining time: 83.29 ms, target pause time: 200.00 ms]
 89.578: [G1Ergonomics (CSet Construction) add young regions to CSet, eden: 26 regions, survivors: 6 regions, predicted young region time: 42.78 ms]
 89.578: [G1Ergonomics (CSet Construction) finish choosing CSet, eden: 26 regions, survivors: 6 regions, old: 0 regions, predicted pause time: 159.49 ms, target pause time: 200.00 ms]
, 0.1255220 secs]
   [Parallel Time: 85.2 ms, GC Workers: 8]
      [GC Worker Start (ms): Min: 89577.8, Avg: 89597.8, Max: 89611.9, Diff: 34.1]
      [Ext Root Scanning (ms): Min: 0.0, Avg: 2.2, Max: 17.0, Diff: 17.0, Sum: 17.8]
      [Update RS (ms): Min: 0.0, Avg: 16.0, Max: 54.7, Diff: 54.7, Sum: 128.2]
         [Processed Buffers: Min: 0, Avg: 4.9, Max: 16, Diff: 16, Sum: 39]
      [Scan RS (ms): Min: 0.0, Avg: 18.1, Max: 43.8, Diff: 43.8, Sum: 144.7]
      [Code Root Scanning (ms): Min: 0.0, Avg: 0.0, Max: 0.0, Diff: 0.0, Sum: 0.0]
      [Object Copy (ms): Min: 6.3, Avg: 18.7, Max: 27.6, Diff: 21.3, Sum: 149.6]
      [Termination (ms): Min: 0.0, Avg: 4.2, Max: 5.3, Diff: 5.3, Sum: 33.4]
         [Termination Attempts: Min: 1, Avg: 3.8, Max: 10, Diff: 9, Sum: 30]
      [GC Worker Other (ms): Min: 0.0, Avg: 0.0, Max: 0.0, Diff: 0.0, Sum: 0.1]
      [GC Worker Total (ms): Min: 45.2, Avg: 59.2, Max: 79.3, Diff: 34.1, Sum: 473.7]
      [GC Worker End (ms): Min: 89657.0, Avg: 89657.0, Max: 89657.0, Diff: 0.0]
   [Code Root Fixup: 0.0 ms]
   [Code Root Purge: 0.0 ms]
   [Clear CT: 10.8 ms]
   [Other: 29.5 ms]
      [Choose CSet: 0.0 ms]
      [Ref Proc: 20.1 ms]
      [Ref Enq: 0.0 ms]
      [Redirty Cards: 8.8 ms]
      [Humongous Register: 0.1 ms]
      [Humongous Reclaim: 0.0 ms]
      [Free CSet: 0.3 ms]
   [Eden: 26.0M(26.0M)->0.0B(34.0M) Survivors: 6144.0K->4096.0K Heap: 319.5M(504.0M)->304.5M(504.0M)]
 [Times: user=0.20 sys=0.00, real=0.12 secs]
         vmop                    [threads: total initially_running wait_to_block]    [time: spin block sync cleanup vmop] page_trap_count
89.568: G1IncCollectionPause             [      29          0              0    ]      [     0     0     9     0   125    ]  0
2017-11-22T09:54:47.809+0800: 89.703: Total time for which application threads were stopped: 0.1258926 seconds, Stopping threads took: 0.0000342 seconds
2017-11-22T09:54:47.859+0800: 89.753: [GC concurrent-mark-end, 1.0148105 secs]
2017-11-22T09:54:47.867+0800: 89.762: [GC remark 2017-11-22T09:54:47.868+0800: 89.762: [Finalize Marking, 0.0009920 secs] 2017-11-22T09:54:47.869+0800: 89.763: [GC ref-proc, 0.0002881 secs] 2017-11-22T09:54:47.869+0800: 89.763: [Unloading, 0.0161589 secs], 0.0233768 secs]
 [Times: user=0.03 sys=0.00, real=0.02 secs]
         vmop                    [threads: total initially_running wait_to_block]    [time: spin block sync cleanup vmop] page_trap_count
89.754: CGC_Operation                    [      29          1              1    ]      [     7     0     8     0    23    ]  1
2017-11-22T09:54:47.891+0800: 89.785: Total time for which application threads were stopped: 0.0317734 seconds, Stopping threads took: 0.0080524 seconds
2017-11-22T09:54:47.891+0800: 89.786: [GC cleanup 315M->312M(504M), 0.0047682 secs]
 [Times: user=0.00 sys=0.00, real=0.01 secs]
         vmop                    [threads: total initially_running wait_to_block]    [time: spin block sync cleanup vmop] page_trap_count
89.786: CGC_Operation                    [      29          0              0    ]      [     0     0     0     0     4    ]  0
2017-11-22T09:54:47.896+0800: 89.791: Total time for which application threads were stopped: 0.0050883 seconds, Stopping threads took: 0.0000174 seconds
2017-11-22T09:54:47.896+0800: 89.791: [GC concurrent-cleanup-start]
2017-11-22T09:54:47.896+0800: 89.791: [GC concurrent-cleanup-end, 0.0000258 secs]
2017-11-22T09:54:48.007+0800: 89.901: [GC pause (G1 Evacuation Pause) (young) 89.901: [G1Ergonomics (CSet Construction) start choosing CSet, _pending_cards: 7611, predicted base time: 114.89 ms, remaining time: 85.11 ms, target pause time: 200.00 ms]
 89.901: [G1Ergonomics (CSet Construction) add young regions to CSet, eden: 34 regions, survivors: 4 regions, predicted young region time: 31.68 ms]
 89.901: [G1Ergonomics (CSet Construction) finish choosing CSet, eden: 34 regions, survivors: 4 regions, old: 0 regions, predicted pause time: 146.57 ms, target pause time: 200.00 ms]
 90.067: [G1Ergonomics (Concurrent Cycles) do not request concurrent cycle initiation, reason: still doing mixed collections, occupancy: 334495744 bytes, allocation request: 0 bytes, threshold: 237817035 bytes (45.00 %), source: end of GC]
 90.067: [G1Ergonomics (Mixed GCs) do not start mixed GCs, reason: reclaimable percentage not over threshold, candidate old regions: 35 regions, reclaimable: 15513280 bytes (2.94 %), threshold: 5.00 %]
, 0.1661779 secs]
   [Parallel Time: 157.3 ms, GC Workers: 8]
      [GC Worker Start (ms): Min: 89901.4, Avg: 89913.3, Max: 89925.4, Diff: 24.0]
      [Ext Root Scanning (ms): Min: 0.0, Avg: 0.3, Max: 2.4, Diff: 2.4, Sum: 2.5]
      [Update RS (ms): Min: 21.1, Avg: 35.9, Max: 44.1, Diff: 23.0, Sum: 287.3]
         [Processed Buffers: Min: 0, Avg: 4.2, Max: 11, Diff: 11, Sum: 34]
      [Scan RS (ms): Min: 0.2, Avg: 20.1, Max: 33.9, Diff: 33.7, Sum: 160.4]
      [Code Root Scanning (ms): Min: 0.0, Avg: 0.0, Max: 0.0, Diff: 0.0, Sum: 0.0]
      [Object Copy (ms): Min: 1.7, Avg: 20.7, Max: 60.9, Diff: 59.2, Sum: 165.8]
      [Termination (ms): Min: 0.0, Avg: 43.5, Max: 72.9, Diff: 72.9, Sum: 348.2]
         [Termination Attempts: Min: 1, Avg: 6.1, Max: 12, Diff: 11, Sum: 49]
      [GC Worker Other (ms): Min: 0.0, Avg: 0.0, Max: 0.0, Diff: 0.0, Sum: 0.1]
      [GC Worker Total (ms): Min: 105.1, Avg: 120.5, Max: 136.0, Diff: 30.9, Sum: 964.3]
      [GC Worker End (ms): Min: 90030.4, Avg: 90033.8, Max: 90057.4, Diff: 27.0]
   [Code Root Fixup: 0.0 ms]
   [Code Root Purge: 0.0 ms]
   [Clear CT: 0.3 ms]
   [Other: 8.5 ms]
      [Choose CSet: 0.0 ms]
      [Ref Proc: 6.9 ms]
      [Ref Enq: 0.0 ms]
      [Redirty Cards: 0.9 ms]
      [Humongous Register: 0.1 ms]
      [Humongous Reclaim: 0.1 ms]
      [Free CSet: 0.3 ms]
   [Eden: 34.0M(34.0M)->0.0B(34.0M) Survivors: 4096.0K->5120.0K Heap: 335.0M(504.0M)->315.5M(504.0M)]
 [Times: user=0.41 sys=0.00, real=0.16 secs]
         vmop                    [threads: total initially_running wait_to_block]    [time: spin block sync cleanup vmop] page_trap_count
89.901: G1IncCollectionPause             [      29          0              1    ]      [     0     0     0     0   166    ]  0
2017-11-22T09:54:48.173+0800: 90.068: Total time for which application threads were stopped: 0.1666252 seconds, Stopping threads took: 0.0000557 seconds
2017-11-22T09:54:48.445+0800: 90.339: [GC pause (G1 Evacuation Pause) (young) 90.339: [G1Ergonomics (CSet Construction) start choosing CSet, _pending_cards: 7679, predicted base time: 122.30 ms, remaining time: 77.70 ms, target pause time: 200.00 ms]
 90.339: [G1Ergonomics (CSet Construction) add young regions to CSet, eden: 34 regions, survivors: 5 regions, predicted young region time: 30.11 ms]
 90.339: [G1Ergonomics (CSet Construction) finish choosing CSet, eden: 34 regions, survivors: 5 regions, old: 0 regions, predicted pause time: 152.41 ms, target pause time: 200.00 ms]
 90.430: [G1Ergonomics (Concurrent Cycles) request concurrent cycle initiation, reason: occupancy higher than threshold, occupancy: 350224384 bytes, allocation request: 0 bytes, threshold: 237817035 bytes (45.00 %), source: end of GC]
, 0.0910306 secs]
   [Parallel Time: 79.6 ms, GC Workers: 8]
      [GC Worker Start (ms): Min: 90339.7, Avg: 90350.6, Max: 90359.6, Diff: 20.0]
      [Ext Root Scanning (ms): Min: 0.0, Avg: 0.4, Max: 2.5, Diff: 2.5, Sum: 3.3]
      [Update RS (ms): Min: 0.0, Avg: 7.8, Max: 21.4, Diff: 21.4, Sum: 62.5]
         [Processed Buffers: Min: 0, Avg: 4.0, Max: 11, Diff: 11, Sum: 32]
      [Scan RS (ms): Min: 0.1, Avg: 10.5, Max: 25.6, Diff: 25.5, Sum: 84.4]
      [Code Root Scanning (ms): Min: 0.0, Avg: 0.0, Max: 0.0, Diff: 0.0, Sum: 0.0]
      [Object Copy (ms): Min: 6.6, Avg: 22.6, Max: 49.0, Diff: 42.4, Sum: 180.9]
      [Termination (ms): Min: 0.0, Avg: 26.9, Max: 31.0, Diff: 31.0, Sum: 215.4]
         [Termination Attempts: Min: 1, Avg: 18.1, Max: 41, Diff: 40, Sum: 145]
      [GC Worker Other (ms): Min: 0.0, Avg: 0.0, Max: 0.0, Diff: 0.0, Sum: 0.2]
      [GC Worker Total (ms): Min: 59.3, Avg: 68.3, Max: 79.3, Diff: 20.0, Sum: 546.7]
      [GC Worker End (ms): Min: 90418.9, Avg: 90419.0, Max: 90419.0, Diff: 0.0]
   [Code Root Fixup: 0.0 ms]
   [Code Root Purge: 0.0 ms]
   [Clear CT: 0.5 ms]
   [Other: 10.9 ms]
      [Choose CSet: 0.0 ms]
      [Ref Proc: 9.2 ms]
      [Ref Enq: 0.0 ms]
      [Redirty Cards: 1.0 ms]
      [Humongous Register: 0.1 ms]
      [Humongous Reclaim: 0.0 ms]
      [Free CSet: 0.2 ms]
   [Eden: 34.0M(34.0M)->0.0B(81.0M) Survivors: 5120.0K->5120.0K Heap: 349.5M(504.0M)->331.0M(504.0M)]
 [Times: user=0.38 sys=0.00, real=0.09 secs]
         vmop                    [threads: total initially_running wait_to_block]    [time: spin block sync cleanup vmop] page_trap_count
90.339: G1IncCollectionPause             [      29          0              0    ]      [     0     0     0     0    91    ]  0
2017-11-22T09:54:48.536+0800: 90.431: Total time for which application threads were stopped: 0.0914778 seconds, Stopping threads took: 0.0000375 seconds
         vmop                    [threads: total initially_running wait_to_block]    [time: spin block sync cleanup vmop] page_trap_count
90.548: RevokeBias                       [      29          1              1    ]      [     7     0     8     0     0    ]  0
2017-11-22T09:54:48.662+0800: 90.556: Total time for which application threads were stopped: 0.0083876 seconds, Stopping threads took: 0.0080235 seconds
         vmop                    [threads: total initially_running wait_to_block]    [time: spin block sync cleanup vmop] page_trap_count
90.590: RevokeBias                       [      29          1              1    ]      [     0     0     0     0     0    ]  1
2017-11-22T09:54:48.696+0800: 90.590: Total time for which application threads were stopped: 0.0003377 seconds, Stopping threads took: 0.0001040 seconds
 90.733: [G1Ergonomics (Concurrent Cycles) initiate concurrent cycle, reason: concurrent cycle initiation requested]
2017-11-22T09:54:48.838+0800: 90.733: [GC pause (G1 Evacuation Pause) (young) (initial-mark) 90.733: [G1Ergonomics (CSet Construction) start choosing CSet, _pending_cards: 10123, predicted base time: 112.09 ms, remaining time: 87.91 ms, target pause time: 200.00 ms]
 90.733: [G1Ergonomics (CSet Construction) add young regions to CSet, eden: 70 regions, survivors: 5 regions, predicted young region time: 108.31 ms]
 90.733: [G1Ergonomics (CSet Construction) finish choosing CSet, eden: 70 regions, survivors: 5 regions, old: 0 regions, predicted pause time: 220.40 ms, target pause time: 200.00 ms]
, 0.1691785 secs]
   [Parallel Time: 148.6 ms, GC Workers: 8]
      [GC Worker Start (ms): Min: 90733.0, Avg: 90734.0, Max: 90734.6, Diff: 1.6]
      [Ext Root Scanning (ms): Min: 0.1, Avg: 21.3, Max: 34.8, Diff: 34.8, Sum: 170.3]
      [Update RS (ms): Min: 0.0, Avg: 24.7, Max: 78.8, Diff: 78.8, Sum: 197.8]
         [Processed Buffers: Min: 0, Avg: 5.4, Max: 13, Diff: 13, Sum: 43]
      [Scan RS (ms): Min: 0.2, Avg: 34.3, Max: 61.2, Diff: 61.0, Sum: 274.1]
      [Code Root Scanning (ms): Min: 0.0, Avg: 0.0, Max: 0.0, Diff: 0.0, Sum: 0.0]
      [Object Copy (ms): Min: 36.5, Avg: 52.1, Max: 70.7, Diff: 34.2, Sum: 417.1]
      [Termination (ms): Min: 0.0, Avg: 15.0, Max: 19.5, Diff: 19.5, Sum: 119.9]
         [Termination Attempts: Min: 1, Avg: 4.4, Max: 12, Diff: 11, Sum: 35]
      [GC Worker Other (ms): Min: 0.0, Avg: 0.0, Max: 0.0, Diff: 0.0, Sum: 0.1]
      [GC Worker Total (ms): Min: 146.8, Avg: 147.4, Max: 148.4, Diff: 1.6, Sum: 1179.3]
      [GC Worker End (ms): Min: 90881.4, Avg: 90881.4, Max: 90881.4, Diff: 0.0]
   [Code Root Fixup: 0.0 ms]
   [Code Root Purge: 0.0 ms]
   [Clear CT: 0.3 ms]
   [Other: 20.2 ms]
      [Choose CSet: 0.0 ms]
      [Ref Proc: 18.4 ms]
      [Ref Enq: 0.0 ms]
      [Redirty Cards: 0.8 ms]
      [Humongous Register: 0.0 ms]
      [Humongous Reclaim: 0.0 ms]
      [Free CSet: 0.6 ms]
   [Eden: 70.0M(26.0M)->0.0B(60.0M) Survivors: 5120.0K->4096.0K Heap: 401.0M(504.0M)->359.5M(504.0M)]
 [Times: user=0.41 sys=0.00, real=0.17 secs]
         vmop                    [threads: total initially_running wait_to_block]    [time: spin block sync cleanup vmop] page_trap_count
90.732: G1IncCollectionPause             [      29          0              0    ]      [     0     0     0     0   169    ]  0
2017-11-22T09:54:49.008+0800: 90.902: [GC concurrent-root-region-scan-start]
2017-11-22T09:54:49.008+0800: 90.902: Total time for which application threads were stopped: 0.1696371 seconds, Stopping threads took: 0.0000481 seconds
2017-11-22T09:54:49.014+0800: 90.909: [GC concurrent-root-region-scan-end, 0.0065371 secs]
2017-11-22T09:54:49.014+0800: 90.909: [GC concurrent-mark-start]
2017-11-22T09:54:49.317+0800: 91.211: [GC pause (G1 Evacuation Pause) (young) 91.211: [G1Ergonomics (CSet Construction) start choosing CSet, _pending_cards: 7543, predicted base time: 94.98 ms, remaining time: 105.02 ms, target pause time: 200.00 ms]
 91.211: [G1Ergonomics (CSet Construction) add young regions to CSet, eden: 60 regions, survivors: 4 regions, predicted young region time: 73.88 ms]
 91.211: [G1Ergonomics (CSet Construction) finish choosing CSet, eden: 60 regions, survivors: 4 regions, old: 0 regions, predicted pause time: 168.87 ms, target pause time: 200.00 ms]
 91.320: [G1Ergonomics (Heap Sizing) attempt heap expansion, reason: recent GC overhead higher than threshold after GC, recent GC overhead: 29.21 %, threshold: 10.00 %, uncommitted: 6450839552 bytes, calculated expansion amount: 1290167910 bytes (20.00 %)]
 91.320: [G1Ergonomics (Heap Sizing) expand the heap, requested expansion amount: 528482304 bytes, attempted expansion amount: 528482304 bytes]
, 0.1129669 secs]
   [Parallel Time: 94.1 ms, GC Workers: 8]
      [GC Worker Start (ms): Min: 91211.7, Avg: 91225.3, Max: 91241.4, Diff: 29.7]
      [Ext Root Scanning (ms): Min: 0.0, Avg: 0.3, Max: 2.1, Diff: 2.1, Sum: 2.1]
      [Update RS (ms): Min: 0.0, Avg: 12.0, Max: 66.2, Diff: 66.2, Sum: 96.2]
         [Processed Buffers: Min: 0, Avg: 4.2, Max: 9, Diff: 9, Sum: 34]
      [Scan RS (ms): Min: 0.0, Avg: 19.4, Max: 32.0, Diff: 32.0, Sum: 155.1]
      [Code Root Scanning (ms): Min: 0.0, Avg: 0.0, Max: 0.0, Diff: 0.0, Sum: 0.0]
      [Object Copy (ms): Min: 0.0, Avg: 26.7, Max: 34.3, Diff: 34.3, Sum: 213.8]
      [Termination (ms): Min: 0.0, Avg: 6.7, Max: 10.6, Diff: 10.6, Sum: 53.5]
         [Termination Attempts: Min: 1, Avg: 27.9, Max: 64, Diff: 63, Sum: 223]
      [GC Worker Other (ms): Min: 0.0, Avg: 0.0, Max: 0.0, Diff: 0.0, Sum: 0.1]
      [GC Worker Total (ms): Min: 48.1, Avg: 65.1, Max: 77.8, Diff: 29.7, Sum: 520.9]
      [GC Worker End (ms): Min: 91289.5, Avg: 91290.4, Max: 91296.7, Diff: 7.2]
   [Code Root Fixup: 0.0 ms]
   [Code Root Purge: 0.0 ms]
   [Clear CT: 0.4 ms]
   [Other: 18.3 ms]
      [Choose CSet: 0.0 ms]
      [Ref Proc: 11.7 ms]
      [Ref Enq: 0.0 ms]
      [Redirty Cards: 1.0 ms]
      [Humongous Register: 0.0 ms]
      [Humongous Reclaim: 0.0 ms]
      [Free CSet: 0.7 ms]
   [Eden: 60.0M(60.0M)->0.0B(56.0M) Survivors: 4096.0K->8192.0K Heap: 419.5M(504.0M)->385.0M(1008.0M)]
 [Times: user=0.31 sys=0.00, real=0.11 secs]
         vmop                    [threads: total initially_running wait_to_block]    [time: spin block sync cleanup vmop] page_trap_count
91.150: G1IncCollectionPause             [      29          0              0    ]      [     0     0    61     0   113    ]  0
2017-11-22T09:54:49.430+0800: 91.325: Total time for which application threads were stopped: 0.1133322 seconds, Stopping threads took: 0.0000336 seconds
         vmop                    [threads: total initially_running wait_to_block]    [time: spin block sync cleanup vmop] page_trap_count
91.388: RevokeBias                       [      29          1              1    ]      [     0     8     8     0     0    ]  1
2017-11-22T09:54:49.503+0800: 91.397: Total time for which application threads were stopped: 0.0091072 seconds, Stopping threads took: 0.0088600 seconds
2017-11-22T09:54:49.844+0800: 91.738: [GC concurrent-mark-end, 0.8292979 secs]
2017-11-22T09:54:49.844+0800: 91.738: [GC remark 2017-11-22T09:54:49.844+0800: 91.738: [Finalize Marking, 0.0008963 secs] 2017-11-22T09:54:49.845+0800: 91.739: [GC ref-proc, 0.0002646 secs] 2017-11-22T09:54:49.845+0800: 91.739: [Unloading, 0.0125137 secs], 0.0196385 secs]
 [Times: user=0.02 sys=0.00, real=0.02 secs]
         vmop                    [threads: total initially_running wait_to_block]    [time: spin block sync cleanup vmop] page_trap_count
91.738: CGC_Operation                    [      29          1              1    ]      [     0     0     0     0    19    ]  1
2017-11-22T09:54:49.864+0800: 91.758: Total time for which application threads were stopped: 0.0198771 seconds, Stopping threads took: 0.0000680 seconds
2017-11-22T09:54:49.872+0800: 91.766: [GC cleanup 435M->431M(1008M), 0.0075958 secs]
 [Times: user=0.01 sys=0.00, real=0.01 secs]
         vmop                    [threads: total initially_running wait_to_block]    [time: spin block sync cleanup vmop] page_trap_count
91.758: CGC_Operation                    [      29          1              0    ]      [     0     0     8     0     7    ]  0
2017-11-22T09:54:49.879+0800: 91.774: Total time for which application threads were stopped: 0.0158120 seconds, Stopping threads took: 0.0080496 seconds
2017-11-22T09:54:49.884+0800: 91.778: [GC concurrent-cleanup-start]
2017-11-22T09:54:49.884+0800: 91.778: [GC concurrent-cleanup-end, 0.0000395 secs]
2017-11-22T09:54:49.945+0800: 91.839: [GC pause (G1 Evacuation Pause) (young) 91.839: [G1Ergonomics (CSet Construction) start choosing CSet, _pending_cards: 7523, predicted base time: 91.30 ms, remaining time: 108.70 ms, target pause time: 200.00 ms]
 91.839: [G1Ergonomics (CSet Construction) add young regions to CSet, eden: 56 regions, survivors: 8 regions, predicted young region time: 98.14 ms]
 91.839: [G1Ergonomics (CSet Construction) finish choosing CSet, eden: 56 regions, survivors: 8 regions, old: 0 regions, predicted pause time: 189.45 ms, target pause time: 200.00 ms]
 91.963: [G1Ergonomics (Heap Sizing) attempt heap expansion, reason: recent GC overhead higher than threshold after GC, recent GC overhead: 32.30 %, threshold: 10.00 %, uncommitted: 5922357248 bytes, calculated expansion amount: 1184471449 bytes (20.00 %)]
 91.963: [G1Ergonomics (Heap Sizing) expand the heap, requested expansion amount: 1056964608 bytes, attempted expansion amount: 1056964608 bytes]
 91.972: [G1Ergonomics (Mixed GCs) do not start mixed GCs, reason: reclaimable percentage not over threshold, candidate old regions: 58 regions, reclaimable: 24444792 bytes (1.16 %), threshold: 5.00 %]
, 0.1327204 secs]
   [Parallel Time: 119.8 ms, GC Workers: 8]
      [GC Worker Start (ms): Min: 91839.7, Avg: 91863.3, Max: 91885.4, Diff: 45.7]
      [Ext Root Scanning (ms): Min: 0.0, Avg: 0.3, Max: 2.0, Diff: 2.0, Sum: 2.1]
      [Update RS (ms): Min: 0.0, Avg: 12.7, Max: 67.3, Diff: 67.3, Sum: 101.7]
         [Processed Buffers: Min: 0, Avg: 4.5, Max: 12, Diff: 12, Sum: 36]
      [Scan RS (ms): Min: 0.2, Avg: 40.4, Max: 62.9, Diff: 62.7, Sum: 323.1]
      [Code Root Scanning (ms): Min: 0.0, Avg: 0.0, Max: 0.0, Diff: 0.0, Sum: 0.0]
      [Object Copy (ms): Min: 15.5, Avg: 26.6, Max: 31.8, Diff: 16.3, Sum: 213.1]
      [Termination (ms): Min: 0.0, Avg: 16.1, Max: 18.4, Diff: 18.4, Sum: 128.5]
         [Termination Attempts: Min: 1, Avg: 1.1, Max: 2, Diff: 1, Sum: 9]
      [GC Worker Other (ms): Min: 0.0, Avg: 0.0, Max: 0.0, Diff: 0.0, Sum: 0.1]
      [GC Worker Total (ms): Min: 74.0, Avg: 96.1, Max: 119.7, Diff: 45.7, Sum: 768.6]
      [GC Worker End (ms): Min: 91959.4, Avg: 91959.4, Max: 91959.4, Diff: 0.0]
   [Code Root Fixup: 0.0 ms]
   [Code Root Purge: 0.0 ms]
   [Clear CT: 0.3 ms]
   [Other: 12.5 ms]
      [Choose CSet: 0.0 ms]
      [Ref Proc: 1.4 ms]
      [Ref Enq: 0.0 ms]
      [Redirty Cards: 0.9 ms]
      [Humongous Register: 0.1 ms]
      [Humongous Reclaim: 0.0 ms]
      [Free CSet: 0.6 ms]
   [Eden: 56.0M(56.0M)->0.0B(99.0M) Survivors: 8192.0K->8192.0K Heap: 437.0M(1008.0M)->405.5M(2016.0M)]
 [Times: user=0.37 sys=0.00, real=0.13 secs]
         vmop                    [threads: total initially_running wait_to_block]    [time: spin block sync cleanup vmop] page_trap_count
91.832: G1IncCollectionPause             [      29          0              0    ]      [     0     0     7     0   132    ]  0
2017-11-22T09:54:50.078+0800: 91.972: Total time for which application threads were stopped: 0.1330449 seconds, Stopping threads took: 0.0000378 seconds
         vmop                    [threads: total initially_running wait_to_block]    [time: spin block sync cleanup vmop] page_trap_count
92.291: RevokeBias                       [      29          0              0    ]      [     0     0     0     0     0    ]  0
2017-11-22T09:54:50.397+0800: 92.291: Total time for which application threads were stopped: 0.0002252 seconds, Stopping threads took: 0.0000318 seconds
         vmop                    [threads: total initially_running wait_to_block]    [time: spin block sync cleanup vmop] page_trap_count
92.326: RevokeBias                       [      29          1              1    ]      [     0     0     0     0     0    ]  1
2017-11-22T09:54:50.432+0800: 92.327: Total time for which application threads were stopped: 0.0002839 seconds, Stopping threads took: 0.0000743 seconds
2017-11-22T09:54:50.507+0800: 92.401: [GC pause (G1 Evacuation Pause) (young) 92.401: [G1Ergonomics (CSet Construction) start choosing CSet, _pending_cards: 10962, predicted base time: 92.66 ms, remaining time: 107.34 ms, target pause time: 200.00 ms]
 92.401: [G1Ergonomics (CSet Construction) add young regions to CSet, eden: 92 regions, survivors: 8 regions, predicted young region time: 112.90 ms]
 92.401: [G1Ergonomics (CSet Construction) finish choosing CSet, eden: 92 regions, survivors: 8 regions, old: 0 regions, predicted pause time: 205.56 ms, target pause time: 200.00 ms]
 92.556: [G1Ergonomics (Heap Sizing) attempt heap expansion, reason: recent GC overhead higher than threshold after GC, recent GC overhead: 31.38 %, threshold: 10.00 %, uncommitted: 4865392640 bytes, calculated expansion amount: 973078528 bytes (20.00 %)]
 92.556: [G1Ergonomics (Heap Sizing) expand the heap, requested expansion amount: 973078528 bytes, attempted expansion amount: 973078528 bytes]
, 0.1638660 secs]
   [Parallel Time: 144.9 ms, GC Workers: 8]
      [GC Worker Start (ms): Min: 92401.3, Avg: 92407.3, Max: 92417.4, Diff: 16.1]
      [Ext Root Scanning (ms): Min: 0.0, Avg: 0.4, Max: 0.9, Diff: 0.9, Sum: 3.3]
      [Update RS (ms): Min: 0.0, Avg: 12.9, Max: 40.1, Diff: 40.1, Sum: 103.1]
         [Processed Buffers: Min: 0, Avg: 5.9, Max: 11, Diff: 11, Sum: 47]
      [Scan RS (ms): Min: 0.2, Avg: 21.6, Max: 33.7, Diff: 33.5, Sum: 172.5]
      [Code Root Scanning (ms): Min: 0.0, Avg: 0.0, Max: 0.0, Diff: 0.0, Sum: 0.0]
      [Object Copy (ms): Min: 52.4, Avg: 58.9, Max: 72.5, Diff: 20.2, Sum: 470.9]
      [Termination (ms): Min: 0.0, Avg: 20.5, Max: 25.7, Diff: 25.7, Sum: 163.8]
         [Termination Attempts: Min: 1, Avg: 34.9, Max: 66, Diff: 65, Sum: 279]
      [GC Worker Other (ms): Min: 0.0, Avg: 0.0, Max: 0.0, Diff: 0.0, Sum: 0.1]
      [GC Worker Total (ms): Min: 103.0, Avg: 114.2, Max: 119.2, Diff: 16.1, Sum: 913.7]
      [GC Worker End (ms): Min: 92520.4, Avg: 92521.6, Max: 92529.4, Diff: 8.9]
   [Code Root Fixup: 0.0 ms]
   [Code Root Purge: 0.0 ms]
   [Clear CT: 0.5 ms]
   [Other: 18.4 ms]
      [Choose CSet: 0.0 ms]
      [Ref Proc: 7.7 ms]
      [Ref Enq: 0.0 ms]
      [Redirty Cards: 1.0 ms]
      [Humongous Register: 0.1 ms]
      [Humongous Reclaim: 0.0 ms]
      [Free CSet: 0.5 ms]
   [Eden: 92.0M(92.0M)->0.0B(134.0M) Survivors: 8192.0K->13.0M Heap: 497.5M(2016.0M)->444.5M(2944.0M)]
 [Times: user=0.52 sys=0.02, real=0.16 secs]
         vmop                    [threads: total initially_running wait_to_block]    [time: spin block sync cleanup vmop] page_trap_count
92.401: G1IncCollectionPause             [      29          0              0    ]      [     0     0     0     0   164    ]  0
2017-11-22T09:54:50.671+0800: 92.565: Total time for which application threads were stopped: 0.1641913 seconds, Stopping threads took: 0.0000350 seconds
         vmop                    [threads: total initially_running wait_to_block]    [time: spin block sync cleanup vmop] page_trap_count
93.053: RevokeBias                       [      29          0              0    ]      [     0     0    19     0     0    ]  0
2017-11-22T09:54:51.179+0800: 93.074: Total time for which application threads were stopped: 0.0002818 seconds, Stopping threads took: 0.0000396 seconds
         vmop                    [threads: total initially_running wait_to_block]    [time: spin block sync cleanup vmop] page_trap_count
93.117: RevokeBias                       [      29          1              2    ]      [    12     0    12     0     0    ]  1
2017-11-22T09:54:51.235+0800: 93.130: Total time for which application threads were stopped: 0.0129928 seconds, Stopping threads took: 0.0126506 seconds
2017-11-22T09:54:51.447+0800: 93.341: [GC pause (G1 Evacuation Pause) (young) 93.341: [G1Ergonomics (CSet Construction) start choosing CSet, _pending_cards: 8728, predicted base time: 82.32 ms, remaining time: 117.68 ms, target pause time: 200.00 ms]
 93.341: [G1Ergonomics (CSet Construction) add young regions to CSet, eden: 134 regions, survivors: 13 regions, predicted young region time: 156.39 ms]
 93.341: [G1Ergonomics (CSet Construction) finish choosing CSet, eden: 134 regions, survivors: 13 regions, old: 0 regions, predicted pause time: 238.71 ms, target pause time: 200.00 ms]
 93.663: [G1Ergonomics (Heap Sizing) attempt heap expansion, reason: recent GC overhead higher than threshold after GC, recent GC overhead: 30.57 %, threshold: 10.00 %, uncommitted: 3892314112 bytes, calculated expansion amount: 778462822 bytes (20.00 %)]
 93.663: [G1Ergonomics (Heap Sizing) expand the heap, requested expansion amount: 778462822 bytes, attempted expansion amount: 779091968 bytes]
, 0.3316620 secs]
   [Parallel Time: 284.2 ms, GC Workers: 8]
      [GC Worker Start (ms): Min: 93348.9, Avg: 93366.2, Max: 93380.5, Diff: 31.6]
      [Ext Root Scanning (ms): Min: 0.0, Avg: 0.3, Max: 2.2, Diff: 2.2, Sum: 2.3]
      [Update RS (ms): Min: 0.0, Avg: 19.9, Max: 40.6, Diff: 40.6, Sum: 159.0]
         [Processed Buffers: Min: 0, Avg: 4.9, Max: 9, Diff: 9, Sum: 39]
      [Scan RS (ms): Min: 94.4, Avg: 107.9, Max: 118.3, Diff: 24.0, Sum: 863.2]
      [Code Root Scanning (ms): Min: 0.0, Avg: 0.0, Max: 0.0, Diff: 0.0, Sum: 0.0]
      [Object Copy (ms): Min: 103.6, Avg: 116.5, Max: 129.3, Diff: 25.6, Sum: 931.9]
      [Termination (ms): Min: 0.0, Avg: 9.2, Max: 17.4, Diff: 17.4, Sum: 73.4]
         [Termination Attempts: Min: 1, Avg: 9.4, Max: 23, Diff: 22, Sum: 75]
      [GC Worker Other (ms): Min: 0.0, Avg: 0.0, Max: 0.0, Diff: 0.0, Sum: 0.1]
      [GC Worker Total (ms): Min: 238.3, Avg: 253.8, Max: 269.9, Diff: 31.6, Sum: 2030.0]
      [GC Worker End (ms): Min: 93618.8, Avg: 93620.0, Max: 93625.4, Diff: 6.6]
   [Code Root Fixup: 0.0 ms]
   [Code Root Purge: 0.0 ms]
   [Clear CT: 23.2 ms]
   [Other: 24.2 ms]
      [Choose CSet: 0.0 ms]
      [Ref Proc: 8.7 ms]
      [Ref Enq: 0.0 ms]
      [Redirty Cards: 4.1 ms]
      [Humongous Register: 0.1 ms]
      [Humongous Reclaim: 0.1 ms]
      [Free CSet: 1.3 ms]
   [Eden: 134.0M(134.0M)->0.0B(165.0M) Survivors: 13.0M->19.0M Heap: 578.5M(2944.0M)->498.5M(3687.0M)]
 [Times: user=0.64 sys=0.02, real=0.33 secs]
         vmop                    [threads: total initially_running wait_to_block]    [time: spin block sync cleanup vmop] page_trap_count
93.341: G1IncCollectionPause             [      29          0              0    ]      [     0     0     0     0   332    ]  0
2017-11-22T09:54:51.779+0800: 93.673: Total time for which application threads were stopped: 0.3323103 seconds, Stopping threads took: 0.0000361 seconds
         vmop                    [threads: total initially_running wait_to_block]    [time: spin block sync cleanup vmop] page_trap_count
93.834: RevokeBias                       [      29          0              0    ]      [     0     0     5     0     0    ]  0
2017-11-22T09:54:51.946+0800: 93.840: Total time for which application threads were stopped: 0.0003035 seconds, Stopping threads took: 0.0000538 seconds
         vmop                    [threads: total initially_running wait_to_block]    [time: spin block sync cleanup vmop] page_trap_count
93.873: RevokeBias                       [      29          1              0    ]      [     9     0    11     0     0    ]  0
2017-11-22T09:54:51.990+0800: 93.885: Total time for which application threads were stopped: 0.0101006 seconds, Stopping threads took: 0.0098573 seconds
         vmop                    [threads: total initially_running wait_to_block]    [time: spin block sync cleanup vmop] page_trap_count
94.541: RevokeBias                       [      29          0              0    ]      [     0     0     0     0     0    ]  0
2017-11-22T09:54:52.647+0800: 94.542: Total time for which application threads were stopped: 0.0002849 seconds, Stopping threads took: 0.0000644 seconds
         vmop                    [threads: total initially_running wait_to_block]    [time: spin block sync cleanup vmop] page_trap_count
94.561: BulkRevokeBias                   [      29          1              1    ]      [    19     0    24     0     0    ]  1
2017-11-22T09:54:52.692+0800: 94.586: Total time for which application threads were stopped: 0.0200502 seconds, Stopping threads took: 0.0195868 seconds
2017-11-22T09:54:52.824+0800: 94.718: [GC pause (G1 Evacuation Pause) (young) 94.718: [G1Ergonomics (CSet Construction) start choosing CSet, _pending_cards: 13104, predicted base time: 109.12 ms, remaining time: 90.88 ms, target pause time: 200.00 ms]
 94.718: [G1Ergonomics (CSet Construction) add young regions to CSet, eden: 165 regions, survivors: 19 regions, predicted young region time: 314.87 ms]
 94.718: [G1Ergonomics (CSet Construction) finish choosing CSet, eden: 165 regions, survivors: 19 regions, old: 0 regions, predicted pause time: 423.98 ms, target pause time: 200.00 ms]
 95.063: [G1Ergonomics (Heap Sizing) attempt heap expansion, reason: recent GC overhead higher than threshold after GC, recent GC overhead: 30.08 %, threshold: 10.00 %, uncommitted: 3113222144 bytes, calculated expansion amount: 622644428 bytes (20.00 %)]
 95.063: [G1Ergonomics (Heap Sizing) expand the heap, requested expansion amount: 622644428 bytes, attempted expansion amount: 622854144 bytes]
, 0.3497942 secs]
   [Parallel Time: 308.3 ms, GC Workers: 8]
      [GC Worker Start (ms): Min: 94719.1, Avg: 94727.9, Max: 94741.4, Diff: 22.3]
      [Ext Root Scanning (ms): Min: 0.0, Avg: 0.3, Max: 1.3, Diff: 1.3, Sum: 2.5]
      [Update RS (ms): Min: 8.2, Avg: 27.9, Max: 53.1, Diff: 44.9, Sum: 222.9]
         [Processed Buffers: Min: 3, Avg: 7.1, Max: 17, Diff: 14, Sum: 57]
      [Scan RS (ms): Min: 81.8, Avg: 105.0, Max: 122.9, Diff: 41.1, Sum: 840.3]
      [Code Root Scanning (ms): Min: 0.0, Avg: 0.0, Max: 0.0, Diff: 0.0, Sum: 0.0]
      [Object Copy (ms): Min: 130.3, Avg: 149.8, Max: 160.4, Diff: 30.1, Sum: 1198.2]
      [Termination (ms): Min: 0.0, Avg: 7.9, Max: 11.6, Diff: 11.6, Sum: 62.8]
         [Termination Attempts: Min: 1, Avg: 2.6, Max: 8, Diff: 7, Sum: 21]
      [GC Worker Other (ms): Min: 0.0, Avg: 0.0, Max: 0.0, Diff: 0.0, Sum: 0.1]
      [GC Worker Total (ms): Min: 277.4, Avg: 290.9, Max: 299.7, Diff: 22.3, Sum: 2326.8]
      [GC Worker End (ms): Min: 95018.8, Avg: 95018.8, Max: 95018.8, Diff: 0.1]
   [Code Root Fixup: 0.0 ms]
   [Code Root Purge: 0.0 ms]
   [Clear CT: 1.6 ms]
   [Other: 39.9 ms]
      [Choose CSet: 0.0 ms]
      [Ref Proc: 28.8 ms]
      [Ref Enq: 0.0 ms]
      [Redirty Cards: 2.6 ms]
      [Humongous Register: 0.3 ms]
      [Humongous Reclaim: 0.1 ms]
      [Free CSet: 1.8 ms]
   [Eden: 165.0M(165.0M)->0.0B(191.0M) Survivors: 19.0M->23.0M Heap: 679.5M(3687.0M)->580.5M(4281.0M)]
 [Times: user=0.71 sys=0.05, real=0.34 secs]
         vmop                    [threads: total initially_running wait_to_block]    [time: spin block sync cleanup vmop] page_trap_count
94.713: G1IncCollectionPause             [      29          0              0    ]      [     0     0     4     0   349    ]  0
2017-11-22T09:54:53.174+0800: 95.068: Total time for which application threads were stopped: 0.3501502 seconds, Stopping threads took: 0.0000437 seconds
         vmop                    [threads: total initially_running wait_to_block]    [time: spin block sync cleanup vmop] page_trap_count
95.854: RevokeBias                       [      29          0              2    ]      [     0     0     0     0     0    ]  0
2017-11-22T09:54:53.960+0800: 95.855: Total time for which application threads were stopped: 0.0003483 seconds, Stopping threads took: 0.0001455 seconds
         vmop                    [threads: total initially_running wait_to_block]    [time: spin block sync cleanup vmop] page_trap_count
95.893: RevokeBias                       [      29          1              2    ]      [     0     0     0     0     0    ]  1
2017-11-22T09:54:53.998+0800: 95.893: Total time for which application threads were stopped: 0.0002715 seconds, Stopping threads took: 0.0000801 seconds
2017-11-22T09:54:54.615+0800: 96.510: [GC pause (G1 Evacuation Pause) (young) 96.510: [G1Ergonomics (CSet Construction) start choosing CSet, _pending_cards: 19087, predicted base time: 118.85 ms, remaining time: 81.15 ms, target pause time: 200.00 ms]
 96.510: [G1Ergonomics (CSet Construction) add young regions to CSet, eden: 191 regions, survivors: 23 regions, predicted young region time: 295.35 ms]
 96.510: [G1Ergonomics (CSet Construction) finish choosing CSet, eden: 191 regions, survivors: 23 regions, old: 0 regions, predicted pause time: 414.20 ms, target pause time: 200.00 ms]
 97.023: [G1Ergonomics (Heap Sizing) attempt heap expansion, reason: recent GC overhead higher than threshold after GC, recent GC overhead: 28.56 %, threshold: 10.00 %, uncommitted: 2490368000 bytes, calculated expansion amount: 498073600 bytes (20.00 %)]
 97.023: [G1Ergonomics (Heap Sizing) expand the heap, requested expansion amount: 498073600 bytes, attempted expansion amount: 498073600 bytes]
, 0.5181632 secs]
   [Parallel Time: 467.1 ms, GC Workers: 8]
      [GC Worker Start (ms): Min: 96510.5, Avg: 96528.8, Max: 96549.6, Diff: 39.1]
      [Ext Root Scanning (ms): Min: 0.0, Avg: 0.3, Max: 1.3, Diff: 1.3, Sum: 2.7]
      [Update RS (ms): Min: 0.0, Avg: 22.5, Max: 46.2, Diff: 46.2, Sum: 180.3]
         [Processed Buffers: Min: 0, Avg: 9.9, Max: 31, Diff: 31, Sum: 79]
      [Scan RS (ms): Min: 184.2, Avg: 209.9, Max: 236.8, Diff: 52.6, Sum: 1679.5]
      [Code Root Scanning (ms): Min: 0.0, Avg: 0.0, Max: 0.0, Diff: 0.0, Sum: 0.1]
      [Object Copy (ms): Min: 173.7, Avg: 185.5, Max: 190.2, Diff: 16.5, Sum: 1484.0]
      [Termination (ms): Min: 0.0, Avg: 24.3, Max: 30.5, Diff: 30.5, Sum: 194.7]
         [Termination Attempts: Min: 1, Avg: 1.2, Max: 2, Diff: 1, Sum: 10]
      [GC Worker Other (ms): Min: 0.0, Avg: 0.0, Max: 0.0, Diff: 0.0, Sum: 0.2]
      [GC Worker Total (ms): Min: 421.6, Avg: 442.7, Max: 460.7, Diff: 39.1, Sum: 3541.5]
      [GC Worker End (ms): Min: 96971.1, Avg: 96971.5, Max: 96973.4, Diff: 2.2]
   [Code Root Fixup: 0.0 ms]
   [Code Root Purge: 0.0 ms]
   [Clear CT: 9.9 ms]
   [Other: 41.1 ms]
      [Choose CSet: 0.0 ms]
      [Ref Proc: 28.0 ms]
      [Ref Enq: 0.0 ms]
      [Redirty Cards: 5.0 ms]
      [Humongous Register: 0.3 ms]
      [Humongous Reclaim: 0.1 ms]
      [Free CSet: 2.3 ms]
   [Eden: 191.0M(191.0M)->0.0B(210.0M) Survivors: 23.0M->27.0M Heap: 771.5M(4281.0M)->656.5M(4756.0M)]
 [Times: user=0.99 sys=0.04, real=0.51 secs]
         vmop                    [threads: total initially_running wait_to_block]    [time: spin block sync cleanup vmop] page_trap_count
96.494: G1IncCollectionPause             [      29          0              0    ]      [     0     0    15     0   518    ]  0
2017-11-22T09:54:55.134+0800: 97.028: Total time for which application threads were stopped: 0.5185634 seconds, Stopping threads took: 0.0000407 seconds
         vmop                    [threads: total initially_running wait_to_block]    [time: spin block sync cleanup vmop] page_trap_count
97.120: RevokeBias                       [      29          0              0    ]      [     0     0     3     0     0    ]  0
2017-11-22T09:54:55.229+0800: 97.124: Total time for which application threads were stopped: 0.0001991 seconds, Stopping threads took: 0.0000548 seconds
         vmop                    [threads: total initially_running wait_to_block]    [time: spin block sync cleanup vmop] page_trap_count
97.413: RevokeBias                       [      29          1              1    ]      [     0     0     0     0     0    ]  1
2017-11-22T09:54:55.519+0800: 97.413: Total time for which application threads were stopped: 0.0002562 seconds, Stopping threads took: 0.0000823 seconds
         vmop                    [threads: total initially_running wait_to_block]    [time: spin block sync cleanup vmop] page_trap_count
98.051: RevokeBias                       [      29          1              2    ]      [     7     0     8     0     0    ]  1
2017-11-22T09:54:56.165+0800: 98.059: Total time for which application threads were stopped: 0.0083701 seconds, Stopping threads took: 0.0080531 seconds
         vmop                    [threads: total initially_running wait_to_block]    [time: spin block sync cleanup vmop] page_trap_count
98.308: BulkRevokeBias                   [      29          0              0    ]      [     0     0     0     0     0    ]  0
2017-11-22T09:54:56.415+0800: 98.309: Total time for which application threads were stopped: 0.0005130 seconds, Stopping threads took: 0.0000529 seconds
2017-11-22T09:54:56.452+0800: 98.346: [GC pause (G1 Evacuation Pause) (young) 98.346: [G1Ergonomics (CSet Construction) start choosing CSet, _pending_cards: 10843, predicted base time: 106.46 ms, remaining time: 93.54 ms, target pause time: 200.00 ms]
 98.346: [G1Ergonomics (CSet Construction) add young regions to CSet, eden: 210 regions, survivors: 27 regions, predicted young region time: 377.09 ms]
 98.346: [G1Ergonomics (CSet Construction) finish choosing CSet, eden: 210 regions, survivors: 27 regions, old: 0 regions, predicted pause time: 483.54 ms, target pause time: 200.00 ms]
 98.919: [G1Ergonomics (Heap Sizing) attempt heap expansion, reason: recent GC overhead higher than threshold after GC, recent GC overhead: 28.02 %, threshold: 10.00 %, uncommitted: 1992294400 bytes, calculated expansion amount: 398458880 bytes (20.00 %)]
 98.919: [G1Ergonomics (Heap Sizing) expand the heap, requested expansion amount: 398458880 bytes, attempted expansion amount: 398458880 bytes]
, 0.5782208 secs]
   [Parallel Time: 498.7 ms, GC Workers: 8]
      [GC Worker Start (ms): Min: 98346.7, Avg: 98368.6, Max: 98393.4, Diff: 46.7]
      [Ext Root Scanning (ms): Min: 0.0, Avg: 0.3, Max: 2.1, Diff: 2.1, Sum: 2.2]
      [Update RS (ms): Min: 0.0, Avg: 7.4, Max: 26.1, Diff: 26.1, Sum: 58.9]
         [Processed Buffers: Min: 0, Avg: 6.2, Max: 23, Diff: 23, Sum: 50]
      [Scan RS (ms): Min: 143.9, Avg: 178.8, Max: 205.7, Diff: 61.8, Sum: 1430.2]
      [Code Root Scanning (ms): Min: 0.0, Avg: 0.0, Max: 0.0, Diff: 0.0, Sum: 0.1]
      [Object Copy (ms): Min: 234.8, Avg: 250.4, Max: 265.2, Diff: 30.3, Sum: 2003.3]
      [Termination (ms): Min: 0.0, Avg: 12.0, Max: 15.1, Diff: 15.1, Sum: 95.7]
         [Termination Attempts: Min: 1, Avg: 58.4, Max: 176, Diff: 175, Sum: 467]
      [GC Worker Other (ms): Min: 0.0, Avg: 0.0, Max: 0.0, Diff: 0.0, Sum: 0.2]
      [GC Worker Total (ms): Min: 424.0, Avg: 448.8, Max: 470.7, Diff: 46.6, Sum: 3590.4]
      [GC Worker End (ms): Min: 98817.4, Avg: 98817.4, Max: 98817.5, Diff: 0.1]
   [Code Root Fixup: 0.0 ms]
   [Code Root Purge: 0.0 ms]
   [Clear CT: 0.5 ms]
   [Other: 79.0 ms]
      [Choose CSet: 0.0 ms]
      [Ref Proc: 64.0 ms]
      [Ref Enq: 0.0 ms]
      [Redirty Cards: 5.2 ms]
      [Humongous Register: 0.2 ms]
      [Humongous Reclaim: 0.2 ms]
      [Free CSet: 2.6 ms]
   [Eden: 210.0M(210.0M)->0.0B(226.0M) Survivors: 27.0M->30.0M Heap: 866.5M(4756.0M)->740.0M(5136.0M)]
 [Times: user=1.04 sys=0.05, real=0.58 secs]
         vmop                    [threads: total initially_running wait_to_block]    [time: spin block sync cleanup vmop] page_trap_count
98.346: G1IncCollectionPause             [      29          0              0    ]      [     0     0     0     0   578    ]  0
2017-11-22T09:54:57.031+0800: 98.925: Total time for which application threads were stopped: 0.5791927 seconds, Stopping threads took: 0.0000559 seconds
         vmop                    [threads: total initially_running wait_to_block]    [time: spin block sync cleanup vmop] page_trap_count
98.961: RevokeBias                       [      29          1              1    ]      [    15     0    16     0     0    ]  1
2017-11-22T09:54:57.083+0800: 98.978: Total time for which application threads were stopped: 0.0155523 seconds, Stopping threads took: 0.0153389 seconds
         vmop                    [threads: total initially_running wait_to_block]    [time: spin block sync cleanup vmop] page_trap_count
98.989: RevokeBias                       [      29          1              1    ]      [     0     0     0     0     0    ]  1
2017-11-22T09:54:57.095+0800: 98.990: Total time for which application threads were stopped: 0.0002363 seconds, Stopping threads took: 0.0000642 seconds
         vmop                    [threads: total initially_running wait_to_block]    [time: spin block sync cleanup vmop] page_trap_count
99.990: no vm operation                  [      29          1              1    ]      [     0     0     0     0     0    ]  1
2017-11-22T09:54:58.096+0800: 99.990: Total time for which application threads were stopped: 0.0002045 seconds, Stopping threads took: 0.0000644 seconds
         vmop                    [threads: total initially_running wait_to_block]    [time: spin block sync cleanup vmop] page_trap_count
100.164: RevokeBias                       [      29          1              1    ]      [     0     0     0     0     0    ]  0
2017-11-22T09:54:58.270+0800: 100.164: Total time for which application threads were stopped: 0.0003884 seconds, Stopping threads took: 0.0001747 seconds
         vmop                    [threads: total initially_running wait_to_block]    [time: spin block sync cleanup vmop] page_trap_count
100.198: RevokeBias                       [      29          1              1    ]      [     0     0     0     0     0    ]  1
2017-11-22T09:54:58.304+0800: 100.199: Total time for which application threads were stopped: 0.0003328 seconds, Stopping threads took: 0.0000779 seconds
2017-11-22T09:54:58.654+0800: 100.549: [GC pause (G1 Evacuation Pause) (young) 100.549: [G1Ergonomics (CSet Construction) start choosing CSet, _pending_cards: 9251, predicted base time: 129.17 ms, remaining time: 70.83 ms, target pause time: 200.00 ms]
 100.549: [G1Ergonomics (CSet Construction) add young regions to CSet, eden: 226 regions, survivors: 30 regions, predicted young region time: 430.30 ms]
 100.549: [G1Ergonomics (CSet Construction) finish choosing CSet, eden: 226 regions, survivors: 30 regions, old: 0 regions, predicted pause time: 559.47 ms, target pause time: 200.00 ms]
 100.946: [G1Ergonomics (Heap Sizing) attempt heap expansion, reason: recent GC overhead higher than threshold after GC, recent GC overhead: 28.33 %, threshold: 10.00 %, uncommitted: 1593835520 bytes, calculated expansion amount: 318767104 bytes (20.00 %)]
 100.946: [G1Ergonomics (Heap Sizing) expand the heap, requested expansion amount: 318767104 bytes, attempted expansion amount: 318767104 bytes]
, 0.4006016 secs]
   [Parallel Time: 380.3 ms, GC Workers: 8]
      [GC Worker Start (ms): Min: 100549.3, Avg: 100562.2, Max: 100569.5, Diff: 20.2]
      [Ext Root Scanning (ms): Min: 0.0, Avg: 0.3, Max: 2.0, Diff: 2.0, Sum: 2.2]
      [Update RS (ms): Min: 5.7, Avg: 19.8, Max: 40.0, Diff: 34.3, Sum: 158.1]
         [Processed Buffers: Min: 0, Avg: 5.2, Max: 13, Diff: 13, Sum: 42]
      [Scan RS (ms): Min: 148.5, Avg: 164.4, Max: 182.3, Diff: 33.9, Sum: 1315.4]
      [Code Root Scanning (ms): Min: 0.0, Avg: 0.0, Max: 0.0, Diff: 0.0, Sum: 0.1]
      [Object Copy (ms): Min: 126.4, Avg: 142.0, Max: 148.7, Diff: 22.3, Sum: 1136.0]
      [Termination (ms): Min: 0.0, Avg: 13.9, Max: 45.5, Diff: 45.5, Sum: 111.1]
         [Termination Attempts: Min: 1, Avg: 1.1, Max: 2, Diff: 1, Sum: 9]
      [GC Worker Other (ms): Min: 0.0, Avg: 0.0, Max: 0.1, Diff: 0.1, Sum: 0.3]
      [GC Worker Total (ms): Min: 329.1, Avg: 340.4, Max: 380.2, Diff: 51.1, Sum: 2723.2]
      [GC Worker End (ms): Min: 100898.5, Avg: 100902.6, Max: 100929.4, Diff: 30.9]
   [Code Root Fixup: 0.0 ms]
   [Code Root Purge: 0.0 ms]
   [Clear CT: 6.9 ms]
   [Other: 13.3 ms]
      [Choose CSet: 0.0 ms]
      [Ref Proc: 0.7 ms]
      [Ref Enq: 0.0 ms]
      [Redirty Cards: 5.4 ms]
      [Humongous Register: 0.3 ms]
      [Humongous Reclaim: 0.1 ms]
      [Free CSet: 2.7 ms]
   [Eden: 226.0M(226.0M)->0.0B(240.0M) Survivors: 30.0M->32.0M Heap: 966.0M(5136.0M)->830.0M(5440.0M)]
 [Times: user=0.95 sys=0.05, real=0.40 secs]
         vmop                    [threads: total initially_running wait_to_block]    [time: spin block sync cleanup vmop] page_trap_count
100.539: G1IncCollectionPause             [      29          0              0    ]      [     0     0     7     2   400    ]  0
2017-11-22T09:54:59.055+0800: 100.949: Total time for which application threads were stopped: 0.4035637 seconds, Stopping threads took: 0.0000319 seconds
         vmop                    [threads: total initially_running wait_to_block]    [time: spin block sync cleanup vmop] page_trap_count
101.519: RevokeBias                       [      29          0              0    ]      [     0     0     2     0     0    ]  0
2017-11-22T09:54:59.627+0800: 101.521: Total time for which application threads were stopped: 0.0002193 seconds, Stopping threads took: 0.0000311 seconds
         vmop                    [threads: total initially_running wait_to_block]    [time: spin block sync cleanup vmop] page_trap_count
101.548: RevokeBias                       [      29          0              0    ]      [     0     0     4     0     0    ]  0
2017-11-22T09:54:59.659+0800: 101.553: Total time for which application threads were stopped: 0.0002265 seconds, Stopping threads took: 0.0000425 seconds
         vmop                    [threads: total initially_running wait_to_block]    [time: spin block sync cleanup vmop] page_trap_count
102.544: RevokeBias                       [      29          0              1    ]      [     0     0     0     0     0    ]  0
2017-11-22T09:55:00.650+0800: 102.545: Total time for which application threads were stopped: 0.0003106 seconds, Stopping threads took: 0.0000951 seconds
         vmop                    [threads: total initially_running wait_to_block]    [time: spin block sync cleanup vmop] page_trap_count
102.583: RevokeBias                       [      29          1              1    ]      [     7     0     8     0     0    ]  1
2017-11-22T09:55:00.697+0800: 102.592: Total time for which application threads were stopped: 0.0083304 seconds, Stopping threads took: 0.0080137 seconds
2017-11-22T09:55:01.298+0800: 103.192: [GC pause (G1 Evacuation Pause) (young) 103.192: [G1Ergonomics (CSet Construction) start choosing CSet, _pending_cards: 16295, predicted base time: 133.54 ms, remaining time: 66.46 ms, target pause time: 200.00 ms]
 103.192: [G1Ergonomics (CSet Construction) add young regions to CSet, eden: 240 regions, survivors: 32 regions, predicted young region time: 450.56 ms]
 103.192: [G1Ergonomics (CSet Construction) finish choosing CSet, eden: 240 regions, survivors: 32 regions, old: 0 regions, predicted pause time: 584.09 ms, target pause time: 200.00 ms]
 103.695: [G1Ergonomics (Heap Sizing) attempt heap expansion, reason: recent GC overhead higher than threshold after GC, recent GC overhead: 26.16 %, threshold: 10.00 %, uncommitted: 1275068416 bytes, calculated expansion amount: 255013683 bytes (20.00 %)]
 103.695: [G1Ergonomics (Heap Sizing) expand the heap, requested expansion amount: 255013683 bytes, attempted expansion amount: 255852544 bytes]
, 0.5059224 secs]
   [Parallel Time: 478.5 ms, GC Workers: 8]
      [GC Worker Start (ms): Min: 103193.0, Avg: 103213.9, Max: 103233.1, Diff: 40.1]
      [Ext Root Scanning (ms): Min: 0.0, Avg: 0.3, Max: 2.5, Diff: 2.5, Sum: 2.6]
      [Update RS (ms): Min: 7.5, Avg: 33.4, Max: 60.2, Diff: 52.7, Sum: 267.3]
         [Processed Buffers: Min: 3, Avg: 8.6, Max: 17, Diff: 14, Sum: 69]
      [Scan RS (ms): Min: 171.4, Avg: 190.4, Max: 209.1, Diff: 37.6, Sum: 1523.0]
      [Code Root Scanning (ms): Min: 0.0, Avg: 0.0, Max: 0.0, Diff: 0.0, Sum: 0.1]
      [Object Copy (ms): Min: 205.8, Avg: 221.2, Max: 232.0, Diff: 26.2, Sum: 1769.9]
      [Termination (ms): Min: 0.0, Avg: 10.5, Max: 14.6, Diff: 14.6, Sum: 84.4]
         [Termination Attempts: Min: 1, Avg: 3.5, Max: 12, Diff: 11, Sum: 28]
      [GC Worker Other (ms): Min: 0.0, Avg: 0.0, Max: 0.0, Diff: 0.0, Sum: 0.2]
      [GC Worker Total (ms): Min: 436.7, Avg: 455.9, Max: 476.8, Diff: 40.1, Sum: 3647.5]
      [GC Worker End (ms): Min: 103669.8, Avg: 103669.9, Max: 103669.9, Diff: 0.1]
   [Code Root Fixup: 0.0 ms]
   [Code Root Purge: 0.0 ms]
   [Clear CT: 4.7 ms]
   [Other: 22.7 ms]
      [Choose CSet: 0.0 ms]
      [Ref Proc: 7.8 ms]
      [Ref Enq: 0.0 ms]
      [Redirty Cards: 6.5 ms]
      [Humongous Register: 0.3 ms]
      [Humongous Reclaim: 0.2 ms]
      [Free CSet: 3.5 ms]
   [Eden: 240.0M(240.0M)->0.0B(250.0M) Survivors: 32.0M->34.0M Heap: 1070.0M(5440.0M)->925.5M(5684.0M)]
 [Times: user=1.16 sys=0.05, real=0.51 secs]
         vmop                    [threads: total initially_running wait_to_block]    [time: spin block sync cleanup vmop] page_trap_count
103.187: G1IncCollectionPause             [      29          0              0    ]      [     0     0     5     0   506    ]  0
2017-11-22T09:55:01.804+0800: 103.699: Total time for which application threads were stopped: 0.5063861 seconds, Stopping threads took: 0.0000351 seconds
         vmop                    [threads: total initially_running wait_to_block]    [time: spin block sync cleanup vmop] page_trap_count
104.553: RevokeBias                       [      29          0              0    ]      [     0     0     4     0     0    ]  0
2017-11-22T09:55:02.663+0800: 104.558: Total time for which application threads were stopped: 0.0001924 seconds, Stopping threads took: 0.0000313 seconds
         vmop                    [threads: total initially_running wait_to_block]    [time: spin block sync cleanup vmop] page_trap_count
104.609: RevokeBias                       [      29          1              1    ]      [     0     0     0     0     0    ]  1
2017-11-22T09:55:02.715+0800: 104.609: Total time for which application threads were stopped: 0.0002870 seconds, Stopping threads took: 0.0001088 seconds
         vmop                    [threads: total initially_running wait_to_block]    [time: spin block sync cleanup vmop] page_trap_count
105.512: RevokeBias                       [      29          1              1    ]      [     8     0     8     0     0    ]  1
2017-11-22T09:55:03.627+0800: 105.521: Total time for which application threads were stopped: 0.0085080 seconds, Stopping threads took: 0.0080741 seconds
2017-11-22T09:55:04.045+0800: 105.939: [GC pause (G1 Evacuation Pause) (young) 105.939: [G1Ergonomics (CSet Construction) start choosing CSet, _pending_cards: 9306, predicted base time: 110.47 ms, remaining time: 89.53 ms, target pause time: 200.00 ms]
 105.940: [G1Ergonomics (CSet Construction) add young regions to CSet, eden: 250 regions, survivors: 34 regions, predicted young region time: 484.47 ms]
 105.940: [G1Ergonomics (CSet Construction) finish choosing CSet, eden: 250 regions, survivors: 34 regions, old: 0 regions, predicted pause time: 594.93 ms, target pause time: 200.00 ms]
 106.445: [G1Ergonomics (Heap Sizing) attempt heap expansion, reason: recent GC overhead higher than threshold after GC, recent GC overhead: 24.59 %, threshold: 10.00 %, uncommitted: 1019215872 bytes, calculated expansion amount: 203843174 bytes (20.00 %)]
 106.445: [G1Ergonomics (Heap Sizing) expand the heap, requested expansion amount: 203843174 bytes, attempted expansion amount: 204472320 bytes]
, 0.5079161 secs]
   [Parallel Time: 471.7 ms, GC Workers: 8]
      [GC Worker Start (ms): Min: 105940.2, Avg: 105952.6, Max: 105965.4, Diff: 25.2]
      [Ext Root Scanning (ms): Min: 0.0, Avg: 0.3, Max: 2.1, Diff: 2.1, Sum: 2.2]
      [Update RS (ms): Min: 0.0, Avg: 11.6, Max: 32.7, Diff: 32.7, Sum: 92.7]
         [Processed Buffers: Min: 0, Avg: 5.2, Max: 9, Diff: 9, Sum: 42]
      [Scan RS (ms): Min: 176.1, Avg: 190.6, Max: 223.1, Diff: 47.1, Sum: 1524.5]
      [Code Root Scanning (ms): Min: 0.0, Avg: 0.0, Max: 0.0, Diff: 0.0, Sum: 0.1]
      [Object Copy (ms): Min: 195.4, Avg: 229.1, Max: 248.8, Diff: 53.3, Sum: 1832.7]
      [Termination (ms): Min: 0.0, Avg: 17.9, Max: 29.8, Diff: 29.8, Sum: 143.2]
         [Termination Attempts: Min: 1, Avg: 11.6, Max: 36, Diff: 35, Sum: 93]
      [GC Worker Other (ms): Min: 0.0, Avg: 0.0, Max: 0.0, Diff: 0.0, Sum: 0.2]
      [GC Worker Total (ms): Min: 435.5, Avg: 449.5, Max: 460.1, Diff: 24.6, Sum: 3595.7]
      [GC Worker End (ms): Min: 106400.3, Avg: 106402.1, Max: 106411.7, Diff: 11.4]
   [Code Root Fixup: 0.0 ms]
   [Code Root Purge: 0.0 ms]
   [Clear CT: 0.7 ms]
   [Other: 35.5 ms]
      [Choose CSet: 0.0 ms]
      [Ref Proc: 22.1 ms]
      [Ref Enq: 0.0 ms]
      [Redirty Cards: 6.3 ms]
      [Humongous Register: 0.3 ms]
      [Humongous Reclaim: 0.1 ms]
      [Free CSet: 3.2 ms]
   [Eden: 250.0M(250.0M)->0.0B(257.0M) Survivors: 34.0M->36.0M Heap: 1175.5M(5684.0M)->1023.5M(5879.0M)]
 [Times: user=1.18 sys=0.03, real=0.50 secs]
         vmop                    [threads: total initially_running wait_to_block]    [time: spin block sync cleanup vmop] page_trap_count
105.929: G1IncCollectionPause             [      29          0              0    ]      [     0     0    10     0   508    ]  0
2017-11-22T09:55:04.554+0800: 106.448: Total time for which application threads were stopped: 0.5086272 seconds, Stopping threads took: 0.0000305 seconds
         vmop                    [threads: total initially_running wait_to_block]    [time: spin block sync cleanup vmop] page_trap_count
106.461: RevokeBias                       [      29          0              0    ]      [     0     0     0     0     0    ]  0
2017-11-22T09:55:04.567+0800: 106.462: Total time for which application threads were stopped: 0.0003237 seconds, Stopping threads took: 0.0000999 seconds
         vmop                    [threads: total initially_running wait_to_block]    [time: spin block sync cleanup vmop] page_trap_count
107.452: RevokeBias                       [      29          1              1    ]      [     0     0     0     0     0    ]  1
2017-11-22T09:55:05.559+0800: 107.453: Total time for which application threads were stopped: 0.0003081 seconds, Stopping threads took: 0.0000867 seconds
         vmop                    [threads: total initially_running wait_to_block]    [time: spin block sync cleanup vmop] page_trap_count
107.986: RevokeBias                       [      29          0              0    ]      [     0     0     8     0     0    ]  0
2017-11-22T09:55:06.100+0800: 107.995: Total time for which application threads were stopped: 0.0002774 seconds, Stopping threads took: 0.0000390 seconds
         vmop                    [threads: total initially_running wait_to_block]    [time: spin block sync cleanup vmop] page_trap_count
108.047: RevokeBias                       [      29          0              1    ]      [     0     0     0     0     0    ]  0
2017-11-22T09:55:06.153+0800: 108.047: Total time for which application threads were stopped: 0.0002602 seconds, Stopping threads took: 0.0000740 seconds
         vmop                    [threads: total initially_running wait_to_block]    [time: spin block sync cleanup vmop] page_trap_count
108.585: RevokeBias                       [      29          1              1    ]      [     0     0     1     0     0    ]  1
2017-11-22T09:55:06.693+0800: 108.587: Total time for which application threads were stopped: 0.0002584 seconds, Stopping threads took: 0.0000579 seconds
2017-11-22T09:55:06.771+0800: 108.665: [GC pause (G1 Evacuation Pause) (young) 108.665: [G1Ergonomics (CSet Construction) start choosing CSet, _pending_cards: 11539, predicted base time: 107.77 ms, remaining time: 92.23 ms, target pause time: 200.00 ms]
 108.665: [G1Ergonomics (CSet Construction) add young regions to CSet, eden: 257 regions, survivors: 36 regions, predicted young region time: 484.23 ms]
 108.665: [G1Ergonomics (CSet Construction) finish choosing CSet, eden: 257 regions, survivors: 36 regions, old: 0 regions, predicted pause time: 592.00 ms, target pause time: 200.00 ms]
 109.213: [G1Ergonomics (Heap Sizing) attempt heap expansion, reason: recent GC overhead higher than threshold after GC, recent GC overhead: 23.16 %, threshold: 10.00 %, uncommitted: 814743552 bytes, calculated expansion amount: 162948710 bytes (20.00 %)]
 109.213: [G1Ergonomics (Heap Sizing) expand the heap, requested expansion amount: 162948710 bytes, attempted expansion amount: 163577856 bytes]
, 0.5504139 secs]
   [Parallel Time: 472.2 ms, GC Workers: 8]
      [GC Worker Start (ms): Min: 108665.9, Avg: 108688.7, Max: 108700.3, Diff: 34.5]
      [Ext Root Scanning (ms): Min: 0.0, Avg: 0.3, Max: 2.1, Diff: 2.1, Sum: 2.2]
      [Update RS (ms): Min: 12.6, Avg: 29.0, Max: 62.2, Diff: 49.6, Sum: 232.2]
         [Processed Buffers: Min: 2, Avg: 6.6, Max: 14, Diff: 12, Sum: 53]
      [Scan RS (ms): Min: 171.2, Avg: 183.7, Max: 204.7, Diff: 33.5, Sum: 1469.8]
      [Code Root Scanning (ms): Min: 0.0, Avg: 0.0, Max: 0.0, Diff: 0.0, Sum: 0.1]
      [Object Copy (ms): Min: 211.2, Avg: 226.4, Max: 231.2, Diff: 20.0, Sum: 1811.4]
      [Termination (ms): Min: 0.0, Avg: 4.9, Max: 11.7, Diff: 11.7, Sum: 39.0]
         [Termination Attempts: Min: 1, Avg: 4.8, Max: 12, Diff: 11, Sum: 38]
      [GC Worker Other (ms): Min: 0.0, Avg: 0.1, Max: 0.8, Diff: 0.8, Sum: 0.9]
      [GC Worker Total (ms): Min: 431.9, Avg: 444.5, Max: 466.4, Diff: 34.4, Sum: 3555.6]
      [GC Worker End (ms): Min: 109132.2, Avg: 109133.1, Max: 109137.9, Diff: 5.7]
   [Code Root Fixup: 0.0 ms]
   [Code Root Purge: 0.0 ms]
   [Clear CT: 0.6 ms]
   [Other: 77.7 ms]
      [Choose CSet: 0.0 ms]
      [Ref Proc: 64.1 ms]
      [Ref Enq: 0.0 ms]
      [Redirty Cards: 5.8 ms]
      [Humongous Register: 0.3 ms]
      [Humongous Reclaim: 0.2 ms]
      [Free CSet: 3.3 ms]
   [Eden: 257.0M(257.0M)->0.0B(264.0M) Survivors: 36.0M->37.0M Heap: 1280.5M(5879.0M)->1123.5M(6035.0M)]
 [Times: user=1.15 sys=0.06, real=0.55 secs]
         vmop                    [threads: total initially_running wait_to_block]    [time: spin block sync cleanup vmop] page_trap_count
108.665: G1IncCollectionPause             [      29          0              0    ]      [     0     0     0     0   551    ]  0
2017-11-22T09:55:07.322+0800: 109.216: Total time for which application threads were stopped: 0.5513199 seconds, Stopping threads took: 0.0000303 seconds
         vmop                    [threads: total initially_running wait_to_block]    [time: spin block sync cleanup vmop] page_trap_count
109.916: RevokeBias                       [      29          0              1    ]      [     0     0     0     0     0    ]  0
2017-11-22T09:55:08.022+0800: 109.916: Total time for which application threads were stopped: 0.0002885 seconds, Stopping threads took: 0.0000813 seconds
         vmop                    [threads: total initially_running wait_to_block]    [time: spin block sync cleanup vmop] page_trap_count
110.054: RevokeBias                       [      29          1              1    ]      [     0     0     7     0     0    ]  1
2017-11-22T09:55:08.167+0800: 110.062: Total time for which application threads were stopped: 0.0002744 seconds, Stopping threads took: 0.0000737 seconds
         vmop                    [threads: total initially_running wait_to_block]    [time: spin block sync cleanup vmop] page_trap_count
110.870: RevokeBias                       [      29          0              0    ]      [     0     0     0     0     0    ]  0
2017-11-22T09:55:08.976+0800: 110.870: Total time for which application threads were stopped: 0.0001688 seconds, Stopping threads took: 0.0000263 seconds
         vmop                    [threads: total initially_running wait_to_block]    [time: spin block sync cleanup vmop] page_trap_count
110.884: RevokeBias                       [      29          1              1    ]      [     0     0     3     0     0    ]  1
2017-11-22T09:55:08.993+0800: 110.888: Total time for which application threads were stopped: 0.0003143 seconds, Stopping threads took: 0.0000742 seconds
2017-11-22T09:55:09.547+0800: 111.442: [GC pause (G1 Evacuation Pause) (young) 111.442: [G1Ergonomics (CSet Construction) start choosing CSet, _pending_cards: 8496, predicted base time: 116.61 ms, remaining time: 83.39 ms, target pause time: 200.00 ms]
 111.442: [G1Ergonomics (CSet Construction) add young regions to CSet, eden: 264 regions, survivors: 37 regions, predicted young region time: 492.45 ms]
 111.442: [G1Ergonomics (CSet Construction) finish choosing CSet, eden: 264 regions, survivors: 37 regions, old: 0 regions, predicted pause time: 609.06 ms, target pause time: 200.00 ms]
 112.092: [G1Ergonomics (Heap Sizing) attempt heap expansion, reason: recent GC overhead higher than threshold after GC, recent GC overhead: 22.57 %, threshold: 10.00 %, uncommitted: 651165696 bytes, calculated expansion amount: 130233139 bytes (20.00 %)]
 112.092: [G1Ergonomics (Heap Sizing) expand the heap, requested expansion amount: 130233139 bytes, attempted expansion amount: 131072000 bytes]
, 0.6521889 secs]
   [Parallel Time: 608.8 ms, GC Workers: 8]
      [GC Worker Start (ms): Min: 111442.7, Avg: 111453.2, Max: 111465.4, Diff: 22.7]
      [Ext Root Scanning (ms): Min: 0.0, Avg: 0.3, Max: 1.2, Diff: 1.2, Sum: 2.4]
      [Update RS (ms): Min: 2.3, Avg: 24.1, Max: 62.3, Diff: 59.9, Sum: 192.5]
         [Processed Buffers: Min: 1, Avg: 4.9, Max: 10, Diff: 9, Sum: 39]
      [Scan RS (ms): Min: 275.7, Avg: 287.3, Max: 303.0, Diff: 27.3, Sum: 2298.0]
      [Code Root Scanning (ms): Min: 0.0, Avg: 0.0, Max: 0.0, Diff: 0.0, Sum: 0.1]
      [Object Copy (ms): Min: 211.5, Avg: 250.0, Max: 272.0, Diff: 60.5, Sum: 1999.6]
      [Termination (ms): Min: 0.0, Avg: 29.9, Max: 37.9, Diff: 37.9, Sum: 239.0]
         [Termination Attempts: Min: 1, Avg: 4.4, Max: 16, Diff: 15, Sum: 35]
      [GC Worker Other (ms): Min: 0.0, Avg: 0.1, Max: 0.6, Diff: 0.6, Sum: 0.7]
      [GC Worker Total (ms): Min: 577.9, Avg: 591.5, Max: 601.6, Diff: 23.7, Sum: 4732.3]
      [GC Worker End (ms): Min: 112043.3, Avg: 112044.8, Max: 112051.3, Diff: 8.1]
   [Code Root Fixup: 0.0 ms]
   [Code Root Purge: 0.0 ms]
   [Clear CT: 1.0 ms]
   [Other: 42.3 ms]
      [Choose CSet: 0.0 ms]
      [Ref Proc: 30.3 ms]
      [Ref Enq: 0.0 ms]
      [Redirty Cards: 5.4 ms]
      [Humongous Register: 0.5 ms]
      [Humongous Reclaim: 0.1 ms]
      [Free CSet: 3.2 ms]
   [Eden: 264.0M(264.0M)->0.0B(270.0M) Survivors: 37.0M->38.0M Heap: 1387.5M(6035.0M)->1226.0M(6160.0M)]
 [Times: user=1.41 sys=0.08, real=0.65 secs]
         vmop                    [threads: total initially_running wait_to_block]    [time: spin block sync cleanup vmop] page_trap_count
111.441: G1IncCollectionPause             [      29          0              1    ]      [     0     0     0     0   652    ]  0
2017-11-22T09:55:10.200+0800: 112.094: Total time for which application threads were stopped: 0.6525879 seconds, Stopping threads took: 0.0000576 seconds
         vmop                    [threads: total initially_running wait_to_block]    [time: spin block sync cleanup vmop] page_trap_count
112.831: RevokeBias                       [      29          0              0    ]      [     0     0     1     0     0    ]  0
2017-11-22T09:55:10.939+0800: 112.833: Total time for which application threads were stopped: 0.0002149 seconds, Stopping threads took: 0.0000354 seconds
         vmop                    [threads: total initially_running wait_to_block]    [time: spin block sync cleanup vmop] page_trap_count
112.872: RevokeBias                       [      29          0              0    ]      [     0     0     5     0     0    ]  0
2017-11-22T09:55:10.983+0800: 112.878: Total time for which application threads were stopped: 0.0003103 seconds, Stopping threads took: 0.0000613 seconds
         vmop                    [threads: total initially_running wait_to_block]    [time: spin block sync cleanup vmop] page_trap_count
113.967: RevokeBias                       [      29          0              1    ]      [     0     0     0     0     0    ]  0
2017-11-22T09:55:12.073+0800: 113.967: Total time for which application threads were stopped: 0.0002009 seconds, Stopping threads took: 0.0000446 seconds
         vmop                    [threads: total initially_running wait_to_block]    [time: spin block sync cleanup vmop] page_trap_count
114.339: RevokeBias                       [      29          0              0    ]      [     0     0     2     0     0    ]  0
2017-11-22T09:55:12.447+0800: 114.342: Total time for which application threads were stopped: 0.0013346 seconds, Stopping threads took: 0.0011456 seconds
2017-11-22T09:55:12.732+0800: 114.626: [GC pause (G1 Evacuation Pause) (young) 114.626: [G1Ergonomics (CSet Construction) start choosing CSet, _pending_cards: 7409, predicted base time: 109.52 ms, remaining time: 90.48 ms, target pause time: 200.00 ms]
 114.626: [G1Ergonomics (CSet Construction) add young regions to CSet, eden: 270 regions, survivors: 38 regions, predicted young region time: 534.81 ms]
 114.626: [G1Ergonomics (CSet Construction) finish choosing CSet, eden: 270 regions, survivors: 38 regions, old: 0 regions, predicted pause time: 644.32 ms, target pause time: 200.00 ms]
 115.216: [G1Ergonomics (Heap Sizing) attempt heap expansion, reason: recent GC overhead higher than threshold after GC, recent GC overhead: 22.65 %, threshold: 10.00 %, uncommitted: 520093696 bytes, calculated expansion amount: 104018739 bytes (20.00 %)]
 115.216: [G1Ergonomics (Heap Sizing) expand the heap, requested expansion amount: 104018739 bytes, attempted expansion amount: 104857600 bytes]
, 0.5909685 secs]
   [Parallel Time: 558.2 ms, GC Workers: 8]
      [GC Worker Start (ms): Min: 114627.2, Avg: 114638.5, Max: 114645.2, Diff: 18.0]
      [Ext Root Scanning (ms): Min: 0.0, Avg: 0.3, Max: 1.3, Diff: 1.3, Sum: 2.7]
      [Update RS (ms): Min: 3.0, Avg: 17.5, Max: 44.8, Diff: 41.8, Sum: 140.2]
         [Processed Buffers: Min: 1, Avg: 4.2, Max: 10, Diff: 9, Sum: 34]
      [Scan RS (ms): Min: 243.5, Avg: 264.1, Max: 292.5, Diff: 49.0, Sum: 2112.9]
      [Code Root Scanning (ms): Min: 0.0, Avg: 0.0, Max: 0.1, Diff: 0.1, Sum: 0.1]
      [Object Copy (ms): Min: 217.9, Avg: 246.8, Max: 259.9, Diff: 41.9, Sum: 1974.3]
      [Termination (ms): Min: 0.0, Avg: 7.8, Max: 26.8, Diff: 26.8, Sum: 62.4]
         [Termination Attempts: Min: 1, Avg: 4.8, Max: 12, Diff: 11, Sum: 38]
      [GC Worker Other (ms): Min: 0.0, Avg: 0.0, Max: 0.0, Diff: 0.0, Sum: 0.2]
      [GC Worker Total (ms): Min: 528.4, Avg: 536.6, Max: 546.4, Diff: 18.0, Sum: 4292.7]
      [GC Worker End (ms): Min: 115173.6, Avg: 115175.0, Max: 115185.3, Diff: 11.7]
   [Code Root Fixup: 0.0 ms]
   [Code Root Purge: 0.0 ms]
   [Clear CT: 0.8 ms]
   [Other: 31.9 ms]
      [Choose CSet: 0.0 ms]
      [Ref Proc: 9.9 ms]
      [Ref Enq: 0.0 ms]
      [Redirty Cards: 15.9 ms]
      [Humongous Register: 0.3 ms]
      [Humongous Reclaim: 0.1 ms]
      [Free CSet: 3.2 ms]
   [Eden: 270.0M(270.0M)->0.0B(274.0M) Survivors: 38.0M->39.0M Heap: 1496.0M(6160.0M)->1330.0M(6260.0M)]
 [Times: user=1.31 sys=0.07, real=0.60 secs]
         vmop                    [threads: total initially_running wait_to_block]    [time: spin block sync cleanup vmop] page_trap_count
114.626: G1IncCollectionPause             [      29          0              0    ]      [     0     0     0     0   591    ]  0
2017-11-22T09:55:13.323+0800: 115.218: Total time for which application threads were stopped: 0.5913362 seconds, Stopping threads took: 0.0000458 seconds
         vmop                    [threads: total initially_running wait_to_block]    [time: spin block sync cleanup vmop] page_trap_count
115.366: RevokeBias                       [      29          1              1    ]      [     2     0     9     0     0    ]  1
2017-11-22T09:55:13.481+0800: 115.375: Total time for which application threads were stopped: 0.0024987 seconds, Stopping threads took: 0.0023217 seconds
         vmop                    [threads: total initially_running wait_to_block]    [time: spin block sync cleanup vmop] page_trap_count
116.647: RevokeBias                       [      29          1              1    ]      [     7     0    13     0     0    ]  1
2017-11-22T09:55:14.766+0800: 116.661: Total time for which application threads were stopped: 0.0079999 seconds, Stopping threads took: 0.0077503 seconds
         vmop                    [threads: total initially_running wait_to_block]    [time: spin block sync cleanup vmop] page_trap_count
117.665: no vm operation                  [      29          1              1    ]      [    21     0    21     0     0    ]  1
2017-11-22T09:55:15.792+0800: 117.687: Total time for which application threads were stopped: 0.0220454 seconds, Stopping threads took: 0.0216720 seconds
2017-11-22T09:55:16.499+0800: 118.394: [GC pause (G1 Evacuation Pause) (young) 118.394: [G1Ergonomics (CSet Construction) start choosing CSet, _pending_cards: 12069, predicted base time: 114.38 ms, remaining time: 85.62 ms, target pause time: 200.00 ms]
 118.394: [G1Ergonomics (CSet Construction) add young regions to CSet, eden: 274 regions, survivors: 39 regions, predicted young region time: 534.25 ms]
 118.394: [G1Ergonomics (CSet Construction) finish choosing CSet, eden: 274 regions, survivors: 39 regions, old: 0 regions, predicted pause time: 648.63 ms, target pause time: 200.00 ms]
 119.043: [G1Ergonomics (Heap Sizing) attempt heap expansion, reason: recent GC overhead higher than threshold after GC, recent GC overhead: 22.01 %, threshold: 10.00 %, uncommitted: 415236096 bytes, calculated expansion amount: 83047219 bytes (20.00 %)]
 119.043: [G1Ergonomics (Heap Sizing) expand the heap, requested expansion amount: 83047219 bytes, attempted expansion amount: 83886080 bytes]
, 0.6505320 secs]
   [Parallel Time: 619.3 ms, GC Workers: 8]
      [GC Worker Start (ms): Min: 118394.7, Avg: 118414.8, Max: 118433.4, Diff: 38.7]
      [Ext Root Scanning (ms): Min: 0.0, Avg: 0.3, Max: 2.4, Diff: 2.4, Sum: 2.5]
      [Update RS (ms): Min: 17.2, Avg: 38.7, Max: 79.9, Diff: 62.7, Sum: 309.9]
         [Processed Buffers: Min: 4, Avg: 6.9, Max: 9, Diff: 5, Sum: 55]
      [Scan RS (ms): Min: 218.8, Avg: 261.8, Max: 298.7, Diff: 79.9, Sum: 2094.4]
      [Code Root Scanning (ms): Min: 0.0, Avg: 0.0, Max: 0.0, Diff: 0.0, Sum: 0.1]
      [Object Copy (ms): Min: 222.2, Avg: 236.3, Max: 253.7, Diff: 31.6, Sum: 1890.2]
      [Termination (ms): Min: 0.0, Avg: 42.4, Max: 52.3, Diff: 52.3, Sum: 339.4]
         [Termination Attempts: Min: 1, Avg: 1.2, Max: 2, Diff: 1, Sum: 10]
      [GC Worker Other (ms): Min: 0.0, Avg: 0.0, Max: 0.0, Diff: 0.0, Sum: 0.2]
      [GC Worker Total (ms): Min: 560.1, Avg: 579.6, Max: 598.7, Diff: 38.6, Sum: 4636.8]
      [GC Worker End (ms): Min: 118993.4, Avg: 118994.4, Max: 119001.4, Diff: 8.0]
   [Code Root Fixup: 0.0 ms]
   [Code Root Purge: 0.0 ms]
   [Clear CT: 0.7 ms]
   [Other: 30.5 ms]
      [Choose CSet: 0.0 ms]
      [Ref Proc: 17.0 ms]
      [Ref Enq: 0.0 ms]
      [Redirty Cards: 6.9 ms]
      [Humongous Register: 0.5 ms]
      [Humongous Reclaim: 0.2 ms]
      [Free CSet: 3.1 ms]
   [Eden: 274.0M(274.0M)->0.0B(277.0M) Survivors: 39.0M->40.0M Heap: 1604.0M(6260.0M)->1435.5M(6340.0M)]
 [Times: user=1.51 sys=0.07, real=0.65 secs]
         vmop                    [threads: total initially_running wait_to_block]    [time: spin block sync cleanup vmop] page_trap_count
118.380: G1IncCollectionPause             [      29          0              0    ]      [     0     0    13     0   651    ]  0
2017-11-22T09:55:17.150+0800: 119.045: Total time for which application threads were stopped: 0.6513465 seconds, Stopping threads took: 0.0000374 seconds
         vmop                    [threads: total initially_running wait_to_block]    [time: spin block sync cleanup vmop] page_trap_count
121.064: no vm operation                  [      29          1              1    ]      [     0     0     0     0     0    ]  0
2017-11-22T09:55:19.170+0800: 121.064: Total time for which application threads were stopped: 0.0002505 seconds, Stopping threads took: 0.0000738 seconds
2017-11-22T09:55:19.499+0800: 121.393: [GC pause (G1 Evacuation Pause) (young) 121.393: [G1Ergonomics (CSet Construction) start choosing CSet, _pending_cards: 11395, predicted base time: 115.27 ms, remaining time: 84.73 ms, target pause time: 200.00 ms]
 121.393: [G1Ergonomics (CSet Construction) add young regions to CSet, eden: 277 regions, survivors: 40 regions, predicted young region time: 530.10 ms]
 121.393: [G1Ergonomics (CSet Construction) finish choosing CSet, eden: 277 regions, survivors: 40 regions, old: 0 regions, predicted pause time: 645.37 ms, target pause time: 200.00 ms]
 122.014: [G1Ergonomics (Heap Sizing) attempt heap expansion, reason: recent GC overhead higher than threshold after GC, recent GC overhead: 20.90 %, threshold: 10.00 %, uncommitted: 331350016 bytes, calculated expansion amount: 66270003 bytes (20.00 %)]
 122.014: [G1Ergonomics (Heap Sizing) expand the heap, requested expansion amount: 66270003 bytes, attempted expansion amount: 67108864 bytes]
, 0.6219578 secs]
   [Parallel Time: 555.1 ms, GC Workers: 8]
      [GC Worker Start (ms): Min: 121394.4, Avg: 121415.7, Max: 121433.6, Diff: 39.3]
      [Ext Root Scanning (ms): Min: 0.0, Avg: 0.3, Max: 2.5, Diff: 2.5, Sum: 2.6]
      [Update RS (ms): Min: 10.3, Avg: 35.0, Max: 71.2, Diff: 60.9, Sum: 279.7]
         [Processed Buffers: Min: 3, Avg: 6.1, Max: 13, Diff: 10, Sum: 49]
      [Scan RS (ms): Min: 188.3, Avg: 210.7, Max: 221.8, Diff: 33.4, Sum: 1685.5]
      [Code Root Scanning (ms): Min: 0.0, Avg: 0.0, Max: 0.0, Diff: 0.0, Sum: 0.1]
      [Object Copy (ms): Min: 241.5, Avg: 259.7, Max: 279.0, Diff: 37.5, Sum: 2077.7]
      [Termination (ms): Min: 0.0, Avg: 20.2, Max: 41.9, Diff: 41.9, Sum: 162.0]
         [Termination Attempts: Min: 1, Avg: 3.5, Max: 12, Diff: 11, Sum: 28]
      [GC Worker Other (ms): Min: 0.0, Avg: 0.0, Max: 0.0, Diff: 0.0, Sum: 0.2]
      [GC Worker Total (ms): Min: 506.9, Avg: 526.0, Max: 546.2, Diff: 39.3, Sum: 4207.9]
      [GC Worker End (ms): Min: 121940.5, Avg: 121941.7, Max: 121949.4, Diff: 8.9]
   [Code Root Fixup: 0.0 ms]
   [Code Root Purge: 0.0 ms]
   [Clear CT: 8.3 ms]
   [Other: 58.6 ms]
      [Choose CSet: 0.0 ms]
      [Ref Proc: 43.7 ms]
      [Ref Enq: 0.0 ms]
      [Redirty Cards: 9.2 ms]
      [Humongous Register: 0.5 ms]
      [Humongous Reclaim: 0.1 ms]
      [Free CSet: 2.8 ms]
   [Eden: 277.0M(277.0M)->0.0B(280.0M) Survivors: 40.0M->40.0M Heap: 1712.5M(6340.0M)->1541.5M(6404.0M)]
 [Times: user=1.47 sys=0.07, real=0.62 secs]
         vmop                    [threads: total initially_running wait_to_block]    [time: spin block sync cleanup vmop] page_trap_count
121.392: G1IncCollectionPause             [      29          0              1    ]      [     0     1     1     0   622    ]  0
2017-11-22T09:55:20.121+0800: 122.015: Total time for which application threads were stopped: 0.6236285 seconds, Stopping threads took: 0.0013671 seconds
         vmop                    [threads: total initially_running wait_to_block]    [time: spin block sync cleanup vmop] page_trap_count
123.016: no vm operation                  [      29          1              1    ]      [    47     0    69     0     0    ]  1
2017-11-22T09:55:21.191+0800: 123.086: Total time for which application threads were stopped: 0.0481060 seconds, Stopping threads took: 0.0478314 seconds
         vmop                    [threads: total initially_running wait_to_block]    [time: spin block sync cleanup vmop] page_trap_count
124.111: no vm operation                  [      29          1              1    ]      [    18     0    61     0     0    ]  1
2017-11-22T09:55:22.278+0800: 124.173: Total time for which application threads were stopped: 0.0188177 seconds, Stopping threads took: 0.0186184 seconds
2017-11-22T09:55:22.379+0800: 124.274: [GC pause (G1 Evacuation Pause) (young) 124.274: [G1Ergonomics (CSet Construction) start choosing CSet, _pending_cards: 7055, predicted base time: 113.92 ms, remaining time: 86.08 ms, target pause time: 200.00 ms]
 124.274: [G1Ergonomics (CSet Construction) add young regions to CSet, eden: 280 regions, survivors: 40 regions, predicted young region time: 502.61 ms]
 124.274: [G1Ergonomics (CSet Construction) finish choosing CSet, eden: 280 regions, survivors: 40 regions, old: 0 regions, predicted pause time: 616.53 ms, target pause time: 200.00 ms]
 124.806: [G1Ergonomics (Heap Sizing) attempt heap expansion, reason: recent GC overhead higher than threshold after GC, recent GC overhead: 20.69 %, threshold: 10.00 %, uncommitted: 264241152 bytes, calculated expansion amount: 52848230 bytes (20.00 %)]
 124.806: [G1Ergonomics (Heap Sizing) expand the heap, requested expansion amount: 52848230 bytes, attempted expansion amount: 53477376 bytes]
, 0.5330611 secs]
   [Parallel Time: 506.9 ms, GC Workers: 8]
      [GC Worker Start (ms): Min: 124274.6, Avg: 124299.0, Max: 124317.4, Diff: 42.8]
      [Ext Root Scanning (ms): Min: 0.0, Avg: 0.3, Max: 2.5, Diff: 2.5, Sum: 2.6]
      [Update RS (ms): Min: 0.0, Avg: 30.1, Max: 68.4, Diff: 68.4, Sum: 241.1]
         [Processed Buffers: Min: 0, Avg: 4.5, Max: 10, Diff: 10, Sum: 36]
      [Scan RS (ms): Min: 186.3, Avg: 212.2, Max: 235.4, Diff: 49.1, Sum: 1697.9]
      [Code Root Scanning (ms): Min: 0.0, Avg: 0.0, Max: 0.0, Diff: 0.0, Sum: 0.1]
      [Object Copy (ms): Min: 193.5, Avg: 205.7, Max: 216.4, Diff: 22.9, Sum: 1645.3]
      [Termination (ms): Min: 0.0, Avg: 11.3, Max: 14.3, Diff: 14.3, Sum: 90.5]
         [Termination Attempts: Min: 1, Avg: 1.0, Max: 1, Diff: 0, Sum: 8]
      [GC Worker Other (ms): Min: 0.0, Avg: 0.0, Max: 0.0, Diff: 0.0, Sum: 0.1]
      [GC Worker Total (ms): Min: 441.4, Avg: 459.7, Max: 484.1, Diff: 42.8, Sum: 3677.6]
      [GC Worker End (ms): Min: 124758.7, Avg: 124758.7, Max: 124758.8, Diff: 0.0]
   [Code Root Fixup: 0.0 ms]
   [Code Root Purge: 0.0 ms]
   [Clear CT: 1.1 ms]
   [Other: 25.0 ms]
      [Choose CSet: 0.1 ms]
      [Ref Proc: 13.4 ms]
      [Ref Enq: 0.0 ms]
      [Redirty Cards: 6.5 ms]
      [Humongous Register: 0.3 ms]
      [Humongous Reclaim: 0.1 ms]
      [Free CSet: 2.5 ms]
   [Eden: 280.0M(280.0M)->0.0B(282.0M) Survivors: 40.0M->40.0M Heap: 1821.5M(6404.0M)->1652.0M(6455.0M)]
 [Times: user=1.37 sys=0.03, real=0.53 secs]
         vmop                    [threads: total initially_running wait_to_block]    [time: spin block sync cleanup vmop] page_trap_count
124.273: G1IncCollectionPause             [      29          0              0    ]      [     0     0     0     0   533    ]  0
2017-11-22T09:55:22.913+0800: 124.807: Total time for which application threads were stopped: 0.5338631 seconds, Stopping threads took: 0.0001698 seconds
         vmop                    [threads: total initially_running wait_to_block]    [time: spin block sync cleanup vmop] page_trap_count
125.371: RevokeBias                       [      29          1              1    ]      [    10     0    11     0     0    ]  1
2017-11-22T09:55:23.488+0800: 125.383: Total time for which application threads were stopped: 0.0111560 seconds, Stopping threads took: 0.0109478 seconds
         vmop                    [threads: total initially_running wait_to_block]    [time: spin block sync cleanup vmop] page_trap_count
125.924: RevokeBias                       [      28          1              1    ]      [     7     0    25     0     0    ]  1
2017-11-22T09:55:24.055+0800: 125.950: Total time for which application threads were stopped: 0.0083785 seconds, Stopping threads took: 0.0080413 seconds
2017-11-22T09:55:24.450+0800: 126.344: [GC pause (G1 Evacuation Pause) (young) 126.344: [G1Ergonomics (CSet Construction) start choosing CSet, _pending_cards: 5834, predicted base time: 110.26 ms, remaining time: 89.74 ms, target pause time: 200.00 ms]
 126.344: [G1Ergonomics (CSet Construction) add young regions to CSet, eden: 282 regions, survivors: 40 regions, predicted young region time: 422.91 ms]
 126.344: [G1Ergonomics (CSet Construction) finish choosing CSet, eden: 282 regions, survivors: 40 regions, old: 0 regions, predicted pause time: 533.17 ms, target pause time: 200.00 ms]
 126.937: [G1Ergonomics (Heap Sizing) attempt heap expansion, reason: recent GC overhead higher than threshold after GC, recent GC overhead: 20.13 %, threshold: 10.00 %, uncommitted: 210763776 bytes, calculated expansion amount: 42152755 bytes (20.00 %)]
 126.937: [G1Ergonomics (Heap Sizing) expand the heap, requested expansion amount: 42152755 bytes, attempted expansion amount: 42991616 bytes]
, 0.5933780 secs]
   [Parallel Time: 521.5 ms, GC Workers: 8]
      [GC Worker Start (ms): Min: 126344.8, Avg: 126360.1, Max: 126373.4, Diff: 28.6]
      [Ext Root Scanning (ms): Min: 0.0, Avg: 0.3, Max: 2.6, Diff: 2.6, Sum: 2.6]
      [Update RS (ms): Min: 4.2, Avg: 30.0, Max: 56.9, Diff: 52.7, Sum: 240.1]
         [Processed Buffers: Min: 1, Avg: 3.6, Max: 11, Diff: 10, Sum: 29]
      [Scan RS (ms): Min: 220.4, Avg: 244.8, Max: 281.8, Diff: 61.4, Sum: 1958.4]
      [Code Root Scanning (ms): Min: 0.0, Avg: 0.0, Max: 0.0, Diff: 0.0, Sum: 0.1]
      [Object Copy (ms): Min: 185.1, Avg: 209.9, Max: 217.3, Diff: 32.2, Sum: 1679.4]
      [Termination (ms): Min: 0.0, Avg: 2.4, Max: 2.9, Diff: 2.9, Sum: 19.2]
         [Termination Attempts: Min: 1, Avg: 1.2, Max: 2, Diff: 1, Sum: 10]
      [GC Worker Other (ms): Min: 0.0, Avg: 0.0, Max: 0.0, Diff: 0.0, Sum: 0.1]
      [GC Worker Total (ms): Min: 474.1, Avg: 487.5, Max: 502.7, Diff: 28.6, Sum: 3899.9]
      [GC Worker End (ms): Min: 126847.5, Avg: 126847.6, Max: 126848.6, Diff: 1.1]
   [Code Root Fixup: 0.0 ms]
   [Code Root Purge: 0.0 ms]
   [Clear CT: 0.8 ms]
   [Other: 71.0 ms]
      [Choose CSet: 0.0 ms]
      [Ref Proc: 60.1 ms]
      [Ref Enq: 0.0 ms]
      [Redirty Cards: 6.7 ms]
      [Humongous Register: 0.3 ms]
      [Humongous Reclaim: 0.2 ms]
      [Free CSet: 1.8 ms]
   [Eden: 282.0M(282.0M)->0.0B(283.0M) Survivors: 40.0M->41.0M Heap: 1934.0M(6455.0M)->1773.5M(6496.0M)]
 [Times: user=1.07 sys=0.07, real=0.60 secs]
         vmop                    [threads: total initially_running wait_to_block]    [time: spin block sync cleanup vmop] page_trap_count
126.344: G1IncCollectionPause             [      28          0              0    ]      [     0     0     0     0   593    ]  0
2017-11-22T09:55:25.043+0800: 126.938: Total time for which application threads were stopped: 0.5936760 seconds, Stopping threads took: 0.0000277 seconds
         vmop                    [threads: total initially_running wait_to_block]    [time: spin block sync cleanup vmop] page_trap_count
127.133: RevokeBias                       [      28          1              1    ]      [    12     0    16     0     0    ]  1
2017-11-22T09:55:25.256+0800: 127.150: Total time for which application threads were stopped: 0.0124149 seconds, Stopping threads took: 0.0120992 seconds
         vmop                    [threads: total initially_running wait_to_block]    [time: spin block sync cleanup vmop] page_trap_count
127.488: RevokeBias                       [      28          1              1    ]      [     8     0     8     0     0    ]  1
2017-11-22T09:55:25.602+0800: 127.497: Total time for which application threads were stopped: 0.0083740 seconds, Stopping threads took: 0.0081348 seconds
         vmop                    [threads: total initially_running wait_to_block]    [time: spin block sync cleanup vmop] page_trap_count
128.130: RevokeBias                       [      28          0              1    ]      [     0     0     5     0     0    ]  0
2017-11-22T09:55:26.242+0800: 128.136: Total time for which application threads were stopped: 0.0002198 seconds, Stopping threads took: 0.0000456 seconds
2017-11-22T09:55:27.200+0800: 129.094: [GC pause (G1 Evacuation Pause) (young) 129.094: [G1Ergonomics (CSet Construction) start choosing CSet, _pending_cards: 8571, predicted base time: 136.81 ms, remaining time: 63.19 ms, target pause time: 200.00 ms]
 129.094: [G1Ergonomics (CSet Construction) add young regions to CSet, eden: 283 regions, survivors: 41 regions, predicted young region time: 416.98 ms]
 129.094: [G1Ergonomics (CSet Construction) finish choosing CSet, eden: 283 regions, survivors: 41 regions, old: 0 regions, predicted pause time: 553.79 ms, target pause time: 200.00 ms]
 129.558: [G1Ergonomics (Heap Sizing) attempt heap expansion, reason: recent GC overhead higher than threshold after GC, recent GC overhead: 20.01 %, threshold: 10.00 %, uncommitted: 167772160 bytes, calculated expansion amount: 33554432 bytes (20.00 %)]
 129.558: [G1Ergonomics (Heap Sizing) expand the heap, requested expansion amount: 33554432 bytes, attempted expansion amount: 33554432 bytes]
, 0.4649362 secs]
   [Parallel Time: 418.2 ms, GC Workers: 8]
      [GC Worker Start (ms): Min: 129094.9, Avg: 129116.5, Max: 129141.4, Diff: 46.5]
      [Ext Root Scanning (ms): Min: 0.0, Avg: 0.3, Max: 2.1, Diff: 2.1, Sum: 2.1]
      [Update RS (ms): Min: 0.0, Avg: 22.1, Max: 65.3, Diff: 65.3, Sum: 177.2]
         [Processed Buffers: Min: 0, Avg: 5.4, Max: 12, Diff: 12, Sum: 43]
      [Scan RS (ms): Min: 118.9, Avg: 143.4, Max: 171.1, Diff: 52.2, Sum: 1147.5]
      [Code Root Scanning (ms): Min: 0.0, Avg: 0.0, Max: 0.0, Diff: 0.0, Sum: 0.1]
      [Object Copy (ms): Min: 189.3, Avg: 212.9, Max: 223.5, Diff: 34.2, Sum: 1703.3]
      [Termination (ms): Min: 0.0, Avg: 14.4, Max: 22.0, Diff: 22.0, Sum: 115.1]
         [Termination Attempts: Min: 1, Avg: 1.1, Max: 2, Diff: 1, Sum: 9]
      [GC Worker Other (ms): Min: 0.0, Avg: 0.0, Max: 0.0, Diff: 0.0, Sum: 0.2]
      [GC Worker Total (ms): Min: 367.9, Avg: 393.2, Max: 414.4, Diff: 46.5, Sum: 3145.4]
      [GC Worker End (ms): Min: 129509.3, Avg: 129509.7, Max: 129512.6, Diff: 3.3]
   [Code Root Fixup: 0.0 ms]
   [Code Root Purge: 0.0 ms]
   [Clear CT: 5.8 ms]
   [Other: 40.9 ms]
      [Choose CSet: 0.0 ms]
      [Ref Proc: 33.3 ms]
      [Ref Enq: 0.0 ms]
      [Redirty Cards: 3.6 ms]
      [Humongous Register: 0.3 ms]
      [Humongous Reclaim: 0.1 ms]
      [Free CSet: 1.7 ms]
   [Eden: 283.0M(283.0M)->0.0B(285.0M) Survivors: 41.0M->41.0M Heap: 2056.5M(6496.0M)->1895.5M(6528.0M)]
 [Times: user=1.29 sys=0.04, real=0.47 secs]
         vmop                    [threads: total initially_running wait_to_block]    [time: spin block sync cleanup vmop] page_trap_count
129.085: G1IncCollectionPause             [      28          0              0    ]      [     0     0     8     0   465    ]  0
2017-11-22T09:55:27.665+0800: 129.559: Total time for which application threads were stopped: 0.4652930 seconds, Stopping threads took: 0.0000487 seconds
         vmop                    [threads: total initially_running wait_to_block]    [time: spin block sync cleanup vmop] page_trap_count
129.868: RevokeBias                       [      28          1              1    ]      [     0     0    14     0     0    ]  1
2017-11-22T09:55:27.988+0800: 129.883: Total time for which application threads were stopped: 0.0002909 seconds, Stopping threads took: 0.0000643 seconds
         vmop                    [threads: total initially_running wait_to_block]    [time: spin block sync cleanup vmop] page_trap_count
130.632: RevokeBias                       [      28          1              1    ]      [     0     0     1     0     0    ]  1
2017-11-22T09:55:28.740+0800: 130.634: Total time for which application threads were stopped: 0.0003570 seconds, Stopping threads took: 0.0000950 seconds
         vmop                    [threads: total initially_running wait_to_block]    [time: spin block sync cleanup vmop] page_trap_count
131.417: RevokeBias                       [      28          1              1    ]      [     8     0    20     0     0    ]  1
2017-11-22T09:55:29.544+0800: 131.438: Total time for which application threads were stopped: 0.0088119 seconds, Stopping threads took: 0.0083842 seconds
2017-11-22T09:55:29.731+0800: 131.626: [GC pause (G1 Evacuation Pause) (young) 131.626: [G1Ergonomics (CSet Construction) start choosing CSet, _pending_cards: 6375, predicted base time: 118.50 ms, remaining time: 81.50 ms, target pause time: 200.00 ms]
 131.626: [G1Ergonomics (CSet Construction) add young regions to CSet, eden: 285 regions, survivors: 41 regions, predicted young region time: 400.45 ms]
 131.626: [G1Ergonomics (CSet Construction) finish choosing CSet, eden: 285 regions, survivors: 41 regions, old: 0 regions, predicted pause time: 518.95 ms, target pause time: 200.00 ms]
 132.125: [G1Ergonomics (Heap Sizing) attempt heap expansion, reason: recent GC overhead higher than threshold after GC, recent GC overhead: 19.82 %, threshold: 10.00 %, uncommitted: 134217728 bytes, calculated expansion amount: 26843545 bytes (20.00 %)]
 132.125: [G1Ergonomics (Heap Sizing) expand the heap, requested expansion amount: 26843545 bytes, attempted expansion amount: 27262976 bytes]
, 0.4999099 secs]
   [Parallel Time: 473.5 ms, GC Workers: 8]
      [GC Worker Start (ms): Min: 131626.9, Avg: 131639.4, Max: 131657.4, Diff: 30.5]
      [Ext Root Scanning (ms): Min: 0.0, Avg: 2.5, Max: 18.6, Diff: 18.6, Sum: 20.2]
      [Update RS (ms): Min: 1.6, Avg: 25.9, Max: 41.6, Diff: 40.0, Sum: 207.0]
         [Processed Buffers: Min: 0, Avg: 3.9, Max: 6, Diff: 6, Sum: 31]
      [Scan RS (ms): Min: 115.6, Avg: 130.4, Max: 153.6, Diff: 38.0, Sum: 1043.3]
      [Code Root Scanning (ms): Min: 0.0, Avg: 0.0, Max: 0.0, Diff: 0.0, Sum: 0.1]
      [Object Copy (ms): Min: 263.0, Avg: 282.6, Max: 296.0, Diff: 33.0, Sum: 2260.8]
      [Termination (ms): Min: 0.0, Avg: 14.2, Max: 26.1, Diff: 26.1, Sum: 113.5]
         [Termination Attempts: Min: 1, Avg: 1.6, Max: 4, Diff: 3, Sum: 13]
      [GC Worker Other (ms): Min: 0.0, Avg: 0.0, Max: 0.0, Diff: 0.0, Sum: 0.1]
      [GC Worker Total (ms): Min: 436.8, Avg: 455.6, Max: 471.9, Diff: 35.1, Sum: 3645.1]
      [GC Worker End (ms): Min: 132094.1, Avg: 132095.0, Max: 132099.6, Diff: 5.5]
   [Code Root Fixup: 0.0 ms]
   [Code Root Purge: 0.0 ms]
   [Clear CT: 2.7 ms]
   [Other: 23.7 ms]
      [Choose CSet: 0.0 ms]
      [Ref Proc: 15.9 ms]
      [Ref Enq: 0.0 ms]
      [Redirty Cards: 3.6 ms]
      [Humongous Register: 0.5 ms]
      [Humongous Reclaim: 0.2 ms]
      [Free CSet: 1.6 ms]
   [Eden: 285.0M(285.0M)->0.0B(286.0M) Survivors: 41.0M->41.0M Heap: 2180.5M(6528.0M)->2018.5M(6554.0M)]
 [Times: user=1.15 sys=0.02, real=0.50 secs]
         vmop                    [threads: total initially_running wait_to_block]    [time: spin block sync cleanup vmop] page_trap_count
131.605: G1IncCollectionPause             [      28          0              0    ]      [     0     0    20     0   500    ]  0
2017-11-22T09:55:30.231+0800: 132.126: Total time for which application threads were stopped: 0.5003339 seconds, Stopping threads took: 0.0000362 seconds
         vmop                    [threads: total initially_running wait_to_block]    [time: spin block sync cleanup vmop] page_trap_count
132.314: RevokeBias                       [      28          1              1    ]      [     7     0    23     0     0    ]  1
2017-11-22T09:55:30.443+0800: 132.338: Total time for which application threads were stopped: 0.0084693 seconds, Stopping threads took: 0.0080304 seconds
         vmop                    [threads: total initially_running wait_to_block]    [time: spin block sync cleanup vmop] page_trap_count
133.054: RevokeBias                       [      28          0              1    ]      [     0     0     0     0     0    ]  0
2017-11-22T09:55:31.160+0800: 133.054: Total time for which application threads were stopped: 0.0003678 seconds, Stopping threads took: 0.0001306 seconds
         vmop                    [threads: total initially_running wait_to_block]    [time: spin block sync cleanup vmop] page_trap_count
133.528: RevokeBias                       [      28          1              1    ]      [    10     0    10     0     0    ]  1
2017-11-22T09:55:31.645+0800: 133.539: Total time for which application threads were stopped: 0.0113040 seconds, Stopping threads took: 0.0108595 seconds
2017-11-22T09:55:32.279+0800: 134.173: [GC pause (G1 Evacuation Pause) (young) 134.173: [G1Ergonomics (CSet Construction) start choosing CSet, _pending_cards: 4862, predicted base time: 105.24 ms, remaining time: 94.76 ms, target pause time: 200.00 ms]
 134.173: [G1Ergonomics (CSet Construction) add young regions to CSet, eden: 286 regions, survivors: 41 regions, predicted young region time: 404.34 ms]
 134.173: [G1Ergonomics (CSet Construction) finish choosing CSet, eden: 286 regions, survivors: 41 regions, old: 0 regions, predicted pause time: 509.58 ms, target pause time: 200.00 ms]
 134.589: [G1Ergonomics (Heap Sizing) attempt heap expansion, reason: recent GC overhead higher than threshold after GC, recent GC overhead: 19.92 %, threshold: 10.00 %, uncommitted: 106954752 bytes, calculated expansion amount: 21390950 bytes (20.00 %)]
 134.589: [G1Ergonomics (Heap Sizing) expand the heap, requested expansion amount: 21390950 bytes, attempted expansion amount: 22020096 bytes]
, 0.4166185 secs]
   [Parallel Time: 380.3 ms, GC Workers: 8]
      [GC Worker Start (ms): Min: 134174.3, Avg: 134182.4, Max: 134185.4, Diff: 11.2]
      [Ext Root Scanning (ms): Min: 0.0, Avg: 0.3, Max: 2.4, Diff: 2.4, Sum: 2.5]
      [Update RS (ms): Min: 4.2, Avg: 8.8, Max: 12.8, Diff: 8.6, Sum: 70.7]
         [Processed Buffers: Min: 1, Avg: 3.1, Max: 5, Diff: 4, Sum: 25]
      [Scan RS (ms): Min: 141.4, Avg: 149.2, Max: 155.1, Diff: 13.7, Sum: 1193.8]
      [Code Root Scanning (ms): Min: 0.0, Avg: 0.0, Max: 0.0, Diff: 0.0, Sum: 0.1]
      [Object Copy (ms): Min: 181.1, Avg: 189.3, Max: 199.3, Diff: 18.3, Sum: 1514.1]
      [Termination (ms): Min: 0.0, Avg: 6.2, Max: 10.9, Diff: 10.9, Sum: 49.3]
         [Termination Attempts: Min: 1, Avg: 1.0, Max: 1, Diff: 0, Sum: 8]
      [GC Worker Other (ms): Min: 0.0, Avg: 0.0, Max: 0.0, Diff: 0.0, Sum: 0.1]
      [GC Worker Total (ms): Min: 350.3, Avg: 353.8, Max: 361.5, Diff: 11.2, Sum: 2830.7]
      [GC Worker End (ms): Min: 134535.7, Avg: 134536.2, Max: 134539.3, Diff: 3.5]
   [Code Root Fixup: 0.0 ms]
   [Code Root Purge: 0.0 ms]
   [Clear CT: 6.0 ms]
   [Other: 30.3 ms]
      [Choose CSet: 0.0 ms]
      [Ref Proc: 18.5 ms]
      [Ref Enq: 0.0 ms]
      [Redirty Cards: 7.3 ms]
      [Humongous Register: 0.4 ms]
      [Humongous Reclaim: 0.3 ms]
      [Free CSet: 1.8 ms]
   [Eden: 286.0M(286.0M)->0.0B(287.0M) Survivors: 41.0M->41.0M Heap: 2304.5M(6554.0M)->2143.0M(6575.0M)]
 [Times: user=1.25 sys=0.02, real=0.42 secs]
         vmop                    [threads: total initially_running wait_to_block]    [time: spin block sync cleanup vmop] page_trap_count
134.172: G1IncCollectionPause             [      28          0              0    ]      [     0     0     1     0   416    ]  0
2017-11-22T09:55:32.696+0800: 134.590: Total time for which application threads were stopped: 0.4170430 seconds, Stopping threads took: 0.0000288 seconds
         vmop                    [threads: total initially_running wait_to_block]    [time: spin block sync cleanup vmop] page_trap_count
134.894: RevokeBias                       [      28          1              1    ]      [     0     0     0     0     0    ]  1
2017-11-22T09:55:33.000+0800: 134.894: Total time for which application threads were stopped: 0.0002896 seconds, Stopping threads took: 0.0000802 seconds
         vmop                    [threads: total initially_running wait_to_block]    [time: spin block sync cleanup vmop] page_trap_count
135.160: RevokeBias                       [      28          1              1    ]      [     0     0     0     0     0    ]  1
2017-11-22T09:55:33.266+0800: 135.160: Total time for which application threads were stopped: 0.0007858 seconds, Stopping threads took: 0.0005078 seconds
         vmop                    [threads: total initially_running wait_to_block]    [time: spin block sync cleanup vmop] page_trap_count
135.483: RevokeBias                       [      28          1              1    ]      [     0     0    10     0     0    ]  1
2017-11-22T09:55:33.599+0800: 135.494: Total time for which application threads were stopped: 0.0003489 seconds, Stopping threads took: 0.0000810 seconds
         vmop                    [threads: total initially_running wait_to_block]    [time: spin block sync cleanup vmop] page_trap_count
136.003: RevokeBias                       [      28          1              1    ]      [     0     0    14     0     0    ]  1
2017-11-22T09:55:34.123+0800: 136.018: Total time for which application threads were stopped: 0.0002941 seconds, Stopping threads took: 0.0000607 seconds
         vmop                    [threads: total initially_running wait_to_block]    [time: spin block sync cleanup vmop] page_trap_count
136.405: RevokeBias                       [      28          1              1    ]      [     8     0     8     0     0    ]  1
2017-11-22T09:55:34.519+0800: 136.414: Total time for which application threads were stopped: 0.0085787 seconds, Stopping threads took: 0.0080738 seconds
2017-11-22T09:55:34.800+0800: 136.694: [GC pause (G1 Evacuation Pause) (young) 136.694: [G1Ergonomics (CSet Construction) start choosing CSet, _pending_cards: 4247, predicted base time: 99.75 ms, remaining time: 100.25 ms, target pause time: 200.00 ms]
 136.694: [G1Ergonomics (CSet Construction) add young regions to CSet, eden: 287 regions, survivors: 41 regions, predicted young region time: 395.37 ms]
 136.694: [G1Ergonomics (CSet Construction) finish choosing CSet, eden: 287 regions, survivors: 41 regions, old: 0 regions, predicted pause time: 495.12 ms, target pause time: 200.00 ms]
 137.348: [G1Ergonomics (Heap Sizing) attempt heap expansion, reason: recent GC overhead higher than threshold after GC, recent GC overhead: 19.80 %, threshold: 10.00 %, uncommitted: 84934656 bytes, calculated expansion amount: 16986931 bytes (20.00 %)]
 137.348: [G1Ergonomics (Heap Sizing) expand the heap, requested expansion amount: 16986931 bytes, attempted expansion amount: 17825792 bytes]
, 0.6548992 secs]
   [Parallel Time: 643.9 ms, GC Workers: 8]
      [GC Worker Start (ms): Min: 136695.1, Avg: 136709.4, Max: 136725.4, Diff: 30.3]
      [Ext Root Scanning (ms): Min: 0.0, Avg: 2.5, Max: 18.5, Diff: 18.5, Sum: 20.1]
      [Update RS (ms): Min: 0.0, Avg: 16.2, Max: 37.5, Diff: 37.5, Sum: 129.4]
         [Processed Buffers: Min: 0, Avg: 2.9, Max: 10, Diff: 10, Sum: 23]
      [Scan RS (ms): Min: 214.6, Avg: 223.0, Max: 235.4, Diff: 20.7, Sum: 1784.0]
      [Code Root Scanning (ms): Min: 0.0, Avg: 0.0, Max: 0.0, Diff: 0.0, Sum: 0.1]
      [Object Copy (ms): Min: 353.5, Avg: 372.0, Max: 386.0, Diff: 32.4, Sum: 2975.7]
      [Termination (ms): Min: 0.0, Avg: 8.4, Max: 13.8, Diff: 13.8, Sum: 67.1]
         [Termination Attempts: Min: 1, Avg: 3.1, Max: 11, Diff: 10, Sum: 25]
      [GC Worker Other (ms): Min: 0.0, Avg: 0.0, Max: 0.0, Diff: 0.0, Sum: 0.1]
      [GC Worker Total (ms): Min: 605.7, Avg: 622.1, Max: 635.9, Diff: 30.2, Sum: 4976.5]
      [GC Worker End (ms): Min: 137331.0, Avg: 137331.5, Max: 137334.5, Diff: 3.4]
   [Code Root Fixup: 0.0 ms]
   [Code Root Purge: 0.0 ms]
   [Clear CT: 1.0 ms]
   [Other: 9.9 ms]
      [Choose CSet: 0.0 ms]
      [Ref Proc: 3.6 ms]
      [Ref Enq: 0.0 ms]
      [Redirty Cards: 2.4 ms]
      [Humongous Register: 0.5 ms]
      [Humongous Reclaim: 0.2 ms]
      [Free CSet: 1.6 ms]
   [Eden: 287.0M(287.0M)->0.0B(288.0M) Survivors: 41.0M->41.0M Heap: 2430.0M(6575.0M)->2268.0M(6592.0M)]
 [Times: user=1.09 sys=0.29, real=0.65 secs]
         vmop                    [threads: total initially_running wait_to_block]    [time: spin block sync cleanup vmop] page_trap_count
136.694: G1IncCollectionPause             [      28          0              0    ]      [     0     0     0     0   655    ]  0
2017-11-22T09:55:35.455+0800: 137.349: Total time for which application threads were stopped: 0.6552445 seconds, Stopping threads took: 0.0000315 seconds
         vmop                    [threads: total initially_running wait_to_block]    [time: spin block sync cleanup vmop] page_trap_count
138.119: RevokeBias                       [      28          1              1    ]      [     0     0     0     0     0    ]  1
2017-11-22T09:55:36.225+0800: 138.119: Total time for which application threads were stopped: 0.0003202 seconds, Stopping threads took: 0.0001214 seconds
         vmop                    [threads: total initially_running wait_to_block]    [time: spin block sync cleanup vmop] page_trap_count
138.494: RevokeBias                       [      28          0              0    ]      [     0     0     5     0     0    ]  0
2017-11-22T09:55:36.606+0800: 138.500: Total time for which application threads were stopped: 0.0002665 seconds, Stopping threads took: 0.0000321 seconds
2017-11-22T09:55:37.167+0800: 139.062: [GC pause (G1 Evacuation Pause) (young) 139.062: [G1Ergonomics (CSet Construction) start choosing CSet, _pending_cards: 5843, predicted base time: 99.64 ms, remaining time: 100.36 ms, target pause time: 200.00 ms]
 139.062: [G1Ergonomics (CSet Construction) add young regions to CSet, eden: 288 regions, survivors: 41 regions, predicted young region time: 474.74 ms]
 139.062: [G1Ergonomics (CSet Construction) finish choosing CSet, eden: 288 regions, survivors: 41 regions, old: 0 regions, predicted pause time: 574.38 ms, target pause time: 200.00 ms]
 139.739: [G1Ergonomics (Heap Sizing) attempt heap expansion, reason: recent GC overhead higher than threshold after GC, recent GC overhead: 20.18 %, threshold: 10.00 %, uncommitted: 67108864 bytes, calculated expansion amount: 13421772 bytes (20.00 %)]
 139.739: [G1Ergonomics (Heap Sizing) expand the heap, requested expansion amount: 13421772 bytes, attempted expansion amount: 13631488 bytes]
, 0.6783288 secs]
   [Parallel Time: 640.7 ms, GC Workers: 8]
      [GC Worker Start (ms): Min: 139062.6, Avg: 139073.1, Max: 139089.4, Diff: 26.8]
      [Ext Root Scanning (ms): Min: 0.0, Avg: 0.3, Max: 2.4, Diff: 2.4, Sum: 2.4]
      [Update RS (ms): Min: 0.0, Avg: 12.6, Max: 34.6, Diff: 34.6, Sum: 100.6]
         [Processed Buffers: Min: 0, Avg: 4.1, Max: 9, Diff: 9, Sum: 33]
      [Scan RS (ms): Min: 91.6, Avg: 109.1, Max: 117.5, Diff: 25.8, Sum: 872.8]
      [Code Root Scanning (ms): Min: 0.0, Avg: 0.0, Max: 0.0, Diff: 0.0, Sum: 0.1]
      [Object Copy (ms): Min: 491.3, Avg: 498.2, Max: 506.0, Diff: 14.7, Sum: 3985.8]
      [Termination (ms): Min: 0.0, Avg: 6.6, Max: 12.1, Diff: 12.1, Sum: 52.4]
         [Termination Attempts: Min: 1, Avg: 1.9, Max: 5, Diff: 4, Sum: 15]
      [GC Worker Other (ms): Min: 0.0, Avg: 0.0, Max: 0.0, Diff: 0.0, Sum: 0.1]
      [GC Worker Total (ms): Min: 610.5, Avg: 626.8, Max: 637.3, Diff: 26.8, Sum: 5014.3]
      [GC Worker End (ms): Min: 139699.9, Avg: 139699.9, Max: 139699.9, Diff: 0.0]
   [Code Root Fixup: 0.0 ms]
   [Code Root Purge: 0.0 ms]
   [Clear CT: 1.4 ms]
   [Other: 36.2 ms]
      [Choose CSet: 0.0 ms]
      [Ref Proc: 26.2 ms]
      [Ref Enq: 0.0 ms]
      [Redirty Cards: 5.8 ms]
      [Humongous Register: 0.5 ms]
      [Humongous Reclaim: 0.3 ms]
      [Free CSet: 1.8 ms]
   [Eden: 288.0M(288.0M)->0.0B(288.0M) Survivors: 41.0M->42.0M Heap: 2556.0M(6592.0M)->2394.0M(6605.0M)]
 [Times: user=0.94 sys=0.72, real=0.68 secs]
         vmop                    [threads: total initially_running wait_to_block]    [time: spin block sync cleanup vmop] page_trap_count
139.058: G1IncCollectionPause             [      28          0              0    ]      [     0     0     3     0   678    ]  0
2017-11-22T09:55:37.846+0800: 139.740: Total time for which application threads were stopped: 0.6787887 seconds, Stopping threads took: 0.0000574 seconds
         vmop                    [threads: total initially_running wait_to_block]    [time: spin block sync cleanup vmop] page_trap_count
140.481: RevokeBias                       [      28          1              1    ]      [    12     0    12     0     0    ]  1
2017-11-22T09:55:38.600+0800: 140.494: Total time for which application threads were stopped: 0.0127635 seconds, Stopping threads took: 0.0123110 seconds
         vmop                    [threads: total initially_running wait_to_block]    [time: spin block sync cleanup vmop] page_trap_count
141.508: no vm operation                  [      28          0              0    ]      [     0     0     0     0     0    ]  0
2017-11-22T09:55:39.615+0800: 141.509: Total time for which application threads were stopped: 0.0002142 seconds, Stopping threads took: 0.0000343 seconds
         vmop                    [threads: total initially_running wait_to_block]    [time: spin block sync cleanup vmop] page_trap_count
141.716: RevokeBias                       [      28          0              0    ]      [     0     0     6     0     0    ]  0
2017-11-22T09:55:39.828+0800: 141.723: Total time for which application threads were stopped: 0.0002303 seconds, Stopping threads took: 0.0000314 seconds
2017-11-22T09:55:40.243+0800: 142.137: [GC pause (G1 Evacuation Pause) (young) 142.137: [G1Ergonomics (CSet Construction) start choosing CSet, _pending_cards: 4186, predicted base time: 88.31 ms, remaining time: 111.69 ms, target pause time: 200.00 ms]
 142.137: [G1Ergonomics (CSet Construction) add young regions to CSet, eden: 288 regions, survivors: 42 regions, predicted young region time: 535.39 ms]
 142.137: [G1Ergonomics (CSet Construction) finish choosing CSet, eden: 288 regions, survivors: 42 regions, old: 0 regions, predicted pause time: 623.70 ms, target pause time: 200.00 ms]
 142.660: [G1Ergonomics (Heap Sizing) attempt heap expansion, reason: recent GC overhead higher than threshold after GC, recent GC overhead: 20.63 %, threshold: 10.00 %, uncommitted: 53477376 bytes, calculated expansion amount: 10695475 bytes (20.00 %)]
 142.660: [G1Ergonomics (Heap Sizing) expand the heap, requested expansion amount: 10695475 bytes, attempted expansion amount: 11534336 bytes]
, 0.5231244 secs]
   [Parallel Time: 487.7 ms, GC Workers: 8]
      [GC Worker Start (ms): Min: 142137.8, Avg: 142158.3, Max: 142177.4, Diff: 39.6]
      [Ext Root Scanning (ms): Min: 0.0, Avg: 0.3, Max: 2.3, Diff: 2.3, Sum: 2.4]
      [Update RS (ms): Min: 0.0, Avg: 10.9, Max: 25.2, Diff: 25.2, Sum: 87.2]
         [Processed Buffers: Min: 0, Avg: 3.0, Max: 14, Diff: 14, Sum: 24]
      [Scan RS (ms): Min: 89.3, Avg: 107.1, Max: 135.9, Diff: 46.6, Sum: 857.1]
      [Code Root Scanning (ms): Min: 0.0, Avg: 0.0, Max: 0.0, Diff: 0.0, Sum: 0.1]
      [Object Copy (ms): Min: 303.7, Avg: 329.8, Max: 353.5, Diff: 49.8, Sum: 2638.5]
      [Termination (ms): Min: 0.0, Avg: 14.3, Max: 18.6, Diff: 18.6, Sum: 114.5]
         [Termination Attempts: Min: 1, Avg: 5.4, Max: 9, Diff: 8, Sum: 43]
      [GC Worker Other (ms): Min: 0.0, Avg: 0.0, Max: 0.0, Diff: 0.0, Sum: 0.1]
      [GC Worker Total (ms): Min: 442.5, Avg: 462.5, Max: 482.1, Diff: 39.6, Sum: 3700.0]
      [GC Worker End (ms): Min: 142619.9, Avg: 142620.8, Max: 142625.4, Diff: 5.5]
   [Code Root Fixup: 0.0 ms]
   [Code Root Purge: 0.0 ms]
   [Clear CT: 11.7 ms]
   [Other: 23.8 ms]
      [Choose CSet: 0.0 ms]
      [Ref Proc: 12.3 ms]
      [Ref Enq: 0.0 ms]
      [Redirty Cards: 7.9 ms]
      [Humongous Register: 0.3 ms]
      [Humongous Reclaim: 0.2 ms]
      [Free CSet: 1.7 ms]
   [Eden: 288.0M(288.0M)->0.0B(288.0M) Survivors: 42.0M->42.0M Heap: 2682.0M(6605.0M)->2519.5M(6616.0M)]
 [Times: user=1.03 sys=0.28, real=0.53 secs]
         vmop                    [threads: total initially_running wait_to_block]    [time: spin block sync cleanup vmop] page_trap_count
142.137: G1IncCollectionPause             [      28          0              0    ]      [     0     0     0     0   523    ]  0
2017-11-22T09:55:40.766+0800: 142.660: Total time for which application threads were stopped: 0.5235153 seconds, Stopping threads took: 0.0000591 seconds
         vmop                    [threads: total initially_running wait_to_block]    [time: spin block sync cleanup vmop] page_trap_count
143.197: BulkRevokeBias                   [      28          1              1    ]      [    15     0    21     0     0    ]  1
2017-11-22T09:55:41.325+0800: 143.219: Total time for which application threads were stopped: 0.0163124 seconds, Stopping threads took: 0.0158055 seconds
         vmop                    [threads: total initially_running wait_to_block]    [time: spin block sync cleanup vmop] page_trap_count
144.699: RevokeBias                       [      28          1              0    ]      [     0     0    27     0     0    ]  0
2017-11-22T09:55:42.833+0800: 144.727: Total time for which application threads were stopped: 0.0003635 seconds, Stopping threads took: 0.0001071 seconds
2017-11-22T09:55:43.073+0800: 144.967: [GC pause (G1 Evacuation Pause) (young) 144.967: [G1Ergonomics (CSet Construction) start choosing CSet, _pending_cards: 4399, predicted base time: 92.19 ms, remaining time: 107.81 ms, target pause time: 200.00 ms]
 144.968: [G1Ergonomics (CSet Construction) add young regions to CSet, eden: 288 regions, survivors: 42 regions, predicted young region time: 524.68 ms]
 144.968: [G1Ergonomics (CSet Construction) finish choosing CSet, eden: 288 regions, survivors: 42 regions, old: 0 regions, predicted pause time: 616.87 ms, target pause time: 200.00 ms]
 145.785: [G1Ergonomics (Heap Sizing) attempt heap expansion, reason: recent GC overhead higher than threshold after GC, recent GC overhead: 20.54 %, threshold: 10.00 %, uncommitted: 41943040 bytes, calculated expansion amount: 8388608 bytes (20.00 %)]
 145.785: [G1Ergonomics (Heap Sizing) expand the heap, requested expansion amount: 8388608 bytes, attempted expansion amount: 8388608 bytes]
, 0.8176125 secs]
   [Parallel Time: 799.9 ms, GC Workers: 8]
      [GC Worker Start (ms): Min: 144968.6, Avg: 144984.3, Max: 144997.4, Diff: 28.8]
      [Ext Root Scanning (ms): Min: 0.0, Avg: 0.3, Max: 2.5, Diff: 2.5, Sum: 2.5]
      [Update RS (ms): Min: 0.0, Avg: 19.4, Max: 48.0, Diff: 48.0, Sum: 155.1]
         [Processed Buffers: Min: 0, Avg: 2.9, Max: 7, Diff: 7, Sum: 23]
      [Scan RS (ms): Min: 201.0, Avg: 214.7, Max: 237.3, Diff: 36.2, Sum: 1717.4]
      [Code Root Scanning (ms): Min: 0.0, Avg: 0.0, Max: 0.0, Diff: 0.0, Sum: 0.1]
      [Object Copy (ms): Min: 524.4, Avg: 537.3, Max: 552.2, Diff: 27.9, Sum: 4298.6]
      [Termination (ms): Min: 0.0, Avg: 6.8, Max: 12.0, Diff: 12.0, Sum: 54.5]
         [Termination Attempts: Min: 1, Avg: 1.0, Max: 1, Diff: 0, Sum: 8]
      [GC Worker Other (ms): Min: 0.0, Avg: 0.0, Max: 0.0, Diff: 0.0, Sum: 0.1]
      [GC Worker Total (ms): Min: 764.3, Avg: 778.5, Max: 793.1, Diff: 28.8, Sum: 6228.4]
      [GC Worker End (ms): Min: 145761.6, Avg: 145762.8, Max: 145768.4, Diff: 6.8]
   [Code Root Fixup: 0.0 ms]
   [Code Root Purge: 0.0 ms]
   [Clear CT: 1.1 ms]
   [Other: 16.5 ms]
      [Choose CSet: 0.0 ms]
      [Ref Proc: 5.6 ms]
      [Ref Enq: 0.0 ms]
      [Redirty Cards: 7.1 ms]
      [Humongous Register: 0.5 ms]
      [Humongous Reclaim: 0.2 ms]
      [Free CSet: 1.5 ms]
   [Eden: 288.0M(288.0M)->0.0B(289.0M) Survivors: 42.0M->42.0M Heap: 2807.5M(6616.0M)->2645.5M(6624.0M)]
 [Times: user=1.03 sys=0.66, real=0.82 secs]
         vmop                    [threads: total initially_running wait_to_block]    [time: spin block sync cleanup vmop] page_trap_count
144.967: G1IncCollectionPause             [      28          0              1    ]      [     0     0     0     0   817    ]  0
2017-11-22T09:55:43.891+0800: 145.785: Total time for which application threads were stopped: 0.8179458 seconds, Stopping threads took: 0.0000458 seconds
         vmop                    [threads: total initially_running wait_to_block]    [time: spin block sync cleanup vmop] page_trap_count
146.457: RevokeBias                       [      28          1              1    ]      [     0     5     9     0     0    ]  1
2017-11-22T09:55:44.573+0800: 146.467: Total time for which application threads were stopped: 0.0053287 seconds, Stopping threads took: 0.0050821 seconds
         vmop                    [threads: total initially_running wait_to_block]    [time: spin block sync cleanup vmop] page_trap_count
147.467: no vm operation                  [      28          1              1    ]      [     0     0     0     0     0    ]  1
2017-11-22T09:55:45.573+0800: 147.467: Total time for which application threads were stopped: 0.0002662 seconds, Stopping threads took: 0.0000645 seconds
         vmop                    [threads: total initially_running wait_to_block]    [time: spin block sync cleanup vmop] page_trap_count
147.653: RevokeBias                       [      28          1              1    ]      [     6     0     7     0     0    ]  1
2017-11-22T09:55:45.766+0800: 147.661: Total time for which application threads were stopped: 0.0078510 seconds, Stopping threads took: 0.0076099 seconds
2017-11-22T09:55:45.863+0800: 147.757: [GC pause (G1 Evacuation Pause) (young) 147.757: [G1Ergonomics (CSet Construction) start choosing CSet, _pending_cards: 16437, predicted base time: 134.79 ms, remaining time: 65.21 ms, target pause time: 200.00 ms]
 147.757: [G1Ergonomics (CSet Construction) add young regions to CSet, eden: 289 regions, survivors: 42 regions, predicted young region time: 613.99 ms]
 147.757: [G1Ergonomics (CSet Construction) finish choosing CSet, eden: 289 regions, survivors: 42 regions, old: 0 regions, predicted pause time: 748.78 ms, target pause time: 200.00 ms]
 148.676: [G1Ergonomics (Heap Sizing) attempt heap expansion, reason: recent GC overhead higher than threshold after GC, recent GC overhead: 21.70 %, threshold: 10.00 %, uncommitted: 33554432 bytes, calculated expansion amount: 6710886 bytes (20.00 %)]
 148.676: [G1Ergonomics (Heap Sizing) expand the heap, requested expansion amount: 6710886 bytes, attempted expansion amount: 7340032 bytes]
, 0.9190478 secs]
   [Parallel Time: 858.8 ms, GC Workers: 8]
      [GC Worker Start (ms): Min: 147758.2, Avg: 147764.1, Max: 147769.4, Diff: 11.2]
      [Ext Root Scanning (ms): Min: 0.0, Avg: 0.3, Max: 1.2, Diff: 1.2, Sum: 2.3]
      [Update RS (ms): Min: 24.2, Avg: 38.4, Max: 67.6, Diff: 43.3, Sum: 307.2]
         [Processed Buffers: Min: 1, Avg: 9.1, Max: 24, Diff: 23, Sum: 73]
      [Scan RS (ms): Min: 125.9, Avg: 154.0, Max: 173.9, Diff: 48.0, Sum: 1232.3]
      [Code Root Scanning (ms): Min: 0.0, Avg: 0.0, Max: 0.0, Diff: 0.0, Sum: 0.1]
      [Object Copy (ms): Min: 592.0, Avg: 620.9, Max: 643.5, Diff: 51.4, Sum: 4966.9]
      [Termination (ms): Min: 0.0, Avg: 24.9, Max: 47.6, Diff: 47.6, Sum: 199.2]
         [Termination Attempts: Min: 1, Avg: 21.0, Max: 37, Diff: 36, Sum: 168]
      [GC Worker Other (ms): Min: 0.0, Avg: 0.0, Max: 0.0, Diff: 0.0, Sum: 0.2]
      [GC Worker Total (ms): Min: 830.1, Avg: 838.5, Max: 852.9, Diff: 22.8, Sum: 6708.2]
      [GC Worker End (ms): Min: 148599.5, Avg: 148602.6, Max: 148614.3, Diff: 14.8]
   [Code Root Fixup: 0.0 ms]
   [Code Root Purge: 0.0 ms]
   [Clear CT: 7.7 ms]
   [Other: 52.4 ms]
      [Choose CSet: 0.0 ms]
      [Ref Proc: 37.3 ms]
      [Ref Enq: 0.0 ms]
      [Redirty Cards: 11.0 ms]
      [Humongous Register: 0.5 ms]
      [Humongous Reclaim: 0.3 ms]
      [Free CSet: 1.8 ms]
   [Eden: 289.0M(289.0M)->0.0B(289.0M) Survivors: 42.0M->42.0M Heap: 2934.5M(6624.0M)->2771.0M(6631.0M)]
 [Times: user=1.27 sys=0.66, real=0.92 secs]
         vmop                    [threads: total initially_running wait_to_block]    [time: spin block sync cleanup vmop] page_trap_count
147.755: G1IncCollectionPause             [      28          0              0    ]      [     0     0     2     0   919    ]  0
2017-11-22T09:55:46.782+0800: 148.676: Total time for which application threads were stopped: 0.9194903 seconds, Stopping threads took: 0.0000408 seconds
         vmop                    [threads: total initially_running wait_to_block]    [time: spin block sync cleanup vmop] page_trap_count
149.461: RevokeBias                       [      28          1              1    ]      [     0     0    20     0     0    ]  1
2017-11-22T09:55:47.587+0800: 149.482: Total time for which application threads were stopped: 0.0003317 seconds, Stopping threads took: 0.0001055 seconds
2017-11-22T09:55:48.227+0800: 150.121: [GC pause (G1 Evacuation Pause) (young) 150.121: [G1Ergonomics (CSet Construction) start choosing CSet, _pending_cards: 46802, predicted base time: 241.12 ms, remaining time: 0.00 ms, target pause time: 200.00 ms]
 150.121: [G1Ergonomics (CSet Construction) add young regions to CSet, eden: 289 regions, survivors: 42 regions, predicted young region time: 635.96 ms]
 150.121: [G1Ergonomics (CSet Construction) finish choosing CSet, eden: 289 regions, survivors: 42 regions, old: 0 regions, predicted pause time: 877.08 ms, target pause time: 200.00 ms]
 150.831: [G1Ergonomics (Heap Sizing) attempt heap expansion, reason: recent GC overhead higher than threshold after GC, recent GC overhead: 22.88 %, threshold: 10.00 %, uncommitted: 26214400 bytes, calculated expansion amount: 5242880 bytes (20.00 %)]
 150.831: [G1Ergonomics (Heap Sizing) expand the heap, requested expansion amount: 5242880 bytes, attempted expansion amount: 5242880 bytes]
, 0.7103188 secs]
   [Parallel Time: 694.3 ms, GC Workers: 8]
      [GC Worker Start (ms): Min: 150122.1, Avg: 150133.0, Max: 150145.4, Diff: 23.3]
      [Ext Root Scanning (ms): Min: 0.0, Avg: 0.3, Max: 2.4, Diff: 2.4, Sum: 2.5]
      [Update RS (ms): Min: 91.7, Avg: 105.9, Max: 118.3, Diff: 26.7, Sum: 847.0]
         [Processed Buffers: Min: 18, Avg: 23.5, Max: 39, Diff: 21, Sum: 188]
      [Scan RS (ms): Min: 107.8, Avg: 111.5, Max: 113.5, Diff: 5.7, Sum: 891.9]
      [Code Root Scanning (ms): Min: 0.0, Avg: 0.0, Max: 0.0, Diff: 0.0, Sum: 0.1]
      [Object Copy (ms): Min: 396.2, Avg: 406.1, Max: 425.8, Diff: 29.6, Sum: 3249.1]
      [Termination (ms): Min: 0.0, Avg: 28.3, Max: 70.0, Diff: 70.0, Sum: 226.5]
         [Termination Attempts: Min: 1, Avg: 1.6, Max: 5, Diff: 4, Sum: 13]
      [GC Worker Other (ms): Min: 0.0, Avg: 0.0, Max: 0.0, Diff: 0.0, Sum: 0.1]
      [GC Worker Total (ms): Min: 638.7, Avg: 652.1, Max: 688.9, Diff: 50.2, Sum: 5217.2]
      [GC Worker End (ms): Min: 150776.4, Avg: 150785.1, Max: 150816.3, Diff: 39.9]
   [Code Root Fixup: 0.0 ms]
   [Code Root Purge: 0.0 ms]
   [Clear CT: 1.5 ms]
   [Other: 14.5 ms]
      [Choose CSet: 0.0 ms]
      [Ref Proc: 4.1 ms]
      [Ref Enq: 0.0 ms]
      [Redirty Cards: 6.9 ms]
      [Humongous Register: 0.4 ms]
      [Humongous Reclaim: 0.2 ms]
      [Free CSet: 1.4 ms]
   [Eden: 289.0M(289.0M)->0.0B(289.0M) Survivors: 42.0M->42.0M Heap: 3060.0M(6631.0M)->2896.5M(6636.0M)]
 [Times: user=1.39 sys=0.27, real=0.71 secs]
         vmop                    [threads: total initially_running wait_to_block]    [time: spin block sync cleanup vmop] page_trap_count
150.121: G1IncCollectionPause             [      28          0              0    ]      [     0     0     0     0   710    ]  0
2017-11-22T09:55:48.937+0800: 150.832: Total time for which application threads were stopped: 0.7106578 seconds, Stopping threads took: 0.0000453 seconds
         vmop                    [threads: total initially_running wait_to_block]    [time: spin block sync cleanup vmop] page_trap_count
150.883: RevokeBias                       [      28          1              1    ]      [     0     0     3     0     0    ]  1
2017-11-22T09:55:48.992+0800: 150.887: Total time for which application threads were stopped: 0.0002826 seconds, Stopping threads took: 0.0000708 seconds
         vmop                    [threads: total initially_running wait_to_block]    [time: spin block sync cleanup vmop] page_trap_count
151.602: RevokeBias                       [      28          1              1    ]      [    10     0    11     0     0    ]  1
2017-11-22T09:55:49.719+0800: 151.613: Total time for which application threads were stopped: 0.0113002 seconds, Stopping threads took: 0.0108709 seconds
2017-11-22T09:55:50.646+0800: 152.540: [GC pause (G1 Evacuation Pause) (young) 152.540: [G1Ergonomics (CSet Construction) start choosing CSet, _pending_cards: 6265, predicted base time: 107.97 ms, remaining time: 92.03 ms, target pause time: 200.00 ms]
 152.540: [G1Ergonomics (CSet Construction) add young regions to CSet, eden: 289 regions, survivors: 42 regions, predicted young region time: 648.74 ms]
 152.540: [G1Ergonomics (CSet Construction) finish choosing CSet, eden: 289 regions, survivors: 42 regions, old: 0 regions, predicted pause time: 756.72 ms, target pause time: 200.00 ms]
 153.322: [G1Ergonomics (Heap Sizing) attempt heap expansion, reason: recent GC overhead higher than threshold after GC, recent GC overhead: 24.12 %, threshold: 10.00 %, uncommitted: 20971520 bytes, calculated expansion amount: 4194304 bytes (20.00 %)]
 153.322: [G1Ergonomics (Heap Sizing) expand the heap, requested expansion amount: 4194304 bytes, attempted expansion amount: 4194304 bytes]
 153.322: [G1Ergonomics (Concurrent Cycles) request concurrent cycle initiation, reason: occupancy higher than threshold, occupancy: 3135242240 bytes, allocation request: 0 bytes, threshold: 3133145070 bytes (45.00 %), source: end of GC]
, 0.7819721 secs]
   [Parallel Time: 720.1 ms, GC Workers: 8]
      [GC Worker Start (ms): Min: 152541.5, Avg: 152556.5, Max: 152571.4, Diff: 29.9]
      [Ext Root Scanning (ms): Min: 0.0, Avg: 0.4, Max: 2.5, Diff: 2.5, Sum: 3.1]
      [Update RS (ms): Min: 0.0, Avg: 18.8, Max: 68.1, Diff: 68.1, Sum: 150.7]
         [Processed Buffers: Min: 0, Avg: 4.0, Max: 13, Diff: 13, Sum: 32]
      [Scan RS (ms): Min: 193.8, Avg: 229.1, Max: 258.1, Diff: 64.3, Sum: 1832.4]
      [Code Root Scanning (ms): Min: 0.0, Avg: 0.0, Max: 0.1, Diff: 0.0, Sum: 0.1]
      [Object Copy (ms): Min: 382.2, Avg: 425.2, Max: 456.8, Diff: 74.6, Sum: 3401.6]
      [Termination (ms): Min: 0.0, Avg: 25.6, Max: 53.9, Diff: 53.9, Sum: 205.1]
         [Termination Attempts: Min: 1, Avg: 1.2, Max: 3, Diff: 2, Sum: 10]
      [GC Worker Other (ms): Min: 0.0, Avg: 0.0, Max: 0.0, Diff: 0.0, Sum: 0.1]
      [GC Worker Total (ms): Min: 683.0, Avg: 699.2, Max: 713.0, Diff: 30.0, Sum: 5593.2]
      [GC Worker End (ms): Min: 153254.4, Avg: 153255.6, Max: 153261.4, Diff: 7.1]
   [Code Root Fixup: 0.0 ms]
   [Code Root Purge: 0.0 ms]
   [Clear CT: 11.9 ms]
   [Other: 49.9 ms]
      [Choose CSet: 0.0 ms]
      [Ref Proc: 35.9 ms]
      [Ref Enq: 0.0 ms]
      [Redirty Cards: 9.8 ms]
      [Humongous Register: 0.5 ms]
      [Humongous Reclaim: 0.3 ms]
      [Free CSet: 1.7 ms]
   [Eden: 289.0M(289.0M)->0.0B(290.0M) Survivors: 42.0M->42.0M Heap: 3185.5M(6636.0M)->3023.5M(6640.0M)]
 [Times: user=1.26 sys=0.25, real=0.78 secs]
         vmop                    [threads: total initially_running wait_to_block]    [time: spin block sync cleanup vmop] page_trap_count
152.537: G1IncCollectionPause             [      28          0              0    ]      [     0     0     2     0   782    ]  0
2017-11-22T09:55:51.428+0800: 153.323: Total time for which application threads were stopped: 0.7823725 seconds, Stopping threads took: 0.0000440 seconds
         vmop                    [threads: total initially_running wait_to_block]    [time: spin block sync cleanup vmop] page_trap_count
153.470: RevokeBias                       [      28          1              1    ]      [     0     0     0     0     0    ]  1
2017-11-22T09:55:51.576+0800: 153.470: Total time for which application threads were stopped: 0.0002644 seconds, Stopping threads took: 0.0000752 seconds
         vmop                    [threads: total initially_running wait_to_block]    [time: spin block sync cleanup vmop] page_trap_count
154.404: RevokeBias                       [      28          1              1    ]      [     0     1     1     0     0    ]  1
2017-11-22T09:55:52.511+0800: 154.406: Total time for which application threads were stopped: 0.0013226 seconds, Stopping threads took: 0.0010948 seconds
         vmop                    [threads: total initially_running wait_to_block]    [time: spin block sync cleanup vmop] page_trap_count
154.411: RevokeBias                       [      28          1              1    ]      [     5     0     5     0     0    ]  1
2017-11-22T09:55:52.523+0800: 154.417: Total time for which application threads were stopped: 0.0056951 seconds, Stopping threads took: 0.0053326 seconds
         vmop                    [threads: total initially_running wait_to_block]    [time: spin block sync cleanup vmop] page_trap_count
154.895: RevokeBias                       [      28          1              1    ]      [     0     0    14     0     0    ]  1
2017-11-22T09:55:53.015+0800: 154.910: Total time for which application threads were stopped: 0.0003086 seconds, Stopping threads took: 0.0000695 seconds
 154.958: [G1Ergonomics (Concurrent Cycles) initiate concurrent cycle, reason: concurrent cycle initiation requested]
2017-11-22T09:55:53.064+0800: 154.959: [GC pause (G1 Evacuation Pause) (young) (initial-mark) 154.960: [G1Ergonomics (CSet Construction) start choosing CSet, _pending_cards: 5611, predicted base time: 114.01 ms, remaining time: 85.99 ms, target pause time: 200.00 ms]
 154.960: [G1Ergonomics (CSet Construction) add young regions to CSet, eden: 290 regions, survivors: 42 regions, predicted young region time: 669.82 ms]
 154.960: [G1Ergonomics (CSet Construction) finish choosing CSet, eden: 290 regions, survivors: 42 regions, old: 0 regions, predicted pause time: 783.84 ms, target pause time: 200.00 ms]
 155.791: [G1Ergonomics (Heap Sizing) attempt heap expansion, reason: recent GC overhead higher than threshold after GC, recent GC overhead: 24.51 %, threshold: 10.00 %, uncommitted: 16777216 bytes, calculated expansion amount: 3355443 bytes (20.00 %)]
 155.791: [G1Ergonomics (Heap Sizing) expand the heap, requested expansion amount: 3355443 bytes, attempted expansion amount: 4194304 bytes]
, 0.8325179 secs]
   [Parallel Time: 786.2 ms, GC Workers: 8]
      [GC Worker Start (ms): Min: 154960.2, Avg: 154966.2, Max: 154968.3, Diff: 8.1]
      [Ext Root Scanning (ms): Min: 6.9, Avg: 13.1, Max: 21.1, Diff: 14.2, Sum: 104.6]
      [Update RS (ms): Min: 0.0, Avg: 29.6, Max: 83.9, Diff: 83.9, Sum: 236.6]
         [Processed Buffers: Min: 0, Avg: 3.5, Max: 10, Diff: 10, Sum: 28]
      [Scan RS (ms): Min: 167.7, Avg: 192.4, Max: 208.2, Diff: 40.6, Sum: 1539.1]
      [Code Root Scanning (ms): Min: 0.0, Avg: 0.0, Max: 0.0, Diff: 0.0, Sum: 0.1]
      [Object Copy (ms): Min: 505.6, Avg: 522.7, Max: 542.2, Diff: 36.6, Sum: 4181.6]
      [Termination (ms): Min: 0.0, Avg: 13.4, Max: 19.7, Diff: 19.7, Sum: 107.3]
         [Termination Attempts: Min: 1, Avg: 4.6, Max: 8, Diff: 7, Sum: 37]
      [GC Worker Other (ms): Min: 0.0, Avg: 0.0, Max: 0.0, Diff: 0.0, Sum: 0.1]
      [GC Worker Total (ms): Min: 769.1, Avg: 771.2, Max: 777.2, Diff: 8.1, Sum: 6169.5]
      [GC Worker End (ms): Min: 155737.4, Avg: 155737.4, Max: 155737.4, Diff: 0.0]
   [Code Root Fixup: 0.1 ms]
   [Code Root Purge: 0.0 ms]
   [Clear CT: 1.3 ms]
   [Other: 45.0 ms]
      [Choose CSet: 0.0 ms]
      [Ref Proc: 35.8 ms]
      [Ref Enq: 0.0 ms]
      [Redirty Cards: 4.8 ms]
      [Humongous Register: 0.1 ms]
      [Humongous Reclaim: 0.2 ms]
      [Free CSet: 1.3 ms]
   [Eden: 290.0M(290.0M)->0.0B(290.0M) Survivors: 42.0M->42.0M Heap: 3313.5M(6640.0M)->3150.5M(6644.0M)]
 [Times: user=1.14 sys=0.77, real=0.83 secs]
         vmop                    [threads: total initially_running wait_to_block]    [time: spin block sync cleanup vmop] page_trap_count
154.953: G1IncCollectionPause             [      28          0              1    ]      [     0     0     5     0   832    ]  0
2017-11-22T09:55:53.897+0800: 155.791: Total time for which application threads were stopped: 0.8331047 seconds, Stopping threads took: 0.0002602 seconds
2017-11-22T09:55:53.897+0800: 155.791: [GC concurrent-root-region-scan-start]
2017-11-22T09:55:54.035+0800: 155.929: [GC concurrent-root-region-scan-end, 0.1375391 secs]
2017-11-22T09:55:54.035+0800: 155.929: [GC concurrent-mark-start]
         vmop                    [threads: total initially_running wait_to_block]    [time: spin block sync cleanup vmop] page_trap_count
156.892: RevokeBias                       [      28          1              1    ]      [     2     0   441     0     0    ]  1
2017-11-22T09:55:55.439+0800: 157.334: Total time for which application threads were stopped: 0.0027360 seconds, Stopping threads took: 0.0025164 seconds
         vmop                    [threads: total initially_running wait_to_block]    [time: spin block sync cleanup vmop] page_trap_count
157.364: RevokeBias                       [      28          1              1    ]      [     0     0     4     0     0    ]  1
2017-11-22T09:55:55.474+0800: 157.369: Total time for which application threads were stopped: 0.0003389 seconds, Stopping threads took: 0.0001060 seconds
         vmop                    [threads: total initially_running wait_to_block]    [time: spin block sync cleanup vmop] page_trap_count
158.126: RevokeBias                       [      28          0              0    ]      [     0     0    18     0     0    ]  0
2017-11-22T09:55:56.250+0800: 158.144: Total time for which application threads were stopped: 0.0002948 seconds, Stopping threads took: 0.0000399 seconds
2017-11-22T09:55:56.934+0800: 158.828: [GC pause (G1 Evacuation Pause) (young) 158.828: [G1Ergonomics (CSet Construction) start choosing CSet, _pending_cards: 2725, predicted base time: 105.27 ms, remaining time: 94.73 ms, target pause time: 200.00 ms]
 158.828: [G1Ergonomics (CSet Construction) add young regions to CSet, eden: 290 regions, survivors: 42 regions, predicted young region time: 682.19 ms]
 158.828: [G1Ergonomics (CSet Construction) finish choosing CSet, eden: 290 regions, survivors: 42 regions, old: 0 regions, predicted pause time: 787.45 ms, target pause time: 200.00 ms]
 159.794: [G1Ergonomics (Heap Sizing) attempt heap expansion, reason: recent GC overhead higher than threshold after GC, recent GC overhead: 26.05 %, threshold: 10.00 %, uncommitted: 12582912 bytes, calculated expansion amount: 2516582 bytes (20.00 %)]
 159.794: [G1Ergonomics (Heap Sizing) expand the heap, requested expansion amount: 2516582 bytes, attempted expansion amount: 3145728 bytes]
, 0.9659491 secs]
   [Parallel Time: 937.1 ms, GC Workers: 8]
      [GC Worker Start (ms): Min: 158829.1, Avg: 158849.5, Max: 158866.4, Diff: 37.3]
      [Ext Root Scanning (ms): Min: 0.0, Avg: 0.3, Max: 2.1, Diff: 2.1, Sum: 2.1]
      [Update RS (ms): Min: 0.0, Avg: 11.9, Max: 74.4, Diff: 74.4, Sum: 95.4]
         [Processed Buffers: Min: 0, Avg: 2.6, Max: 14, Diff: 14, Sum: 21]
      [Scan RS (ms): Min: 143.2, Avg: 194.5, Max: 222.7, Diff: 79.4, Sum: 1555.7]
      [Code Root Scanning (ms): Min: 0.0, Avg: 0.0, Max: 0.1, Diff: 0.0, Sum: 0.2]
      [Object Copy (ms): Min: 614.7, Avg: 635.8, Max: 705.0, Diff: 90.3, Sum: 5086.6]
      [Termination (ms): Min: 0.0, Avg: 64.0, Max: 84.8, Diff: 84.8, Sum: 512.1]
         [Termination Attempts: Min: 1, Avg: 1.5, Max: 5, Diff: 4, Sum: 12]
      [GC Worker Other (ms): Min: 0.0, Avg: 0.0, Max: 0.0, Diff: 0.0, Sum: 0.1]
      [GC Worker Total (ms): Min: 887.7, Avg: 906.5, Max: 936.3, Diff: 48.6, Sum: 7252.3]
      [GC Worker End (ms): Min: 159754.1, Avg: 159756.0, Max: 159765.4, Diff: 11.3]
   [Code Root Fixup: 0.0 ms]
   [Code Root Purge: 0.0 ms]
   [Clear CT: 2.2 ms]
   [Other: 26.6 ms]
      [Choose CSet: 0.0 ms]
      [Ref Proc: 15.7 ms]
      [Ref Enq: 0.0 ms]
      [Redirty Cards: 7.3 ms]
      [Humongous Register: 0.5 ms]
      [Humongous Reclaim: 0.2 ms]
      [Free CSet: 1.4 ms]
   [Eden: 290.0M(290.0M)->0.0B(290.0M) Survivors: 42.0M->42.0M Heap: 3440.5M(6644.0M)->3277.5M(6647.0M)]
 [Times: user=1.20 sys=0.70, real=0.97 secs]
         vmop                    [threads: total initially_running wait_to_block]    [time: spin block sync cleanup vmop] page_trap_count
158.809: G1IncCollectionPause             [      28          0              0    ]      [     0     0    18     0   966    ]  0
2017-11-22T09:55:57.900+0800: 159.794: Total time for which application threads were stopped: 0.9662747 seconds, Stopping threads took: 0.0000348 seconds
         vmop                    [threads: total initially_running wait_to_block]    [time: spin block sync cleanup vmop] page_trap_count
160.381: RevokeBias                       [      28          1              1    ]      [     7     0    27     0     0    ]  1
2017-11-22T09:55:58.514+0800: 160.408: Total time for which application threads were stopped: 0.0083709 seconds, Stopping threads took: 0.0080318 seconds
         vmop                    [threads: total initially_running wait_to_block]    [time: spin block sync cleanup vmop] page_trap_count
160.779: RevokeBias                       [      28          0              0    ]      [     0     0     0     0     0    ]  0
2017-11-22T09:55:58.885+0800: 160.779: Total time for which application threads were stopped: 0.0002395 seconds, Stopping threads took: 0.0000601 seconds
         vmop                    [threads: total initially_running wait_to_block]    [time: spin block sync cleanup vmop] page_trap_count
161.196: RevokeBias                       [      28          1              1    ]      [     0     0    10     0     0    ]  1
2017-11-22T09:55:59.312+0800: 161.207: Total time for which application threads were stopped: 0.0003469 seconds, Stopping threads took: 0.0000896 seconds
         vmop                    [threads: total initially_running wait_to_block]    [time: spin block sync cleanup vmop] page_trap_count
161.625: RevokeBias                       [      28          1              1    ]      [     5     3     9     0     0    ]  1
2017-11-22T09:55:59.740+0800: 161.634: Total time for which application threads were stopped: 0.0093899 seconds, Stopping threads took: 0.0090539 seconds
2017-11-22T09:56:00.163+0800: 162.058: [GC pause (G1 Evacuation Pause) (young) 162.058: [G1Ergonomics (CSet Construction) start choosing CSet, _pending_cards: 5764, predicted base time: 115.59 ms, remaining time: 84.41 ms, target pause time: 200.00 ms]
 162.058: [G1Ergonomics (CSet Construction) add young regions to CSet, eden: 290 regions, survivors: 42 regions, predicted young region time: 628.76 ms]
 162.058: [G1Ergonomics (CSet Construction) finish choosing CSet, eden: 290 regions, survivors: 42 regions, old: 0 regions, predicted pause time: 744.35 ms, target pause time: 200.00 ms]
 162.992: [G1Ergonomics (Heap Sizing) attempt heap expansion, reason: recent GC overhead higher than threshold after GC, recent GC overhead: 26.38 %, threshold: 10.00 %, uncommitted: 9437184 bytes, calculated expansion amount: 1887436 bytes (20.00 %)]
 162.992: [G1Ergonomics (Heap Sizing) expand the heap, requested expansion amount: 1887436 bytes, attempted expansion amount: 2097152 bytes]
, 0.9344622 secs]
   [Parallel Time: 883.0 ms, GC Workers: 8]
      [GC Worker Start (ms): Min: 162058.4, Avg: 162071.2, Max: 162082.3, Diff: 23.8]
      [Ext Root Scanning (ms): Min: 0.0, Avg: 0.3, Max: 2.2, Diff: 2.2, Sum: 2.3]
      [Update RS (ms): Min: 0.0, Avg: 15.1, Max: 40.1, Diff: 40.1, Sum: 120.4]
         [Processed Buffers: Min: 0, Avg: 3.6, Max: 10, Diff: 10, Sum: 29]
      [Scan RS (ms): Min: 154.6, Avg: 175.0, Max: 190.1, Diff: 35.5, Sum: 1400.4]
      [Code Root Scanning (ms): Min: 0.0, Avg: 0.0, Max: 0.1, Diff: 0.0, Sum: 0.2]
      [Object Copy (ms): Min: 630.1, Avg: 645.2, Max: 657.3, Diff: 27.2, Sum: 5161.7]
      [Termination (ms): Min: 0.0, Avg: 12.0, Max: 16.7, Diff: 16.7, Sum: 96.3]
         [Termination Attempts: Min: 1, Avg: 1.2, Max: 2, Diff: 1, Sum: 10]
      [GC Worker Other (ms): Min: 0.0, Avg: 0.0, Max: 0.0, Diff: 0.0, Sum: 0.1]
      [GC Worker Total (ms): Min: 836.6, Avg: 847.7, Max: 860.5, Diff: 23.9, Sum: 6781.5]
      [GC Worker End (ms): Min: 162918.9, Avg: 162918.9, Max: 162918.9, Diff: 0.1]
   [Code Root Fixup: 0.0 ms]
   [Code Root Purge: 0.0 ms]
   [Clear CT: 2.3 ms]
   [Other: 49.1 ms]
      [Choose CSet: 0.0 ms]
      [Ref Proc: 36.1 ms]
      [Ref Enq: 0.0 ms]
      [Redirty Cards: 10.0 ms]
      [Humongous Register: 0.3 ms]
      [Humongous Reclaim: 0.2 ms]
      [Free CSet: 1.3 ms]
   [Eden: 290.0M(290.0M)->0.0B(290.0M) Survivors: 42.0M->42.0M Heap: 3567.5M(6647.0M)->3405.0M(6649.0M)]
 [Times: user=1.19 sys=0.68, real=0.93 secs]
         vmop                    [threads: total initially_running wait_to_block]    [time: spin block sync cleanup vmop] page_trap_count
162.050: G1IncCollectionPause             [      28          0              0    ]      [     0     0     7     0   934    ]  0
2017-11-22T09:56:01.098+0800: 162.992: Total time for which application threads were stopped: 0.9348515 seconds, Stopping threads took: 0.0000319 seconds
         vmop                    [threads: total initially_running wait_to_block]    [time: spin block sync cleanup vmop] page_trap_count
163.890: RevokeBias                       [      28          1              1    ]      [     7     0    27     0     0    ]  1
2017-11-22T09:56:02.023+0800: 163.918: Total time for which application threads were stopped: 0.0082776 seconds, Stopping threads took: 0.0080466 seconds
         vmop                    [threads: total initially_running wait_to_block]    [time: spin block sync cleanup vmop] page_trap_count
164.825: RevokeBias                       [      28          1              0    ]      [     9     0    11     0     0    ]  0
2017-11-22T09:56:02.942+0800: 164.836: Total time for which application threads were stopped: 0.0095410 seconds, Stopping threads took: 0.0092849 seconds
2017-11-22T09:56:03.451+0800: 165.345: [GC pause (G1 Evacuation Pause) (young) 165.345: [G1Ergonomics (CSet Construction) start choosing CSet, _pending_cards: 3869, predicted base time: 110.03 ms, remaining time: 89.97 ms, target pause time: 200.00 ms]
 165.345: [G1Ergonomics (CSet Construction) add young regions to CSet, eden: 290 regions, survivors: 42 regions, predicted young region time: 708.07 ms]
 165.345: [G1Ergonomics (CSet Construction) finish choosing CSet, eden: 290 regions, survivors: 42 regions, old: 0 regions, predicted pause time: 818.10 ms, target pause time: 200.00 ms]
 166.417: [G1Ergonomics (Heap Sizing) attempt heap expansion, reason: recent GC overhead higher than threshold after GC, recent GC overhead: 27.52 %, threshold: 10.00 %, uncommitted: 7340032 bytes, calculated expansion amount: 1468006 bytes (20.00 %)]
 166.418: [G1Ergonomics (Heap Sizing) expand the heap, requested expansion amount: 1468006 bytes, attempted expansion amount: 2097152 bytes]
, 1.0724286 secs]
   [Parallel Time: 1003.3 ms, GC Workers: 8]
      [GC Worker Start (ms): Min: 165346.3, Avg: 165373.0, Max: 165389.4, Diff: 43.1]
      [Ext Root Scanning (ms): Min: 0.0, Avg: 0.3, Max: 2.2, Diff: 2.1, Sum: 2.2]
      [Update RS (ms): Min: 0.0, Avg: 24.7, Max: 72.8, Diff: 72.8, Sum: 197.5]
         [Processed Buffers: Min: 0, Avg: 2.6, Max: 8, Diff: 8, Sum: 21]
      [Scan RS (ms): Min: 162.9, Avg: 192.2, Max: 212.4, Diff: 49.5, Sum: 1537.4]
      [Code Root Scanning (ms): Min: 0.0, Avg: 0.0, Max: 0.0, Diff: 0.0, Sum: 0.1]
      [Object Copy (ms): Min: 713.6, Avg: 723.1, Max: 742.8, Diff: 29.2, Sum: 5784.6]
      [Termination (ms): Min: 0.0, Avg: 19.4, Max: 40.0, Diff: 40.0, Sum: 155.1]
         [Termination Attempts: Min: 1, Avg: 4.8, Max: 10, Diff: 9, Sum: 38]
      [GC Worker Other (ms): Min: 0.0, Avg: 0.0, Max: 0.0, Diff: 0.0, Sum: 0.1]
      [GC Worker Total (ms): Min: 940.9, Avg: 959.6, Max: 992.0, Diff: 51.2, Sum: 7677.2]
      [GC Worker End (ms): Min: 166330.2, Avg: 166332.6, Max: 166349.4, Diff: 19.2]
   [Code Root Fixup: 0.0 ms]
   [Code Root Purge: 0.0 ms]
   [Clear CT: 24.8 ms]
   [Other: 44.3 ms]
      [Choose CSet: 0.0 ms]
      [Ref Proc: 34.0 ms]
      [Ref Enq: 0.0 ms]
      [Redirty Cards: 7.2 ms]
      [Humongous Register: 0.3 ms]
      [Humongous Reclaim: 0.2 ms]
      [Free CSet: 1.3 ms]
   [Eden: 290.0M(290.0M)->0.0B(290.0M) Survivors: 42.0M->42.0M Heap: 3695.0M(6649.0M)->3532.0M(6651.0M)]
 [Times: user=1.11 sys=0.70, real=1.08 secs]
         vmop                    [threads: total initially_running wait_to_block]    [time: spin block sync cleanup vmop] page_trap_count
165.321: G1IncCollectionPause             [      28          0              0    ]      [     0     0    23     0  1072    ]  0
2017-11-22T09:56:04.524+0800: 166.418: Total time for which application threads were stopped: 1.0727734 seconds, Stopping threads took: 0.0000324 seconds
         vmop                    [threads: total initially_running wait_to_block]    [time: spin block sync cleanup vmop] page_trap_count
167.418: no vm operation                  [      28          1              1    ]      [     2     1    35     0     0    ]  1
2017-11-22T09:56:05.559+0800: 167.454: Total time for which application threads were stopped: 0.0040947 seconds, Stopping threads took: 0.0039379 seconds
         vmop                    [threads: total initially_running wait_to_block]    [time: spin block sync cleanup vmop] page_trap_count
167.454: BulkRevokeBias                   [      28          1              1    ]      [     0     0     0     0     0    ]  1
2017-11-22T09:56:05.560+0800: 167.454: Total time for which application threads were stopped: 0.0003107 seconds, Stopping threads took: 0.0000467 seconds
2017-11-22T09:56:07.386+0800: 169.280: [GC pause (G1 Evacuation Pause) (young) 169.280: [G1Ergonomics (CSet Construction) start choosing CSet, _pending_cards: 2654, predicted base time: 122.06 ms, remaining time: 77.94 ms, target pause time: 200.00 ms]
 169.280: [G1Ergonomics (CSet Construction) add young regions to CSet, eden: 290 regions, survivors: 42 regions, predicted young region time: 796.92 ms]
 169.280: [G1Ergonomics (CSet Construction) finish choosing CSet, eden: 290 regions, survivors: 42 regions, old: 0 regions, predicted pause time: 918.97 ms, target pause time: 200.00 ms]
 169.775: [G1Ergonomics (Heap Sizing) attempt heap expansion, reason: recent GC overhead higher than threshold after GC, recent GC overhead: 28.33 %, threshold: 10.00 %, uncommitted: 5242880 bytes, calculated expansion amount: 1048576 bytes (20.00 %)]
 169.775: [G1Ergonomics (Heap Sizing) expand the heap, requested expansion amount: 1048576 bytes, attempted expansion amount: 1048576 bytes]
, 0.4949805 secs]
   [Parallel Time: 484.8 ms, GC Workers: 8]
      [GC Worker Start (ms): Min: 169280.7, Avg: 169293.3, Max: 169309.4, Diff: 28.6]
      [Ext Root Scanning (ms): Min: 0.0, Avg: 0.3, Max: 1.2, Diff: 1.2, Sum: 2.4]
      [Update RS (ms): Min: 0.0, Avg: 12.2, Max: 52.8, Diff: 52.8, Sum: 97.3]
         [Processed Buffers: Min: 0, Avg: 2.4, Max: 6, Diff: 6, Sum: 19]
      [Scan RS (ms): Min: 178.3, Avg: 211.5, Max: 225.2, Diff: 47.0, Sum: 1692.3]
      [Code Root Scanning (ms): Min: 0.0, Avg: 0.0, Max: 0.0, Diff: 0.0, Sum: 0.1]
      [Object Copy (ms): Min: 225.1, Avg: 232.2, Max: 240.3, Diff: 15.2, Sum: 1857.4]
      [Termination (ms): Min: 0.0, Avg: 3.8, Max: 9.1, Diff: 9.1, Sum: 30.6]
         [Termination Attempts: Min: 1, Avg: 1.6, Max: 4, Diff: 3, Sum: 13]
      [GC Worker Other (ms): Min: 0.0, Avg: 0.0, Max: 0.0, Diff: 0.0, Sum: 0.1]
      [GC Worker Total (ms): Min: 444.0, Avg: 460.1, Max: 472.6, Diff: 28.6, Sum: 3680.5]
      [GC Worker End (ms): Min: 169753.3, Avg: 169753.3, Max: 169753.4, Diff: 0.1]
   [Code Root Fixup: 0.0 ms]
   [Code Root Purge: 0.0 ms]
   [Clear CT: 1.1 ms]
   [Other: 9.0 ms]
      [Choose CSet: 0.0 ms]
      [Ref Proc: 0.7 ms]
      [Ref Enq: 0.0 ms]
      [Redirty Cards: 5.4 ms]
      [Humongous Register: 0.3 ms]
      [Humongous Reclaim: 0.2 ms]
      [Free CSet: 1.2 ms]
   [Eden: 290.0M(290.0M)->0.0B(290.0M) Survivors: 42.0M->42.0M Heap: 3822.0M(6651.0M)->3657.5M(6652.0M)]
 [Times: user=1.07 sys=0.00, real=0.49 secs]
         vmop                    [threads: total initially_running wait_to_block]    [time: spin block sync cleanup vmop] page_trap_count
169.269: G1IncCollectionPause             [      28          0              0    ]      [     0     0    10     0   495    ]  0
2017-11-22T09:56:07.881+0800: 169.775: Total time for which application threads were stopped: 0.4952857 seconds, Stopping threads took: 0.0000327 seconds
         vmop                    [threads: total initially_running wait_to_block]    [time: spin block sync cleanup vmop] page_trap_count
171.775: no vm operation                  [      28          1              1    ]      [     4     0    26     0     0    ]  1
2017-11-22T09:56:09.908+0800: 171.802: Total time for which application threads were stopped: 0.0045757 seconds, Stopping threads took: 0.0044268 seconds
2017-11-22T09:56:10.391+0800: 172.285: [GC pause (G1 Evacuation Pause) (young) 172.285: [G1Ergonomics (CSet Construction) start choosing CSet, _pending_cards: 12059, predicted base time: 155.35 ms, remaining time: 44.65 ms, target pause time: 200.00 ms]
 172.285: [G1Ergonomics (CSet Construction) add young regions to CSet, eden: 290 regions, survivors: 42 regions, predicted young region time: 722.51 ms]
 172.285: [G1Ergonomics (CSet Construction) finish choosing CSet, eden: 290 regions, survivors: 42 regions, old: 0 regions, predicted pause time: 877.86 ms, target pause time: 200.00 ms]
 173.102: [G1Ergonomics (Heap Sizing) attempt heap expansion, reason: recent GC overhead higher than threshold after GC, recent GC overhead: 26.81 %, threshold: 10.00 %, uncommitted: 4194304 bytes, calculated expansion amount: 838860 bytes (20.00 %)]
 173.102: [G1Ergonomics (Heap Sizing) expand the heap, requested expansion amount: 1048576 bytes, attempted expansion amount: 1048576 bytes]
, 0.8172440 secs]
   [Parallel Time: 763.3 ms, GC Workers: 8]
      [GC Worker Start (ms): Min: 172286.2, Avg: 172307.0, Max: 172317.4, Diff: 31.3]
      [Ext Root Scanning (ms): Min: 0.0, Avg: 0.3, Max: 2.6, Diff: 2.6, Sum: 2.6]
      [Update RS (ms): Min: 6.7, Avg: 22.4, Max: 51.5, Diff: 44.9, Sum: 179.0]
         [Processed Buffers: Min: 2, Avg: 6.5, Max: 15, Diff: 13, Sum: 52]
      [Scan RS (ms): Min: 137.0, Avg: 155.9, Max: 188.4, Diff: 51.4, Sum: 1247.1]
      [Code Root Scanning (ms): Min: 0.0, Avg: 0.0, Max: 0.0, Diff: 0.0, Sum: 0.1]
      [Object Copy (ms): Min: 513.3, Avg: 537.6, Max: 558.5, Diff: 45.2, Sum: 4301.1]
      [Termination (ms): Min: 0.0, Avg: 13.8, Max: 30.5, Diff: 30.4, Sum: 110.6]
         [Termination Attempts: Min: 1, Avg: 15.2, Max: 25, Diff: 24, Sum: 122]
      [GC Worker Other (ms): Min: 0.0, Avg: 0.0, Max: 0.0, Diff: 0.0, Sum: 0.2]
      [GC Worker Total (ms): Min: 718.5, Avg: 730.1, Max: 749.7, Diff: 31.2, Sum: 5840.7]
      [GC Worker End (ms): Min: 173035.9, Avg: 173037.1, Max: 173045.4, Diff: 9.5]
   [Code Root Fixup: 0.2 ms]
   [Code Root Purge: 0.0 ms]
   [Clear CT: 2.7 ms]
   [Other: 51.0 ms]
      [Choose CSet: 0.0 ms]
      [Ref Proc: 35.5 ms]
      [Ref Enq: 0.0 ms]
      [Redirty Cards: 12.4 ms]
      [Humongous Register: 0.3 ms]
      [Humongous Reclaim: 0.2 ms]
      [Free CSet: 1.3 ms]
   [Eden: 290.0M(290.0M)->0.0B(290.0M) Survivors: 42.0M->42.0M Heap: 3947.5M(6652.0M)->3784.5M(6653.0M)]
 [Times: user=1.21 sys=0.39, real=0.82 secs]
         vmop                    [threads: total initially_running wait_to_block]    [time: spin block sync cleanup vmop] page_trap_count
172.270: G1IncCollectionPause             [      28          0              0    ]      [     0     0    14     0   817    ]  0
2017-11-22T09:56:11.209+0800: 173.103: Total time for which application threads were stopped: 0.8178476 seconds, Stopping threads took: 0.0000365 seconds
2017-11-22T09:56:14.167+0800: 176.062: [GC pause (G1 Evacuation Pause) (young) 176.062: [G1Ergonomics (CSet Construction) start choosing CSet, _pending_cards: 3181, predicted base time: 109.88 ms, remaining time: 90.12 ms, target pause time: 200.00 ms]
 176.062: [G1Ergonomics (CSet Construction) add young regions to CSet, eden: 290 regions, survivors: 42 regions, predicted young region time: 732.12 ms]
 176.062: [G1Ergonomics (CSet Construction) finish choosing CSet, eden: 290 regions, survivors: 42 regions, old: 0 regions, predicted pause time: 842.00 ms, target pause time: 200.00 ms]
 177.081: [G1Ergonomics (Heap Sizing) attempt heap expansion, reason: recent GC overhead higher than threshold after GC, recent GC overhead: 27.41 %, threshold: 10.00 %, uncommitted: 3145728 bytes, calculated expansion amount: 629145 bytes (20.00 %)]
 177.081: [G1Ergonomics (Heap Sizing) expand the heap, requested expansion amount: 1048576 bytes, attempted expansion amount: 1048576 bytes]
, 1.0195609 secs]
   [Parallel Time: 1005.1 ms, GC Workers: 8]
      [GC Worker Start (ms): Min: 176062.5, Avg: 176073.2, Max: 176085.4, Diff: 22.9]
      [Ext Root Scanning (ms): Min: 0.0, Avg: 0.3, Max: 2.2, Diff: 2.2, Sum: 2.2]
      [Update RS (ms): Min: 0.0, Avg: 17.3, Max: 60.6, Diff: 60.6, Sum: 138.6]
         [Processed Buffers: Min: 0, Avg: 2.2, Max: 11, Diff: 11, Sum: 18]
      [Scan RS (ms): Min: 150.9, Avg: 170.8, Max: 189.6, Diff: 38.6, Sum: 1366.8]
      [Code Root Scanning (ms): Min: 0.0, Avg: 0.0, Max: 0.0, Diff: 0.0, Sum: 0.1]
      [Object Copy (ms): Min: 747.7, Avg: 762.4, Max: 800.7, Diff: 53.0, Sum: 6099.0]
      [Termination (ms): Min: 0.0, Avg: 8.5, Max: 27.7, Diff: 27.7, Sum: 67.7]
         [Termination Attempts: Min: 1, Avg: 6.5, Max: 15, Diff: 14, Sum: 52]
      [GC Worker Other (ms): Min: 0.0, Avg: 0.0, Max: 0.0, Diff: 0.0, Sum: 0.1]
      [GC Worker Total (ms): Min: 943.3, Avg: 959.3, Max: 980.9, Diff: 37.5, Sum: 7674.6]
      [GC Worker End (ms): Min: 177028.7, Avg: 177032.5, Max: 177054.2, Diff: 25.5]
   [Code Root Fixup: 0.0 ms]
   [Code Root Purge: 0.0 ms]
   [Clear CT: 1.9 ms]
   [Other: 12.5 ms]
      [Choose CSet: 0.0 ms]
      [Ref Proc: 0.9 ms]
      [Ref Enq: 0.0 ms]
      [Redirty Cards: 8.8 ms]
      [Humongous Register: 0.3 ms]
      [Humongous Reclaim: 0.2 ms]
      [Free CSet: 1.2 ms]
   [Eden: 290.0M(290.0M)->0.0B(290.0M) Survivors: 42.0M->42.0M Heap: 4074.5M(6653.0M)->3912.0M(6654.0M)]
 [Times: user=1.11 sys=0.70, real=1.02 secs]
         vmop                    [threads: total initially_running wait_to_block]    [time: spin block sync cleanup vmop] page_trap_count
176.009: G1IncCollectionPause             [      28          0              0    ]      [     0     0    52     0  1019    ]  0
2017-11-22T09:56:15.187+0800: 177.081: Total time for which application threads were stopped: 1.0198840 seconds, Stopping threads took: 0.0000375 seconds
         vmop                    [threads: total initially_running wait_to_block]    [time: spin block sync cleanup vmop] page_trap_count
178.081: no vm operation                  [      28          1              0    ]      [     0     0     2     0     0    ]  0
2017-11-22T09:56:16.190+0800: 178.084: Total time for which application threads were stopped: 0.0002321 seconds, Stopping threads took: 0.0000513 seconds
         vmop                    [threads: total initially_running wait_to_block]    [time: spin block sync cleanup vmop] page_trap_count
179.084: no vm operation                  [      28          1              1    ]      [     0     0    45     0     0    ]  1
2017-11-22T09:56:17.235+0800: 179.130: Total time for which application threads were stopped: 0.0002696 seconds, Stopping threads took: 0.0001014 seconds
2017-11-22T09:56:18.024+0800: 179.918: [GC concurrent-mark-end, 23.9895646 secs]
2017-11-22T09:56:18.059+0800: 179.954: [GC remark 2017-11-22T09:56:18.059+0800: 179.954: [Finalize Marking, 0.0068390 secs] 2017-11-22T09:56:18.066+0800: 179.960: [GC ref-proc, 0.0004692 secs] 2017-11-22T09:56:18.067+0800: 179.961: [Unloading, 0.0275383 secs], 0.1120250 secs]
 [Times: user=0.12 sys=0.00, real=0.11 secs]
         vmop                    [threads: total initially_running wait_to_block]    [time: spin block sync cleanup vmop] page_trap_count
179.919: CGC_Operation                    [      28          0              0    ]      [     0     0    34     0   112    ]  0
2017-11-22T09:56:18.171+0800: 180.066: Total time for which application threads were stopped: 0.1122856 seconds, Stopping threads took: 0.0000325 seconds
2017-11-22T09:56:18.187+0800: 180.082: [GC cleanup 4140M->4132M(6654M), 0.0962102 secs]
 [Times: user=0.13 sys=0.00, real=0.10 secs]
         vmop                    [threads: total initially_running wait_to_block]    [time: spin block sync cleanup vmop] page_trap_count
180.073: CGC_Operation                    [      28          1              3    ]      [     8     0     8     0    96    ]  1
2017-11-22T09:56:18.284+0800: 180.178: Total time for which application threads were stopped: 0.1045112 seconds, Stopping threads took: 0.0081310 seconds
2017-11-22T09:56:18.291+0800: 180.185: [GC concurrent-cleanup-start]
2017-11-22T09:56:18.291+0800: 180.185: [GC concurrent-cleanup-end, 0.0000424 secs]
2017-11-22T09:56:18.830+0800: 180.725: [GC pause (G1 Evacuation Pause) (young) 180.725: [G1Ergonomics (CSet Construction) start choosing CSet, _pending_cards: 8270, predicted base time: 128.96 ms, remaining time: 71.04 ms, target pause time: 200.00 ms]
 180.725: [G1Ergonomics (CSet Construction) add young regions to CSet, eden: 290 regions, survivors: 42 regions, predicted young region time: 679.51 ms]
 180.725: [G1Ergonomics (CSet Construction) finish choosing CSet, eden: 290 regions, survivors: 42 regions, old: 0 regions, predicted pause time: 808.47 ms, target pause time: 200.00 ms]
 181.570: [G1Ergonomics (Heap Sizing) attempt heap expansion, reason: recent GC overhead higher than threshold after GC, recent GC overhead: 27.31 %, threshold: 10.00 %, uncommitted: 2097152 bytes, calculated expansion amount: 419430 bytes (20.00 %)]
 181.570: [G1Ergonomics (Heap Sizing) expand the heap, requested expansion amount: 1048576 bytes, attempted expansion amount: 1048576 bytes]
 181.570: [G1Ergonomics (Concurrent Cycles) do not request concurrent cycle initiation, reason: still doing mixed collections, occupancy: 4190109696 bytes, allocation request: 0 bytes, threshold: 3140222940 bytes (45.00 %), source: end of GC]
 181.570: [G1Ergonomics (Mixed GCs) do not start mixed GCs, reason: reclaimable percentage not over threshold, candidate old regions: 216 regions, reclaimable: 106248880 bytes (1.52 %), threshold: 5.00 %]
, 0.8458624 secs]
   [Parallel Time: 823.6 ms, GC Workers: 8]
      [GC Worker Start (ms): Min: 180726.0, Avg: 180744.0, Max: 180765.4, Diff: 39.4]
      [Ext Root Scanning (ms): Min: 0.0, Avg: 0.3, Max: 2.5, Diff: 2.5, Sum: 2.5]
      [Update RS (ms): Min: 4.3, Avg: 41.0, Max: 78.2, Diff: 73.9, Sum: 328.3]
         [Processed Buffers: Min: 0, Avg: 5.2, Max: 11, Diff: 11, Sum: 42]
      [Scan RS (ms): Min: 141.1, Avg: 182.0, Max: 203.6, Diff: 62.6, Sum: 1455.6]
      [Code Root Scanning (ms): Min: 0.0, Avg: 0.0, Max: 0.0, Diff: 0.0, Sum: 0.1]
      [Object Copy (ms): Min: 520.5, Avg: 548.5, Max: 580.6, Diff: 60.1, Sum: 4387.8]
      [Termination (ms): Min: 0.0, Avg: 23.1, Max: 38.8, Diff: 38.8, Sum: 185.1]
         [Termination Attempts: Min: 1, Avg: 1.0, Max: 1, Diff: 0, Sum: 8]
      [GC Worker Other (ms): Min: 0.0, Avg: 0.0, Max: 0.1, Diff: 0.0, Sum: 0.2]
      [GC Worker Total (ms): Min: 772.1, Avg: 795.0, Max: 811.5, Diff: 39.4, Sum: 6359.7]
      [GC Worker End (ms): Min: 181537.4, Avg: 181538.9, Max: 181549.4, Diff: 12.0]
   [Code Root Fixup: 0.0 ms]
   [Code Root Purge: 0.0 ms]
   [Clear CT: 2.0 ms]
   [Other: 20.3 ms]
      [Choose CSet: 0.0 ms]
      [Ref Proc: 13.4 ms]
      [Ref Enq: 0.0 ms]
      [Redirty Cards: 3.7 ms]
      [Humongous Register: 0.6 ms]
      [Humongous Reclaim: 0.2 ms]
      [Free CSet: 1.2 ms]
   [Eden: 290.0M(290.0M)->0.0B(290.0M) Survivors: 42.0M->42.0M Heap: 4194.0M(6654.0M)->4031.0M(6655.0M)]
 [Times: user=1.24 sys=0.58, real=0.85 secs]
         vmop                    [threads: total initially_running wait_to_block]    [time: spin block sync cleanup vmop] page_trap_count
180.713: G1IncCollectionPause             [      28          0              0    ]      [     0     0    11     0   846    ]  0
2017-11-22T09:56:19.676+0800: 181.571: Total time for which application threads were stopped: 0.8462146 seconds, Stopping threads took: 0.0000448 seconds
2017-11-22T09:56:21.494+0800: 183.388: [GC pause (G1 Evacuation Pause) (young) 183.388: [G1Ergonomics (CSet Construction) start choosing CSet, _pending_cards: 6566, predicted base time: 115.29 ms, remaining time: 84.71 ms, target pause time: 200.00 ms]
 183.388: [G1Ergonomics (CSet Construction) add young regions to CSet, eden: 290 regions, survivors: 42 regions, predicted young region time: 692.75 ms]
 183.388: [G1Ergonomics (CSet Construction) finish choosing CSet, eden: 290 regions, survivors: 42 regions, old: 0 regions, predicted pause time: 808.04 ms, target pause time: 200.00 ms]
 184.278: [G1Ergonomics (Heap Sizing) attempt heap expansion, reason: recent GC overhead higher than threshold after GC, recent GC overhead: 25.76 %, threshold: 10.00 %, uncommitted: 1048576 bytes, calculated expansion amount: 209715 bytes (20.00 %)]
 184.278: [G1Ergonomics (Heap Sizing) expand the heap, requested expansion amount: 1048576 bytes, attempted expansion amount: 1048576 bytes]
 184.278: [G1Ergonomics (Concurrent Cycles) request concurrent cycle initiation, reason: occupancy higher than threshold, occupancy: 4322230272 bytes, allocation request: 0 bytes, threshold: 3140694810 bytes (45.00 %), source: end of GC]
, 0.8896909 secs]
   [Parallel Time: 844.5 ms, GC Workers: 8]
      [GC Worker Start (ms): Min: 183389.2, Avg: 183403.5, Max: 183412.6, Diff: 23.4]
      [Ext Root Scanning (ms): Min: 0.0, Avg: 0.3, Max: 2.1, Diff: 2.1, Sum: 2.2]
      [Update RS (ms): Min: 4.8, Avg: 26.6, Max: 52.0, Diff: 47.2, Sum: 212.6]
         [Processed Buffers: Min: 0, Avg: 4.0, Max: 8, Diff: 8, Sum: 32]
      [Scan RS (ms): Min: 172.4, Avg: 199.3, Max: 219.8, Diff: 47.5, Sum: 1594.6]
      [Code Root Scanning (ms): Min: 0.0, Avg: 0.0, Max: 0.0, Diff: 0.0, Sum: 0.1]
      [Object Copy (ms): Min: 582.1, Avg: 595.7, Max: 605.7, Diff: 23.7, Sum: 4765.6]
      [Termination (ms): Min: 0.0, Avg: 8.0, Max: 11.9, Diff: 11.9, Sum: 64.0]
         [Termination Attempts: Min: 1, Avg: 2.1, Max: 5, Diff: 4, Sum: 17]
      [GC Worker Other (ms): Min: 0.0, Avg: 0.0, Max: 0.0, Diff: 0.0, Sum: 0.1]
      [GC Worker Total (ms): Min: 820.8, Avg: 829.9, Max: 844.3, Diff: 23.4, Sum: 6639.1]
      [GC Worker End (ms): Min: 184233.4, Avg: 184233.4, Max: 184233.5, Diff: 0.1]
   [Code Root Fixup: 0.0 ms]
   [Code Root Purge: 0.0 ms]
   [Clear CT: 11.8 ms]
   [Other: 33.3 ms]
      [Choose CSet: 0.0 ms]
      [Ref Proc: 16.8 ms]
      [Ref Enq: 0.0 ms]
      [Redirty Cards: 13.1 ms]
      [Humongous Register: 0.3 ms]
      [Humongous Reclaim: 0.4 ms]
      [Free CSet: 1.5 ms]
   [Eden: 290.0M(290.0M)->0.0B(290.0M) Survivors: 42.0M->42.0M Heap: 4321.0M(6655.0M)->4156.5M(6656.0M)]
 [Times: user=1.16 sys=0.39, real=0.90 secs]
         vmop                    [threads: total initially_running wait_to_block]    [time: spin block sync cleanup vmop] page_trap_count
183.377: G1IncCollectionPause             [      28          0              0    ]      [     0     0    10     0   889    ]  0
2017-11-22T09:56:22.384+0800: 184.278: Total time for which application threads were stopped: 0.8900499 seconds, Stopping threads took: 0.0000337 seconds
         vmop                    [threads: total initially_running wait_to_block]    [time: spin block sync cleanup vmop] page_trap_count
186.279: no vm operation                  [      28          1              1    ]      [     9     0    10     0     0    ]  1
2017-11-22T09:56:24.395+0800: 186.290: Total time for which application threads were stopped: 0.0101219 seconds, Stopping threads took: 0.0099649 seconds
 186.386: [G1Ergonomics (Concurrent Cycles) initiate concurrent cycle, reason: concurrent cycle initiation requested]
2017-11-22T09:56:24.491+0800: 186.386: [GC pause (G1 Evacuation Pause) (young) (initial-mark) 186.387: [G1Ergonomics (CSet Construction) start choosing CSet, _pending_cards: 6585, predicted base time: 114.81 ms, remaining time: 85.19 ms, target pause time: 200.00 ms]
 186.387: [G1Ergonomics (CSet Construction) add young regions to CSet, eden: 290 regions, survivors: 42 regions, predicted young region time: 729.25 ms]
 186.387: [G1Ergonomics (CSet Construction) finish choosing CSet, eden: 290 regions, survivors: 42 regions, old: 0 regions, predicted pause time: 844.06 ms, target pause time: 200.00 ms]
 186.997: [G1Ergonomics (Heap Sizing) attempt heap expansion, reason: recent GC overhead higher than threshold after GC, recent GC overhead: 25.87 %, threshold: 10.00 %, uncommitted: 0 bytes, calculated expansion amount: 0 bytes (20.00 %)]
, 0.6114739 secs]
   [Parallel Time: 578.2 ms, GC Workers: 8]
      [GC Worker Start (ms): Min: 186387.3, Avg: 186390.7, Max: 186391.4, Diff: 4.2]
      [Ext Root Scanning (ms): Min: 0.1, Avg: 15.6, Max: 38.6, Diff: 38.5, Sum: 124.9]
      [Update RS (ms): Min: 44.1, Avg: 70.9, Max: 98.5, Diff: 54.4, Sum: 567.4]
         [Processed Buffers: Min: 2, Avg: 3.8, Max: 5, Diff: 3, Sum: 30]
      [Scan RS (ms): Min: 293.6, Avg: 318.8, Max: 352.1, Diff: 58.4, Sum: 2550.6]
      [Code Root Scanning (ms): Min: 0.0, Avg: 0.0, Max: 0.0, Diff: 0.0, Sum: 0.1]
      [Object Copy (ms): Min: 136.8, Avg: 162.4, Max: 171.9, Diff: 35.2, Sum: 1298.9]
      [Termination (ms): Min: 0.0, Avg: 3.5, Max: 7.3, Diff: 7.3, Sum: 27.9]
         [Termination Attempts: Min: 1, Avg: 1.0, Max: 1, Diff: 0, Sum: 8]
      [GC Worker Other (ms): Min: 0.0, Avg: 0.0, Max: 0.0, Diff: 0.0, Sum: 0.1]
      [GC Worker Total (ms): Min: 570.0, Avg: 571.3, Max: 578.1, Diff: 8.2, Sum: 4570.0]
      [GC Worker End (ms): Min: 186961.4, Avg: 186962.0, Max: 186965.4, Diff: 4.0]
   [Code Root Fixup: 0.0 ms]
   [Code Root Purge: 0.0 ms]
   [Clear CT: 7.4 ms]
   [Other: 25.8 ms]
      [Choose CSet: 0.0 ms]
      [Ref Proc: 8.6 ms]
      [Ref Enq: 0.0 ms]
      [Redirty Cards: 13.1 ms]
      [Humongous Register: 0.1 ms]
      [Humongous Reclaim: 0.3 ms]
      [Free CSet: 1.2 ms]
   [Eden: 290.0M(290.0M)->0.0B(290.0M) Survivors: 42.0M->42.0M Heap: 4446.5M(6656.0M)->4281.5M(6656.0M)]
 [Times: user=1.28 sys=0.03, real=0.61 secs]
         vmop                    [threads: total initially_running wait_to_block]    [time: spin block sync cleanup vmop] page_trap_count
186.377: G1IncCollectionPause             [      28          0              0    ]      [     0     0     8     0   611    ]  0
2017-11-22T09:56:25.103+0800: 186.997: Total time for which application threads were stopped: 0.6118512 seconds, Stopping threads took: 0.0000319 seconds
2017-11-22T09:56:25.103+0800: 186.998: [GC concurrent-root-region-scan-start]
2017-11-22T09:56:25.139+0800: 187.033: [GC concurrent-root-region-scan-end, 0.0353987 secs]
2017-11-22T09:56:25.139+0800: 187.033: [GC concurrent-mark-start]
2017-11-22T09:56:27.212+0800: 189.107: [GC pause (G1 Evacuation Pause) (young) 189.107: [G1Ergonomics (CSet Construction) start choosing CSet, _pending_cards: 8707, predicted base time: 152.30 ms, remaining time: 47.70 ms, target pause time: 200.00 ms]
 189.107: [G1Ergonomics (CSet Construction) add young regions to CSet, eden: 290 regions, survivors: 42 regions, predicted young region time: 734.35 ms]
 189.107: [G1Ergonomics (CSet Construction) finish choosing CSet, eden: 290 regions, survivors: 42 regions, old: 0 regions, predicted pause time: 886.66 ms, target pause time: 200.00 ms]
 189.915: [G1Ergonomics (Heap Sizing) attempt heap expansion, reason: recent GC overhead higher than threshold after GC, recent GC overhead: 25.19 %, threshold: 10.00 %, uncommitted: 0 bytes, calculated expansion amount: 0 bytes (20.00 %)]
, 0.8086761 secs]
   [Parallel Time: 722.2 ms, GC Workers: 8]
      [GC Worker Start (ms): Min: 189108.1, Avg: 189128.6, Max: 189149.4, Diff: 41.2]
      [Ext Root Scanning (ms): Min: 0.0, Avg: 0.4, Max: 1.6, Diff: 1.6, Sum: 3.2]
      [Update RS (ms): Min: 0.0, Avg: 34.2, Max: 80.5, Diff: 80.5, Sum: 273.5]
         [Processed Buffers: Min: 0, Avg: 5.4, Max: 13, Diff: 13, Sum: 43]
      [Scan RS (ms): Min: 166.0, Avg: 198.1, Max: 232.2, Diff: 66.2, Sum: 1584.7]
      [Code Root Scanning (ms): Min: 0.0, Avg: 0.0, Max: 0.0, Diff: 0.0, Sum: 0.1]
      [Object Copy (ms): Min: 444.0, Avg: 459.6, Max: 469.7, Diff: 25.7, Sum: 3676.8]
      [Termination (ms): Min: 0.0, Avg: 6.1, Max: 11.0, Diff: 11.0, Sum: 49.0]
         [Termination Attempts: Min: 1, Avg: 2.5, Max: 6, Diff: 5, Sum: 20]
      [GC Worker Other (ms): Min: 0.0, Avg: 0.0, Max: 0.0, Diff: 0.0, Sum: 0.1]
      [GC Worker Total (ms): Min: 676.8, Avg: 698.4, Max: 718.0, Diff: 41.1, Sum: 5587.5]
      [GC Worker End (ms): Min: 189826.1, Avg: 189827.0, Max: 189830.3, Diff: 4.1]
   [Code Root Fixup: 0.0 ms]
   [Code Root Purge: 0.0 ms]
   [Clear CT: 3.8 ms]
   [Other: 82.6 ms]
      [Choose CSet: 0.0 ms]
      [Ref Proc: 63.4 ms]
      [Ref Enq: 0.0 ms]
      [Redirty Cards: 16.0 ms]
      [Humongous Register: 0.4 ms]
      [Humongous Reclaim: 0.2 ms]
      [Free CSet: 1.2 ms]
   [Eden: 290.0M(290.0M)->0.0B(290.0M) Survivors: 42.0M->42.0M Heap: 4571.5M(6656.0M)->4408.0M(6656.0M)]
 [Times: user=1.24 sys=0.47, real=0.81 secs]
         vmop                    [threads: total initially_running wait_to_block]    [time: spin block sync cleanup vmop] page_trap_count
189.106: G1IncCollectionPause             [      28          0              0    ]      [     0     0     0     0   808    ]  0
2017-11-22T09:56:28.021+0800: 189.916: Total time for which application threads were stopped: 0.8090127 seconds, Stopping threads took: 0.0000442 seconds
         vmop                    [threads: total initially_running wait_to_block]    [time: spin block sync cleanup vmop] page_trap_count
192.734: RevokeBias                       [      30          0              0    ]      [     0     0    52     0     0    ]  0
2017-11-22T09:56:30.892+0800: 192.786: Total time for which application threads were stopped: 0.0003113 seconds, Stopping threads took: 0.0000441 seconds
         vmop                    [threads: total initially_running wait_to_block]    [time: spin block sync cleanup vmop] page_trap_count
192.787: RevokeBias                       [      30          0              0    ]      [     0     0     0     0     0    ]  0
2017-11-22T09:56:30.892+0800: 192.787: Total time for which application threads were stopped: 0.0001388 seconds, Stopping threads took: 0.0000280 seconds
         vmop                    [threads: total initially_running wait_to_block]    [time: spin block sync cleanup vmop] page_trap_count
192.930: RevokeBias                       [      32          0              1    ]      [     0     0     0     0     0    ]  0
2017-11-22T09:56:31.036+0800: 192.930: Total time for which application threads were stopped: 0.0001963 seconds, Stopping threads took: 0.0000531 seconds
         vmop                    [threads: total initially_running wait_to_block]    [time: spin block sync cleanup vmop] page_trap_count
192.999: RevokeBias                       [      32          2              2    ]      [    25     0    29     0     0    ]  0
2017-11-22T09:56:31.135+0800: 193.029: Total time for which application threads were stopped: 0.0260692 seconds, Stopping threads took: 0.0257471 seconds
         vmop                    [threads: total initially_running wait_to_block]    [time: spin block sync cleanup vmop] page_trap_count
193.030: RevokeBias                       [      32          0              0    ]      [     0     0     3     0     0    ]  0
2017-11-22T09:56:31.140+0800: 193.034: Total time for which application threads were stopped: 0.0003018 seconds, Stopping threads took: 0.0000308 seconds
2017-11-22T09:56:31.593+0800: 193.487: [GC pause (G1 Evacuation Pause) (young) 193.487: [G1Ergonomics (CSet Construction) start choosing CSet, _pending_cards: 2101, predicted base time: 115.28 ms, remaining time: 84.72 ms, target pause time: 200.00 ms]
 193.487: [G1Ergonomics (CSet Construction) add young regions to CSet, eden: 290 regions, survivors: 42 regions, predicted young region time: 789.40 ms]
 193.487: [G1Ergonomics (CSet Construction) finish choosing CSet, eden: 290 regions, survivors: 42 regions, old: 0 regions, predicted pause time: 904.69 ms, target pause time: 200.00 ms]
 194.062: [G1Ergonomics (Heap Sizing) attempt heap expansion, reason: recent GC overhead higher than threshold after GC, recent GC overhead: 24.79 %, threshold: 10.00 %, uncommitted: 0 bytes, calculated expansion amount: 0 bytes (20.00 %)]
, 0.5751065 secs]
   [Parallel Time: 538.7 ms, GC Workers: 8]
      [GC Worker Start (ms): Min: 193488.3, Avg: 193492.9, Max: 193501.4, Diff: 13.2]
      [Ext Root Scanning (ms): Min: 0.0, Avg: 1.5, Max: 5.0, Diff: 5.0, Sum: 12.0]
      [Update RS (ms): Min: 0.0, Avg: 8.7, Max: 21.7, Diff: 21.7, Sum: 69.4]
         [Processed Buffers: Min: 0, Avg: 2.1, Max: 10, Diff: 10, Sum: 17]
      [Scan RS (ms): Min: 92.2, Avg: 105.4, Max: 118.5, Diff: 26.2, Sum: 843.1]
      [Code Root Scanning (ms): Min: 0.0, Avg: 0.0, Max: 0.1, Diff: 0.1, Sum: 0.2]
      [Object Copy (ms): Min: 368.8, Avg: 399.3, Max: 418.2, Diff: 49.4, Sum: 3194.7]
      [Termination (ms): Min: 0.0, Avg: 15.4, Max: 32.9, Diff: 32.9, Sum: 123.3]
         [Termination Attempts: Min: 1, Avg: 1.5, Max: 4, Diff: 3, Sum: 12]
      [GC Worker Other (ms): Min: 0.0, Avg: 0.0, Max: 0.0, Diff: 0.0, Sum: 0.1]
      [GC Worker Total (ms): Min: 523.5, Avg: 530.4, Max: 538.6, Diff: 15.1, Sum: 4243.0]
      [GC Worker End (ms): Min: 194022.4, Avg: 194023.3, Max: 194026.9, Diff: 4.5]
   [Code Root Fixup: 0.0 ms]
   [Code Root Purge: 0.0 ms]
   [Clear CT: 3.3 ms]
   [Other: 33.0 ms]
      [Choose CSet: 0.0 ms]
      [Ref Proc: 26.8 ms]
      [Ref Enq: 0.0 ms]
      [Redirty Cards: 3.2 ms]
      [Humongous Register: 0.3 ms]
      [Humongous Reclaim: 0.4 ms]
      [Free CSet: 1.3 ms]
   [Eden: 290.0M(290.0M)->0.0B(290.0M) Survivors: 42.0M->42.0M Heap: 4698.0M(6656.0M)->4509.0M(6656.0M)]
 [Times: user=1.04 sys=0.39, real=0.58 secs]
         vmop                    [threads: total initially_running wait_to_block]    [time: spin block sync cleanup vmop] page_trap_count
193.425: G1IncCollectionPause             [      32          0              0    ]      [     0     0    61     0   575    ]  0
2017-11-22T09:56:32.168+0800: 194.063: Total time for which application threads were stopped: 0.5755871 seconds, Stopping threads took: 0.0000549 seconds
         vmop                    [threads: total initially_running wait_to_block]    [time: spin block sync cleanup vmop] page_trap_count
194.238: RevokeBias                       [      32          1              2    ]      [     0     0     2     0     0    ]  1
2017-11-22T09:56:32.346+0800: 194.240: Total time for which application threads were stopped: 0.0007559 seconds, Stopping threads took: 0.0005456 seconds
         vmop                    [threads: total initially_running wait_to_block]    [time: spin block sync cleanup vmop] page_trap_count
194.279: RevokeBias                       [      33          1              1    ]      [     0     0    30     0     0    ]  0
2017-11-22T09:56:32.416+0800: 194.310: Total time for which application threads were stopped: 0.0005928 seconds, Stopping threads took: 0.0004593 seconds
         vmop                    [threads: total initially_running wait_to_block]    [time: spin block sync cleanup vmop] page_trap_count
194.312: RevokeBias                       [      33          1              1    ]      [     8     0     8     0     0    ]  1
2017-11-22T09:56:32.426+0800: 194.321: Total time for which application threads were stopped: 0.0086497 seconds, Stopping threads took: 0.0083458 seconds
         vmop                    [threads: total initially_running wait_to_block]    [time: spin block sync cleanup vmop] page_trap_count
194.322: RevokeBias                       [      33          0              1    ]      [     0     1     1     0     0    ]  0
2017-11-22T09:56:32.429+0800: 194.323: Total time for which application threads were stopped: 0.0016036 seconds, Stopping threads took: 0.0014001 seconds
         vmop                    [threads: total initially_running wait_to_block]    [time: spin block sync cleanup vmop] page_trap_count
194.324: RevokeBias                       [      33          1              1    ]      [     0     1     1     0     0    ]  0
2017-11-22T09:56:32.431+0800: 194.326: Total time for which application threads were stopped: 0.0017707 seconds, Stopping threads took: 0.0015947 seconds
         vmop                    [threads: total initially_running wait_to_block]    [time: spin block sync cleanup vmop] page_trap_count
194.326: RevokeBias                       [      33          0              0    ]      [     0     0     0     0     0    ]  0
2017-11-22T09:56:32.432+0800: 194.326: Total time for which application threads were stopped: 0.0001057 seconds, Stopping threads took: 0.0000128 seconds
         vmop                    [threads: total initially_running wait_to_block]    [time: spin block sync cleanup vmop] page_trap_count
194.326: RevokeBias                       [      33          0              0    ]      [     0     0     0     0     0    ]  0
2017-11-22T09:56:32.432+0800: 194.327: Total time for which application threads were stopped: 0.0003777 seconds, Stopping threads took: 0.0000099 seconds
         vmop                    [threads: total initially_running wait_to_block]    [time: spin block sync cleanup vmop] page_trap_count
194.327: RevokeBias                       [      33          0              0    ]      [     0     0     0     0     0    ]  0
2017-11-22T09:56:32.433+0800: 194.327: Total time for which application threads were stopped: 0.0000906 seconds, Stopping threads took: 0.0000098 seconds
         vmop                    [threads: total initially_running wait_to_block]    [time: spin block sync cleanup vmop] page_trap_count
194.327: RevokeBias                       [      33          0              0    ]      [     0     0     0     0     0    ]  0
2017-11-22T09:56:32.433+0800: 194.327: Total time for which application threads were stopped: 0.0000928 seconds, Stopping threads took: 0.0000122 seconds
         vmop                    [threads: total initially_running wait_to_block]    [time: spin block sync cleanup vmop] page_trap_count
194.328: RevokeBias                       [      33          0              0    ]      [     0     0     0     0     0    ]  0
2017-11-22T09:56:32.434+0800: 194.328: Total time for which application threads were stopped: 0.0001005 seconds, Stopping threads took: 0.0000124 seconds
         vmop                    [threads: total initially_running wait_to_block]    [time: spin block sync cleanup vmop] page_trap_count
194.328: RevokeBias                       [      33          0              0    ]      [     0     0     0     0     0    ]  0
2017-11-22T09:56:32.434+0800: 194.329: Total time for which application threads were stopped: 0.0003915 seconds, Stopping threads took: 0.0002937 seconds
         vmop                    [threads: total initially_running wait_to_block]    [time: spin block sync cleanup vmop] page_trap_count
194.329: RevokeBias                       [      33          0              0    ]      [     0     0     0     0     0    ]  0
2017-11-22T09:56:32.435+0800: 194.329: Total time for which application threads were stopped: 0.0001004 seconds, Stopping threads took: 0.0000127 seconds
         vmop                    [threads: total initially_running wait_to_block]    [time: spin block sync cleanup vmop] page_trap_count
194.329: RevokeBias                       [      33          0              1    ]      [     0     0     0     0     0    ]  0
2017-11-22T09:56:32.435+0800: 194.330: Total time for which application threads were stopped: 0.0001590 seconds, Stopping threads took: 0.0000627 seconds
         vmop                    [threads: total initially_running wait_to_block]    [time: spin block sync cleanup vmop] page_trap_count
194.337: RevokeBias                       [      33          1              2    ]      [     3    16    48     0     0    ]  1
2017-11-22T09:56:32.491+0800: 194.386: Total time for which application threads were stopped: 0.0202177 seconds, Stopping threads took: 0.0199761 seconds
         vmop                    [threads: total initially_running wait_to_block]    [time: spin block sync cleanup vmop] page_trap_count
194.386: RevokeBias                       [      33          1              3    ]      [     0     6     7     0     0    ]  0
2017-11-22T09:56:32.499+0800: 194.394: Total time for which application threads were stopped: 0.0072560 seconds, Stopping threads took: 0.0070604 seconds
         vmop                    [threads: total initially_running wait_to_block]    [time: spin block sync cleanup vmop] page_trap_count
194.410: RevokeBias                       [      33          1              1    ]      [     0     0     7     0     0    ]  1
2017-11-22T09:56:32.524+0800: 194.418: Total time for which application threads were stopped: 0.0007883 seconds, Stopping threads took: 0.0005990 seconds
         vmop                    [threads: total initially_running wait_to_block]    [time: spin block sync cleanup vmop] page_trap_count
194.419: RevokeBias                       [      33          2              2    ]      [     7     0    30     0     0    ]  0
2017-11-22T09:56:32.555+0800: 194.450: Total time for which application threads were stopped: 0.0302937 seconds, Stopping threads took: 0.0300232 seconds
         vmop                    [threads: total initially_running wait_to_block]    [time: spin block sync cleanup vmop] page_trap_count
194.466: RevokeBias                       [      33          1              1    ]      [     5    10    15     0     0    ]  1
2017-11-22T09:56:32.587+0800: 194.482: Total time for which application threads were stopped: 0.0159381 seconds, Stopping threads took: 0.0157394 seconds
         vmop                    [threads: total initially_running wait_to_block]    [time: spin block sync cleanup vmop] page_trap_count
194.482: RevokeBias                       [      33          1              2    ]      [     0     0     1     0     0    ]  0
2017-11-22T09:56:32.590+0800: 194.485: Total time for which application threads were stopped: 0.0009821 seconds, Stopping threads took: 0.0008096 seconds
         vmop                    [threads: total initially_running wait_to_block]    [time: spin block sync cleanup vmop] page_trap_count
194.485: RevokeBias                       [      33          1              1    ]      [     0     0     0     0     0    ]  1
2017-11-22T09:56:32.591+0800: 194.485: Total time for which application threads were stopped: 0.0001737 seconds, Stopping threads took: 0.0000632 seconds
         vmop                    [threads: total initially_running wait_to_block]    [time: spin block sync cleanup vmop] page_trap_count
194.486: RevokeBias                       [      33          1              2    ]      [     0     0     0     0     0    ]  1
2017-11-22T09:56:32.592+0800: 194.486: Total time for which application threads were stopped: 0.0001689 seconds, Stopping threads took: 0.0000735 seconds
         vmop                    [threads: total initially_running wait_to_block]    [time: spin block sync cleanup vmop] page_trap_count
194.487: BulkRevokeBias                   [      33          1              2    ]      [     0     0     0     0     0    ]  1
2017-11-22T09:56:32.594+0800: 194.488: Total time for which application threads were stopped: 0.0003076 seconds, Stopping threads took: 0.0000571 seconds
         vmop                    [threads: total initially_running wait_to_block]    [time: spin block sync cleanup vmop] page_trap_count
194.502: RevokeBias                       [      33          1              1    ]      [     0     2     3     0     0    ]  1
2017-11-22T09:56:32.611+0800: 194.506: Total time for which application threads were stopped: 0.0033496 seconds, Stopping threads took: 0.0031097 seconds
         vmop                    [threads: total initially_running wait_to_block]    [time: spin block sync cleanup vmop] page_trap_count
194.509: RevokeBias                       [      33          1              1    ]      [    11     0    12     0     0    ]  0
2017-11-22T09:56:32.627+0800: 194.522: Total time for which application threads were stopped: 0.0122191 seconds, Stopping threads took: 0.0120295 seconds
         vmop                    [threads: total initially_running wait_to_block]    [time: spin block sync cleanup vmop] page_trap_count
194.548: RevokeBias                       [      33          1              2    ]      [     5     0     7     0     0    ]  1
2017-11-22T09:56:32.661+0800: 194.556: Total time for which application threads were stopped: 0.0062512 seconds, Stopping threads took: 0.0060648 seconds
         vmop                    [threads: total initially_running wait_to_block]    [time: spin block sync cleanup vmop] page_trap_count
194.556: RevokeBias                       [      33          0              0    ]      [     0     0     0     0     0    ]  0
2017-11-22T09:56:32.662+0800: 194.556: Total time for which application threads were stopped: 0.0000841 seconds, Stopping threads took: 0.0000146 seconds
         vmop                    [threads: total initially_running wait_to_block]    [time: spin block sync cleanup vmop] page_trap_count
194.569: RevokeBias                       [      33          0              1    ]      [     0     0     2     0     0    ]  0
2017-11-22T09:56:32.678+0800: 194.572: Total time for which application threads were stopped: 0.0002535 seconds, Stopping threads took: 0.0000664 seconds
         vmop                    [threads: total initially_running wait_to_block]    [time: spin block sync cleanup vmop] page_trap_count
194.572: RevokeBias                       [      33          0              1    ]      [     0     0     0     0     0    ]  0
2017-11-22T09:56:32.678+0800: 194.573: Total time for which application threads were stopped: 0.0001773 seconds, Stopping threads took: 0.0000783 seconds
         vmop                    [threads: total initially_running wait_to_block]    [time: spin block sync cleanup vmop] page_trap_count
194.573: RevokeBias                       [      33          1              1    ]      [    17     0    26     0     0    ]  1
2017-11-22T09:56:32.705+0800: 194.599: Total time for which application threads were stopped: 0.0177927 seconds, Stopping threads took: 0.0176288 seconds
         vmop                    [threads: total initially_running wait_to_block]    [time: spin block sync cleanup vmop] page_trap_count
194.600: RevokeBias                       [      33          0              1    ]      [     0     5     5     0     0    ]  0
2017-11-22T09:56:32.711+0800: 194.606: Total time for which application threads were stopped: 0.0058370 seconds, Stopping threads took: 0.0056749 seconds
         vmop                    [threads: total initially_running wait_to_block]    [time: spin block sync cleanup vmop] page_trap_count
194.606: RevokeBias                       [      33          0              2    ]      [     0     0     0     0     0    ]  0
2017-11-22T09:56:32.712+0800: 194.607: Total time for which application threads were stopped: 0.0004071 seconds, Stopping threads took: 0.0002039 seconds
         vmop                    [threads: total initially_running wait_to_block]    [time: spin block sync cleanup vmop] page_trap_count
194.607: RevokeBias                       [      33          0              1    ]      [     0     0     0     0     0    ]  0
2017-11-22T09:56:32.713+0800: 194.607: Total time for which application threads were stopped: 0.0001469 seconds, Stopping threads took: 0.0000543 seconds
         vmop                    [threads: total initially_running wait_to_block]    [time: spin block sync cleanup vmop] page_trap_count
194.607: RevokeBias                       [      33          0              1    ]      [     0     0     0     0     0    ]  0
2017-11-22T09:56:32.713+0800: 194.608: Total time for which application threads were stopped: 0.0001640 seconds, Stopping threads took: 0.0000383 seconds
         vmop                    [threads: total initially_running wait_to_block]    [time: spin block sync cleanup vmop] page_trap_count
194.608: RevokeBias                       [      33          0              1    ]      [     0     0     0     0     0    ]  0
2017-11-22T09:56:32.714+0800: 194.608: Total time for which application threads were stopped: 0.0003145 seconds, Stopping threads took: 0.0000455 seconds
2017-11-22T09:56:32.995+0800: 194.890: [GC pause (G1 Evacuation Pause) (young) 194.890: [G1Ergonomics (CSet Construction) start choosing CSet, _pending_cards: 49712, predicted base time: 393.08 ms, remaining time: 0.00 ms, target pause time: 200.00 ms]
 194.890: [G1Ergonomics (CSet Construction) add young regions to CSet, eden: 290 regions, survivors: 42 regions, predicted young region time: 590.75 ms]
 194.890: [G1Ergonomics (CSet Construction) finish choosing CSet, eden: 290 regions, survivors: 42 regions, old: 0 regions, predicted pause time: 983.83 ms, target pause time: 200.00 ms]
 195.449: [G1Ergonomics (Heap Sizing) attempt heap expansion, reason: recent GC overhead higher than threshold after GC, recent GC overhead: 23.55 %, threshold: 10.00 %, uncommitted: 0 bytes, calculated expansion amount: 0 bytes (20.00 %)]
, 0.5597980 secs]
   [Parallel Time: 519.2 ms, GC Workers: 8]
      [GC Worker Start (ms): Min: 194890.2, Avg: 194897.0, Max: 194899.5, Diff: 9.2]
      [Ext Root Scanning (ms): Min: 0.0, Avg: 0.8, Max: 6.0, Diff: 6.0, Sum: 6.0]
      [Update RS (ms): Min: 149.5, Avg: 163.3, Max: 178.5, Diff: 29.0, Sum: 1306.5]
         [Processed Buffers: Min: 14, Avg: 25.2, Max: 56, Diff: 42, Sum: 202]
      [Scan RS (ms): Min: 34.9, Avg: 54.9, Max: 76.6, Diff: 41.7, Sum: 438.8]
      [Code Root Scanning (ms): Min: 0.0, Avg: 1.3, Max: 10.4, Diff: 10.4, Sum: 10.5]
      [Object Copy (ms): Min: 238.2, Avg: 262.3, Max: 278.5, Diff: 40.3, Sum: 2098.5]
      [Termination (ms): Min: 0.0, Avg: 13.3, Max: 20.6, Diff: 20.6, Sum: 106.3]
         [Termination Attempts: Min: 1, Avg: 1.6, Max: 4, Diff: 3, Sum: 13]
      [GC Worker Other (ms): Min: 0.0, Avg: 0.0, Max: 0.0, Diff: 0.0, Sum: 0.1]
      [GC Worker Total (ms): Min: 491.9, Avg: 495.9, Max: 503.2, Diff: 11.3, Sum: 3966.9]
      [GC Worker End (ms): Min: 195391.4, Avg: 195392.9, Max: 195397.2, Diff: 5.8]
   [Code Root Fixup: 0.1 ms]
   [Code Root Purge: 0.0 ms]
   [Clear CT: 19.8 ms]
   [Other: 20.8 ms]
      [Choose CSet: 0.0 ms]
      [Ref Proc: 12.2 ms]
      [Ref Enq: 0.0 ms]
      [Redirty Cards: 6.4 ms]
      [Humongous Register: 0.3 ms]
      [Humongous Reclaim: 0.4 ms]
      [Free CSet: 0.8 ms]
   [Eden: 290.0M(290.0M)->0.0B(329.0M) Survivors: 42.0M->3072.0K Heap: 4799.0M(6656.0M)->4514.5M(6656.0M)]
 [Times: user=0.59 sys=0.19, real=0.56 secs]
         vmop                    [threads: total initially_running wait_to_block]    [time: spin block sync cleanup vmop] page_trap_count
194.880: G1IncCollectionPause             [      33          0              0    ]      [     0     0     9     0   560    ]  0
2017-11-22T09:56:33.555+0800: 195.450: Total time for which application threads were stopped: 0.5602308 seconds, Stopping threads took: 0.0000542 seconds
2017-11-22T09:56:34.067+0800: 195.962: [GC pause (G1 Evacuation Pause) (young) 195.962: [G1Ergonomics (CSet Construction) start choosing CSet, _pending_cards: 1556, predicted base time: 92.25 ms, remaining time: 107.75 ms, target pause time: 200.00 ms]
 195.962: [G1Ergonomics (CSet Construction) add young regions to CSet, eden: 329 regions, survivors: 3 regions, predicted young region time: 466.97 ms]
 195.962: [G1Ergonomics (CSet Construction) finish choosing CSet, eden: 329 regions, survivors: 3 regions, old: 0 regions, predicted pause time: 559.22 ms, target pause time: 200.00 ms]
 196.077: [G1Ergonomics (Heap Sizing) attempt heap expansion, reason: recent GC overhead higher than threshold after GC, recent GC overhead: 23.70 %, threshold: 10.00 %, uncommitted: 0 bytes, calculated expansion amount: 0 bytes (20.00 %)]
, 0.1150843 secs]
   [Parallel Time: 110.9 ms, GC Workers: 8]
      [GC Worker Start (ms): Min: 195962.6, Avg: 195974.2, Max: 195976.5, Diff: 14.0]
      [Ext Root Scanning (ms): Min: 0.0, Avg: 0.3, Max: 2.5, Diff: 2.5, Sum: 2.6]
      [Update RS (ms): Min: 0.0, Avg: 11.8, Max: 93.1, Diff: 93.1, Sum: 94.1]
         [Processed Buffers: Min: 0, Avg: 1.6, Max: 9, Diff: 9, Sum: 13]
      [Scan RS (ms): Min: 0.0, Avg: 0.1, Max: 0.6, Diff: 0.6, Sum: 0.8]
      [Code Root Scanning (ms): Min: 0.0, Avg: 0.0, Max: 0.1, Diff: 0.1, Sum: 0.1]
      [Object Copy (ms): Min: 0.0, Avg: 0.1, Max: 0.7, Diff: 0.7, Sum: 0.9]
      [Termination (ms): Min: 0.0, Avg: 74.0, Max: 97.0, Diff: 97.0, Sum: 591.9]
         [Termination Attempts: Min: 1, Avg: 1.0, Max: 1, Diff: 0, Sum: 8]
      [GC Worker Other (ms): Min: 0.0, Avg: 0.0, Max: 0.0, Diff: 0.0, Sum: 0.1]
      [GC Worker Total (ms): Min: 82.1, Avg: 86.3, Max: 97.0, Diff: 14.9, Sum: 690.5]
      [GC Worker End (ms): Min: 196058.6, Avg: 196060.5, Max: 196073.4, Diff: 14.8]
   [Code Root Fixup: 0.1 ms]
   [Code Root Purge: 0.0 ms]
   [Clear CT: 0.3 ms]
   [Other: 3.8 ms]
      [Choose CSet: 0.0 ms]
      [Ref Proc: 1.6 ms]
      [Ref Enq: 0.0 ms]
      [Redirty Cards: 0.1 ms]
      [Humongous Register: 0.5 ms]
      [Humongous Reclaim: 0.4 ms]
      [Free CSet: 0.5 ms]
   [Eden: 329.0M(329.0M)->0.0B(331.0M) Survivors: 3072.0K->1024.0K Heap: 4843.5M(6656.0M)->4512.5M(6656.0M)]
 [Times: user=0.09 sys=0.00, real=0.11 secs]
         vmop                    [threads: total initially_running wait_to_block]    [time: spin block sync cleanup vmop] page_trap_count
195.955: G1IncCollectionPause             [      33          0              0    ]      [     0     0     6     0   115    ]  0
2017-11-22T09:56:34.183+0800: 196.077: Total time for which application threads were stopped: 0.1154939 seconds, Stopping threads took: 0.0000497 seconds
2017-11-22T09:56:34.489+0800: 196.384: [GC pause (G1 Evacuation Pause) (young) 196.384: [G1Ergonomics (CSet Construction) start choosing CSet, _pending_cards: 260, predicted base time: 73.16 ms, remaining time: 126.84 ms, target pause time: 200.00 ms]
 196.384: [G1Ergonomics (CSet Construction) add young regions to CSet, eden: 331 regions, survivors: 1 regions, predicted young region time: 281.83 ms]
 196.384: [G1Ergonomics (CSet Construction) finish choosing CSet, eden: 331 regions, survivors: 1 regions, old: 0 regions, predicted pause time: 354.99 ms, target pause time: 200.00 ms]
 196.410: [G1Ergonomics (Heap Sizing) attempt heap expansion, reason: recent GC overhead higher than threshold after GC, recent GC overhead: 22.71 %, threshold: 10.00 %, uncommitted: 0 bytes, calculated expansion amount: 0 bytes (20.00 %)]
, 0.0270061 secs]
   [Parallel Time: 16.3 ms, GC Workers: 8]
      [GC Worker Start (ms): Min: 196384.3, Avg: 196386.8, Max: 196388.3, Diff: 3.9]
      [Ext Root Scanning (ms): Min: 0.0, Avg: 1.7, Max: 9.1, Diff: 9.1, Sum: 13.7]
      [Update RS (ms): Min: 0.0, Avg: 1.6, Max: 12.7, Diff: 12.7, Sum: 12.7]
         [Processed Buffers: Min: 0, Avg: 0.6, Max: 4, Diff: 4, Sum: 5]
      [Scan RS (ms): Min: 0.0, Avg: 0.1, Max: 0.3, Diff: 0.3, Sum: 0.4]
      [Code Root Scanning (ms): Min: 0.0, Avg: 0.0, Max: 0.1, Diff: 0.1, Sum: 0.1]
      [Object Copy (ms): Min: 0.0, Avg: 0.1, Max: 0.8, Diff: 0.8, Sum: 0.9]
      [Termination (ms): Min: 0.0, Avg: 10.2, Max: 12.8, Diff: 12.8, Sum: 81.4]
         [Termination Attempts: Min: 1, Avg: 1.0, Max: 1, Diff: 0, Sum: 8]
      [GC Worker Other (ms): Min: 0.0, Avg: 0.0, Max: 0.0, Diff: 0.0, Sum: 0.1]
      [GC Worker Total (ms): Min: 12.3, Avg: 13.7, Max: 16.2, Diff: 3.9, Sum: 109.4]
      [GC Worker End (ms): Min: 196400.4, Avg: 196400.5, Max: 196400.5, Diff: 0.1]
   [Code Root Fixup: 0.0 ms]
   [Code Root Purge: 0.0 ms]
   [Clear CT: 0.2 ms]
   [Other: 10.4 ms]
      [Choose CSet: 0.0 ms]
      [Ref Proc: 8.3 ms]
      [Ref Enq: 0.0 ms]
      [Redirty Cards: 0.1 ms]
      [Humongous Register: 0.6 ms]
      [Humongous Reclaim: 0.4 ms]
      [Free CSet: 0.6 ms]
   [Eden: 331.0M(331.0M)->0.0B(330.0M) Survivors: 1024.0K->2048.0K Heap: 4843.5M(6656.0M)->4513.2M(6656.0M)]
 [Times: user=0.03 sys=0.00, real=0.03 secs]
         vmop                    [threads: total initially_running wait_to_block]    [time: spin block sync cleanup vmop] page_trap_count
196.363: G1IncCollectionPause             [      33          1              1    ]      [     0     7    20     0    27    ]  0
2017-11-22T09:56:34.516+0800: 196.411: Total time for which application threads were stopped: 0.0346442 seconds, Stopping threads took: 0.0072856 seconds
2017-11-22T09:56:34.886+0800: 196.781: [GC pause (G1 Evacuation Pause) (young) 196.781: [G1Ergonomics (CSet Construction) start choosing CSet, _pending_cards: 517, predicted base time: 62.54 ms, remaining time: 137.46 ms, target pause time: 200.00 ms]
 196.781: [G1Ergonomics (CSet Construction) add young regions to CSet, eden: 330 regions, survivors: 2 regions, predicted young region time: 201.03 ms]
 196.781: [G1Ergonomics (CSet Construction) finish choosing CSet, eden: 330 regions, survivors: 2 regions, old: 0 regions, predicted pause time: 263.57 ms, target pause time: 200.00 ms]
 196.799: [G1Ergonomics (Heap Sizing) attempt heap expansion, reason: recent GC overhead higher than threshold after GC, recent GC overhead: 23.53 %, threshold: 10.00 %, uncommitted: 0 bytes, calculated expansion amount: 0 bytes (20.00 %)]
, 0.0185128 secs]
   [Parallel Time: 5.5 ms, GC Workers: 8]
      [GC Worker Start (ms): Min: 196781.3, Avg: 196785.6, Max: 196786.6, Diff: 5.3]
      [Ext Root Scanning (ms): Min: 0.0, Avg: 0.3, Max: 2.5, Diff: 2.5, Sum: 2.6]
      [Update RS (ms): Min: 0.0, Avg: 0.1, Max: 0.5, Diff: 0.5, Sum: 0.6]
         [Processed Buffers: Min: 0, Avg: 1.0, Max: 8, Diff: 8, Sum: 8]
      [Scan RS (ms): Min: 0.0, Avg: 0.0, Max: 0.3, Diff: 0.3, Sum: 0.4]
      [Code Root Scanning (ms): Min: 0.0, Avg: 0.0, Max: 0.1, Diff: 0.1, Sum: 0.1]
      [Object Copy (ms): Min: 0.0, Avg: 0.1, Max: 0.8, Diff: 0.8, Sum: 0.8]
      [Termination (ms): Min: 0.0, Avg: 0.5, Max: 1.0, Diff: 1.0, Sum: 4.1]
         [Termination Attempts: Min: 1, Avg: 1.0, Max: 1, Diff: 0, Sum: 8]
      [GC Worker Other (ms): Min: 0.0, Avg: 0.0, Max: 0.0, Diff: 0.0, Sum: 0.1]
      [GC Worker Total (ms): Min: 0.0, Avg: 1.1, Max: 5.4, Diff: 5.4, Sum: 8.6]
      [GC Worker End (ms): Min: 196786.7, Avg: 196786.7, Max: 196786.8, Diff: 0.1]
   [Code Root Fixup: 0.0 ms]
   [Code Root Purge: 0.0 ms]
   [Clear CT: 0.3 ms]
   [Other: 12.7 ms]
      [Choose CSet: 0.0 ms]
      [Ref Proc: 9.5 ms]
      [Ref Enq: 0.0 ms]
      [Redirty Cards: 0.4 ms]
      [Humongous Register: 0.5 ms]
      [Humongous Reclaim: 1.1 ms]
      [Free CSet: 0.6 ms]
   [Eden: 330.0M(330.0M)->0.0B(331.0M) Survivors: 2048.0K->1024.0K Heap: 4843.2M(6656.0M)->4511.8M(6656.0M)]
 [Times: user=0.03 sys=0.00, real=0.02 secs]
         vmop                    [threads: total initially_running wait_to_block]    [time: spin block sync cleanup vmop] page_trap_count
196.780: G1IncCollectionPause             [      33          0              0    ]      [     0     0     0     0    18    ]  0
2017-11-22T09:56:34.905+0800: 196.799: Total time for which application threads were stopped: 0.0189377 seconds, Stopping threads took: 0.0000555 seconds
2017-11-22T09:56:35.534+0800: 197.429: [GC pause (G1 Evacuation Pause) (young) 197.429: [G1Ergonomics (CSet Construction) start choosing CSet, _pending_cards: 284, predicted base time: 51.19 ms, remaining time: 148.81 ms, target pause time: 200.00 ms]
 197.429: [G1Ergonomics (CSet Construction) add young regions to CSet, eden: 331 regions, survivors: 1 regions, predicted young region time: 118.54 ms]
 197.429: [G1Ergonomics (CSet Construction) finish choosing CSet, eden: 331 regions, survivors: 1 regions, old: 0 regions, predicted pause time: 169.73 ms, target pause time: 200.00 ms]
 197.464: [G1Ergonomics (Heap Sizing) attempt heap expansion, reason: recent GC overhead higher than threshold after GC, recent GC overhead: 23.08 %, threshold: 10.00 %, uncommitted: 0 bytes, calculated expansion amount: 0 bytes (20.00 %)]
, 0.0353805 secs]
   [Parallel Time: 7.2 ms, GC Workers: 8]
      [GC Worker Start (ms): Min: 197429.2, Avg: 197431.0, Max: 197432.3, Diff: 3.1]
      [Ext Root Scanning (ms): Min: 0.0, Avg: 1.1, Max: 6.7, Diff: 6.7, Sum: 9.0]
      [Update RS (ms): Min: 0.0, Avg: 0.1, Max: 0.5, Diff: 0.5, Sum: 0.7]
         [Processed Buffers: Min: 0, Avg: 0.9, Max: 6, Diff: 6, Sum: 7]
      [Scan RS (ms): Min: 0.0, Avg: 0.1, Max: 0.3, Diff: 0.3, Sum: 0.5]
      [Code Root Scanning (ms): Min: 0.0, Avg: 0.0, Max: 0.1, Diff: 0.1, Sum: 0.1]
      [Object Copy (ms): Min: 0.0, Avg: 0.1, Max: 0.6, Diff: 0.6, Sum: 1.1]
      [Termination (ms): Min: 0.0, Avg: 3.5, Max: 4.3, Diff: 4.3, Sum: 27.7]
         [Termination Attempts: Min: 1, Avg: 1.1, Max: 2, Diff: 1, Sum: 9]
      [GC Worker Other (ms): Min: 0.0, Avg: 0.0, Max: 0.0, Diff: 0.0, Sum: 0.1]
      [GC Worker Total (ms): Min: 3.7, Avg: 4.9, Max: 6.7, Diff: 3.1, Sum: 39.4]
      [GC Worker End (ms): Min: 197435.9, Avg: 197435.9, Max: 197436.0, Diff: 0.1]
   [Code Root Fixup: 0.4 ms]
   [Code Root Purge: 0.0 ms]
   [Clear CT: 0.6 ms]
   [Other: 27.1 ms]
      [Choose CSet: 0.0 ms]
      [Ref Proc: 24.8 ms]
      [Ref Enq: 0.1 ms]
      [Redirty Cards: 0.2 ms]
      [Humongous Register: 0.5 ms]
      [Humongous Reclaim: 0.4 ms]
      [Free CSet: 0.6 ms]
   [Eden: 331.0M(331.0M)->0.0B(331.0M) Survivors: 1024.0K->1024.0K Heap: 4842.8M(6656.0M)->4511.8M(6656.0M)]
 [Times: user=0.06 sys=0.00, real=0.04 secs]
         vmop                    [threads: total initially_running wait_to_block]    [time: spin block sync cleanup vmop] page_trap_count
197.428: G1IncCollectionPause             [      33          0              0    ]      [     0     0     0     0    35    ]  0
2017-11-22T09:56:35.570+0800: 197.464: Total time for which application threads were stopped: 0.0358382 seconds, Stopping threads took: 0.0000388 seconds
2017-11-22T09:56:36.015+0800: 197.909: [GC pause (G1 Evacuation Pause) (young) 197.909: [G1Ergonomics (CSet Construction) start choosing CSet, _pending_cards: 533, predicted base time: 48.12 ms, remaining time: 151.88 ms, target pause time: 200.00 ms]
 197.909: [G1Ergonomics (CSet Construction) add young regions to CSet, eden: 331 regions, survivors: 1 regions, predicted young region time: 70.44 ms]
 197.909: [G1Ergonomics (CSet Construction) finish choosing CSet, eden: 331 regions, survivors: 1 regions, old: 0 regions, predicted pause time: 118.57 ms, target pause time: 200.00 ms]
 197.925: [G1Ergonomics (Heap Sizing) attempt heap expansion, reason: recent GC overhead higher than threshold after GC, recent GC overhead: 22.01 %, threshold: 10.00 %, uncommitted: 0 bytes, calculated expansion amount: 0 bytes (20.00 %)]
, 0.0163420 secs]
   [Parallel Time: 4.0 ms, GC Workers: 8]
      [GC Worker Start (ms): Min: 197909.9, Avg: 197912.3, Max: 197913.5, Diff: 3.6]
      [Ext Root Scanning (ms): Min: 0.0, Avg: 0.4, Max: 1.7, Diff: 1.7, Sum: 3.4]
      [Update RS (ms): Min: 0.0, Avg: 0.1, Max: 0.4, Diff: 0.4, Sum: 0.6]
         [Processed Buffers: Min: 0, Avg: 1.0, Max: 5, Diff: 5, Sum: 8]
      [Scan RS (ms): Min: 0.0, Avg: 0.1, Max: 0.4, Diff: 0.4, Sum: 0.8]
      [Code Root Scanning (ms): Min: 0.0, Avg: 0.0, Max: 0.1, Diff: 0.1, Sum: 0.1]
      [Object Copy (ms): Min: 0.0, Avg: 0.1, Max: 0.4, Diff: 0.4, Sum: 0.8]
      [Termination (ms): Min: 0.0, Avg: 0.6, Max: 0.9, Diff: 0.9, Sum: 4.4]
         [Termination Attempts: Min: 1, Avg: 1.0, Max: 1, Diff: 0, Sum: 8]
      [GC Worker Other (ms): Min: 0.0, Avg: 0.0, Max: 0.0, Diff: 0.0, Sum: 0.1]
      [GC Worker Total (ms): Min: 0.1, Avg: 1.3, Max: 3.7, Diff: 3.7, Sum: 10.2]
      [GC Worker End (ms): Min: 197913.6, Avg: 197913.6, Max: 197913.6, Diff: 0.1]
   [Code Root Fixup: 0.1 ms]
   [Code Root Purge: 0.0 ms]
   [Clear CT: 0.7 ms]
   [Other: 11.6 ms]
      [Choose CSet: 0.0 ms]
      [Ref Proc: 9.2 ms]
      [Ref Enq: 0.0 ms]
      [Redirty Cards: 0.3 ms]
      [Humongous Register: 0.6 ms]
      [Humongous Reclaim: 0.4 ms]
      [Free CSet: 0.6 ms]
   [Eden: 331.0M(331.0M)->0.0B(1439.0M) Survivors: 1024.0K->1024.0K Heap: 4842.8M(6656.0M)->4511.8M(6656.0M)]
 [Times: user=0.03 sys=0.00, real=0.02 secs]
         vmop                    [threads: total initially_running wait_to_block]    [time: spin block sync cleanup vmop] page_trap_count
197.909: G1IncCollectionPause             [      33          0              0    ]      [     0     0     0     0    16    ]  0
2017-11-22T09:56:36.031+0800: 197.926: Total time for which application threads were stopped: 0.0168268 seconds, Stopping threads took: 0.0000636 seconds
2017-11-22T09:56:38.714+0800: 200.608: [GC pause (G1 Evacuation Pause) (young) 200.610: [G1Ergonomics (CSet Construction) start choosing CSet, _pending_cards: 524, predicted base time: 40.60 ms, remaining time: 159.40 ms, target pause time: 200.00 ms]
 200.610: [G1Ergonomics (CSet Construction) add young regions to CSet, eden: 1439 regions, survivors: 1 regions, predicted young region time: 91.54 ms]
 200.610: [G1Ergonomics (CSet Construction) finish choosing CSet, eden: 1439 regions, survivors: 1 regions, old: 0 regions, predicted pause time: 132.14 ms, target pause time: 200.00 ms]
 200.619: [G1Ergonomics (Heap Sizing) attempt heap expansion, reason: recent GC overhead higher than threshold after GC, recent GC overhead: 22.35 %, threshold: 10.00 %, uncommitted: 0 bytes, calculated expansion amount: 0 bytes (20.00 %)]
, 0.0107048 secs]
   [Parallel Time: 4.2 ms, GC Workers: 8]
      [GC Worker Start (ms): Min: 200610.2, Avg: 200612.9, Max: 200614.1, Diff: 3.9]
      [Ext Root Scanning (ms): Min: 0.0, Avg: 0.4, Max: 1.6, Diff: 1.6, Sum: 3.2]
      [Update RS (ms): Min: 0.0, Avg: 0.1, Max: 0.3, Diff: 0.3, Sum: 0.6]
         [Processed Buffers: Min: 0, Avg: 1.1, Max: 8, Diff: 8, Sum: 9]
      [Scan RS (ms): Min: 0.1, Avg: 0.3, Max: 0.9, Diff: 0.8, Sum: 2.4]
      [Code Root Scanning (ms): Min: 0.0, Avg: 0.0, Max: 0.1, Diff: 0.1, Sum: 0.2]
      [Object Copy (ms): Min: 0.0, Avg: 0.1, Max: 0.5, Diff: 0.5, Sum: 0.9]
      [Termination (ms): Min: 0.0, Avg: 0.4, Max: 0.7, Diff: 0.7, Sum: 3.0]
         [Termination Attempts: Min: 1, Avg: 1.0, Max: 1, Diff: 0, Sum: 8]
      [GC Worker Other (ms): Min: 0.0, Avg: 0.0, Max: 0.1, Diff: 0.1, Sum: 0.4]
      [GC Worker Total (ms): Min: 0.2, Avg: 1.3, Max: 4.1, Diff: 4.0, Sum: 10.7]
      [GC Worker End (ms): Min: 200614.2, Avg: 200614.3, Max: 200614.3, Diff: 0.1]
   [Code Root Fixup: 0.1 ms]
   [Code Root Purge: 0.0 ms]
   [Clear CT: 0.6 ms]
   [Other: 5.8 ms]
      [Choose CSet: 0.0 ms]
      [Ref Proc: 0.6 ms]
      [Ref Enq: 0.0 ms]
      [Redirty Cards: 0.3 ms]
      [Humongous Register: 0.3 ms]
      [Humongous Reclaim: 0.3 ms]
      [Free CSet: 2.2 ms]
   [Eden: 1439.0M(1439.0M)->0.0B(1446.0M) Survivors: 1024.0K->1024.0K Heap: 5950.8M(6656.0M)->4511.8M(6656.0M)]
 [Times: user=0.01 sys=0.00, real=0.02 secs]
         vmop                    [threads: total initially_running wait_to_block]    [time: spin block sync cleanup vmop] page_trap_count
200.608: G1IncCollectionPause             [      33          0              0    ]      [     0     0     0     0    10    ]  0
2017-11-22T09:56:38.725+0800: 200.619: Total time for which application threads were stopped: 0.0111444 seconds, Stopping threads took: 0.0000573 seconds
         vmop                    [threads: total initially_running wait_to_block]    [time: spin block sync cleanup vmop] page_trap_count
201.369: RevokeBias                       [      33          1              1    ]      [     0     0     1     0     0    ]  1
2017-11-22T09:56:39.477+0800: 201.371: Total time for which application threads were stopped: 0.0003187 seconds, Stopping threads took: 0.0000898 seconds
         vmop                    [threads: total initially_running wait_to_block]    [time: spin block sync cleanup vmop] page_trap_count
201.863: RevokeBias                       [      33          0              0    ]      [     0     0     0     0     0    ]  0
2017-11-22T09:56:39.969+0800: 201.863: Total time for which application threads were stopped: 0.0003141 seconds, Stopping threads took: 0.0000636 seconds
         vmop                    [threads: total initially_running wait_to_block]    [time: spin block sync cleanup vmop] page_trap_count
201.888: RevokeBias                       [      33          1              1    ]      [     7     0     8     0     0    ]  1
2017-11-22T09:56:40.002+0800: 201.896: Total time for which application threads were stopped: 0.0083346 seconds, Stopping threads took: 0.0080852 seconds
2017-11-22T09:56:40.465+0800: 202.359: [GC pause (G1 Evacuation Pause) (young) 202.360: [G1Ergonomics (CSet Construction) start choosing CSet, _pending_cards: 541, predicted base time: 33.26 ms, remaining time: 166.74 ms, target pause time: 200.00 ms]
 202.360: [G1Ergonomics (CSet Construction) add young regions to CSet, eden: 1446 regions, survivors: 1 regions, predicted young region time: 43.47 ms]
 202.360: [G1Ergonomics (CSet Construction) finish choosing CSet, eden: 1446 regions, survivors: 1 regions, old: 0 regions, predicted pause time: 76.73 ms, target pause time: 200.00 ms]
 202.382: [G1Ergonomics (Heap Sizing) attempt heap expansion, reason: recent GC overhead higher than threshold after GC, recent GC overhead: 17.00 %, threshold: 10.00 %, uncommitted: 0 bytes, calculated expansion amount: 0 bytes (20.00 %)]
, 0.0226598 secs]
   [Parallel Time: 9.1 ms, GC Workers: 8]
      [GC Worker Start (ms): Min: 202359.9, Avg: 202362.8, Max: 202364.3, Diff: 4.5]
      [Ext Root Scanning (ms): Min: 0.0, Avg: 0.4, Max: 1.6, Diff: 1.6, Sum: 3.2]
      [Update RS (ms): Min: 0.0, Avg: 0.1, Max: 0.3, Diff: 0.3, Sum: 0.6]
         [Processed Buffers: Min: 0, Avg: 1.1, Max: 7, Diff: 7, Sum: 9]
      [Scan RS (ms): Min: 0.1, Avg: 0.3, Max: 0.9, Diff: 0.8, Sum: 2.5]
      [Code Root Scanning (ms): Min: 0.0, Avg: 0.0, Max: 0.1, Diff: 0.1, Sum: 0.2]
      [Object Copy (ms): Min: 0.0, Avg: 0.1, Max: 0.4, Diff: 0.4, Sum: 0.7]
      [Termination (ms): Min: 0.0, Avg: 1.1, Max: 1.7, Diff: 1.7, Sum: 8.8]
         [Termination Attempts: Min: 1, Avg: 1.0, Max: 1, Diff: 0, Sum: 8]
      [GC Worker Other (ms): Min: 0.0, Avg: 0.0, Max: 0.0, Diff: 0.0, Sum: 0.1]
      [GC Worker Total (ms): Min: 0.1, Avg: 2.0, Max: 4.6, Diff: 4.5, Sum: 16.2]
      [GC Worker End (ms): Min: 202364.5, Avg: 202364.8, Max: 202365.1, Diff: 0.7]
   [Code Root Fixup: 0.1 ms]
   [Code Root Purge: 0.0 ms]
   [Clear CT: 1.0 ms]
   [Other: 12.5 ms]
      [Choose CSet: 0.0 ms]
      [Ref Proc: 8.6 ms]
      [Ref Enq: 0.0 ms]
      [Redirty Cards: 0.1 ms]
      [Humongous Register: 0.3 ms]
      [Humongous Reclaim: 0.4 ms]
      [Free CSet: 2.7 ms]
   [Eden: 1446.0M(1446.0M)->0.0B(1451.0M) Survivors: 1024.0K->1024.0K Heap: 5957.8M(6656.0M)->4511.8M(6656.0M)]
 [Times: user=0.04 sys=0.00, real=0.02 secs]
         vmop                    [threads: total initially_running wait_to_block]    [time: spin block sync cleanup vmop] page_trap_count
202.359: G1IncCollectionPause             [      33          0              0    ]      [     0     0     0     0    22    ]  0
2017-11-22T09:56:40.488+0800: 202.382: Total time for which application threads were stopped: 0.0230645 seconds, Stopping threads took: 0.0000585 seconds
         vmop                    [threads: total initially_running wait_to_block]    [time: spin block sync cleanup vmop] page_trap_count
203.382: no vm operation                  [      33          0              0    ]      [     0     0    11     0     0    ]  0
2017-11-22T09:56:41.500+0800: 203.394: Total time for which application threads were stopped: 0.0007058 seconds, Stopping threads took: 0.0000372 seconds
         vmop                    [threads: total initially_running wait_to_block]    [time: spin block sync cleanup vmop] page_trap_count
204.394: no vm operation                  [      33          0              0    ]      [     0     0     0     0     0    ]  0
2017-11-22T09:56:42.500+0800: 204.394: Total time for which application threads were stopped: 0.0002634 seconds, Stopping threads took: 0.0000704 seconds
2017-11-22T09:56:43.243+0800: 205.137: [GC pause (G1 Evacuation Pause) (young) 205.143: [G1Ergonomics (CSet Construction) start choosing CSet, _pending_cards: 549, predicted base time: 30.22 ms, remaining time: 169.78 ms, target pause time: 200.00 ms]
 205.143: [G1Ergonomics (CSet Construction) add young regions to CSet, eden: 1451 regions, survivors: 1 regions, predicted young region time: 32.02 ms]
 205.143: [G1Ergonomics (CSet Construction) finish choosing CSet, eden: 1451 regions, survivors: 1 regions, old: 0 regions, predicted pause time: 62.24 ms, target pause time: 200.00 ms]
 205.154: [G1Ergonomics (Heap Sizing) attempt heap expansion, reason: recent GC overhead higher than threshold after GC, recent GC overhead: 14.22 %, threshold: 10.00 %, uncommitted: 0 bytes, calculated expansion amount: 0 bytes (20.00 %)]
, 0.0167724 secs]
   [Parallel Time: 5.8 ms, GC Workers: 8]
      [GC Worker Start (ms): Min: 205143.1, Avg: 205143.9, Max: 205145.5, Diff: 2.5]
      [Ext Root Scanning (ms): Min: 0.0, Avg: 0.8, Max: 3.7, Diff: 3.7, Sum: 6.7]
      [Update RS (ms): Min: 0.0, Avg: 0.7, Max: 1.9, Diff: 1.9, Sum: 5.5]
         [Processed Buffers: Min: 0, Avg: 1.4, Max: 6, Diff: 6, Sum: 11]
      [Scan RS (ms): Min: 0.1, Avg: 0.3, Max: 0.9, Diff: 0.8, Sum: 2.7]
      [Code Root Scanning (ms): Min: 0.0, Avg: 0.0, Max: 0.1, Diff: 0.1, Sum: 0.2]
      [Object Copy (ms): Min: 0.3, Avg: 1.7, Max: 3.4, Diff: 3.1, Sum: 13.2]
      [Termination (ms): Min: 0.0, Avg: 1.2, Max: 1.4, Diff: 1.4, Sum: 9.7]
         [Termination Attempts: Min: 1, Avg: 1.0, Max: 1, Diff: 0, Sum: 8]
      [GC Worker Other (ms): Min: 0.0, Avg: 0.0, Max: 0.1, Diff: 0.1, Sum: 0.3]
      [GC Worker Total (ms): Min: 3.2, Avg: 4.8, Max: 5.6, Diff: 2.4, Sum: 38.4]
      [GC Worker End (ms): Min: 205148.7, Avg: 205148.7, Max: 205148.7, Diff: 0.1]
   [Code Root Fixup: 0.1 ms]
   [Code Root Purge: 0.0 ms]
   [Clear CT: 1.0 ms]
   [Other: 9.8 ms]
      [Choose CSet: 0.0 ms]
      [Ref Proc: 0.9 ms]
      [Ref Enq: 0.0 ms]
      [Redirty Cards: 0.3 ms]
      [Humongous Register: 0.3 ms]
      [Humongous Reclaim: 0.3 ms]
      [Free CSet: 2.1 ms]
   [Eden: 1451.0M(1451.0M)->0.0B(1448.0M) Survivors: 1024.0K->6144.0K Heap: 5962.8M(6656.0M)->4516.9M(6656.0M)]
 [Times: user=0.02 sys=0.00, real=0.02 secs]
         vmop                    [threads: total initially_running wait_to_block]    [time: spin block sync cleanup vmop] page_trap_count
205.137: G1IncCollectionPause             [      33          0              0    ]      [     0     0     0     0    16    ]  0
2017-11-22T09:56:43.259+0800: 205.154: Total time for which application threads were stopped: 0.0171865 seconds, Stopping threads took: 0.0000671 seconds
2017-11-22T09:56:44.220+0800: 206.114: [GC concurrent-mark-end, 19.0812140 secs]
2017-11-22T09:56:44.220+0800: 206.115: [GC remark 2017-11-22T09:56:44.220+0800: 206.115: [Finalize Marking, 0.0022137 secs] 2017-11-22T09:56:44.222+0800: 206.117: [GC ref-proc, 0.0004063 secs] 2017-11-22T09:56:44.223+0800: 206.117: [Unloading, 0.0121740 secs], 0.0430921 secs]
 [Times: user=0.14 sys=0.01, real=0.05 secs]
         vmop                    [threads: total initially_running wait_to_block]    [time: spin block sync cleanup vmop] page_trap_count
206.114: CGC_Operation                    [      33          0              0    ]      [     0     0     0     0    43    ]  0
2017-11-22T09:56:44.263+0800: 206.158: Total time for which application threads were stopped: 0.0434030 seconds, Stopping threads took: 0.0000544 seconds
2017-11-22T09:56:44.264+0800: 206.158: [GC cleanup 4911M->4911M(6656M), 0.0295031 secs]
 [Times: user=0.11 sys=0.00, real=0.02 secs]
         vmop                    [threads: total initially_running wait_to_block]    [time: spin block sync cleanup vmop] page_trap_count
206.158: CGC_Operation                    [      33          2              0    ]      [     0     0     0     0    29    ]  0
2017-11-22T09:56:44.293+0800: 206.188: Total time for which application threads were stopped: 0.0299473 seconds, Stopping threads took: 0.0000916 seconds
         vmop                    [threads: total initially_running wait_to_block]    [time: spin block sync cleanup vmop] page_trap_count
207.188: no vm operation                  [      33          0              0    ]      [     0     0     0     0     0    ]  0
2017-11-22T09:56:45.294+0800: 207.188: Total time for which application threads were stopped: 0.0001927 seconds, Stopping threads took: 0.0000371 seconds
         vmop                    [threads: total initially_running wait_to_block]    [time: spin block sync cleanup vmop] page_trap_count
208.188: no vm operation                  [      33          1              1    ]      [     0     0     0     0     0    ]  0
2017-11-22T09:56:46.294+0800: 208.188: Total time for which application threads were stopped: 0.0002639 seconds, Stopping threads took: 0.0001060 seconds
2017-11-22T09:56:47.198+0800: 209.092: [GC pause (G1 Evacuation Pause) (young) 209.092: [G1Ergonomics (CSet Construction) start choosing CSet, _pending_cards: 1605, predicted base time: 28.06 ms, remaining time: 171.94 ms, target pause time: 200.00 ms]
 209.092: [G1Ergonomics (CSet Construction) add young regions to CSet, eden: 1448 regions, survivors: 6 regions, predicted young region time: 64.74 ms]
 209.092: [G1Ergonomics (CSet Construction) finish choosing CSet, eden: 1448 regions, survivors: 6 regions, old: 0 regions, predicted pause time: 92.80 ms, target pause time: 200.00 ms]
 209.100: [G1Ergonomics (Concurrent Cycles) do not request concurrent cycle initiation, reason: still doing mixed collections, occupancy: 4738514944 bytes, allocation request: 0 bytes, threshold: 3140694810 bytes (45.00 %), source: end of GC]
 209.100: [G1Ergonomics (Mixed GCs) do not start mixed GCs, reason: reclaimable percentage not over threshold, candidate old regions: 264 regions, reclaimable: 137467512 bytes (1.97 %), threshold: 5.00 %]
, 0.0075825 secs]
   [Parallel Time: 2.9 ms, GC Workers: 8]
      [GC Worker Start (ms): Min: 209092.6, Avg: 209092.8, Max: 209093.4, Diff: 0.8]
      [Ext Root Scanning (ms): Min: 0.0, Avg: 0.6, Max: 1.8, Diff: 1.8, Sum: 5.2]
      [Update RS (ms): Min: 0.0, Avg: 0.3, Max: 1.6, Diff: 1.6, Sum: 2.6]
         [Processed Buffers: Min: 0, Avg: 2.1, Max: 5, Diff: 5, Sum: 17]
      [Scan RS (ms): Min: 0.1, Avg: 0.4, Max: 0.5, Diff: 0.4, Sum: 2.9]
      [Code Root Scanning (ms): Min: 0.0, Avg: 0.0, Max: 0.1, Diff: 0.1, Sum: 0.2]
      [Object Copy (ms): Min: 0.0, Avg: 0.6, Max: 0.9, Diff: 0.9, Sum: 4.6]
      [Termination (ms): Min: 0.0, Avg: 0.3, Max: 0.9, Diff: 0.9, Sum: 2.4]
         [Termination Attempts: Min: 1, Avg: 10.1, Max: 20, Diff: 19, Sum: 81]
      [GC Worker Other (ms): Min: 0.0, Avg: 0.1, Max: 0.1, Diff: 0.1, Sum: 0.4]
      [GC Worker Total (ms): Min: 1.9, Avg: 2.3, Max: 2.5, Diff: 0.5, Sum: 18.3]
      [GC Worker End (ms): Min: 209095.0, Avg: 209095.1, Max: 209095.3, Diff: 0.3]
   [Code Root Fixup: 0.0 ms]
   [Code Root Purge: 0.0 ms]
   [Clear CT: 0.6 ms]
   [Other: 4.0 ms]
      [Choose CSet: 0.0 ms]
      [Ref Proc: 0.4 ms]
      [Ref Enq: 0.0 ms]
      [Redirty Cards: 0.3 ms]
      [Humongous Register: 0.3 ms]
      [Humongous Reclaim: 0.2 ms]
      [Free CSet: 2.3 ms]
   [Eden: 1448.0M(1448.0M)->0.0B(1450.0M) Survivors: 6144.0K->6144.0K Heap: 5964.9M(6656.0M)->4516.7M(6656.0M)]
 [Times: user=0.02 sys=0.00, real=0.01 secs]
         vmop                    [threads: total initially_running wait_to_block]    [time: spin block sync cleanup vmop] page_trap_count
209.092: G1IncCollectionPause             [      33          0              0    ]      [     0     0     0     0     7    ]  0
2017-11-22T09:56:47.206+0800: 209.100: Total time for which application threads were stopped: 0.0079657 seconds, Stopping threads took: 0.0000477 seconds
         vmop                    [threads: total initially_running wait_to_block]    [time: spin block sync cleanup vmop] page_trap_count
210.100: no vm operation                  [      33          1              1    ]      [     0     0     0     0     0    ]  1
2017-11-22T09:56:48.206+0800: 210.100: Total time for which application threads were stopped: 0.0002550 seconds, Stopping threads took: 0.0000912 seconds
         vmop                    [threads: total initially_running wait_to_block]    [time: spin block sync cleanup vmop] page_trap_count
211.100: no vm operation                  [      33          0              0    ]      [     0     0     0     0     0    ]  0
2017-11-22T09:56:49.206+0800: 211.101: Total time for which application threads were stopped: 0.0002023 seconds, Stopping threads took: 0.0000336 seconds
         vmop                    [threads: total initially_running wait_to_block]    [time: spin block sync cleanup vmop] page_trap_count
212.101: no vm operation                  [      32          0              0    ]      [     0     0     0     0     0    ]  0
2017-11-22T09:56:50.207+0800: 212.101: Total time for which application threads were stopped: 0.0001843 seconds, Stopping threads took: 0.0000380 seconds
2017-11-22T09:56:50.388+0800: 212.283: [GC pause (G1 Evacuation Pause) (young) 212.283: [G1Ergonomics (CSet Construction) start choosing CSet, _pending_cards: 1815, predicted base time: 22.97 ms, remaining time: 177.03 ms, target pause time: 200.00 ms]
 212.283: [G1Ergonomics (CSet Construction) add young regions to CSet, eden: 1450 regions, survivors: 6 regions, predicted young region time: 60.39 ms]
 212.283: [G1Ergonomics (CSet Construction) finish choosing CSet, eden: 1450 regions, survivors: 6 regions, old: 0 regions, predicted pause time: 83.37 ms, target pause time: 200.00 ms]
 212.304: [G1Ergonomics (Concurrent Cycles) request concurrent cycle initiation, reason: occupancy higher than threshold, occupancy: 4738514944 bytes, allocation request: 0 bytes, threshold: 3140694810 bytes (45.00 %), source: end of GC]
, 0.0210213 secs]
   [Parallel Time: 4.6 ms, GC Workers: 8]
      [GC Worker Start (ms): Min: 212283.1, Avg: 212286.0, Max: 212287.3, Diff: 4.1]
      [Ext Root Scanning (ms): Min: 0.0, Avg: 0.3, Max: 1.2, Diff: 1.2, Sum: 2.4]
      [Update RS (ms): Min: 0.0, Avg: 0.1, Max: 0.4, Diff: 0.4, Sum: 0.7]
         [Processed Buffers: Min: 0, Avg: 1.9, Max: 10, Diff: 10, Sum: 15]
      [Scan RS (ms): Min: 0.1, Avg: 0.2, Max: 0.6, Diff: 0.5, Sum: 1.9]
      [Code Root Scanning (ms): Min: 0.0, Avg: 0.0, Max: 0.1, Diff: 0.1, Sum: 0.2]
      [Object Copy (ms): Min: 0.0, Avg: 0.3, Max: 1.2, Diff: 1.2, Sum: 2.3]
      [Termination (ms): Min: 0.0, Avg: 0.5, Max: 0.9, Diff: 0.9, Sum: 4.0]
         [Termination Attempts: Min: 1, Avg: 1.9, Max: 8, Diff: 7, Sum: 15]
      [GC Worker Other (ms): Min: 0.0, Avg: 0.0, Max: 0.0, Diff: 0.0, Sum: 0.2]
      [GC Worker Total (ms): Min: 0.1, Avg: 1.5, Max: 4.3, Diff: 4.2, Sum: 11.7]
      [GC Worker End (ms): Min: 212287.4, Avg: 212287.5, Max: 212287.5, Diff: 0.1]
   [Code Root Fixup: 0.0 ms]
   [Code Root Purge: 0.0 ms]
   [Clear CT: 0.8 ms]
   [Other: 15.6 ms]
      [Choose CSet: 0.0 ms]
      [Ref Proc: 12.3 ms]
      [Ref Enq: 0.0 ms]
      [Redirty Cards: 0.2 ms]
      [Humongous Register: 0.3 ms]
      [Humongous Reclaim: 0.2 ms]
      [Free CSet: 2.2 ms]
   [Eden: 1450.0M(1450.0M)->0.0B(1453.0M) Survivors: 6144.0K->5120.0K Heap: 5966.7M(6656.0M)->4516.4M(6656.0M)]
 [Times: user=0.05 sys=0.00, real=0.02 secs]
         vmop                    [threads: total initially_running wait_to_block]    [time: spin block sync cleanup vmop] page_trap_count
212.283: G1IncCollectionPause             [      32          0              0    ]      [     0     0     0     0    21    ]  0
2017-11-22T09:56:50.410+0800: 212.304: Total time for which application threads were stopped: 0.0213567 seconds, Stopping threads took: 0.0000513 seconds
         vmop                    [threads: total initially_running wait_to_block]    [time: spin block sync cleanup vmop] page_trap_count
212.409: RevokeBias                       [      31          1              1    ]      [     0     0     0     0     0    ]  1
2017-11-22T09:56:50.515+0800: 212.409: Total time for which application threads were stopped: 0.0002380 seconds, Stopping threads took: 0.0000777 seconds
         vmop                    [threads: total initially_running wait_to_block]    [time: spin block sync cleanup vmop] page_trap_count
212.410: RevokeBias                       [      32          1              2    ]      [     0     0     0     0     0    ]  1
2017-11-22T09:56:50.516+0800: 212.410: Total time for which application threads were stopped: 0.0001529 seconds, Stopping threads took: 0.0000652 seconds
         vmop                    [threads: total initially_running wait_to_block]    [time: spin block sync cleanup vmop] page_trap_count
212.410: RevokeBias                       [      32          2              2    ]      [    12     0    12     0     0    ]  1
2017-11-22T09:56:50.529+0800: 212.423: Total time for which application threads were stopped: 0.0131576 seconds, Stopping threads took: 0.0129521 seconds
         vmop                    [threads: total initially_running wait_to_block]    [time: spin block sync cleanup vmop] page_trap_count
212.423: RevokeBias                       [      32          1              2    ]      [     0     0     0     0     0    ]  1
2017-11-22T09:56:50.529+0800: 212.424: Total time for which application threads were stopped: 0.0001625 seconds, Stopping threads took: 0.0000681 seconds
         vmop                    [threads: total initially_running wait_to_block]    [time: spin block sync cleanup vmop] page_trap_count
212.429: RevokeBias                       [      33          0              0    ]      [     0     0     0     0     0    ]  0
2017-11-22T09:56:50.535+0800: 212.429: Total time for which application threads were stopped: 0.0001270 seconds, Stopping threads took: 0.0000341 seconds
         vmop                    [threads: total initially_running wait_to_block]    [time: spin block sync cleanup vmop] page_trap_count
214.429: no vm operation                  [      33          0              0    ]      [     0     0     0     0     0    ]  0
2017-11-22T09:56:52.535+0800: 214.429: Total time for which application threads were stopped: 0.0001856 seconds, Stopping threads took: 0.0000338 seconds
 215.817: [G1Ergonomics (Concurrent Cycles) initiate concurrent cycle, reason: concurrent cycle initiation requested]
2017-11-22T09:56:53.922+0800: 215.817: [GC pause (G1 Evacuation Pause) (young) (initial-mark) 215.818: [G1Ergonomics (CSet Construction) start choosing CSet, _pending_cards: 796, predicted base time: 21.33 ms, remaining time: 178.67 ms, target pause time: 200.00 ms]
 215.818: [G1Ergonomics (CSet Construction) add young regions to CSet, eden: 1453 regions, survivors: 5 regions, predicted young region time: 35.87 ms]
 215.818: [G1Ergonomics (CSet Construction) finish choosing CSet, eden: 1453 regions, survivors: 5 regions, old: 0 regions, predicted pause time: 57.20 ms, target pause time: 200.00 ms]
, 0.0215642 secs]
   [Parallel Time: 4.4 ms, GC Workers: 8]
      [GC Worker Start (ms): Min: 215818.2, Avg: 215818.7, Max: 215819.2, Diff: 0.9]
      [Ext Root Scanning (ms): Min: 1.3, Avg: 1.8, Max: 2.6, Diff: 1.3, Sum: 14.2]
      [Update RS (ms): Min: 0.0, Avg: 0.1, Max: 0.5, Diff: 0.5, Sum: 0.7]
         [Processed Buffers: Min: 0, Avg: 1.5, Max: 6, Diff: 6, Sum: 12]
      [Scan RS (ms): Min: 0.1, Avg: 0.3, Max: 0.5, Diff: 0.4, Sum: 2.1]
      [Code Root Scanning (ms): Min: 0.0, Avg: 0.0, Max: 0.1, Diff: 0.1, Sum: 0.2]
      [Object Copy (ms): Min: 0.0, Avg: 0.3, Max: 0.7, Diff: 0.7, Sum: 2.6]
      [Termination (ms): Min: 0.0, Avg: 0.8, Max: 1.5, Diff: 1.5, Sum: 6.1]
         [Termination Attempts: Min: 1, Avg: 1.0, Max: 1, Diff: 0, Sum: 8]
      [GC Worker Other (ms): Min: 0.0, Avg: 0.0, Max: 0.0, Diff: 0.0, Sum: 0.1]
      [GC Worker Total (ms): Min: 2.7, Avg: 3.3, Max: 4.1, Diff: 1.4, Sum: 26.1]
      [GC Worker End (ms): Min: 215821.8, Avg: 215822.0, Max: 215822.4, Diff: 0.5]
   [Code Root Fixup: 0.0 ms]
   [Code Root Purge: 0.0 ms]
   [Clear CT: 0.7 ms]
   [Other: 16.4 ms]
      [Choose CSet: 0.0 ms]
      [Ref Proc: 9.5 ms]
      [Ref Enq: 0.0 ms]
      [Redirty Cards: 1.2 ms]
      [Humongous Register: 0.2 ms]
      [Humongous Reclaim: 0.3 ms]
      [Free CSet: 3.2 ms]
   [Eden: 1453.0M(1453.0M)->0.0B(1453.0M) Survivors: 5120.0K->6144.0K Heap: 5969.4M(6656.0M)->4516.6M(6656.0M)]
 [Times: user=0.05 sys=0.00, real=0.03 secs]
         vmop                    [threads: total initially_running wait_to_block]    [time: spin block sync cleanup vmop] page_trap_count
215.817: G1IncCollectionPause             [      33          0              0    ]      [     0     0     0     0    21    ]  0
2017-11-22T09:56:53.944+0800: 215.839: [GC concurrent-root-region-scan-start]
2017-11-22T09:56:53.944+0800: 215.839: Total time for which application threads were stopped: 0.0222238 seconds, Stopping threads took: 0.0000594 seconds
2017-11-22T09:56:53.945+0800: 215.840: [GC concurrent-root-region-scan-end, 0.0010768 secs]
2017-11-22T09:56:53.945+0800: 215.840: [GC concurrent-mark-start]
         vmop                    [threads: total initially_running wait_to_block]    [time: spin block sync cleanup vmop] page_trap_count
216.839: no vm operation                  [      33          0              0    ]      [     0     0     0     0     0    ]  0
2017-11-22T09:56:54.945+0800: 216.839: Total time for which application threads were stopped: 0.0002032 seconds, Stopping threads took: 0.0000586 seconds
         vmop                    [threads: total initially_running wait_to_block]    [time: spin block sync cleanup vmop] page_trap_count
219.840: no vm operation                  [      33          1              1    ]      [     0     0     0     0     0    ]  1
2017-11-22T09:56:57.946+0800: 219.840: Total time for which application threads were stopped: 0.0002949 seconds, Stopping threads took: 0.0001065 seconds
2017-11-22T09:56:58.328+0800: 220.222: [GC pause (G1 Evacuation Pause) (young) 220.222: [G1Ergonomics (CSet Construction) start choosing CSet, _pending_cards: 1075, predicted base time: 21.13 ms, remaining time: 178.87 ms, target pause time: 200.00 ms]
 220.222: [G1Ergonomics (CSet Construction) add young regions to CSet, eden: 1453 regions, survivors: 6 regions, predicted young region time: 24.09 ms]
 220.222: [G1Ergonomics (CSet Construction) finish choosing CSet, eden: 1453 regions, survivors: 6 regions, old: 0 regions, predicted pause time: 45.22 ms, target pause time: 200.00 ms]
, 0.0309308 secs]
   [Parallel Time: 8.1 ms, GC Workers: 8]
      [GC Worker Start (ms): Min: 220222.6, Avg: 220228.9, Max: 220230.4, Diff: 7.8]
      [Ext Root Scanning (ms): Min: 0.0, Avg: 0.3, Max: 2.2, Diff: 2.2, Sum: 2.3]
      [Update RS (ms): Min: 0.0, Avg: 0.1, Max: 0.8, Diff: 0.8, Sum: 0.8]
         [Processed Buffers: Min: 0, Avg: 1.8, Max: 14, Diff: 14, Sum: 14]
      [Scan RS (ms): Min: 0.1, Avg: 0.2, Max: 1.0, Diff: 1.0, Sum: 1.7]
      [Code Root Scanning (ms): Min: 0.0, Avg: 0.0, Max: 0.2, Diff: 0.2, Sum: 0.2]
      [Object Copy (ms): Min: 0.0, Avg: 0.3, Max: 2.1, Diff: 2.1, Sum: 2.2]
      [Termination (ms): Min: 0.0, Avg: 0.7, Max: 1.5, Diff: 1.5, Sum: 5.6]
         [Termination Attempts: Min: 1, Avg: 1.0, Max: 1, Diff: 0, Sum: 8]
      [GC Worker Other (ms): Min: 0.0, Avg: 0.0, Max: 0.0, Diff: 0.0, Sum: 0.1]
      [GC Worker Total (ms): Min: 0.1, Avg: 1.6, Max: 8.0, Diff: 7.9, Sum: 12.9]
      [GC Worker End (ms): Min: 220230.5, Avg: 220230.5, Max: 220230.6, Diff: 0.1]
   [Code Root Fixup: 0.1 ms]
   [Code Root Purge: 0.0 ms]
   [Clear CT: 0.9 ms]
   [Other: 21.9 ms]
      [Choose CSet: 0.0 ms]
      [Ref Proc: 19.0 ms]
      [Ref Enq: 0.0 ms]
      [Redirty Cards: 0.2 ms]
      [Humongous Register: 0.3 ms]
      [Humongous Reclaim: 0.2 ms]
      [Free CSet: 2.0 ms]
   [Eden: 1453.0M(1453.0M)->0.0B(1455.0M) Survivors: 6144.0K->5120.0K Heap: 5969.6M(6656.0M)->4516.5M(6656.0M)]
 [Times: user=0.02 sys=0.00, real=0.03 secs]
         vmop                    [threads: total initially_running wait_to_block]    [time: spin block sync cleanup vmop] page_trap_count
220.222: G1IncCollectionPause             [      33          0              0    ]      [     0     0     0     0    31    ]  0
2017-11-22T09:56:58.359+0800: 220.253: Total time for which application threads were stopped: 0.0313422 seconds, Stopping threads took: 0.0000546 seconds
         vmop                    [threads: total initially_running wait_to_block]    [time: spin block sync cleanup vmop] page_trap_count
221.253: no vm operation                  [      33          1              1    ]      [     0     0     0     0     0    ]  1
2017-11-22T09:56:59.359+0800: 221.254: Total time for which application threads were stopped: 0.0002840 seconds, Stopping threads took: 0.0000930 seconds
         vmop                    [threads: total initially_running wait_to_block]    [time: spin block sync cleanup vmop] page_trap_count
223.470: RevokeBias                       [      32          0              0    ]      [     0     0     0     0     0    ]  0
2017-11-22T09:57:01.576+0800: 223.470: Total time for which application threads were stopped: 0.0003953 seconds, Stopping threads took: 0.0000768 seconds
         vmop                    [threads: total initially_running wait_to_block]    [time: spin block sync cleanup vmop] page_trap_count
223.473: RevokeBias                       [      33          0              0    ]      [     0     0     0     0     0    ]  0
2017-11-22T09:57:01.579+0800: 223.473: Total time for which application threads were stopped: 0.0002431 seconds, Stopping threads took: 0.0000531 seconds
         vmop                    [threads: total initially_running wait_to_block]    [time: spin block sync cleanup vmop] page_trap_count
223.474: RevokeBias                       [      33          0              1    ]      [     0     0     0     0     0    ]  0
2017-11-22T09:57:01.580+0800: 223.474: Total time for which application threads were stopped: 0.0002197 seconds, Stopping threads took: 0.0000790 seconds
         vmop                    [threads: total initially_running wait_to_block]    [time: spin block sync cleanup vmop] page_trap_count
223.474: RevokeBias                       [      33          0              1    ]      [     0     0     0     0     0    ]  0
2017-11-22T09:57:01.580+0800: 223.474: Total time for which application threads were stopped: 0.0002058 seconds, Stopping threads took: 0.0001039 seconds
         vmop                    [threads: total initially_running wait_to_block]    [time: spin block sync cleanup vmop] page_trap_count
223.474: RevokeBias                       [      33          0              0    ]      [     0     0     0     0     0    ]  0
2017-11-22T09:57:01.580+0800: 223.474: Total time for which application threads were stopped: 0.0000997 seconds, Stopping threads took: 0.0000244 seconds
         vmop                    [threads: total initially_running wait_to_block]    [time: spin block sync cleanup vmop] page_trap_count
223.474: RevokeBias                       [      33          0              0    ]      [     0     0     0     0     0    ]  0
2017-11-22T09:57:01.580+0800: 223.475: Total time for which application threads were stopped: 0.0001056 seconds, Stopping threads took: 0.0000224 seconds
         vmop                    [threads: total initially_running wait_to_block]    [time: spin block sync cleanup vmop] page_trap_count
224.475: no vm operation                  [      33          1              1    ]      [     0     0    10     0     0    ]  1
2017-11-22T09:57:02.591+0800: 224.486: Total time for which application threads were stopped: 0.0002841 seconds, Stopping threads took: 0.0001285 seconds
2017-11-22T09:57:02.795+0800: 224.689: [GC pause (G1 Evacuation Pause) (young) 224.689: [G1Ergonomics (CSet Construction) start choosing CSet, _pending_cards: 291, predicted base time: 23.91 ms, remaining time: 176.09 ms, target pause time: 200.00 ms]
 224.689: [G1Ergonomics (CSet Construction) add young regions to CSet, eden: 1455 regions, survivors: 5 regions, predicted young region time: 17.27 ms]
 224.689: [G1Ergonomics (CSet Construction) finish choosing CSet, eden: 1455 regions, survivors: 5 regions, old: 0 regions, predicted pause time: 41.18 ms, target pause time: 200.00 ms]
, 0.0181172 secs]
   [Parallel Time: 3.3 ms, GC Workers: 8]
      [GC Worker Start (ms): Min: 224689.7, Avg: 224691.1, Max: 224692.7, Diff: 3.0]
      [Ext Root Scanning (ms): Min: 0.0, Avg: 0.3, Max: 0.9, Diff: 0.9, Sum: 2.7]
      [Update RS (ms): Min: 0.0, Avg: 0.1, Max: 0.7, Diff: 0.7, Sum: 0.9]
         [Processed Buffers: Min: 0, Avg: 1.2, Max: 6, Diff: 6, Sum: 10]
      [Scan RS (ms): Min: 0.1, Avg: 0.3, Max: 0.6, Diff: 0.5, Sum: 2.0]
      [Code Root Scanning (ms): Min: 0.0, Avg: 0.0, Max: 0.1, Diff: 0.1, Sum: 0.2]
      [Object Copy (ms): Min: 0.0, Avg: 0.4, Max: 0.8, Diff: 0.8, Sum: 3.3]
      [Termination (ms): Min: 0.0, Avg: 0.7, Max: 1.0, Diff: 1.0, Sum: 5.3]
         [Termination Attempts: Min: 1, Avg: 3.5, Max: 10, Diff: 9, Sum: 28]
      [GC Worker Other (ms): Min: 0.0, Avg: 0.0, Max: 0.1, Diff: 0.1, Sum: 0.4]
      [GC Worker Total (ms): Min: 0.1, Avg: 1.8, Max: 3.2, Diff: 3.1, Sum: 14.7]
      [GC Worker End (ms): Min: 224692.9, Avg: 224692.9, Max: 224693.0, Diff: 0.1]
   [Code Root Fixup: 0.0 ms]
   [Code Root Purge: 0.0 ms]
   [Clear CT: 0.6 ms]
   [Other: 14.2 ms]
      [Choose CSet: 0.0 ms]
      [Ref Proc: 10.5 ms]
      [Ref Enq: 0.0 ms]
      [Redirty Cards: 0.2 ms]
      [Humongous Register: 0.4 ms]
      [Humongous Reclaim: 0.4 ms]
      [Free CSet: 2.3 ms]
   [Eden: 1455.0M(1455.0M)->0.0B(1455.0M) Survivors: 5120.0K->6144.0K Heap: 5971.5M(6656.0M)->4516.8M(6656.0M)]
 [Times: user=0.06 sys=0.00, real=0.02 secs]
         vmop                    [threads: total initially_running wait_to_block]    [time: spin block sync cleanup vmop] page_trap_count
224.689: G1IncCollectionPause             [      33          0              0    ]      [     0     0     0     0    18    ]  0
2017-11-22T09:57:02.813+0800: 224.708: Total time for which application threads were stopped: 0.0186245 seconds, Stopping threads took: 0.0000708 seconds
2017-11-22T09:57:03.062+0800: 224.956: [GC concurrent-mark-end, 9.1167319 secs]
2017-11-22T09:57:03.062+0800: 224.957: [GC remark 2017-11-22T09:57:03.062+0800: 224.957: [Finalize Marking, 0.0007231 secs] 2017-11-22T09:57:03.063+0800: 224.957: [GC ref-proc, 0.0004161 secs] 2017-11-22T09:57:03.064+0800: 224.958: [Unloading, 0.0066248 secs], 0.0493601 secs]
 [Times: user=0.14 sys=0.00, real=0.05 secs]
         vmop                    [threads: total initially_running wait_to_block]    [time: spin block sync cleanup vmop] page_trap_count
224.956: CGC_Operation                    [      33          0              0    ]      [     0     0     0     0    49    ]  0
2017-11-22T09:57:03.112+0800: 225.006: Total time for which application threads were stopped: 0.0496162 seconds, Stopping threads took: 0.0000537 seconds
2017-11-22T09:57:03.112+0800: 225.006: [GC cleanup 4576M->4575M(6656M), 0.0545715 secs]
 [Times: user=0.13 sys=0.00, real=0.06 secs]
         vmop                    [threads: total initially_running wait_to_block]    [time: spin block sync cleanup vmop] page_trap_count
225.006: CGC_Operation                    [      33          0              0    ]      [     0     0     0     0    54    ]  0
2017-11-22T09:57:03.167+0800: 225.061: Total time for which application threads were stopped: 0.0547983 seconds, Stopping threads took: 0.0000333 seconds
2017-11-22T09:57:03.167+0800: 225.061: [GC concurrent-cleanup-start]
2017-11-22T09:57:03.167+0800: 225.061: [GC concurrent-cleanup-end, 0.0000377 secs]
         vmop                    [threads: total initially_running wait_to_block]    [time: spin block sync cleanup vmop] page_trap_count
225.874: BulkRevokeBias                   [      32          1              1    ]      [     0     0     0     0     0    ]  1
2017-11-22T09:57:03.981+0800: 225.875: Total time for which application threads were stopped: 0.0005902 seconds, Stopping threads took: 0.0000868 seconds
         vmop                    [threads: total initially_running wait_to_block]    [time: spin block sync cleanup vmop] page_trap_count
225.879: RevokeBias                       [      33          1              2    ]      [     0     0     0     0     0    ]  1
2017-11-22T09:57:03.985+0800: 225.880: Total time for which application threads were stopped: 0.0002423 seconds, Stopping threads took: 0.0000859 seconds
         vmop                    [threads: total initially_running wait_to_block]    [time: spin block sync cleanup vmop] page_trap_count
228.880: no vm operation                  [      33          0              0    ]      [     0     0     0     0     0    ]  0
2017-11-22T09:57:06.986+0800: 228.880: Total time for which application threads were stopped: 0.0002059 seconds, Stopping threads took: 0.0000346 seconds
         vmop                    [threads: total initially_running wait_to_block]    [time: spin block sync cleanup vmop] page_trap_count
229.880: no vm operation                  [      33          0              0    ]      [     0     0     0     0     0    ]  0
2017-11-22T09:57:07.986+0800: 229.881: Total time for which application threads were stopped: 0.0002086 seconds, Stopping threads took: 0.0000409 seconds
2017-11-22T09:57:08.839+0800: 230.733: [GC pause (G1 Evacuation Pause) (young) 230.733: [G1Ergonomics (CSet Construction) start choosing CSet, _pending_cards: 1068, predicted base time: 22.36 ms, remaining time: 177.64 ms, target pause time: 200.00 ms]
 230.733: [G1Ergonomics (CSet Construction) add young regions to CSet, eden: 1455 regions, survivors: 6 regions, predicted young region time: 23.92 ms]
 230.733: [G1Ergonomics (CSet Construction) finish choosing CSet, eden: 1455 regions, survivors: 6 regions, old: 0 regions, predicted pause time: 46.28 ms, target pause time: 200.00 ms]
 230.751: [G1Ergonomics (Concurrent Cycles) do not request concurrent cycle initiation, reason: still doing mixed collections, occupancy: 4737466368 bytes, allocation request: 0 bytes, threshold: 3140694810 bytes (45.00 %), source: end of GC]
 230.751: [G1Ergonomics (Mixed GCs) do not start mixed GCs, reason: reclaimable percentage not over threshold, candidate old regions: 284 regions, reclaimable: 151065896 bytes (2.16 %), threshold: 5.00 %]
, 0.0177854 secs]
   [Parallel Time: 5.8 ms, GC Workers: 8]
      [GC Worker Start (ms): Min: 230734.5, Avg: 230735.5, Max: 230737.0, Diff: 2.4]
      [Ext Root Scanning (ms): Min: 0.0, Avg: 0.4, Max: 1.2, Diff: 1.2, Sum: 3.0]
      [Update RS (ms): Min: 0.0, Avg: 0.2, Max: 0.7, Diff: 0.7, Sum: 1.9]
         [Processed Buffers: Min: 0, Avg: 1.8, Max: 8, Diff: 8, Sum: 14]
      [Scan RS (ms): Min: 0.1, Avg: 0.5, Max: 1.7, Diff: 1.6, Sum: 3.6]
      [Code Root Scanning (ms): Min: 0.0, Avg: 0.0, Max: 0.2, Diff: 0.2, Sum: 0.2]
      [Object Copy (ms): Min: 0.0, Avg: 0.4, Max: 0.8, Diff: 0.8, Sum: 3.0]
      [Termination (ms): Min: 0.0, Avg: 0.5, Max: 3.4, Diff: 3.4, Sum: 4.3]
         [Termination Attempts: Min: 1, Avg: 1.1, Max: 2, Diff: 1, Sum: 9]
      [GC Worker Other (ms): Min: 0.0, Avg: 0.0, Max: 0.0, Diff: 0.0, Sum: 0.1]
      [GC Worker Total (ms): Min: 0.1, Avg: 2.0, Max: 5.7, Diff: 5.5, Sum: 16.1]
      [GC Worker End (ms): Min: 230737.1, Avg: 230737.5, Max: 230740.2, Diff: 3.1]
   [Code Root Fixup: 0.1 ms]
   [Code Root Purge: 0.0 ms]
   [Clear CT: 0.7 ms]
   [Other: 11.2 ms]
      [Choose CSet: 0.0 ms]
      [Ref Proc: 7.1 ms]
      [Ref Enq: 0.0 ms]
      [Redirty Cards: 0.2 ms]
      [Humongous Register: 1.4 ms]
      [Humongous Reclaim: 0.2 ms]
      [Free CSet: 1.9 ms]
   [Eden: 1455.0M(1455.0M)->0.0B(1456.0M) Survivors: 6144.0K->6144.0K Heap: 5970.8M(6656.0M)->4515.7M(6656.0M)]
 [Times: user=0.04 sys=0.00, real=0.02 secs]
         vmop                    [threads: total initially_running wait_to_block]    [time: spin block sync cleanup vmop] page_trap_count
230.733: G1IncCollectionPause             [      33          0              0    ]      [     0     0     0     0    17    ]  0
2017-11-22T09:57:08.857+0800: 230.751: Total time for which application threads were stopped: 0.0181902 seconds, Stopping threads took: 0.0000573 seconds
         vmop                    [threads: total initially_running wait_to_block]    [time: spin block sync cleanup vmop] page_trap_count
233.751: no vm operation                  [      33          0              0    ]      [     0     0     0     0     0    ]  0
2017-11-22T09:57:11.857+0800: 233.751: Total time for which application threads were stopped: 0.0002052 seconds, Stopping threads took: 0.0000423 seconds
2017-11-22T09:57:15.335+0800: 237.229: [GC pause (G1 Evacuation Pause) (young) 237.229: [G1Ergonomics (CSet Construction) start choosing CSet, _pending_cards: 1064, predicted base time: 20.63 ms, remaining time: 179.37 ms, target pause time: 200.00 ms]
 237.229: [G1Ergonomics (CSet Construction) add young regions to CSet, eden: 1456 regions, survivors: 6 regions, predicted young region time: 15.84 ms]
 237.229: [G1Ergonomics (CSet Construction) finish choosing CSet, eden: 1456 regions, survivors: 6 regions, old: 0 regions, predicted pause time: 36.48 ms, target pause time: 200.00 ms]
 237.240: [G1Ergonomics (Concurrent Cycles) request concurrent cycle initiation, reason: occupancy higher than threshold, occupancy: 4737466368 bytes, allocation request: 0 bytes, threshold: 3140694810 bytes (45.00 %), source: end of GC]
, 0.0108134 secs]
   [Parallel Time: 3.3 ms, GC Workers: 8]
      [GC Worker Start (ms): Min: 237230.1, Avg: 237231.4, Max: 237232.8, Diff: 2.8]
      [Ext Root Scanning (ms): Min: 0.0, Avg: 0.4, Max: 1.1, Diff: 1.1, Sum: 3.2]
      [Update RS (ms): Min: 0.0, Avg: 0.1, Max: 0.3, Diff: 0.3, Sum: 1.0]
         [Processed Buffers: Min: 0, Avg: 1.6, Max: 6, Diff: 6, Sum: 13]
      [Scan RS (ms): Min: 0.1, Avg: 0.3, Max: 0.6, Diff: 0.5, Sum: 2.7]
      [Code Root Scanning (ms): Min: 0.0, Avg: 0.0, Max: 0.1, Diff: 0.1, Sum: 0.2]
      [Object Copy (ms): Min: 0.0, Avg: 0.4, Max: 0.9, Diff: 0.9, Sum: 3.2]
      [Termination (ms): Min: 0.0, Avg: 0.2, Max: 0.4, Diff: 0.4, Sum: 1.8]
         [Termination Attempts: Min: 1, Avg: 1.4, Max: 3, Diff: 2, Sum: 11]
      [GC Worker Other (ms): Min: 0.0, Avg: 0.1, Max: 0.1, Diff: 0.1, Sum: 0.4]
      [GC Worker Total (ms): Min: 0.2, Avg: 1.6, Max: 3.0, Diff: 2.8, Sum: 12.5]
      [GC Worker End (ms): Min: 237233.0, Avg: 237233.0, Max: 237233.1, Diff: 0.1]
   [Code Root Fixup: 0.0 ms]
   [Code Root Purge: 0.0 ms]
   [Clear CT: 1.3 ms]
   [Other: 6.2 ms]
      [Choose CSet: 0.0 ms]
      [Ref Proc: 1.3 ms]
      [Ref Enq: 0.0 ms]
      [Redirty Cards: 0.3 ms]
      [Humongous Register: 0.4 ms]
      [Humongous Reclaim: 0.2 ms]
      [Free CSet: 3.7 ms]
   [Eden: 1456.0M(1456.0M)->0.0B(1457.0M) Survivors: 6144.0K->6144.0K Heap: 5971.7M(6656.0M)->4515.7M(6656.0M)]
 [Times: user=0.03 sys=0.00, real=0.02 secs]
         vmop                    [threads: total initially_running wait_to_block]    [time: spin block sync cleanup vmop] page_trap_count
237.229: G1IncCollectionPause             [      32          0              0    ]      [     0     0     0     0    10    ]  0
2017-11-22T09:57:15.347+0800: 237.241: Total time for which application threads were stopped: 0.0118045 seconds, Stopping threads took: 0.0000636 seconds
         vmop                    [threads: total initially_running wait_to_block]    [time: spin block sync cleanup vmop] page_trap_count
239.241: no vm operation                  [      32          0              0    ]      [     0     0     0     0     0    ]  0
2017-11-22T09:57:17.347+0800: 239.241: Total time for which application threads were stopped: 0.0002471 seconds, Stopping threads took: 0.0000590 seconds
 243.193: [G1Ergonomics (Concurrent Cycles) initiate concurrent cycle, reason: concurrent cycle initiation requested]
2017-11-22T09:57:21.299+0800: 243.193: [GC pause (G1 Evacuation Pause) (young) (initial-mark) 243.194: [G1Ergonomics (CSet Construction) start choosing CSet, _pending_cards: 1032, predicted base time: 17.45 ms, remaining time: 182.55 ms, target pause time: 200.00 ms]
 243.194: [G1Ergonomics (CSet Construction) add young regions to CSet, eden: 1457 regions, survivors: 6 regions, predicted young region time: 12.73 ms]
 243.194: [G1Ergonomics (CSet Construction) finish choosing CSet, eden: 1457 regions, survivors: 6 regions, old: 0 regions, predicted pause time: 30.19 ms, target pause time: 200.00 ms]
, 0.0149492 secs]
   [Parallel Time: 3.6 ms, GC Workers: 8]
      [GC Worker Start (ms): Min: 243194.5, Avg: 243195.2, Max: 243195.7, Diff: 1.1]
      [Ext Root Scanning (ms): Min: 0.5, Avg: 1.4, Max: 2.1, Diff: 1.6, Sum: 11.4]
      [Update RS (ms): Min: 0.0, Avg: 0.2, Max: 0.6, Diff: 0.6, Sum: 1.5]
         [Processed Buffers: Min: 0, Avg: 1.2, Max: 5, Diff: 5, Sum: 10]
      [Scan RS (ms): Min: 0.1, Avg: 0.3, Max: 0.6, Diff: 0.5, Sum: 2.2]
      [Code Root Scanning (ms): Min: 0.0, Avg: 0.0, Max: 0.1, Diff: 0.1, Sum: 0.2]
      [Object Copy (ms): Min: 0.0, Avg: 0.3, Max: 0.6, Diff: 0.6, Sum: 2.6]
      [Termination (ms): Min: 0.0, Avg: 0.4, Max: 0.6, Diff: 0.6, Sum: 3.5]
         [Termination Attempts: Min: 1, Avg: 1.0, Max: 1, Diff: 0, Sum: 8]
      [GC Worker Other (ms): Min: 0.0, Avg: 0.0, Max: 0.1, Diff: 0.1, Sum: 0.4]
      [GC Worker Total (ms): Min: 2.2, Avg: 2.7, Max: 3.4, Diff: 1.2, Sum: 21.7]
      [GC Worker End (ms): Min: 243197.9, Avg: 243197.9, Max: 243198.0, Diff: 0.1]
   [Code Root Fixup: 0.0 ms]
   [Code Root Purge: 0.0 ms]
   [Clear CT: 0.8 ms]
   [Other: 10.5 ms]
      [Choose CSet: 0.0 ms]
      [Ref Proc: 5.9 ms]
      [Ref Enq: 0.0 ms]
      [Redirty Cards: 0.3 ms]
      [Humongous Register: 0.1 ms]
      [Humongous Reclaim: 0.3 ms]
      [Free CSet: 2.0 ms]
   [Eden: 1457.0M(1457.0M)->0.0B(1457.0M) Survivors: 6144.0K->6144.0K Heap: 5972.7M(6656.0M)->4515.8M(6656.0M)]
 [Times: user=0.04 sys=0.00, real=0.01 secs]
         vmop                    [threads: total initially_running wait_to_block]    [time: spin block sync cleanup vmop] page_trap_count
243.193: G1IncCollectionPause             [      32          0              0    ]      [     0     0     0     0    15    ]  0
2017-11-22T09:57:21.314+0800: 243.208: [GC concurrent-root-region-scan-start]
2017-11-22T09:57:21.314+0800: 243.208: Total time for which application threads were stopped: 0.0153879 seconds, Stopping threads took: 0.0000601 seconds
2017-11-22T09:57:21.315+0800: 243.209: [GC concurrent-root-region-scan-end, 0.0009702 secs]
2017-11-22T09:57:21.315+0800: 243.209: [GC concurrent-mark-start]
         vmop                    [threads: total initially_running wait_to_block]    [time: spin block sync cleanup vmop] page_trap_count
245.045: RevokeBias                       [      32          2              2    ]      [     0     0     0     0     0    ]  1
2017-11-22T09:57:23.151+0800: 245.045: Total time for which application threads were stopped: 0.0003453 seconds, Stopping threads took: 0.0001802 seconds
         vmop                    [threads: total initially_running wait_to_block]    [time: spin block sync cleanup vmop] page_trap_count
245.045: RevokeBias                       [      32          0              0    ]      [     0     0     0     0     0    ]  0
2017-11-22T09:57:23.151+0800: 245.046: Total time for which application threads were stopped: 0.0001078 seconds, Stopping threads took: 0.0000357 seconds
         vmop                    [threads: total initially_running wait_to_block]    [time: spin block sync cleanup vmop] page_trap_count
245.053: RevokeBias                       [      33          0              0    ]      [     0     0     0     0     0    ]  0
2017-11-22T09:57:23.159+0800: 245.054: Total time for which application threads were stopped: 0.0002001 seconds, Stopping threads took: 0.0000573 seconds
         vmop                    [threads: total initially_running wait_to_block]    [time: spin block sync cleanup vmop] page_trap_count
248.054: no vm operation                  [      33          1              1    ]      [     0     0     0     0     0    ]  1
2017-11-22T09:57:26.160+0800: 248.055: Total time for which application threads were stopped: 0.0002364 seconds, Stopping threads took: 0.0000837 seconds
2017-11-22T09:57:26.542+0800: 248.436: [GC pause (G1 Evacuation Pause) (young) 248.436: [G1Ergonomics (CSet Construction) start choosing CSet, _pending_cards: 1565, predicted base time: 16.55 ms, remaining time: 183.45 ms, target pause time: 200.00 ms]
 248.436: [G1Ergonomics (CSet Construction) add young regions to CSet, eden: 1457 regions, survivors: 6 regions, predicted young region time: 12.07 ms]
 248.436: [G1Ergonomics (CSet Construction) finish choosing CSet, eden: 1457 regions, survivors: 6 regions, old: 0 regions, predicted pause time: 28.62 ms, target pause time: 200.00 ms]
, 0.0128108 secs]
   [Parallel Time: 7.7 ms, GC Workers: 8]
      [GC Worker Start (ms): Min: 248436.5, Avg: 248437.5, Max: 248439.2, Diff: 2.7]
      [Ext Root Scanning (ms): Min: 0.0, Avg: 0.4, Max: 0.9, Diff: 0.9, Sum: 2.9]
      [Update RS (ms): Min: 0.0, Avg: 0.1, Max: 0.4, Diff: 0.4, Sum: 0.8]
         [Processed Buffers: Min: 0, Avg: 1.8, Max: 7, Diff: 7, Sum: 14]
      [Scan RS (ms): Min: 0.1, Avg: 0.3, Max: 0.5, Diff: 0.4, Sum: 2.3]
      [Code Root Scanning (ms): Min: 0.0, Avg: 0.0, Max: 0.0, Diff: 0.0, Sum: 0.2]
      [Object Copy (ms): Min: 0.0, Avg: 1.1, Max: 6.3, Diff: 6.3, Sum: 8.9]
      [Termination (ms): Min: 0.0, Avg: 4.7, Max: 5.6, Diff: 5.6, Sum: 37.5]
         [Termination Attempts: Min: 1, Avg: 1.0, Max: 1, Diff: 0, Sum: 8]
      [GC Worker Other (ms): Min: 0.0, Avg: 0.0, Max: 0.1, Diff: 0.1, Sum: 0.3]
      [GC Worker Total (ms): Min: 4.8, Avg: 6.6, Max: 7.6, Diff: 2.8, Sum: 53.0]
      [GC Worker End (ms): Min: 248444.0, Avg: 248444.1, Max: 248444.1, Diff: 0.1]
   [Code Root Fixup: 0.0 ms]
   [Code Root Purge: 0.0 ms]
   [Clear CT: 0.6 ms]
   [Other: 4.5 ms]
      [Choose CSet: 0.0 ms]
      [Ref Proc: 0.7 ms]
      [Ref Enq: 0.0 ms]
      [Redirty Cards: 0.3 ms]
      [Humongous Register: 0.4 ms]
      [Humongous Reclaim: 0.4 ms]
      [Free CSet: 2.3 ms]
   [Eden: 1457.0M(1457.0M)->0.0B(1457.0M) Survivors: 6144.0K->6144.0K Heap: 5972.8M(6656.0M)->4515.9M(6656.0M)]
 [Times: user=0.04 sys=0.01, real=0.01 secs]
         vmop                    [threads: total initially_running wait_to_block]    [time: spin block sync cleanup vmop] page_trap_count
248.435: G1IncCollectionPause             [      33          0              0    ]      [     0     0     0     0    13    ]  0
2017-11-22T09:57:26.555+0800: 248.449: Total time for which application threads were stopped: 0.0133358 seconds, Stopping threads took: 0.0000661 seconds
         vmop                    [threads: total initially_running wait_to_block]    [time: spin block sync cleanup vmop] page_trap_count
250.678: RevokeBias                       [      33          0              0    ]      [     0     0     0     0     0    ]  0
2017-11-22T09:57:28.784+0800: 250.678: Total time for which application threads were stopped: 0.0002436 seconds, Stopping threads took: 0.0000538 seconds
2017-11-22T09:57:29.309+0800: 251.203: [GC concurrent-mark-end, 7.9938505 secs]
2017-11-22T09:57:29.309+0800: 251.204: [GC remark 2017-11-22T09:57:29.309+0800: 251.204: [Finalize Marking, 0.0006735 secs] 2017-11-22T09:57:29.310+0800: 251.204: [GC ref-proc, 0.0002922 secs] 2017-11-22T09:57:29.310+0800: 251.205: [Unloading, 0.0066299 secs], 0.0438313 secs]
 [Times: user=0.16 sys=0.00, real=0.04 secs]
         vmop                    [threads: total initially_running wait_to_block]    [time: spin block sync cleanup vmop] page_trap_count
251.203: CGC_Operation                    [      33          0              0    ]      [     0     0     0     0    43    ]  0
2017-11-22T09:57:29.353+0800: 251.248: Total time for which application threads were stopped: 0.0442562 seconds, Stopping threads took: 0.0000570 seconds
2017-11-22T09:57:29.354+0800: 251.248: [GC cleanup 5340M->5340M(6656M), 0.0339744 secs]
 [Times: user=0.12 sys=0.00, real=0.04 secs]
         vmop                    [threads: total initially_running wait_to_block]    [time: spin block sync cleanup vmop] page_trap_count
251.248: CGC_Operation                    [      33          3              1    ]      [     0     0     0     0    34    ]  1
2017-11-22T09:57:29.388+0800: 251.282: Total time for which application threads were stopped: 0.0343397 seconds, Stopping threads took: 0.0001626 seconds
         vmop                    [threads: total initially_running wait_to_block]    [time: spin block sync cleanup vmop] page_trap_count
253.070: RevokeBias                       [      33          0              0    ]      [     0     0     0     0     0    ]  0
2017-11-22T09:57:31.175+0800: 253.070: Total time for which application threads were stopped: 0.0002357 seconds, Stopping threads took: 0.0000466 seconds
2017-11-22T09:57:31.494+0800: 253.388: [GC pause (G1 Evacuation Pause) (young) 253.388: [G1Ergonomics (CSet Construction) start choosing CSet, _pending_cards: 1294, predicted base time: 13.77 ms, remaining time: 186.23 ms, target pause time: 200.00 ms]
 253.388: [G1Ergonomics (CSet Construction) add young regions to CSet, eden: 1457 regions, survivors: 6 regions, predicted young region time: 12.68 ms]
 253.388: [G1Ergonomics (CSet Construction) finish choosing CSet, eden: 1457 regions, survivors: 6 regions, old: 0 regions, predicted pause time: 26.45 ms, target pause time: 200.00 ms]
 253.395: [G1Ergonomics (Concurrent Cycles) do not request concurrent cycle initiation, reason: still doing mixed collections, occupancy: 4737466368 bytes, allocation request: 0 bytes, threshold: 3140694810 bytes (45.00 %), source: end of GC]
 253.396: [G1Ergonomics (Mixed GCs) do not start mixed GCs, reason: reclaimable percentage not over threshold, candidate old regions: 286 regions, reclaimable: 151563816 bytes (2.17 %), threshold: 5.00 %]
, 0.0076466 secs]
   [Parallel Time: 2.7 ms, GC Workers: 8]
      [GC Worker Start (ms): Min: 253388.4, Avg: 253389.5, Max: 253390.8, Diff: 2.4]
      [Ext Root Scanning (ms): Min: 0.0, Avg: 0.3, Max: 0.9, Diff: 0.9, Sum: 2.7]
      [Update RS (ms): Min: 0.0, Avg: 0.1, Max: 0.3, Diff: 0.3, Sum: 0.8]
         [Processed Buffers: Min: 0, Avg: 1.8, Max: 10, Diff: 10, Sum: 14]
      [Scan RS (ms): Min: 0.1, Avg: 0.3, Max: 0.5, Diff: 0.4, Sum: 2.3]
      [Code Root Scanning (ms): Min: 0.0, Avg: 0.0, Max: 0.1, Diff: 0.1, Sum: 0.2]
      [Object Copy (ms): Min: 0.0, Avg: 0.3, Max: 0.6, Diff: 0.6, Sum: 2.1]
      [Termination (ms): Min: 0.0, Avg: 0.4, Max: 0.6, Diff: 0.6, Sum: 2.9]
         [Termination Attempts: Min: 1, Avg: 1.0, Max: 1, Diff: 0, Sum: 8]
      [GC Worker Other (ms): Min: 0.0, Avg: 0.0, Max: 0.1, Diff: 0.1, Sum: 0.3]
      [GC Worker Total (ms): Min: 0.1, Avg: 1.4, Max: 2.5, Diff: 2.4, Sum: 11.4]
      [GC Worker End (ms): Min: 253390.9, Avg: 253390.9, Max: 253391.0, Diff: 0.1]
   [Code Root Fixup: 0.0 ms]
   [Code Root Purge: 0.0 ms]
   [Clear CT: 0.6 ms]
   [Other: 4.4 ms]
      [Choose CSet: 0.0 ms]
      [Ref Proc: 1.4 ms]
      [Ref Enq: 0.0 ms]
      [Redirty Cards: 0.2 ms]
      [Humongous Register: 0.3 ms]
      [Humongous Reclaim: 0.3 ms]
      [Free CSet: 1.9 ms]
   [Eden: 1457.0M(1457.0M)->0.0B(1457.0M) Survivors: 6144.0K->6144.0K Heap: 5972.9M(6656.0M)->4515.8M(6656.0M)]
 [Times: user=0.02 sys=0.00, real=0.01 secs]
         vmop                    [threads: total initially_running wait_to_block]    [time: spin block sync cleanup vmop] page_trap_count
253.388: G1IncCollectionPause             [      33          0              0    ]      [     0     0     0     0     7    ]  0
2017-11-22T09:57:31.501+0800: 253.396: Total time for which application threads were stopped: 0.0079683 seconds, Stopping threads took: 0.0000616 seconds
         vmop                    [threads: total initially_running wait_to_block]    [time: spin block sync cleanup vmop] page_trap_count
255.162: RevokeBias                       [      33          0              0    ]      [     0     0     0     0     0    ]  0
2017-11-22T09:57:33.267+0800: 255.162: Total time for which application threads were stopped: 0.0002546 seconds, Stopping threads took: 0.0000587 seconds
         vmop                    [threads: total initially_running wait_to_block]    [time: spin block sync cleanup vmop] page_trap_count
258.153: RevokeBias                       [      33          0              0    ]      [     0     0     0     0     0    ]  0
2017-11-22T09:57:36.259+0800: 258.153: Total time for which application threads were stopped: 0.0002889 seconds, Stopping threads took: 0.0000655 seconds
2017-11-22T09:57:36.847+0800: 258.741: [GC pause (G1 Evacuation Pause) (young) 258.741: [G1Ergonomics (CSet Construction) start choosing CSet, _pending_cards: 1051, predicted base time: 11.66 ms, remaining time: 188.34 ms, target pause time: 200.00 ms]
 258.741: [G1Ergonomics (CSet Construction) add young regions to CSet, eden: 1457 regions, survivors: 6 regions, predicted young region time: 10.09 ms]
 258.741: [G1Ergonomics (CSet Construction) finish choosing CSet, eden: 1457 regions, survivors: 6 regions, old: 0 regions, predicted pause time: 21.75 ms, target pause time: 200.00 ms]
 258.747: [G1Ergonomics (Concurrent Cycles) request concurrent cycle initiation, reason: occupancy higher than threshold, occupancy: 4737466368 bytes, allocation request: 0 bytes, threshold: 3140694810 bytes (45.00 %), source: end of GC]
, 0.0061564 secs]
   [Parallel Time: 2.2 ms, GC Workers: 8]
      [GC Worker Start (ms): Min: 258741.6, Avg: 258742.2, Max: 258743.4, Diff: 1.8]
      [Ext Root Scanning (ms): Min: 0.0, Avg: 0.4, Max: 0.9, Diff: 0.9, Sum: 2.9]
      [Update RS (ms): Min: 0.0, Avg: 0.1, Max: 0.3, Diff: 0.3, Sum: 0.8]
         [Processed Buffers: Min: 0, Avg: 1.6, Max: 8, Diff: 8, Sum: 13]
      [Scan RS (ms): Min: 0.1, Avg: 0.3, Max: 0.4, Diff: 0.3, Sum: 2.2]
      [Code Root Scanning (ms): Min: 0.0, Avg: 0.0, Max: 0.0, Diff: 0.0, Sum: 0.1]
      [Object Copy (ms): Min: 0.0, Avg: 0.4, Max: 0.7, Diff: 0.7, Sum: 3.0]
      [Termination (ms): Min: 0.0, Avg: 0.2, Max: 0.3, Diff: 0.3, Sum: 1.8]
         [Termination Attempts: Min: 1, Avg: 1.0, Max: 1, Diff: 0, Sum: 8]
      [GC Worker Other (ms): Min: 0.0, Avg: 0.1, Max: 0.2, Diff: 0.2, Sum: 0.7]
      [GC Worker Total (ms): Min: 0.1, Avg: 1.4, Max: 2.1, Diff: 1.9, Sum: 11.5]
      [GC Worker End (ms): Min: 258743.5, Avg: 258743.6, Max: 258743.7, Diff: 0.2]
   [Code Root Fixup: 0.0 ms]
   [Code Root Purge: 0.0 ms]
   [Clear CT: 0.5 ms]
   [Other: 3.5 ms]
      [Choose CSet: 0.0 ms]
      [Ref Proc: 0.4 ms]
      [Ref Enq: 0.0 ms]
      [Redirty Cards: 0.3 ms]
      [Humongous Register: 0.4 ms]
      [Humongous Reclaim: 0.2 ms]
      [Free CSet: 1.9 ms]
   [Eden: 1457.0M(1457.0M)->0.0B(1458.0M) Survivors: 6144.0K->6144.0K Heap: 5972.8M(6656.0M)->4516.0M(6656.0M)]
 [Times: user=0.01 sys=0.00, real=0.00 secs]
         vmop                    [threads: total initially_running wait_to_block]    [time: spin block sync cleanup vmop] page_trap_count
258.741: G1IncCollectionPause             [      33          0              0    ]      [     0     0     0     0     6    ]  0
2017-11-22T09:57:36.853+0800: 258.747: Total time for which application threads were stopped: 0.0065290 seconds, Stopping threads took: 0.0000662 seconds
         vmop                    [threads: total initially_running wait_to_block]    [time: spin block sync cleanup vmop] page_trap_count
260.532: RevokeBias                       [      33          3              1    ]      [     0     0     0     0     0    ]  0
2017-11-22T09:57:38.638+0800: 260.533: Total time for which application threads were stopped: 0.0006172 seconds, Stopping threads took: 0.0003747 seconds
         vmop                    [threads: total initially_running wait_to_block]    [time: spin block sync cleanup vmop] page_trap_count
261.803: RevokeBias                       [      33          1              2    ]      [     0     0     0     0     0    ]  1
2017-11-22T09:57:39.909+0800: 261.803: Total time for which application threads were stopped: 0.0003282 seconds, Stopping threads took: 0.0001444 seconds
         vmop                    [threads: total initially_running wait_to_block]    [time: spin block sync cleanup vmop] page_trap_count
263.302: RevokeBias                       [      33          0              0    ]      [     0     0     0     0     0    ]  0
2017-11-22T09:57:41.407+0800: 263.302: Total time for which application threads were stopped: 0.0002210 seconds, Stopping threads took: 0.0000473 seconds
         vmop                    [threads: total initially_running wait_to_block]    [time: spin block sync cleanup vmop] page_trap_count
263.887: RevokeBias                       [      33          0              0    ]      [     0     0     0     0     0    ]  0
2017-11-22T09:57:41.993+0800: 263.887: Total time for which application threads were stopped: 0.0002042 seconds, Stopping threads took: 0.0000467 seconds
         vmop                    [threads: total initially_running wait_to_block]    [time: spin block sync cleanup vmop] page_trap_count
263.887: RevokeBias                       [      33          0              0    ]      [     0     0     0     0     0    ]  0
2017-11-22T09:57:41.993+0800: 263.887: Total time for which application threads were stopped: 0.0000858 seconds, Stopping threads took: 0.0000187 seconds
         vmop                    [threads: total initially_running wait_to_block]    [time: spin block sync cleanup vmop] page_trap_count
263.887: RevokeBias                       [      33          0              0    ]      [     0     0     0     0     0    ]  0
2017-11-22T09:57:41.993+0800: 263.887: Total time for which application threads were stopped: 0.0000840 seconds, Stopping threads took: 0.0000162 seconds
 264.005: [G1Ergonomics (Concurrent Cycles) initiate concurrent cycle, reason: concurrent cycle initiation requested]
2017-11-22T09:57:42.111+0800: 264.006: [GC pause (G1 Evacuation Pause) (young) (initial-mark) 264.007: [G1Ergonomics (CSet Construction) start choosing CSet, _pending_cards: 1295, predicted base time: 9.83 ms, remaining time: 190.17 ms, target pause time: 200.00 ms]
 264.007: [G1Ergonomics (CSet Construction) add young regions to CSet, eden: 1458 regions, survivors: 6 regions, predicted young region time: 10.29 ms]
 264.007: [G1Ergonomics (CSet Construction) finish choosing CSet, eden: 1458 regions, survivors: 6 regions, old: 0 regions, predicted pause time: 20.12 ms, target pause time: 200.00 ms]
, 0.0103664 secs]
   [Parallel Time: 5.0 ms, GC Workers: 8]
      [GC Worker Start (ms): Min: 264006.8, Avg: 264007.0, Max: 264007.4, Diff: 0.6]
      [Ext Root Scanning (ms): Min: 1.2, Avg: 1.4, Max: 1.7, Diff: 0.6, Sum: 10.9]
      [Update RS (ms): Min: 0.0, Avg: 0.1, Max: 0.3, Diff: 0.3, Sum: 0.7]
         [Processed Buffers: Min: 0, Avg: 1.5, Max: 4, Diff: 4, Sum: 12]
      [Scan RS (ms): Min: 0.1, Avg: 0.3, Max: 0.4, Diff: 0.3, Sum: 2.2]
      [Code Root Scanning (ms): Min: 0.0, Avg: 0.0, Max: 0.0, Diff: 0.0, Sum: 0.1]
      [Object Copy (ms): Min: 0.0, Avg: 0.6, Max: 2.9, Diff: 2.9, Sum: 4.4]
      [Termination (ms): Min: 0.0, Avg: 2.2, Max: 2.6, Diff: 2.6, Sum: 17.7]
         [Termination Attempts: Min: 1, Avg: 1.0, Max: 1, Diff: 0, Sum: 8]
      [GC Worker Other (ms): Min: 0.0, Avg: 0.0, Max: 0.1, Diff: 0.1, Sum: 0.3]
      [GC Worker Total (ms): Min: 4.1, Avg: 4.5, Max: 4.8, Diff: 0.6, Sum: 36.3]
      [GC Worker End (ms): Min: 264011.5, Avg: 264011.5, Max: 264011.6, Diff: 0.1]
   [Code Root Fixup: 0.0 ms]
   [Code Root Purge: 0.0 ms]
   [Clear CT: 0.6 ms]
   [Other: 4.8 ms]
      [Choose CSet: 0.0 ms]
      [Ref Proc: 0.4 ms]
      [Ref Enq: 0.0 ms]
      [Redirty Cards: 0.2 ms]
      [Humongous Register: 0.1 ms]
      [Humongous Reclaim: 0.2 ms]
      [Free CSet: 1.9 ms]
   [Eden: 1458.0M(1458.0M)->0.0B(1460.0M) Survivors: 6144.0K->4096.0K Heap: 5974.0M(6656.0M)->4514.4M(6656.0M)]
 [Times: user=0.04 sys=0.00, real=0.01 secs]
         vmop                    [threads: total initially_running wait_to_block]    [time: spin block sync cleanup vmop] page_trap_count
264.005: G1IncCollectionPause             [      33          0              0    ]      [     0     0     0     0    10    ]  0
2017-11-22T09:57:42.122+0800: 264.016: [GC concurrent-root-region-scan-start]
2017-11-22T09:57:42.122+0800: 264.016: Total time for which application threads were stopped: 0.0108235 seconds, Stopping threads took: 0.0000485 seconds
2017-11-22T09:57:42.124+0800: 264.018: [GC concurrent-root-region-scan-end, 0.0019982 secs]
2017-11-22T09:57:42.124+0800: 264.018: [GC concurrent-mark-start]
2017-11-22T09:57:44.249+0800: 266.143: [GC pause (G1 Evacuation Pause) (young) 266.143: [G1Ergonomics (CSet Construction) start choosing CSet, _pending_cards: 1288, predicted base time: 8.87 ms, remaining time: 191.13 ms, target pause time: 200.00 ms]
 266.143: [G1Ergonomics (CSet Construction) add young regions to CSet, eden: 1460 regions, survivors: 4 regions, predicted young region time: 6.18 ms]
 266.143: [G1Ergonomics (CSet Construction) finish choosing CSet, eden: 1460 regions, survivors: 4 regions, old: 0 regions, predicted pause time: 15.05 ms, target pause time: 200.00 ms]
, 0.0076471 secs]
   [Parallel Time: 2.5 ms, GC Workers: 8]
      [GC Worker Start (ms): Min: 266143.5, Avg: 266144.5, Max: 266145.6, Diff: 2.2]
      [Ext Root Scanning (ms): Min: 0.0, Avg: 0.3, Max: 0.9, Diff: 0.9, Sum: 2.5]
      [Update RS (ms): Min: 0.0, Avg: 0.1, Max: 0.3, Diff: 0.3, Sum: 0.6]
         [Processed Buffers: Min: 0, Avg: 1.4, Max: 5, Diff: 5, Sum: 11]
      [Scan RS (ms): Min: 0.1, Avg: 0.3, Max: 0.5, Diff: 0.4, Sum: 2.3]
      [Code Root Scanning (ms): Min: 0.0, Avg: 0.0, Max: 0.0, Diff: 0.0, Sum: 0.1]
      [Object Copy (ms): Min: 0.0, Avg: 0.3, Max: 0.5, Diff: 0.5, Sum: 2.0]
      [Termination (ms): Min: 0.0, Avg: 0.3, Max: 0.5, Diff: 0.5, Sum: 2.6]
         [Termination Attempts: Min: 1, Avg: 1.0, Max: 1, Diff: 0, Sum: 8]
      [GC Worker Other (ms): Min: 0.0, Avg: 0.0, Max: 0.1, Diff: 0.1, Sum: 0.3]
      [GC Worker Total (ms): Min: 0.1, Avg: 1.3, Max: 2.3, Diff: 2.2, Sum: 10.4]
      [GC Worker End (ms): Min: 266145.7, Avg: 266145.8, Max: 266145.8, Diff: 0.1]
   [Code Root Fixup: 0.0 ms]
   [Code Root Purge: 0.0 ms]
   [Clear CT: 0.9 ms]
   [Other: 4.2 ms]
      [Choose CSet: 0.0 ms]
      [Ref Proc: 0.9 ms]
      [Ref Enq: 0.0 ms]
      [Redirty Cards: 0.2 ms]
      [Humongous Register: 0.2 ms]
      [Humongous Reclaim: 0.4 ms]
      [Free CSet: 2.2 ms]
   [Eden: 1460.0M(1460.0M)->0.0B(1458.0M) Survivors: 4096.0K->6144.0K Heap: 5974.4M(6656.0M)->4515.7M(6656.0M)]
 [Times: user=0.02 sys=0.00, real=0.01 secs]
         vmop                    [threads: total initially_running wait_to_block]    [time: spin block sync cleanup vmop] page_trap_count
266.143: G1IncCollectionPause             [      33          0              0    ]      [     0     0     0     0     7    ]  0
2017-11-22T09:57:44.257+0800: 266.151: Total time for which application threads were stopped: 0.0080939 seconds, Stopping threads took: 0.0000535 seconds
         vmop                    [threads: total initially_running wait_to_block]    [time: spin block sync cleanup vmop] page_trap_count
266.510: RevokeBias                       [      33          0              0    ]      [     0     0     0     0     0    ]  0
2017-11-22T09:57:44.616+0800: 266.510: Total time for which application threads were stopped: 0.0003336 seconds, Stopping threads took: 0.0001054 seconds
2017-11-22T09:57:46.799+0800: 268.693: [GC pause (G1 Evacuation Pause) (young) 268.693: [G1Ergonomics (CSet Construction) start choosing CSet, _pending_cards: 1053, predicted base time: 7.87 ms, remaining time: 192.13 ms, target pause time: 200.00 ms]
 268.693: [G1Ergonomics (CSet Construction) add young regions to CSet, eden: 1458 regions, survivors: 6 regions, predicted young region time: 8.23 ms]
 268.693: [G1Ergonomics (CSet Construction) finish choosing CSet, eden: 1458 regions, survivors: 6 regions, old: 0 regions, predicted pause time: 16.10 ms, target pause time: 200.00 ms]
, 0.0147172 secs]
   [Parallel Time: 8.4 ms, GC Workers: 8]
      [GC Worker Start (ms): Min: 268693.3, Avg: 268694.2, Max: 268695.6, Diff: 2.3]
      [Ext Root Scanning (ms): Min: 0.0, Avg: 0.3, Max: 1.0, Diff: 1.0, Sum: 2.8]
      [Update RS (ms): Min: 0.0, Avg: 0.2, Max: 1.1, Diff: 1.1, Sum: 1.8]
         [Processed Buffers: Min: 0, Avg: 1.8, Max: 10, Diff: 10, Sum: 14]
      [Scan RS (ms): Min: 0.1, Avg: 0.3, Max: 0.6, Diff: 0.5, Sum: 2.3]
      [Code Root Scanning (ms): Min: 0.0, Avg: 0.0, Max: 0.1, Diff: 0.1, Sum: 0.2]
      [Object Copy (ms): Min: 0.0, Avg: 0.3, Max: 0.5, Diff: 0.5, Sum: 2.2]
      [Termination (ms): Min: 0.0, Avg: 1.1, Max: 6.3, Diff: 6.3, Sum: 8.9]
         [Termination Attempts: Min: 1, Avg: 1.0, Max: 1, Diff: 0, Sum: 8]
      [GC Worker Other (ms): Min: 0.0, Avg: 0.0, Max: 0.1, Diff: 0.1, Sum: 0.3]
      [GC Worker Total (ms): Min: 0.1, Avg: 2.3, Max: 8.1, Diff: 8.0, Sum: 18.5]
      [GC Worker End (ms): Min: 268695.7, Avg: 268696.5, Max: 268701.5, Diff: 5.8]
   [Code Root Fixup: 0.0 ms]
   [Code Root Purge: 0.0 ms]
   [Clear CT: 0.7 ms]
   [Other: 5.5 ms]
      [Choose CSet: 0.0 ms]
      [Ref Proc: 1.9 ms]
      [Ref Enq: 0.0 ms]
      [Redirty Cards: 0.3 ms]
      [Humongous Register: 0.3 ms]
      [Humongous Reclaim: 0.4 ms]
      [Free CSet: 2.3 ms]
   [Eden: 1458.0M(1458.0M)->0.0B(1458.0M) Survivors: 6144.0K->6144.0K Heap: 5973.7M(6656.0M)->4515.8M(6656.0M)]
 [Times: user=0.02 sys=0.00, real=0.01 secs]
         vmop                    [threads: total initially_running wait_to_block]    [time: spin block sync cleanup vmop] page_trap_count
268.693: G1IncCollectionPause             [      33          0              0    ]      [     0     0     0     0    14    ]  0
2017-11-22T09:57:46.813+0800: 268.708: Total time for which application threads were stopped: 0.0151199 seconds, Stopping threads took: 0.0000516 seconds
         vmop                    [threads: total initially_running wait_to_block]    [time: spin block sync cleanup vmop] page_trap_count
269.562: RevokeBias                       [      33          0              0    ]      [     0     0     0     0     0    ]  0
2017-11-22T09:57:47.668+0800: 269.562: Total time for which application threads were stopped: 0.0003137 seconds, Stopping threads took: 0.0000581 seconds
         vmop                    [threads: total initially_running wait_to_block]    [time: spin block sync cleanup vmop] page_trap_count
270.046: RevokeBias                       [      33          0              1    ]      [     0     0     0     0     0    ]  0
2017-11-22T09:57:48.152+0800: 270.047: Total time for which application threads were stopped: 0.0003898 seconds, Stopping threads took: 0.0001821 seconds
2017-11-22T09:57:48.861+0800: 270.755: [GC pause (G1 Evacuation Pause) (young) 270.755: [G1Ergonomics (CSet Construction) start choosing CSet, _pending_cards: 1034, predicted base time: 9.20 ms, remaining time: 190.80 ms, target pause time: 200.00 ms]
 270.755: [G1Ergonomics (CSet Construction) add young regions to CSet, eden: 1458 regions, survivors: 6 regions, predicted young region time: 7.95 ms]
 270.755: [G1Ergonomics (CSet Construction) finish choosing CSet, eden: 1458 regions, survivors: 6 regions, old: 0 regions, predicted pause time: 17.15 ms, target pause time: 200.00 ms]
, 0.0070886 secs]
   [Parallel Time: 2.7 ms, GC Workers: 8]
      [GC Worker Start (ms): Min: 270755.6, Avg: 270756.4, Max: 270757.9, Diff: 2.3]
      [Ext Root Scanning (ms): Min: 0.0, Avg: 0.4, Max: 0.9, Diff: 0.9, Sum: 3.0]
      [Update RS (ms): Min: 0.0, Avg: 0.1, Max: 0.3, Diff: 0.3, Sum: 0.7]
         [Processed Buffers: Min: 0, Avg: 1.2, Max: 6, Diff: 6, Sum: 10]
      [Scan RS (ms): Min: 0.1, Avg: 0.3, Max: 0.5, Diff: 0.4, Sum: 2.2]
      [Code Root Scanning (ms): Min: 0.0, Avg: 0.0, Max: 0.0, Diff: 0.0, Sum: 0.1]
      [Object Copy (ms): Min: 0.0, Avg: 0.3, Max: 0.5, Diff: 0.5, Sum: 2.3]
      [Termination (ms): Min: 0.0, Avg: 0.6, Max: 0.8, Diff: 0.8, Sum: 4.6]
         [Termination Attempts: Min: 1, Avg: 1.0, Max: 1, Diff: 0, Sum: 8]
      [GC Worker Other (ms): Min: 0.0, Avg: 0.0, Max: 0.1, Diff: 0.1, Sum: 0.4]
      [GC Worker Total (ms): Min: 0.1, Avg: 1.7, Max: 2.5, Diff: 2.3, Sum: 13.3]
      [GC Worker End (ms): Min: 270758.0, Avg: 270758.1, Max: 270758.1, Diff: 0.1]
   [Code Root Fixup: 0.0 ms]
   [Code Root Purge: 0.0 ms]
   [Clear CT: 0.5 ms]
   [Other: 3.9 ms]
      [Choose CSet: 0.0 ms]
      [Ref Proc: 0.7 ms]
      [Ref Enq: 0.0 ms]
      [Redirty Cards: 0.3 ms]
      [Humongous Register: 0.5 ms]
      [Humongous Reclaim: 0.2 ms]
      [Free CSet: 1.9 ms]
   [Eden: 1458.0M(1458.0M)->0.0B(1460.0M) Survivors: 6144.0K->5120.0K Heap: 5973.8M(6656.0M)->4515.7M(6656.0M)]
 [Times: user=0.01 sys=0.01, real=0.01 secs]
         vmop                    [threads: total initially_running wait_to_block]    [time: spin block sync cleanup vmop] page_trap_count
270.755: G1IncCollectionPause             [      33          0              0    ]      [     0     0     0     0     7    ]  0
2017-11-22T09:57:48.868+0800: 270.762: Total time for which application threads were stopped: 0.0075351 seconds, Stopping threads took: 0.0000671 seconds
         vmop                    [threads: total initially_running wait_to_block]    [time: spin block sync cleanup vmop] page_trap_count
270.978: RevokeBias                       [      33          0              0    ]      [     0     0     0     0     0    ]  0
2017-11-22T09:57:49.084+0800: 270.978: Total time for which application threads were stopped: 0.0002926 seconds, Stopping threads took: 0.0000603 seconds
2017-11-22T09:57:50.662+0800: 272.556: [GC concurrent-mark-end, 8.5378638 secs]
2017-11-22T09:57:50.662+0800: 272.556: [GC remark 2017-11-22T09:57:50.662+0800: 272.556: [Finalize Marking, 0.0004185 secs] 2017-11-22T09:57:50.662+0800: 272.557: [GC ref-proc, 0.0002453 secs] 2017-11-22T09:57:50.663+0800: 272.557: [Unloading, 0.0043519 secs], 0.0352682 secs]
 [Times: user=0.15 sys=0.00, real=0.04 secs]
         vmop                    [threads: total initially_running wait_to_block]    [time: spin block sync cleanup vmop] page_trap_count
272.556: CGC_Operation                    [      33          0              0    ]      [     0     0     0     0    35    ]  0
2017-11-22T09:57:50.697+0800: 272.592: Total time for which application threads were stopped: 0.0355533 seconds, Stopping threads took: 0.0000513 seconds
2017-11-22T09:57:50.698+0800: 272.592: [GC cleanup 5961M->5961M(6656M), 0.0298923 secs]
 [Times: user=0.14 sys=0.00, real=0.03 secs]
         vmop                    [threads: total initially_running wait_to_block]    [time: spin block sync cleanup vmop] page_trap_count
272.592: CGC_Operation                    [      33          1              1    ]      [     0     0     0     0    29    ]  0
2017-11-22T09:57:50.728+0800: 272.622: Total time for which application threads were stopped: 0.0302727 seconds, Stopping threads took: 0.0000661 seconds
2017-11-22T09:57:50.741+0800: 272.635: [GC pause (G1 Evacuation Pause) (young) 272.635: [G1Ergonomics (CSet Construction) start choosing CSet, _pending_cards: 1290, predicted base time: 8.07 ms, remaining time: 191.93 ms, target pause time: 200.00 ms]
 272.636: [G1Ergonomics (CSet Construction) add young regions to CSet, eden: 1460 regions, survivors: 5 regions, predicted young region time: 7.00 ms]
 272.636: [G1Ergonomics (CSet Construction) finish choosing CSet, eden: 1460 regions, survivors: 5 regions, old: 0 regions, predicted pause time: 15.07 ms, target pause time: 200.00 ms]
 272.658: [G1Ergonomics (Mixed GCs) do not start mixed GCs, reason: reclaimable percentage not over threshold, candidate old regions: 286 regions, reclaimable: 151563816 bytes (2.17 %), threshold: 5.00 %]
, 0.0224807 secs]
   [Parallel Time: 8.8 ms, GC Workers: 8]
      [GC Worker Start (ms): Min: 272635.9, Avg: 272639.1, Max: 272643.5, Diff: 7.6]
      [Ext Root Scanning (ms): Min: 0.0, Avg: 0.3, Max: 0.9, Diff: 0.9, Sum: 2.4]
      [Update RS (ms): Min: 0.0, Avg: 0.1, Max: 0.3, Diff: 0.3, Sum: 0.6]
         [Processed Buffers: Min: 0, Avg: 1.6, Max: 10, Diff: 10, Sum: 13]
      [Scan RS (ms): Min: 0.1, Avg: 0.3, Max: 0.6, Diff: 0.5, Sum: 2.3]
      [Code Root Scanning (ms): Min: 0.0, Avg: 0.0, Max: 0.0, Diff: 0.0, Sum: 0.1]
      [Object Copy (ms): Min: 0.0, Avg: 0.2, Max: 0.6, Diff: 0.6, Sum: 1.6]
      [Termination (ms): Min: 0.0, Avg: 3.7, Max: 6.4, Diff: 6.4, Sum: 29.9]
         [Termination Attempts: Min: 1, Avg: 1.0, Max: 1, Diff: 0, Sum: 8]
      [GC Worker Other (ms): Min: 0.0, Avg: 0.0, Max: 0.0, Diff: 0.0, Sum: 0.2]
      [GC Worker Total (ms): Min: 0.1, Avg: 4.6, Max: 8.6, Diff: 8.5, Sum: 37.1]
      [GC Worker End (ms): Min: 272643.6, Avg: 272643.8, Max: 272644.5, Diff: 0.9]
   [Code Root Fixup: 0.0 ms]
   [Code Root Purge: 0.0 ms]
   [Clear CT: 0.6 ms]
   [Other: 13.1 ms]
      [Choose CSet: 0.0 ms]
      [Ref Proc: 10.1 ms]
      [Ref Enq: 0.0 ms]
      [Redirty Cards: 0.3 ms]
      [Humongous Register: 0.3 ms]
      [Humongous Reclaim: 0.2 ms]
      [Free CSet: 1.9 ms]
   [Eden: 1460.0M(1460.0M)->0.0B(1461.0M) Survivors: 5120.0K->4096.0K Heap: 5975.7M(6656.0M)->4514.7M(6656.0M)]
 [Times: user=0.08 sys=0.00, real=0.03 secs]
         vmop                    [threads: total initially_running wait_to_block]    [time: spin block sync cleanup vmop] page_trap_count
272.635: G1IncCollectionPause             [      33          0              0    ]      [     0     0     0     0    22    ]  0
2017-11-22T09:57:50.764+0800: 272.658: Total time for which application threads were stopped: 0.0228055 seconds, Stopping threads took: 0.0000455 seconds
         vmop                    [threads: total initially_running wait_to_block]    [time: spin block sync cleanup vmop] page_trap_count
274.434: RevokeBias                       [      33          0              0    ]      [     0     0     0     0     0    ]  0
2017-11-22T09:57:52.539+0800: 274.434: Total time for which application threads were stopped: 0.0002224 seconds, Stopping threads took: 0.0000498 seconds
2017-11-22T09:57:52.789+0800: 274.683: [GC pause (G1 Evacuation Pause) (young) 274.683: [G1Ergonomics (CSet Construction) start choosing CSet, _pending_cards: 778, predicted base time: 11.68 ms, remaining time: 188.32 ms, target pause time: 200.00 ms]
 274.683: [G1Ergonomics (CSet Construction) add young regions to CSet, eden: 1461 regions, survivors: 4 regions, predicted young region time: 7.15 ms]
 274.683: [G1Ergonomics (CSet Construction) finish choosing CSet, eden: 1461 regions, survivors: 4 regions, old: 0 regions, predicted pause time: 18.82 ms, target pause time: 200.00 ms]
 274.688: [G1Ergonomics (Concurrent Cycles) request concurrent cycle initiation, reason: occupancy higher than threshold, occupancy: 4737466368 bytes, allocation request: 0 bytes, threshold: 3140694810 bytes (45.00 %), source: end of GC]
, 0.0051050 secs]
   [Parallel Time: 1.4 ms, GC Workers: 8]
      [GC Worker Start (ms): Min: 274683.6, Avg: 274683.8, Max: 274684.7, Diff: 1.1]
      [Ext Root Scanning (ms): Min: 0.0, Avg: 0.4, Max: 0.9, Diff: 0.9, Sum: 3.1]
      [Update RS (ms): Min: 0.0, Avg: 0.1, Max: 0.3, Diff: 0.3, Sum: 0.6]
         [Processed Buffers: Min: 0, Avg: 1.4, Max: 4, Diff: 4, Sum: 11]
      [Scan RS (ms): Min: 0.1, Avg: 0.3, Max: 0.4, Diff: 0.3, Sum: 2.1]
      [Code Root Scanning (ms): Min: 0.0, Avg: 0.0, Max: 0.0, Diff: 0.0, Sum: 0.1]
      [Object Copy (ms): Min: 0.0, Avg: 0.1, Max: 0.2, Diff: 0.2, Sum: 1.0]
      [Termination (ms): Min: 0.0, Avg: 0.2, Max: 0.2, Diff: 0.2, Sum: 1.6]
         [Termination Attempts: Min: 1, Avg: 1.0, Max: 1, Diff: 0, Sum: 8]
      [GC Worker Other (ms): Min: 0.0, Avg: 0.0, Max: 0.1, Diff: 0.1, Sum: 0.3]
      [GC Worker Total (ms): Min: 0.1, Avg: 1.1, Max: 1.3, Diff: 1.2, Sum: 8.8]
      [GC Worker End (ms): Min: 274684.8, Avg: 274684.9, Max: 274684.9, Diff: 0.1]
   [Code Root Fixup: 0.0 ms]
   [Code Root Purge: 0.0 ms]
   [Clear CT: 0.5 ms]
   [Other: 3.1 ms]
      [Choose CSet: 0.0 ms]
      [Ref Proc: 0.4 ms]
      [Ref Enq: 0.0 ms]
      [Redirty Cards: 0.3 ms]
      [Humongous Register: 0.3 ms]
      [Humongous Reclaim: 0.2 ms]
      [Free CSet: 1.7 ms]
   [Eden: 1461.0M(1461.0M)->0.0B(1463.0M) Survivors: 4096.0K->3072.0K Heap: 5975.7M(6656.0M)->4512.8M(6656.0M)]
 [Times: user=0.02 sys=0.00, real=0.00 secs]
         vmop                    [threads: total initially_running wait_to_block]    [time: spin block sync cleanup vmop] page_trap_count
274.683: G1IncCollectionPause             [      33          0              0    ]      [     0     0     0     0     5    ]  0
2017-11-22T09:57:52.794+0800: 274.688: Total time for which application threads were stopped: 0.0054308 seconds, Stopping threads took: 0.0000517 seconds
         vmop                    [threads: total initially_running wait_to_block]    [time: spin block sync cleanup vmop] page_trap_count
274.911: RevokeBias                       [      33          1              1    ]      [     0     0     0     0     0    ]  1
2017-11-22T09:57:53.016+0800: 274.911: Total time for which application threads were stopped: 0.0002775 seconds, Stopping threads took: 0.0000903 seconds
         vmop                    [threads: total initially_running wait_to_block]    [time: spin block sync cleanup vmop] page_trap_count
276.090: RevokeBias                       [      33          0              0    ]      [     0     0     0     0     0    ]  0
2017-11-22T09:57:54.196+0800: 276.090: Total time for which application threads were stopped: 0.0001625 seconds, Stopping threads took: 0.0000292 seconds
         vmop                    [threads: total initially_running wait_to_block]    [time: spin block sync cleanup vmop] page_trap_count
277.337: RevokeBias                       [      33          0              0    ]      [     0     0     0     0     0    ]  0
2017-11-22T09:57:55.442+0800: 277.337: Total time for which application threads were stopped: 0.0002619 seconds, Stopping threads took: 0.0000563 seconds
         vmop                    [threads: total initially_running wait_to_block]    [time: spin block sync cleanup vmop] page_trap_count
277.369: RevokeBias                       [      33          0              0    ]      [     0     0     0     0     0    ]  0
2017-11-22T09:57:55.475+0800: 277.369: Total time for which application threads were stopped: 0.0002619 seconds, Stopping threads took: 0.0000529 seconds
 278.047: [G1Ergonomics (Concurrent Cycles) initiate concurrent cycle, reason: concurrent cycle initiation requested]
2017-11-22T09:57:56.153+0800: 278.047: [GC pause (G1 Evacuation Pause) (young) (initial-mark) 278.049: [G1Ergonomics (CSet Construction) start choosing CSet, _pending_cards: 1570, predicted base time: 9.81 ms, remaining time: 190.19 ms, target pause time: 200.00 ms]
 278.049: [G1Ergonomics (CSet Construction) add young regions to CSet, eden: 1463 regions, survivors: 3 regions, predicted young region time: 4.25 ms]
 278.049: [G1Ergonomics (CSet Construction) finish choosing CSet, eden: 1463 regions, survivors: 3 regions, old: 0 regions, predicted pause time: 14.06 ms, target pause time: 200.00 ms]
, 0.0109349 secs]
   [Parallel Time: 3.5 ms, GC Workers: 8]
      [GC Worker Start (ms): Min: 278048.7, Avg: 278049.1, Max: 278050.0, Diff: 1.2]
      [Ext Root Scanning (ms): Min: 0.1, Avg: 1.7, Max: 2.9, Diff: 2.8, Sum: 13.8]
      [Update RS (ms): Min: 0.0, Avg: 0.1, Max: 0.3, Diff: 0.3, Sum: 0.6]
         [Processed Buffers: Min: 0, Avg: 1.9, Max: 8, Diff: 8, Sum: 15]
      [Scan RS (ms): Min: 0.1, Avg: 0.3, Max: 0.5, Diff: 0.4, Sum: 2.1]
      [Code Root Scanning (ms): Min: 0.0, Avg: 0.0, Max: 0.0, Diff: 0.0, Sum: 0.1]
      [Object Copy (ms): Min: 0.0, Avg: 0.3, Max: 0.7, Diff: 0.7, Sum: 2.5]
      [Termination (ms): Min: 0.0, Avg: 0.5, Max: 0.8, Diff: 0.8, Sum: 3.9]
         [Termination Attempts: Min: 1, Avg: 1.0, Max: 1, Diff: 0, Sum: 8]
      [GC Worker Other (ms): Min: 0.0, Avg: 0.0, Max: 0.1, Diff: 0.1, Sum: 0.2]
      [GC Worker Total (ms): Min: 2.0, Avg: 2.9, Max: 3.2, Diff: 1.2, Sum: 23.3]
      [GC Worker End (ms): Min: 278052.0, Avg: 278052.0, Max: 278052.0, Diff: 0.1]
   [Code Root Fixup: 0.0 ms]
   [Code Root Purge: 0.0 ms]
   [Clear CT: 1.3 ms]
   [Other: 6.1 ms]
      [Choose CSet: 0.0 ms]
      [Ref Proc: 1.2 ms]
      [Ref Enq: 0.0 ms]
      [Redirty Cards: 0.4 ms]
      [Humongous Register: 0.1 ms]
      [Humongous Reclaim: 0.2 ms]
      [Free CSet: 2.1 ms]
   [Eden: 1463.0M(1463.0M)->0.0B(1460.0M) Survivors: 3072.0K->5120.0K Heap: 5975.8M(6656.0M)->4515.7M(6656.0M)]
 [Times: user=0.02 sys=0.00, real=0.02 secs]
         vmop                    [threads: total initially_running wait_to_block]    [time: spin block sync cleanup vmop] page_trap_count
278.047: G1IncCollectionPause             [      33          0              0    ]      [     0     0     0     0    11    ]  0
2017-11-22T09:57:56.164+0800: 278.059: [GC concurrent-root-region-scan-start]
2017-11-22T09:57:56.164+0800: 278.059: Total time for which application threads were stopped: 0.0114173 seconds, Stopping threads took: 0.0000568 seconds
2017-11-22T09:57:56.165+0800: 278.060: [GC concurrent-root-region-scan-end, 0.0011206 secs]
2017-11-22T09:57:56.165+0800: 278.060: [GC concurrent-mark-start]
         vmop                    [threads: total initially_running wait_to_block]    [time: spin block sync cleanup vmop] page_trap_count
280.486: RevokeBias                       [      33          0              0    ]      [     0     0     0     0     0    ]  0
2017-11-22T09:57:58.592+0800: 280.486: Total time for which application threads were stopped: 0.0002687 seconds, Stopping threads took: 0.0000716 seconds
         vmop                    [threads: total initially_running wait_to_block]    [time: spin block sync cleanup vmop] page_trap_count
280.779: RevokeBias                       [      33          0              0    ]      [     0     0     0     0     0    ]  0
2017-11-22T09:57:58.885+0800: 280.780: Total time for which application threads were stopped: 0.0002432 seconds, Stopping threads took: 0.0000576 seconds
         vmop                    [threads: total initially_running wait_to_block]    [time: spin block sync cleanup vmop] page_trap_count
281.642: RevokeBias                       [      33          1              1    ]      [     0     0     0     0     0    ]  1
2017-11-22T09:57:59.748+0800: 281.643: Total time for which application threads were stopped: 0.0003095 seconds, Stopping threads took: 0.0001350 seconds
2017-11-22T09:58:01.226+0800: 283.121: [GC pause (G1 Evacuation Pause) (young) 283.121: [G1Ergonomics (CSet Construction) start choosing CSet, _pending_cards: 1041, predicted base time: 9.45 ms, remaining time: 190.55 ms, target pause time: 200.00 ms]
 283.121: [G1Ergonomics (CSet Construction) add young regions to CSet, eden: 1460 regions, survivors: 5 regions, predicted young region time: 4.19 ms]
 283.121: [G1Ergonomics (CSet Construction) finish choosing CSet, eden: 1460 regions, survivors: 5 regions, old: 0 regions, predicted pause time: 13.65 ms, target pause time: 200.00 ms]
, 0.0146051 secs]
   [Parallel Time: 3.8 ms, GC Workers: 8]
      [GC Worker Start (ms): Min: 283121.3, Avg: 283121.6, Max: 283122.2, Diff: 0.9]
      [Ext Root Scanning (ms): Min: 0.0, Avg: 0.8, Max: 3.1, Diff: 3.1, Sum: 6.3]
      [Update RS (ms): Min: 0.0, Avg: 0.3, Max: 1.8, Diff: 1.8, Sum: 2.2]
         [Processed Buffers: Min: 0, Avg: 1.4, Max: 4, Diff: 4, Sum: 11]
      [Scan RS (ms): Min: 0.1, Avg: 0.7, Max: 2.4, Diff: 2.3, Sum: 5.5]
      [Code Root Scanning (ms): Min: 0.0, Avg: 0.0, Max: 0.0, Diff: 0.0, Sum: 0.1]
      [Object Copy (ms): Min: 0.0, Avg: 0.8, Max: 2.8, Diff: 2.8, Sum: 6.2]
      [Termination (ms): Min: 0.0, Avg: 0.7, Max: 1.3, Diff: 1.3, Sum: 5.8]
         [Termination Attempts: Min: 1, Avg: 3.6, Max: 16, Diff: 15, Sum: 29]
      [GC Worker Other (ms): Min: 0.0, Avg: 0.0, Max: 0.1, Diff: 0.0, Sum: 0.2]
      [GC Worker Total (ms): Min: 2.7, Avg: 3.3, Max: 3.6, Diff: 0.9, Sum: 26.3]
      [GC Worker End (ms): Min: 283124.9, Avg: 283124.9, Max: 283124.9, Diff: 0.1]
   [Code Root Fixup: 0.0 ms]
   [Code Root Purge: 0.0 ms]
   [Clear CT: 0.8 ms]
   [Other: 9.9 ms]
      [Choose CSet: 0.0 ms]
      [Ref Proc: 6.7 ms]
      [Ref Enq: 0.0 ms]
      [Redirty Cards: 0.2 ms]
      [Humongous Register: 0.3 ms]
      [Humongous Reclaim: 0.2 ms]
      [Free CSet: 2.2 ms]
   [Eden: 1460.0M(1460.0M)->0.0B(1459.0M) Survivors: 5120.0K->6144.0K Heap: 5975.7M(6656.0M)->4515.8M(6656.0M)]
 [Times: user=0.03 sys=0.00, real=0.01 secs]
         vmop                    [threads: total initially_running wait_to_block]    [time: spin block sync cleanup vmop] page_trap_count
283.121: G1IncCollectionPause             [      33          0              0    ]      [     0     0     0     0    14    ]  0
2017-11-22T09:58:01.241+0800: 283.136: Total time for which application threads were stopped: 0.0150272 seconds, Stopping threads took: 0.0000551 seconds
         vmop                    [threads: total initially_running wait_to_block]    [time: spin block sync cleanup vmop] page_trap_count
284.162: RevokeBias                       [      33          0              0    ]      [     0     0     0     0     0    ]  0
2017-11-22T09:58:02.268+0800: 284.162: Total time for which application threads were stopped: 0.0002215 seconds, Stopping threads took: 0.0000469 seconds
         vmop                    [threads: total initially_running wait_to_block]    [time: spin block sync cleanup vmop] page_trap_count
284.857: RevokeBias                       [      33          0              0    ]      [     0     0     0     0     0    ]  0
2017-11-22T09:58:02.963+0800: 284.857: Total time for which application threads were stopped: 0.0002255 seconds, Stopping threads took: 0.0000446 seconds
2017-11-22T09:58:05.267+0800: 287.161: [GC concurrent-mark-end, 9.1016146 secs]
2017-11-22T09:58:05.267+0800: 287.162: [GC remark 2017-11-22T09:58:05.267+0800: 287.162: [Finalize Marking, 0.0007580 secs] 2017-11-22T09:58:05.268+0800: 287.162: [GC ref-proc, 0.0002657 secs] 2017-11-22T09:58:05.268+0800: 287.163: [Unloading, 0.0065380 secs], 0.0428951 secs]
 [Times: user=0.17 sys=0.00, real=0.04 secs]
         vmop                    [threads: total initially_running wait_to_block]    [time: spin block sync cleanup vmop] page_trap_count
287.161: CGC_Operation                    [      33          0              0    ]      [     0     0     0     0    42    ]  0
2017-11-22T09:58:05.310+0800: 287.205: Total time for which application threads were stopped: 0.0432203 seconds, Stopping threads took: 0.0000325 seconds
2017-11-22T09:58:05.311+0800: 287.205: [GC cleanup 5453M->5453M(6656M), 0.0339884 secs]
 [Times: user=0.12 sys=0.00, real=0.04 secs]
         vmop                    [threads: total initially_running wait_to_block]    [time: spin block sync cleanup vmop] page_trap_count
287.205: CGC_Operation                    [      33          0              1    ]      [     0     0     0     0    34    ]  0
2017-11-22T09:58:05.345+0800: 287.239: Total time for which application threads were stopped: 0.0342668 seconds, Stopping threads took: 0.0000661 seconds
         vmop                    [threads: total initially_running wait_to_block]    [time: spin block sync cleanup vmop] page_trap_count
287.525: RevokeBias                       [      33          0              0    ]      [     0     0     0     0     0    ]  0
2017-11-22T09:58:05.631+0800: 287.525: Total time for which application threads were stopped: 0.0002650 seconds, Stopping threads took: 0.0000413 seconds
         vmop                    [threads: total initially_running wait_to_block]    [time: spin block sync cleanup vmop] page_trap_count
287.988: BulkRevokeBias                   [      33          0              0    ]      [     0     0     0     0     0    ]  0
2017-11-22T09:58:06.094+0800: 287.988: Total time for which application threads were stopped: 0.0004785 seconds, Stopping threads took: 0.0000534 seconds
2017-11-22T09:58:07.883+0800: 289.778: [GC pause (G1 Evacuation Pause) (young) 289.778: [G1Ergonomics (CSet Construction) start choosing CSet, _pending_cards: 805, predicted base time: 9.99 ms, remaining time: 190.01 ms, target pause time: 200.00 ms]
 289.778: [G1Ergonomics (CSet Construction) add young regions to CSet, eden: 1459 regions, survivors: 6 regions, predicted young region time: 4.04 ms]
 289.778: [G1Ergonomics (CSet Construction) finish choosing CSet, eden: 1459 regions, survivors: 6 regions, old: 0 regions, predicted pause time: 14.02 ms, target pause time: 200.00 ms]
 289.800: [G1Ergonomics (Concurrent Cycles) do not request concurrent cycle initiation, reason: still doing mixed collections, occupancy: 4737466368 bytes, allocation request: 0 bytes, threshold: 3140694810 bytes (45.00 %), source: end of GC]
 289.800: [G1Ergonomics (Mixed GCs) do not start mixed GCs, reason: reclaimable percentage not over threshold, candidate old regions: 286 regions, reclaimable: 151563816 bytes (2.17 %), threshold: 5.00 %]
, 0.0222362 secs]
   [Parallel Time: 3.3 ms, GC Workers: 8]
      [GC Worker Start (ms): Min: 289778.0, Avg: 289779.7, Max: 289781.0, Diff: 3.0]
      [Ext Root Scanning (ms): Min: 0.0, Avg: 0.3, Max: 0.9, Diff: 0.9, Sum: 2.3]
      [Update RS (ms): Min: 0.0, Avg: 0.1, Max: 0.3, Diff: 0.3, Sum: 0.6]
         [Processed Buffers: Min: 0, Avg: 1.8, Max: 8, Diff: 8, Sum: 14]
      [Scan RS (ms): Min: 0.1, Avg: 0.2, Max: 0.6, Diff: 0.5, Sum: 2.0]
      [Code Root Scanning (ms): Min: 0.0, Avg: 0.0, Max: 0.0, Diff: 0.0, Sum: 0.1]
      [Object Copy (ms): Min: 0.0, Avg: 0.3, Max: 0.7, Diff: 0.7, Sum: 2.0]
      [Termination (ms): Min: 0.0, Avg: 0.5, Max: 0.9, Diff: 0.9, Sum: 4.0]
         [Termination Attempts: Min: 1, Avg: 1.0, Max: 1, Diff: 0, Sum: 8]
      [GC Worker Other (ms): Min: 0.0, Avg: 0.0, Max: 0.1, Diff: 0.0, Sum: 0.2]
      [GC Worker Total (ms): Min: 0.1, Avg: 1.4, Max: 3.1, Diff: 3.0, Sum: 11.2]
      [GC Worker End (ms): Min: 289781.1, Avg: 289781.1, Max: 289781.1, Diff: 0.0]
   [Code Root Fixup: 0.0 ms]
   [Code Root Purge: 0.0 ms]
   [Clear CT: 0.7 ms]
   [Other: 18.2 ms]
      [Choose CSet: 0.0 ms]
      [Ref Proc: 14.6 ms]
      [Ref Enq: 0.0 ms]
      [Redirty Cards: 0.2 ms]
      [Humongous Register: 0.3 ms]
      [Humongous Reclaim: 0.3 ms]
      [Free CSet: 2.5 ms]
   [Eden: 1459.0M(1459.0M)->0.0B(1459.0M) Survivors: 6144.0K->6144.0K Heap: 5974.8M(6656.0M)->4515.9M(6656.0M)]
 [Times: user=0.04 sys=0.01, real=0.02 secs]
         vmop                    [threads: total initially_running wait_to_block]    [time: spin block sync cleanup vmop] page_trap_count
289.777: G1IncCollectionPause             [      33          0              0    ]      [     0     0     0     0    22    ]  0
2017-11-22T09:58:07.906+0800: 289.800: Total time for which application threads were stopped: 0.0225665 seconds, Stopping threads took: 0.0000446 seconds
         vmop                    [threads: total initially_running wait_to_block]    [time: spin block sync cleanup vmop] page_trap_count
293.490: RevokeBias                       [      32          0              0    ]      [     0     0     0     0     0    ]  0
2017-11-22T09:58:11.596+0800: 293.490: Total time for which application threads were stopped: 0.0002571 seconds, Stopping threads took: 0.0000500 seconds
         vmop                    [threads: total initially_running wait_to_block]    [time: spin block sync cleanup vmop] page_trap_count
293.490: RevokeBias                       [      32          0              0    ]      [     0     0     0     0     0    ]  0
2017-11-22T09:58:11.596+0800: 293.491: Total time for which application threads were stopped: 0.0001480 seconds, Stopping threads took: 0.0000936 seconds
         vmop                    [threads: total initially_running wait_to_block]    [time: spin block sync cleanup vmop] page_trap_count
293.491: RevokeBias                       [      32          0              0    ]      [     0     0     0     0     0    ]  0
2017-11-22T09:58:11.596+0800: 293.491: Total time for which application threads were stopped: 0.0000780 seconds, Stopping threads took: 0.0000171 seconds
         vmop                    [threads: total initially_running wait_to_block]    [time: spin block sync cleanup vmop] page_trap_count
295.841: RevokeBias                       [      32          1              2    ]      [     0     0     0     0     0    ]  1
2017-11-22T09:58:13.947+0800: 295.841: Total time for which application threads were stopped: 0.0003768 seconds, Stopping threads took: 0.0001434 seconds
         vmop                    [threads: total initially_running wait_to_block]    [time: spin block sync cleanup vmop] page_trap_count
295.841: RevokeBias                       [      32          0              0    ]      [     0     0     0     0     0    ]  0
2017-11-22T09:58:13.947+0800: 295.842: Total time for which application threads were stopped: 0.0002397 seconds, Stopping threads took: 0.0001153 seconds
         vmop                    [threads: total initially_running wait_to_block]    [time: spin block sync cleanup vmop] page_trap_count
296.168: RevokeBias                       [      33          0              0    ]      [     0     0     0     0     0    ]  0
2017-11-22T09:58:14.274+0800: 296.168: Total time for which application threads were stopped: 0.0002053 seconds, Stopping threads took: 0.0000534 seconds
2017-11-22T09:58:14.581+0800: 296.475: [GC pause (G1 Evacuation Pause) (young) 296.475: [G1Ergonomics (CSet Construction) start choosing CSet, _pending_cards: 1040, predicted base time: 13.88 ms, remaining time: 186.12 ms, target pause time: 200.00 ms]
 296.475: [G1Ergonomics (CSet Construction) add young regions to CSet, eden: 1459 regions, survivors: 6 regions, predicted young region time: 3.80 ms]
 296.475: [G1Ergonomics (CSet Construction) finish choosing CSet, eden: 1459 regions, survivors: 6 regions, old: 0 regions, predicted pause time: 17.69 ms, target pause time: 200.00 ms]
 296.481: [G1Ergonomics (Concurrent Cycles) request concurrent cycle initiation, reason: occupancy higher than threshold, occupancy: 4737466368 bytes, allocation request: 0 bytes, threshold: 3140694810 bytes (45.00 %), source: end of GC]
, 0.0060841 secs]
   [Parallel Time: 2.1 ms, GC Workers: 8]
      [GC Worker Start (ms): Min: 296475.9, Avg: 296476.4, Max: 296477.8, Diff: 1.9]
      [Ext Root Scanning (ms): Min: 0.0, Avg: 0.4, Max: 1.0, Diff: 1.0, Sum: 3.0]
      [Update RS (ms): Min: 0.0, Avg: 0.1, Max: 0.3, Diff: 0.3, Sum: 0.8]
         [Processed Buffers: Min: 0, Avg: 1.5, Max: 8, Diff: 8, Sum: 12]
      [Scan RS (ms): Min: 0.1, Avg: 0.3, Max: 0.4, Diff: 0.3, Sum: 2.1]
      [Code Root Scanning (ms): Min: 0.0, Avg: 0.0, Max: 0.0, Diff: 0.0, Sum: 0.1]
      [Object Copy (ms): Min: 0.0, Avg: 0.3, Max: 0.5, Diff: 0.5, Sum: 2.5]
      [Termination (ms): Min: 0.0, Avg: 0.4, Max: 0.5, Diff: 0.5, Sum: 3.5]
         [Termination Attempts: Min: 1, Avg: 1.0, Max: 1, Diff: 0, Sum: 8]
      [GC Worker Other (ms): Min: 0.0, Avg: 0.0, Max: 0.1, Diff: 0.1, Sum: 0.2]
      [GC Worker Total (ms): Min: 0.1, Avg: 1.5, Max: 2.0, Diff: 1.9, Sum: 12.2]
      [GC Worker End (ms): Min: 296477.9, Avg: 296477.9, Max: 296478.0, Diff: 0.1]
   [Code Root Fixup: 0.0 ms]
   [Code Root Purge: 0.0 ms]
   [Clear CT: 0.5 ms]
   [Other: 3.4 ms]
      [Choose CSet: 0.0 ms]
      [Ref Proc: 0.4 ms]
      [Ref Enq: 0.0 ms]
      [Redirty Cards: 0.3 ms]
      [Humongous Register: 0.4 ms]
      [Humongous Reclaim: 0.2 ms]
      [Free CSet: 1.9 ms]
   [Eden: 1459.0M(1459.0M)->0.0B(1459.0M) Survivors: 6144.0K->6144.0K Heap: 5974.9M(6656.0M)->4515.8M(6656.0M)]
 [Times: user=0.02 sys=0.00, real=0.01 secs]
         vmop                    [threads: total initially_running wait_to_block]    [time: spin block sync cleanup vmop] page_trap_count
296.475: G1IncCollectionPause             [      33          0              0    ]      [     0     0     0     0     6    ]  0
2017-11-22T09:58:14.587+0800: 296.482: Total time for which application threads were stopped: 0.0064755 seconds, Stopping threads took: 0.0001228 seconds
 299.344: [G1Ergonomics (Concurrent Cycles) initiate concurrent cycle, reason: concurrent cycle initiation requested]
2017-11-22T09:58:17.450+0800: 299.344: [GC pause (G1 Evacuation Pause) (young) (initial-mark) 299.345: [G1Ergonomics (CSet Construction) start choosing CSet, _pending_cards: 1307, predicted base time: 11.56 ms, remaining time: 188.44 ms, target pause time: 200.00 ms]
 299.345: [G1Ergonomics (CSet Construction) add young regions to CSet, eden: 1459 regions, survivors: 6 regions, predicted young region time: 4.01 ms]
 299.345: [G1Ergonomics (CSet Construction) finish choosing CSet, eden: 1459 regions, survivors: 6 regions, old: 0 regions, predicted pause time: 15.57 ms, target pause time: 200.00 ms]
, 0.0073173 secs]
   [Parallel Time: 2.8 ms, GC Workers: 8]
      [GC Worker Start (ms): Min: 299345.6, Avg: 299345.9, Max: 299346.3, Diff: 0.7]
      [Ext Root Scanning (ms): Min: 1.2, Avg: 1.4, Max: 1.8, Diff: 0.5, Sum: 11.1]
      [Update RS (ms): Min: 0.0, Avg: 0.1, Max: 0.2, Diff: 0.2, Sum: 0.6]
         [Processed Buffers: Min: 0, Avg: 1.8, Max: 5, Diff: 5, Sum: 14]
      [Scan RS (ms): Min: 0.1, Avg: 0.3, Max: 0.4, Diff: 0.3, Sum: 2.0]
      [Code Root Scanning (ms): Min: 0.0, Avg: 0.0, Max: 0.0, Diff: 0.0, Sum: 0.1]
      [Object Copy (ms): Min: 0.0, Avg: 0.2, Max: 0.4, Diff: 0.4, Sum: 1.7]
      [Termination (ms): Min: 0.0, Avg: 0.3, Max: 0.5, Diff: 0.5, Sum: 2.8]
         [Termination Attempts: Min: 1, Avg: 1.0, Max: 1, Diff: 0, Sum: 8]
      [GC Worker Other (ms): Min: 0.0, Avg: 0.0, Max: 0.1, Diff: 0.0, Sum: 0.2]
      [GC Worker Total (ms): Min: 1.9, Avg: 2.3, Max: 2.6, Diff: 0.7, Sum: 18.5]
      [GC Worker End (ms): Min: 299348.2, Avg: 299348.2, Max: 299348.2, Diff: 0.1]
   [Code Root Fixup: 0.0 ms]
   [Code Root Purge: 0.0 ms]
   [Clear CT: 0.5 ms]
   [Other: 4.0 ms]
      [Choose CSet: 0.0 ms]
      [Ref Proc: 0.3 ms]
      [Ref Enq: 0.0 ms]
      [Redirty Cards: 0.2 ms]
      [Humongous Register: 0.2 ms]
      [Humongous Reclaim: 0.1 ms]
      [Free CSet: 1.6 ms]
   [Eden: 1459.0M(1459.0M)->0.0B(1461.0M) Survivors: 6144.0K->4096.0K Heap: 5974.8M(6656.0M)->4514.3M(6656.0M)]
 [Times: user=0.01 sys=0.00, real=0.01 secs]
         vmop                    [threads: total initially_running wait_to_block]    [time: spin block sync cleanup vmop] page_trap_count
299.344: G1IncCollectionPause             [      33          0              0    ]      [     0     0     0     0     7    ]  0
2017-11-22T09:58:17.457+0800: 299.352: [GC concurrent-root-region-scan-start]
2017-11-22T09:58:17.457+0800: 299.352: Total time for which application threads were stopped: 0.0077096 seconds, Stopping threads took: 0.0000494 seconds
2017-11-22T09:58:17.458+0800: 299.353: [GC concurrent-root-region-scan-end, 0.0008561 secs]
2017-11-22T09:58:17.458+0800: 299.353: [GC concurrent-mark-start]
2017-11-22T09:58:19.878+0800: 301.773: [GC pause (G1 Evacuation Pause) (young) 301.773: [G1Ergonomics (CSet Construction) start choosing CSet, _pending_cards: 1036, predicted base time: 10.01 ms, remaining time: 189.99 ms, target pause time: 200.00 ms]
 301.773: [G1Ergonomics (CSet Construction) add young regions to CSet, eden: 1461 regions, survivors: 4 regions, predicted young region time: 4.22 ms]
 301.773: [G1Ergonomics (CSet Construction) finish choosing CSet, eden: 1461 regions, survivors: 4 regions, old: 0 regions, predicted pause time: 14.23 ms, target pause time: 200.00 ms]
, 0.0107577 secs]
   [Parallel Time: 5.4 ms, GC Workers: 8]
      [GC Worker Start (ms): Min: 301773.5, Avg: 301775.1, Max: 301776.7, Diff: 3.2]
      [Ext Root Scanning (ms): Min: 0.0, Avg: 0.5, Max: 1.1, Diff: 1.1, Sum: 3.9]
      [Update RS (ms): Min: 0.0, Avg: 0.1, Max: 0.2, Diff: 0.2, Sum: 0.7]
         [Processed Buffers: Min: 0, Avg: 1.4, Max: 5, Diff: 5, Sum: 11]
      [Scan RS (ms): Min: 0.1, Avg: 0.4, Max: 0.8, Diff: 0.7, Sum: 3.5]
      [Code Root Scanning (ms): Min: 0.0, Avg: 0.0, Max: 0.0, Diff: 0.0, Sum: 0.1]
      [Object Copy (ms): Min: 0.0, Avg: 0.3, Max: 0.7, Diff: 0.7, Sum: 2.3]
      [Termination (ms): Min: 0.0, Avg: 0.5, Max: 1.1, Diff: 1.1, Sum: 4.2]
         [Termination Attempts: Min: 1, Avg: 1.0, Max: 1, Diff: 0, Sum: 8]
      [GC Worker Other (ms): Min: 0.0, Avg: 0.0, Max: 0.1, Diff: 0.1, Sum: 0.3]
      [GC Worker Total (ms): Min: 0.1, Avg: 1.9, Max: 3.5, Diff: 3.4, Sum: 15.0]
      [GC Worker End (ms): Min: 301776.9, Avg: 301777.0, Max: 301777.2, Diff: 0.3]
   [Code Root Fixup: 0.0 ms]
   [Code Root Purge: 0.0 ms]
   [Clear CT: 0.8 ms]
   [Other: 4.6 ms]
      [Choose CSet: 0.1 ms]
      [Ref Proc: 0.6 ms]
      [Ref Enq: 0.0 ms]
      [Redirty Cards: 0.3 ms]
      [Humongous Register: 0.7 ms]
      [Humongous Reclaim: 0.2 ms]
      [Free CSet: 2.2 ms]
   [Eden: 1461.0M(1461.0M)->0.0B(1460.0M) Survivors: 4096.0K->5120.0K Heap: 5975.3M(6656.0M)->4515.6M(6656.0M)]
 [Times: user=0.02 sys=0.00, real=0.01 secs]
         vmop                    [threads: total initially_running wait_to_block]    [time: spin block sync cleanup vmop] page_trap_count
301.772: G1IncCollectionPause             [      33          0              0    ]      [     0     0     0     0    10    ]  0
2017-11-22T09:58:19.889+0800: 301.783: Total time for which application threads were stopped: 0.0112650 seconds, Stopping threads took: 0.0000599 seconds
         vmop                    [threads: total initially_running wait_to_block]    [time: spin block sync cleanup vmop] page_trap_count
305.029: RevokeBias                       [      33          2              1    ]      [     0     0     0     0     0    ]  1
2017-11-22T09:58:23.135+0800: 305.029: Total time for which application threads were stopped: 0.0003253 seconds, Stopping threads took: 0.0001654 seconds
2017-11-22T09:58:23.347+0800: 305.241: [GC pause (G1 Evacuation Pause) (young) 305.241: [G1Ergonomics (CSet Construction) start choosing CSet, _pending_cards: 1048, predicted base time: 9.40 ms, remaining time: 190.60 ms, target pause time: 200.00 ms]
 305.241: [G1Ergonomics (CSet Construction) add young regions to CSet, eden: 1460 regions, survivors: 5 regions, predicted young region time: 4.16 ms]
 305.241: [G1Ergonomics (CSet Construction) finish choosing CSet, eden: 1460 regions, survivors: 5 regions, old: 0 regions, predicted pause time: 13.56 ms, target pause time: 200.00 ms]
, 0.0048032 secs]
   [Parallel Time: 1.5 ms, GC Workers: 8]
      [GC Worker Start (ms): Min: 305241.8, Avg: 305241.8, Max: 305241.9, Diff: 0.2]
      [Ext Root Scanning (ms): Min: 0.2, Avg: 0.4, Max: 1.0, Diff: 0.8, Sum: 3.3]
      [Update RS (ms): Min: 0.0, Avg: 0.1, Max: 0.3, Diff: 0.3, Sum: 0.6]
         [Processed Buffers: Min: 0, Avg: 1.5, Max: 4, Diff: 4, Sum: 12]
      [Scan RS (ms): Min: 0.1, Avg: 0.3, Max: 0.4, Diff: 0.3, Sum: 2.4]
      [Code Root Scanning (ms): Min: 0.0, Avg: 0.0, Max: 0.0, Diff: 0.0, Sum: 0.1]
      [Object Copy (ms): Min: 0.1, Avg: 0.3, Max: 0.4, Diff: 0.3, Sum: 2.6]
      [Termination (ms): Min: 0.0, Avg: 0.0, Max: 0.0, Diff: 0.0, Sum: 0.2]
         [Termination Attempts: Min: 1, Avg: 1.0, Max: 1, Diff: 0, Sum: 8]
      [GC Worker Other (ms): Min: 0.0, Avg: 0.1, Max: 0.1, Diff: 0.1, Sum: 0.5]
      [GC Worker Total (ms): Min: 1.1, Avg: 1.2, Max: 1.4, Diff: 0.3, Sum: 9.8]
      [GC Worker End (ms): Min: 305243.0, Avg: 305243.1, Max: 305243.1, Diff: 0.1]
   [Code Root Fixup: 0.0 ms]
   [Code Root Purge: 0.0 ms]
   [Clear CT: 0.5 ms]
   [Other: 2.8 ms]
      [Choose CSet: 0.0 ms]
      [Ref Proc: 0.2 ms]
      [Ref Enq: 0.0 ms]
      [Redirty Cards: 0.3 ms]
      [Humongous Register: 0.3 ms]
      [Humongous Reclaim: 0.1 ms]
      [Free CSet: 1.6 ms]
   [Eden: 1460.0M(1460.0M)->0.0B(1459.0M) Survivors: 5120.0K->6144.0K Heap: 5975.6M(6656.0M)->4515.9M(6656.0M)]
 [Times: user=0.02 sys=0.01, real=0.00 secs]
         vmop                    [threads: total initially_running wait_to_block]    [time: spin block sync cleanup vmop] page_trap_count
305.241: G1IncCollectionPause             [      33          0              0    ]      [     0     0     0     0     4    ]  0
2017-11-22T09:58:23.352+0800: 305.246: Total time for which application threads were stopped: 0.0052916 seconds, Stopping threads took: 0.0000618 seconds
2017-11-22T09:58:25.047+0800: 306.941: [GC concurrent-mark-end, 7.5888552 secs]
2017-11-22T09:58:25.047+0800: 306.942: [GC remark 2017-11-22T09:58:25.047+0800: 306.942: [Finalize Marking, 0.0007027 secs] 2017-11-22T09:58:25.048+0800: 306.942: [GC ref-proc, 0.0002734 secs] 2017-11-22T09:58:25.048+0800: 306.943: [Unloading, 0.0042589 secs], 0.0250262 secs]
 [Times: user=0.17 sys=0.00, real=0.02 secs]
         vmop                    [threads: total initially_running wait_to_block]    [time: spin block sync cleanup vmop] page_trap_count
306.942: CGC_Operation                    [      33          0              0    ]      [     0     0     0     0    25    ]  0
2017-11-22T09:58:25.073+0800: 306.967: Total time for which application threads were stopped: 0.0253338 seconds, Stopping threads took: 0.0000502 seconds
2017-11-22T09:58:25.073+0800: 306.967: [GC cleanup 5180M->5180M(6656M), 0.0195546 secs]
 [Times: user=0.13 sys=0.00, real=0.02 secs]
         vmop                    [threads: total initially_running wait_to_block]    [time: spin block sync cleanup vmop] page_trap_count
306.967: CGC_Operation                    [      33          0              1    ]      [     0     0     0     0    19    ]  0
2017-11-22T09:58:25.093+0800: 306.987: Total time for which application threads were stopped: 0.0198267 seconds, Stopping threads took: 0.0000935 seconds
2017-11-22T09:58:26.973+0800: 308.868: [GC pause (G1 Evacuation Pause) (young) 308.868: [G1Ergonomics (CSet Construction) start choosing CSet, _pending_cards: 1308, predicted base time: 7.87 ms, remaining time: 192.13 ms, target pause time: 200.00 ms]
 308.868: [G1Ergonomics (CSet Construction) add young regions to CSet, eden: 1459 regions, survivors: 6 regions, predicted young region time: 3.41 ms]
 308.868: [G1Ergonomics (CSet Construction) finish choosing CSet, eden: 1459 regions, survivors: 6 regions, old: 0 regions, predicted pause time: 11.28 ms, target pause time: 200.00 ms]
 308.890: [G1Ergonomics (Concurrent Cycles) do not request concurrent cycle initiation, reason: still doing mixed collections, occupancy: 4737466368 bytes, allocation request: 0 bytes, threshold: 3140694810 bytes (45.00 %), source: end of GC]
 308.890: [G1Ergonomics (Mixed GCs) do not start mixed GCs, reason: reclaimable percentage not over threshold, candidate old regions: 286 regions, reclaimable: 151563816 bytes (2.17 %), threshold: 5.00 %]
, 0.0220149 secs]
   [Parallel Time: 5.8 ms, GC Workers: 8]
      [GC Worker Start (ms): Min: 308868.1, Avg: 308870.0, Max: 308873.5, Diff: 5.4]
      [Ext Root Scanning (ms): Min: 0.0, Avg: 0.3, Max: 0.9, Diff: 0.9, Sum: 2.6]
      [Update RS (ms): Min: 0.0, Avg: 0.1, Max: 0.3, Diff: 0.3, Sum: 0.6]
         [Processed Buffers: Min: 0, Avg: 1.8, Max: 6, Diff: 6, Sum: 14]
      [Scan RS (ms): Min: 0.1, Avg: 0.3, Max: 0.5, Diff: 0.4, Sum: 2.4]
      [Code Root Scanning (ms): Min: 0.0, Avg: 0.0, Max: 0.0, Diff: 0.0, Sum: 0.1]
      [Object Copy (ms): Min: 0.0, Avg: 0.3, Max: 0.6, Diff: 0.6, Sum: 2.2]
      [Termination (ms): Min: 0.0, Avg: 2.7, Max: 3.7, Diff: 3.7, Sum: 21.2]
         [Termination Attempts: Min: 1, Avg: 1.0, Max: 1, Diff: 0, Sum: 8]
      [GC Worker Other (ms): Min: 0.0, Avg: 0.0, Max: 0.1, Diff: 0.0, Sum: 0.3]
      [GC Worker Total (ms): Min: 0.2, Avg: 3.7, Max: 5.6, Diff: 5.4, Sum: 29.4]
      [GC Worker End (ms): Min: 308873.7, Avg: 308873.7, Max: 308873.7, Diff: 0.1]
   [Code Root Fixup: 0.0 ms]
   [Code Root Purge: 0.0 ms]
   [Clear CT: 0.7 ms]
   [Other: 15.5 ms]
      [Choose CSet: 0.0 ms]
      [Ref Proc: 12.3 ms]
      [Ref Enq: 0.0 ms]
      [Redirty Cards: 0.3 ms]
      [Humongous Register: 0.3 ms]
      [Humongous Reclaim: 0.2 ms]
      [Free CSet: 2.1 ms]
   [Eden: 1459.0M(1459.0M)->0.0B(1460.0M) Survivors: 6144.0K->5120.0K Heap: 5974.9M(6656.0M)->4515.7M(6656.0M)]
 [Times: user=0.06 sys=0.00, real=0.03 secs]
         vmop                    [threads: total initially_running wait_to_block]    [time: spin block sync cleanup vmop] page_trap_count
308.867: G1IncCollectionPause             [      33          0              0    ]      [     0     0     0     0    22    ]  0
2017-11-22T09:58:26.995+0800: 308.890: Total time for which application threads were stopped: 0.0223877 seconds, Stopping threads took: 0.0000496 seconds
2017-11-22T09:58:30.937+0800: 312.831: [GC pause (G1 Evacuation Pause) (young) 312.831: [G1Ergonomics (CSet Construction) start choosing CSet, _pending_cards: 1036, predicted base time: 11.71 ms, remaining time: 188.29 ms, target pause time: 200.00 ms]
 312.831: [G1Ergonomics (CSet Construction) add young regions to CSet, eden: 1460 regions, survivors: 5 regions, predicted young region time: 3.45 ms]
 312.831: [G1Ergonomics (CSet Construction) finish choosing CSet, eden: 1460 regions, survivors: 5 regions, old: 0 regions, predicted pause time: 15.16 ms, target pause time: 200.00 ms]
 312.846: [G1Ergonomics (Concurrent Cycles) request concurrent cycle initiation, reason: occupancy higher than threshold, occupancy: 4737466368 bytes, allocation request: 0 bytes, threshold: 3140694810 bytes (45.00 %), source: end of GC]
, 0.0148856 secs]
   [Parallel Time: 2.7 ms, GC Workers: 8]
      [GC Worker Start (ms): Min: 312831.9, Avg: 312833.0, Max: 312834.2, Diff: 2.3]
      [Ext Root Scanning (ms): Min: 0.0, Avg: 0.3, Max: 1.0, Diff: 1.0, Sum: 2.7]
      [Update RS (ms): Min: 0.0, Avg: 0.1, Max: 0.3, Diff: 0.3, Sum: 0.5]
         [Processed Buffers: Min: 0, Avg: 1.4, Max: 6, Diff: 6, Sum: 11]
      [Scan RS (ms): Min: 0.1, Avg: 0.3, Max: 0.5, Diff: 0.4, Sum: 2.1]
      [Code Root Scanning (ms): Min: 0.0, Avg: 0.0, Max: 0.0, Diff: 0.0, Sum: 0.1]
      [Object Copy (ms): Min: 0.0, Avg: 0.3, Max: 0.7, Diff: 0.7, Sum: 2.7]
      [Termination (ms): Min: 0.0, Avg: 0.3, Max: 0.5, Diff: 0.5, Sum: 2.7]
         [Termination Attempts: Min: 1, Avg: 1.0, Max: 1, Diff: 0, Sum: 8]
      [GC Worker Other (ms): Min: 0.0, Avg: 0.0, Max: 0.1, Diff: 0.1, Sum: 0.4]
      [GC Worker Total (ms): Min: 0.2, Avg: 1.4, Max: 2.6, Diff: 2.4, Sum: 11.3]
      [GC Worker End (ms): Min: 312834.3, Avg: 312834.4, Max: 312834.5, Diff: 0.1]
   [Code Root Fixup: 0.0 ms]
   [Code Root Purge: 0.0 ms]
   [Clear CT: 1.2 ms]
   [Other: 11.0 ms]
      [Choose CSet: 0.0 ms]
      [Ref Proc: 7.8 ms]
      [Ref Enq: 0.0 ms]
      [Redirty Cards: 0.2 ms]
      [Humongous Register: 0.3 ms]
      [Humongous Reclaim: 0.3 ms]
      [Free CSet: 2.0 ms]
   [Eden: 1460.0M(1460.0M)->0.0B(1460.0M) Survivors: 5120.0K->5120.0K Heap: 5975.7M(6656.0M)->4515.7M(6656.0M)]
 [Times: user=0.04 sys=0.00, real=0.01 secs]
         vmop                    [threads: total initially_running wait_to_block]    [time: spin block sync cleanup vmop] page_trap_count
312.831: G1IncCollectionPause             [      33          0              0    ]      [     0     0     0     0    15    ]  0
2017-11-22T09:58:30.952+0800: 312.846: Total time for which application threads were stopped: 0.0151933 seconds, Stopping threads took: 0.0000555 seconds
 317.209: [G1Ergonomics (Concurrent Cycles) initiate concurrent cycle, reason: concurrent cycle initiation requested]
2017-11-22T09:58:35.314+0800: 317.209: [GC pause (G1 Evacuation Pause) (young) (initial-mark) 317.210: [G1Ergonomics (CSet Construction) start choosing CSet, _pending_cards: 1050, predicted base time: 12.10 ms, remaining time: 187.90 ms, target pause time: 200.00 ms]
 317.210: [G1Ergonomics (CSet Construction) add young regions to CSet, eden: 1460 regions, survivors: 5 regions, predicted young region time: 3.40 ms]
 317.210: [G1Ergonomics (CSet Construction) finish choosing CSet, eden: 1460 regions, survivors: 5 regions, old: 0 regions, predicted pause time: 15.50 ms, target pause time: 200.00 ms]
, 0.0293057 secs]
   [Parallel Time: 4.8 ms, GC Workers: 8]
      [GC Worker Start (ms): Min: 317209.9, Avg: 317211.2, Max: 317211.6, Diff: 1.7]
      [Ext Root Scanning (ms): Min: 0.1, Avg: 2.2, Max: 3.5, Diff: 3.5, Sum: 17.4]
      [Update RS (ms): Min: 0.0, Avg: 0.1, Max: 0.3, Diff: 0.3, Sum: 0.5]
         [Processed Buffers: Min: 0, Avg: 1.9, Max: 13, Diff: 13, Sum: 15]
      [Scan RS (ms): Min: 0.1, Avg: 0.2, Max: 0.7, Diff: 0.6, Sum: 1.8]
      [Code Root Scanning (ms): Min: 0.0, Avg: 0.0, Max: 0.1, Diff: 0.1, Sum: 0.1]
      [Object Copy (ms): Min: 0.0, Avg: 0.2, Max: 0.7, Diff: 0.7, Sum: 1.4]
      [Termination (ms): Min: 0.0, Avg: 0.7, Max: 1.3, Diff: 1.3, Sum: 5.7]
         [Termination Attempts: Min: 1, Avg: 1.2, Max: 3, Diff: 2, Sum: 10]
      [GC Worker Other (ms): Min: 0.0, Avg: 0.0, Max: 0.0, Diff: 0.0, Sum: 0.2]
      [GC Worker Total (ms): Min: 2.9, Avg: 3.4, Max: 4.7, Diff: 1.8, Sum: 27.1]
      [GC Worker End (ms): Min: 317214.5, Avg: 317214.6, Max: 317214.6, Diff: 0.1]
   [Code Root Fixup: 0.0 ms]
   [Code Root Purge: 0.0 ms]
   [Clear CT: 0.8 ms]
   [Other: 23.6 ms]
      [Choose CSet: 0.0 ms]
      [Ref Proc: 19.1 ms]
      [Ref Enq: 0.0 ms]
      [Redirty Cards: 0.3 ms]
      [Humongous Register: 0.1 ms]
      [Humongous Reclaim: 0.2 ms]
      [Free CSet: 1.9 ms]
   [Eden: 1460.0M(1460.0M)->0.0B(1461.0M) Survivors: 5120.0K->4096.0K Heap: 5975.7M(6656.0M)->4514.1M(6656.0M)]
 [Times: user=0.05 sys=0.00, real=0.04 secs]
         vmop                    [threads: total initially_running wait_to_block]    [time: spin block sync cleanup vmop] page_trap_count
317.208: G1IncCollectionPause             [      33          0              0    ]      [     0     0     0     0    29    ]  0
2017-11-22T09:58:35.344+0800: 317.238: 2017-11-22T09:58:35.344+0800: [GC concurrent-root-region-scan-start]
317.238: Total time for which application threads were stopped: 0.0297296 seconds, Stopping threads took: 0.0000353 seconds
2017-11-22T09:58:35.345+0800: 317.240: [GC concurrent-root-region-scan-end, 0.0014519 secs]
2017-11-22T09:58:35.345+0800: 317.240: [GC concurrent-mark-start]
         vmop                    [threads: total initially_running wait_to_block]    [time: spin block sync cleanup vmop] page_trap_count
318.035: RevokeBias                       [      33          0              0    ]      [     0     0     0     0     0    ]  0
2017-11-22T09:58:36.141+0800: 318.035: Total time for which application threads were stopped: 0.0002752 seconds, Stopping threads took: 0.0000957 seconds
2017-11-22T09:58:40.242+0800: 322.136: [GC pause (G1 Evacuation Pause) (young) 322.136: [G1Ergonomics (CSet Construction) start choosing CSet, _pending_cards: 524, predicted base time: 18.39 ms, remaining time: 181.61 ms, target pause time: 200.00 ms]
 322.136: [G1Ergonomics (CSet Construction) add young regions to CSet, eden: 1461 regions, survivors: 4 regions, predicted young region time: 3.08 ms]
 322.136: [G1Ergonomics (CSet Construction) finish choosing CSet, eden: 1461 regions, survivors: 4 regions, old: 0 regions, predicted pause time: 21.47 ms, target pause time: 200.00 ms]
, 0.0065197 secs]
   [Parallel Time: 2.1 ms, GC Workers: 8]
      [GC Worker Start (ms): Min: 322136.6, Avg: 322137.1, Max: 322138.4, Diff: 1.8]
      [Ext Root Scanning (ms): Min: 0.0, Avg: 0.5, Max: 0.9, Diff: 0.9, Sum: 4.2]
      [Update RS (ms): Min: 0.0, Avg: 0.1, Max: 0.4, Diff: 0.4, Sum: 0.6]
         [Processed Buffers: Min: 0, Avg: 1.1, Max: 4, Diff: 4, Sum: 9]
      [Scan RS (ms): Min: 0.1, Avg: 0.3, Max: 0.5, Diff: 0.4, Sum: 2.6]
      [Code Root Scanning (ms): Min: 0.0, Avg: 0.0, Max: 0.1, Diff: 0.1, Sum: 0.2]
      [Object Copy (ms): Min: 0.0, Avg: 0.2, Max: 0.4, Diff: 0.4, Sum: 1.9]
      [Termination (ms): Min: 0.0, Avg: 0.2, Max: 0.3, Diff: 0.3, Sum: 1.9]
         [Termination Attempts: Min: 1, Avg: 1.0, Max: 1, Diff: 0, Sum: 8]
      [GC Worker Other (ms): Min: 0.0, Avg: 0.0, Max: 0.1, Diff: 0.1, Sum: 0.2]
      [GC Worker Total (ms): Min: 0.1, Avg: 1.5, Max: 2.0, Diff: 1.9, Sum: 11.7]
      [GC Worker End (ms): Min: 322138.5, Avg: 322138.5, Max: 322138.6, Diff: 0.1]
   [Code Root Fixup: 0.0 ms]
   [Code Root Purge: 0.0 ms]
   [Clear CT: 0.7 ms]
   [Other: 3.7 ms]
      [Choose CSet: 0.0 ms]
      [Ref Proc: 0.7 ms]
      [Ref Enq: 0.0 ms]
      [Redirty Cards: 0.3 ms]
      [Humongous Register: 0.3 ms]
      [Humongous Reclaim: 0.2 ms]
      [Free CSet: 2.0 ms]
   [Eden: 1461.0M(1461.0M)->0.0B(1461.0M) Survivors: 4096.0K->4096.0K Heap: 5975.1M(6656.0M)->4514.8M(6656.0M)]
 [Times: user=0.02 sys=0.00, real=0.01 secs]
         vmop                    [threads: total initially_running wait_to_block]    [time: spin block sync cleanup vmop] page_trap_count
322.136: G1IncCollectionPause             [      33          0              0    ]      [     0     0     0     0     6    ]  0
2017-11-22T09:58:40.249+0800: 322.143: Total time for which application threads were stopped: 0.0069092 seconds, Stopping threads took: 0.0000666 seconds
         vmop                    [threads: total initially_running wait_to_block]    [time: spin block sync cleanup vmop] page_trap_count
323.522: RevokeBias                       [      33          0              0    ]      [     0     0     0     0     0    ]  0
2017-11-22T09:58:41.629+0800: 323.523: Total time for which application threads were stopped: 0.0002674 seconds, Stopping threads took: 0.0000675 seconds
         vmop                    [threads: total initially_running wait_to_block]    [time: spin block sync cleanup vmop] page_trap_count
323.523: RevokeBias                       [      33          0              0    ]      [     0     0     0     0     0    ]  0
2017-11-22T09:58:41.629+0800: 323.523: Total time for which application threads were stopped: 0.0001275 seconds, Stopping threads took: 0.0000395 seconds
         vmop                    [threads: total initially_running wait_to_block]    [time: spin block sync cleanup vmop] page_trap_count
323.523: RevokeBias                       [      33          0              0    ]      [     0     0     0     0     0    ]  0
2017-11-22T09:58:41.629+0800: 323.523: Total time for which application threads were stopped: 0.0001159 seconds, Stopping threads took: 0.0000278 seconds
2017-11-22T09:58:43.362+0800: 325.256: [GC concurrent-mark-end, 8.0168106 secs]
2017-11-22T09:58:43.362+0800: 325.257: [GC remark 2017-11-22T09:58:43.362+0800: 325.257: [Finalize Marking, 0.0005069 secs] 2017-11-22T09:58:43.363+0800: 325.257: [GC ref-proc, 0.0002203 secs] 2017-11-22T09:58:43.363+0800: 325.257: [Unloading, 0.0059394 secs], 0.0303030 secs]
 [Times: user=0.17 sys=0.00, real=0.03 secs]
         vmop                    [threads: total initially_running wait_to_block]    [time: spin block sync cleanup vmop] page_trap_count
325.256: CGC_Operation                    [      33          0              0    ]      [     0     0     0     0    30    ]  0
2017-11-22T09:58:43.393+0800: 325.287: Total time for which application threads were stopped: 0.0305833 seconds, Stopping threads took: 0.0000719 seconds
2017-11-22T09:58:43.393+0800: 325.287: [GC cleanup 5706M->5706M(6656M), 0.0253594 secs]
 [Times: user=0.13 sys=0.00, real=0.03 secs]
         vmop                    [threads: total initially_running wait_to_block]    [time: spin block sync cleanup vmop] page_trap_count
325.287: CGC_Operation                    [      33          0              1    ]      [     0     0     0     0    25    ]  0
2017-11-22T09:58:43.419+0800: 325.313: Total time for which application threads were stopped: 0.0257190 seconds, Stopping threads took: 0.0001413 seconds
2017-11-22T09:58:44.073+0800: 325.968: [GC pause (G1 Evacuation Pause) (young) 325.968: [G1Ergonomics (CSet Construction) start choosing CSet, _pending_cards: 1545, predicted base time: 15.26 ms, remaining time: 184.74 ms, target pause time: 200.00 ms]
 325.968: [G1Ergonomics (CSet Construction) add young regions to CSet, eden: 1461 regions, survivors: 4 regions, predicted young region time: 2.77 ms]
 325.968: [G1Ergonomics (CSet Construction) finish choosing CSet, eden: 1461 regions, survivors: 4 regions, old: 0 regions, predicted pause time: 18.03 ms, target pause time: 200.00 ms]
 325.976: [G1Ergonomics (Concurrent Cycles) do not request concurrent cycle initiation, reason: still doing mixed collections, occupancy: 4737466368 bytes, allocation request: 0 bytes, threshold: 3140694810 bytes (45.00 %), source: end of GC]
 325.976: [G1Ergonomics (Mixed GCs) do not start mixed GCs, reason: reclaimable percentage not over threshold, candidate old regions: 286 regions, reclaimable: 151563816 bytes (2.17 %), threshold: 5.00 %]
, 0.0081471 secs]
   [Parallel Time: 2.7 ms, GC Workers: 8]
      [GC Worker Start (ms): Min: 325968.5, Avg: 325969.6, Max: 325970.6, Diff: 2.1]
      [Ext Root Scanning (ms): Min: 0.0, Avg: 0.3, Max: 0.9, Diff: 0.9, Sum: 2.7]
      [Update RS (ms): Min: 0.0, Avg: 0.1, Max: 0.4, Diff: 0.4, Sum: 0.6]
         [Processed Buffers: Min: 0, Avg: 1.5, Max: 7, Diff: 7, Sum: 12]
      [Scan RS (ms): Min: 0.1, Avg: 0.3, Max: 0.5, Diff: 0.4, Sum: 2.5]
      [Code Root Scanning (ms): Min: 0.0, Avg: 0.0, Max: 0.1, Diff: 0.1, Sum: 0.2]
      [Object Copy (ms): Min: 0.0, Avg: 0.3, Max: 0.6, Diff: 0.6, Sum: 2.1]
      [Termination (ms): Min: 0.0, Avg: 0.3, Max: 0.5, Diff: 0.5, Sum: 2.1]
         [Termination Attempts: Min: 1, Avg: 1.0, Max: 1, Diff: 0, Sum: 8]
      [GC Worker Other (ms): Min: 0.0, Avg: 0.1, Max: 0.1, Diff: 0.1, Sum: 0.4]
      [GC Worker Total (ms): Min: 0.2, Avg: 1.3, Max: 2.4, Diff: 2.2, Sum: 10.5]
      [GC Worker End (ms): Min: 325970.8, Avg: 325970.9, Max: 325970.9, Diff: 0.1]
   [Code Root Fixup: 0.0 ms]
   [Code Root Purge: 0.0 ms]
   [Clear CT: 0.6 ms]
   [Other: 4.8 ms]
      [Choose CSet: 0.0 ms]
      [Ref Proc: 0.9 ms]
      [Ref Enq: 0.0 ms]
      [Redirty Cards: 0.5 ms]
      [Humongous Register: 0.6 ms]
      [Humongous Reclaim: 0.2 ms]
      [Free CSet: 2.3 ms]
   [Eden: 1461.0M(1461.0M)->0.0B(1459.0M) Survivors: 4096.0K->6144.0K Heap: 5975.8M(6656.0M)->4515.9M(6656.0M)]
 [Times: user=0.02 sys=0.00, real=0.01 secs]
         vmop                    [threads: total initially_running wait_to_block]    [time: spin block sync cleanup vmop] page_trap_count
325.968: G1IncCollectionPause             [      33          0              0    ]      [     0     0     0     0     8    ]  0
2017-11-22T09:58:44.082+0800: 325.976: Total time for which application threads were stopped: 0.0085503 seconds, Stopping threads took: 0.0000628 seconds
2017-11-22T09:58:47.451+0800: 329.345: [GC pause (G1 Evacuation Pause) (young) 329.345: [G1Ergonomics (CSet Construction) start choosing CSet, _pending_cards: 1054, predicted base time: 12.85 ms, remaining time: 187.15 ms, target pause time: 200.00 ms]
 329.345: [G1Ergonomics (CSet Construction) add young regions to CSet, eden: 1459 regions, survivors: 6 regions, predicted young region time: 2.98 ms]
 329.345: [G1Ergonomics (CSet Construction) finish choosing CSet, eden: 1459 regions, survivors: 6 regions, old: 0 regions, predicted pause time: 15.83 ms, target pause time: 200.00 ms]
 329.355: [G1Ergonomics (Concurrent Cycles) request concurrent cycle initiation, reason: occupancy higher than threshold, occupancy: 4737466368 bytes, allocation request: 0 bytes, threshold: 3140694810 bytes (45.00 %), source: end of GC]
, 0.0103275 secs]
   [Parallel Time: 2.8 ms, GC Workers: 8]
      [GC Worker Start (ms): Min: 329345.5, Avg: 329346.6, Max: 329348.0, Diff: 2.5]
      [Ext Root Scanning (ms): Min: 0.0, Avg: 0.3, Max: 0.9, Diff: 0.9, Sum: 2.6]
      [Update RS (ms): Min: 0.0, Avg: 0.1, Max: 0.3, Diff: 0.3, Sum: 0.6]
         [Processed Buffers: Min: 0, Avg: 1.6, Max: 10, Diff: 10, Sum: 13]
      [Scan RS (ms): Min: 0.1, Avg: 0.3, Max: 0.5, Diff: 0.4, Sum: 2.2]
      [Code Root Scanning (ms): Min: 0.0, Avg: 0.0, Max: 0.1, Diff: 0.1, Sum: 0.2]
      [Object Copy (ms): Min: 0.0, Avg: 0.3, Max: 0.7, Diff: 0.7, Sum: 2.4]
      [Termination (ms): Min: 0.0, Avg: 0.5, Max: 0.7, Diff: 0.7, Sum: 3.8]
         [Termination Attempts: Min: 1, Avg: 1.0, Max: 1, Diff: 0, Sum: 8]
      [GC Worker Other (ms): Min: 0.0, Avg: 0.0, Max: 0.1, Diff: 0.1, Sum: 0.3]
      [GC Worker Total (ms): Min: 0.1, Avg: 1.5, Max: 2.6, Diff: 2.5, Sum: 12.0]
      [GC Worker End (ms): Min: 329348.1, Avg: 329348.1, Max: 329348.2, Diff: 0.1]
   [Code Root Fixup: 0.0 ms]
   [Code Root Purge: 0.0 ms]
   [Clear CT: 0.7 ms]
   [Other: 6.8 ms]
      [Choose CSet: 0.0 ms]
      [Ref Proc: 0.7 ms]
      [Ref Enq: 0.0 ms]
      [Redirty Cards: 2.4 ms]
      [Humongous Register: 0.4 ms]
      [Humongous Reclaim: 0.4 ms]
      [Free CSet: 2.5 ms]
   [Eden: 1459.0M(1459.0M)->0.0B(1459.0M) Survivors: 6144.0K->6144.0K Heap: 5974.9M(6656.0M)->4516.0M(6656.0M)]
 [Times: user=0.02 sys=0.00, real=0.01 secs]
         vmop                    [threads: total initially_running wait_to_block]    [time: spin block sync cleanup vmop] page_trap_count
329.345: G1IncCollectionPause             [      32          0              0    ]      [     0     0     0     0    10    ]  0
2017-11-22T09:58:47.461+0800: 329.356: Total time for which application threads were stopped: 0.0107858 seconds, Stopping threads took: 0.0000581 seconds
         vmop                    [threads: total initially_running wait_to_block]    [time: spin block sync cleanup vmop] page_trap_count
330.065: RevokeBias                       [      32          1              1    ]      [     0     0     0     0     0    ]  1
2017-11-22T09:58:48.171+0800: 330.066: Total time for which application threads were stopped: 0.0003574 seconds, Stopping threads took: 0.0001684 seconds
         vmop                    [threads: total initially_running wait_to_block]    [time: spin block sync cleanup vmop] page_trap_count
330.066: RevokeBias                       [      32          1              2    ]      [     0     0     0     0     0    ]  1
2017-11-22T09:58:48.171+0800: 330.066: Total time for which application threads were stopped: 0.0001686 seconds, Stopping threads took: 0.0000759 seconds
         vmop                    [threads: total initially_running wait_to_block]    [time: spin block sync cleanup vmop] page_trap_count
330.069: RevokeBias                       [      33          0              1    ]      [     0     0     0     0     0    ]  0
2017-11-22T09:58:48.175+0800: 330.070: Total time for which application threads were stopped: 0.0002890 seconds, Stopping threads took: 0.0001293 seconds
 331.912: [G1Ergonomics (Concurrent Cycles) initiate concurrent cycle, reason: concurrent cycle initiation requested]
2017-11-22T09:58:50.018+0800: 331.912: [GC pause (G1 Evacuation Pause) (young) (initial-mark) 331.913: [G1Ergonomics (CSet Construction) start choosing CSet, _pending_cards: 1293, predicted base time: 11.52 ms, remaining time: 188.48 ms, target pause time: 200.00 ms]
 331.913: [G1Ergonomics (CSet Construction) add young regions to CSet, eden: 1459 regions, survivors: 6 regions, predicted young region time: 3.57 ms]
 331.913: [G1Ergonomics (CSet Construction) finish choosing CSet, eden: 1459 regions, survivors: 6 regions, old: 0 regions, predicted pause time: 15.08 ms, target pause time: 200.00 ms]
, 0.0127435 secs]
   [Parallel Time: 3.7 ms, GC Workers: 8]
      [GC Worker Start (ms): Min: 331913.4, Avg: 331914.2, Max: 331914.7, Diff: 1.3]
      [Ext Root Scanning (ms): Min: 0.1, Avg: 1.6, Max: 2.7, Diff: 2.7, Sum: 13.0]
      [Update RS (ms): Min: 0.0, Avg: 0.1, Max: 0.2, Diff: 0.2, Sum: 0.4]
         [Processed Buffers: Min: 0, Avg: 1.5, Max: 10, Diff: 10, Sum: 12]
      [Scan RS (ms): Min: 0.1, Avg: 0.2, Max: 0.5, Diff: 0.4, Sum: 2.0]
      [Code Root Scanning (ms): Min: 0.0, Avg: 0.0, Max: 0.1, Diff: 0.1, Sum: 0.2]
      [Object Copy (ms): Min: 0.0, Avg: 0.2, Max: 0.7, Diff: 0.7, Sum: 1.9]
      [Termination (ms): Min: 0.0, Avg: 0.5, Max: 0.9, Diff: 0.9, Sum: 4.3]
         [Termination Attempts: Min: 1, Avg: 1.0, Max: 1, Diff: 0, Sum: 8]
      [GC Worker Other (ms): Min: 0.0, Avg: 0.0, Max: 0.1, Diff: 0.1, Sum: 0.2]
      [GC Worker Total (ms): Min: 2.2, Avg: 2.8, Max: 3.6, Diff: 1.3, Sum: 22.0]
      [GC Worker End (ms): Min: 331916.9, Avg: 331917.0, Max: 331917.0, Diff: 0.1]
   [Code Root Fixup: 0.0 ms]
   [Code Root Purge: 0.0 ms]
   [Clear CT: 0.7 ms]
   [Other: 8.4 ms]
      [Choose CSet: 0.0 ms]
      [Ref Proc: 3.5 ms]
      [Ref Enq: 0.0 ms]
      [Redirty Cards: 0.1 ms]
      [Humongous Register: 0.1 ms]
      [Humongous Reclaim: 0.4 ms]
      [Free CSet: 2.2 ms]
   [Eden: 1459.0M(1459.0M)->0.0B(1460.0M) Survivors: 6144.0K->5120.0K Heap: 5975.0M(6656.0M)->4515.5M(6656.0M)]
 [Times: user=0.02 sys=0.00, real=0.01 secs]
         vmop                    [threads: total initially_running wait_to_block]    [time: spin block sync cleanup vmop] page_trap_count
331.912: G1IncCollectionPause             [      33          0              0    ]      [     0     0     0     0    13    ]  0
2017-11-22T09:58:50.031+0800: 331.925: [GC concurrent-root-region-scan-start]
2017-11-22T09:58:50.031+0800: 331.925: Total time for which application threads were stopped: 0.0132711 seconds, Stopping threads took: 0.0000550 seconds
2017-11-22T09:58:50.034+0800: 331.928: [GC concurrent-root-region-scan-end, 0.0033760 secs]
2017-11-22T09:58:50.034+0800: 331.928: [GC concurrent-mark-start]
2017-11-22T09:58:52.443+0800: 334.337: [GC pause (G1 Evacuation Pause) (young) 334.337: [G1Ergonomics (CSet Construction) start choosing CSet, _pending_cards: 774, predicted base time: 11.26 ms, remaining time: 188.74 ms, target pause time: 200.00 ms]
 334.337: [G1Ergonomics (CSet Construction) add young regions to CSet, eden: 1460 regions, survivors: 5 regions, predicted young region time: 3.32 ms]
 334.337: [G1Ergonomics (CSet Construction) finish choosing CSet, eden: 1460 regions, survivors: 5 regions, old: 0 regions, predicted pause time: 14.58 ms, target pause time: 200.00 ms]
, 0.0111951 secs]
   [Parallel Time: 6.5 ms, GC Workers: 8]
      [GC Worker Start (ms): Min: 334337.9, Avg: 334340.3, Max: 334343.9, Diff: 6.0]
      [Ext Root Scanning (ms): Min: 0.0, Avg: 0.6, Max: 2.5, Diff: 2.5, Sum: 5.2]
      [Update RS (ms): Min: 0.0, Avg: 0.1, Max: 0.3, Diff: 0.3, Sum: 0.5]
         [Processed Buffers: Min: 0, Avg: 1.1, Max: 7, Diff: 7, Sum: 9]
      [Scan RS (ms): Min: 0.1, Avg: 0.3, Max: 0.7, Diff: 0.6, Sum: 2.7]
      [Code Root Scanning (ms): Min: 0.0, Avg: 0.0, Max: 0.1, Diff: 0.1, Sum: 0.2]
      [Object Copy (ms): Min: 0.0, Avg: 0.2, Max: 0.7, Diff: 0.7, Sum: 1.9]
      [Termination (ms): Min: 0.0, Avg: 2.5, Max: 3.9, Diff: 3.9, Sum: 20.3]
         [Termination Attempts: Min: 1, Avg: 1.1, Max: 2, Diff: 1, Sum: 9]
      [GC Worker Other (ms): Min: 0.0, Avg: 0.0, Max: 0.1, Diff: 0.0, Sum: 0.2]
      [GC Worker Total (ms): Min: 0.2, Avg: 3.9, Max: 6.3, Diff: 6.1, Sum: 31.0]
      [GC Worker End (ms): Min: 334344.1, Avg: 334344.2, Max: 334344.2, Diff: 0.1]
   [Code Root Fixup: 0.0 ms]
   [Code Root Purge: 0.0 ms]
   [Clear CT: 0.7 ms]
   [Other: 4.0 ms]
      [Choose CSet: 0.0 ms]
      [Ref Proc: 0.6 ms]
      [Ref Enq: 0.0 ms]
      [Redirty Cards: 0.3 ms]
      [Humongous Register: 0.4 ms]
      [Humongous Reclaim: 0.2 ms]
      [Free CSet: 2.2 ms]
   [Eden: 1460.0M(1460.0M)->0.0B(1460.0M) Survivors: 5120.0K->5120.0K Heap: 5975.5M(6656.0M)->4515.6M(6656.0M)]
 [Times: user=0.03 sys=0.00, real=0.01 secs]
         vmop                    [threads: total initially_running wait_to_block]    [time: spin block sync cleanup vmop] page_trap_count
334.337: G1IncCollectionPause             [      33          0              0    ]      [     0     0     0     0    11    ]  0
2017-11-22T09:58:52.455+0800: 334.349: Total time for which application threads were stopped: 0.0117466 seconds, Stopping threads took: 0.0000710 seconds
2017-11-22T09:58:56.068+0800: 337.962: [GC pause (G1 Evacuation Pause) (young) 337.962: [G1Ergonomics (CSet Construction) start choosing CSet, _pending_cards: 792, predicted base time: 10.02 ms, remaining time: 189.98 ms, target pause time: 200.00 ms]
 337.962: [G1Ergonomics (CSet Construction) add young regions to CSet, eden: 1460 regions, survivors: 5 regions, predicted young region time: 4.16 ms]
 337.962: [G1Ergonomics (CSet Construction) finish choosing CSet, eden: 1460 regions, survivors: 5 regions, old: 0 regions, predicted pause time: 14.18 ms, target pause time: 200.00 ms]
, 0.0110768 secs]
   [Parallel Time: 4.1 ms, GC Workers: 8]
      [GC Worker Start (ms): Min: 337962.9, Avg: 337965.0, Max: 337966.4, Diff: 3.5]
      [Ext Root Scanning (ms): Min: 0.0, Avg: 0.3, Max: 1.3, Diff: 1.3, Sum: 2.6]
      [Update RS (ms): Min: 0.0, Avg: 0.1, Max: 0.3, Diff: 0.3, Sum: 0.6]
         [Processed Buffers: Min: 0, Avg: 1.2, Max: 8, Diff: 8, Sum: 10]
      [Scan RS (ms): Min: 0.1, Avg: 0.3, Max: 0.7, Diff: 0.6, Sum: 2.1]
      [Code Root Scanning (ms): Min: 0.0, Avg: 0.0, Max: 0.1, Diff: 0.1, Sum: 0.2]
      [Object Copy (ms): Min: 0.0, Avg: 0.4, Max: 0.8, Diff: 0.8, Sum: 3.3]
      [Termination (ms): Min: 0.0, Avg: 0.4, Max: 0.7, Diff: 0.7, Sum: 3.3]
         [Termination Attempts: Min: 1, Avg: 1.0, Max: 1, Diff: 0, Sum: 8]
      [GC Worker Other (ms): Min: 0.0, Avg: 0.0, Max: 0.1, Diff: 0.1, Sum: 0.3]
      [GC Worker Total (ms): Min: 0.1, Avg: 1.5, Max: 3.6, Diff: 3.5, Sum: 12.3]
      [GC Worker End (ms): Min: 337966.5, Avg: 337966.6, Max: 337966.8, Diff: 0.2]
   [Code Root Fixup: 0.0 ms]
   [Code Root Purge: 0.0 ms]
   [Clear CT: 0.9 ms]
   [Other: 6.0 ms]
      [Choose CSet: 0.0 ms]
      [Ref Proc: 0.8 ms]
      [Ref Enq: 0.0 ms]
      [Redirty Cards: 2.4 ms]
      [Humongous Register: 0.3 ms]
      [Humongous Reclaim: 0.3 ms]
      [Free CSet: 1.9 ms]
   [Eden: 1460.0M(1460.0M)->0.0B(1460.0M) Survivors: 5120.0K->5120.0K Heap: 5975.6M(6656.0M)->4515.6M(6656.0M)]
 [Times: user=0.01 sys=0.02, real=0.01 secs]
         vmop                    [threads: total initially_running wait_to_block]    [time: spin block sync cleanup vmop] page_trap_count
337.962: G1IncCollectionPause             [      33          0              0    ]      [     0     0     0     0    11    ]  0
2017-11-22T09:58:56.079+0800: 337.974: Total time for which application threads were stopped: 0.0115895 seconds, Stopping threads took: 0.0000797 seconds
         vmop                    [threads: total initially_running wait_to_block]    [time: spin block sync cleanup vmop] page_trap_count
338.798: RevokeBias                       [      33          0              0    ]      [     0     0     0     0     0    ]  0
2017-11-22T09:58:56.904+0800: 338.799: Total time for which application threads were stopped: 0.0002301 seconds, Stopping threads took: 0.0000595 seconds
2017-11-22T09:58:57.994+0800: 339.888: [GC concurrent-mark-end, 7.9599445 secs]
2017-11-22T09:58:57.994+0800: 339.889: [GC remark 2017-11-22T09:58:57.994+0800: 339.889: [Finalize Marking, 0.0007323 secs] 2017-11-22T09:58:57.995+0800: 339.889: [GC ref-proc, 0.0002563 secs] 2017-11-22T09:58:57.995+0800: 339.890: [Unloading, 0.0109293 secs], 0.0423489 secs]
 [Times: user=0.15 sys=0.00, real=0.05 secs]
         vmop                    [threads: total initially_running wait_to_block]    [time: spin block sync cleanup vmop] page_trap_count
339.889: CGC_Operation                    [      33          0              0    ]      [     0     0     0     0    42    ]  0
2017-11-22T09:58:58.037+0800: 339.931: Total time for which application threads were stopped: 0.0426184 seconds, Stopping threads took: 0.0000307 seconds
2017-11-22T09:58:58.037+0800: 339.932: [GC cleanup 5404M->5404M(6656M), 0.0360393 secs]
 [Times: user=0.13 sys=0.00, real=0.03 secs]
         vmop                    [threads: total initially_running wait_to_block]    [time: spin block sync cleanup vmop] page_trap_count
339.931: CGC_Operation                    [      33          0              0    ]      [     0     0     0     0    36    ]  0
2017-11-22T09:58:58.073+0800: 339.968: Total time for which application threads were stopped: 0.0363043 seconds, Stopping threads took: 0.0000400 seconds
2017-11-22T09:58:59.382+0800: 341.276: [GC pause (G1 Evacuation Pause) (young) 341.276: [G1Ergonomics (CSet Construction) start choosing CSet, _pending_cards: 776, predicted base time: 9.68 ms, remaining time: 190.32 ms, target pause time: 200.00 ms]
 341.276: [G1Ergonomics (CSet Construction) add young regions to CSet, eden: 1460 regions, survivors: 5 regions, predicted young region time: 3.30 ms]
 341.276: [G1Ergonomics (CSet Construction) finish choosing CSet, eden: 1460 regions, survivors: 5 regions, old: 0 regions, predicted pause time: 12.98 ms, target pause time: 200.00 ms]
 341.284: [G1Ergonomics (Concurrent Cycles) do not request concurrent cycle initiation, reason: still doing mixed collections, occupancy: 4737466368 bytes, allocation request: 0 bytes, threshold: 3140694810 bytes (45.00 %), source: end of GC]
 341.284: [G1Ergonomics (Mixed GCs) do not start mixed GCs, reason: reclaimable percentage not over threshold, candidate old regions: 286 regions, reclaimable: 151563816 bytes (2.17 %), threshold: 5.00 %]
, 0.0077780 secs]
   [Parallel Time: 2.4 ms, GC Workers: 8]
      [GC Worker Start (ms): Min: 341276.8, Avg: 341277.6, Max: 341278.7, Diff: 2.0]
      [Ext Root Scanning (ms): Min: 0.0, Avg: 0.3, Max: 1.0, Diff: 1.0, Sum: 2.5]
      [Update RS (ms): Min: 0.0, Avg: 0.1, Max: 0.2, Diff: 0.2, Sum: 0.5]
         [Processed Buffers: Min: 0, Avg: 1.2, Max: 4, Diff: 4, Sum: 10]
      [Scan RS (ms): Min: 0.1, Avg: 0.4, Max: 0.5, Diff: 0.4, Sum: 2.9]
      [Code Root Scanning (ms): Min: 0.0, Avg: 0.0, Max: 0.1, Diff: 0.1, Sum: 0.2]
      [Object Copy (ms): Min: 0.0, Avg: 0.3, Max: 0.5, Diff: 0.5, Sum: 2.3]
      [Termination (ms): Min: 0.0, Avg: 0.2, Max: 0.3, Diff: 0.3, Sum: 1.7]
         [Termination Attempts: Min: 1, Avg: 1.0, Max: 1, Diff: 0, Sum: 8]
      [GC Worker Other (ms): Min: 0.0, Avg: 0.1, Max: 0.1, Diff: 0.1, Sum: 0.4]
      [GC Worker Total (ms): Min: 0.2, Avg: 1.3, Max: 2.2, Diff: 2.0, Sum: 10.5]
      [GC Worker End (ms): Min: 341278.9, Avg: 341278.9, Max: 341279.0, Diff: 0.1]
   [Code Root Fixup: 0.0 ms]
   [Code Root Purge: 0.0 ms]
   [Clear CT: 0.7 ms]
   [Other: 4.6 ms]
      [Choose CSet: 0.0 ms]
      [Ref Proc: 0.5 ms]
      [Ref Enq: 0.0 ms]
      [Redirty Cards: 0.4 ms]
      [Humongous Register: 0.3 ms]
      [Humongous Reclaim: 0.4 ms]
      [Free CSet: 2.6 ms]
   [Eden: 1460.0M(1460.0M)->0.0B(1460.0M) Survivors: 5120.0K->5120.0K Heap: 5975.6M(6656.0M)->4515.8M(6656.0M)]
 [Times: user=0.02 sys=0.00, real=0.01 secs]
         vmop                    [threads: total initially_running wait_to_block]    [time: spin block sync cleanup vmop] page_trap_count
341.276: G1IncCollectionPause             [      33          0              0    ]      [     0     0     0     0     8    ]  0
2017-11-22T09:58:59.390+0800: 341.284: Total time for which application threads were stopped: 0.0082573 seconds, Stopping threads took: 0.0000625 seconds
2017-11-22T09:59:03.501+0800: 345.395: [GC pause (G1 Evacuation Pause) (young) 345.395: [G1Ergonomics (CSet Construction) start choosing CSet, _pending_cards: 1548, predicted base time: 8.50 ms, remaining time: 191.50 ms, target pause time: 200.00 ms]
 345.395: [G1Ergonomics (CSet Construction) add young regions to CSet, eden: 1460 regions, survivors: 5 regions, predicted young region time: 3.30 ms]
 345.395: [G1Ergonomics (CSet Construction) finish choosing CSet, eden: 1460 regions, survivors: 5 regions, old: 0 regions, predicted pause time: 11.80 ms, target pause time: 200.00 ms]
 345.403: [G1Ergonomics (Concurrent Cycles) request concurrent cycle initiation, reason: occupancy higher than threshold, occupancy: 4737466368 bytes, allocation request: 0 bytes, threshold: 3140694810 bytes (45.00 %), source: end of GC]
, 0.0082440 secs]
   [Parallel Time: 2.3 ms, GC Workers: 8]
      [GC Worker Start (ms): Min: 345395.6, Avg: 345396.0, Max: 345397.4, Diff: 1.8]
      [Ext Root Scanning (ms): Min: 0.0, Avg: 0.4, Max: 0.9, Diff: 0.9, Sum: 3.2]
      [Update RS (ms): Min: 0.0, Avg: 0.1, Max: 0.2, Diff: 0.2, Sum: 0.5]
         [Processed Buffers: Min: 0, Avg: 1.9, Max: 6, Diff: 6, Sum: 15]
      [Scan RS (ms): Min: 0.1, Avg: 0.3, Max: 0.4, Diff: 0.3, Sum: 2.3]
      [Code Root Scanning (ms): Min: 0.0, Avg: 0.0, Max: 0.1, Diff: 0.1, Sum: 0.2]
      [Object Copy (ms): Min: 0.0, Avg: 0.3, Max: 0.6, Diff: 0.6, Sum: 2.6]
      [Termination (ms): Min: 0.0, Avg: 0.4, Max: 0.7, Diff: 0.7, Sum: 3.3]
         [Termination Attempts: Min: 1, Avg: 1.0, Max: 1, Diff: 0, Sum: 8]
      [GC Worker Other (ms): Min: 0.0, Avg: 0.0, Max: 0.0, Diff: 0.0, Sum: 0.2]
      [GC Worker Total (ms): Min: 0.1, Avg: 1.5, Max: 2.1, Diff: 1.9, Sum: 12.3]
      [GC Worker End (ms): Min: 345397.5, Avg: 345397.6, Max: 345397.7, Diff: 0.2]
   [Code Root Fixup: 0.0 ms]
   [Code Root Purge: 0.0 ms]
   [Clear CT: 0.5 ms]
   [Other: 5.4 ms]
      [Choose CSet: 0.0 ms]
      [Ref Proc: 1.8 ms]
      [Ref Enq: 0.0 ms]
      [Redirty Cards: 0.3 ms]
      [Humongous Register: 0.4 ms]
      [Humongous Reclaim: 0.4 ms]
      [Free CSet: 2.2 ms]
   [Eden: 1460.0M(1460.0M)->0.0B(1458.0M) Survivors: 5120.0K->6144.0K Heap: 5975.8M(6656.0M)->4516.0M(6656.0M)]
 [Times: user=0.02 sys=0.00, real=0.01 secs]
         vmop                    [threads: total initially_running wait_to_block]    [time: spin block sync cleanup vmop] page_trap_count
345.395: G1IncCollectionPause             [      33          0              0    ]      [     0     0     0     0     8    ]  0
2017-11-22T09:59:03.509+0800: 345.403: Total time for which application threads were stopped: 0.0085834 seconds, Stopping threads took: 0.0000508 seconds
 350.384: [G1Ergonomics (Concurrent Cycles) initiate concurrent cycle, reason: concurrent cycle initiation requested]
2017-11-22T09:59:08.490+0800: 350.385: [GC pause (G1 Evacuation Pause) (young) (initial-mark) 350.386: [G1Ergonomics (CSet Construction) start choosing CSet, _pending_cards: 1301, predicted base time: 7.66 ms, remaining time: 192.34 ms, target pause time: 200.00 ms]
 350.386: [G1Ergonomics (CSet Construction) add young regions to CSet, eden: 1458 regions, survivors: 6 regions, predicted young region time: 2.98 ms]
 350.386: [G1Ergonomics (CSet Construction) finish choosing CSet, eden: 1458 regions, survivors: 6 regions, old: 0 regions, predicted pause time: 10.64 ms, target pause time: 200.00 ms]
, 0.0159177 secs]
   [Parallel Time: 4.2 ms, GC Workers: 8]
      [GC Worker Start (ms): Min: 350385.8, Avg: 350386.7, Max: 350387.2, Diff: 1.4]
      [Ext Root Scanning (ms): Min: 0.0, Avg: 1.7, Max: 3.0, Diff: 2.9, Sum: 13.4]
      [Update RS (ms): Min: 0.0, Avg: 0.1, Max: 0.2, Diff: 0.2, Sum: 0.4]
         [Processed Buffers: Min: 0, Avg: 1.6, Max: 9, Diff: 9, Sum: 13]
      [Scan RS (ms): Min: 0.1, Avg: 0.3, Max: 0.6, Diff: 0.5, Sum: 2.2]
      [Code Root Scanning (ms): Min: 0.0, Avg: 0.0, Max: 0.1, Diff: 0.1, Sum: 0.2]
      [Object Copy (ms): Min: 0.0, Avg: 0.3, Max: 1.0, Diff: 1.0, Sum: 2.5]
      [Termination (ms): Min: 0.0, Avg: 0.6, Max: 0.8, Diff: 0.8, Sum: 4.5]
         [Termination Attempts: Min: 1, Avg: 1.0, Max: 1, Diff: 0, Sum: 8]
      [GC Worker Other (ms): Min: 0.0, Avg: 0.1, Max: 0.2, Diff: 0.2, Sum: 0.5]
      [GC Worker Total (ms): Min: 2.3, Avg: 2.9, Max: 3.8, Diff: 1.5, Sum: 23.6]
      [GC Worker End (ms): Min: 350389.5, Avg: 350389.6, Max: 350389.8, Diff: 0.3]
   [Code Root Fixup: 0.0 ms]
   [Code Root Purge: 0.0 ms]
   [Clear CT: 0.8 ms]
   [Other: 10.8 ms]
      [Choose CSet: 0.0 ms]
      [Ref Proc: 6.4 ms]
      [Ref Enq: 0.0 ms]
      [Redirty Cards: 0.2 ms]
      [Humongous Register: 0.1 ms]
      [Humongous Reclaim: 0.2 ms]
      [Free CSet: 1.9 ms]
   [Eden: 1458.0M(1458.0M)->0.0B(1459.0M) Survivors: 6144.0K->5120.0K Heap: 5974.0M(6656.0M)->4515.8M(6656.0M)]
 [Times: user=0.03 sys=0.00, real=0.02 secs]
         vmop                    [threads: total initially_running wait_to_block]    [time: spin block sync cleanup vmop] page_trap_count
350.384: G1IncCollectionPause             [      33          0              0    ]      [     0     0     0     0    16    ]  0
2017-11-22T09:59:08.506+0800: 350.401: [GC concurrent-root-region-scan-start]
2017-11-22T09:59:08.506+0800: 350.401: Total time for which application threads were stopped: 0.0163380 seconds, Stopping threads took: 0.0000485 seconds
2017-11-22T09:59:08.507+0800: 350.402: [GC concurrent-root-region-scan-end, 0.0010059 secs]
2017-11-22T09:59:08.507+0800: 350.402: [GC concurrent-mark-start]
         vmop                    [threads: total initially_running wait_to_block]    [time: spin block sync cleanup vmop] page_trap_count
352.458: RevokeBias                       [      33          0              0    ]      [     0     0     0     0     0    ]  0
2017-11-22T09:59:10.564+0800: 352.458: Total time for which application threads were stopped: 0.0002530 seconds, Stopping threads took: 0.0000591 seconds
2017-11-22T09:59:11.208+0800: 353.103: [GC pause (G1 Evacuation Pause) (young) 353.103: [G1Ergonomics (CSet Construction) start choosing CSet, _pending_cards: 776, predicted base time: 9.92 ms, remaining time: 190.08 ms, target pause time: 200.00 ms]
 353.103: [G1Ergonomics (CSet Construction) add young regions to CSet, eden: 1459 regions, survivors: 5 regions, predicted young region time: 3.08 ms]
 353.103: [G1Ergonomics (CSet Construction) finish choosing CSet, eden: 1459 regions, survivors: 5 regions, old: 0 regions, predicted pause time: 13.00 ms, target pause time: 200.00 ms]
, 0.0098716 secs]
   [Parallel Time: 4.5 ms, GC Workers: 8]
      [GC Worker Start (ms): Min: 353103.1, Avg: 353106.0, Max: 353107.2, Diff: 4.1]
      [Ext Root Scanning (ms): Min: 0.0, Avg: 0.3, Max: 2.2, Diff: 2.2, Sum: 2.3]
      [Update RS (ms): Min: 0.0, Avg: 0.0, Max: 0.1, Diff: 0.1, Sum: 0.4]
         [Processed Buffers: Min: 0, Avg: 1.1, Max: 3, Diff: 3, Sum: 9]
      [Scan RS (ms): Min: 0.1, Avg: 0.3, Max: 0.5, Diff: 0.4, Sum: 2.1]
      [Code Root Scanning (ms): Min: 0.0, Avg: 0.0, Max: 0.1, Diff: 0.1, Sum: 0.2]
      [Object Copy (ms): Min: 0.0, Avg: 0.0, Max: 0.2, Diff: 0.2, Sum: 0.3]
      [Termination (ms): Min: 0.0, Avg: 0.7, Max: 1.2, Diff: 1.2, Sum: 6.0]
         [Termination Attempts: Min: 1, Avg: 1.0, Max: 1, Diff: 0, Sum: 8]
      [GC Worker Other (ms): Min: 0.0, Avg: 0.0, Max: 0.0, Diff: 0.0, Sum: 0.1]
      [GC Worker Total (ms): Min: 0.1, Avg: 1.4, Max: 4.3, Diff: 4.1, Sum: 11.3]
      [GC Worker End (ms): Min: 353107.4, Avg: 353107.4, Max: 353107.4, Diff: 0.1]
   [Code Root Fixup: 0.0 ms]
   [Code Root Purge: 0.0 ms]
   [Clear CT: 0.7 ms]
   [Other: 4.7 ms]
      [Choose CSet: 0.0 ms]
      [Ref Proc: 1.6 ms]
      [Ref Enq: 0.0 ms]
      [Redirty Cards: 0.2 ms]
      [Humongous Register: 0.5 ms]
      [Humongous Reclaim: 0.3 ms]
      [Free CSet: 1.8 ms]
   [Eden: 1459.0M(1459.0M)->0.0B(1465.0M) Survivors: 5120.0K->1024.0K Heap: 5974.8M(6656.0M)->4511.0M(6656.0M)]
 [Times: user=0.01 sys=0.00, real=0.01 secs]
         vmop                    [threads: total initially_running wait_to_block]    [time: spin block sync cleanup vmop] page_trap_count
353.102: G1IncCollectionPause             [      33          0              0    ]      [     0     0     0     0    10    ]  0
2017-11-22T09:59:11.218+0800: 353.113: Total time for which application threads were stopped: 0.0102514 seconds, Stopping threads took: 0.0000507 seconds
         vmop                    [threads: total initially_running wait_to_block]    [time: spin block sync cleanup vmop] page_trap_count
353.518: RevokeBias                       [      33          1              1    ]      [     0     0     0     0     0    ]  1
2017-11-22T09:59:11.624+0800: 353.518: Total time for which application threads were stopped: 0.0002510 seconds, Stopping threads took: 0.0000985 seconds
         vmop                    [threads: total initially_running wait_to_block]    [time: spin block sync cleanup vmop] page_trap_count
353.518: RevokeBias                       [      33          1              1    ]      [     0     0     0     0     0    ]  1
2017-11-22T09:59:11.624+0800: 353.518: Total time for which application threads were stopped: 0.0001778 seconds, Stopping threads took: 0.0000520 seconds
         vmop                    [threads: total initially_running wait_to_block]    [time: spin block sync cleanup vmop] page_trap_count
353.518: RevokeBias                       [      33          1              1    ]      [     0     0     3     0     0    ]  1
2017-11-22T09:59:11.627+0800: 353.522: Total time for which application threads were stopped: 0.0002090 seconds, Stopping threads took: 0.0000631 seconds
2017-11-22T09:59:12.375+0800: 354.269: [GC pause (G1 Evacuation Pause) (young) 354.269: [G1Ergonomics (CSet Construction) start choosing CSet, _pending_cards: 776, predicted base time: 9.27 ms, remaining time: 190.73 ms, target pause time: 200.00 ms]
 354.269: [G1Ergonomics (CSet Construction) add young regions to CSet, eden: 1465 regions, survivors: 1 regions, predicted young region time: 3.29 ms]
 354.269: [G1Ergonomics (CSet Construction) finish choosing CSet, eden: 1465 regions, survivors: 1 regions, old: 0 regions, predicted pause time: 12.56 ms, target pause time: 200.00 ms]
, 0.0108635 secs]
   [Parallel Time: 5.0 ms, GC Workers: 8]
      [GC Worker Start (ms): Min: 354269.6, Avg: 354272.8, Max: 354274.1, Diff: 4.6]
      [Ext Root Scanning (ms): Min: 0.0, Avg: 0.3, Max: 2.5, Diff: 2.4, Sum: 2.5]
      [Update RS (ms): Min: 0.0, Avg: 0.0, Max: 0.2, Diff: 0.2, Sum: 0.3]
         [Processed Buffers: Min: 0, Avg: 1.1, Max: 5, Diff: 5, Sum: 9]
      [Scan RS (ms): Min: 0.1, Avg: 0.3, Max: 0.6, Diff: 0.5, Sum: 2.2]
      [Code Root Scanning (ms): Min: 0.0, Avg: 0.0, Max: 0.1, Diff: 0.1, Sum: 0.2]
      [Object Copy (ms): Min: 0.0, Avg: 0.0, Max: 0.2, Diff: 0.2, Sum: 0.3]
      [Termination (ms): Min: 0.0, Avg: 0.7, Max: 1.2, Diff: 1.2, Sum: 5.8]
         [Termination Attempts: Min: 1, Avg: 1.0, Max: 1, Diff: 0, Sum: 8]
      [GC Worker Other (ms): Min: 0.0, Avg: 0.0, Max: 0.1, Diff: 0.1, Sum: 0.3]
      [GC Worker Total (ms): Min: 0.1, Avg: 1.5, Max: 4.8, Diff: 4.6, Sum: 11.7]
      [GC Worker End (ms): Min: 354274.3, Avg: 354274.3, Max: 354274.3, Diff: 0.1]
   [Code Root Fixup: 0.0 ms]
   [Code Root Purge: 0.0 ms]
   [Clear CT: 0.7 ms]
   [Other: 5.2 ms]
      [Choose CSet: 0.0 ms]
      [Ref Proc: 1.9 ms]
      [Ref Enq: 0.0 ms]
      [Redirty Cards: 0.2 ms]
      [Humongous Register: 0.5 ms]
      [Humongous Reclaim: 0.3 ms]
      [Free CSet: 2.0 ms]
   [Eden: 1465.0M(1465.0M)->0.0B(1466.0M) Survivors: 1024.0K->1024.0K Heap: 5976.0M(6656.0M)->4510.9M(6656.0M)]
 [Times: user=0.02 sys=0.00, real=0.02 secs]
         vmop                    [threads: total initially_running wait_to_block]    [time: spin block sync cleanup vmop] page_trap_count
354.269: G1IncCollectionPause             [      33          0              0    ]      [     0     0     0     0    11    ]  0
2017-11-22T09:59:12.386+0800: 354.280: Total time for which application threads were stopped: 0.0113075 seconds, Stopping threads took: 0.0000660 seconds
2017-11-22T09:59:13.360+0800: 355.254: [GC pause (G1 Evacuation Pause) (young) 355.254: [G1Ergonomics (CSet Construction) start choosing CSet, _pending_cards: 520, predicted base time: 8.99 ms, remaining time: 191.01 ms, target pause time: 200.00 ms]
 355.254: [G1Ergonomics (CSet Construction) add young regions to CSet, eden: 1466 regions, survivors: 1 regions, predicted young region time: 4.39 ms]
 355.254: [G1Ergonomics (CSet Construction) finish choosing CSet, eden: 1466 regions, survivors: 1 regions, old: 0 regions, predicted pause time: 13.38 ms, target pause time: 200.00 ms]
, 0.0092079 secs]
   [Parallel Time: 2.8 ms, GC Workers: 8]
      [GC Worker Start (ms): Min: 355254.4, Avg: 355255.3, Max: 355256.6, Diff: 2.3]
      [Ext Root Scanning (ms): Min: 0.0, Avg: 0.4, Max: 1.4, Diff: 1.4, Sum: 3.0]
      [Update RS (ms): Min: 0.0, Avg: 0.0, Max: 0.2, Diff: 0.2, Sum: 0.3]
         [Processed Buffers: Min: 0, Avg: 1.0, Max: 5, Diff: 5, Sum: 8]
      [Scan RS (ms): Min: 0.1, Avg: 0.3, Max: 0.6, Diff: 0.5, Sum: 2.2]
      [Code Root Scanning (ms): Min: 0.0, Avg: 0.0, Max: 0.1, Diff: 0.1, Sum: 0.2]
      [Object Copy (ms): Min: 0.0, Avg: 0.0, Max: 0.1, Diff: 0.1, Sum: 0.3]
      [Termination (ms): Min: 0.0, Avg: 0.7, Max: 1.0, Diff: 1.0, Sum: 5.6]
         [Termination Attempts: Min: 1, Avg: 1.0, Max: 1, Diff: 0, Sum: 8]
      [GC Worker Other (ms): Min: 0.0, Avg: 0.0, Max: 0.0, Diff: 0.0, Sum: 0.2]
      [GC Worker Total (ms): Min: 0.1, Avg: 1.5, Max: 2.4, Diff: 2.3, Sum: 11.7]
      [GC Worker End (ms): Min: 355256.8, Avg: 355256.8, Max: 355256.8, Diff: 0.0]
   [Code Root Fixup: 0.0 ms]
   [Code Root Purge: 0.0 ms]
   [Clear CT: 0.7 ms]
   [Other: 5.7 ms]
      [Choose CSet: 0.0 ms]
      [Ref Proc: 2.8 ms]
      [Ref Enq: 0.0 ms]
      [Redirty Cards: 0.3 ms]
      [Humongous Register: 0.3 ms]
      [Humongous Reclaim: 0.2 ms]
      [Free CSet: 1.9 ms]
   [Eden: 1466.0M(1466.0M)->0.0B(1467.0M) Survivors: 1024.0K->1024.0K Heap: 5976.9M(6656.0M)->4511.1M(6656.0M)]
 [Times: user=0.02 sys=0.00, real=0.01 secs]
         vmop                    [threads: total initially_running wait_to_block]    [time: spin block sync cleanup vmop] page_trap_count
355.254: G1IncCollectionPause             [      33          0              0    ]      [     0     0     0     0     9    ]  0
2017-11-22T09:59:13.369+0800: 355.263: Total time for which application threads were stopped: 0.0095735 seconds, Stopping threads took: 0.0000543 seconds
         vmop                    [threads: total initially_running wait_to_block]    [time: spin block sync cleanup vmop] page_trap_count
355.940: RevokeBias                       [      33          1              1    ]      [     0     0     0     0     0    ]  1
2017-11-22T09:59:14.047+0800: 355.941: Total time for which application threads were stopped: 0.0002874 seconds, Stopping threads took: 0.0000793 seconds
2017-11-22T09:59:16.807+0800: 358.701: [GC pause (G1 Evacuation Pause) (young) 358.701: [G1Ergonomics (CSet Construction) start choosing CSet, _pending_cards: 1052, predicted base time: 8.39 ms, remaining time: 191.61 ms, target pause time: 200.00 ms]
 358.701: [G1Ergonomics (CSet Construction) add young regions to CSet, eden: 1467 regions, survivors: 1 regions, predicted young region time: 3.15 ms]
 358.701: [G1Ergonomics (CSet Construction) finish choosing CSet, eden: 1467 regions, survivors: 1 regions, old: 0 regions, predicted pause time: 11.55 ms, target pause time: 200.00 ms]
, 0.0144563 secs]
   [Parallel Time: 2.7 ms, GC Workers: 8]
      [GC Worker Start (ms): Min: 358701.5, Avg: 358702.7, Max: 358703.8, Diff: 2.3]
      [Ext Root Scanning (ms): Min: 0.0, Avg: 0.4, Max: 1.0, Diff: 1.0, Sum: 2.9]
      [Update RS (ms): Min: 0.0, Avg: 0.0, Max: 0.2, Diff: 0.2, Sum: 0.4]
         [Processed Buffers: Min: 0, Avg: 1.6, Max: 5, Diff: 5, Sum: 13]
      [Scan RS (ms): Min: 0.1, Avg: 0.3, Max: 0.6, Diff: 0.5, Sum: 2.7]
      [Code Root Scanning (ms): Min: 0.0, Avg: 0.0, Max: 0.1, Diff: 0.1, Sum: 0.2]
      [Object Copy (ms): Min: 0.0, Avg: 0.3, Max: 0.5, Diff: 0.5, Sum: 2.2]
      [Termination (ms): Min: 0.0, Avg: 0.2, Max: 0.4, Diff: 0.4, Sum: 2.0]
         [Termination Attempts: Min: 1, Avg: 1.1, Max: 2, Diff: 1, Sum: 9]
      [GC Worker Other (ms): Min: 0.0, Avg: 0.0, Max: 0.1, Diff: 0.1, Sum: 0.3]
      [GC Worker Total (ms): Min: 0.1, Avg: 1.3, Max: 2.6, Diff: 2.4, Sum: 10.6]
      [GC Worker End (ms): Min: 358704.0, Avg: 358704.0, Max: 358704.0, Diff: 0.1]
   [Code Root Fixup: 0.0 ms]
   [Code Root Purge: 0.0 ms]
   [Clear CT: 0.6 ms]
   [Other: 11.1 ms]
      [Choose CSet: 0.0 ms]
      [Ref Proc: 7.2 ms]
      [Ref Enq: 0.0 ms]
      [Redirty Cards: 0.2 ms]
      [Humongous Register: 0.5 ms]
      [Humongous Reclaim: 0.4 ms]
      [Free CSet: 2.4 ms]
   [Eden: 1467.0M(1467.0M)->0.0B(1460.0M) Survivors: 1024.0K->6144.0K Heap: 5978.1M(6656.0M)->4515.9M(6656.0M)]
 [Times: user=0.04 sys=0.00, real=0.01 secs]
         vmop                    [threads: total initially_running wait_to_block]    [time: spin block sync cleanup vmop] page_trap_count
358.701: G1IncCollectionPause             [      33          0              0    ]      [     0     0     0     0    14    ]  0
2017-11-22T09:59:16.821+0800: 358.716: Total time for which application threads were stopped: 0.0149497 seconds, Stopping threads took: 0.0000488 seconds
2017-11-22T09:59:18.250+0800: 360.144: [GC concurrent-mark-end, 9.7424713 secs]
2017-11-22T09:59:18.250+0800: 360.144: [GC remark 2017-11-22T09:59:18.250+0800: 360.144: [Finalize Marking, 0.0007631 secs] 2017-11-22T09:59:18.251+0800: 360.145: [GC ref-proc, 0.0003686 secs] 2017-11-22T09:59:18.251+0800: 360.146: [Unloading, 0.0195101 secs], 0.0803042 secs]
 [Times: user=0.16 sys=0.00, real=0.08 secs]
         vmop                    [threads: total initially_running wait_to_block]    [time: spin block sync cleanup vmop] page_trap_count
360.144: CGC_Operation                    [      33          0              0    ]      [     0     0     0     0    80    ]  0
2017-11-22T09:59:18.331+0800: 360.225: Total time for which application threads were stopped: 0.0806199 seconds, Stopping threads took: 0.0000341 seconds
2017-11-22T09:59:18.331+0800: 360.225: [GC cleanup 4859M->4859M(6656M), 0.0626101 secs]
 [Times: user=0.12 sys=0.00, real=0.06 secs]
         vmop                    [threads: total initially_running wait_to_block]    [time: spin block sync cleanup vmop] page_trap_count
360.225: CGC_Operation                    [      33          1              1    ]      [     0     0     0     0    62    ]  1
2017-11-22T09:59:18.393+0800: 360.288: Total time for which application threads were stopped: 0.0628426 seconds, Stopping threads took: 0.0000599 seconds
2017-11-22T09:59:21.628+0800: 363.522: [GC pause (G1 Evacuation Pause) (young) 363.522: [G1Ergonomics (CSet Construction) start choosing CSet, _pending_cards: 1039, predicted base time: 9.59 ms, remaining time: 190.41 ms, target pause time: 200.00 ms]
 363.522: [G1Ergonomics (CSet Construction) add young regions to CSet, eden: 1460 regions, survivors: 6 regions, predicted young region time: 2.69 ms]
 363.522: [G1Ergonomics (CSet Construction) finish choosing CSet, eden: 1460 regions, survivors: 6 regions, old: 0 regions, predicted pause time: 12.28 ms, target pause time: 200.00 ms]
 363.537: [G1Ergonomics (Concurrent Cycles) do not request concurrent cycle initiation, reason: still doing mixed collections, occupancy: 4737466368 bytes, allocation request: 0 bytes, threshold: 3140694810 bytes (45.00 %), source: end of GC]
 363.537: [G1Ergonomics (Mixed GCs) do not start mixed GCs, reason: reclaimable percentage not over threshold, candidate old regions: 286 regions, reclaimable: 151563816 bytes (2.17 %), threshold: 5.00 %]
, 0.0146478 secs]
   [Parallel Time: 4.1 ms, GC Workers: 8]
      [GC Worker Start (ms): Min: 363522.8, Avg: 363525.4, Max: 363526.5, Diff: 3.7]
      [Ext Root Scanning (ms): Min: 0.0, Avg: 0.3, Max: 1.2, Diff: 1.2, Sum: 2.4]
      [Update RS (ms): Min: 0.0, Avg: 0.0, Max: 0.2, Diff: 0.2, Sum: 0.3]
         [Processed Buffers: Min: 0, Avg: 1.5, Max: 11, Diff: 11, Sum: 12]
      [Scan RS (ms): Min: 0.1, Avg: 0.3, Max: 0.7, Diff: 0.6, Sum: 2.2]
      [Code Root Scanning (ms): Min: 0.0, Avg: 0.0, Max: 0.1, Diff: 0.1, Sum: 0.2]
      [Object Copy (ms): Min: 0.0, Avg: 0.2, Max: 1.0, Diff: 1.0, Sum: 2.0]
      [Termination (ms): Min: 0.0, Avg: 0.4, Max: 0.8, Diff: 0.8, Sum: 3.0]
         [Termination Attempts: Min: 1, Avg: 1.0, Max: 1, Diff: 0, Sum: 8]
      [GC Worker Other (ms): Min: 0.0, Avg: 0.0, Max: 0.1, Diff: 0.0, Sum: 0.2]
      [GC Worker Total (ms): Min: 0.1, Avg: 1.3, Max: 3.9, Diff: 3.8, Sum: 10.3]
      [GC Worker End (ms): Min: 363526.7, Avg: 363526.7, Max: 363526.7, Diff: 0.1]
   [Code Root Fixup: 0.1 ms]
   [Code Root Purge: 0.0 ms]
   [Clear CT: 0.7 ms]
   [Other: 9.8 ms]
      [Choose CSet: 0.0 ms]
      [Ref Proc: 6.4 ms]
      [Ref Enq: 0.0 ms]
      [Redirty Cards: 0.4 ms]
      [Humongous Register: 0.4 ms]
      [Humongous Reclaim: 0.2 ms]
      [Free CSet: 2.1 ms]
   [Eden: 1460.0M(1460.0M)->0.0B(1460.0M) Survivors: 6144.0K->6144.0K Heap: 5975.9M(6656.0M)->4516.0M(6656.0M)]
 [Times: user=0.03 sys=0.00, real=0.01 secs]
         vmop                    [threads: total initially_running wait_to_block]    [time: spin block sync cleanup vmop] page_trap_count
363.522: G1IncCollectionPause             [      33          0              0    ]      [     0     0     0     0    14    ]  0
2017-11-22T09:59:21.643+0800: 363.537: Total time for which application threads were stopped: 0.0150653 seconds, Stopping threads took: 0.0000512 seconds
         vmop                    [threads: total initially_running wait_to_block]    [time: spin block sync cleanup vmop] page_trap_count
367.538: no vm operation                  [      32          0              0    ]      [     0     0     0     0     0    ]  0
2017-11-22T09:59:25.644+0800: 367.538: Total time for which application threads were stopped: 0.0005247 seconds, Stopping threads took: 0.0000669 seconds
2017-11-22T09:59:27.455+0800: 369.349: [GC pause (G1 Evacuation Pause) (young) 369.349: [G1Ergonomics (CSet Construction) start choosing CSet, _pending_cards: 535, predicted base time: 10.45 ms, remaining time: 189.55 ms, target pause time: 200.00 ms]
 369.349: [G1Ergonomics (CSet Construction) add young regions to CSet, eden: 1460 regions, survivors: 6 regions, predicted young region time: 2.60 ms]
 369.349: [G1Ergonomics (CSet Construction) finish choosing CSet, eden: 1460 regions, survivors: 6 regions, old: 0 regions, predicted pause time: 13.05 ms, target pause time: 200.00 ms]
 369.356: [G1Ergonomics (Concurrent Cycles) request concurrent cycle initiation, reason: occupancy higher than threshold, occupancy: 4737466368 bytes, allocation request: 0 bytes, threshold: 3140694810 bytes (45.00 %), source: end of GC]
, 0.0070557 secs]
   [Parallel Time: 3.1 ms, GC Workers: 8]
      [GC Worker Start (ms): Min: 369349.3, Avg: 369350.0, Max: 369351.4, Diff: 2.1]
      [Ext Root Scanning (ms): Min: 0.0, Avg: 0.4, Max: 0.9, Diff: 0.9, Sum: 3.2]
      [Update RS (ms): Min: 0.0, Avg: 0.0, Max: 0.2, Diff: 0.2, Sum: 0.4]
         [Processed Buffers: Min: 0, Avg: 1.2, Max: 7, Diff: 7, Sum: 10]
      [Scan RS (ms): Min: 0.1, Avg: 0.3, Max: 0.5, Diff: 0.4, Sum: 2.4]
      [Code Root Scanning (ms): Min: 0.0, Avg: 0.0, Max: 0.1, Diff: 0.1, Sum: 0.2]
      [Object Copy (ms): Min: 0.0, Avg: 0.3, Max: 0.5, Diff: 0.5, Sum: 2.5]
      [Termination (ms): Min: 0.0, Avg: 0.5, Max: 1.1, Diff: 1.1, Sum: 3.7]
         [Termination Attempts: Min: 1, Avg: 1.0, Max: 1, Diff: 0, Sum: 8]
      [GC Worker Other (ms): Min: 0.0, Avg: 0.0, Max: 0.1, Diff: 0.1, Sum: 0.3]
      [GC Worker Total (ms): Min: 0.1, Avg: 1.6, Max: 2.8, Diff: 2.7, Sum: 12.7]
      [GC Worker End (ms): Min: 369351.5, Avg: 369351.6, Max: 369352.2, Diff: 0.6]
   [Code Root Fixup: 0.1 ms]
   [Code Root Purge: 0.0 ms]
   [Clear CT: 0.5 ms]
   [Other: 3.4 ms]
      [Choose CSet: 0.0 ms]
      [Ref Proc: 0.4 ms]
      [Ref Enq: 0.0 ms]
      [Redirty Cards: 0.3 ms]
      [Humongous Register: 0.3 ms]
      [Humongous Reclaim: 0.2 ms]
      [Free CSet: 1.8 ms]
   [Eden: 1460.0M(1460.0M)->0.0B(1461.0M) Survivors: 6144.0K->5120.0K Heap: 5976.0M(6656.0M)->4515.8M(6656.0M)]
 [Times: user=0.01 sys=0.00, real=0.01 secs]
         vmop                    [threads: total initially_running wait_to_block]    [time: spin block sync cleanup vmop] page_trap_count
369.349: G1IncCollectionPause             [      32          0              0    ]      [     0     0     0     0     7    ]  0
2017-11-22T09:59:27.462+0800: 369.356: Total time for which application threads were stopped: 0.0074378 seconds, Stopping threads took: 0.0000492 seconds
         vmop                    [threads: total initially_running wait_to_block]    [time: spin block sync cleanup vmop] page_trap_count
373.517: RevokeBias                       [      33          0              0    ]      [     0     0     0     0     0    ]  0
2017-11-22T09:59:31.623+0800: 373.518: Total time for which application threads were stopped: 0.0003086 seconds, Stopping threads took: 0.0000674 seconds
         vmop                    [threads: total initially_running wait_to_block]    [time: spin block sync cleanup vmop] page_trap_count
373.518: RevokeBias                       [      33          0              0    ]      [     0     0     0     0     0    ]  0
2017-11-22T09:59:31.623+0800: 373.518: Total time for which application threads were stopped: 0.0001384 seconds, Stopping threads took: 0.0000278 seconds
         vmop                    [threads: total initially_running wait_to_block]    [time: spin block sync cleanup vmop] page_trap_count
373.697: RevokeBias                       [      33          0              1    ]      [     0     0     0     0     0    ]  0
2017-11-22T09:59:31.803+0800: 373.697: Total time for which application threads were stopped: 0.0002739 seconds, Stopping threads took: 0.0000976 seconds
 375.528: [G1Ergonomics (Concurrent Cycles) initiate concurrent cycle, reason: concurrent cycle initiation requested]
2017-11-22T09:59:33.634+0800: 375.528: [GC pause (G1 Evacuation Pause) (young) (initial-mark) 375.529: [G1Ergonomics (CSet Construction) start choosing CSet, _pending_cards: 1561, predicted base time: 9.21 ms, remaining time: 190.79 ms, target pause time: 200.00 ms]
 375.529: [G1Ergonomics (CSet Construction) add young regions to CSet, eden: 1461 regions, survivors: 5 regions, predicted young region time: 2.66 ms]
 375.529: [G1Ergonomics (CSet Construction) finish choosing CSet, eden: 1461 regions, survivors: 5 regions, old: 0 regions, predicted pause time: 11.87 ms, target pause time: 200.00 ms]
, 0.0121931 secs]
   [Parallel Time: 6.8 ms, GC Workers: 8]
      [GC Worker Start (ms): Min: 375529.3, Avg: 375529.9, Max: 375531.0, Diff: 1.7]
      [Ext Root Scanning (ms): Min: 1.1, Avg: 3.4, Max: 6.3, Diff: 5.2, Sum: 27.1]
      [Update RS (ms): Min: 0.0, Avg: 0.0, Max: 0.2, Diff: 0.2, Sum: 0.3]
         [Processed Buffers: Min: 0, Avg: 1.9, Max: 12, Diff: 12, Sum: 15]
      [Scan RS (ms): Min: 0.1, Avg: 0.3, Max: 0.7, Diff: 0.6, Sum: 2.1]
      [Code Root Scanning (ms): Min: 0.0, Avg: 0.0, Max: 0.1, Diff: 0.1, Sum: 0.1]
      [Object Copy (ms): Min: 0.0, Avg: 0.3, Max: 0.9, Diff: 0.9, Sum: 2.2]
      [Termination (ms): Min: 0.0, Avg: 1.9, Max: 2.7, Diff: 2.7, Sum: 14.9]
         [Termination Attempts: Min: 1, Avg: 1.0, Max: 1, Diff: 0, Sum: 8]
      [GC Worker Other (ms): Min: 0.0, Avg: 0.0, Max: 0.1, Diff: 0.0, Sum: 0.2]
      [GC Worker Total (ms): Min: 4.7, Avg: 5.9, Max: 6.5, Diff: 1.8, Sum: 46.9]
      [GC Worker End (ms): Min: 375535.7, Avg: 375535.8, Max: 375535.8, Diff: 0.1]
   [Code Root Fixup: 0.0 ms]
   [Code Root Purge: 0.0 ms]
   [Clear CT: 0.5 ms]
   [Other: 4.8 ms]
      [Choose CSet: 0.0 ms]
      [Ref Proc: 0.4 ms]
      [Ref Enq: 0.0 ms]
      [Redirty Cards: 0.2 ms]
      [Humongous Register: 0.1 ms]
      [Humongous Reclaim: 0.2 ms]
      [Free CSet: 1.8 ms]
   [Eden: 1461.0M(1461.0M)->0.0B(1460.0M) Survivors: 5120.0K->5120.0K Heap: 5976.8M(6656.0M)->4515.8M(6656.0M)]
 [Times: user=0.02 sys=0.00, real=0.02 secs]
         vmop                    [threads: total initially_running wait_to_block]    [time: spin block sync cleanup vmop] page_trap_count
375.528: G1IncCollectionPause             [      33          0              0    ]      [     0     0     0     0    12    ]  0
2017-11-22T09:59:33.646+0800: 375.540: [GC concurrent-root-region-scan-start]
2017-11-22T09:59:33.646+0800: 375.540: Total time for which application threads were stopped: 0.0126195 seconds, Stopping threads took: 0.0000459 seconds
2017-11-22T09:59:33.647+0800: 375.541: [GC concurrent-root-region-scan-end, 0.0009814 secs]
2017-11-22T09:59:33.647+0800: 375.541: [GC concurrent-mark-start]
2017-11-22T09:59:39.018+0800: 380.912: [GC pause (G1 Evacuation Pause) (young) 380.912: [G1Ergonomics (CSet Construction) start choosing CSet, _pending_cards: 544, predicted base time: 8.94 ms, remaining time: 191.06 ms, target pause time: 200.00 ms]
 380.912: [G1Ergonomics (CSet Construction) add young regions to CSet, eden: 1460 regions, survivors: 5 regions, predicted young region time: 2.61 ms]
 380.912: [G1Ergonomics (CSet Construction) finish choosing CSet, eden: 1460 regions, survivors: 5 regions, old: 0 regions, predicted pause time: 11.55 ms, target pause time: 200.00 ms]
, 0.0069678 secs]
   [Parallel Time: 2.6 ms, GC Workers: 8]
      [GC Worker Start (ms): Min: 380912.5, Avg: 380913.2, Max: 380914.8, Diff: 2.3]
      [Ext Root Scanning (ms): Min: 0.0, Avg: 0.7, Max: 1.9, Diff: 1.9, Sum: 5.5]
      [Update RS (ms): Min: 0.0, Avg: 0.1, Max: 0.2, Diff: 0.2, Sum: 0.5]
         [Processed Buffers: Min: 0, Avg: 1.4, Max: 6, Diff: 6, Sum: 11]
      [Scan RS (ms): Min: 0.1, Avg: 0.3, Max: 0.5, Diff: 0.4, Sum: 2.6]
      [Code Root Scanning (ms): Min: 0.0, Avg: 0.0, Max: 0.0, Diff: 0.0, Sum: 0.1]
      [Object Copy (ms): Min: 0.0, Avg: 0.3, Max: 0.5, Diff: 0.5, Sum: 2.4]
      [Termination (ms): Min: 0.0, Avg: 0.3, Max: 0.4, Diff: 0.4, Sum: 2.4]
         [Termination Attempts: Min: 1, Avg: 1.2, Max: 2, Diff: 1, Sum: 10]
      [GC Worker Other (ms): Min: 0.0, Avg: 0.0, Max: 0.1, Diff: 0.0, Sum: 0.2]
      [GC Worker Total (ms): Min: 0.1, Avg: 1.7, Max: 2.4, Diff: 2.3, Sum: 13.9]
      [GC Worker End (ms): Min: 380914.9, Avg: 380914.9, Max: 380915.0, Diff: 0.1]
   [Code Root Fixup: 0.0 ms]
   [Code Root Purge: 0.0 ms]
   [Clear CT: 0.6 ms]
   [Other: 3.7 ms]
      [Choose CSet: 0.0 ms]
      [Ref Proc: 0.5 ms]
      [Ref Enq: 0.0 ms]
      [Redirty Cards: 0.4 ms]
      [Humongous Register: 0.2 ms]
      [Humongous Reclaim: 0.2 ms]
      [Free CSet: 2.1 ms]
   [Eden: 1460.0M(1460.0M)->0.0B(1460.0M) Survivors: 5120.0K->5120.0K Heap: 5975.8M(6656.0M)->4515.8M(6656.0M)]
 [Times: user=0.02 sys=0.00, real=0.01 secs]
         vmop                    [threads: total initially_running wait_to_block]    [time: spin block sync cleanup vmop] page_trap_count
380.912: G1IncCollectionPause             [      33          0              0    ]      [     0     0     0     0     7    ]  0
2017-11-22T09:59:39.025+0800: 380.919: Total time for which application threads were stopped: 0.0073812 seconds, Stopping threads took: 0.0000662 seconds
2017-11-22T09:59:41.296+0800: 383.191: [GC concurrent-mark-end, 7.6491988 secs]
2017-11-22T09:59:41.297+0800: 383.191: [GC remark 2017-11-22T09:59:41.297+0800: 383.191: [Finalize Marking, 0.0008551 secs] 2017-11-22T09:59:41.297+0800: 383.192: [GC ref-proc, 0.0002773 secs] 2017-11-22T09:59:41.298+0800: 383.192: [Unloading, 0.0124284 secs], 0.0571326 secs]
 [Times: user=0.15 sys=0.00, real=0.05 secs]
         vmop                    [threads: total initially_running wait_to_block]    [time: spin block sync cleanup vmop] page_trap_count
383.191: CGC_Operation                    [      33          0              0    ]      [     0     0     0     0    57    ]  0
2017-11-22T09:59:41.354+0800: 383.248: Total time for which application threads were stopped: 0.0574490 seconds, Stopping threads took: 0.0000826 seconds
2017-11-22T09:59:41.355+0800: 383.249: [GC cleanup 5233M->5233M(6656M), 0.0505848 secs]
 [Times: user=0.12 sys=0.01, real=0.06 secs]
         vmop                    [threads: total initially_running wait_to_block]    [time: spin block sync cleanup vmop] page_trap_count
383.249: CGC_Operation                    [      33          0              0    ]      [     0     0     0     0    50    ]  0
2017-11-22T09:59:41.406+0800: 383.300: Total time for which application threads were stopped: 0.0508054 seconds, Stopping threads took: 0.0000329 seconds
2017-11-22T09:59:43.320+0800: 385.215: [GC pause (G1 Evacuation Pause) (young) 385.215: [G1Ergonomics (CSet Construction) start choosing CSet, _pending_cards: 1040, predicted base time: 7.87 ms, remaining time: 192.13 ms, target pause time: 200.00 ms]
 385.215: [G1Ergonomics (CSet Construction) add young regions to CSet, eden: 1460 regions, survivors: 5 regions, predicted young region time: 2.92 ms]
 385.215: [G1Ergonomics (CSet Construction) finish choosing CSet, eden: 1460 regions, survivors: 5 regions, old: 0 regions, predicted pause time: 10.79 ms, target pause time: 200.00 ms]
 385.223: [G1Ergonomics (Concurrent Cycles) do not request concurrent cycle initiation, reason: still doing mixed collections, occupancy: 4737466368 bytes, allocation request: 0 bytes, threshold: 3140694810 bytes (45.00 %), source: end of GC]
 385.223: [G1Ergonomics (Mixed GCs) do not start mixed GCs, reason: reclaimable percentage not over threshold, candidate old regions: 286 regions, reclaimable: 151563816 bytes (2.17 %), threshold: 5.00 %]
, 0.0081774 secs]
   [Parallel Time: 3.0 ms, GC Workers: 8]
      [GC Worker Start (ms): Min: 385215.5, Avg: 385216.4, Max: 385218.0, Diff: 2.5]
      [Ext Root Scanning (ms): Min: 0.0, Avg: 0.5, Max: 1.0, Diff: 1.0, Sum: 4.1]
      [Update RS (ms): Min: 0.0, Avg: 0.1, Max: 0.2, Diff: 0.2, Sum: 0.5]
         [Processed Buffers: Min: 0, Avg: 1.5, Max: 5, Diff: 5, Sum: 12]
      [Scan RS (ms): Min: 0.1, Avg: 0.4, Max: 0.6, Diff: 0.5, Sum: 3.2]
      [Code Root Scanning (ms): Min: 0.0, Avg: 0.0, Max: 0.0, Diff: 0.0, Sum: 0.1]
      [Object Copy (ms): Min: 0.0, Avg: 0.3, Max: 0.5, Diff: 0.5, Sum: 2.5]
      [Termination (ms): Min: 0.0, Avg: 0.4, Max: 0.6, Diff: 0.6, Sum: 3.5]
         [Termination Attempts: Min: 1, Avg: 1.0, Max: 1, Diff: 0, Sum: 8]
      [GC Worker Other (ms): Min: 0.0, Avg: 0.1, Max: 0.3, Diff: 0.2, Sum: 1.0]
      [GC Worker Total (ms): Min: 0.2, Avg: 1.9, Max: 2.9, Diff: 2.7, Sum: 15.0]
      [GC Worker End (ms): Min: 385218.1, Avg: 385218.3, Max: 385218.4, Diff: 0.2]
   [Code Root Fixup: 0.0 ms]
   [Code Root Purge: 0.0 ms]
   [Clear CT: 0.7 ms]
   [Other: 4.4 ms]
      [Choose CSet: 0.0 ms]
      [Ref Proc: 0.6 ms]
      [Ref Enq: 0.0 ms]
      [Redirty Cards: 0.3 ms]
      [Humongous Register: 0.6 ms]
      [Humongous Reclaim: 0.2 ms]
      [Free CSet: 2.3 ms]
   [Eden: 1460.0M(1460.0M)->0.0B(1459.0M) Survivors: 5120.0K->6144.0K Heap: 5975.8M(6656.0M)->4516.0M(6656.0M)]
 [Times: user=0.02 sys=0.00, real=0.01 secs]
         vmop                    [threads: total initially_running wait_to_block]    [time: spin block sync cleanup vmop] page_trap_count
385.214: G1IncCollectionPause             [      32          0              0    ]      [     0     0     0     0     8    ]  0
2017-11-22T09:59:43.329+0800: 385.223: Total time for which application threads were stopped: 0.0085872 seconds, Stopping threads took: 0.0000705 seconds
         vmop                    [threads: total initially_running wait_to_block]    [time: spin block sync cleanup vmop] page_trap_count
387.472: RevokeBias                       [      32          0              0    ]      [     0     0     0     0     0    ]  0
2017-11-22T09:59:45.578+0800: 387.472: Total time for which application threads were stopped: 0.0002554 seconds, Stopping threads took: 0.0000946 seconds
         vmop                    [threads: total initially_running wait_to_block]    [time: spin block sync cleanup vmop] page_trap_count
387.848: RevokeBias                       [      32          0              1    ]      [     0     0     0     0     0    ]  0
2017-11-22T09:59:45.954+0800: 387.849: Total time for which application threads were stopped: 0.0003927 seconds, Stopping threads took: 0.0001820 seconds
         vmop                    [threads: total initially_running wait_to_block]    [time: spin block sync cleanup vmop] page_trap_count
387.849: RevokeBias                       [      32          2              1    ]      [     0     0     0     0     0    ]  0
2017-11-22T09:59:45.955+0800: 387.849: Total time for which application threads were stopped: 0.0006145 seconds, Stopping threads took: 0.0004652 seconds
         vmop                    [threads: total initially_running wait_to_block]    [time: spin block sync cleanup vmop] page_trap_count
387.854: RevokeBias                       [      33          0              1    ]      [     0     0     0     0     0    ]  0
2017-11-22T09:59:45.960+0800: 387.854: Total time for which application threads were stopped: 0.0002174 seconds, Stopping threads took: 0.0000950 seconds
2017-11-22T09:59:46.898+0800: 388.792: [GC pause (G1 Evacuation Pause) (young) 388.792: [G1Ergonomics (CSet Construction) start choosing CSet, _pending_cards: 1570, predicted base time: 7.16 ms, remaining time: 192.84 ms, target pause time: 200.00 ms]
 388.792: [G1Ergonomics (CSet Construction) add young regions to CSet, eden: 1459 regions, survivors: 6 regions, predicted young region time: 3.13 ms]
 388.792: [G1Ergonomics (CSet Construction) finish choosing CSet, eden: 1459 regions, survivors: 6 regions, old: 0 regions, predicted pause time: 10.29 ms, target pause time: 200.00 ms]
 388.805: [G1Ergonomics (Concurrent Cycles) request concurrent cycle initiation, reason: occupancy higher than threshold, occupancy: 4737466368 bytes, allocation request: 0 bytes, threshold: 3140694810 bytes (45.00 %), source: end of GC]
, 0.0127690 secs]
   [Parallel Time: 4.2 ms, GC Workers: 8]
      [GC Worker Start (ms): Min: 388792.9, Avg: 388793.6, Max: 388795.4, Diff: 2.5]
      [Ext Root Scanning (ms): Min: 0.0, Avg: 1.1, Max: 3.4, Diff: 3.4, Sum: 9.1]
      [Update RS (ms): Min: 0.0, Avg: 0.1, Max: 0.2, Diff: 0.2, Sum: 0.5]
         [Processed Buffers: Min: 0, Avg: 2.0, Max: 7, Diff: 7, Sum: 16]
      [Scan RS (ms): Min: 0.1, Avg: 0.4, Max: 0.7, Diff: 0.6, Sum: 2.9]
      [Code Root Scanning (ms): Min: 0.0, Avg: 0.0, Max: 0.0, Diff: 0.0, Sum: 0.1]
      [Object Copy (ms): Min: 0.0, Avg: 0.4, Max: 1.6, Diff: 1.6, Sum: 3.3]
      [Termination (ms): Min: 0.0, Avg: 1.1, Max: 1.5, Diff: 1.5, Sum: 8.7]
         [Termination Attempts: Min: 1, Avg: 1.0, Max: 1, Diff: 0, Sum: 8]
      [GC Worker Other (ms): Min: 0.0, Avg: 0.1, Max: 0.1, Diff: 0.1, Sum: 0.4]
      [GC Worker Total (ms): Min: 1.3, Avg: 3.1, Max: 3.9, Diff: 2.6, Sum: 25.0]
      [GC Worker End (ms): Min: 388796.7, Avg: 388796.7, Max: 388796.8, Diff: 0.2]
   [Code Root Fixup: 0.0 ms]
   [Code Root Purge: 0.0 ms]
   [Clear CT: 0.7 ms]
   [Other: 7.8 ms]
      [Choose CSet: 0.0 ms]
      [Ref Proc: 3.5 ms]
      [Ref Enq: 0.0 ms]
      [Redirty Cards: 0.3 ms]
      [Humongous Register: 0.6 ms]
      [Humongous Reclaim: 0.4 ms]
      [Free CSet: 2.7 ms]
   [Eden: 1459.0M(1459.0M)->0.0B(1459.0M) Survivors: 6144.0K->6144.0K Heap: 5975.0M(6656.0M)->4515.9M(6656.0M)]
 [Times: user=0.04 sys=0.01, real=0.01 secs]
         vmop                    [threads: total initially_running wait_to_block]    [time: spin block sync cleanup vmop] page_trap_count
388.792: G1IncCollectionPause             [      33          0              0    ]      [     0     0     0     0    12    ]  0
2017-11-22T09:59:46.911+0800: 388.805: Total time for which application threads were stopped: 0.0132199 seconds, Stopping threads took: 0.0000589 seconds
 393.023: [G1Ergonomics (Concurrent Cycles) initiate concurrent cycle, reason: concurrent cycle initiation requested]
2017-11-22T09:59:51.128+0800: 393.023: [GC pause (G1 Evacuation Pause) (young) (initial-mark) 393.024: [G1Ergonomics (CSet Construction) start choosing CSet, _pending_cards: 1037, predicted base time: 7.64 ms, remaining time: 192.36 ms, target pause time: 200.00 ms]
 393.024: [G1Ergonomics (CSet Construction) add young regions to CSet, eden: 1459 regions, survivors: 6 regions, predicted young region time: 3.24 ms]
 393.024: [G1Ergonomics (CSet Construction) finish choosing CSet, eden: 1459 regions, survivors: 6 regions, old: 0 regions, predicted pause time: 10.88 ms, target pause time: 200.00 ms]
, 0.0153449 secs]
   [Parallel Time: 6.8 ms, GC Workers: 8]
      [GC Worker Start (ms): Min: 393023.9, Avg: 393024.4, Max: 393024.9, Diff: 1.0]
      [Ext Root Scanning (ms): Min: 1.8, Avg: 5.0, Max: 5.7, Diff: 3.9, Sum: 40.1]
      [Update RS (ms): Min: 0.0, Avg: 0.0, Max: 0.4, Diff: 0.4, Sum: 0.4]
         [Processed Buffers: Min: 0, Avg: 1.4, Max: 11, Diff: 11, Sum: 11]
      [Scan RS (ms): Min: 0.1, Avg: 0.3, Max: 1.3, Diff: 1.2, Sum: 2.4]
      [Code Root Scanning (ms): Min: 0.0, Avg: 0.0, Max: 0.2, Diff: 0.2, Sum: 0.2]
      [Object Copy (ms): Min: 0.0, Avg: 0.3, Max: 1.8, Diff: 1.8, Sum: 2.2]
      [Termination (ms): Min: 0.0, Avg: 0.5, Max: 1.0, Diff: 1.0, Sum: 3.7]
         [Termination Attempts: Min: 1, Avg: 1.0, Max: 1, Diff: 0, Sum: 8]
      [GC Worker Other (ms): Min: 0.0, Avg: 0.0, Max: 0.0, Diff: 0.0, Sum: 0.2]
      [GC Worker Total (ms): Min: 5.6, Avg: 6.1, Max: 6.6, Diff: 1.0, Sum: 49.1]
      [GC Worker End (ms): Min: 393030.5, Avg: 393030.5, Max: 393030.5, Diff: 0.1]
   [Code Root Fixup: 0.0 ms]
   [Code Root Purge: 0.0 ms]
   [Clear CT: 0.6 ms]
   [Other: 8.0 ms]
      [Choose CSet: 0.0 ms]
      [Ref Proc: 3.4 ms]
      [Ref Enq: 0.0 ms]
      [Redirty Cards: 0.3 ms]
      [Humongous Register: 0.1 ms]
      [Humongous Reclaim: 0.2 ms]
      [Free CSet: 2.0 ms]
   [Eden: 1459.0M(1459.0M)->0.0B(1459.0M) Survivors: 6144.0K->6144.0K Heap: 5974.9M(6656.0M)->4515.8M(6656.0M)]
 [Times: user=0.03 sys=0.00, real=0.02 secs]
         vmop                    [threads: total initially_running wait_to_block]    [time: spin block sync cleanup vmop] page_trap_count
393.022: G1IncCollectionPause             [      33          0              0    ]      [     0     0     0     0    15    ]  0
2017-11-22T09:59:51.144+0800: 393.038: [GC concurrent-root-region-scan-start]
2017-11-22T09:59:51.144+0800: 393.038: Total time for which application threads were stopped: 0.0157963 seconds, Stopping threads took: 0.0000525 seconds
2017-11-22T09:59:51.145+0800: 393.039: [GC concurrent-root-region-scan-end, 0.0013340 secs]
2017-11-22T09:59:51.145+0800: 393.039: [GC concurrent-mark-start]
2017-11-22T09:59:54.981+0800: 396.876: [GC pause (G1 Evacuation Pause) (young) 396.876: [G1Ergonomics (CSet Construction) start choosing CSet, _pending_cards: 272, predicted base time: 9.65 ms, remaining time: 190.35 ms, target pause time: 200.00 ms]
 396.876: [G1Ergonomics (CSet Construction) add young regions to CSet, eden: 1459 regions, survivors: 6 regions, predicted young region time: 3.02 ms]
 396.876: [G1Ergonomics (CSet Construction) finish choosing CSet, eden: 1459 regions, survivors: 6 regions, old: 0 regions, predicted pause time: 12.67 ms, target pause time: 200.00 ms]
, 0.0266610 secs]
   [Parallel Time: 5.2 ms, GC Workers: 8]
      [GC Worker Start (ms): Min: 396876.2, Avg: 396876.8, Max: 396878.1, Diff: 1.9]
      [Ext Root Scanning (ms): Min: 0.0, Avg: 0.4, Max: 1.0, Diff: 1.0, Sum: 2.9]
      [Update RS (ms): Min: 0.0, Avg: 0.0, Max: 0.2, Diff: 0.2, Sum: 0.3]
         [Processed Buffers: Min: 0, Avg: 1.1, Max: 4, Diff: 4, Sum: 9]
      [Scan RS (ms): Min: 0.1, Avg: 0.3, Max: 0.5, Diff: 0.4, Sum: 2.2]
      [Code Root Scanning (ms): Min: 0.0, Avg: 0.0, Max: 0.0, Diff: 0.0, Sum: 0.2]
      [Object Copy (ms): Min: 0.0, Avg: 0.7, Max: 3.6, Diff: 3.6, Sum: 5.8]
      [Termination (ms): Min: 0.0, Avg: 2.7, Max: 3.4, Diff: 3.4, Sum: 21.7]
         [Termination Attempts: Min: 1, Avg: 1.0, Max: 1, Diff: 0, Sum: 8]
      [GC Worker Other (ms): Min: 0.0, Avg: 0.0, Max: 0.0, Diff: 0.0, Sum: 0.1]
      [GC Worker Total (ms): Min: 2.9, Avg: 4.1, Max: 5.0, Diff: 2.1, Sum: 33.2]
      [GC Worker End (ms): Min: 396880.9, Avg: 396881.0, Max: 396881.2, Diff: 0.3]
   [Code Root Fixup: 0.0 ms]
   [Code Root Purge: 0.0 ms]
   [Clear CT: 0.7 ms]
   [Other: 20.8 ms]
      [Choose CSet: 0.0 ms]
      [Ref Proc: 17.7 ms]
      [Ref Enq: 0.0 ms]
      [Redirty Cards: 0.2 ms]
      [Humongous Register: 0.3 ms]
      [Humongous Reclaim: 0.3 ms]
      [Free CSet: 2.0 ms]
   [Eden: 1459.0M(1459.0M)->0.0B(1458.0M) Survivors: 6144.0K->6144.0K Heap: 5974.8M(6656.0M)->4515.9M(6656.0M)]
 [Times: user=0.05 sys=0.00, real=0.03 secs]
         vmop                    [threads: total initially_running wait_to_block]    [time: spin block sync cleanup vmop] page_trap_count
396.876: G1IncCollectionPause             [      33          0              0    ]      [     0     0     0     0    26    ]  0
2017-11-22T09:59:55.008+0800: 396.903: Total time for which application threads were stopped: 0.0270446 seconds, Stopping threads took: 0.0000635 seconds
         vmop                    [threads: total initially_running wait_to_block]    [time: spin block sync cleanup vmop] page_trap_count
400.054: RevokeBias                       [      32          0              0    ]      [     0     0     0     0     0    ]  0
2017-11-22T09:59:58.160+0800: 400.054: Total time for which application threads were stopped: 0.0002879 seconds, Stopping threads took: 0.0000611 seconds
         vmop                    [threads: total initially_running wait_to_block]    [time: spin block sync cleanup vmop] page_trap_count
400.054: RevokeBias                       [      32          0              0    ]      [     0     0     0     0     0    ]  0
2017-11-22T09:59:58.160+0800: 400.054: Total time for which application threads were stopped: 0.0001285 seconds, Stopping threads took: 0.0000329 seconds
         vmop                    [threads: total initially_running wait_to_block]    [time: spin block sync cleanup vmop] page_trap_count
400.106: RevokeBias                       [      33          0              0    ]      [     0     0     1     0     0    ]  0
2017-11-22T09:59:58.213+0800: 400.108: Total time for which application threads were stopped: 0.0002533 seconds, Stopping threads took: 0.0000439 seconds
2017-11-22T09:59:58.524+0800: 400.418: [GC pause (G1 Evacuation Pause) (young) 400.418: [G1Ergonomics (CSet Construction) start choosing CSet, _pending_cards: 1568, predicted base time: 14.87 ms, remaining time: 185.13 ms, target pause time: 200.00 ms]
 400.418: [G1Ergonomics (CSet Construction) add young regions to CSet, eden: 1458 regions, survivors: 6 regions, predicted young region time: 3.73 ms]
 400.418: [G1Ergonomics (CSet Construction) finish choosing CSet, eden: 1458 regions, survivors: 6 regions, old: 0 regions, predicted pause time: 18.59 ms, target pause time: 200.00 ms]
, 0.0178979 secs]
   [Parallel Time: 7.8 ms, GC Workers: 8]
      [GC Worker Start (ms): Min: 400418.9, Avg: 400424.2, Max: 400426.4, Diff: 7.5]
      [Ext Root Scanning (ms): Min: 0.0, Avg: 0.4, Max: 2.4, Diff: 2.4, Sum: 3.0]
      [Update RS (ms): Min: 0.0, Avg: 0.1, Max: 0.5, Diff: 0.5, Sum: 0.8]
         [Processed Buffers: Min: 0, Avg: 2.0, Max: 9, Diff: 9, Sum: 16]
      [Scan RS (ms): Min: 0.1, Avg: 0.3, Max: 1.2, Diff: 1.1, Sum: 2.6]
      [Code Root Scanning (ms): Min: 0.0, Avg: 0.0, Max: 0.1, Diff: 0.1, Sum: 0.2]
      [Object Copy (ms): Min: 0.0, Avg: 0.8, Max: 4.5, Diff: 4.5, Sum: 6.5]
      [Termination (ms): Min: 0.0, Avg: 0.6, Max: 1.0, Diff: 1.0, Sum: 4.9]
         [Termination Attempts: Min: 1, Avg: 1.0, Max: 1, Diff: 0, Sum: 8]
      [GC Worker Other (ms): Min: 0.0, Avg: 0.0, Max: 0.0, Diff: 0.0, Sum: 0.2]
      [GC Worker Total (ms): Min: 0.1, Avg: 2.3, Max: 7.7, Diff: 7.5, Sum: 18.4]
      [GC Worker End (ms): Min: 400426.5, Avg: 400426.5, Max: 400426.6, Diff: 0.1]
   [Code Root Fixup: 0.0 ms]
   [Code Root Purge: 0.0 ms]
   [Clear CT: 0.7 ms]
   [Other: 9.4 ms]
      [Choose CSet: 0.0 ms]
      [Ref Proc: 6.4 ms]
      [Ref Enq: 0.0 ms]
      [Redirty Cards: 0.2 ms]
      [Humongous Register: 0.5 ms]
      [Humongous Reclaim: 0.2 ms]
      [Free CSet: 1.8 ms]
   [Eden: 1458.0M(1458.0M)->0.0B(1458.0M) Survivors: 6144.0K->6144.0K Heap: 5973.9M(6656.0M)->4515.8M(6656.0M)]
 [Times: user=0.02 sys=0.00, real=0.01 secs]
         vmop                    [threads: total initially_running wait_to_block]    [time: spin block sync cleanup vmop] page_trap_count
400.418: G1IncCollectionPause             [      33          0              0    ]      [     0     0     0     0    18    ]  0
2017-11-22T09:59:58.542+0800: 400.436: Total time for which application threads were stopped: 0.0183084 seconds, Stopping threads took: 0.0000682 seconds
2017-11-22T10:00:01.157+0800: 403.052: [GC concurrent-mark-end, 10.0123086 secs]
2017-11-22T10:00:01.158+0800: 403.052: [GC remark 2017-11-22T10:00:01.158+0800: 403.052: [Finalize Marking, 0.0005683 secs] 2017-11-22T10:00:01.158+0800: 403.053: [GC ref-proc, 0.0002840 secs] 2017-11-22T10:00:01.159+0800: 403.053: [Unloading, 0.0100529 secs], 0.0619318 secs]
 [Times: user=0.14 sys=0.00, real=0.06 secs]
         vmop                    [threads: total initially_running wait_to_block]    [time: spin block sync cleanup vmop] page_trap_count
403.052: CGC_Operation                    [      33          1              1    ]      [     0     0     0     0    62    ]  1
2017-11-22T10:00:01.220+0800: 403.114: Total time for which application threads were stopped: 0.0622596 seconds, Stopping threads took: 0.0000880 seconds
2017-11-22T10:00:01.220+0800: 403.115: [GC cleanup 5261M->5261M(6656M), 0.0579763 secs]
 [Times: user=0.14 sys=0.00, real=0.06 secs]
         vmop                    [threads: total initially_running wait_to_block]    [time: spin block sync cleanup vmop] page_trap_count
403.114: CGC_Operation                    [      33          1              1    ]      [     0     0     0     0    58    ]  0
2017-11-22T10:00:01.278+0800: 403.173: Total time for which application threads were stopped: 0.0583214 seconds, Stopping threads took: 0.0001149 seconds
2017-11-22T10:00:03.496+0800: 405.390: [GC pause (G1 Evacuation Pause) (young) 405.390: [G1Ergonomics (CSet Construction) start choosing CSet, _pending_cards: 534, predicted base time: 14.99 ms, remaining time: 185.01 ms, target pause time: 200.00 ms]
 405.390: [G1Ergonomics (CSet Construction) add young regions to CSet, eden: 1458 regions, survivors: 6 regions, predicted young region time: 2.80 ms]
 405.390: [G1Ergonomics (CSet Construction) finish choosing CSet, eden: 1458 regions, survivors: 6 regions, old: 0 regions, predicted pause time: 17.79 ms, target pause time: 200.00 ms]
 405.405: [G1Ergonomics (Concurrent Cycles) do not request concurrent cycle initiation, reason: still doing mixed collections, occupancy: 4737466368 bytes, allocation request: 0 bytes, threshold: 3140694810 bytes (45.00 %), source: end of GC]
 405.405: [G1Ergonomics (Mixed GCs) do not start mixed GCs, reason: reclaimable percentage not over threshold, candidate old regions: 286 regions, reclaimable: 151563816 bytes (2.17 %), threshold: 5.00 %]
, 0.0150437 secs]
   [Parallel Time: 3.1 ms, GC Workers: 8]
      [GC Worker Start (ms): Min: 405390.8, Avg: 405391.9, Max: 405393.4, Diff: 2.6]
      [Ext Root Scanning (ms): Min: 0.0, Avg: 0.5, Max: 1.1, Diff: 1.1, Sum: 3.8]
      [Update RS (ms): Min: 0.0, Avg: 0.1, Max: 0.2, Diff: 0.2, Sum: 0.6]
         [Processed Buffers: Min: 0, Avg: 1.5, Max: 4, Diff: 4, Sum: 12]
      [Scan RS (ms): Min: 0.1, Avg: 0.4, Max: 0.6, Diff: 0.5, Sum: 3.1]
      [Code Root Scanning (ms): Min: 0.0, Avg: 0.0, Max: 0.0, Diff: 0.0, Sum: 0.1]
      [Object Copy (ms): Min: 0.0, Avg: 0.3, Max: 0.5, Diff: 0.5, Sum: 2.3]
      [Termination (ms): Min: 0.0, Avg: 0.4, Max: 0.5, Diff: 0.5, Sum: 3.1]
         [Termination Attempts: Min: 1, Avg: 1.0, Max: 1, Diff: 0, Sum: 8]
      [GC Worker Other (ms): Min: 0.0, Avg: 0.0, Max: 0.1, Diff: 0.0, Sum: 0.3]
      [GC Worker Total (ms): Min: 0.2, Avg: 1.7, Max: 2.8, Diff: 2.6, Sum: 13.3]
      [GC Worker End (ms): Min: 405393.6, Avg: 405393.6, Max: 405393.6, Diff: 0.0]
   [Code Root Fixup: 0.0 ms]
   [Code Root Purge: 0.0 ms]
   [Clear CT: 0.7 ms]
   [Other: 11.2 ms]
      [Choose CSet: 0.0 ms]
      [Ref Proc: 7.7 ms]
      [Ref Enq: 0.0 ms]
      [Redirty Cards: 0.3 ms]
      [Humongous Register: 0.4 ms]
      [Humongous Reclaim: 0.3 ms]
      [Free CSet: 2.2 ms]
   [Eden: 1458.0M(1458.0M)->0.0B(1458.0M) Survivors: 6144.0K->6144.0K Heap: 5973.8M(6656.0M)->4516.0M(6656.0M)]
 [Times: user=0.03 sys=0.00, real=0.01 secs]
         vmop                    [threads: total initially_running wait_to_block]    [time: spin block sync cleanup vmop] page_trap_count
405.390: G1IncCollectionPause             [      33          0              0    ]      [     0     0     0     0    15    ]  0
2017-11-22T10:00:03.511+0800: 405.405: Total time for which application threads were stopped: 0.0153953 seconds, Stopping threads took: 0.0000525 seconds
2017-11-22T10:00:08.138+0800: 410.032: [GC pause (G1 Evacuation Pause) (young) 410.032: [G1Ergonomics (CSet Construction) start choosing CSet, _pending_cards: 1319, predicted base time: 14.39 ms, remaining time: 185.61 ms, target pause time: 200.00 ms]
 410.032: [G1Ergonomics (CSet Construction) add young regions to CSet, eden: 1458 regions, survivors: 6 regions, predicted young region time: 2.75 ms]
 410.032: [G1Ergonomics (CSet Construction) finish choosing CSet, eden: 1458 regions, survivors: 6 regions, old: 0 regions, predicted pause time: 17.14 ms, target pause time: 200.00 ms]
 410.039: [G1Ergonomics (Concurrent Cycles) request concurrent cycle initiation, reason: occupancy higher than threshold, occupancy: 4737466368 bytes, allocation request: 0 bytes, threshold: 3140694810 bytes (45.00 %), source: end of GC]
, 0.0067064 secs]
   [Parallel Time: 2.3 ms, GC Workers: 8]
      [GC Worker Start (ms): Min: 410032.5, Avg: 410032.8, Max: 410034.4, Diff: 1.9]
      [Ext Root Scanning (ms): Min: 0.0, Avg: 0.6, Max: 1.0, Diff: 1.0, Sum: 4.7]
      [Update RS (ms): Min: 0.0, Avg: 0.1, Max: 0.3, Diff: 0.3, Sum: 0.8]
         [Processed Buffers: Min: 0, Avg: 1.9, Max: 5, Diff: 5, Sum: 15]
      [Scan RS (ms): Min: 0.1, Avg: 0.4, Max: 0.5, Diff: 0.4, Sum: 3.1]
      [Code Root Scanning (ms): Min: 0.0, Avg: 0.0, Max: 0.0, Diff: 0.0, Sum: 0.1]
      [Object Copy (ms): Min: 0.0, Avg: 0.4, Max: 0.6, Diff: 0.5, Sum: 2.9]
      [Termination (ms): Min: 0.0, Avg: 0.2, Max: 0.3, Diff: 0.3, Sum: 1.9]
         [Termination Attempts: Min: 1, Avg: 1.0, Max: 1, Diff: 0, Sum: 8]
      [GC Worker Other (ms): Min: 0.0, Avg: 0.1, Max: 0.1, Diff: 0.1, Sum: 0.4]
      [GC Worker Total (ms): Min: 0.1, Avg: 1.7, Max: 2.1, Diff: 2.0, Sum: 13.9]
      [GC Worker End (ms): Min: 410034.5, Avg: 410034.5, Max: 410034.6, Diff: 0.1]
   [Code Root Fixup: 0.0 ms]
   [Code Root Purge: 0.0 ms]
   [Clear CT: 0.6 ms]
   [Other: 3.8 ms]
      [Choose CSet: 0.0 ms]
      [Ref Proc: 0.3 ms]
      [Ref Enq: 0.0 ms]
      [Redirty Cards: 0.3 ms]
      [Humongous Register: 0.3 ms]
      [Humongous Reclaim: 0.3 ms]
      [Free CSet: 2.1 ms]
   [Eden: 1458.0M(1458.0M)->0.0B(1458.0M) Survivors: 6144.0K->6144.0K Heap: 5974.0M(6656.0M)->4516.1M(6656.0M)]
 [Times: user=0.02 sys=0.00, real=0.01 secs]
         vmop                    [threads: total initially_running wait_to_block]    [time: spin block sync cleanup vmop] page_trap_count
410.032: G1IncCollectionPause             [      33          0              0    ]      [     0     0     0     0     6    ]  0
2017-11-22T10:00:08.145+0800: 410.039: Total time for which application threads were stopped: 0.0074099 seconds, Stopping threads took: 0.0000524 seconds
         vmop                    [threads: total initially_running wait_to_block]    [time: spin block sync cleanup vmop] page_trap_count
413.542: RevokeBias                       [      32          0              0    ]      [     0     0     0     0     0    ]  0
2017-11-22T10:00:11.649+0800: 413.543: Total time for which application threads were stopped: 0.0014609 seconds, Stopping threads took: 0.0000566 seconds
         vmop                    [threads: total initially_running wait_to_block]    [time: spin block sync cleanup vmop] page_trap_count
413.543: RevokeBias                       [      32          0              0    ]      [     0     0     0     0     0    ]  0
2017-11-22T10:00:11.649+0800: 413.544: Total time for which application threads were stopped: 0.0001255 seconds, Stopping threads took: 0.0000374 seconds
         vmop                    [threads: total initially_running wait_to_block]    [time: spin block sync cleanup vmop] page_trap_count
413.544: RevokeBias                       [      32          0              0    ]      [     0     0     0     0     0    ]  0
2017-11-22T10:00:11.649+0800: 413.544: Total time for which application threads were stopped: 0.0001259 seconds, Stopping threads took: 0.0000160 seconds
 414.291: [G1Ergonomics (Concurrent Cycles) initiate concurrent cycle, reason: concurrent cycle initiation requested]
2017-11-22T10:00:12.397+0800: 414.291: [GC pause (G1 Evacuation Pause) (young) (initial-mark) 414.292: [G1Ergonomics (CSet Construction) start choosing CSet, _pending_cards: 1550, predicted base time: 12.15 ms, remaining time: 187.85 ms, target pause time: 200.00 ms]
 414.292: [G1Ergonomics (CSet Construction) add young regions to CSet, eden: 1458 regions, survivors: 6 regions, predicted young region time: 2.84 ms]
 414.292: [G1Ergonomics (CSet Construction) finish choosing CSet, eden: 1458 regions, survivors: 6 regions, old: 0 regions, predicted pause time: 15.00 ms, target pause time: 200.00 ms]
, 0.0093495 secs]
   [Parallel Time: 2.9 ms, GC Workers: 8]
      [GC Worker Start (ms): Min: 414292.4, Avg: 414292.7, Max: 414293.1, Diff: 0.7]
      [Ext Root Scanning (ms): Min: 1.1, Avg: 1.4, Max: 1.9, Diff: 0.8, Sum: 10.8]
      [Update RS (ms): Min: 0.0, Avg: 0.1, Max: 0.1, Diff: 0.1, Sum: 0.5]
         [Processed Buffers: Min: 0, Avg: 1.6, Max: 6, Diff: 6, Sum: 13]
      [Scan RS (ms): Min: 0.1, Avg: 0.2, Max: 0.4, Diff: 0.3, Sum: 2.0]
      [Code Root Scanning (ms): Min: 0.0, Avg: 0.0, Max: 0.0, Diff: 0.0, Sum: 0.1]
      [Object Copy (ms): Min: 0.0, Avg: 0.3, Max: 0.4, Diff: 0.4, Sum: 2.0]
      [Termination (ms): Min: 0.0, Avg: 0.5, Max: 0.7, Diff: 0.7, Sum: 3.9]
         [Termination Attempts: Min: 1, Avg: 1.0, Max: 1, Diff: 0, Sum: 8]
      [GC Worker Other (ms): Min: 0.0, Avg: 0.0, Max: 0.1, Diff: 0.1, Sum: 0.3]
      [GC Worker Total (ms): Min: 2.0, Avg: 2.5, Max: 2.7, Diff: 0.7, Sum: 19.6]
      [GC Worker End (ms): Min: 414295.1, Avg: 414295.1, Max: 414295.2, Diff: 0.1]
   [Code Root Fixup: 0.0 ms]
   [Code Root Purge: 0.0 ms]
   [Clear CT: 0.5 ms]
   [Other: 5.9 ms]
      [Choose CSet: 0.0 ms]
      [Ref Proc: 1.4 ms]
      [Ref Enq: 0.0 ms]
      [Redirty Cards: 0.5 ms]
      [Humongous Register: 0.1 ms]
      [Humongous Reclaim: 0.2 ms]
      [Free CSet: 2.0 ms]
   [Eden: 1458.0M(1458.0M)->0.0B(1460.0M) Survivors: 6144.0K->5120.0K Heap: 5974.1M(6656.0M)->4515.7M(6656.0M)]
 [Times: user=0.03 sys=0.00, real=0.01 secs]
         vmop                    [threads: total initially_running wait_to_block]    [time: spin block sync cleanup vmop] page_trap_count
414.291: G1IncCollectionPause             [      32          0              0    ]      [     0     0     0     0     9    ]  0
2017-11-22T10:00:12.406+0800: 414.301: [GC concurrent-root-region-scan-start]
2017-11-22T10:00:12.406+0800: 414.301: Total time for which application threads were stopped: 0.0099758 seconds, Stopping threads took: 0.0001846 seconds
2017-11-22T10:00:12.407+0800: 414.302: [GC concurrent-root-region-scan-end, 0.0010015 secs]
2017-11-22T10:00:12.407+0800: 414.302: [GC concurrent-mark-start]
         vmop                    [threads: total initially_running wait_to_block]    [time: spin block sync cleanup vmop] page_trap_count
414.665: RevokeBias                       [      32          0              0    ]      [     0     0   125     0     0    ]  0
2017-11-22T10:00:12.897+0800: 414.791: Total time for which application threads were stopped: 0.0002983 seconds, Stopping threads took: 0.0000687 seconds
         vmop                    [threads: total initially_running wait_to_block]    [time: spin block sync cleanup vmop] page_trap_count
414.791: RevokeBias                       [      32          0              0    ]      [     0     0     0     0     0    ]  0
2017-11-22T10:00:12.897+0800: 414.791: Total time for which application threads were stopped: 0.0001281 seconds, Stopping threads took: 0.0000356 seconds
         vmop                    [threads: total initially_running wait_to_block]    [time: spin block sync cleanup vmop] page_trap_count
414.792: BulkRevokeBias                   [      32          0              0    ]      [     0     0     0     0     0    ]  0
2017-11-22T10:00:12.898+0800: 414.792: Total time for which application threads were stopped: 0.0005551 seconds, Stopping threads took: 0.0000667 seconds
         vmop                    [threads: total initially_running wait_to_block]    [time: spin block sync cleanup vmop] page_trap_count
414.796: RevokeBias                       [      33          1              0    ]      [     0     0     0     0     0    ]  0
2017-11-22T10:00:12.902+0800: 414.797: Total time for which application threads were stopped: 0.0001954 seconds, Stopping threads took: 0.0000754 seconds
2017-11-22T10:00:13.970+0800: 415.864: [GC pause (G1 Evacuation Pause) (young) 415.864: [G1Ergonomics (CSet Construction) start choosing CSet, _pending_cards: 1549, predicted base time: 10.82 ms, remaining time: 189.18 ms, target pause time: 200.00 ms]
 415.864: [G1Ergonomics (CSet Construction) add young regions to CSet, eden: 1460 regions, survivors: 5 regions, predicted young region time: 3.30 ms]
 415.864: [G1Ergonomics (CSet Construction) finish choosing CSet, eden: 1460 regions, survivors: 5 regions, old: 0 regions, predicted pause time: 14.12 ms, target pause time: 200.00 ms]
, 0.0129807 secs]
   [Parallel Time: 2.9 ms, GC Workers: 8]
      [GC Worker Start (ms): Min: 415864.4, Avg: 415865.4, Max: 415867.0, Diff: 2.6]
      [Ext Root Scanning (ms): Min: 0.0, Avg: 0.5, Max: 1.0, Diff: 1.0, Sum: 4.0]
      [Update RS (ms): Min: 0.0, Avg: 0.1, Max: 0.3, Diff: 0.3, Sum: 0.7]
         [Processed Buffers: Min: 0, Avg: 1.6, Max: 6, Diff: 6, Sum: 13]
      [Scan RS (ms): Min: 0.1, Avg: 0.3, Max: 0.5, Diff: 0.5, Sum: 2.7]
      [Code Root Scanning (ms): Min: 0.0, Avg: 0.0, Max: 0.0, Diff: 0.0, Sum: 0.1]
      [Object Copy (ms): Min: 0.0, Avg: 0.3, Max: 0.5, Diff: 0.5, Sum: 2.4]
      [Termination (ms): Min: 0.0, Avg: 0.5, Max: 0.7, Diff: 0.7, Sum: 3.9]
         [Termination Attempts: Min: 1, Avg: 1.0, Max: 1, Diff: 0, Sum: 8]
      [GC Worker Other (ms): Min: 0.0, Avg: 0.0, Max: 0.1, Diff: 0.1, Sum: 0.3]
      [GC Worker Total (ms): Min: 0.1, Avg: 1.8, Max: 2.7, Diff: 2.5, Sum: 14.2]
      [GC Worker End (ms): Min: 415867.1, Avg: 415867.1, Max: 415867.2, Diff: 0.1]
   [Code Root Fixup: 0.0 ms]
   [Code Root Purge: 0.0 ms]
   [Clear CT: 0.7 ms]
   [Other: 9.4 ms]
      [Choose CSet: 0.0 ms]
      [Ref Proc: 6.0 ms]
      [Ref Enq: 0.0 ms]
      [Redirty Cards: 0.4 ms]
      [Humongous Register: 0.3 ms]
      [Humongous Reclaim: 0.2 ms]
      [Free CSet: 2.1 ms]
   [Eden: 1460.0M(1460.0M)->0.0B(1460.0M) Survivors: 5120.0K->5120.0K Heap: 5975.7M(6656.0M)->4515.6M(6656.0M)]
 [Times: user=0.04 sys=0.01, real=0.01 secs]
         vmop                    [threads: total initially_running wait_to_block]    [time: spin block sync cleanup vmop] page_trap_count
415.864: G1IncCollectionPause             [      33          0              0    ]      [     0     0     0     0    13    ]  0
2017-11-22T10:00:13.983+0800: 415.877: Total time for which application threads were stopped: 0.0134277 seconds, Stopping threads took: 0.0000745 seconds
2017-11-22T10:00:16.389+0800: 418.283: [GC pause (G1 Evacuation Pause) (young) 418.284: [G1Ergonomics (CSet Construction) start choosing CSet, _pending_cards: 1307, predicted base time: 10.72 ms, remaining time: 189.28 ms, target pause time: 200.00 ms]
 418.284: [G1Ergonomics (CSet Construction) add young regions to CSet, eden: 1460 regions, survivors: 5 regions, predicted young region time: 3.79 ms]
 418.284: [G1Ergonomics (CSet Construction) finish choosing CSet, eden: 1460 regions, survivors: 5 regions, old: 0 regions, predicted pause time: 14.51 ms, target pause time: 200.00 ms]
, 0.0105513 secs]
   [Parallel Time: 3.6 ms, GC Workers: 8]
      [GC Worker Start (ms): Min: 418284.2, Avg: 418285.7, Max: 418287.2, Diff: 3.0]
      [Ext Root Scanning (ms): Min: 0.0, Avg: 0.3, Max: 0.9, Diff: 0.9, Sum: 2.4]
      [Update RS (ms): Min: 0.0, Avg: 0.1, Max: 0.2, Diff: 0.2, Sum: 0.5]
         [Processed Buffers: Min: 0, Avg: 1.8, Max: 10, Diff: 10, Sum: 14]
      [Scan RS (ms): Min: 0.1, Avg: 0.3, Max: 0.6, Diff: 0.5, Sum: 2.6]
      [Code Root Scanning (ms): Min: 0.0, Avg: 0.0, Max: 0.0, Diff: 0.0, Sum: 0.1]
      [Object Copy (ms): Min: 0.0, Avg: 0.5, Max: 1.7, Diff: 1.7, Sum: 3.7]
      [Termination (ms): Min: 0.0, Avg: 0.7, Max: 1.2, Diff: 1.2, Sum: 5.9]
         [Termination Attempts: Min: 1, Avg: 1.0, Max: 1, Diff: 0, Sum: 8]
      [GC Worker Other (ms): Min: 0.0, Avg: 0.0, Max: 0.1, Diff: 0.0, Sum: 0.2]
      [GC Worker Total (ms): Min: 0.5, Avg: 1.9, Max: 3.4, Diff: 3.0, Sum: 15.3]
      [GC Worker End (ms): Min: 418287.6, Avg: 418287.6, Max: 418287.6, Diff: 0.0]
   [Code Root Fixup: 0.0 ms]
   [Code Root Purge: 0.0 ms]
   [Clear CT: 0.8 ms]
   [Other: 6.1 ms]
      [Choose CSet: 0.0 ms]
      [Ref Proc: 2.3 ms]
      [Ref Enq: 0.0 ms]
      [Redirty Cards: 0.5 ms]
      [Humongous Register: 0.5 ms]
      [Humongous Reclaim: 0.2 ms]
      [Free CSet: 2.1 ms]
   [Eden: 1460.0M(1460.0M)->0.0B(1460.0M) Survivors: 5120.0K->5120.0K Heap: 5975.6M(6656.0M)->4515.7M(6656.0M)]
 [Times: user=0.02 sys=0.00, real=0.01 secs]
         vmop                    [threads: total initially_running wait_to_block]    [time: spin block sync cleanup vmop] page_trap_count
418.283: G1IncCollectionPause             [      33          0              0    ]      [     0     0     0     0    10    ]  0
2017-11-22T10:00:16.400+0800: 418.294: Total time for which application threads were stopped: 0.0110410 seconds, Stopping threads took: 0.0000716 seconds
2017-11-22T10:00:20.852+0800: 422.747: [GC concurrent-mark-end, 8.4451482 secs]
2017-11-22T10:00:20.853+0800: 422.747: [GC remark 2017-11-22T10:00:20.853+0800: 422.747: [Finalize Marking, 0.0010215 secs] 2017-11-22T10:00:20.854+0800: 422.748: [GC ref-proc, 0.0003535 secs] 2017-11-22T10:00:20.854+0800: 422.749: [Unloading, 0.0094056 secs], 0.0544041 secs]
 [Times: user=0.16 sys=0.00, real=0.06 secs]
         vmop                    [threads: total initially_running wait_to_block]    [time: spin block sync cleanup vmop] page_trap_count
422.747: CGC_Operation                    [      33          0              0    ]      [     0     0     0     0    54    ]  0
2017-11-22T10:00:20.907+0800: 422.802: Total time for which application threads were stopped: 0.0547191 seconds, Stopping threads took: 0.0000402 seconds
2017-11-22T10:00:20.908+0800: 422.803: [GC cleanup 5829M->5829M(6656M), 0.0533696 secs]
 [Times: user=0.14 sys=0.01, real=0.05 secs]
         vmop                    [threads: total initially_running wait_to_block]    [time: spin block sync cleanup vmop] page_trap_count
422.802: CGC_Operation                    [      33          0              0    ]      [     0     0     0     0    53    ]  0
2017-11-22T10:00:20.962+0800: 422.856: Total time for which application threads were stopped: 0.0536337 seconds, Stopping threads took: 0.0000407 seconds
2017-11-22T10:00:21.364+0800: 423.258: [GC pause (G1 Evacuation Pause) (young) 423.258: [G1Ergonomics (CSet Construction) start choosing CSet, _pending_cards: 1042, predicted base time: 9.81 ms, remaining time: 190.19 ms, target pause time: 200.00 ms]
 423.258: [G1Ergonomics (CSet Construction) add young regions to CSet, eden: 1460 regions, survivors: 5 regions, predicted young region time: 2.74 ms]
 423.258: [G1Ergonomics (CSet Construction) finish choosing CSet, eden: 1460 regions, survivors: 5 regions, old: 0 regions, predicted pause time: 12.56 ms, target pause time: 200.00 ms]
 423.268: [G1Ergonomics (Concurrent Cycles) do not request concurrent cycle initiation, reason: still doing mixed collections, occupancy: 4737466368 bytes, allocation request: 0 bytes, threshold: 3140694810 bytes (45.00 %), source: end of GC]
 423.268: [G1Ergonomics (Mixed GCs) do not start mixed GCs, reason: reclaimable percentage not over threshold, candidate old regions: 286 regions, reclaimable: 151563816 bytes (2.17 %), threshold: 5.00 %]
, 0.0096686 secs]
   [Parallel Time: 3.9 ms, GC Workers: 8]
      [GC Worker Start (ms): Min: 423258.9, Avg: 423261.3, Max: 423262.6, Diff: 3.7]
      [Ext Root Scanning (ms): Min: 0.0, Avg: 0.4, Max: 1.5, Diff: 1.5, Sum: 3.0]
      [Update RS (ms): Min: 0.0, Avg: 0.1, Max: 0.5, Diff: 0.5, Sum: 0.8]
         [Processed Buffers: Min: 0, Avg: 1.4, Max: 10, Diff: 10, Sum: 11]
      [Scan RS (ms): Min: 0.1, Avg: 0.2, Max: 0.8, Diff: 0.7, Sum: 1.9]
      [Code Root Scanning (ms): Min: 0.0, Avg: 0.0, Max: 0.1, Diff: 0.1, Sum: 0.1]
      [Object Copy (ms): Min: 0.0, Avg: 0.3, Max: 0.8, Diff: 0.8, Sum: 2.5]
      [Termination (ms): Min: 0.0, Avg: 0.3, Max: 0.4, Diff: 0.4, Sum: 2.2]
         [Termination Attempts: Min: 1, Avg: 1.0, Max: 1, Diff: 0, Sum: 8]
      [GC Worker Other (ms): Min: 0.0, Avg: 0.0, Max: 0.1, Diff: 0.0, Sum: 0.2]
      [GC Worker Total (ms): Min: 0.1, Avg: 1.4, Max: 3.8, Diff: 3.7, Sum: 10.9]
      [GC Worker End (ms): Min: 423262.7, Avg: 423262.7, Max: 423262.7, Diff: 0.0]
   [Code Root Fixup: 0.0 ms]
   [Code Root Purge: 0.0 ms]
   [Clear CT: 0.6 ms]
   [Other: 5.1 ms]
      [Choose CSet: 0.0 ms]
      [Ref Proc: 0.6 ms]
      [Ref Enq: 0.0 ms]
      [Redirty Cards: 0.3 ms]
      [Humongous Register: 0.4 ms]
      [Humongous Reclaim: 0.2 ms]
      [Free CSet: 3.4 ms]
   [Eden: 1460.0M(1460.0M)->0.0B(1460.0M) Survivors: 5120.0K->5120.0K Heap: 5975.7M(6656.0M)->4515.3M(6656.0M)]
 [Times: user=0.02 sys=0.00, real=0.00 secs]
         vmop                    [threads: total initially_running wait_to_block]    [time: spin block sync cleanup vmop] page_trap_count
423.258: G1IncCollectionPause             [      33          0              0    ]      [     0     0     0     0     9    ]  0
2017-11-22T10:00:21.374+0800: 423.268: Total time for which application threads were stopped: 0.0100271 seconds, Stopping threads took: 0.0000541 seconds
         vmop                    [threads: total initially_running wait_to_block]    [time: spin block sync cleanup vmop] page_trap_count
424.263: BulkRevokeBias                   [      33          1              1    ]      [     2     0     2     0     0    ]  1
2017-11-22T10:00:22.372+0800: 424.266: Total time for which application threads were stopped: 0.0031100 seconds, Stopping threads took: 0.0028134 seconds
2017-11-22T10:00:23.068+0800: 424.962: [GC pause (G1 Evacuation Pause) (young) 424.962: [G1Ergonomics (CSet Construction) start choosing CSet, _pending_cards: 1036, predicted base time: 8.81 ms, remaining time: 191.19 ms, target pause time: 200.00 ms]
 424.962: [G1Ergonomics (CSet Construction) add young regions to CSet, eden: 1460 regions, survivors: 5 regions, predicted young region time: 4.65 ms]
 424.962: [G1Ergonomics (CSet Construction) finish choosing CSet, eden: 1460 regions, survivors: 5 regions, old: 0 regions, predicted pause time: 13.46 ms, target pause time: 200.00 ms]
 424.985: [G1Ergonomics (Concurrent Cycles) request concurrent cycle initiation, reason: occupancy higher than threshold, occupancy: 4737466368 bytes, allocation request: 0 bytes, threshold: 3140694810 bytes (45.00 %), source: end of GC]
, 0.0232139 secs]
   [Parallel Time: 4.1 ms, GC Workers: 8]
      [GC Worker Start (ms): Min: 424962.7, Avg: 424965.1, Max: 424966.4, Diff: 3.7]
      [Ext Root Scanning (ms): Min: 0.0, Avg: 0.3, Max: 1.3, Diff: 1.3, Sum: 2.6]
      [Update RS (ms): Min: 0.0, Avg: 0.1, Max: 0.3, Diff: 0.3, Sum: 0.5]
         [Processed Buffers: Min: 0, Avg: 1.4, Max: 9, Diff: 9, Sum: 11]
      [Scan RS (ms): Min: 0.1, Avg: 0.3, Max: 0.8, Diff: 0.7, Sum: 2.1]
      [Code Root Scanning (ms): Min: 0.0, Avg: 0.0, Max: 0.1, Diff: 0.1, Sum: 0.1]
      [Object Copy (ms): Min: 0.0, Avg: 0.0, Max: 0.2, Diff: 0.2, Sum: 0.3]
      [Termination (ms): Min: 0.0, Avg: 0.7, Max: 1.3, Diff: 1.3, Sum: 5.6]
         [Termination Attempts: Min: 1, Avg: 1.0, Max: 1, Diff: 0, Sum: 8]
      [GC Worker Other (ms): Min: 0.0, Avg: 0.1, Max: 0.1, Diff: 0.1, Sum: 0.4]
      [GC Worker Total (ms): Min: 0.1, Avg: 1.5, Max: 3.8, Diff: 3.7, Sum: 11.7]
      [GC Worker End (ms): Min: 424966.5, Avg: 424966.5, Max: 424966.6, Diff: 0.1]
   [Code Root Fixup: 0.0 ms]
   [Code Root Purge: 0.0 ms]
   [Clear CT: 1.0 ms]
   [Other: 18.1 ms]
      [Choose CSet: 0.0 ms]
      [Ref Proc: 14.9 ms]
      [Ref Enq: 0.0 ms]
      [Redirty Cards: 0.2 ms]
      [Humongous Register: 0.6 ms]
      [Humongous Reclaim: 0.2 ms]
      [Free CSet: 2.0 ms]
   [Eden: 1460.0M(1460.0M)->0.0B(1465.0M) Survivors: 5120.0K->1024.0K Heap: 5975.3M(6656.0M)->4511.0M(6656.0M)]
 [Times: user=0.02 sys=0.00, real=0.02 secs]
         vmop                    [threads: total initially_running wait_to_block]    [time: spin block sync cleanup vmop] page_trap_count
424.962: G1IncCollectionPause             [      33          0              1    ]      [     0     0     0     0    23    ]  0
2017-11-22T10:00:23.091+0800: 424.985: Total time for which application threads were stopped: 0.0236264 seconds, Stopping threads took: 0.0000621 seconds
 426.348: [G1Ergonomics (Concurrent Cycles) initiate concurrent cycle, reason: concurrent cycle initiation requested]
2017-11-22T10:00:24.454+0800: 426.348: [GC pause (G1 Evacuation Pause) (young) (initial-mark) 426.350: [G1Ergonomics (CSet Construction) start choosing CSet, _pending_cards: 525, predicted base time: 13.87 ms, remaining time: 186.13 ms, target pause time: 200.00 ms]
 426.350: [G1Ergonomics (CSet Construction) add young regions to CSet, eden: 1465 regions, survivors: 1 regions, predicted young region time: 4.32 ms]
 426.350: [G1Ergonomics (CSet Construction) finish choosing CSet, eden: 1465 regions, survivors: 1 regions, old: 0 regions, predicted pause time: 18.19 ms, target pause time: 200.00 ms]
, 0.0104388 secs]
   [Parallel Time: 3.5 ms, GC Workers: 8]
      [GC Worker Start (ms): Min: 426350.6, Avg: 426351.4, Max: 426351.9, Diff: 1.3]
      [Ext Root Scanning (ms): Min: 0.5, Avg: 1.4, Max: 1.9, Diff: 1.4, Sum: 11.0]
      [Update RS (ms): Min: 0.0, Avg: 0.1, Max: 0.3, Diff: 0.3, Sum: 0.6]
         [Processed Buffers: Min: 0, Avg: 1.0, Max: 3, Diff: 3, Sum: 8]
      [Scan RS (ms): Min: 0.1, Avg: 0.4, Max: 0.6, Diff: 0.5, Sum: 2.9]
      [Code Root Scanning (ms): Min: 0.0, Avg: 0.0, Max: 0.0, Diff: 0.0, Sum: 0.1]
      [Object Copy (ms): Min: 0.0, Avg: 0.3, Max: 0.5, Diff: 0.5, Sum: 2.5]
      [Termination (ms): Min: 0.0, Avg: 0.3, Max: 0.5, Diff: 0.5, Sum: 2.5]
         [Termination Attempts: Min: 1, Avg: 1.1, Max: 2, Diff: 1, Sum: 9]
      [GC Worker Other (ms): Min: 0.0, Avg: 0.0, Max: 0.1, Diff: 0.1, Sum: 0.3]
      [GC Worker Total (ms): Min: 2.0, Avg: 2.5, Max: 3.3, Diff: 1.3, Sum: 19.8]
      [GC Worker End (ms): Min: 426353.8, Avg: 426353.9, Max: 426353.9, Diff: 0.1]
   [Code Root Fixup: 0.0 ms]
   [Code Root Purge: 0.0 ms]
   [Clear CT: 0.7 ms]
   [Other: 6.2 ms]
      [Choose CSet: 0.0 ms]
      [Ref Proc: 0.4 ms]
      [Ref Enq: 0.0 ms]
      [Redirty Cards: 0.3 ms]
      [Humongous Register: 0.2 ms]
      [Humongous Reclaim: 0.2 ms]
      [Free CSet: 2.1 ms]
   [Eden: 1465.0M(1465.0M)->0.0B(1460.0M) Survivors: 1024.0K->6144.0K Heap: 5976.0M(6656.0M)->4516.0M(6656.0M)]
 [Times: user=0.02 sys=0.01, real=0.02 secs]
         vmop                    [threads: total initially_running wait_to_block]    [time: spin block sync cleanup vmop] page_trap_count
426.348: G1IncCollectionPause             [      33          0              0    ]      [     0     0     0     0    10    ]  0
2017-11-22T10:00:24.464+0800: 426.359: [GC concurrent-root-region-scan-start]
2017-11-22T10:00:24.464+0800: 426.359: Total time for which application threads were stopped: 0.0111446 seconds, Stopping threads took: 0.0000597 seconds
2017-11-22T10:00:24.465+0800: 426.360: [GC concurrent-root-region-scan-end, 0.0010146 secs]
2017-11-22T10:00:24.465+0800: 426.360: [GC concurrent-mark-start]
2017-11-22T10:00:26.222+0800: 428.116: [GC pause (G1 Evacuation Pause) (young) 428.116: [G1Ergonomics (CSet Construction) start choosing CSet, _pending_cards: 1304, predicted base time: 12.47 ms, remaining time: 187.53 ms, target pause time: 200.00 ms]
 428.116: [G1Ergonomics (CSet Construction) add young regions to CSet, eden: 1460 regions, survivors: 6 regions, predicted young region time: 3.73 ms]
 428.116: [G1Ergonomics (CSet Construction) finish choosing CSet, eden: 1460 regions, survivors: 6 regions, old: 0 regions, predicted pause time: 16.20 ms, target pause time: 200.00 ms]
, 0.0069628 secs]
   [Parallel Time: 2.0 ms, GC Workers: 8]
      [GC Worker Start (ms): Min: 428116.3, Avg: 428116.6, Max: 428117.9, Diff: 1.6]
      [Ext Root Scanning (ms): Min: 0.0, Avg: 0.4, Max: 1.1, Diff: 1.1, Sum: 3.5]
      [Update RS (ms): Min: 0.0, Avg: 0.1, Max: 0.2, Diff: 0.2, Sum: 0.6]
         [Processed Buffers: Min: 0, Avg: 1.6, Max: 6, Diff: 6, Sum: 13]
      [Scan RS (ms): Min: 0.1, Avg: 0.4, Max: 0.5, Diff: 0.4, Sum: 2.9]
      [Code Root Scanning (ms): Min: 0.0, Avg: 0.0, Max: 0.0, Diff: 0.0, Sum: 0.1]
      [Object Copy (ms): Min: 0.0, Avg: 0.3, Max: 0.4, Diff: 0.4, Sum: 2.4]
      [Termination (ms): Min: 0.0, Avg: 0.2, Max: 0.3, Diff: 0.3, Sum: 1.8]
         [Termination Attempts: Min: 1, Avg: 1.0, Max: 1, Diff: 0, Sum: 8]
      [GC Worker Other (ms): Min: 0.0, Avg: 0.0, Max: 0.1, Diff: 0.1, Sum: 0.2]
      [GC Worker Total (ms): Min: 0.1, Avg: 1.4, Max: 1.7, Diff: 1.6, Sum: 11.5]
      [GC Worker End (ms): Min: 428118.0, Avg: 428118.0, Max: 428118.1, Diff: 0.1]
   [Code Root Fixup: 0.0 ms]
   [Code Root Purge: 0.0 ms]
   [Clear CT: 0.8 ms]
   [Other: 4.2 ms]
      [Choose CSet: 0.0 ms]
      [Ref Proc: 0.6 ms]
      [Ref Enq: 0.0 ms]
      [Redirty Cards: 0.3 ms]
      [Humongous Register: 0.3 ms]
      [Humongous Reclaim: 0.3 ms]
      [Free CSet: 2.4 ms]
   [Eden: 1460.0M(1460.0M)->0.0B(1459.0M) Survivors: 6144.0K->6144.0K Heap: 5976.0M(6656.0M)->4515.9M(6656.0M)]
 [Times: user=0.03 sys=0.00, real=0.01 secs]
         vmop                    [threads: total initially_running wait_to_block]    [time: spin block sync cleanup vmop] page_trap_count
428.116: G1IncCollectionPause             [      33          0              0    ]      [     0     0     0     0     7    ]  0
2017-11-22T10:00:26.229+0800: 428.123: Total time for which application threads were stopped: 0.0074148 seconds, Stopping threads took: 0.0000578 seconds
         vmop                    [threads: total initially_running wait_to_block]    [time: spin block sync cleanup vmop] page_trap_count
429.016: RevokeBias                       [      33          2              2    ]      [     0     0     0     0     0    ]  0
2017-11-22T10:00:27.122+0800: 429.016: Total time for which application threads were stopped: 0.0003070 seconds, Stopping threads took: 0.0001208 seconds
2017-11-22T10:00:30.805+0800: 432.699: [GC pause (G1 Evacuation Pause) (young) 432.699: [G1Ergonomics (CSet Construction) start choosing CSet, _pending_cards: 2061, predicted base time: 10.57 ms, remaining time: 189.43 ms, target pause time: 200.00 ms]
 432.699: [G1Ergonomics (CSet Construction) add young regions to CSet, eden: 1459 regions, survivors: 6 regions, predicted young region time: 3.35 ms]
 432.699: [G1Ergonomics (CSet Construction) finish choosing CSet, eden: 1459 regions, survivors: 6 regions, old: 0 regions, predicted pause time: 13.92 ms, target pause time: 200.00 ms]
, 0.0270829 secs]
   [Parallel Time: 3.7 ms, GC Workers: 8]
      [GC Worker Start (ms): Min: 432699.9, Avg: 432700.5, Max: 432702.3, Diff: 2.3]
      [Ext Root Scanning (ms): Min: 0.0, Avg: 0.5, Max: 1.0, Diff: 1.0, Sum: 4.2]
      [Update RS (ms): Min: 0.0, Avg: 0.1, Max: 0.2, Diff: 0.2, Sum: 0.6]
         [Processed Buffers: Min: 0, Avg: 1.9, Max: 5, Diff: 5, Sum: 15]
      [Scan RS (ms): Min: 0.1, Avg: 0.4, Max: 1.2, Diff: 1.1, Sum: 3.6]
      [Code Root Scanning (ms): Min: 0.0, Avg: 0.0, Max: 0.0, Diff: 0.0, Sum: 0.1]
      [Object Copy (ms): Min: 0.0, Avg: 0.4, Max: 0.7, Diff: 0.7, Sum: 3.2]
      [Termination (ms): Min: 0.0, Avg: 0.4, Max: 0.5, Diff: 0.5, Sum: 3.1]
         [Termination Attempts: Min: 1, Avg: 1.0, Max: 1, Diff: 0, Sum: 8]
      [GC Worker Other (ms): Min: 0.0, Avg: 0.1, Max: 0.1, Diff: 0.1, Sum: 0.5]
      [GC Worker Total (ms): Min: 0.1, Avg: 1.9, Max: 2.6, Diff: 2.5, Sum: 15.4]
      [GC Worker End (ms): Min: 432702.4, Avg: 432702.5, Max: 432702.5, Diff: 0.1]
   [Code Root Fixup: 0.0 ms]
   [Code Root Purge: 0.0 ms]
   [Clear CT: 1.3 ms]
   [Other: 22.1 ms]
      [Choose CSet: 0.0 ms]
      [Ref Proc: 18.5 ms]
      [Ref Enq: 0.0 ms]
      [Redirty Cards: 0.3 ms]
      [Humongous Register: 0.4 ms]
      [Humongous Reclaim: 0.3 ms]
      [Free CSet: 2.3 ms]
   [Eden: 1459.0M(1459.0M)->0.0B(1459.0M) Survivors: 6144.0K->6144.0K Heap: 5974.9M(6656.0M)->4516.0M(6656.0M)]
 [Times: user=0.04 sys=0.00, real=0.02 secs]
         vmop                    [threads: total initially_running wait_to_block]    [time: spin block sync cleanup vmop] page_trap_count
432.699: G1IncCollectionPause             [      33          0              0    ]      [     0     0     0     0    27    ]  0
2017-11-22T10:00:30.832+0800: 432.727: Total time for which application threads were stopped: 0.0274913 seconds, Stopping threads took: 0.0000621 seconds
         vmop                    [threads: total initially_running wait_to_block]    [time: spin block sync cleanup vmop] page_trap_count
433.727: no vm operation                  [      33          0              0    ]      [     0     0     0     0     0    ]  0
2017-11-22T10:00:31.833+0800: 433.727: Total time for which application threads were stopped: 0.0002442 seconds, Stopping threads took: 0.0000535 seconds
2017-11-22T10:00:32.309+0800: 434.203: [GC concurrent-mark-end, 7.8433571 secs]
2017-11-22T10:00:32.309+0800: 434.203: [GC remark 2017-11-22T10:00:32.309+0800: 434.203: [Finalize Marking, 0.0005919 secs] 2017-11-22T10:00:32.310+0800: 434.204: [GC ref-proc, 0.0002662 secs] 2017-11-22T10:00:32.310+0800: 434.204: [Unloading, 0.0099842 secs], 0.0398625 secs]
 [Times: user=0.14 sys=0.01, real=0.04 secs]
         vmop                    [threads: total initially_running wait_to_block]    [time: spin block sync cleanup vmop] page_trap_count
434.203: CGC_Operation                    [      33          0              0    ]      [     0     0     0     0    39    ]  0
2017-11-22T10:00:32.349+0800: 434.243: Total time for which application threads were stopped: 0.0401733 seconds, Stopping threads took: 0.0000662 seconds
2017-11-22T10:00:32.349+0800: 434.244: [GC cleanup 4861M->4861M(6656M), 0.0288994 secs]
 [Times: user=0.13 sys=0.00, real=0.03 secs]
         vmop                    [threads: total initially_running wait_to_block]    [time: spin block sync cleanup vmop] page_trap_count
434.244: CGC_Operation                    [      33          2              1    ]      [     0     0     0     0    28    ]  0
2017-11-22T10:00:32.378+0800: 434.273: Total time for which application threads were stopped: 0.0292320 seconds, Stopping threads took: 0.0001197 seconds
2017-11-22T10:00:36.922+0800: 438.816: [GC pause (G1 Evacuation Pause) (young) 438.816: [G1Ergonomics (CSet Construction) start choosing CSet, _pending_cards: 1304, predicted base time: 16.28 ms, remaining time: 183.72 ms, target pause time: 200.00 ms]
 438.816: [G1Ergonomics (CSet Construction) add young regions to CSet, eden: 1459 regions, survivors: 6 regions, predicted young region time: 3.52 ms]
 438.816: [G1Ergonomics (CSet Construction) finish choosing CSet, eden: 1459 regions, survivors: 6 regions, old: 0 regions, predicted pause time: 19.79 ms, target pause time: 200.00 ms]
 438.823: [G1Ergonomics (Concurrent Cycles) do not request concurrent cycle initiation, reason: still doing mixed collections, occupancy: 4737466368 bytes, allocation request: 0 bytes, threshold: 3140694810 bytes (45.00 %), source: end of GC]
 438.824: [G1Ergonomics (Mixed GCs) do not start mixed GCs, reason: reclaimable percentage not over threshold, candidate old regions: 286 regions, reclaimable: 151563816 bytes (2.17 %), threshold: 5.00 %]
, 0.0072185 secs]
   [Parallel Time: 2.7 ms, GC Workers: 8]
      [GC Worker Start (ms): Min: 438816.9, Avg: 438817.7, Max: 438819.2, Diff: 2.4]
      [Ext Root Scanning (ms): Min: 0.0, Avg: 0.5, Max: 1.0, Diff: 1.0, Sum: 3.9]
      [Update RS (ms): Min: 0.0, Avg: 0.1, Max: 0.3, Diff: 0.3, Sum: 0.7]
         [Processed Buffers: Min: 0, Avg: 1.8, Max: 9, Diff: 9, Sum: 14]
      [Scan RS (ms): Min: 0.1, Avg: 0.4, Max: 0.6, Diff: 0.5, Sum: 3.1]
      [Code Root Scanning (ms): Min: 0.0, Avg: 0.0, Max: 0.0, Diff: 0.0, Sum: 0.1]
      [Object Copy (ms): Min: 0.0, Avg: 0.3, Max: 0.5, Diff: 0.5, Sum: 2.3]
      [Termination (ms): Min: 0.0, Avg: 0.4, Max: 0.5, Diff: 0.5, Sum: 2.8]
         [Termination Attempts: Min: 1, Avg: 1.0, Max: 1, Diff: 0, Sum: 8]
      [GC Worker Other (ms): Min: 0.0, Avg: 0.0, Max: 0.1, Diff: 0.1, Sum: 0.3]
      [GC Worker Total (ms): Min: 0.1, Avg: 1.7, Max: 2.5, Diff: 2.4, Sum: 13.3]
      [GC Worker End (ms): Min: 438819.4, Avg: 438819.4, Max: 438819.4, Diff: 0.1]
   [Code Root Fixup: 0.0 ms]
   [Code Root Purge: 0.0 ms]
   [Clear CT: 0.5 ms]
   [Other: 4.0 ms]
      [Choose CSet: 0.0 ms]
      [Ref Proc: 0.5 ms]
      [Ref Enq: 0.0 ms]
      [Redirty Cards: 0.3 ms]
      [Humongous Register: 0.3 ms]
      [Humongous Reclaim: 0.3 ms]
      [Free CSet: 2.2 ms]
   [Eden: 1459.0M(1459.0M)->0.0B(1459.0M) Survivors: 6144.0K->6144.0K Heap: 5975.0M(6656.0M)->4515.9M(6656.0M)]
 [Times: user=0.02 sys=0.00, real=0.01 secs]
         vmop                    [threads: total initially_running wait_to_block]    [time: spin block sync cleanup vmop] page_trap_count
438.816: G1IncCollectionPause             [      33          0              0    ]      [     0     0     0     0     7    ]  0
2017-11-22T10:00:36.929+0800: 438.824: Total time for which application threads were stopped: 0.0076153 seconds, Stopping threads took: 0.0000677 seconds
         vmop                    [threads: total initially_running wait_to_block]    [time: spin block sync cleanup vmop] page_trap_count
443.546: RevokeBias                       [      32          0              0    ]      [     0     0     0     0     0    ]  0
2017-11-22T10:00:41.652+0800: 443.546: Total time for which application threads were stopped: 0.0002265 seconds, Stopping threads took: 0.0000493 seconds
         vmop                    [threads: total initially_running wait_to_block]    [time: spin block sync cleanup vmop] page_trap_count
443.546: RevokeBias                       [      32          0              0    ]      [     0     0     0     0     0    ]  0
2017-11-22T10:00:41.652+0800: 443.547: Total time for which application threads were stopped: 0.0001854 seconds, Stopping threads took: 0.0000357 seconds
         vmop                    [threads: total initially_running wait_to_block]    [time: spin block sync cleanup vmop] page_trap_count
443.547: RevokeBias                       [      32          0              0    ]      [     0     0     0     0     0    ]  0
2017-11-22T10:00:41.652+0800: 443.547: Total time for which application threads were stopped: 0.0001159 seconds, Stopping threads took: 0.0000199 seconds
2017-11-22T10:00:42.377+0800: 444.271: [GC pause (G1 Evacuation Pause) (young) 444.271: [G1Ergonomics (CSet Construction) start choosing CSet, _pending_cards: 1289, predicted base time: 13.49 ms, remaining time: 186.51 ms, target pause time: 200.00 ms]
 444.271: [G1Ergonomics (CSet Construction) add young regions to CSet, eden: 1459 regions, survivors: 6 regions, predicted young region time: 3.13 ms]
 444.271: [G1Ergonomics (CSet Construction) finish choosing CSet, eden: 1459 regions, survivors: 6 regions, old: 0 regions, predicted pause time: 16.62 ms, target pause time: 200.00 ms]
 444.278: [G1Ergonomics (Concurrent Cycles) request concurrent cycle initiation, reason: occupancy higher than threshold, occupancy: 4737466368 bytes, allocation request: 0 bytes, threshold: 3140694810 bytes (45.00 %), source: end of GC]
, 0.0064699 secs]
   [Parallel Time: 2.4 ms, GC Workers: 8]
      [GC Worker Start (ms): Min: 444271.9, Avg: 444272.6, Max: 444273.9, Diff: 2.1]
      [Ext Root Scanning (ms): Min: 0.0, Avg: 0.4, Max: 0.9, Diff: 0.9, Sum: 2.9]
      [Update RS (ms): Min: 0.0, Avg: 0.1, Max: 0.2, Diff: 0.2, Sum: 0.6]
         [Processed Buffers: Min: 0, Avg: 1.4, Max: 6, Diff: 6, Sum: 11]
      [Scan RS (ms): Min: 0.1, Avg: 0.2, Max: 0.4, Diff: 0.3, Sum: 1.9]
      [Code Root Scanning (ms): Min: 0.0, Avg: 0.0, Max: 0.0, Diff: 0.0, Sum: 0.1]
      [Object Copy (ms): Min: 0.0, Avg: 0.5, Max: 0.9, Diff: 0.9, Sum: 3.8]
      [Termination (ms): Min: 0.0, Avg: 0.3, Max: 0.5, Diff: 0.5, Sum: 2.0]
         [Termination Attempts: Min: 1, Avg: 1.0, Max: 1, Diff: 0, Sum: 8]
      [GC Worker Other (ms): Min: 0.0, Avg: 0.0, Max: 0.1, Diff: 0.1, Sum: 0.2]
      [GC Worker Total (ms): Min: 0.1, Avg: 1.4, Max: 2.2, Diff: 2.1, Sum: 11.5]
      [GC Worker End (ms): Min: 444274.0, Avg: 444274.1, Max: 444274.1, Diff: 0.1]
   [Code Root Fixup: 0.0 ms]
   [Code Root Purge: 0.0 ms]
   [Clear CT: 0.5 ms]
   [Other: 3.6 ms]
      [Choose CSet: 0.0 ms]
      [Ref Proc: 0.5 ms]
      [Ref Enq: 0.0 ms]
      [Redirty Cards: 0.3 ms]
      [Humongous Register: 0.5 ms]
      [Humongous Reclaim: 0.2 ms]
      [Free CSet: 1.7 ms]
   [Eden: 1459.0M(1459.0M)->0.0B(1459.0M) Survivors: 6144.0K->6144.0K Heap: 5974.9M(6656.0M)->4515.9M(6656.0M)]
 [Times: user=0.01 sys=0.00, real=0.01 secs]
         vmop                    [threads: total initially_running wait_to_block]    [time: spin block sync cleanup vmop] page_trap_count
444.271: G1IncCollectionPause             [      32          0              0    ]      [     0     0     0     0     6    ]  0
2017-11-22T10:00:42.384+0800: 444.278: Total time for which application threads were stopped: 0.0068648 seconds, Stopping threads took: 0.0000532 seconds
         vmop                    [threads: total initially_running wait_to_block]    [time: spin block sync cleanup vmop] page_trap_count
446.504: RevokeBias                       [      32          1              1    ]      [     0     0     0     0     0    ]  0
2017-11-22T10:00:44.610+0800: 446.505: Total time for which application threads were stopped: 0.0004166 seconds, Stopping threads took: 0.0001854 seconds
         vmop                    [threads: total initially_running wait_to_block]    [time: spin block sync cleanup vmop] page_trap_count
446.505: RevokeBias                       [      32          1              1    ]      [     0     0     0     0     0    ]  1
2017-11-22T10:00:44.611+0800: 446.505: Total time for which application threads were stopped: 0.0002052 seconds, Stopping threads took: 0.0000739 seconds
         vmop                    [threads: total initially_running wait_to_block]    [time: spin block sync cleanup vmop] page_trap_count
446.509: RevokeBias                       [      33          1              0    ]      [     0     0     0     0     0    ]  0
2017-11-22T10:00:44.615+0800: 446.509: Total time for which application threads were stopped: 0.0003075 seconds, Stopping threads took: 0.0001665 seconds
 450.117: [G1Ergonomics (Concurrent Cycles) initiate concurrent cycle, reason: concurrent cycle initiation requested]
2017-11-22T10:00:48.223+0800: 450.117: [GC pause (G1 Evacuation Pause) (young) (initial-mark) 450.118: [G1Ergonomics (CSet Construction) start choosing CSet, _pending_cards: 1569, predicted base time: 11.27 ms, remaining time: 188.73 ms, target pause time: 200.00 ms]
 450.118: [G1Ergonomics (CSet Construction) add young regions to CSet, eden: 1459 regions, survivors: 6 regions, predicted young region time: 3.19 ms]
 450.118: [G1Ergonomics (CSet Construction) finish choosing CSet, eden: 1459 regions, survivors: 6 regions, old: 0 regions, predicted pause time: 14.46 ms, target pause time: 200.00 ms]
, 0.0076628 secs]
   [Parallel Time: 2.5 ms, GC Workers: 8]
      [GC Worker Start (ms): Min: 450118.6, Avg: 450118.7, Max: 450118.8, Diff: 0.3]
      [Ext Root Scanning (ms): Min: 1.0, Avg: 1.2, Max: 1.4, Diff: 0.3, Sum: 9.7]
      [Update RS (ms): Min: 0.0, Avg: 0.1, Max: 0.2, Diff: 0.2, Sum: 0.6]
         [Processed Buffers: Min: 0, Avg: 2.0, Max: 4, Diff: 4, Sum: 16]
      [Scan RS (ms): Min: 0.3, Avg: 0.4, Max: 0.4, Diff: 0.1, Sum: 2.8]
      [Code Root Scanning (ms): Min: 0.0, Avg: 0.0, Max: 0.0, Diff: 0.0, Sum: 0.1]
      [Object Copy (ms): Min: 0.4, Avg: 0.4, Max: 0.4, Diff: 0.1, Sum: 3.0]
      [Termination (ms): Min: 0.0, Avg: 0.0, Max: 0.0, Diff: 0.0, Sum: 0.2]
         [Termination Attempts: Min: 1, Avg: 1.0, Max: 1, Diff: 0, Sum: 8]
      [GC Worker Other (ms): Min: 0.0, Avg: 0.1, Max: 0.2, Diff: 0.2, Sum: 0.7]
      [GC Worker Total (ms): Min: 2.0, Avg: 2.1, Max: 2.3, Diff: 0.3, Sum: 17.2]
      [GC Worker End (ms): Min: 450120.8, Avg: 450120.8, Max: 450120.9, Diff: 0.2]
   [Code Root Fixup: 0.0 ms]
   [Code Root Purge: 0.0 ms]
   [Clear CT: 0.7 ms]
   [Other: 4.4 ms]
      [Choose CSet: 0.0 ms]
      [Ref Proc: 0.3 ms]
      [Ref Enq: 0.0 ms]
      [Redirty Cards: 0.3 ms]
      [Humongous Register: 0.1 ms]
      [Humongous Reclaim: 0.1 ms]
      [Free CSet: 1.9 ms]
   [Eden: 1459.0M(1459.0M)->0.0B(1459.0M) Survivors: 6144.0K->6144.0K Heap: 5974.9M(6656.0M)->4515.9M(6656.0M)]
 [Times: user=0.02 sys=0.01, real=0.01 secs]
         vmop                    [threads: total initially_running wait_to_block]    [time: spin block sync cleanup vmop] page_trap_count
450.117: G1IncCollectionPause             [      33          0              0    ]      [     0     0     0     0     7    ]  0
2017-11-22T10:00:48.231+0800: 450.125: [GC concurrent-root-region-scan-start]
2017-11-22T10:00:48.231+0800: 450.125: Total time for which application threads were stopped: 0.0080528 seconds, Stopping threads took: 0.0000545 seconds
2017-11-22T10:00:48.231+0800: 450.126: [GC concurrent-root-region-scan-end, 0.0006338 secs]
2017-11-22T10:00:48.231+0800: 450.126: [GC concurrent-mark-start]
2017-11-22T10:00:54.527+0800: 456.421: [GC pause (G1 Evacuation Pause) (young) 456.421: [G1Ergonomics (CSet Construction) start choosing CSet, _pending_cards: 2058, predicted base time: 9.89 ms, remaining time: 190.11 ms, target pause time: 200.00 ms]
 456.421: [G1Ergonomics (CSet Construction) add young regions to CSet, eden: 1459 regions, survivors: 6 regions, predicted young region time: 3.04 ms]
 456.421: [G1Ergonomics (CSet Construction) finish choosing CSet, eden: 1459 regions, survivors: 6 regions, old: 0 regions, predicted pause time: 12.93 ms, target pause time: 200.00 ms]
, 0.0073387 secs]
   [Parallel Time: 2.3 ms, GC Workers: 8]
      [GC Worker Start (ms): Min: 456422.0, Avg: 456422.7, Max: 456423.9, Diff: 1.9]
      [Ext Root Scanning (ms): Min: 0.0, Avg: 0.4, Max: 1.0, Diff: 1.0, Sum: 2.9]
      [Update RS (ms): Min: 0.0, Avg: 0.1, Max: 0.2, Diff: 0.2, Sum: 0.5]
         [Processed Buffers: Min: 0, Avg: 1.9, Max: 5, Diff: 5, Sum: 15]
      [Scan RS (ms): Min: 0.1, Avg: 0.3, Max: 0.4, Diff: 0.3, Sum: 2.1]
      [Code Root Scanning (ms): Min: 0.0, Avg: 0.0, Max: 0.0, Diff: 0.0, Sum: 0.1]
      [Object Copy (ms): Min: 0.0, Avg: 0.2, Max: 0.4, Diff: 0.4, Sum: 2.0]
      [Termination (ms): Min: 0.0, Avg: 0.4, Max: 0.5, Diff: 0.5, Sum: 2.9]
         [Termination Attempts: Min: 1, Avg: 1.0, Max: 1, Diff: 0, Sum: 8]
      [GC Worker Other (ms): Min: 0.0, Avg: 0.0, Max: 0.1, Diff: 0.0, Sum: 0.2]
      [GC Worker Total (ms): Min: 0.1, Avg: 1.3, Max: 2.0, Diff: 1.9, Sum: 10.7]
      [GC Worker End (ms): Min: 456424.0, Avg: 456424.0, Max: 456424.0, Diff: 0.1]
   [Code Root Fixup: 0.0 ms]
   [Code Root Purge: 0.0 ms]
   [Clear CT: 0.7 ms]
   [Other: 4.3 ms]
      [Choose CSet: 0.0 ms]
      [Ref Proc: 0.7 ms]
      [Ref Enq: 0.0 ms]
      [Redirty Cards: 0.4 ms]
      [Humongous Register: 0.4 ms]
      [Humongous Reclaim: 0.3 ms]
      [Free CSet: 2.1 ms]
   [Eden: 1459.0M(1459.0M)->0.0B(1460.0M) Survivors: 6144.0K->5120.0K Heap: 5974.9M(6656.0M)->4515.1M(6656.0M)]
 [Times: user=0.02 sys=0.00, real=0.00 secs]
         vmop                    [threads: total initially_running wait_to_block]    [time: spin block sync cleanup vmop] page_trap_count
456.421: G1IncCollectionPause             [      33          0              0    ]      [     0     0     0     0     7    ]  0
2017-11-22T10:00:54.535+0800: 456.429: Total time for which application threads were stopped: 0.0077514 seconds, Stopping threads took: 0.0000536 seconds
2017-11-22T10:00:55.552+0800: 457.446: [GC concurrent-mark-end, 7.3207595 secs]
2017-11-22T10:00:55.552+0800: 457.447: [GC remark 2017-11-22T10:00:55.552+0800: 457.447: [Finalize Marking, 0.0004400 secs] 2017-11-22T10:00:55.553+0800: 457.447: [GC ref-proc, 0.0002453 secs] 2017-11-22T10:00:55.553+0800: 457.447: [Unloading, 0.0081373 secs], 0.0366463 secs]
 [Times: user=0.16 sys=0.00, real=0.04 secs]
         vmop                    [threads: total initially_running wait_to_block]    [time: spin block sync cleanup vmop] page_trap_count
457.447: CGC_Operation                    [      32          0              0    ]      [     0     0     0     0    36    ]  0
2017-11-22T10:00:55.589+0800: 457.484: Total time for which application threads were stopped: 0.0369638 seconds, Stopping threads took: 0.0000701 seconds
2017-11-22T10:00:55.589+0800: 457.484: [GC cleanup 4755M->4755M(6656M), 0.0281042 secs]
 [Times: user=0.12 sys=0.00, real=0.03 secs]
         vmop                    [threads: total initially_running wait_to_block]    [time: spin block sync cleanup vmop] page_trap_count
457.484: CGC_Operation                    [      32          1              0    ]      [     0     0     0     0    28    ]  0
2017-11-22T10:00:55.618+0800: 457.512: Total time for which application threads were stopped: 0.0283738 seconds, Stopping threads took: 0.0000696 seconds
2017-11-22T10:01:01.212+0800: 463.106: [GC pause (G1 Evacuation Pause) (young) 463.106: [G1Ergonomics (CSet Construction) start choosing CSet, _pending_cards: 1306, predicted base time: 8.59 ms, remaining time: 191.41 ms, target pause time: 200.00 ms]
 463.106: [G1Ergonomics (CSet Construction) add young regions to CSet, eden: 1460 regions, survivors: 5 regions, predicted young region time: 3.06 ms]
 463.106: [G1Ergonomics (CSet Construction) finish choosing CSet, eden: 1460 regions, survivors: 5 regions, old: 0 regions, predicted pause time: 11.65 ms, target pause time: 200.00 ms]
 463.136: [G1Ergonomics (Concurrent Cycles) do not request concurrent cycle initiation, reason: still doing mixed collections, occupancy: 4737466368 bytes, allocation request: 0 bytes, threshold: 3140694810 bytes (45.00 %), source: end of GC]
 463.136: [G1Ergonomics (Mixed GCs) do not start mixed GCs, reason: reclaimable percentage not over threshold, candidate old regions: 286 regions, reclaimable: 151563816 bytes (2.17 %), threshold: 5.00 %]
, 0.0300606 secs]
   [Parallel Time: 7.9 ms, GC Workers: 8]
      [GC Worker Start (ms): Min: 463106.9, Avg: 463109.7, Max: 463112.7, Diff: 5.8]
      [Ext Root Scanning (ms): Min: 0.0, Avg: 0.5, Max: 1.8, Diff: 1.8, Sum: 4.4]
      [Update RS (ms): Min: 0.0, Avg: 0.7, Max: 4.9, Diff: 4.9, Sum: 5.2]
         [Processed Buffers: Min: 0, Avg: 1.6, Max: 10, Diff: 10, Sum: 13]
      [Scan RS (ms): Min: 0.1, Avg: 1.0, Max: 5.6, Diff: 5.5, Sum: 7.6]
      [Code Root Scanning (ms): Min: 0.0, Avg: 0.0, Max: 0.1, Diff: 0.1, Sum: 0.1]
      [Object Copy (ms): Min: 0.0, Avg: 0.3, Max: 1.2, Diff: 1.2, Sum: 2.1]
      [Termination (ms): Min: 0.0, Avg: 2.3, Max: 3.5, Diff: 3.5, Sum: 18.1]
         [Termination Attempts: Min: 1, Avg: 2.2, Max: 6, Diff: 5, Sum: 18]
      [GC Worker Other (ms): Min: 0.0, Avg: 0.0, Max: 0.1, Diff: 0.0, Sum: 0.3]
      [GC Worker Total (ms): Min: 1.8, Avg: 4.7, Max: 7.5, Diff: 5.7, Sum: 37.9]
      [GC Worker End (ms): Min: 463114.4, Avg: 463114.4, Max: 463114.7, Diff: 0.3]
   [Code Root Fixup: 0.0 ms]
   [Code Root Purge: 0.0 ms]
   [Clear CT: 0.8 ms]
   [Other: 21.3 ms]
      [Choose CSet: 0.0 ms]
      [Ref Proc: 17.3 ms]
      [Ref Enq: 0.0 ms]
      [Redirty Cards: 0.2 ms]
      [Humongous Register: 0.5 ms]
      [Humongous Reclaim: 0.4 ms]
      [Free CSet: 2.5 ms]
   [Eden: 1460.0M(1460.0M)->0.0B(1459.0M) Survivors: 5120.0K->6144.0K Heap: 5975.1M(6656.0M)->4515.9M(6656.0M)]
 [Times: user=0.06 sys=0.00, real=0.03 secs]
         vmop                    [threads: total initially_running wait_to_block]    [time: spin block sync cleanup vmop] page_trap_count
463.106: G1IncCollectionPause             [      32          0              0    ]      [     0     0     0     0    30    ]  0
2017-11-22T10:01:01.242+0800: 463.136: Total time for which application threads were stopped: 0.0305145 seconds, Stopping threads took: 0.0000385 seconds
         vmop                    [threads: total initially_running wait_to_block]    [time: spin block sync cleanup vmop] page_trap_count
463.540: RevokeBias                       [      33          0              0    ]      [     0     0     0     0     0    ]  0
2017-11-22T10:01:01.646+0800: 463.541: Total time for which application threads were stopped: 0.0002730 seconds, Stopping threads took: 0.0000601 seconds
         vmop                    [threads: total initially_running wait_to_block]    [time: spin block sync cleanup vmop] page_trap_count
463.541: RevokeBias                       [      33          0              1    ]      [     0     0     0     0     0    ]  0
2017-11-22T10:01:01.647+0800: 463.541: Total time for which application threads were stopped: 0.0001740 seconds, Stopping threads took: 0.0000685 seconds
         vmop                    [threads: total initially_running wait_to_block]    [time: spin block sync cleanup vmop] page_trap_count
463.541: RevokeBias                       [      33          1              1    ]      [     0     0     0     0     0    ]  0
2017-11-22T10:01:01.647+0800: 463.541: Total time for which application threads were stopped: 0.0003606 seconds, Stopping threads took: 0.0002592 seconds
         vmop                    [threads: total initially_running wait_to_block]    [time: spin block sync cleanup vmop] page_trap_count
463.542: RevokeBias                       [      33          0              0    ]      [     0     0     0     0     0    ]  0
2017-11-22T10:01:01.648+0800: 463.542: Total time for which application threads were stopped: 0.0001537 seconds, Stopping threads took: 0.0000295 seconds
         vmop                    [threads: total initially_running wait_to_block]    [time: spin block sync cleanup vmop] page_trap_count
463.542: RevokeBias                       [      33          0              0    ]      [     0     0     0     0     0    ]  0
2017-11-22T10:01:01.648+0800: 463.542: Total time for which application threads were stopped: 0.0001205 seconds, Stopping threads took: 0.0000210 seconds
         vmop                    [threads: total initially_running wait_to_block]    [time: spin block sync cleanup vmop] page_trap_count
463.543: RevokeBias                       [      33          0              0    ]      [     0     0     0     0     0    ]  0
2017-11-22T10:01:01.648+0800: 463.543: Total time for which application threads were stopped: 0.0001165 seconds, Stopping threads took: 0.0000201 seconds
         vmop                    [threads: total initially_running wait_to_block]    [time: spin block sync cleanup vmop] page_trap_count
466.745: RevokeBias                       [      33          1              1    ]      [     7     0     8     0     0    ]  1
2017-11-22T10:01:04.859+0800: 466.753: Total time for which application threads were stopped: 0.0082219 seconds, Stopping threads took: 0.0080537 seconds
         vmop                    [threads: total initially_running wait_to_block]    [time: spin block sync cleanup vmop] page_trap_count
467.753: no vm operation                  [      33          0              0    ]      [     0     0     0     0     0    ]  0
2017-11-22T10:01:05.859+0800: 467.754: Total time for which application threads were stopped: 0.0002430 seconds, Stopping threads took: 0.0000363 seconds
2017-11-22T10:01:07.430+0800: 469.324: [GC pause (G1 Evacuation Pause) (young) 469.324: [G1Ergonomics (CSet Construction) start choosing CSet, _pending_cards: 1051, predicted base time: 15.40 ms, remaining time: 184.60 ms, target pause time: 200.00 ms]
 469.324: [G1Ergonomics (CSet Construction) add young regions to CSet, eden: 1459 regions, survivors: 6 regions, predicted young region time: 3.00 ms]
 469.324: [G1Ergonomics (CSet Construction) finish choosing CSet, eden: 1459 regions, survivors: 6 regions, old: 0 regions, predicted pause time: 18.40 ms, target pause time: 200.00 ms]
 469.332: [G1Ergonomics (Concurrent Cycles) request concurrent cycle initiation, reason: occupancy higher than threshold, occupancy: 4737466368 bytes, allocation request: 0 bytes, threshold: 3140694810 bytes (45.00 %), source: end of GC]
, 0.0074690 secs]
   [Parallel Time: 2.7 ms, GC Workers: 8]
      [GC Worker Start (ms): Min: 469325.0, Avg: 469325.6, Max: 469327.3, Diff: 2.3]
      [Ext Root Scanning (ms): Min: 0.0, Avg: 0.5, Max: 1.4, Diff: 1.4, Sum: 3.9]
      [Update RS (ms): Min: 0.0, Avg: 0.1, Max: 0.2, Diff: 0.2, Sum: 0.6]
         [Processed Buffers: Min: 0, Avg: 1.6, Max: 10, Diff: 10, Sum: 13]
      [Scan RS (ms): Min: 0.1, Avg: 0.3, Max: 0.6, Diff: 0.5, Sum: 2.6]
      [Code Root Scanning (ms): Min: 0.0, Avg: 0.0, Max: 0.0, Diff: 0.0, Sum: 0.1]
      [Object Copy (ms): Min: 0.0, Avg: 0.5, Max: 1.7, Diff: 1.7, Sum: 4.1]
      [Termination (ms): Min: 0.0, Avg: 0.4, Max: 0.5, Diff: 0.5, Sum: 2.9]
         [Termination Attempts: Min: 1, Avg: 1.2, Max: 2, Diff: 1, Sum: 10]
      [GC Worker Other (ms): Min: 0.0, Avg: 0.0, Max: 0.1, Diff: 0.1, Sum: 0.3]
      [GC Worker Total (ms): Min: 0.2, Avg: 1.8, Max: 2.4, Diff: 2.3, Sum: 14.4]
      [GC Worker End (ms): Min: 469327.4, Avg: 469327.4, Max: 469327.5, Diff: 0.1]
   [Code Root Fixup: 0.0 ms]
   [Code Root Purge: 0.0 ms]
   [Clear CT: 0.7 ms]
   [Other: 4.1 ms]
      [Choose CSet: 0.0 ms]
      [Ref Proc: 0.5 ms]
      [Ref Enq: 0.0 ms]
      [Redirty Cards: 0.3 ms]
      [Humongous Register: 0.6 ms]
      [Humongous Reclaim: 0.2 ms]
      [Free CSet: 2.2 ms]
   [Eden: 1459.0M(1459.0M)->0.0B(1458.0M) Survivors: 6144.0K->6144.0K Heap: 5974.9M(6656.0M)->4516.1M(6656.0M)]
 [Times: user=0.02 sys=0.00, real=0.01 secs]
         vmop                    [threads: total initially_running wait_to_block]    [time: spin block sync cleanup vmop] page_trap_count
469.324: G1IncCollectionPause             [      33          0              0    ]      [     0     0     0     0     7    ]  0
2017-11-22T10:01:07.438+0800: 469.332: Total time for which application threads were stopped: 0.0079160 seconds, Stopping threads took: 0.0000638 seconds
 475.451: [G1Ergonomics (Concurrent Cycles) initiate concurrent cycle, reason: concurrent cycle initiation requested]
2017-11-22T10:01:13.557+0800: 475.451: [GC pause (G1 Evacuation Pause) (young) (initial-mark) 475.452: [G1Ergonomics (CSet Construction) start choosing CSet, _pending_cards: 1029, predicted base time: 12.80 ms, remaining time: 187.20 ms, target pause time: 200.00 ms]
 475.452: [G1Ergonomics (CSet Construction) add young regions to CSet, eden: 1458 regions, survivors: 6 regions, predicted young region time: 3.20 ms]
 475.452: [G1Ergonomics (CSet Construction) finish choosing CSet, eden: 1458 regions, survivors: 6 regions, old: 0 regions, predicted pause time: 16.00 ms, target pause time: 200.00 ms]
, 0.0095751 secs]
   [Parallel Time: 3.0 ms, GC Workers: 8]
      [GC Worker Start (ms): Min: 475452.3, Avg: 475452.7, Max: 475453.7, Diff: 1.4]
      [Ext Root Scanning (ms): Min: 0.1, Avg: 1.3, Max: 2.3, Diff: 2.3, Sum: 10.6]
      [Update RS (ms): Min: 0.0, Avg: 0.1, Max: 0.2, Diff: 0.2, Sum: 0.5]
         [Processed Buffers: Min: 0, Avg: 1.1, Max: 3, Diff: 3, Sum: 9]
      [Scan RS (ms): Min: 0.1, Avg: 0.3, Max: 0.5, Diff: 0.4, Sum: 2.8]
      [Code Root Scanning (ms): Min: 0.0, Avg: 0.0, Max: 0.0, Diff: 0.0, Sum: 0.1]
      [Object Copy (ms): Min: 0.0, Avg: 0.2, Max: 0.4, Diff: 0.4, Sum: 1.6]
      [Termination (ms): Min: 0.0, Avg: 0.3, Max: 0.4, Diff: 0.4, Sum: 2.7]
         [Termination Attempts: Min: 1, Avg: 1.0, Max: 1, Diff: 0, Sum: 8]
      [GC Worker Other (ms): Min: 0.0, Avg: 0.1, Max: 0.1, Diff: 0.1, Sum: 0.5]
      [GC Worker Total (ms): Min: 1.3, Avg: 2.4, Max: 2.7, Diff: 1.4, Sum: 18.8]
      [GC Worker End (ms): Min: 475455.0, Avg: 475455.1, Max: 475455.1, Diff: 0.1]
   [Code Root Fixup: 0.0 ms]
   [Code Root Purge: 0.0 ms]
   [Clear CT: 0.7 ms]
   [Other: 5.9 ms]
      [Choose CSet: 0.0 ms]
      [Ref Proc: 0.5 ms]
      [Ref Enq: 0.0 ms]
      [Redirty Cards: 0.3 ms]
      [Humongous Register: 0.1 ms]
      [Humongous Reclaim: 0.4 ms]
      [Free CSet: 2.5 ms]
   [Eden: 1458.0M(1458.0M)->0.0B(1462.0M) Survivors: 6144.0K->3072.0K Heap: 5974.1M(6656.0M)->4513.8M(6656.0M)]
 [Times: user=0.02 sys=0.00, real=0.01 secs]
         vmop                    [threads: total initially_running wait_to_block]    [time: spin block sync cleanup vmop] page_trap_count
475.451: G1IncCollectionPause             [      33          0              0    ]      [     0     0     0     0     9    ]  0
2017-11-22T10:01:13.566+0800: 475.461: [GC concurrent-root-region-scan-start]
2017-11-22T10:01:13.566+0800: 475.461: Total time for which application threads were stopped: 0.0100487 seconds, Stopping threads took: 0.0000385 seconds
2017-11-22T10:01:13.568+0800: 475.462: [GC concurrent-root-region-scan-end, 0.0013042 secs]
2017-11-22T10:01:13.568+0800: 475.462: [GC concurrent-mark-start]
2017-11-22T10:01:19.082+0800: 480.976: [GC pause (G1 Evacuation Pause) (young) 480.976: [G1Ergonomics (CSet Construction) start choosing CSet, _pending_cards: 1305, predicted base time: 11.38 ms, remaining time: 188.62 ms, target pause time: 200.00 ms]
 480.976: [G1Ergonomics (CSet Construction) add young regions to CSet, eden: 1462 regions, survivors: 3 regions, predicted young region time: 2.99 ms]
 480.976: [G1Ergonomics (CSet Construction) finish choosing CSet, eden: 1462 regions, survivors: 3 regions, old: 0 regions, predicted pause time: 14.36 ms, target pause time: 200.00 ms]
, 0.0066838 secs]
   [Parallel Time: 2.6 ms, GC Workers: 8]
      [GC Worker Start (ms): Min: 480976.7, Avg: 480977.1, Max: 480978.6, Diff: 1.9]
      [Ext Root Scanning (ms): Min: 0.0, Avg: 0.6, Max: 1.4, Diff: 1.4, Sum: 4.9]
      [Update RS (ms): Min: 0.0, Avg: 0.1, Max: 0.2, Diff: 0.2, Sum: 0.5]
         [Processed Buffers: Min: 0, Avg: 1.6, Max: 5, Diff: 5, Sum: 13]
      [Scan RS (ms): Min: 0.1, Avg: 0.3, Max: 0.6, Diff: 0.5, Sum: 2.7]
      [Code Root Scanning (ms): Min: 0.0, Avg: 0.0, Max: 0.0, Diff: 0.0, Sum: 0.1]
      [Object Copy (ms): Min: 0.0, Avg: 0.5, Max: 1.5, Diff: 1.5, Sum: 3.9]
      [Termination (ms): Min: 0.0, Avg: 0.4, Max: 0.5, Diff: 0.5, Sum: 3.2]
         [Termination Attempts: Min: 1, Avg: 1.0, Max: 1, Diff: 0, Sum: 8]
      [GC Worker Other (ms): Min: 0.0, Avg: 0.1, Max: 0.1, Diff: 0.1, Sum: 0.4]
      [GC Worker Total (ms): Min: 0.5, Avg: 2.0, Max: 2.4, Diff: 1.9, Sum: 15.7]
      [GC Worker End (ms): Min: 480979.0, Avg: 480979.1, Max: 480979.1, Diff: 0.1]
   [Code Root Fixup: 0.0 ms]
   [Code Root Purge: 0.0 ms]
   [Clear CT: 0.6 ms]
   [Other: 3.5 ms]
      [Choose CSet: 0.0 ms]
      [Ref Proc: 0.5 ms]
      [Ref Enq: 0.0 ms]
      [Redirty Cards: 0.3 ms]
      [Humongous Register: 0.2 ms]
      [Humongous Reclaim: 0.2 ms]
      [Free CSet: 2.1 ms]
   [Eden: 1462.0M(1462.0M)->0.0B(1460.0M) Survivors: 3072.0K->5120.0K Heap: 5975.8M(6656.0M)->4515.9M(6656.0M)]
 [Times: user=0.02 sys=0.00, real=0.01 secs]
         vmop                    [threads: total initially_running wait_to_block]    [time: spin block sync cleanup vmop] page_trap_count
480.976: G1IncCollectionPause             [      32          0              0    ]      [     0     0     0     0     6    ]  0
2017-11-22T10:01:19.089+0800: 480.983: Total time for which application threads were stopped: 0.0070640 seconds, Stopping threads took: 0.0000661 seconds
2017-11-22T10:01:21.018+0800: 482.913: [GC concurrent-mark-end, 7.4504276 secs]
2017-11-22T10:01:21.019+0800: 482.913: [GC remark 2017-11-22T10:01:21.019+0800: 482.913: [Finalize Marking, 0.0004958 secs] 2017-11-22T10:01:21.019+0800: 482.913: [GC ref-proc, 0.0002933 secs] 2017-11-22T10:01:21.019+0800: 482.914: [Unloading, 0.0059772 secs], 0.0319502 secs]
 [Times: user=0.15 sys=0.00, real=0.03 secs]
         vmop                    [threads: total initially_running wait_to_block]    [time: spin block sync cleanup vmop] page_trap_count
482.913: CGC_Operation                    [      32          0              0    ]      [     0     0     0     0    32    ]  0
2017-11-22T10:01:21.051+0800: 482.945: Total time for which application threads were stopped: 0.0322667 seconds, Stopping threads took: 0.0000568 seconds
2017-11-22T10:01:21.051+0800: 482.945: [GC cleanup 5011M->5011M(6656M), 0.0312510 secs]
 [Times: user=0.12 sys=0.00, real=0.03 secs]
         vmop                    [threads: total initially_running wait_to_block]    [time: spin block sync cleanup vmop] page_trap_count
482.945: CGC_Operation                    [      32          1              1    ]      [     0     0     0     0    31    ]  1
2017-11-22T10:01:21.082+0800: 482.977: Total time for which application threads were stopped: 0.0315811 seconds, Stopping threads took: 0.0001120 seconds
         vmop                    [threads: total initially_running wait_to_block]    [time: spin block sync cleanup vmop] page_trap_count
484.814: RevokeBias                       [      32          0              2    ]      [     0     0     0     0     0    ]  0
2017-11-22T10:01:22.920+0800: 484.815: Total time for which application threads were stopped: 0.0006391 seconds, Stopping threads took: 0.0002423 seconds
         vmop                    [threads: total initially_running wait_to_block]    [time: spin block sync cleanup vmop] page_trap_count
484.815: RevokeBias                       [      32          1              3    ]      [     0     0     0     0     0    ]  1
2017-11-22T10:01:22.921+0800: 484.815: Total time for which application threads were stopped: 0.0002884 seconds, Stopping threads took: 0.0001717 seconds
         vmop                    [threads: total initially_running wait_to_block]    [time: spin block sync cleanup vmop] page_trap_count
484.820: RevokeBias                       [      33          0              2    ]      [     0     0     0     0     0    ]  0
2017-11-22T10:01:22.926+0800: 484.820: Total time for which application threads were stopped: 0.0002715 seconds, Stopping threads took: 0.0001426 seconds
2017-11-22T10:01:24.829+0800: 486.724: [GC pause (G1 Evacuation Pause) (young) 486.724: [G1Ergonomics (CSet Construction) start choosing CSet, _pending_cards: 1040, predicted base time: 9.51 ms, remaining time: 190.49 ms, target pause time: 200.00 ms]
 486.724: [G1Ergonomics (CSet Construction) add young regions to CSet, eden: 1460 regions, survivors: 5 regions, predicted young region time: 2.93 ms]
 486.724: [G1Ergonomics (CSet Construction) finish choosing CSet, eden: 1460 regions, survivors: 5 regions, old: 0 regions, predicted pause time: 12.44 ms, target pause time: 200.00 ms]
 486.742: [G1Ergonomics (Concurrent Cycles) do not request concurrent cycle initiation, reason: still doing mixed collections, occupancy: 4737466368 bytes, allocation request: 0 bytes, threshold: 3140694810 bytes (45.00 %), source: end of GC]
 486.742: [G1Ergonomics (Mixed GCs) do not start mixed GCs, reason: reclaimable percentage not over threshold, candidate old regions: 286 regions, reclaimable: 151563816 bytes (2.17 %), threshold: 5.00 %]
, 0.0182431 secs]
   [Parallel Time: 3.9 ms, GC Workers: 8]
      [GC Worker Start (ms): Min: 486724.2, Avg: 486724.9, Max: 486726.2, Diff: 1.9]
      [Ext Root Scanning (ms): Min: 0.0, Avg: 0.3, Max: 0.9, Diff: 0.9, Sum: 2.7]
      [Update RS (ms): Min: 0.0, Avg: 0.0, Max: 0.2, Diff: 0.2, Sum: 0.3]
         [Processed Buffers: Min: 0, Avg: 1.5, Max: 7, Diff: 7, Sum: 12]
      [Scan RS (ms): Min: 0.1, Avg: 0.6, Max: 2.9, Diff: 2.8, Sum: 4.8]
      [Code Root Scanning (ms): Min: 0.0, Avg: 0.0, Max: 0.0, Diff: 0.0, Sum: 0.1]
      [Object Copy (ms): Min: 0.0, Avg: 0.5, Max: 1.5, Diff: 1.5, Sum: 4.0]
      [Termination (ms): Min: 0.0, Avg: 1.6, Max: 2.0, Diff: 2.0, Sum: 12.7]
         [Termination Attempts: Min: 1, Avg: 1.1, Max: 2, Diff: 1, Sum: 9]
      [GC Worker Other (ms): Min: 0.0, Avg: 0.0, Max: 0.0, Diff: 0.0, Sum: 0.2]
      [GC Worker Total (ms): Min: 1.9, Avg: 3.1, Max: 3.8, Diff: 1.9, Sum: 24.8]
      [GC Worker End (ms): Min: 486728.0, Avg: 486728.0, Max: 486728.1, Diff: 0.0]
   [Code Root Fixup: 0.0 ms]
   [Code Root Purge: 0.0 ms]
   [Clear CT: 0.9 ms]
   [Other: 13.4 ms]
      [Choose CSet: 0.0 ms]
      [Ref Proc: 10.4 ms]
      [Ref Enq: 0.0 ms]
      [Redirty Cards: 0.1 ms]
      [Humongous Register: 0.4 ms]
      [Humongous Reclaim: 0.2 ms]
      [Free CSet: 2.0 ms]
   [Eden: 1460.0M(1460.0M)->0.0B(1460.0M) Survivors: 5120.0K->5120.0K Heap: 5975.9M(6656.0M)->4515.8M(6656.0M)]
 [Times: user=0.04 sys=0.00, real=0.02 secs]
         vmop                    [threads: total initially_running wait_to_block]    [time: spin block sync cleanup vmop] page_trap_count
486.724: G1IncCollectionPause             [      33          0              0    ]      [     0     0     0     0    18    ]  0
2017-11-22T10:01:24.848+0800: 486.742: Total time for which application threads were stopped: 0.0185545 seconds, Stopping threads took: 0.0000387 seconds
         vmop                    [threads: total initially_running wait_to_block]    [time: spin block sync cleanup vmop] page_trap_count
487.742: no vm operation                  [      33          0              0    ]      [     0     0     0     0     0    ]  0
2017-11-22T10:01:25.848+0800: 487.743: Total time for which application threads were stopped: 0.0003923 seconds, Stopping threads took: 0.0000369 seconds
2017-11-22T10:01:31.556+0800: 493.450: [GC pause (G1 Evacuation Pause) (young) 493.450: [G1Ergonomics (CSet Construction) start choosing CSet, _pending_cards: 1313, predicted base time: 11.43 ms, remaining time: 188.57 ms, target pause time: 200.00 ms]
 493.450: [G1Ergonomics (CSet Construction) add young regions to CSet, eden: 1460 regions, survivors: 5 regions, predicted young region time: 3.02 ms]
 493.450: [G1Ergonomics (CSet Construction) finish choosing CSet, eden: 1460 regions, survivors: 5 regions, old: 0 regions, predicted pause time: 14.45 ms, target pause time: 200.00 ms]
 493.459: [G1Ergonomics (Concurrent Cycles) request concurrent cycle initiation, reason: occupancy higher than threshold, occupancy: 4737466368 bytes, allocation request: 0 bytes, threshold: 3140694810 bytes (45.00 %), source: end of GC]
, 0.0084410 secs]
   [Parallel Time: 3.6 ms, GC Workers: 8]
      [GC Worker Start (ms): Min: 493450.9, Avg: 493451.3, Max: 493453.0, Diff: 2.1]
      [Ext Root Scanning (ms): Min: 0.0, Avg: 0.6, Max: 1.0, Diff: 1.0, Sum: 4.4]
      [Update RS (ms): Min: 0.0, Avg: 0.1, Max: 0.2, Diff: 0.2, Sum: 0.5]
         [Processed Buffers: Min: 0, Avg: 1.9, Max: 6, Diff: 6, Sum: 15]
      [Scan RS (ms): Min: 0.1, Avg: 0.4, Max: 0.6, Diff: 0.5, Sum: 2.9]
      [Code Root Scanning (ms): Min: 0.0, Avg: 0.0, Max: 0.0, Diff: 0.0, Sum: 0.1]
      [Object Copy (ms): Min: 0.0, Avg: 0.8, Max: 1.6, Diff: 1.6, Sum: 6.1]
      [Termination (ms): Min: 0.0, Avg: 0.5, Max: 1.3, Diff: 1.3, Sum: 4.0]
         [Termination Attempts: Min: 1, Avg: 1.0, Max: 1, Diff: 0, Sum: 8]
      [GC Worker Other (ms): Min: 0.0, Avg: 0.1, Max: 0.3, Diff: 0.3, Sum: 1.1]
      [GC Worker Total (ms): Min: 0.7, Avg: 2.4, Max: 3.3, Diff: 2.6, Sum: 19.2]
      [GC Worker End (ms): Min: 493453.5, Avg: 493453.7, Max: 493454.2, Diff: 0.7]
   [Code Root Fixup: 0.0 ms]
   [Code Root Purge: 0.0 ms]
   [Clear CT: 0.8 ms]
   [Other: 4.1 ms]
      [Choose CSet: 0.0 ms]
      [Ref Proc: 0.7 ms]
      [Ref Enq: 0.0 ms]
      [Redirty Cards: 0.3 ms]
      [Humongous Register: 0.3 ms]
      [Humongous Reclaim: 0.2 ms]
      [Free CSet: 2.2 ms]
   [Eden: 1460.0M(1460.0M)->0.0B(1459.0M) Survivors: 5120.0K->6144.0K Heap: 5975.8M(6656.0M)->4516.1M(6656.0M)]
 [Times: user=0.02 sys=0.00, real=0.01 secs]
         vmop                    [threads: total initially_running wait_to_block]    [time: spin block sync cleanup vmop] page_trap_count
493.450: G1IncCollectionPause             [      33          0              0    ]      [     0     0     0     0     8    ]  0
2017-11-22T10:01:31.565+0800: 493.459: Total time for which application threads were stopped: 0.0087808 seconds, Stopping threads took: 0.0000398 seconds
 499.335: [G1Ergonomics (Concurrent Cycles) initiate concurrent cycle, reason: concurrent cycle initiation requested]
2017-11-22T10:01:37.441+0800: 499.335: [GC pause (G1 Evacuation Pause) (young) (initial-mark) 499.336: [G1Ergonomics (CSet Construction) start choosing CSet, _pending_cards: 1321, predicted base time: 9.85 ms, remaining time: 190.15 ms, target pause time: 200.00 ms]
 499.336: [G1Ergonomics (CSet Construction) add young regions to CSet, eden: 1459 regions, survivors: 6 regions, predicted young region time: 3.19 ms]
 499.336: [G1Ergonomics (CSet Construction) finish choosing CSet, eden: 1459 regions, survivors: 6 regions, old: 0 regions, predicted pause time: 13.04 ms, target pause time: 200.00 ms]
, 0.0099613 secs]
   [Parallel Time: 3.2 ms, GC Workers: 8]
      [GC Worker Start (ms): Min: 499336.3, Avg: 499336.4, Max: 499336.5, Diff: 0.2]
      [Ext Root Scanning (ms): Min: 1.6, Avg: 1.7, Max: 1.8, Diff: 0.3, Sum: 13.7]
      [Update RS (ms): Min: 0.0, Avg: 0.1, Max: 0.1, Diff: 0.1, Sum: 0.5]
         [Processed Buffers: Min: 0, Avg: 2.1, Max: 4, Diff: 4, Sum: 17]
      [Scan RS (ms): Min: 0.3, Avg: 0.4, Max: 0.5, Diff: 0.2, Sum: 3.5]
      [Code Root Scanning (ms): Min: 0.0, Avg: 0.0, Max: 0.0, Diff: 0.0, Sum: 0.1]
      [Object Copy (ms): Min: 0.3, Avg: 0.3, Max: 0.4, Diff: 0.1, Sum: 2.7]
      [Termination (ms): Min: 0.0, Avg: 0.0, Max: 0.0, Diff: 0.0, Sum: 0.1]
         [Termination Attempts: Min: 1, Avg: 1.0, Max: 1, Diff: 0, Sum: 8]
      [GC Worker Other (ms): Min: 0.0, Avg: 0.1, Max: 0.2, Diff: 0.1, Sum: 0.7]
      [GC Worker Total (ms): Min: 2.5, Avg: 2.7, Max: 2.8, Diff: 0.3, Sum: 21.3]
      [GC Worker End (ms): Min: 499339.0, Avg: 499339.1, Max: 499339.1, Diff: 0.2]
   [Code Root Fixup: 0.0 ms]
   [Code Root Purge: 0.0 ms]
   [Clear CT: 0.7 ms]
   [Other: 6.0 ms]
      [Choose CSet: 0.0 ms]
      [Ref Proc: 1.4 ms]
      [Ref Enq: 0.0 ms]
      [Redirty Cards: 0.4 ms]
      [Humongous Register: 0.1 ms]
      [Humongous Reclaim: 0.2 ms]
      [Free CSet: 2.0 ms]
   [Eden: 1459.0M(1459.0M)->0.0B(1459.0M) Survivors: 6144.0K->6144.0K Heap: 5975.1M(6656.0M)->4516.0M(6656.0M)]
 [Times: user=0.02 sys=0.00, real=0.01 secs]
         vmop                    [threads: total initially_running wait_to_block]    [time: spin block sync cleanup vmop] page_trap_count
499.335: G1IncCollectionPause             [      33          0              0    ]      [     0     0     0     0    10    ]  0
2017-11-22T10:01:37.451+0800: 499.345: [GC concurrent-root-region-scan-start]
2017-11-22T10:01:37.451+0800: 499.345: Total time for which application threads were stopped: 0.0104370 seconds, Stopping threads took: 0.0000518 seconds
2017-11-22T10:01:37.453+0800: 499.347: [GC concurrent-root-region-scan-end, 0.0018375 secs]
2017-11-22T10:01:37.453+0800: 499.347: [GC concurrent-mark-start]
         vmop                    [threads: total initially_running wait_to_block]    [time: spin block sync cleanup vmop] page_trap_count
503.549: RevokeBias                       [      32          0              0    ]      [     0     0     0     0     0    ]  0
2017-11-22T10:01:41.655+0800: 503.549: Total time for which application threads were stopped: 0.0002629 seconds, Stopping threads took: 0.0000679 seconds
         vmop                    [threads: total initially_running wait_to_block]    [time: spin block sync cleanup vmop] page_trap_count
503.549: RevokeBias                       [      32          0              0    ]      [     0     0     0     0     0    ]  0
2017-11-22T10:01:41.655+0800: 503.550: Total time for which application threads were stopped: 0.0001319 seconds, Stopping threads took: 0.0000428 seconds
         vmop                    [threads: total initially_running wait_to_block]    [time: spin block sync cleanup vmop] page_trap_count
503.550: RevokeBias                       [      32          0              0    ]      [     0     0     0     0     0    ]  0
2017-11-22T10:01:41.656+0800: 503.550: Total time for which application threads were stopped: 0.0001186 seconds, Stopping threads took: 0.0000394 seconds
         vmop                    [threads: total initially_running wait_to_block]    [time: spin block sync cleanup vmop] page_trap_count
504.256: BulkRevokeBias                   [      32          1              1    ]      [     0     0     0     0     0    ]  1
2017-11-22T10:01:42.362+0800: 504.256: Total time for which application threads were stopped: 0.0004149 seconds, Stopping threads took: 0.0000853 seconds
         vmop                    [threads: total initially_running wait_to_block]    [time: spin block sync cleanup vmop] page_trap_count
504.256: BulkRevokeBias                   [      32          1              2    ]      [     0     0     0     0     0    ]  1
2017-11-22T10:01:42.362+0800: 504.257: Total time for which application threads were stopped: 0.0002670 seconds, Stopping threads took: 0.0000951 seconds
         vmop                    [threads: total initially_running wait_to_block]    [time: spin block sync cleanup vmop] page_trap_count
504.261: RevokeBias                       [      33          2              1    ]      [     0     0     0     0     0    ]  1
2017-11-22T10:01:42.367+0800: 504.261: Total time for which application threads were stopped: 0.0003079 seconds, Stopping threads took: 0.0000879 seconds
2017-11-22T10:01:43.720+0800: 505.615: [GC pause (G1 Evacuation Pause) (young) 505.615: [G1Ergonomics (CSet Construction) start choosing CSet, _pending_cards: 2068, predicted base time: 9.41 ms, remaining time: 190.59 ms, target pause time: 200.00 ms]
 505.615: [G1Ergonomics (CSet Construction) add young regions to CSet, eden: 1459 regions, survivors: 6 regions, predicted young region time: 3.13 ms]
 505.615: [G1Ergonomics (CSet Construction) finish choosing CSet, eden: 1459 regions, survivors: 6 regions, old: 0 regions, predicted pause time: 12.54 ms, target pause time: 200.00 ms]
, 0.0083885 secs]
   [Parallel Time: 2.8 ms, GC Workers: 8]
      [GC Worker Start (ms): Min: 505615.0, Avg: 505615.6, Max: 505617.3, Diff: 2.3]
      [Ext Root Scanning (ms): Min: 0.0, Avg: 0.7, Max: 2.0, Diff: 2.0, Sum: 5.7]
      [Update RS (ms): Min: 0.0, Avg: 0.1, Max: 0.1, Diff: 0.1, Sum: 0.5]
         [Processed Buffers: Min: 0, Avg: 2.0, Max: 7, Diff: 7, Sum: 16]
      [Scan RS (ms): Min: 0.1, Avg: 0.4, Max: 0.6, Diff: 0.5, Sum: 3.0]
      [Code Root Scanning (ms): Min: 0.0, Avg: 0.0, Max: 0.0, Diff: 0.0, Sum: 0.1]
      [Object Copy (ms): Min: 0.0, Avg: 0.3, Max: 0.5, Diff: 0.5, Sum: 2.3]
      [Termination (ms): Min: 0.0, Avg: 0.5, Max: 0.6, Diff: 0.6, Sum: 3.7]
         [Termination Attempts: Min: 1, Avg: 1.4, Max: 2, Diff: 1, Sum: 11]
      [GC Worker Other (ms): Min: 0.0, Avg: 0.0, Max: 0.0, Diff: 0.0, Sum: 0.2]
      [GC Worker Total (ms): Min: 0.2, Avg: 1.9, Max: 2.5, Diff: 2.3, Sum: 15.4]
      [GC Worker End (ms): Min: 505617.5, Avg: 505617.5, Max: 505617.6, Diff: 0.1]
   [Code Root Fixup: 0.0 ms]
   [Code Root Purge: 0.0 ms]
   [Clear CT: 0.9 ms]
   [Other: 4.7 ms]
      [Choose CSet: 0.0 ms]
      [Ref Proc: 0.6 ms]
      [Ref Enq: 0.0 ms]
      [Redirty Cards: 0.4 ms]
      [Humongous Register: 0.4 ms]
      [Humongous Reclaim: 0.4 ms]
      [Free CSet: 2.6 ms]
   [Eden: 1459.0M(1459.0M)->0.0B(1459.0M) Survivors: 6144.0K->5120.0K Heap: 5975.0M(6656.0M)->4515.8M(6656.0M)]
 [Times: user=0.03 sys=0.00, real=0.01 secs]
         vmop                    [threads: total initially_running wait_to_block]    [time: spin block sync cleanup vmop] page_trap_count
505.614: G1IncCollectionPause             [      33          0              0    ]      [     0     0     0     0     8    ]  0
2017-11-22T10:01:43.729+0800: 505.623: Total time for which application threads were stopped: 0.0088510 seconds, Stopping threads took: 0.0000595 seconds
2017-11-22T10:01:45.316+0800: 507.210: [GC concurrent-mark-end, 7.8631376 secs]
2017-11-22T10:01:45.316+0800: 507.210: [GC remark 2017-11-22T10:01:45.316+0800: 507.210: [Finalize Marking, 0.0020792 secs] 2017-11-22T10:01:45.318+0800: 507.213: [GC ref-proc, 0.0002847 secs] 2017-11-22T10:01:45.319+0800: 507.213: [Unloading, 0.0058912 secs], 0.0476205 secs]
 [Times: user=0.16 sys=0.00, real=0.05 secs]
         vmop                    [threads: total initially_running wait_to_block]    [time: spin block sync cleanup vmop] page_trap_count
507.210: CGC_Operation                    [      33          0              0    ]      [     0     0     0     0    47    ]  0
2017-11-22T10:01:45.364+0800: 507.258: Total time for which application threads were stopped: 0.0479622 seconds, Stopping threads took: 0.0000624 seconds
2017-11-22T10:01:45.364+0800: 507.258: [GC cleanup 4849M->4849M(6656M), 0.0281458 secs]
 [Times: user=0.12 sys=0.00, real=0.02 secs]
         vmop                    [threads: total initially_running wait_to_block]    [time: spin block sync cleanup vmop] page_trap_count
507.258: CGC_Operation                    [      33          0              0    ]      [     0     0     0     0    28    ]  0
2017-11-22T10:01:45.392+0800: 507.287: Total time for which application threads were stopped: 0.0283720 seconds, Stopping threads took: 0.0000269 seconds
2017-11-22T10:01:49.891+0800: 511.785: [GC pause (G1 Evacuation Pause) (young) 511.785: [G1Ergonomics (CSet Construction) start choosing CSet, _pending_cards: 1312, predicted base time: 8.24 ms, remaining time: 191.76 ms, target pause time: 200.00 ms]
 511.786: [G1Ergonomics (CSet Construction) add young regions to CSet, eden: 1459 regions, survivors: 5 regions, predicted young region time: 3.25 ms]
 511.786: [G1Ergonomics (CSet Construction) finish choosing CSet, eden: 1459 regions, survivors: 5 regions, old: 0 regions, predicted pause time: 11.50 ms, target pause time: 200.00 ms]
 511.792: [G1Ergonomics (Concurrent Cycles) do not request concurrent cycle initiation, reason: still doing mixed collections, occupancy: 4737466368 bytes, allocation request: 0 bytes, threshold: 3140694810 bytes (45.00 %), source: end of GC]
 511.792: [G1Ergonomics (Mixed GCs) do not start mixed GCs, reason: reclaimable percentage not over threshold, candidate old regions: 286 regions, reclaimable: 151563816 bytes (2.17 %), threshold: 5.00 %]
, 0.0062916 secs]
   [Parallel Time: 2.2 ms, GC Workers: 8]
      [GC Worker Start (ms): Min: 511785.9, Avg: 511786.6, Max: 511787.8, Diff: 1.9]
      [Ext Root Scanning (ms): Min: 0.0, Avg: 0.3, Max: 0.9, Diff: 0.9, Sum: 2.7]
      [Update RS (ms): Min: 0.0, Avg: 0.1, Max: 0.1, Diff: 0.1, Sum: 0.5]
         [Processed Buffers: Min: 0, Avg: 1.9, Max: 5, Diff: 5, Sum: 15]
      [Scan RS (ms): Min: 0.1, Avg: 0.3, Max: 0.4, Diff: 0.3, Sum: 2.1]
      [Code Root Scanning (ms): Min: 0.0, Avg: 0.0, Max: 0.0, Diff: 0.0, Sum: 0.1]
      [Object Copy (ms): Min: 0.0, Avg: 0.3, Max: 0.5, Diff: 0.5, Sum: 2.2]
      [Termination (ms): Min: 0.0, Avg: 0.4, Max: 0.5, Diff: 0.5, Sum: 3.1]
         [Termination Attempts: Min: 1, Avg: 1.0, Max: 1, Diff: 0, Sum: 8]
      [GC Worker Other (ms): Min: 0.0, Avg: 0.0, Max: 0.1, Diff: 0.1, Sum: 0.3]
      [GC Worker Total (ms): Min: 0.1, Avg: 1.4, Max: 2.0, Diff: 1.9, Sum: 10.8]
      [GC Worker End (ms): Min: 511787.9, Avg: 511787.9, Max: 511788.0, Diff: 0.1]
   [Code Root Fixup: 0.0 ms]
   [Code Root Purge: 0.0 ms]
   [Clear CT: 0.6 ms]
   [Other: 3.5 ms]
      [Choose CSet: 0.0 ms]
      [Ref Proc: 0.5 ms]
      [Ref Enq: 0.0 ms]
      [Redirty Cards: 0.2 ms]
      [Humongous Register: 0.3 ms]
      [Humongous Reclaim: 0.2 ms]
      [Free CSet: 1.8 ms]
   [Eden: 1459.0M(1459.0M)->0.0B(1458.0M) Survivors: 5120.0K->6144.0K Heap: 5974.8M(6656.0M)->4516.1M(6656.0M)]
 [Times: user=0.01 sys=0.00, real=0.01 secs]
         vmop                    [threads: total initially_running wait_to_block]    [time: spin block sync cleanup vmop] page_trap_count
511.785: G1IncCollectionPause             [      33          0              0    ]      [     0     0     0     0     6    ]  0
2017-11-22T10:01:49.898+0800: 511.792: Total time for which application threads were stopped: 0.0066680 seconds, Stopping threads took: 0.0000477 seconds
         vmop                    [threads: total initially_running wait_to_block]    [time: spin block sync cleanup vmop] page_trap_count
514.257: RevokeBias                       [      33          0              0    ]      [     0     0     0     0     0    ]  0
2017-11-22T10:01:52.362+0800: 514.257: Total time for which application threads were stopped: 0.0002350 seconds, Stopping threads took: 0.0000668 seconds
         vmop                    [threads: total initially_running wait_to_block]    [time: spin block sync cleanup vmop] page_trap_count
517.257: no vm operation                  [      32          0              0    ]      [     0     0     0     0     0    ]  0
2017-11-22T10:01:55.363+0800: 517.257: Total time for which application threads were stopped: 0.0002053 seconds, Stopping threads took: 0.0000429 seconds
2017-11-22T10:01:56.940+0800: 518.835: [GC pause (G1 Evacuation Pause) (young) 518.835: [G1Ergonomics (CSet Construction) start choosing CSet, _pending_cards: 1061, predicted base time: 7.12 ms, remaining time: 192.88 ms, target pause time: 200.00 ms]
 518.835: [G1Ergonomics (CSet Construction) add young regions to CSet, eden: 1458 regions, survivors: 6 regions, predicted young region time: 3.19 ms]
 518.835: [G1Ergonomics (CSet Construction) finish choosing CSet, eden: 1458 regions, survivors: 6 regions, old: 0 regions, predicted pause time: 10.31 ms, target pause time: 200.00 ms]
 518.841: [G1Ergonomics (Concurrent Cycles) request concurrent cycle initiation, reason: occupancy higher than threshold, occupancy: 4737466368 bytes, allocation request: 0 bytes, threshold: 3140694810 bytes (45.00 %), source: end of GC]
, 0.0067719 secs]
   [Parallel Time: 2.4 ms, GC Workers: 8]
      [GC Worker Start (ms): Min: 518835.1, Avg: 518835.8, Max: 518837.1, Diff: 2.0]
      [Ext Root Scanning (ms): Min: 0.0, Avg: 0.4, Max: 1.0, Diff: 1.0, Sum: 3.0]
      [Update RS (ms): Min: 0.0, Avg: 0.1, Max: 0.1, Diff: 0.1, Sum: 0.5]
         [Processed Buffers: Min: 0, Avg: 1.9, Max: 6, Diff: 6, Sum: 15]
      [Scan RS (ms): Min: 0.1, Avg: 0.3, Max: 0.5, Diff: 0.4, Sum: 2.3]
      [Code Root Scanning (ms): Min: 0.0, Avg: 0.0, Max: 0.1, Diff: 0.1, Sum: 0.2]
      [Object Copy (ms): Min: 0.0, Avg: 0.3, Max: 0.5, Diff: 0.5, Sum: 2.2]
      [Termination (ms): Min: 0.0, Avg: 0.4, Max: 0.5, Diff: 0.5, Sum: 3.0]
         [Termination Attempts: Min: 1, Avg: 1.1, Max: 2, Diff: 1, Sum: 9]
      [GC Worker Other (ms): Min: 0.0, Avg: 0.0, Max: 0.1, Diff: 0.0, Sum: 0.2]
      [GC Worker Total (ms): Min: 0.1, Avg: 1.4, Max: 2.1, Diff: 2.0, Sum: 11.4]
      [GC Worker End (ms): Min: 518837.2, Avg: 518837.3, Max: 518837.3, Diff: 0.1]
   [Code Root Fixup: 0.0 ms]
   [Code Root Purge: 0.0 ms]
   [Clear CT: 0.5 ms]
   [Other: 3.9 ms]
      [Choose CSet: 0.0 ms]
      [Ref Proc: 0.6 ms]
      [Ref Enq: 0.0 ms]
      [Redirty Cards: 0.3 ms]
      [Humongous Register: 0.3 ms]
      [Humongous Reclaim: 0.3 ms]
      [Free CSet: 2.0 ms]
   [Eden: 1458.0M(1458.0M)->0.0B(1459.0M) Survivors: 6144.0K->5120.0K Heap: 5974.1M(6656.0M)->4515.9M(6656.0M)]
 [Times: user=0.02 sys=0.00, real=0.01 secs]
         vmop                    [threads: total initially_running wait_to_block]    [time: spin block sync cleanup vmop] page_trap_count
518.834: G1IncCollectionPause             [      32          0              0    ]      [     0     0     0     0     6    ]  0
2017-11-22T10:01:56.947+0800: 518.842: Total time for which application threads were stopped: 0.0071730 seconds, Stopping threads took: 0.0000557 seconds
         vmop                    [threads: total initially_running wait_to_block]    [time: spin block sync cleanup vmop] page_trap_count
523.551: BulkRevokeBias                   [      32          0              0    ]      [     0     0     0     0     0    ]  0
2017-11-22T10:02:01.657+0800: 523.552: Total time for which application threads were stopped: 0.0005764 seconds, Stopping threads took: 0.0000576 seconds
         vmop                    [threads: total initially_running wait_to_block]    [time: spin block sync cleanup vmop] page_trap_count
523.553: RevokeBias                       [      33          2              0    ]      [     0     0     0     0     0    ]  0
2017-11-22T10:02:01.659+0800: 523.553: Total time for which application threads were stopped: 0.0002670 seconds, Stopping threads took: 0.0001332 seconds
         vmop                    [threads: total initially_running wait_to_block]    [time: spin block sync cleanup vmop] page_trap_count
523.553: RevokeBias                       [      33          0              0    ]      [     0     0     0     0     0    ]  0
2017-11-22T10:02:01.659+0800: 523.553: Total time for which application threads were stopped: 0.0002074 seconds, Stopping threads took: 0.0000920 seconds
         vmop                    [threads: total initially_running wait_to_block]    [time: spin block sync cleanup vmop] page_trap_count
523.553: RevokeBias                       [      33          0              1    ]      [     0     0     0     0     0    ]  0
2017-11-22T10:02:01.659+0800: 523.554: Total time for which application threads were stopped: 0.0002292 seconds, Stopping threads took: 0.0000860 seconds
         vmop                    [threads: total initially_running wait_to_block]    [time: spin block sync cleanup vmop] page_trap_count
523.554: RevokeBias                       [      33          1              1    ]      [     0     0     0     0     0    ]  0
2017-11-22T10:02:01.660+0800: 523.554: Total time for which application threads were stopped: 0.0002465 seconds, Stopping threads took: 0.0001268 seconds
         vmop                    [threads: total initially_running wait_to_block]    [time: spin block sync cleanup vmop] page_trap_count
523.554: RevokeBias                       [      33          0              0    ]      [     0     0     0     0     0    ]  0
2017-11-22T10:02:01.660+0800: 523.554: Total time for which application threads were stopped: 0.0001835 seconds, Stopping threads took: 0.0000859 seconds
         vmop                    [threads: total initially_running wait_to_block]    [time: spin block sync cleanup vmop] page_trap_count
523.554: RevokeBias                       [      33          2              2    ]      [     0     0     0     0     0    ]  0
2017-11-22T10:02:01.660+0800: 523.554: Total time for which application threads were stopped: 0.0002835 seconds, Stopping threads took: 0.0001629 seconds
         vmop                    [threads: total initially_running wait_to_block]    [time: spin block sync cleanup vmop] page_trap_count
527.429: RevokeBias                       [      33          1              0    ]      [     0     0     0     0     0    ]  0
2017-11-22T10:02:05.535+0800: 527.429: Total time for which application threads were stopped: 0.0003744 seconds, Stopping threads took: 0.0001657 seconds
 527.755: [G1Ergonomics (Concurrent Cycles) initiate concurrent cycle, reason: concurrent cycle initiation requested]
2017-11-22T10:02:05.861+0800: 527.755: [GC pause (G1 Evacuation Pause) (young) (initial-mark) 527.757: [G1Ergonomics (CSet Construction) start choosing CSet, _pending_cards: 1580, predicted base time: 6.39 ms, remaining time: 193.61 ms, target pause time: 200.00 ms]
 527.757: [G1Ergonomics (CSet Construction) add young regions to CSet, eden: 1459 regions, survivors: 5 regions, predicted young region time: 2.94 ms]
 527.757: [G1Ergonomics (CSet Construction) finish choosing CSet, eden: 1459 regions, survivors: 5 regions, old: 0 regions, predicted pause time: 9.33 ms, target pause time: 200.00 ms]
, 0.0089230 secs]
   [Parallel Time: 3.0 ms, GC Workers: 8]
      [GC Worker Start (ms): Min: 527757.0, Avg: 527757.1, Max: 527757.2, Diff: 0.2]
      [Ext Root Scanning (ms): Min: 1.5, Avg: 1.6, Max: 1.7, Diff: 0.3, Sum: 12.9]
      [Update RS (ms): Min: 0.0, Avg: 0.1, Max: 0.2, Diff: 0.2, Sum: 0.6]
         [Processed Buffers: Min: 0, Avg: 2.1, Max: 5, Diff: 5, Sum: 17]
      [Scan RS (ms): Min: 0.3, Avg: 0.4, Max: 0.4, Diff: 0.1, Sum: 3.0]
      [Code Root Scanning (ms): Min: 0.0, Avg: 0.0, Max: 0.1, Diff: 0.0, Sum: 0.2]
      [Object Copy (ms): Min: 0.4, Avg: 0.4, Max: 0.5, Diff: 0.2, Sum: 3.3]
      [Termination (ms): Min: 0.0, Avg: 0.1, Max: 0.2, Diff: 0.2, Sum: 1.2]
         [Termination Attempts: Min: 1, Avg: 1.0, Max: 1, Diff: 0, Sum: 8]
      [GC Worker Other (ms): Min: 0.0, Avg: 0.0, Max: 0.1, Diff: 0.1, Sum: 0.4]
      [GC Worker Total (ms): Min: 2.6, Avg: 2.7, Max: 2.8, Diff: 0.2, Sum: 21.5]
      [GC Worker End (ms): Min: 527759.8, Avg: 527759.8, Max: 527759.9, Diff: 0.1]
   [Code Root Fixup: 0.0 ms]
   [Code Root Purge: 0.0 ms]
   [Clear CT: 0.7 ms]
   [Other: 5.1 ms]
      [Choose CSet: 0.0 ms]
      [Ref Proc: 0.3 ms]
      [Ref Enq: 0.0 ms]
      [Redirty Cards: 0.3 ms]
      [Humongous Register: 0.4 ms]
      [Humongous Reclaim: 0.2 ms]
      [Free CSet: 2.0 ms]
   [Eden: 1459.0M(1459.0M)->0.0B(1458.0M) Survivors: 5120.0K->6144.0K Heap: 5974.9M(6656.0M)->4516.0M(6656.0M)]
 [Times: user=0.03 sys=0.00, real=0.01 secs]
         vmop                    [threads: total initially_running wait_to_block]    [time: spin block sync cleanup vmop] page_trap_count
527.755: G1IncCollectionPause             [      33          0              0    ]      [     0     0     0     0     9    ]  0
2017-11-22T10:02:05.870+0800: 527.765: [GC concurrent-root-region-scan-start]
2017-11-22T10:02:05.870+0800: 527.765: Total time for which application threads were stopped: 0.0095762 seconds, Stopping threads took: 0.0000575 seconds
2017-11-22T10:02:05.871+0800: 527.766: [GC concurrent-root-region-scan-end, 0.0011895 secs]
2017-11-22T10:02:05.871+0800: 527.766: [GC concurrent-mark-start]
2017-11-22T10:02:10.466+0800: 532.360: [GC pause (G1 Evacuation Pause) (young) 532.360: [G1Ergonomics (CSet Construction) start choosing CSet, _pending_cards: 1548, predicted base time: 6.45 ms, remaining time: 193.55 ms, target pause time: 200.00 ms]
 532.360: [G1Ergonomics (CSet Construction) add young regions to CSet, eden: 1458 regions, survivors: 6 regions, predicted young region time: 2.96 ms]
 532.360: [G1Ergonomics (CSet Construction) finish choosing CSet, eden: 1458 regions, survivors: 6 regions, old: 0 regions, predicted pause time: 9.41 ms, target pause time: 200.00 ms]
, 0.0111945 secs]
   [Parallel Time: 5.3 ms, GC Workers: 8]
      [GC Worker Start (ms): Min: 532361.1, Avg: 532362.7, Max: 532365.4, Diff: 4.3]
      [Ext Root Scanning (ms): Min: 0.0, Avg: 0.6, Max: 2.6, Diff: 2.6, Sum: 4.9]
      [Update RS (ms): Min: 0.0, Avg: 0.1, Max: 0.2, Diff: 0.2, Sum: 0.5]
         [Processed Buffers: Min: 0, Avg: 1.5, Max: 6, Diff: 6, Sum: 12]
      [Scan RS (ms): Min: 0.1, Avg: 0.7, Max: 4.0, Diff: 3.9, Sum: 5.9]
      [Code Root Scanning (ms): Min: 0.0, Avg: 0.1, Max: 0.3, Diff: 0.3, Sum: 0.5]
      [Object Copy (ms): Min: 0.0, Avg: 0.3, Max: 0.7, Diff: 0.7, Sum: 2.1]
      [Termination (ms): Min: 0.0, Avg: 1.7, Max: 3.0, Diff: 3.0, Sum: 13.4]
         [Termination Attempts: Min: 1, Avg: 1.1, Max: 2, Diff: 1, Sum: 9]
      [GC Worker Other (ms): Min: 0.0, Avg: 0.0, Max: 0.1, Diff: 0.1, Sum: 0.3]
      [GC Worker Total (ms): Min: 0.8, Avg: 3.5, Max: 5.1, Diff: 4.3, Sum: 27.7]
      [GC Worker End (ms): Min: 532366.1, Avg: 532366.2, Max: 532366.2, Diff: 0.1]
   [Code Root Fixup: 0.0 ms]
   [Code Root Purge: 0.0 ms]
   [Clear CT: 0.6 ms]
   [Other: 5.3 ms]
      [Choose CSet: 0.1 ms]
      [Ref Proc: 2.0 ms]
      [Ref Enq: 0.0 ms]
      [Redirty Cards: 0.3 ms]
      [Humongous Register: 0.5 ms]
      [Humongous Reclaim: 0.2 ms]
      [Free CSet: 1.9 ms]
   [Eden: 1458.0M(1458.0M)->0.0B(1458.0M) Survivors: 6144.0K->6144.0K Heap: 5974.0M(6656.0M)->4516.1M(6656.0M)]
 [Times: user=0.03 sys=0.00, real=0.01 secs]
         vmop                    [threads: total initially_running wait_to_block]    [time: spin block sync cleanup vmop] page_trap_count
532.360: G1IncCollectionPause             [      33          0              0    ]      [     0     0     0     0    11    ]  0
2017-11-22T10:02:10.477+0800: 532.372: Total time for which application threads were stopped: 0.0116428 seconds, Stopping threads took: 0.0000653 seconds
2017-11-22T10:02:13.531+0800: 535.425: [GC concurrent-mark-end, 7.6595128 secs]
2017-11-22T10:02:13.531+0800: 535.426: [GC remark 2017-11-22T10:02:13.531+0800: 535.426: [Finalize Marking, 0.0009358 secs] 2017-11-22T10:02:13.532+0800: 535.427: [GC ref-proc, 0.0003346 secs] 2017-11-22T10:02:13.533+0800: 535.427: [Unloading, 0.0063381 secs], 0.0386151 secs]
 [Times: user=0.14 sys=0.00, real=0.04 secs]
         vmop                    [threads: total initially_running wait_to_block]    [time: spin block sync cleanup vmop] page_trap_count
535.425: CGC_Operation                    [      33          1              1    ]      [     0     0     0     0    38    ]  1
2017-11-22T10:02:13.570+0800: 535.464: Total time for which application threads were stopped: 0.0389828 seconds, Stopping threads took: 0.0001344 seconds
2017-11-22T10:02:13.571+0800: 535.466: [GC cleanup 5498M->5498M(6656M), 0.0318347 secs]
 [Times: user=0.12 sys=0.00, real=0.04 secs]
         vmop                    [threads: total initially_running wait_to_block]    [time: spin block sync cleanup vmop] page_trap_count
535.464: CGC_Operation                    [      33          0              0    ]      [     0     0     1     0    31    ]  0
2017-11-22T10:02:13.603+0800: 535.498: Total time for which application threads were stopped: 0.0331431 seconds, Stopping threads took: 0.0010241 seconds
2017-11-22T10:02:14.848+0800: 536.742: [GC pause (G1 Evacuation Pause) (young) 536.742: [G1Ergonomics (CSet Construction) start choosing CSet, _pending_cards: 783, predicted base time: 6.57 ms, remaining time: 193.43 ms, target pause time: 200.00 ms]
 536.742: [G1Ergonomics (CSet Construction) add young regions to CSet, eden: 1458 regions, survivors: 6 regions, predicted young region time: 2.89 ms]
 536.742: [G1Ergonomics (CSet Construction) finish choosing CSet, eden: 1458 regions, survivors: 6 regions, old: 0 regions, predicted pause time: 9.47 ms, target pause time: 200.00 ms]
 536.765: [G1Ergonomics (Concurrent Cycles) do not request concurrent cycle initiation, reason: still doing mixed collections, occupancy: 4737466368 bytes, allocation request: 0 bytes, threshold: 3140694810 bytes (45.00 %), source: end of GC]
 536.765: [G1Ergonomics (Mixed GCs) do not start mixed GCs, reason: reclaimable percentage not over threshold, candidate old regions: 286 regions, reclaimable: 151563816 bytes (2.17 %), threshold: 5.00 %]
, 0.0233807 secs]
   [Parallel Time: 16.8 ms, GC Workers: 8]
      [GC Worker Start (ms): Min: 536742.7, Avg: 536745.2, Max: 536747.0, Diff: 4.3]
      [Ext Root Scanning (ms): Min: 0.0, Avg: 0.3, Max: 1.0, Diff: 1.0, Sum: 2.8]
      [Update RS (ms): Min: 0.0, Avg: 0.1, Max: 0.3, Diff: 0.3, Sum: 0.5]
         [Processed Buffers: Min: 0, Avg: 1.5, Max: 6, Diff: 6, Sum: 12]
      [Scan RS (ms): Min: 0.1, Avg: 0.3, Max: 0.6, Diff: 0.5, Sum: 2.3]
      [Code Root Scanning (ms): Min: 0.0, Avg: 0.0, Max: 0.2, Diff: 0.2, Sum: 0.3]
      [Object Copy (ms): Min: 0.0, Avg: 1.4, Max: 8.9, Diff: 8.9, Sum: 11.2]
      [Termination (ms): Min: 0.0, Avg: 6.6, Max: 12.3, Diff: 12.3, Sum: 53.2]
         [Termination Attempts: Min: 1, Avg: 1.0, Max: 1, Diff: 0, Sum: 8]
      [GC Worker Other (ms): Min: 0.0, Avg: 0.0, Max: 0.1, Diff: 0.1, Sum: 0.3]
      [GC Worker Total (ms): Min: 6.3, Avg: 8.8, Max: 12.4, Diff: 6.1, Sum: 70.5]
      [GC Worker End (ms): Min: 536753.3, Avg: 536754.1, Max: 536759.4, Diff: 6.1]
   [Code Root Fixup: 0.1 ms]
   [Code Root Purge: 0.0 ms]
   [Clear CT: 0.7 ms]
   [Other: 5.9 ms]
      [Choose CSet: 0.0 ms]
      [Ref Proc: 0.9 ms]
      [Ref Enq: 0.0 ms]
      [Redirty Cards: 0.4 ms]
      [Humongous Register: 0.4 ms]
      [Humongous Reclaim: 0.5 ms]
      [Free CSet: 2.8 ms]
   [Eden: 1458.0M(1458.0M)->0.0B(1458.0M) Survivors: 6144.0K->6144.0K Heap: 5974.1M(6656.0M)->4516.1M(6656.0M)]
 [Times: user=0.04 sys=0.00, real=0.02 secs]
         vmop                    [threads: total initially_running wait_to_block]    [time: spin block sync cleanup vmop] page_trap_count
536.742: G1IncCollectionPause             [      33          0              0    ]      [     0     0     0     0    23    ]  0
2017-11-22T10:02:14.871+0800: 536.766: Total time for which application threads were stopped: 0.0237449 seconds, Stopping threads took: 0.0000498 seconds
         vmop                    [threads: total initially_running wait_to_block]    [time: spin block sync cleanup vmop] page_trap_count
537.766: no vm operation                  [      32          0              1    ]      [     0     0     0     0     0    ]  0
2017-11-22T10:02:15.872+0800: 537.766: Total time for which application threads were stopped: 0.0005711 seconds, Stopping threads took: 0.0002495 seconds
2017-11-22T10:02:20.168+0800: 542.062: [GC pause (G1 Evacuation Pause) (young) 542.062: [G1Ergonomics (CSet Construction) start choosing CSet, _pending_cards: 802, predicted base time: 9.01 ms, remaining time: 190.99 ms, target pause time: 200.00 ms]
 542.062: [G1Ergonomics (CSet Construction) add young regions to CSet, eden: 1458 regions, survivors: 6 regions, predicted young region time: 3.76 ms]
 542.062: [G1Ergonomics (CSet Construction) finish choosing CSet, eden: 1458 regions, survivors: 6 regions, old: 0 regions, predicted pause time: 12.77 ms, target pause time: 200.00 ms]
 542.085: [G1Ergonomics (Concurrent Cycles) request concurrent cycle initiation, reason: occupancy higher than threshold, occupancy: 4737466368 bytes, allocation request: 0 bytes, threshold: 3140694810 bytes (45.00 %), source: end of GC]
, 0.0233462 secs]
   [Parallel Time: 6.5 ms, GC Workers: 8]
      [GC Worker Start (ms): Min: 542062.7, Avg: 542067.8, Max: 542068.7, Diff: 6.1]
      [Ext Root Scanning (ms): Min: 0.0, Avg: 0.3, Max: 2.2, Diff: 2.2, Sum: 2.2]
      [Update RS (ms): Min: 0.0, Avg: 0.1, Max: 0.5, Diff: 0.5, Sum: 0.5]
         [Processed Buffers: Min: 0, Avg: 1.6, Max: 13, Diff: 13, Sum: 13]
      [Scan RS (ms): Min: 0.1, Avg: 0.2, Max: 1.0, Diff: 0.9, Sum: 1.8]
      [Code Root Scanning (ms): Min: 0.0, Avg: 0.0, Max: 0.1, Diff: 0.1, Sum: 0.1]
      [Object Copy (ms): Min: 0.0, Avg: 0.2, Max: 1.7, Diff: 1.7, Sum: 1.7]
      [Termination (ms): Min: 0.0, Avg: 0.2, Max: 0.6, Diff: 0.6, Sum: 1.9]
         [Termination Attempts: Min: 1, Avg: 1.0, Max: 1, Diff: 0, Sum: 8]
      [GC Worker Other (ms): Min: 0.0, Avg: 0.0, Max: 0.1, Diff: 0.1, Sum: 0.3]
      [GC Worker Total (ms): Min: 0.1, Avg: 1.1, Max: 6.2, Diff: 6.1, Sum: 8.7]
      [GC Worker End (ms): Min: 542068.9, Avg: 542068.9, Max: 542068.9, Diff: 0.1]
   [Code Root Fixup: 0.0 ms]
   [Code Root Purge: 0.0 ms]
   [Clear CT: 0.6 ms]
   [Other: 16.2 ms]
      [Choose CSet: 0.0 ms]
      [Ref Proc: 12.8 ms]
      [Ref Enq: 0.0 ms]
      [Redirty Cards: 0.3 ms]
      [Humongous Register: 0.6 ms]
      [Humongous Reclaim: 0.3 ms]
      [Free CSet: 1.9 ms]
   [Eden: 1458.0M(1458.0M)->0.0B(1459.0M) Survivors: 6144.0K->5120.0K Heap: 5974.1M(6656.0M)->4515.9M(6656.0M)]
 [Times: user=0.09 sys=0.00, real=0.02 secs]
         vmop                    [threads: total initially_running wait_to_block]    [time: spin block sync cleanup vmop] page_trap_count
542.062: G1IncCollectionPause             [      32          0              1    ]      [     0     0     0     0    23    ]  0
2017-11-22T10:02:20.191+0800: 542.086: Total time for which application threads were stopped: 0.0238822 seconds, Stopping threads took: 0.0000605 seconds
         vmop                    [threads: total initially_running wait_to_block]    [time: spin block sync cleanup vmop] page_trap_count
542.315: RevokeBias                       [      32          0              2    ]      [     0     0     0     0     0    ]  0
2017-11-22T10:02:20.421+0800: 542.316: Total time for which application threads were stopped: 0.0003232 seconds, Stopping threads took: 0.0001631 seconds
         vmop                    [threads: total initially_running wait_to_block]    [time: spin block sync cleanup vmop] page_trap_count
542.316: RevokeBias                       [      32          1              2    ]      [     0     0     0     0     0    ]  1
2017-11-22T10:02:20.422+0800: 542.316: Total time for which application threads were stopped: 0.0003816 seconds, Stopping threads took: 0.0002371 seconds
         vmop                    [threads: total initially_running wait_to_block]    [time: spin block sync cleanup vmop] page_trap_count
542.463: RevokeBias                       [      33          0              0    ]      [     0     0     0     0     0    ]  0
2017-11-22T10:02:20.569+0800: 542.464: Total time for which application threads were stopped: 0.0002806 seconds, Stopping threads took: 0.0000626 seconds
         vmop                    [threads: total initially_running wait_to_block]    [time: spin block sync cleanup vmop] page_trap_count
546.464: no vm operation                  [      33          1              1    ]      [     0     0     0     0     0    ]  1
2017-11-22T10:02:24.570+0800: 546.464: Total time for which application threads were stopped: 0.0002265 seconds, Stopping threads took: 0.0000772 seconds
 547.461: [G1Ergonomics (Concurrent Cycles) initiate concurrent cycle, reason: concurrent cycle initiation requested]
2017-11-22T10:02:25.567+0800: 547.461: [GC pause (G1 Evacuation Pause) (young) (initial-mark) 547.462: [G1Ergonomics (CSet Construction) start choosing CSet, _pending_cards: 551, predicted base time: 14.22 ms, remaining time: 185.78 ms, target pause time: 200.00 ms]
 547.462: [G1Ergonomics (CSet Construction) add young regions to CSet, eden: 1459 regions, survivors: 5 regions, predicted young region time: 3.42 ms]
 547.462: [G1Ergonomics (CSet Construction) finish choosing CSet, eden: 1459 regions, survivors: 5 regions, old: 0 regions, predicted pause time: 17.64 ms, target pause time: 200.00 ms]
, 0.0172618 secs]
   [Parallel Time: 4.8 ms, GC Workers: 8]
      [GC Worker Start (ms): Min: 547462.6, Avg: 547463.1, Max: 547463.8, Diff: 1.2]
      [Ext Root Scanning (ms): Min: 1.4, Avg: 2.3, Max: 2.7, Diff: 1.3, Sum: 18.3]
      [Update RS (ms): Min: 0.0, Avg: 0.3, Max: 2.0, Diff: 2.0, Sum: 2.2]
         [Processed Buffers: Min: 0, Avg: 1.6, Max: 5, Diff: 5, Sum: 13]
      [Scan RS (ms): Min: 0.1, Avg: 0.3, Max: 0.4, Diff: 0.4, Sum: 2.2]
      [Code Root Scanning (ms): Min: 0.0, Avg: 0.0, Max: 0.1, Diff: 0.1, Sum: 0.2]
      [Object Copy (ms): Min: 0.0, Avg: 0.3, Max: 0.6, Diff: 0.6, Sum: 2.2]
      [Termination (ms): Min: 0.0, Avg: 0.8, Max: 1.2, Diff: 1.2, Sum: 6.7]
         [Termination Attempts: Min: 1, Avg: 2.8, Max: 8, Diff: 7, Sum: 22]
      [GC Worker Other (ms): Min: 0.0, Avg: 0.0, Max: 0.1, Diff: 0.1, Sum: 0.3]
      [GC Worker Total (ms): Min: 3.4, Avg: 4.0, Max: 4.6, Diff: 1.2, Sum: 32.1]
      [GC Worker End (ms): Min: 547467.1, Avg: 547467.2, Max: 547467.2, Diff: 0.1]
   [Code Root Fixup: 0.0 ms]
   [Code Root Purge: 0.0 ms]
   [Clear CT: 0.6 ms]
   [Other: 11.8 ms]
      [Choose CSet: 0.0 ms]
      [Ref Proc: 7.3 ms]
      [Ref Enq: 0.0 ms]
      [Redirty Cards: 0.3 ms]
      [Humongous Register: 0.1 ms]
      [Humongous Reclaim: 0.2 ms]
      [Free CSet: 1.9 ms]
   [Eden: 1459.0M(1459.0M)->0.0B(1458.0M) Survivors: 5120.0K->6144.0K Heap: 5974.9M(6656.0M)->4516.1M(6656.0M)]
 [Times: user=0.04 sys=0.00, real=0.02 secs]
         vmop                    [threads: total initially_running wait_to_block]    [time: spin block sync cleanup vmop] page_trap_count
547.461: G1IncCollectionPause             [      33          0              0    ]      [     0     0     0     0    17    ]  0
2017-11-22T10:02:25.584+0800: 547.479: [GC concurrent-root-region-scan-start]
2017-11-22T10:02:25.584+0800: 547.479: Total time for which application threads were stopped: 0.0176690 seconds, Stopping threads took: 0.0000483 seconds
2017-11-22T10:02:25.585+0800: 547.480: [GC concurrent-root-region-scan-end, 0.0009752 secs]
2017-11-22T10:02:25.585+0800: 547.480: [GC concurrent-mark-start]
2017-11-22T10:02:29.943+0800: 551.837: [GC pause (G1 Evacuation Pause) (young) 551.837: [G1Ergonomics (CSet Construction) start choosing CSet, _pending_cards: 1290, predicted base time: 14.79 ms, remaining time: 185.21 ms, target pause time: 200.00 ms]
 551.837: [G1Ergonomics (CSet Construction) add young regions to CSet, eden: 1458 regions, survivors: 6 regions, predicted young region time: 3.53 ms]
 551.837: [G1Ergonomics (CSet Construction) finish choosing CSet, eden: 1458 regions, survivors: 6 regions, old: 0 regions, predicted pause time: 18.32 ms, target pause time: 200.00 ms]
, 0.0208008 secs]
   [Parallel Time: 4.4 ms, GC Workers: 8]
      [GC Worker Start (ms): Min: 551837.6, Avg: 551837.9, Max: 551838.2, Diff: 0.6]
      [Ext Root Scanning (ms): Min: 1.1, Avg: 2.5, Max: 3.9, Diff: 2.8, Sum: 19.9]
      [Update RS (ms): Min: 0.0, Avg: 0.1, Max: 0.2, Diff: 0.2, Sum: 0.6]
         [Processed Buffers: Min: 0, Avg: 1.4, Max: 5, Diff: 5, Sum: 11]
      [Scan RS (ms): Min: 0.1, Avg: 0.3, Max: 0.7, Diff: 0.6, Sum: 2.4]
      [Code Root Scanning (ms): Min: 0.0, Avg: 0.0, Max: 0.1, Diff: 0.1, Sum: 0.2]
      [Object Copy (ms): Min: 0.0, Avg: 0.3, Max: 0.7, Diff: 0.7, Sum: 2.1]
      [Termination (ms): Min: 0.0, Avg: 0.8, Max: 1.4, Diff: 1.4, Sum: 6.7]
         [Termination Attempts: Min: 1, Avg: 1.1, Max: 2, Diff: 1, Sum: 9]
      [GC Worker Other (ms): Min: 0.0, Avg: 0.0, Max: 0.1, Diff: 0.1, Sum: 0.2]
      [GC Worker Total (ms): Min: 3.7, Avg: 4.0, Max: 4.3, Diff: 0.6, Sum: 32.2]
      [GC Worker End (ms): Min: 551841.8, Avg: 551841.9, Max: 551841.9, Diff: 0.1]
   [Code Root Fixup: 0.0 ms]
   [Code Root Purge: 0.0 ms]
   [Clear CT: 1.0 ms]
   [Other: 15.4 ms]
      [Choose CSet: 0.0 ms]
      [Ref Proc: 11.9 ms]
      [Ref Enq: 0.0 ms]
      [Redirty Cards: 0.3 ms]
      [Humongous Register: 0.4 ms]
      [Humongous Reclaim: 0.2 ms]
      [Free CSet: 2.2 ms]
   [Eden: 1458.0M(1458.0M)->0.0B(1458.0M) Survivors: 6144.0K->6144.0K Heap: 5974.1M(6656.0M)->4516.1M(6656.0M)]
 [Times: user=0.07 sys=0.00, real=0.03 secs]
         vmop                    [threads: total initially_running wait_to_block]    [time: spin block sync cleanup vmop] page_trap_count
551.837: G1IncCollectionPause             [      33          0              0    ]      [     0     0     0     0    20    ]  0
2017-11-22T10:02:29.964+0800: 551.858: Total time for which application threads were stopped: 0.0212387 seconds, Stopping threads took: 0.0000726 seconds
         vmop                    [threads: total initially_running wait_to_block]    [time: spin block sync cleanup vmop] page_trap_count
553.565: RevokeBias                       [      33          0              0    ]      [     0     0     0     0     0    ]  0
2017-11-22T10:02:31.671+0800: 553.565: Total time for which application threads were stopped: 0.0003570 seconds, Stopping threads took: 0.0000704 seconds
         vmop                    [threads: total initially_running wait_to_block]    [time: spin block sync cleanup vmop] page_trap_count
553.566: RevokeBias                       [      33          1              1    ]      [     3     0     3     0     0    ]  0
2017-11-22T10:02:31.675+0800: 553.570: Total time for which application threads were stopped: 0.0040715 seconds, Stopping threads took: 0.0038858 seconds
         vmop                    [threads: total initially_running wait_to_block]    [time: spin block sync cleanup vmop] page_trap_count
553.570: RevokeBias                       [      33          0              0    ]      [     0     0     0     0     0    ]  0
2017-11-22T10:02:31.676+0800: 553.570: Total time for which application threads were stopped: 0.0001090 seconds, Stopping threads took: 0.0000391 seconds
         vmop                    [threads: total initially_running wait_to_block]    [time: spin block sync cleanup vmop] page_trap_count
553.570: RevokeBias                       [      33          0              0    ]      [     0     0     0     0     0    ]  0
2017-11-22T10:02:31.676+0800: 553.570: Total time for which application threads were stopped: 0.0001928 seconds, Stopping threads took: 0.0000209 seconds
         vmop                    [threads: total initially_running wait_to_block]    [time: spin block sync cleanup vmop] page_trap_count
553.570: RevokeBias                       [      33          0              1    ]      [     0     0     0     0     0    ]  0
2017-11-22T10:02:31.676+0800: 553.571: Total time for which application threads were stopped: 0.0003296 seconds, Stopping threads took: 0.0000380 seconds
         vmop                    [threads: total initially_running wait_to_block]    [time: spin block sync cleanup vmop] page_trap_count
553.571: RevokeBias                       [      33          0              0    ]      [     0     0     0     0     0    ]  0
2017-11-22T10:02:31.677+0800: 553.571: Total time for which application threads were stopped: 0.0001651 seconds, Stopping threads took: 0.0000296 seconds
2017-11-22T10:02:34.107+0800: 556.001: [GC pause (G1 Evacuation Pause) (young) 556.001: [G1Ergonomics (CSet Construction) start choosing CSet, _pending_cards: 781, predicted base time: 15.92 ms, remaining time: 184.08 ms, target pause time: 200.00 ms]
 556.002: [G1Ergonomics (CSet Construction) add young regions to CSet, eden: 1458 regions, survivors: 6 regions, predicted young region time: 2.94 ms]
 556.002: [G1Ergonomics (CSet Construction) finish choosing CSet, eden: 1458 regions, survivors: 6 regions, old: 0 regions, predicted pause time: 18.86 ms, target pause time: 200.00 ms]
, 0.0122452 secs]
   [Parallel Time: 3.0 ms, GC Workers: 8]
      [GC Worker Start (ms): Min: 556001.8, Avg: 556003.3, Max: 556004.5, Diff: 2.7]
      [Ext Root Scanning (ms): Min: 0.0, Avg: 0.3, Max: 0.9, Diff: 0.9, Sum: 2.5]
      [Update RS (ms): Min: 0.0, Avg: 0.1, Max: 0.2, Diff: 0.2, Sum: 0.5]
         [Processed Buffers: Min: 0, Avg: 1.4, Max: 6, Diff: 6, Sum: 11]
      [Scan RS (ms): Min: 0.1, Avg: 0.2, Max: 0.5, Diff: 0.4, Sum: 1.9]
      [Code Root Scanning (ms): Min: 0.0, Avg: 0.0, Max: 0.1, Diff: 0.1, Sum: 0.2]
      [Object Copy (ms): Min: 0.0, Avg: 0.2, Max: 0.6, Diff: 0.6, Sum: 1.6]
      [Termination (ms): Min: 0.0, Avg: 0.5, Max: 0.8, Diff: 0.8, Sum: 3.8]
         [Termination Attempts: Min: 1, Avg: 1.0, Max: 1, Diff: 0, Sum: 8]
      [GC Worker Other (ms): Min: 0.0, Avg: 0.0, Max: 0.1, Diff: 0.1, Sum: 0.2]
      [GC Worker Total (ms): Min: 0.1, Avg: 1.3, Max: 2.8, Diff: 2.7, Sum: 10.7]
      [GC Worker End (ms): Min: 556004.7, Avg: 556004.7, Max: 556004.7, Diff: 0.1]
   [Code Root Fixup: 0.0 ms]
   [Code Root Purge: 0.0 ms]
   [Clear CT: 0.6 ms]
   [Other: 8.6 ms]
      [Choose CSet: 0.0 ms]
      [Ref Proc: 5.7 ms]
      [Ref Enq: 0.0 ms]
      [Redirty Cards: 0.2 ms]
      [Humongous Register: 0.3 ms]
      [Humongous Reclaim: 0.2 ms]
      [Free CSet: 1.8 ms]
   [Eden: 1458.0M(1458.0M)->0.0B(1460.0M) Survivors: 6144.0K->5120.0K Heap: 5974.1M(6656.0M)->4515.0M(6656.0M)]
 [Times: user=0.03 sys=0.00, real=0.01 secs]
         vmop                    [threads: total initially_running wait_to_block]    [time: spin block sync cleanup vmop] page_trap_count
556.001: G1IncCollectionPause             [      33          0              0    ]      [     0     0     0     0    12    ]  0
2017-11-22T10:02:34.119+0800: 556.014: Total time for which application threads were stopped: 0.0126108 seconds, Stopping threads took: 0.0000617 seconds
2017-11-22T10:02:34.292+0800: 556.187: [GC concurrent-mark-end, 8.7071489 secs]
2017-11-22T10:02:34.293+0800: 556.187: [GC remark 2017-11-22T10:02:34.293+0800: 556.187: [Finalize Marking, 0.0007216 secs] 2017-11-22T10:02:34.294+0800: 556.188: [GC ref-proc, 0.0002671 secs] 2017-11-22T10:02:34.294+0800: 556.188: [Unloading, 0.0078863 secs], 0.0547247 secs]
 [Times: user=0.14 sys=0.00, real=0.06 secs]
         vmop                    [threads: total initially_running wait_to_block]    [time: spin block sync cleanup vmop] page_trap_count
556.187: CGC_Operation                    [      33          1              1    ]      [     0     0     0     0    54    ]  1
2017-11-22T10:02:34.348+0800: 556.242: Total time for which application threads were stopped: 0.0550321 seconds, Stopping threads took: 0.0000580 seconds
2017-11-22T10:02:34.348+0800: 556.242: [GC cleanup 4604M->4604M(6656M), 0.0544935 secs]
 [Times: user=0.13 sys=0.00, real=0.05 secs]
         vmop                    [threads: total initially_running wait_to_block]    [time: spin block sync cleanup vmop] page_trap_count
556.242: CGC_Operation                    [      33          1              1    ]      [     0     0     0     0    54    ]  1
2017-11-22T10:02:34.403+0800: 556.297: Total time for which application threads were stopped: 0.0547818 seconds, Stopping threads took: 0.0000936 seconds
         vmop                    [threads: total initially_running wait_to_block]    [time: spin block sync cleanup vmop] page_trap_count
556.586: RevokeBias                       [      33          1              1    ]      [     0     0     0     0     0    ]  1
2017-11-22T10:02:34.692+0800: 556.586: Total time for which application threads were stopped: 0.0003074 seconds, Stopping threads took: 0.0001133 seconds
2017-11-22T10:02:36.632+0800: 558.526: [GC pause (G1 Evacuation Pause) (young) 558.526: [G1Ergonomics (CSet Construction) start choosing CSet, _pending_cards: 793, predicted base time: 14.43 ms, remaining time: 185.57 ms, target pause time: 200.00 ms]
 558.526: [G1Ergonomics (CSet Construction) add young regions to CSet, eden: 1460 regions, survivors: 5 regions, predicted young region time: 4.64 ms]
 558.526: [G1Ergonomics (CSet Construction) finish choosing CSet, eden: 1460 regions, survivors: 5 regions, old: 0 regions, predicted pause time: 19.07 ms, target pause time: 200.00 ms]
 558.575: [G1Ergonomics (Concurrent Cycles) do not request concurrent cycle initiation, reason: still doing mixed collections, occupancy: 4737466368 bytes, allocation request: 0 bytes, threshold: 3140694810 bytes (45.00 %), source: end of GC]
 558.575: [G1Ergonomics (Mixed GCs) do not start mixed GCs, reason: reclaimable percentage not over threshold, candidate old regions: 286 regions, reclaimable: 151563816 bytes (2.17 %), threshold: 5.00 %]
, 0.0490090 secs]
   [Parallel Time: 9.1 ms, GC Workers: 8]
      [GC Worker Start (ms): Min: 558526.6, Avg: 558532.1, Max: 558533.5, Diff: 6.9]
      [Ext Root Scanning (ms): Min: 0.0, Avg: 0.3, Max: 2.1, Diff: 2.1, Sum: 2.2]
      [Update RS (ms): Min: 0.0, Avg: 0.1, Max: 0.5, Diff: 0.5, Sum: 0.5]
         [Processed Buffers: Min: 0, Avg: 1.4, Max: 11, Diff: 11, Sum: 11]
      [Scan RS (ms): Min: 0.1, Avg: 0.2, Max: 1.0, Diff: 0.9, Sum: 1.8]
      [Code Root Scanning (ms): Min: 0.0, Avg: 0.0, Max: 0.2, Diff: 0.2, Sum: 0.2]
      [Object Copy (ms): Min: 0.0, Avg: 0.2, Max: 1.8, Diff: 1.8, Sum: 1.8]
      [Termination (ms): Min: 0.0, Avg: 0.8, Max: 1.5, Diff: 1.5, Sum: 6.4]
         [Termination Attempts: Min: 1, Avg: 1.0, Max: 1, Diff: 0, Sum: 8]
      [GC Worker Other (ms): Min: 0.0, Avg: 0.0, Max: 0.0, Diff: 0.0, Sum: 0.1]
      [GC Worker Total (ms): Min: 0.1, Avg: 1.6, Max: 7.1, Diff: 7.0, Sum: 12.9]
      [GC Worker End (ms): Min: 558533.7, Avg: 558533.7, Max: 558533.7, Diff: 0.1]
   [Code Root Fixup: 0.1 ms]
   [Code Root Purge: 0.0 ms]
   [Clear CT: 0.9 ms]
   [Other: 39.0 ms]
      [Choose CSet: 0.0 ms]
      [Ref Proc: 35.6 ms]
      [Ref Enq: 0.0 ms]
      [Redirty Cards: 0.1 ms]
      [Humongous Register: 0.3 ms]
      [Humongous Reclaim: 0.4 ms]
      [Free CSet: 2.3 ms]
   [Eden: 1460.0M(1460.0M)->0.0B(1459.0M) Survivors: 5120.0K->6144.0K Heap: 5975.0M(6656.0M)->4516.0M(6656.0M)]
 [Times: user=0.05 sys=0.00, real=0.05 secs]
         vmop                    [threads: total initially_running wait_to_block]    [time: spin block sync cleanup vmop] page_trap_count
558.526: G1IncCollectionPause             [      33          0              1    ]      [     0     0     0     0    49    ]  0
2017-11-22T10:02:36.681+0800: 558.575: Total time for which application threads were stopped: 0.0493782 seconds, Stopping threads took: 0.0000526 seconds
2017-11-22T10:02:38.294+0800: 560.188: [GC pause (G1 Evacuation Pause) (young) 560.188: [G1Ergonomics (CSet Construction) start choosing CSet, _pending_cards: 261, predicted base time: 28.75 ms, remaining time: 171.25 ms, target pause time: 200.00 ms]
 560.188: [G1Ergonomics (CSet Construction) add young regions to CSet, eden: 1459 regions, survivors: 6 regions, predicted young region time: 3.40 ms]
 560.188: [G1Ergonomics (CSet Construction) finish choosing CSet, eden: 1459 regions, survivors: 6 regions, old: 0 regions, predicted pause time: 32.15 ms, target pause time: 200.00 ms]
 560.195: [G1Ergonomics (Concurrent Cycles) request concurrent cycle initiation, reason: occupancy higher than threshold, occupancy: 4737466368 bytes, allocation request: 0 bytes, threshold: 3140694810 bytes (45.00 %), source: end of GC]
, 0.0067757 secs]
   [Parallel Time: 2.1 ms, GC Workers: 8]
      [GC Worker Start (ms): Min: 560189.1, Avg: 560189.6, Max: 560190.9, Diff: 1.8]
      [Ext Root Scanning (ms): Min: 0.0, Avg: 0.4, Max: 0.9, Diff: 0.9, Sum: 3.1]
      [Update RS (ms): Min: 0.0, Avg: 0.1, Max: 0.5, Diff: 0.5, Sum: 0.6]
         [Processed Buffers: Min: 0, Avg: 0.9, Max: 3, Diff: 3, Sum: 7]
      [Scan RS (ms): Min: 0.1, Avg: 0.3, Max: 0.5, Diff: 0.4, Sum: 2.1]
      [Code Root Scanning (ms): Min: 0.0, Avg: 0.0, Max: 0.1, Diff: 0.1, Sum: 0.2]
      [Object Copy (ms): Min: 0.0, Avg: 0.3, Max: 0.4, Diff: 0.4, Sum: 2.2]
      [Termination (ms): Min: 0.0, Avg: 0.4, Max: 0.5, Diff: 0.5, Sum: 3.1]
         [Termination Attempts: Min: 1, Avg: 1.1, Max: 2, Diff: 1, Sum: 9]
      [GC Worker Other (ms): Min: 0.0, Avg: 0.1, Max: 0.1, Diff: 0.1, Sum: 0.4]
      [GC Worker Total (ms): Min: 0.1, Avg: 1.5, Max: 1.9, Diff: 1.8, Sum: 11.8]
      [GC Worker End (ms): Min: 560191.0, Avg: 560191.0, Max: 560191.1, Diff: 0.1]
   [Code Root Fixup: 0.0 ms]
   [Code Root Purge: 0.0 ms]
   [Clear CT: 0.8 ms]
   [Other: 3.8 ms]
      [Choose CSet: 0.1 ms]
      [Ref Proc: 0.6 ms]
      [Ref Enq: 0.0 ms]
      [Redirty Cards: 0.2 ms]
      [Humongous Register: 0.6 ms]
      [Humongous Reclaim: 0.2 ms]
      [Free CSet: 1.9 ms]
   [Eden: 1459.0M(1459.0M)->0.0B(1460.0M) Survivors: 6144.0K->5120.0K Heap: 5975.0M(6656.0M)->4515.4M(6656.0M)]
 [Times: user=0.02 sys=0.00, real=0.01 secs]
         vmop                    [threads: total initially_running wait_to_block]    [time: spin block sync cleanup vmop] page_trap_count
560.188: G1IncCollectionPause             [      33          0              0    ]      [     0     0     0     0     6    ]  0
2017-11-22T10:02:38.301+0800: 560.195: Total time for which application threads were stopped: 0.0071712 seconds, Stopping threads took: 0.0000594 seconds
 562.666: [G1Ergonomics (Concurrent Cycles) initiate concurrent cycle, reason: concurrent cycle initiation requested]
2017-11-22T10:02:40.772+0800: 562.666: [GC pause (G1 Evacuation Pause) (young) (initial-mark) 562.667: [G1Ergonomics (CSet Construction) start choosing CSet, _pending_cards: 1545, predicted base time: 23.49 ms, remaining time: 176.51 ms, target pause time: 200.00 ms]
 562.667: [G1Ergonomics (CSet Construction) add young regions to CSet, eden: 1460 regions, survivors: 5 regions, predicted young region time: 3.04 ms]
 562.667: [G1Ergonomics (CSet Construction) finish choosing CSet, eden: 1460 regions, survivors: 5 regions, old: 0 regions, predicted pause time: 26.53 ms, target pause time: 200.00 ms]
, 0.0103115 secs]
   [Parallel Time: 3.2 ms, GC Workers: 8]
      [GC Worker Start (ms): Min: 562667.6, Avg: 562667.9, Max: 562668.4, Diff: 0.9]
      [Ext Root Scanning (ms): Min: 1.2, Avg: 1.5, Max: 2.0, Diff: 0.8, Sum: 12.0]
      [Update RS (ms): Min: 0.0, Avg: 0.1, Max: 0.2, Diff: 0.2, Sum: 0.6]
         [Processed Buffers: Min: 0, Avg: 1.6, Max: 6, Diff: 6, Sum: 13]
      [Scan RS (ms): Min: 0.1, Avg: 0.4, Max: 0.6, Diff: 0.5, Sum: 2.9]
      [Code Root Scanning (ms): Min: 0.0, Avg: 0.0, Max: 0.2, Diff: 0.2, Sum: 0.3]
      [Object Copy (ms): Min: 0.0, Avg: 0.3, Max: 0.5, Diff: 0.5, Sum: 2.2]
      [Termination (ms): Min: 0.0, Avg: 0.4, Max: 0.5, Diff: 0.5, Sum: 3.0]
         [Termination Attempts: Min: 1, Avg: 1.0, Max: 1, Diff: 0, Sum: 8]
      [GC Worker Other (ms): Min: 0.0, Avg: 0.0, Max: 0.1, Diff: 0.0, Sum: 0.2]
      [GC Worker Total (ms): Min: 2.1, Avg: 2.6, Max: 3.0, Diff: 0.9, Sum: 21.2]
      [GC Worker End (ms): Min: 562670.5, Avg: 562670.6, Max: 562670.6, Diff: 0.1]
   [Code Root Fixup: 0.0 ms]
   [Code Root Purge: 0.0 ms]
   [Clear CT: 0.7 ms]
   [Other: 6.3 ms]
      [Choose CSet: 0.0 ms]
      [Ref Proc: 1.4 ms]
      [Ref Enq: 0.0 ms]
      [Redirty Cards: 0.3 ms]
      [Humongous Register: 0.1 ms]
      [Humongous Reclaim: 0.3 ms]
      [Free CSet: 2.1 ms]
   [Eden: 1460.0M(1460.0M)->0.0B(1460.0M) Survivors: 5120.0K->5120.0K Heap: 5975.4M(6656.0M)->4515.9M(6656.0M)]
 [Times: user=0.02 sys=0.00, real=0.01 secs]
         vmop                    [threads: total initially_running wait_to_block]    [time: spin block sync cleanup vmop] page_trap_count
562.666: G1IncCollectionPause             [      33          0              0    ]      [     0     0     0     0    10    ]  0
2017-11-22T10:02:40.782+0800: 562.677: [GC concurrent-root-region-scan-start]
2017-11-22T10:02:40.782+0800: 562.677: Total time for which application threads were stopped: 0.0107512 seconds, Stopping threads took: 0.0000500 seconds
2017-11-22T10:02:40.783+0800: 562.678: [GC concurrent-root-region-scan-end, 0.0010805 secs]
2017-11-22T10:02:40.783+0800: 562.678: [GC concurrent-mark-start]
         vmop                    [threads: total initially_running wait_to_block]    [time: spin block sync cleanup vmop] page_trap_count
563.649: RevokeBias                       [      33          1              1    ]      [     0     0     0     0     0    ]  1
2017-11-22T10:02:41.755+0800: 563.649: Total time for which application threads were stopped: 0.0002921 seconds, Stopping threads took: 0.0001239 seconds
2017-11-22T10:02:44.701+0800: 566.595: [GC pause (G1 Evacuation Pause) (young) 566.595: [G1Ergonomics (CSet Construction) start choosing CSet, _pending_cards: 1295, predicted base time: 19.74 ms, remaining time: 180.26 ms, target pause time: 200.00 ms]
 566.595: [G1Ergonomics (CSet Construction) add young regions to CSet, eden: 1460 regions, survivors: 5 regions, predicted young region time: 3.17 ms]
 566.595: [G1Ergonomics (CSet Construction) finish choosing CSet, eden: 1460 regions, survivors: 5 regions, old: 0 regions, predicted pause time: 22.91 ms, target pause time: 200.00 ms]
, 0.0061307 secs]
   [Parallel Time: 1.9 ms, GC Workers: 8]
      [GC Worker Start (ms): Min: 566595.9, Avg: 566596.0, Max: 566596.1, Diff: 0.2]
      [Ext Root Scanning (ms): Min: 0.4, Avg: 0.6, Max: 0.9, Diff: 0.5, Sum: 4.7]
      [Update RS (ms): Min: 0.0, Avg: 0.1, Max: 0.2, Diff: 0.2, Sum: 0.7]
         [Processed Buffers: Min: 0, Avg: 1.6, Max: 4, Diff: 4, Sum: 13]
      [Scan RS (ms): Min: 0.2, Avg: 0.4, Max: 0.4, Diff: 0.2, Sum: 2.9]
      [Code Root Scanning (ms): Min: 0.0, Avg: 0.0, Max: 0.1, Diff: 0.1, Sum: 0.2]
      [Object Copy (ms): Min: 0.3, Avg: 0.4, Max: 0.4, Diff: 0.2, Sum: 2.9]
      [Termination (ms): Min: 0.0, Avg: 0.0, Max: 0.1, Diff: 0.1, Sum: 0.3]
         [Termination Attempts: Min: 1, Avg: 1.0, Max: 1, Diff: 0, Sum: 8]
      [GC Worker Other (ms): Min: 0.0, Avg: 0.1, Max: 0.1, Diff: 0.1, Sum: 0.6]
      [GC Worker Total (ms): Min: 1.4, Avg: 1.5, Max: 1.6, Diff: 0.2, Sum: 12.4]
      [GC Worker End (ms): Min: 566597.4, Avg: 566597.5, Max: 566597.6, Diff: 0.1]
   [Code Root Fixup: 0.0 ms]
   [Code Root Purge: 0.0 ms]
   [Clear CT: 0.6 ms]
   [Other: 3.6 ms]
      [Choose CSet: 0.0 ms]
      [Ref Proc: 0.4 ms]
      [Ref Enq: 0.0 ms]
      [Redirty Cards: 0.3 ms]
      [Humongous Register: 0.5 ms]
      [Humongous Reclaim: 0.2 ms]
      [Free CSet: 2.0 ms]
   [Eden: 1460.0M(1460.0M)->0.0B(1459.0M) Survivors: 5120.0K->6144.0K Heap: 5975.9M(6656.0M)->4516.1M(6656.0M)]
 [Times: user=0.02 sys=0.00, real=0.01 secs]
         vmop                    [threads: total initially_running wait_to_block]    [time: spin block sync cleanup vmop] page_trap_count
566.595: G1IncCollectionPause             [      33          0              0    ]      [     0     0     0     0     6    ]  0
2017-11-22T10:02:44.707+0800: 566.602: Total time for which application threads were stopped: 0.0065931 seconds, Stopping threads took: 0.0000786 seconds
         vmop                    [threads: total initially_running wait_to_block]    [time: spin block sync cleanup vmop] page_trap_count
568.602: no vm operation                  [      33          0              0    ]      [     0     0     0     0     0    ]  0
2017-11-22T10:02:46.708+0800: 568.602: Total time for which application threads were stopped: 0.0002133 seconds, Stopping threads took: 0.0000610 seconds
2017-11-22T10:02:48.860+0800: 570.755: [GC concurrent-mark-end, 8.0768670 secs]
2017-11-22T10:02:48.861+0800: 570.755: [GC remark 2017-11-22T10:02:48.861+0800: 570.755: [Finalize Marking, 0.0007783 secs] 2017-11-22T10:02:48.862+0800: 570.756: [GC ref-proc, 0.0002566 secs] 2017-11-22T10:02:48.862+0800: 570.756: [Unloading, 0.0081404 secs], 0.0502342 secs]
 [Times: user=0.16 sys=0.00, real=0.05 secs]
         vmop                    [threads: total initially_running wait_to_block]    [time: spin block sync cleanup vmop] page_trap_count
570.755: CGC_Operation                    [      33          0              0    ]      [     0     0     0     0    50    ]  0
2017-11-22T10:02:48.911+0800: 570.805: Total time for which application threads were stopped: 0.0506002 seconds, Stopping threads took: 0.0000557 seconds
2017-11-22T10:02:48.912+0800: 570.806: [GC cleanup 5655M->5655M(6656M), 0.0310065 secs]
 [Times: user=0.13 sys=0.00, real=0.03 secs]
         vmop                    [threads: total initially_running wait_to_block]    [time: spin block sync cleanup vmop] page_trap_count
570.806: CGC_Operation                    [      33          0              0    ]      [     0     0     0     0    31    ]  0
2017-11-22T10:02:48.943+0800: 570.837: Total time for which application threads were stopped: 0.0313722 seconds, Stopping threads took: 0.0001171 seconds
2017-11-22T10:02:50.506+0800: 572.401: [GC pause (G1 Evacuation Pause) (young) 572.401: [G1Ergonomics (CSet Construction) start choosing CSet, _pending_cards: 2078, predicted base time: 16.12 ms, remaining time: 183.88 ms, target pause time: 200.00 ms]
 572.401: [G1Ergonomics (CSet Construction) add young regions to CSet, eden: 1459 regions, survivors: 6 regions, predicted young region time: 2.91 ms]
 572.401: [G1Ergonomics (CSet Construction) finish choosing CSet, eden: 1459 regions, survivors: 6 regions, old: 0 regions, predicted pause time: 19.03 ms, target pause time: 200.00 ms]
 572.409: [G1Ergonomics (Concurrent Cycles) do not request concurrent cycle initiation, reason: still doing mixed collections, occupancy: 4737466368 bytes, allocation request: 0 bytes, threshold: 3140694810 bytes (45.00 %), source: end of GC]
 572.409: [G1Ergonomics (Mixed GCs) do not start mixed GCs, reason: reclaimable percentage not over threshold, candidate old regions: 286 regions, reclaimable: 151563816 bytes (2.17 %), threshold: 5.00 %]
, 0.0081305 secs]
   [Parallel Time: 3.4 ms, GC Workers: 8]
      [GC Worker Start (ms): Min: 572401.3, Avg: 572402.7, Max: 572404.2, Diff: 3.0]
      [Ext Root Scanning (ms): Min: 0.0, Avg: 0.5, Max: 1.0, Diff: 1.0, Sum: 3.8]
      [Update RS (ms): Min: 0.0, Avg: 0.1, Max: 0.2, Diff: 0.2, Sum: 0.8]
         [Processed Buffers: Min: 0, Avg: 2.1, Max: 6, Diff: 6, Sum: 17]
      [Scan RS (ms): Min: 0.1, Avg: 0.4, Max: 0.7, Diff: 0.6, Sum: 3.1]
      [Code Root Scanning (ms): Min: 0.0, Avg: 0.0, Max: 0.1, Diff: 0.1, Sum: 0.2]
      [Object Copy (ms): Min: 0.0, Avg: 0.3, Max: 0.7, Diff: 0.7, Sum: 2.7]
      [Termination (ms): Min: 0.0, Avg: 0.3, Max: 0.6, Diff: 0.6, Sum: 2.7]
         [Termination Attempts: Min: 1, Avg: 1.0, Max: 1, Diff: 0, Sum: 8]
      [GC Worker Other (ms): Min: 0.0, Avg: 0.1, Max: 0.1, Diff: 0.1, Sum: 0.4]
      [GC Worker Total (ms): Min: 0.2, Avg: 1.7, Max: 3.2, Diff: 3.0, Sum: 13.7]
      [GC Worker End (ms): Min: 572404.4, Avg: 572404.4, Max: 572404.5, Diff: 0.1]
   [Code Root Fixup: 0.0 ms]
   [Code Root Purge: 0.0 ms]
   [Clear CT: 0.6 ms]
   [Other: 4.1 ms]
      [Choose CSet: 0.0 ms]
      [Ref Proc: 0.6 ms]
      [Ref Enq: 0.0 ms]
      [Redirty Cards: 0.4 ms]
      [Humongous Register: 0.3 ms]
      [Humongous Reclaim: 0.2 ms]
      [Free CSet: 2.2 ms]
   [Eden: 1459.0M(1459.0M)->0.0B(1459.0M) Survivors: 6144.0K->6144.0K Heap: 5975.1M(6656.0M)->4516.2M(6656.0M)]
 [Times: user=0.02 sys=0.00, real=0.00 secs]
         vmop                    [threads: total initially_running wait_to_block]    [time: spin block sync cleanup vmop] page_trap_count
572.401: G1IncCollectionPause             [      33          0              0    ]      [     0     0     0     0     8    ]  0
2017-11-22T10:02:50.515+0800: 572.409: Total time for which application threads were stopped: 0.0085018 seconds, Stopping threads took: 0.0000480 seconds
2017-11-22T10:02:56.213+0800: 578.107: [GC pause (G1 Evacuation Pause) (young) 578.107: [G1Ergonomics (CSet Construction) start choosing CSet, _pending_cards: 1047, predicted base time: 13.45 ms, remaining time: 186.55 ms, target pause time: 200.00 ms]
 578.107: [G1Ergonomics (CSet Construction) add young regions to CSet, eden: 1459 regions, survivors: 6 regions, predicted young region time: 3.06 ms]
 578.107: [G1Ergonomics (CSet Construction) finish choosing CSet, eden: 1459 regions, survivors: 6 regions, old: 0 regions, predicted pause time: 16.51 ms, target pause time: 200.00 ms]
 578.118: [G1Ergonomics (Concurrent Cycles) request concurrent cycle initiation, reason: occupancy higher than threshold, occupancy: 4737466368 bytes, allocation request: 0 bytes, threshold: 3140694810 bytes (45.00 %), source: end of GC]
, 0.0115476 secs]
   [Parallel Time: 5.2 ms, GC Workers: 8]
      [GC Worker Start (ms): Min: 578107.4, Avg: 578109.2, Max: 578110.5, Diff: 3.1]
      [Ext Root Scanning (ms): Min: 0.0, Avg: 0.4, Max: 1.3, Diff: 1.3, Sum: 3.4]
      [Update RS (ms): Min: 0.0, Avg: 0.1, Max: 0.3, Diff: 0.3, Sum: 0.6]
         [Processed Buffers: Min: 0, Avg: 1.4, Max: 6, Diff: 6, Sum: 11]
      [Scan RS (ms): Min: 0.1, Avg: 0.7, Max: 3.7, Diff: 3.6, Sum: 5.6]
      [Code Root Scanning (ms): Min: 0.0, Avg: 0.0, Max: 0.1, Diff: 0.1, Sum: 0.2]
      [Object Copy (ms): Min: 0.0, Avg: 0.3, Max: 0.7, Diff: 0.7, Sum: 2.1]
      [Termination (ms): Min: 0.0, Avg: 1.9, Max: 2.3, Diff: 2.3, Sum: 14.9]
         [Termination Attempts: Min: 1, Avg: 1.0, Max: 1, Diff: 0, Sum: 8]
      [GC Worker Other (ms): Min: 0.0, Avg: 0.0, Max: 0.0, Diff: 0.0, Sum: 0.2]
      [GC Worker Total (ms): Min: 2.0, Avg: 3.4, Max: 5.2, Diff: 3.1, Sum: 27.1]
      [GC Worker End (ms): Min: 578112.6, Avg: 578112.6, Max: 578112.6, Diff: 0.1]
   [Code Root Fixup: 0.0 ms]
   [Code Root Purge: 0.0 ms]
   [Clear CT: 0.7 ms]
   [Other: 5.6 ms]
      [Choose CSet: 0.0 ms]
      [Ref Proc: 2.2 ms]
      [Ref Enq: 0.0 ms]
      [Redirty Cards: 0.3 ms]
      [Humongous Register: 0.3 ms]
      [Humongous Reclaim: 0.3 ms]
      [Free CSet: 2.1 ms]
   [Eden: 1459.0M(1459.0M)->0.0B(1458.0M) Survivors: 6144.0K->6144.0K Heap: 5975.2M(6656.0M)->4516.0M(6656.0M)]
 [Times: user=0.03 sys=0.00, real=0.02 secs]
         vmop                    [threads: total initially_running wait_to_block]    [time: spin block sync cleanup vmop] page_trap_count
578.107: G1IncCollectionPause             [      32          0              0    ]      [     0     0     0     0    11    ]  0
2017-11-22T10:02:56.224+0800: 578.119: Total time for which application threads were stopped: 0.0118926 seconds, Stopping threads took: 0.0000485 seconds
         vmop                    [threads: total initially_running wait_to_block]    [time: spin block sync cleanup vmop] page_trap_count
580.599: RevokeBias                       [      32          1              2    ]      [     0     0     0     0     0    ]  0
2017-11-22T10:02:58.705+0800: 580.600: Total time for which application threads were stopped: 0.0004555 seconds, Stopping threads took: 0.0001973 seconds
         vmop                    [threads: total initially_running wait_to_block]    [time: spin block sync cleanup vmop] page_trap_count
580.600: RevokeBias                       [      32          0              0    ]      [     0     0     0     0     0    ]  0
2017-11-22T10:02:58.705+0800: 580.600: Total time for which application threads were stopped: 0.0001428 seconds, Stopping threads took: 0.0000538 seconds
         vmop                    [threads: total initially_running wait_to_block]    [time: spin block sync cleanup vmop] page_trap_count
580.600: RevokeBias                       [      32          0              0    ]      [     0     0     0     0     0    ]  0
2017-11-22T10:02:58.706+0800: 580.600: Total time for which application threads were stopped: 0.0001320 seconds, Stopping threads took: 0.0000200 seconds
         vmop                    [threads: total initially_running wait_to_block]    [time: spin block sync cleanup vmop] page_trap_count
580.605: RevokeBias                       [      33          0              0    ]      [     0     0     0     0     0    ]  0
2017-11-22T10:02:58.711+0800: 580.605: Total time for which application threads were stopped: 0.0001665 seconds, Stopping threads took: 0.0000340 seconds
 581.131: [G1Ergonomics (Concurrent Cycles) initiate concurrent cycle, reason: concurrent cycle initiation requested]
2017-11-22T10:02:59.236+0800: 581.131: [GC pause (G1 Evacuation Pause) (young) (initial-mark) 581.132: [G1Ergonomics (CSet Construction) start choosing CSet, _pending_cards: 1033, predicted base time: 11.99 ms, remaining time: 188.01 ms, target pause time: 200.00 ms]
 581.132: [G1Ergonomics (CSet Construction) add young regions to CSet, eden: 1458 regions, survivors: 6 regions, predicted young region time: 4.13 ms]
 581.132: [G1Ergonomics (CSet Construction) finish choosing CSet, eden: 1458 regions, survivors: 6 regions, old: 0 regions, predicted pause time: 16.12 ms, target pause time: 200.00 ms]
, 0.0099092 secs]
   [Parallel Time: 3.0 ms, GC Workers: 8]
      [GC Worker Start (ms): Min: 581132.1, Avg: 581132.8, Max: 581133.4, Diff: 1.3]
      [Ext Root Scanning (ms): Min: 1.1, Avg: 1.3, Max: 1.4, Diff: 0.2, Sum: 10.0]
      [Update RS (ms): Min: 0.0, Avg: 0.1, Max: 0.4, Diff: 0.4, Sum: 0.7]
         [Processed Buffers: Min: 0, Avg: 1.2, Max: 6, Diff: 6, Sum: 10]
      [Scan RS (ms): Min: 0.1, Avg: 0.3, Max: 0.5, Diff: 0.4, Sum: 2.4]
      [Code Root Scanning (ms): Min: 0.0, Avg: 0.0, Max: 0.1, Diff: 0.1, Sum: 0.2]
      [Object Copy (ms): Min: 0.0, Avg: 0.1, Max: 0.2, Diff: 0.2, Sum: 0.5]
      [Termination (ms): Min: 0.0, Avg: 0.4, Max: 0.6, Diff: 0.6, Sum: 3.1]
         [Termination Attempts: Min: 1, Avg: 1.5, Max: 4, Diff: 3, Sum: 12]
      [GC Worker Other (ms): Min: 0.0, Avg: 0.0, Max: 0.1, Diff: 0.0, Sum: 0.2]
      [GC Worker Total (ms): Min: 1.5, Avg: 2.1, Max: 2.8, Diff: 1.3, Sum: 17.1]
      [GC Worker End (ms): Min: 581134.9, Avg: 581134.9, Max: 581134.9, Diff: 0.1]
   [Code Root Fixup: 0.0 ms]
   [Code Root Purge: 0.0 ms]
   [Clear CT: 0.9 ms]
   [Other: 6.0 ms]
      [Choose CSet: 0.0 ms]
      [Ref Proc: 1.9 ms]
      [Ref Enq: 0.0 ms]
      [Redirty Cards: 0.3 ms]
      [Humongous Register: 0.1 ms]
      [Humongous Reclaim: 0.2 ms]
      [Free CSet: 1.9 ms]
   [Eden: 1458.0M(1458.0M)->0.0B(1465.0M) Survivors: 6144.0K->1024.0K Heap: 5974.0M(6656.0M)->4511.1M(6656.0M)]
 [Times: user=0.02 sys=0.00, real=0.01 secs]
         vmop                    [threads: total initially_running wait_to_block]    [time: spin block sync cleanup vmop] page_trap_count
581.131: G1IncCollectionPause             [      33          0              0    ]      [     0     0     0     0    10    ]  0
2017-11-22T10:02:59.247+0800: 581.141: [GC concurrent-root-region-scan-start]
2017-11-22T10:02:59.247+0800: 581.141: Total time for which application threads were stopped: 0.0103350 seconds, Stopping threads took: 0.0000530 seconds
2017-11-22T10:02:59.248+0800: 581.142: [GC concurrent-root-region-scan-end, 0.0013513 secs]
2017-11-22T10:02:59.248+0800: 581.142: [GC concurrent-mark-start]
2017-11-22T10:03:00.695+0800: 582.590: [GC pause (G1 Evacuation Pause) (young) 582.590: [G1Ergonomics (CSet Construction) start choosing CSet, _pending_cards: 780, predicted base time: 11.05 ms, remaining time: 188.95 ms, target pause time: 200.00 ms]
 582.590: [G1Ergonomics (CSet Construction) add young regions to CSet, eden: 1465 regions, survivors: 1 regions, predicted young region time: 6.25 ms]
 582.590: [G1Ergonomics (CSet Construction) finish choosing CSet, eden: 1465 regions, survivors: 1 regions, old: 0 regions, predicted pause time: 17.31 ms, target pause time: 200.00 ms]
, 0.0112638 secs]
   [Parallel Time: 2.9 ms, GC Workers: 8]
      [GC Worker Start (ms): Min: 582590.0, Avg: 582591.5, Max: 582592.6, Diff: 2.7]
      [Ext Root Scanning (ms): Min: 0.0, Avg: 0.3, Max: 1.1, Diff: 1.1, Sum: 2.5]
      [Update RS (ms): Min: 0.0, Avg: 0.1, Max: 0.2, Diff: 0.2, Sum: 0.5]
         [Processed Buffers: Min: 0, Avg: 1.1, Max: 7, Diff: 7, Sum: 9]
      [Scan RS (ms): Min: 0.1, Avg: 0.3, Max: 0.5, Diff: 0.4, Sum: 2.0]
      [Code Root Scanning (ms): Min: 0.0, Avg: 0.0, Max: 0.1, Diff: 0.1, Sum: 0.2]
      [Object Copy (ms): Min: 0.0, Avg: 0.0, Max: 0.2, Diff: 0.2, Sum: 0.3]
      [Termination (ms): Min: 0.0, Avg: 0.5, Max: 0.9, Diff: 0.9, Sum: 4.3]
         [Termination Attempts: Min: 1, Avg: 1.2, Max: 2, Diff: 1, Sum: 10]
      [GC Worker Other (ms): Min: 0.0, Avg: 0.0, Max: 0.0, Diff: 0.0, Sum: 0.2]
      [GC Worker Total (ms): Min: 0.1, Avg: 1.3, Max: 2.8, Diff: 2.7, Sum: 10.0]
      [GC Worker End (ms): Min: 582592.7, Avg: 582592.7, Max: 582592.8, Diff: 0.0]
   [Code Root Fixup: 0.0 ms]
   [Code Root Purge: 0.0 ms]
   [Clear CT: 0.7 ms]
   [Other: 7.7 ms]
      [Choose CSet: 0.0 ms]
      [Ref Proc: 4.9 ms]
      [Ref Enq: 0.0 ms]
      [Redirty Cards: 0.2 ms]
      [Humongous Register: 0.3 ms]
      [Humongous Reclaim: 0.2 ms]
      [Free CSet: 1.8 ms]
   [Eden: 1465.0M(1465.0M)->0.0B(1466.0M) Survivors: 1024.0K->1024.0K Heap: 5976.1M(6656.0M)->4511.2M(6656.0M)]
 [Times: user=0.03 sys=0.00, real=0.01 secs]
         vmop                    [threads: total initially_running wait_to_block]    [time: spin block sync cleanup vmop] page_trap_count
582.589: G1IncCollectionPause             [      33          0              0    ]      [     0     0     0     0    11    ]  0
2017-11-22T10:03:00.707+0800: 582.601: Total time for which application threads were stopped: 0.0116826 seconds, Stopping threads took: 0.0000528 seconds
2017-11-22T10:03:01.698+0800: 583.592: [GC pause (G1 Evacuation Pause) (young) 583.592: [G1Ergonomics (CSet Construction) start choosing CSet, _pending_cards: 777, predicted base time: 10.74 ms, remaining time: 189.26 ms, target pause time: 200.00 ms]
 583.592: [G1Ergonomics (CSet Construction) add young regions to CSet, eden: 1466 regions, survivors: 1 regions, predicted young region time: 3.00 ms]
 583.592: [G1Ergonomics (CSet Construction) finish choosing CSet, eden: 1466 regions, survivors: 1 regions, old: 0 regions, predicted pause time: 13.74 ms, target pause time: 200.00 ms]
, 0.0063916 secs]
   [Parallel Time: 2.0 ms, GC Workers: 8]
      [GC Worker Start (ms): Min: 583592.6, Avg: 583592.9, Max: 583594.1, Diff: 1.5]
      [Ext Root Scanning (ms): Min: 0.0, Avg: 0.6, Max: 1.0, Diff: 1.0, Sum: 4.6]
      [Update RS (ms): Min: 0.0, Avg: 0.1, Max: 0.2, Diff: 0.2, Sum: 0.7]
         [Processed Buffers: Min: 0, Avg: 1.4, Max: 4, Diff: 4, Sum: 11]
      [Scan RS (ms): Min: 0.1, Avg: 0.4, Max: 0.5, Diff: 0.4, Sum: 3.2]
      [Code Root Scanning (ms): Min: 0.0, Avg: 0.0, Max: 0.0, Diff: 0.0, Sum: 0.2]
      [Object Copy (ms): Min: 0.0, Avg: 0.1, Max: 0.1, Diff: 0.1, Sum: 0.5]
      [Termination (ms): Min: 0.0, Avg: 0.2, Max: 0.3, Diff: 0.3, Sum: 1.8]
         [Termination Attempts: Min: 1, Avg: 1.0, Max: 1, Diff: 0, Sum: 8]
      [GC Worker Other (ms): Min: 0.0, Avg: 0.0, Max: 0.1, Diff: 0.1, Sum: 0.4]
      [GC Worker Total (ms): Min: 0.2, Avg: 1.4, Max: 1.7, Diff: 1.5, Sum: 11.3]
      [GC Worker End (ms): Min: 583594.3, Avg: 583594.3, Max: 583594.4, Diff: 0.1]
   [Code Root Fixup: 0.0 ms]
   [Code Root Purge: 0.0 ms]
   [Clear CT: 0.7 ms]
   [Other: 3.7 ms]
      [Choose CSet: 0.0 ms]
      [Ref Proc: 0.3 ms]
      [Ref Enq: 0.0 ms]
      [Redirty Cards: 0.3 ms]
      [Humongous Register: 0.6 ms]
      [Humongous Reclaim: 0.2 ms]
      [Free CSet: 2.1 ms]
   [Eden: 1466.0M(1466.0M)->0.0B(1467.0M) Survivors: 1024.0K->1024.0K Heap: 5977.2M(6656.0M)->4511.1M(6656.0M)]
 [Times: user=0.02 sys=0.00, real=0.01 secs]
         vmop                    [threads: total initially_running wait_to_block]    [time: spin block sync cleanup vmop] page_trap_count
583.592: G1IncCollectionPause             [      33          0              0    ]      [     0     0     0     0     6    ]  0
2017-11-22T10:03:01.704+0800: 583.599: Total time for which application threads were stopped: 0.0068499 seconds, Stopping threads took: 0.0000743 seconds
         vmop                    [threads: total initially_running wait_to_block]    [time: spin block sync cleanup vmop] page_trap_count
584.047: RevokeBias                       [      33          1              1    ]      [     0     0     0     0     0    ]  0
2017-11-22T10:03:02.153+0800: 584.048: Total time for which application threads were stopped: 0.0002889 seconds, Stopping threads took: 0.0001245 seconds
2017-11-22T10:03:04.632+0800: 586.526: [GC pause (G1 Evacuation Pause) (young) 586.526: [G1Ergonomics (CSet Construction) start choosing CSet, _pending_cards: 2056, predicted base time: 9.24 ms, remaining time: 190.76 ms, target pause time: 200.00 ms]
 586.526: [G1Ergonomics (CSet Construction) add young regions to CSet, eden: 1467 regions, survivors: 1 regions, predicted young region time: 3.99 ms]
 586.526: [G1Ergonomics (CSet Construction) finish choosing CSet, eden: 1467 regions, survivors: 1 regions, old: 0 regions, predicted pause time: 13.23 ms, target pause time: 200.00 ms]
, 0.0065190 secs]
   [Parallel Time: 1.9 ms, GC Workers: 8]
      [GC Worker Start (ms): Min: 586526.6, Avg: 586526.7, Max: 586526.8, Diff: 0.2]
      [Ext Root Scanning (ms): Min: 0.5, Avg: 0.6, Max: 0.9, Diff: 0.4, Sum: 5.0]
      [Update RS (ms): Min: 0.0, Avg: 0.1, Max: 0.2, Diff: 0.2, Sum: 0.6]
         [Processed Buffers: Min: 0, Avg: 1.9, Max: 5, Diff: 5, Sum: 15]
      [Scan RS (ms): Min: 0.3, Avg: 0.5, Max: 0.6, Diff: 0.2, Sum: 3.6]
      [Code Root Scanning (ms): Min: 0.0, Avg: 0.0, Max: 0.0, Diff: 0.0, Sum: 0.1]
      [Object Copy (ms): Min: 0.1, Avg: 0.3, Max: 0.3, Diff: 0.2, Sum: 2.3]
      [Termination (ms): Min: 0.0, Avg: 0.0, Max: 0.0, Diff: 0.0, Sum: 0.1]
         [Termination Attempts: Min: 1, Avg: 1.0, Max: 1, Diff: 0, Sum: 8]
      [GC Worker Other (ms): Min: 0.0, Avg: 0.1, Max: 0.1, Diff: 0.1, Sum: 0.5]
      [GC Worker Total (ms): Min: 1.4, Avg: 1.5, Max: 1.6, Diff: 0.2, Sum: 12.2]
      [GC Worker End (ms): Min: 586528.2, Avg: 586528.2, Max: 586528.3, Diff: 0.1]
   [Code Root Fixup: 0.0 ms]
   [Code Root Purge: 0.0 ms]
   [Clear CT: 0.7 ms]
   [Other: 3.9 ms]
      [Choose CSet: 0.0 ms]
      [Ref Proc: 0.2 ms]
      [Ref Enq: 0.0 ms]
      [Redirty Cards: 0.9 ms]
      [Humongous Register: 0.3 ms]
      [Humongous Reclaim: 0.1 ms]
      [Free CSet: 2.1 ms]
   [Eden: 1467.0M(1467.0M)->0.0B(1460.0M) Survivors: 1024.0K->6144.0K Heap: 5978.1M(6656.0M)->4516.2M(6656.0M)]
 [Times: user=0.02 sys=0.00, real=0.01 secs]
         vmop                    [threads: total initially_running wait_to_block]    [time: spin block sync cleanup vmop] page_trap_count
586.526: G1IncCollectionPause             [      33          0              0    ]      [     0     0     0     0     6    ]  0
2017-11-22T10:03:04.638+0800: 586.533: Total time for which application threads were stopped: 0.0068874 seconds, Stopping threads took: 0.0000638 seconds
2017-11-22T10:03:07.127+0800: 589.022: [GC concurrent-mark-end, 7.8793710 secs]
2017-11-22T10:03:07.128+0800: 589.022: [GC remark 2017-11-22T10:03:07.128+0800: 589.022: [Finalize Marking, 0.0013050 secs] 2017-11-22T10:03:07.129+0800: 589.023: [GC ref-proc, 0.0002851 secs] 2017-11-22T10:03:07.129+0800: 589.024: [Unloading, 0.0057659 secs], 0.0268065 secs]
 [Times: user=0.18 sys=0.01, real=0.02 secs]
         vmop                    [threads: total initially_running wait_to_block]    [time: spin block sync cleanup vmop] page_trap_count
589.022: CGC_Operation                    [      33          0              0    ]      [     0     0     0     0    26    ]  0
2017-11-22T10:03:07.155+0800: 589.049: Total time for which application threads were stopped: 0.0271251 seconds, Stopping threads took: 0.0000561 seconds
2017-11-22T10:03:07.155+0800: 589.049: [GC cleanup 5252M->5252M(6656M), 0.0195840 secs]
 [Times: user=0.14 sys=0.00, real=0.02 secs]
         vmop                    [threads: total initially_running wait_to_block]    [time: spin block sync cleanup vmop] page_trap_count
589.049: CGC_Operation                    [      33          1              1    ]      [     0     0     0     0    19    ]  1
2017-11-22T10:03:07.175+0800: 589.069: Total time for which application threads were stopped: 0.0199410 seconds, Stopping threads took: 0.0001469 seconds
2017-11-22T10:03:09.773+0800: 591.668: [GC pause (G1 Evacuation Pause) (young) 591.668: [G1Ergonomics (CSet Construction) start choosing CSet, _pending_cards: 1814, predicted base time: 7.94 ms, remaining time: 192.06 ms, target pause time: 200.00 ms]
 591.668: [G1Ergonomics (CSet Construction) add young regions to CSet, eden: 1460 regions, survivors: 6 regions, predicted young region time: 3.58 ms]
 591.668: [G1Ergonomics (CSet Construction) finish choosing CSet, eden: 1460 regions, survivors: 6 regions, old: 0 regions, predicted pause time: 11.52 ms, target pause time: 200.00 ms]
 591.673: [G1Ergonomics (Concurrent Cycles) do not request concurrent cycle initiation, reason: still doing mixed collections, occupancy: 4737466368 bytes, allocation request: 0 bytes, threshold: 3140694810 bytes (45.00 %), source: end of GC]
 591.673: [G1Ergonomics (Mixed GCs) do not start mixed GCs, reason: reclaimable percentage not over threshold, candidate old regions: 286 regions, reclaimable: 151563816 bytes (2.17 %), threshold: 5.00 %]
, 0.0054825 secs]
   [Parallel Time: 1.6 ms, GC Workers: 8]
      [GC Worker Start (ms): Min: 591668.0, Avg: 591668.1, Max: 591668.2, Diff: 0.2]
      [Ext Root Scanning (ms): Min: 0.3, Avg: 0.4, Max: 1.0, Diff: 0.7, Sum: 3.5]
      [Update RS (ms): Min: 0.0, Avg: 0.1, Max: 0.1, Diff: 0.1, Sum: 0.4]
         [Processed Buffers: Min: 0, Avg: 1.9, Max: 6, Diff: 6, Sum: 15]
      [Scan RS (ms): Min: 0.1, Avg: 0.3, Max: 0.4, Diff: 0.3, Sum: 2.3]
      [Code Root Scanning (ms): Min: 0.0, Avg: 0.0, Max: 0.0, Diff: 0.0, Sum: 0.1]
      [Object Copy (ms): Min: 0.1, Avg: 0.3, Max: 0.4, Diff: 0.3, Sum: 2.8]
      [Termination (ms): Min: 0.0, Avg: 0.0, Max: 0.1, Diff: 0.1, Sum: 0.2]
         [Termination Attempts: Min: 1, Avg: 1.0, Max: 1, Diff: 0, Sum: 8]
      [GC Worker Other (ms): Min: 0.0, Avg: 0.1, Max: 0.2, Diff: 0.2, Sum: 0.7]
      [GC Worker Total (ms): Min: 1.1, Avg: 1.3, Max: 1.4, Diff: 0.3, Sum: 10.0]
      [GC Worker End (ms): Min: 591669.3, Avg: 591669.3, Max: 591669.4, Diff: 0.2]
   [Code Root Fixup: 0.0 ms]
   [Code Root Purge: 0.0 ms]
   [Clear CT: 0.5 ms]
   [Other: 3.3 ms]
      [Choose CSet: 0.0 ms]
      [Ref Proc: 0.3 ms]
      [Ref Enq: 0.0 ms]
      [Redirty Cards: 0.3 ms]
      [Humongous Register: 0.3 ms]
      [Humongous Reclaim: 0.3 ms]
      [Free CSet: 1.8 ms]
   [Eden: 1460.0M(1460.0M)->0.0B(1460.0M) Survivors: 6144.0K->6144.0K Heap: 5976.2M(6656.0M)->4516.1M(6656.0M)]
 [Times: user=0.01 sys=0.01, real=0.01 secs]
         vmop                    [threads: total initially_running wait_to_block]    [time: spin block sync cleanup vmop] page_trap_count
591.667: G1IncCollectionPause             [      33          0              0    ]      [     0     0     0     0     5    ]  0
2017-11-22T10:03:09.779+0800: 591.673: Total time for which application threads were stopped: 0.0058579 seconds, Stopping threads took: 0.0000562 seconds
2017-11-22T10:03:15.568+0800: 597.463: [GC pause (G1 Evacuation Pause) (young) 597.463: [G1Ergonomics (CSet Construction) start choosing CSet, _pending_cards: 1819, predicted base time: 6.81 ms, remaining time: 193.19 ms, target pause time: 200.00 ms]
 597.463: [G1Ergonomics (CSet Construction) add young regions to CSet, eden: 1460 regions, survivors: 6 regions, predicted young region time: 3.44 ms]
 597.463: [G1Ergonomics (CSet Construction) finish choosing CSet, eden: 1460 regions, survivors: 6 regions, old: 0 regions, predicted pause time: 10.25 ms, target pause time: 200.00 ms]
 597.505: [G1Ergonomics (Concurrent Cycles) request concurrent cycle initiation, reason: occupancy higher than threshold, occupancy: 4737466368 bytes, allocation request: 0 bytes, threshold: 3140694810 bytes (45.00 %), source: end of GC]
, 0.0424391 secs]
   [Parallel Time: 15.2 ms, GC Workers: 8]
      [GC Worker Start (ms): Min: 597463.2, Avg: 597465.5, Max: 597467.2, Diff: 4.0]
      [Ext Root Scanning (ms): Min: 0.0, Avg: 0.4, Max: 1.5, Diff: 1.5, Sum: 2.9]
      [Update RS (ms): Min: 0.0, Avg: 1.6, Max: 12.5, Diff: 12.5, Sum: 12.8]
         [Processed Buffers: Min: 0, Avg: 1.8, Max: 7, Diff: 7, Sum: 14]
      [Scan RS (ms): Min: 0.1, Avg: 0.3, Max: 0.7, Diff: 0.6, Sum: 2.5]
      [Code Root Scanning (ms): Min: 0.0, Avg: 0.0, Max: 0.0, Diff: 0.0, Sum: 0.1]
      [Object Copy (ms): Min: 0.0, Avg: 0.3, Max: 0.7, Diff: 0.7, Sum: 2.2]
      [Termination (ms): Min: 0.0, Avg: 9.5, Max: 11.9, Diff: 11.9, Sum: 76.1]
         [Termination Attempts: Min: 1, Avg: 1.0, Max: 1, Diff: 0, Sum: 8]
      [GC Worker Other (ms): Min: 0.0, Avg: 0.0, Max: 0.1, Diff: 0.1, Sum: 0.3]
      [GC Worker Total (ms): Min: 10.4, Avg: 12.1, Max: 14.3, Diff: 3.9, Sum: 97.0]
      [GC Worker End (ms): Min: 597477.5, Avg: 597477.6, Max: 597478.3, Diff: 0.8]
   [Code Root Fixup: 0.0 ms]
   [Code Root Purge: 0.0 ms]
   [Clear CT: 0.9 ms]
   [Other: 26.3 ms]
      [Choose CSet: 0.0 ms]
      [Ref Proc: 22.9 ms]
      [Ref Enq: 0.0 ms]
      [Redirty Cards: 0.4 ms]
      [Humongous Register: 0.3 ms]
      [Humongous Reclaim: 0.2 ms]
      [Free CSet: 2.2 ms]
   [Eden: 1460.0M(1460.0M)->0.0B(1459.0M) Survivors: 6144.0K->6144.0K Heap: 5976.1M(6656.0M)->4516.0M(6656.0M)]
 [Times: user=0.11 sys=0.00, real=0.04 secs]
         vmop                    [threads: total initially_running wait_to_block]    [time: spin block sync cleanup vmop] page_trap_count
597.463: G1IncCollectionPause             [      32          0              0    ]      [     0     0     0     0    42    ]  0
2017-11-22T10:03:15.611+0800: 597.505: Total time for which application threads were stopped: 0.0428903 seconds, Stopping threads took: 0.0000606 seconds
         vmop                    [threads: total initially_running wait_to_block]    [time: spin block sync cleanup vmop] page_trap_count
601.242: RevokeBias                       [      32          1              1    ]      [     0     0     0     0     0    ]  1
2017-11-22T10:03:19.348+0800: 601.242: Total time for which application threads were stopped: 0.0002592 seconds, Stopping threads took: 0.0000939 seconds
         vmop                    [threads: total initially_running wait_to_block]    [time: spin block sync cleanup vmop] page_trap_count
601.242: RevokeBias                       [      32          0              0    ]      [     0     0     0     0     0    ]  0
2017-11-22T10:03:19.348+0800: 601.242: Total time for which application threads were stopped: 0.0000782 seconds, Stopping threads took: 0.0000075 seconds
         vmop                    [threads: total initially_running wait_to_block]    [time: spin block sync cleanup vmop] page_trap_count
601.248: RevokeBias                       [      32          1              2    ]      [    11     0    11     0     0    ]  1
2017-11-22T10:03:19.365+0800: 601.259: Total time for which application threads were stopped: 0.0113804 seconds, Stopping threads took: 0.0112141 seconds
         vmop                    [threads: total initially_running wait_to_block]    [time: spin block sync cleanup vmop] page_trap_count
601.274: RevokeBias                       [      33          1              0    ]      [     0     0     0     0     0    ]  0
2017-11-22T10:03:19.380+0800: 601.274: Total time for which application threads were stopped: 0.0002149 seconds, Stopping threads took: 0.0000545 seconds
 602.874: [G1Ergonomics (Concurrent Cycles) initiate concurrent cycle, reason: concurrent cycle initiation requested]
2017-11-22T10:03:20.980+0800: 602.874: [GC pause (G1 Evacuation Pause) (young) (initial-mark) 602.876: [G1Ergonomics (CSet Construction) start choosing CSet, _pending_cards: 1033, predicted base time: 17.17 ms, remaining time: 182.83 ms, target pause time: 200.00 ms]
 602.876: [G1Ergonomics (CSet Construction) add young regions to CSet, eden: 1459 regions, survivors: 6 regions, predicted young region time: 3.60 ms]
 602.876: [G1Ergonomics (CSet Construction) finish choosing CSet, eden: 1459 regions, survivors: 6 regions, old: 0 regions, predicted pause time: 20.77 ms, target pause time: 200.00 ms]
, 0.0169864 secs]
   [Parallel Time: 5.2 ms, GC Workers: 8]
      [GC Worker Start (ms): Min: 602876.0, Avg: 602876.9, Max: 602877.4, Diff: 1.4]
      [Ext Root Scanning (ms): Min: 0.1, Avg: 2.7, Max: 3.9, Diff: 3.8, Sum: 21.7]
      [Update RS (ms): Min: 0.0, Avg: 0.0, Max: 0.2, Diff: 0.2, Sum: 0.4]
         [Processed Buffers: Min: 0, Avg: 1.2, Max: 8, Diff: 8, Sum: 10]
      [Scan RS (ms): Min: 0.1, Avg: 0.3, Max: 0.9, Diff: 0.9, Sum: 2.5]
      [Code Root Scanning (ms): Min: 0.0, Avg: 0.0, Max: 0.1, Diff: 0.1, Sum: 0.1]
      [Object Copy (ms): Min: 0.0, Avg: 0.3, Max: 1.0, Diff: 1.0, Sum: 2.1]
      [Termination (ms): Min: 0.0, Avg: 0.7, Max: 1.4, Diff: 1.4, Sum: 5.8]
         [Termination Attempts: Min: 1, Avg: 1.1, Max: 2, Diff: 1, Sum: 9]
      [GC Worker Other (ms): Min: 0.0, Avg: 0.0, Max: 0.0, Diff: 0.0, Sum: 0.1]
      [GC Worker Total (ms): Min: 3.5, Avg: 4.1, Max: 4.9, Diff: 1.4, Sum: 32.8]
      [GC Worker End (ms): Min: 602880.9, Avg: 602881.0, Max: 602881.0, Diff: 0.1]
   [Code Root Fixup: 0.0 ms]
   [Code Root Purge: 0.0 ms]
   [Clear CT: 1.0 ms]
   [Other: 10.8 ms]
      [Choose CSet: 0.0 ms]
      [Ref Proc: 5.8 ms]
      [Ref Enq: 0.0 ms]
      [Redirty Cards: 0.1 ms]
      [Humongous Register: 0.1 ms]
      [Humongous Reclaim: 0.2 ms]
      [Free CSet: 2.1 ms]
   [Eden: 1459.0M(1459.0M)->0.0B(1459.0M) Survivors: 6144.0K->6144.0K Heap: 5975.0M(6656.0M)->4516.1M(6656.0M)]
 [Times: user=0.03 sys=0.00, real=0.02 secs]
         vmop                    [threads: total initially_running wait_to_block]    [time: spin block sync cleanup vmop] page_trap_count
602.873: G1IncCollectionPause             [      33          0              0    ]      [     0     0     0     0    17    ]  0
2017-11-22T10:03:20.997+0800: 602.892: [GC concurrent-root-region-scan-start]
2017-11-22T10:03:20.998+0800: 602.892: Total time for which application threads were stopped: 0.0185605 seconds, Stopping threads took: 0.0006137 seconds
2017-11-22T10:03:20.998+0800: 602.893: [GC concurrent-root-region-scan-end, 0.0010268 secs]
2017-11-22T10:03:20.998+0800: 602.893: [GC concurrent-mark-start]
2017-11-22T10:03:25.287+0800: 607.181: [GC pause (G1 Evacuation Pause) (young) 607.181: [G1Ergonomics (CSet Construction) start choosing CSet, _pending_cards: 527, predicted base time: 16.58 ms, remaining time: 183.42 ms, target pause time: 200.00 ms]
 607.181: [G1Ergonomics (CSet Construction) add young regions to CSet, eden: 1459 regions, survivors: 6 regions, predicted young region time: 3.78 ms]
 607.181: [G1Ergonomics (CSet Construction) finish choosing CSet, eden: 1459 regions, survivors: 6 regions, old: 0 regions, predicted pause time: 20.36 ms, target pause time: 200.00 ms]
, 0.0136288 secs]
   [Parallel Time: 6.1 ms, GC Workers: 8]
      [GC Worker Start (ms): Min: 607181.8, Avg: 607183.7, Max: 607186.5, Diff: 4.7]
      [Ext Root Scanning (ms): Min: 0.0, Avg: 0.3, Max: 1.0, Diff: 1.0, Sum: 2.7]
      [Update RS (ms): Min: 0.0, Avg: 0.0, Max: 0.2, Diff: 0.2, Sum: 0.4]
         [Processed Buffers: Min: 0, Avg: 1.1, Max: 4, Diff: 4, Sum: 9]
      [Scan RS (ms): Min: 0.1, Avg: 0.3, Max: 0.6, Diff: 0.5, Sum: 2.4]
      [Code Root Scanning (ms): Min: 0.0, Avg: 0.0, Max: 0.0, Diff: 0.0, Sum: 0.1]
      [Object Copy (ms): Min: 0.0, Avg: 0.3, Max: 0.7, Diff: 0.7, Sum: 2.0]
      [Termination (ms): Min: 0.0, Avg: 2.1, Max: 2.6, Diff: 2.6, Sum: 16.6]
         [Termination Attempts: Min: 1, Avg: 1.0, Max: 1, Diff: 0, Sum: 8]
      [GC Worker Other (ms): Min: 0.0, Avg: 0.1, Max: 1.0, Diff: 1.0, Sum: 1.2]
      [GC Worker Total (ms): Min: 0.2, Avg: 3.2, Max: 4.9, Diff: 4.8, Sum: 25.5]
      [GC Worker End (ms): Min: 607186.7, Avg: 607186.9, Max: 607187.7, Diff: 1.0]
   [Code Root Fixup: 0.0 ms]
   [Code Root Purge: 0.0 ms]
   [Clear CT: 0.6 ms]
   [Other: 6.9 ms]
      [Choose CSet: 0.0 ms]
      [Ref Proc: 3.4 ms]
      [Ref Enq: 0.0 ms]
      [Redirty Cards: 0.3 ms]
      [Humongous Register: 0.4 ms]
      [Humongous Reclaim: 0.4 ms]
      [Free CSet: 2.0 ms]
   [Eden: 1459.0M(1459.0M)->0.0B(1460.0M) Survivors: 6144.0K->5120.0K Heap: 5975.1M(6656.0M)->4515.9M(6656.0M)]
 [Times: user=0.04 sys=0.00, real=0.01 secs]
         vmop                    [threads: total initially_running wait_to_block]    [time: spin block sync cleanup vmop] page_trap_count
607.181: G1IncCollectionPause             [      33          0              0    ]      [     0     0     0     0    13    ]  0
2017-11-22T10:03:25.301+0800: 607.195: Total time for which application threads were stopped: 0.0140743 seconds, Stopping threads took: 0.0000608 seconds
         vmop                    [threads: total initially_running wait_to_block]    [time: spin block sync cleanup vmop] page_trap_count
608.195: no vm operation                  [      33          0              0    ]      [     0     0     0     0     0    ]  0
2017-11-22T10:03:26.301+0800: 608.195: Total time for which application threads were stopped: 0.0002127 seconds, Stopping threads took: 0.0000573 seconds
2017-11-22T10:03:29.045+0800: 610.939: [GC pause (G1 Evacuation Pause) (young) 610.939: [G1Ergonomics (CSet Construction) start choosing CSet, _pending_cards: 799, predicted base time: 14.96 ms, remaining time: 185.04 ms, target pause time: 200.00 ms]
 610.940: [G1Ergonomics (CSet Construction) add young regions to CSet, eden: 1460 regions, survivors: 5 regions, predicted young region time: 3.21 ms]
 610.940: [G1Ergonomics (CSet Construction) finish choosing CSet, eden: 1460 regions, survivors: 5 regions, old: 0 regions, predicted pause time: 18.17 ms, target pause time: 200.00 ms]
, 0.0065442 secs]
   [Parallel Time: 2.0 ms, GC Workers: 8]
      [GC Worker Start (ms): Min: 610940.0, Avg: 610940.2, Max: 610940.3, Diff: 0.2]
      [Ext Root Scanning (ms): Min: 0.5, Avg: 0.7, Max: 1.0, Diff: 0.5, Sum: 5.2]
      [Update RS (ms): Min: 0.0, Avg: 0.1, Max: 0.2, Diff: 0.2, Sum: 0.5]
         [Processed Buffers: Min: 0, Avg: 1.6, Max: 3, Diff: 3, Sum: 13]
      [Scan RS (ms): Min: 0.3, Avg: 0.4, Max: 0.5, Diff: 0.2, Sum: 3.2]
      [Code Root Scanning (ms): Min: 0.0, Avg: 0.0, Max: 0.0, Diff: 0.0, Sum: 0.1]
      [Object Copy (ms): Min: 0.3, Avg: 0.3, Max: 0.4, Diff: 0.1, Sum: 2.7]
      [Termination (ms): Min: 0.0, Avg: 0.0, Max: 0.0, Diff: 0.0, Sum: 0.1]
         [Termination Attempts: Min: 1, Avg: 1.0, Max: 1, Diff: 0, Sum: 8]
      [GC Worker Other (ms): Min: 0.0, Avg: 0.1, Max: 0.2, Diff: 0.1, Sum: 0.7]
      [GC Worker Total (ms): Min: 1.4, Avg: 1.6, Max: 1.8, Diff: 0.3, Sum: 12.5]
      [GC Worker End (ms): Min: 610941.7, Avg: 610941.7, Max: 610941.8, Diff: 0.1]
   [Code Root Fixup: 0.0 ms]
   [Code Root Purge: 0.0 ms]
   [Clear CT: 0.7 ms]
   [Other: 3.8 ms]
      [Choose CSet: 0.0 ms]
      [Ref Proc: 0.3 ms]
      [Ref Enq: 0.0 ms]
      [Redirty Cards: 0.4 ms]
      [Humongous Register: 0.4 ms]
      [Humongous Reclaim: 0.2 ms]
      [Free CSet: 2.2 ms]
   [Eden: 1460.0M(1460.0M)->0.0B(1459.0M) Survivors: 5120.0K->6144.0K Heap: 5975.9M(6656.0M)->4516.1M(6656.0M)]
 [Times: user=0.02 sys=0.00, real=0.00 secs]
         vmop                    [threads: total initially_running wait_to_block]    [time: spin block sync cleanup vmop] page_trap_count
610.939: G1IncCollectionPause             [      33          0              0    ]      [     0     0     0     0     6    ]  0
2017-11-22T10:03:29.052+0800: 610.946: Total time for which application threads were stopped: 0.0071098 seconds, Stopping threads took: 0.0001169 seconds
2017-11-22T10:03:29.594+0800: 611.488: [GC concurrent-mark-end, 8.5952966 secs]
2017-11-22T10:03:29.594+0800: 611.488: [GC remark 2017-11-22T10:03:29.594+0800: 611.488: [Finalize Marking, 0.0005873 secs] 2017-11-22T10:03:29.595+0800: 611.489: [GC ref-proc, 0.0002418 secs] 2017-11-22T10:03:29.595+0800: 611.489: [Unloading, 0.0090469 secs], 0.0327559 secs]
 [Times: user=0.17 sys=0.00, real=0.04 secs]
         vmop                    [threads: total initially_running wait_to_block]    [time: spin block sync cleanup vmop] page_trap_count
611.488: CGC_Operation                    [      32          0              0    ]      [     0     0     0     0    32    ]  0
2017-11-22T10:03:29.627+0800: 611.521: Total time for which application threads were stopped: 0.0330747 seconds, Stopping threads took: 0.0000623 seconds
2017-11-22T10:03:29.627+0800: 611.522: [GC cleanup 4731M->4731M(6656M), 0.0278464 secs]
 [Times: user=0.13 sys=0.01, real=0.03 secs]
         vmop                    [threads: total initially_running wait_to_block]    [time: spin block sync cleanup vmop] page_trap_count
611.521: CGC_Operation                    [      32          0              0    ]      [     0     0     0     0    27    ]  0
2017-11-22T10:03:29.655+0800: 611.550: Total time for which application threads were stopped: 0.0281362 seconds, Stopping threads took: 0.0000594 seconds
         vmop                    [threads: total initially_running wait_to_block]    [time: spin block sync cleanup vmop] page_trap_count
613.589: RevokeBias                       [      33          0              0    ]      [     0     0     0     0     0    ]  0
2017-11-22T10:03:31.695+0800: 613.589: Total time for which application threads were stopped: 0.0002698 seconds, Stopping threads took: 0.0000677 seconds
         vmop                    [threads: total initially_running wait_to_block]    [time: spin block sync cleanup vmop] page_trap_count
613.589: RevokeBias                       [      33          0              1    ]      [     0     0     0     0     0    ]  0
2017-11-22T10:03:31.695+0800: 613.590: Total time for which application threads were stopped: 0.0001635 seconds, Stopping threads took: 0.0000642 seconds
         vmop                    [threads: total initially_running wait_to_block]    [time: spin block sync cleanup vmop] page_trap_count
613.590: RevokeBias                       [      33          1              0    ]      [     0     0     0     0     0    ]  0
2017-11-22T10:03:31.696+0800: 613.590: Total time for which application threads were stopped: 0.0001541 seconds, Stopping threads took: 0.0000595 seconds
         vmop                    [threads: total initially_running wait_to_block]    [time: spin block sync cleanup vmop] page_trap_count
613.590: RevokeBias                       [      33          0              0    ]      [     0     0     0     0     0    ]  0
2017-11-22T10:03:31.696+0800: 613.590: Total time for which application threads were stopped: 0.0001167 seconds, Stopping threads took: 0.0000574 seconds
         vmop                    [threads: total initially_running wait_to_block]    [time: spin block sync cleanup vmop] page_trap_count
613.590: RevokeBias                       [      33          0              0    ]      [     0     0     0     0     0    ]  0
2017-11-22T10:03:31.696+0800: 613.590: Total time for which application threads were stopped: 0.0000946 seconds, Stopping threads took: 0.0000363 seconds
         vmop                    [threads: total initially_running wait_to_block]    [time: spin block sync cleanup vmop] page_trap_count
613.590: RevokeBias                       [      33          0              1    ]      [     0     0     0     0     0    ]  0
2017-11-22T10:03:31.696+0800: 613.590: Total time for which application threads were stopped: 0.0001143 seconds, Stopping threads took: 0.0000485 seconds
         vmop                    [threads: total initially_running wait_to_block]    [time: spin block sync cleanup vmop] page_trap_count
613.633: RevokeBias                       [      33          1              2    ]      [     0     0     0     0     0    ]  1
2017-11-22T10:03:31.739+0800: 613.634: Total time for which application threads were stopped: 0.0002850 seconds, Stopping threads took: 0.0001138 seconds
2017-11-22T10:03:32.282+0800: 614.177: [GC pause (G1 Evacuation Pause) (young) 614.177: [G1Ergonomics (CSet Construction) start choosing CSet, _pending_cards: 1811, predicted base time: 12.61 ms, remaining time: 187.39 ms, target pause time: 200.00 ms]
 614.177: [G1Ergonomics (CSet Construction) add young regions to CSet, eden: 1459 regions, survivors: 6 regions, predicted young region time: 4.08 ms]
 614.177: [G1Ergonomics (CSet Construction) finish choosing CSet, eden: 1459 regions, survivors: 6 regions, old: 0 regions, predicted pause time: 16.69 ms, target pause time: 200.00 ms]
 614.184: [G1Ergonomics (Concurrent Cycles) do not request concurrent cycle initiation, reason: still doing mixed collections, occupancy: 4737466368 bytes, allocation request: 0 bytes, threshold: 3140694810 bytes (45.00 %), source: end of GC]
 614.185: [G1Ergonomics (Mixed GCs) do not start mixed GCs, reason: reclaimable percentage not over threshold, candidate old regions: 286 regions, reclaimable: 151563816 bytes (2.17 %), threshold: 5.00 %]
, 0.0079732 secs]
   [Parallel Time: 2.5 ms, GC Workers: 8]
      [GC Worker Start (ms): Min: 614177.1, Avg: 614178.0, Max: 614179.2, Diff: 2.0]
      [Ext Root Scanning (ms): Min: 0.0, Avg: 0.3, Max: 0.9, Diff: 0.9, Sum: 2.7]
      [Update RS (ms): Min: 0.0, Avg: 0.0, Max: 0.1, Diff: 0.1, Sum: 0.3]
         [Processed Buffers: Min: 0, Avg: 2.0, Max: 8, Diff: 8, Sum: 16]
      [Scan RS (ms): Min: 0.1, Avg: 0.3, Max: 0.5, Diff: 0.4, Sum: 2.1]
      [Code Root Scanning (ms): Min: 0.0, Avg: 0.0, Max: 0.0, Diff: 0.0, Sum: 0.1]
      [Object Copy (ms): Min: 0.0, Avg: 0.3, Max: 0.8, Diff: 0.8, Sum: 2.7]
      [Termination (ms): Min: 0.0, Avg: 0.2, Max: 0.4, Diff: 0.4, Sum: 1.9]
         [Termination Attempts: Min: 1, Avg: 1.0, Max: 1, Diff: 0, Sum: 8]
      [GC Worker Other (ms): Min: 0.0, Avg: 0.1, Max: 0.1, Diff: 0.1, Sum: 0.4]
      [GC Worker Total (ms): Min: 0.1, Avg: 1.3, Max: 2.3, Diff: 2.1, Sum: 10.3]
      [GC Worker End (ms): Min: 614179.3, Avg: 614179.3, Max: 614179.4, Diff: 0.1]
   [Code Root Fixup: 0.0 ms]
   [Code Root Purge: 0.0 ms]
   [Clear CT: 0.6 ms]
   [Other: 4.8 ms]
      [Choose CSet: 0.0 ms]
      [Ref Proc: 1.6 ms]
      [Ref Enq: 0.0 ms]
      [Redirty Cards: 0.2 ms]
      [Humongous Register: 0.4 ms]
      [Humongous Reclaim: 0.2 ms]
      [Free CSet: 2.0 ms]
   [Eden: 1459.0M(1459.0M)->0.0B(1459.0M) Survivors: 6144.0K->6144.0K Heap: 5975.1M(6656.0M)->4516.1M(6656.0M)]
 [Times: user=0.02 sys=0.00, real=0.01 secs]
         vmop                    [threads: total initially_running wait_to_block]    [time: spin block sync cleanup vmop] page_trap_count
614.176: G1IncCollectionPause             [      33          0              0    ]      [     0     0     0     0     8    ]  0
2017-11-22T10:03:32.290+0800: 614.185: Total time for which application threads were stopped: 0.0083844 seconds, Stopping threads took: 0.0000523 seconds
         vmop                    [threads: total initially_running wait_to_block]    [time: spin block sync cleanup vmop] page_trap_count
618.185: no vm operation                  [      33          0              0    ]      [     0     0     0     0     0    ]  0
2017-11-22T10:03:36.291+0800: 618.185: Total time for which application threads were stopped: 0.0002775 seconds, Stopping threads took: 0.0000421 seconds
2017-11-22T10:03:36.448+0800: 618.342: [GC pause (G1 Evacuation Pause) (young) 618.342: [G1Ergonomics (CSet Construction) start choosing CSet, _pending_cards: 1057, predicted base time: 10.74 ms, remaining time: 189.26 ms, target pause time: 200.00 ms]
 618.342: [G1Ergonomics (CSet Construction) add young regions to CSet, eden: 1459 regions, survivors: 6 regions, predicted young region time: 3.61 ms]
 618.342: [G1Ergonomics (CSet Construction) finish choosing CSet, eden: 1459 regions, survivors: 6 regions, old: 0 regions, predicted pause time: 14.35 ms, target pause time: 200.00 ms]
 618.361: [G1Ergonomics (Concurrent Cycles) request concurrent cycle initiation, reason: occupancy higher than threshold, occupancy: 4737466368 bytes, allocation request: 0 bytes, threshold: 3140694810 bytes (45.00 %), source: end of GC]
, 0.0185559 secs]
   [Parallel Time: 3.9 ms, GC Workers: 8]
      [GC Worker Start (ms): Min: 618342.9, Avg: 618344.8, Max: 618346.3, Diff: 3.3]
      [Ext Root Scanning (ms): Min: 0.0, Avg: 0.4, Max: 1.1, Diff: 1.1, Sum: 2.8]
      [Update RS (ms): Min: 0.0, Avg: 0.1, Max: 0.2, Diff: 0.2, Sum: 0.4]
         [Processed Buffers: Min: 0, Avg: 1.8, Max: 6, Diff: 6, Sum: 14]
      [Scan RS (ms): Min: 0.1, Avg: 0.3, Max: 0.6, Diff: 0.5, Sum: 2.1]
      [Code Root Scanning (ms): Min: 0.0, Avg: 0.0, Max: 0.1, Diff: 0.1, Sum: 0.2]
      [Object Copy (ms): Min: 0.0, Avg: 0.3, Max: 1.0, Diff: 1.0, Sum: 2.5]
      [Termination (ms): Min: 0.0, Avg: 0.6, Max: 1.1, Diff: 1.1, Sum: 4.9]
         [Termination Attempts: Min: 1, Avg: 1.0, Max: 1, Diff: 0, Sum: 8]
      [GC Worker Other (ms): Min: 0.0, Avg: 0.0, Max: 0.2, Diff: 0.2, Sum: 0.4]
      [GC Worker Total (ms): Min: 0.1, Avg: 1.7, Max: 3.7, Diff: 3.5, Sum: 13.4]
      [GC Worker End (ms): Min: 618346.4, Avg: 618346.5, Max: 618346.6, Diff: 0.2]
   [Code Root Fixup: 0.0 ms]
   [Code Root Purge: 0.0 ms]
   [Clear CT: 1.5 ms]
   [Other: 13.1 ms]
      [Choose CSet: 0.0 ms]
      [Ref Proc: 9.4 ms]
      [Ref Enq: 0.0 ms]
      [Redirty Cards: 0.3 ms]
      [Humongous Register: 0.4 ms]
      [Humongous Reclaim: 0.4 ms]
      [Free CSet: 2.3 ms]
   [Eden: 1459.0M(1459.0M)->0.0B(1461.0M) Survivors: 6144.0K->4096.0K Heap: 5975.1M(6656.0M)->4514.9M(6656.0M)]
 [Times: user=0.04 sys=0.01, real=0.02 secs]
         vmop                    [threads: total initially_running wait_to_block]    [time: spin block sync cleanup vmop] page_trap_count
618.342: G1IncCollectionPause             [      33          0              0    ]      [     0     0     0     0    18    ]  0
2017-11-22T10:03:36.467+0800: 618.361: Total time for which application threads were stopped: 0.0189597 seconds, Stopping threads took: 0.0000519 seconds
 624.938: [G1Ergonomics (Concurrent Cycles) initiate concurrent cycle, reason: concurrent cycle initiation requested]
2017-11-22T10:03:43.043+0800: 624.938: [GC pause (G1 Evacuation Pause) (young) (initial-mark) 624.939: [G1Ergonomics (CSet Construction) start choosing CSet, _pending_cards: 528, predicted base time: 12.67 ms, remaining time: 187.33 ms, target pause time: 200.00 ms]
 624.939: [G1Ergonomics (CSet Construction) add young regions to CSet, eden: 1461 regions, survivors: 4 regions, predicted young region time: 3.41 ms]
 624.939: [G1Ergonomics (CSet Construction) finish choosing CSet, eden: 1461 regions, survivors: 4 regions, old: 0 regions, predicted pause time: 16.08 ms, target pause time: 200.00 ms]
, 0.0089428 secs]
   [Parallel Time: 3.2 ms, GC Workers: 8]
      [GC Worker Start (ms): Min: 624939.0, Avg: 624939.2, Max: 624939.6, Diff: 0.7]
      [Ext Root Scanning (ms): Min: 0.8, Avg: 1.4, Max: 2.5, Diff: 1.8, Sum: 11.4]
      [Update RS (ms): Min: 0.0, Avg: 0.0, Max: 0.2, Diff: 0.2, Sum: 0.3]
         [Processed Buffers: Min: 0, Avg: 1.1, Max: 3, Diff: 3, Sum: 9]
      [Scan RS (ms): Min: 0.1, Avg: 0.3, Max: 0.4, Diff: 0.3, Sum: 2.3]
      [Code Root Scanning (ms): Min: 0.0, Avg: 0.0, Max: 0.0, Diff: 0.0, Sum: 0.1]
      [Object Copy (ms): Min: 0.0, Avg: 0.4, Max: 0.5, Diff: 0.5, Sum: 2.8]
      [Termination (ms): Min: 0.0, Avg: 0.5, Max: 0.8, Diff: 0.8, Sum: 3.7]
         [Termination Attempts: Min: 1, Avg: 1.1, Max: 2, Diff: 1, Sum: 9]
      [GC Worker Other (ms): Min: 0.0, Avg: 0.0, Max: 0.1, Diff: 0.0, Sum: 0.2]
      [GC Worker Total (ms): Min: 2.2, Avg: 2.6, Max: 2.8, Diff: 0.6, Sum: 21.0]
      [GC Worker End (ms): Min: 624941.7, Avg: 624941.8, Max: 624942.1, Diff: 0.3]
   [Code Root Fixup: 0.0 ms]
   [Code Root Purge: 0.0 ms]
   [Clear CT: 0.5 ms]
   [Other: 5.2 ms]
      [Choose CSet: 0.0 ms]
      [Ref Proc: 1.2 ms]
      [Ref Enq: 0.0 ms]
      [Redirty Cards: 0.3 ms]
      [Humongous Register: 0.1 ms]
      [Humongous Reclaim: 0.2 ms]
      [Free CSet: 1.6 ms]
   [Eden: 1461.0M(1461.0M)->0.0B(1459.0M) Survivors: 4096.0K->6144.0K Heap: 5975.9M(6656.0M)->4516.2M(6656.0M)]
 [Times: user=0.02 sys=0.00, real=0.00 secs]
         vmop                    [threads: total initially_running wait_to_block]    [time: spin block sync cleanup vmop] page_trap_count
624.937: G1IncCollectionPause             [      32          0              0    ]      [     0     0     0     0     9    ]  0
2017-11-22T10:03:43.052+0800: 624.947: [GC concurrent-root-region-scan-start]
2017-11-22T10:03:43.052+0800: 624.947: Total time for which application threads were stopped: 0.0093852 seconds, Stopping threads took: 0.0000685 seconds
2017-11-22T10:03:43.053+0800: 624.948: [GC concurrent-root-region-scan-end, 0.0009446 secs]
2017-11-22T10:03:43.053+0800: 624.948: [GC concurrent-mark-start]
         vmop                    [threads: total initially_running wait_to_block]    [time: spin block sync cleanup vmop] page_trap_count
631.379: RevokeBias                       [      32          1              1    ]      [     0     0     0     0     0    ]  1
2017-11-22T10:03:49.485+0800: 631.379: Total time for which application threads were stopped: 0.0002453 seconds, Stopping threads took: 0.0000980 seconds
         vmop                    [threads: total initially_running wait_to_block]    [time: spin block sync cleanup vmop] page_trap_count
631.379: RevokeBias                       [      32          1              1    ]      [     0     0     0     0     0    ]  1
2017-11-22T10:03:49.485+0800: 631.379: Total time for which application threads were stopped: 0.0002105 seconds, Stopping threads took: 0.0000726 seconds
         vmop                    [threads: total initially_running wait_to_block]    [time: spin block sync cleanup vmop] page_trap_count
631.386: RevokeBias                       [      33          0              0    ]      [     0     0     0     0     0    ]  0
2017-11-22T10:03:49.492+0800: 631.386: Total time for which application threads were stopped: 0.0002154 seconds, Stopping threads took: 0.0000665 seconds
2017-11-22T10:03:49.894+0800: 631.788: [GC pause (G1 Evacuation Pause) (young) 631.788: [G1Ergonomics (CSet Construction) start choosing CSet, _pending_cards: 1827, predicted base time: 11.39 ms, remaining time: 188.61 ms, target pause time: 200.00 ms]
 631.788: [G1Ergonomics (CSet Construction) add young regions to CSet, eden: 1459 regions, survivors: 6 regions, predicted young region time: 3.06 ms]
 631.788: [G1Ergonomics (CSet Construction) finish choosing CSet, eden: 1459 regions, survivors: 6 regions, old: 0 regions, predicted pause time: 14.45 ms, target pause time: 200.00 ms]
, 0.0069735 secs]
   [Parallel Time: 2.5 ms, GC Workers: 8]
      [GC Worker Start (ms): Min: 631788.8, Avg: 631789.0, Max: 631789.7, Diff: 0.9]
      [Ext Root Scanning (ms): Min: 0.0, Avg: 0.8, Max: 2.0, Diff: 2.0, Sum: 6.1]
      [Update RS (ms): Min: 0.0, Avg: 0.2, Max: 1.1, Diff: 1.1, Sum: 1.5]
         [Processed Buffers: Min: 0, Avg: 2.1, Max: 5, Diff: 5, Sum: 17]
      [Scan RS (ms): Min: 0.1, Avg: 0.4, Max: 0.5, Diff: 0.4, Sum: 3.0]
      [Code Root Scanning (ms): Min: 0.0, Avg: 0.0, Max: 0.0, Diff: 0.0, Sum: 0.1]
      [Object Copy (ms): Min: 0.0, Avg: 0.3, Max: 0.5, Diff: 0.4, Sum: 2.5]
      [Termination (ms): Min: 0.0, Avg: 0.3, Max: 0.4, Diff: 0.4, Sum: 2.6]
         [Termination Attempts: Min: 1, Avg: 1.2, Max: 2, Diff: 1, Sum: 10]
      [GC Worker Other (ms): Min: 0.0, Avg: 0.0, Max: 0.1, Diff: 0.0, Sum: 0.2]
      [GC Worker Total (ms): Min: 1.3, Avg: 2.0, Max: 2.3, Diff: 0.9, Sum: 16.2]
      [GC Worker End (ms): Min: 631791.0, Avg: 631791.1, Max: 631791.1, Diff: 0.1]
   [Code Root Fixup: 0.0 ms]
   [Code Root Purge: 0.0 ms]
   [Clear CT: 0.7 ms]
   [Other: 3.7 ms]
      [Choose CSet: 0.0 ms]
      [Ref Proc: 0.5 ms]
      [Ref Enq: 0.0 ms]
      [Redirty Cards: 0.3 ms]
      [Humongous Register: 0.3 ms]
      [Humongous Reclaim: 0.2 ms]
      [Free CSet: 2.2 ms]
   [Eden: 1459.0M(1459.0M)->0.0B(1460.0M) Survivors: 6144.0K->5120.0K Heap: 5975.2M(6656.0M)->4515.9M(6656.0M)]
 [Times: user=0.02 sys=0.00, real=0.01 secs]
         vmop                    [threads: total initially_running wait_to_block]    [time: spin block sync cleanup vmop] page_trap_count
631.787: G1IncCollectionPause             [      33          0              0    ]      [     0     0     1     0     7    ]  0
2017-11-22T10:03:49.901+0800: 631.796: Total time for which application threads were stopped: 0.0074972 seconds, Stopping threads took: 0.0000676 seconds
2017-11-22T10:03:50.938+0800: 632.832: [GC concurrent-mark-end, 7.8845150 secs]
2017-11-22T10:03:50.938+0800: 632.833: [GC remark 2017-11-22T10:03:50.938+0800: 632.833: [Finalize Marking, 0.0010044 secs] 2017-11-22T10:03:50.939+0800: 632.834: [GC ref-proc, 0.0002794 secs] 2017-11-22T10:03:50.940+0800: 632.834: [Unloading, 0.0059237 secs], 0.0328740 secs]
 [Times: user=0.16 sys=0.00, real=0.03 secs]
         vmop                    [threads: total initially_running wait_to_block]    [time: spin block sync cleanup vmop] page_trap_count
632.832: CGC_Operation                    [      33          0              0    ]      [     0     0     0     0    32    ]  0
2017-11-22T10:03:50.971+0800: 632.866: Total time for which application threads were stopped: 0.0332312 seconds, Stopping threads took: 0.0000620 seconds
2017-11-22T10:03:50.972+0800: 632.866: [GC cleanup 4807M->4807M(6656M), 0.0237172 secs]
 [Times: user=0.13 sys=0.00, real=0.03 secs]
         vmop                    [threads: total initially_running wait_to_block]    [time: spin block sync cleanup vmop] page_trap_count
632.866: CGC_Operation                    [      33          1              1    ]      [     0     0     0     0    23    ]  0
2017-11-22T10:03:50.995+0800: 632.890: Total time for which application threads were stopped: 0.0240512 seconds, Stopping threads took: 0.0001130 seconds
2017-11-22T10:03:56.110+0800: 638.004: [GC pause (G1 Evacuation Pause) (young) 638.004: [G1Ergonomics (CSet Construction) start choosing CSet, _pending_cards: 1572, predicted base time: 9.62 ms, remaining time: 190.38 ms, target pause time: 200.00 ms]
 638.004: [G1Ergonomics (CSet Construction) add young regions to CSet, eden: 1460 regions, survivors: 5 regions, predicted young region time: 3.25 ms]
 638.004: [G1Ergonomics (CSet Construction) finish choosing CSet, eden: 1460 regions, survivors: 5 regions, old: 0 regions, predicted pause time: 12.87 ms, target pause time: 200.00 ms]
 638.015: [G1Ergonomics (Concurrent Cycles) do not request concurrent cycle initiation, reason: still doing mixed collections, occupancy: 4738514944 bytes, allocation request: 0 bytes, threshold: 3140694810 bytes (45.00 %), source: end of GC]
 638.015: [G1Ergonomics (Mixed GCs) do not start mixed GCs, reason: reclaimable percentage not over threshold, candidate old regions: 286 regions, reclaimable: 151563816 bytes (2.17 %), threshold: 5.00 %]
, 0.0103732 secs]
   [Parallel Time: 3.0 ms, GC Workers: 8]
      [GC Worker Start (ms): Min: 638005.9, Avg: 638006.6, Max: 638007.8, Diff: 1.9]
      [Ext Root Scanning (ms): Min: 0.0, Avg: 0.4, Max: 1.1, Diff: 1.1, Sum: 3.1]
      [Update RS (ms): Min: 0.0, Avg: 0.1, Max: 0.1, Diff: 0.1, Sum: 0.5]
         [Processed Buffers: Min: 0, Avg: 2.0, Max: 8, Diff: 8, Sum: 16]
      [Scan RS (ms): Min: 0.1, Avg: 0.3, Max: 0.5, Diff: 0.4, Sum: 2.3]
      [Code Root Scanning (ms): Min: 0.0, Avg: 0.0, Max: 0.0, Diff: 0.0, Sum: 0.1]
      [Object Copy (ms): Min: 0.0, Avg: 0.3, Max: 0.6, Diff: 0.6, Sum: 2.6]
      [Termination (ms): Min: 0.0, Avg: 0.2, Max: 0.4, Diff: 0.4, Sum: 1.6]
         [Termination Attempts: Min: 1, Avg: 1.0, Max: 1, Diff: 0, Sum: 8]
      [GC Worker Other (ms): Min: 0.0, Avg: 0.0, Max: 0.1, Diff: 0.1, Sum: 0.4]
      [GC Worker Total (ms): Min: 0.2, Avg: 1.3, Max: 2.1, Diff: 1.9, Sum: 10.5]
      [GC Worker End (ms): Min: 638007.9, Avg: 638007.9, Max: 638008.0, Diff: 0.1]
   [Code Root Fixup: 0.0 ms]
   [Code Root Purge: 0.0 ms]
   [Clear CT: 1.0 ms]
   [Other: 6.3 ms]
      [Choose CSet: 0.0 ms]
      [Ref Proc: 2.7 ms]
      [Ref Enq: 0.0 ms]
      [Redirty Cards: 0.1 ms]
      [Humongous Register: 0.6 ms]
      [Humongous Reclaim: 0.2 ms]
      [Free CSet: 2.2 ms]
   [Eden: 1460.0M(1460.0M)->0.0B(1459.0M) Survivors: 5120.0K->5120.0K Heap: 5975.9M(6656.0M)->4516.0M(6656.0M)]
 [Times: user=0.02 sys=0.00, real=0.01 secs]
         vmop                    [threads: total initially_running wait_to_block]    [time: spin block sync cleanup vmop] page_trap_count
638.004: G1IncCollectionPause             [      33          0              0    ]      [     0     0     0     0    10    ]  0
2017-11-22T10:03:56.121+0800: 638.015: Total time for which application threads were stopped: 0.0107964 seconds, Stopping threads took: 0.0000398 seconds
         vmop                    [threads: total initially_running wait_to_block]    [time: spin block sync cleanup vmop] page_trap_count
643.595: RevokeBias                       [      33          0              0    ]      [     0     0     0     0     0    ]  0
2017-11-22T10:04:01.701+0800: 643.595: Total time for which application threads were stopped: 0.0002667 seconds, Stopping threads took: 0.0000864 seconds
         vmop                    [threads: total initially_running wait_to_block]    [time: spin block sync cleanup vmop] page_trap_count
643.596: RevokeBias                       [      33          1              1    ]      [     0     0     0     0     0    ]  0
2017-11-22T10:04:01.702+0800: 643.596: Total time for which application threads were stopped: 0.0001577 seconds, Stopping threads took: 0.0000652 seconds
         vmop                    [threads: total initially_running wait_to_block]    [time: spin block sync cleanup vmop] page_trap_count
643.596: RevokeBias                       [      33          1              1    ]      [     0     0     0     0     0    ]  0
2017-11-22T10:04:01.702+0800: 643.596: Total time for which application threads were stopped: 0.0001493 seconds, Stopping threads took: 0.0000428 seconds
         vmop                    [threads: total initially_running wait_to_block]    [time: spin block sync cleanup vmop] page_trap_count
643.596: BulkRevokeBias                   [      33          0              0    ]      [     0     0     0     0     0    ]  0
2017-11-22T10:04:01.702+0800: 643.596: Total time for which application threads were stopped: 0.0002604 seconds, Stopping threads took: 0.0000161 seconds
         vmop                    [threads: total initially_running wait_to_block]    [time: spin block sync cleanup vmop] page_trap_count
643.596: RevokeBias                       [      33          0              0    ]      [     0     0     0     0     0    ]  0
2017-11-22T10:04:01.702+0800: 643.597: Total time for which application threads were stopped: 0.0000905 seconds, Stopping threads took: 0.0000161 seconds
         vmop                    [threads: total initially_running wait_to_block]    [time: spin block sync cleanup vmop] page_trap_count
643.597: RevokeBias                       [      33          0              0    ]      [     0     0     0     0     0    ]  0
2017-11-22T10:04:01.702+0800: 643.597: Total time for which application threads were stopped: 0.0000883 seconds, Stopping threads took: 0.0000142 seconds
         vmop                    [threads: total initially_running wait_to_block]    [time: spin block sync cleanup vmop] page_trap_count
643.597: RevokeBias                       [      33          0              0    ]      [     0     0     0     0     0    ]  0
2017-11-22T10:04:01.703+0800: 643.597: Total time for which application threads were stopped: 0.0000958 seconds, Stopping threads took: 0.0000150 seconds
2017-11-22T10:04:02.882+0800: 644.776: [GC pause (G1 Evacuation Pause) (young) 644.776: [G1Ergonomics (CSet Construction) start choosing CSet, _pending_cards: 1303, predicted base time: 9.16 ms, remaining time: 190.84 ms, target pause time: 200.00 ms]
 644.776: [G1Ergonomics (CSet Construction) add young regions to CSet, eden: 1459 regions, survivors: 5 regions, predicted young region time: 3.10 ms]
 644.776: [G1Ergonomics (CSet Construction) finish choosing CSet, eden: 1459 regions, survivors: 5 regions, old: 0 regions, predicted pause time: 12.26 ms, target pause time: 200.00 ms]
 644.800: [G1Ergonomics (Concurrent Cycles) request concurrent cycle initiation, reason: occupancy higher than threshold, occupancy: 4738514944 bytes, allocation request: 0 bytes, threshold: 3140694810 bytes (45.00 %), source: end of GC]
, 0.0236375 secs]
   [Parallel Time: 6.1 ms, GC Workers: 8]
      [GC Worker Start (ms): Min: 644777.1, Avg: 644779.6, Max: 644781.4, Diff: 4.3]
      [Ext Root Scanning (ms): Min: 0.0, Avg: 0.9, Max: 5.8, Diff: 5.8, Sum: 7.5]
      [Update RS (ms): Min: 0.0, Avg: 0.1, Max: 0.4, Diff: 0.4, Sum: 0.6]
         [Processed Buffers: Min: 0, Avg: 1.8, Max: 9, Diff: 9, Sum: 14]
      [Scan RS (ms): Min: 0.1, Avg: 0.3, Max: 0.7, Diff: 0.6, Sum: 2.1]
      [Code Root Scanning (ms): Min: 0.0, Avg: 0.0, Max: 0.1, Diff: 0.1, Sum: 0.2]
      [Object Copy (ms): Min: 0.0, Avg: 0.4, Max: 1.5, Diff: 1.5, Sum: 2.9]
      [Termination (ms): Min: 0.0, Avg: 1.8, Max: 2.6, Diff: 2.6, Sum: 14.5]
         [Termination Attempts: Min: 1, Avg: 1.0, Max: 1, Diff: 0, Sum: 8]
      [GC Worker Other (ms): Min: 0.0, Avg: 0.0, Max: 0.0, Diff: 0.0, Sum: 0.1]
      [GC Worker Total (ms): Min: 1.7, Avg: 3.5, Max: 6.0, Diff: 4.3, Sum: 27.8]
      [GC Worker End (ms): Min: 644783.1, Avg: 644783.1, Max: 644783.1, Diff: 0.1]
   [Code Root Fixup: 0.0 ms]
   [Code Root Purge: 0.0 ms]
   [Clear CT: 1.0 ms]
   [Other: 16.5 ms]
      [Choose CSet: 0.0 ms]
      [Ref Proc: 12.8 ms]
      [Ref Enq: 0.0 ms]
      [Redirty Cards: 0.4 ms]
      [Humongous Register: 0.5 ms]
      [Humongous Reclaim: 0.3 ms]
      [Free CSet: 2.2 ms]
   [Eden: 1459.0M(1459.0M)->0.0B(1458.0M) Survivors: 5120.0K->6144.0K Heap: 5975.0M(6656.0M)->4516.1M(6656.0M)]
 [Times: user=0.03 sys=0.00, real=0.03 secs]
         vmop                    [threads: total initially_running wait_to_block]    [time: spin block sync cleanup vmop] page_trap_count
644.776: G1IncCollectionPause             [      33          0              1    ]      [     0     0     0     0    23    ]  0
2017-11-22T10:04:02.906+0800: 644.800: Total time for which application threads were stopped: 0.0240677 seconds, Stopping threads took: 0.0000598 seconds
         vmop                    [threads: total initially_running wait_to_block]    [time: spin block sync cleanup vmop] page_trap_count
647.801: no vm operation                  [      33          1              1    ]      [     0     0     0     0     0    ]  1
2017-11-22T10:04:05.906+0800: 647.801: Total time for which application threads were stopped: 0.0003009 seconds, Stopping threads took: 0.0000922 seconds
 650.422: [G1Ergonomics (Concurrent Cycles) initiate concurrent cycle, reason: concurrent cycle initiation requested]
2017-11-22T10:04:08.528+0800: 650.422: [GC pause (G1 Evacuation Pause) (young) (initial-mark) 650.423: [G1Ergonomics (CSet Construction) start choosing CSet, _pending_cards: 549, predicted base time: 13.42 ms, remaining time: 186.58 ms, target pause time: 200.00 ms]
 650.423: [G1Ergonomics (CSet Construction) add young regions to CSet, eden: 1458 regions, survivors: 6 regions, predicted young region time: 2.99 ms]
 650.423: [G1Ergonomics (CSet Construction) finish choosing CSet, eden: 1458 regions, survivors: 6 regions, old: 0 regions, predicted pause time: 16.42 ms, target pause time: 200.00 ms]
, 0.0104193 secs]
   [Parallel Time: 4.2 ms, GC Workers: 8]
      [GC Worker Start (ms): Min: 650423.4, Avg: 650423.6, Max: 650424.2, Diff: 0.8]
      [Ext Root Scanning (ms): Min: 1.7, Avg: 1.8, Max: 2.1, Diff: 0.4, Sum: 14.6]
      [Update RS (ms): Min: 0.0, Avg: 0.1, Max: 0.4, Diff: 0.4, Sum: 0.7]
         [Processed Buffers: Min: 0, Avg: 1.5, Max: 4, Diff: 4, Sum: 12]
      [Scan RS (ms): Min: 0.1, Avg: 0.4, Max: 0.5, Diff: 0.3, Sum: 2.9]
      [Code Root Scanning (ms): Min: 0.0, Avg: 0.0, Max: 0.0, Diff: 0.0, Sum: 0.2]
      [Object Copy (ms): Min: 0.0, Avg: 0.3, Max: 0.4, Diff: 0.4, Sum: 2.8]
      [Termination (ms): Min: 0.0, Avg: 0.2, Max: 0.3, Diff: 0.3, Sum: 1.9]
         [Termination Attempts: Min: 1, Avg: 1.0, Max: 1, Diff: 0, Sum: 8]
      [GC Worker Other (ms): Min: 0.0, Avg: 0.0, Max: 0.1, Diff: 0.0, Sum: 0.2]
      [GC Worker Total (ms): Min: 2.3, Avg: 2.9, Max: 3.1, Diff: 0.8, Sum: 23.3]
      [GC Worker End (ms): Min: 650426.4, Avg: 650426.5, Max: 650426.5, Diff: 0.1]
   [Code Root Fixup: 0.0 ms]
   [Code Root Purge: 0.0 ms]
   [Clear CT: 0.7 ms]
   [Other: 5.5 ms]
      [Choose CSet: 0.0 ms]
      [Ref Proc: 0.4 ms]
      [Ref Enq: 0.0 ms]
      [Redirty Cards: 0.3 ms]
      [Humongous Register: 0.1 ms]
      [Humongous Reclaim: 0.3 ms]
      [Free CSet: 2.5 ms]
   [Eden: 1458.0M(1458.0M)->0.0B(1459.0M) Survivors: 6144.0K->5120.0K Heap: 5974.1M(6656.0M)->4516.0M(6656.0M)]
 [Times: user=0.02 sys=0.00, real=0.01 secs]
         vmop                    [threads: total initially_running wait_to_block]    [time: spin block sync cleanup vmop] page_trap_count
650.422: G1IncCollectionPause             [      33          0              0    ]      [     0     0     0     0    10    ]  0
2017-11-22T10:04:08.538+0800: 650.433: 2017-11-22T10:04:08.538+0800: [GC concurrent-root-region-scan-start]
650.433: Total time for which application threads were stopped: 0.0108858 seconds, Stopping threads took: 0.0000598 seconds
2017-11-22T10:04:08.539+0800: 650.433: [GC concurrent-root-region-scan-end, 0.0007727 secs]
2017-11-22T10:04:08.539+0800: 650.434: [GC concurrent-mark-start]
         vmop                    [threads: total initially_running wait_to_block]    [time: spin block sync cleanup vmop] page_trap_count
650.663: RevokeBias                       [      33          0              0    ]      [     0     0   380     0     0    ]  0
2017-11-22T10:04:09.149+0800: 651.043: Total time for which application threads were stopped: 0.0002506 seconds, Stopping threads took: 0.0000809 seconds
2017-11-22T10:04:12.409+0800: 654.304: [GC pause (G1 Evacuation Pause) (young) 654.304: [G1Ergonomics (CSet Construction) start choosing CSet, _pending_cards: 1809, predicted base time: 12.13 ms, remaining time: 187.87 ms, target pause time: 200.00 ms]
 654.304: [G1Ergonomics (CSet Construction) add young regions to CSet, eden: 1459 regions, survivors: 5 regions, predicted young region time: 3.22 ms]
 654.304: [G1Ergonomics (CSet Construction) finish choosing CSet, eden: 1459 regions, survivors: 5 regions, old: 0 regions, predicted pause time: 15.35 ms, target pause time: 200.00 ms]
, 0.0063643 secs]
   [Parallel Time: 1.9 ms, GC Workers: 8]
      [GC Worker Start (ms): Min: 654304.0, Avg: 654304.1, Max: 654304.2, Diff: 0.2]
      [Ext Root Scanning (ms): Min: 0.5, Avg: 0.7, Max: 1.0, Diff: 0.5, Sum: 5.3]
      [Update RS (ms): Min: 0.0, Avg: 0.1, Max: 0.3, Diff: 0.3, Sum: 0.7]
         [Processed Buffers: Min: 0, Avg: 1.9, Max: 4, Diff: 4, Sum: 15]
      [Scan RS (ms): Min: 0.3, Avg: 0.4, Max: 0.5, Diff: 0.2, Sum: 3.3]
      [Code Root Scanning (ms): Min: 0.0, Avg: 0.0, Max: 0.0, Diff: 0.0, Sum: 0.1]
      [Object Copy (ms): Min: 0.3, Avg: 0.3, Max: 0.4, Diff: 0.1, Sum: 2.6]
      [Termination (ms): Min: 0.0, Avg: 0.0, Max: 0.0, Diff: 0.0, Sum: 0.2]
         [Termination Attempts: Min: 1, Avg: 1.0, Max: 1, Diff: 0, Sum: 8]
      [GC Worker Other (ms): Min: 0.0, Avg: 0.1, Max: 0.1, Diff: 0.1, Sum: 0.6]
      [GC Worker Total (ms): Min: 1.5, Avg: 1.6, Max: 1.7, Diff: 0.2, Sum: 12.9]
      [GC Worker End (ms): Min: 654305.7, Avg: 654305.7, Max: 654305.8, Diff: 0.1]
   [Code Root Fixup: 0.0 ms]
   [Code Root Purge: 0.0 ms]
   [Clear CT: 0.7 ms]
   [Other: 3.7 ms]
      [Choose CSet: 0.0 ms]
      [Ref Proc: 0.4 ms]
      [Ref Enq: 0.0 ms]
      [Redirty Cards: 0.3 ms]
      [Humongous Register: 0.3 ms]
      [Humongous Reclaim: 0.2 ms]
      [Free CSet: 2.3 ms]
   [Eden: 1459.0M(1459.0M)->0.0B(1458.0M) Survivors: 5120.0K->6144.0K Heap: 5975.0M(6656.0M)->4516.1M(6656.0M)]
 [Times: user=0.03 sys=0.00, real=0.01 secs]
         vmop                    [threads: total initially_running wait_to_block]    [time: spin block sync cleanup vmop] page_trap_count
654.303: G1IncCollectionPause             [      33          0              0    ]      [     0     0     0     0     6    ]  0
2017-11-22T10:04:12.416+0800: 654.310: Total time for which application threads were stopped: 0.0067783 seconds, Stopping threads took: 0.0000644 seconds
         vmop                    [threads: total initially_running wait_to_block]    [time: spin block sync cleanup vmop] page_trap_count
657.313: no vm operation                  [      33          1              1    ]      [     0     0     0     0     0    ]  1
2017-11-22T10:04:15.419+0800: 657.313: Total time for which application threads were stopped: 0.0002710 seconds, Stopping threads took: 0.0001003 seconds
2017-11-22T10:04:15.708+0800: 657.602: [GC pause (G1 Evacuation Pause) (young) 657.602: [G1Ergonomics (CSet Construction) start choosing CSet, _pending_cards: 1820, predicted base time: 10.15 ms, remaining time: 189.85 ms, target pause time: 200.00 ms]
 657.602: [G1Ergonomics (CSet Construction) add young regions to CSet, eden: 1458 regions, survivors: 6 regions, predicted young region time: 3.27 ms]
 657.602: [G1Ergonomics (CSet Construction) finish choosing CSet, eden: 1458 regions, survivors: 6 regions, old: 0 regions, predicted pause time: 13.42 ms, target pause time: 200.00 ms]
, 0.0074613 secs]
   [Parallel Time: 2.5 ms, GC Workers: 8]
      [GC Worker Start (ms): Min: 657602.8, Avg: 657603.3, Max: 657604.9, Diff: 2.1]
      [Ext Root Scanning (ms): Min: 0.0, Avg: 0.5, Max: 1.0, Diff: 1.0, Sum: 4.3]
      [Update RS (ms): Min: 0.0, Avg: 0.1, Max: 0.2, Diff: 0.2, Sum: 0.6]
         [Processed Buffers: Min: 0, Avg: 2.0, Max: 8, Diff: 8, Sum: 16]
      [Scan RS (ms): Min: 0.1, Avg: 0.4, Max: 0.6, Diff: 0.5, Sum: 2.9]
      [Code Root Scanning (ms): Min: 0.0, Avg: 0.0, Max: 0.0, Diff: 0.0, Sum: 0.1]
      [Object Copy (ms): Min: 0.0, Avg: 0.3, Max: 0.5, Diff: 0.5, Sum: 2.4]
      [Termination (ms): Min: 0.0, Avg: 0.4, Max: 0.5, Diff: 0.5, Sum: 3.3]
         [Termination Attempts: Min: 1, Avg: 1.0, Max: 1, Diff: 0, Sum: 8]
      [GC Worker Other (ms): Min: 0.0, Avg: 0.0, Max: 0.1, Diff: 0.1, Sum: 0.3]
      [GC Worker Total (ms): Min: 0.1, Avg: 1.7, Max: 2.3, Diff: 2.1, Sum: 13.9]
      [GC Worker End (ms): Min: 657605.0, Avg: 657605.0, Max: 657605.1, Diff: 0.1]
   [Code Root Fixup: 0.0 ms]
   [Code Root Purge: 0.0 ms]
   [Clear CT: 0.7 ms]
   [Other: 4.2 ms]
      [Choose CSet: 0.0 ms]
      [Ref Proc: 0.5 ms]
      [Ref Enq: 0.0 ms]
      [Redirty Cards: 0.3 ms]
      [Humongous Register: 0.3 ms]
      [Humongous Reclaim: 0.3 ms]
      [Free CSet: 2.5 ms]
   [Eden: 1458.0M(1458.0M)->0.0B(1459.0M) Survivors: 6144.0K->5120.0K Heap: 5974.1M(6656.0M)->4516.0M(6656.0M)]
 [Times: user=0.02 sys=0.00, real=0.01 secs]
         vmop                    [threads: total initially_running wait_to_block]    [time: spin block sync cleanup vmop] page_trap_count
657.602: G1IncCollectionPause             [      33          0              0    ]      [     0     0     0     0     7    ]  0
2017-11-22T10:04:15.716+0800: 657.610: Total time for which application threads were stopped: 0.0079230 seconds, Stopping threads took: 0.0000538 seconds
2017-11-22T10:04:16.695+0800: 658.589: [GC concurrent-mark-end, 8.1555510 secs]
2017-11-22T10:04:16.695+0800: 658.589: [GC remark 2017-11-22T10:04:16.695+0800: 658.590: [Finalize Marking, 0.0007243 secs] 2017-11-22T10:04:16.696+0800: 658.590: [GC ref-proc, 0.0002592 secs] 2017-11-22T10:04:16.696+0800: 658.591: [Unloading, 0.0104661 secs], 0.0696155 secs]
 [Times: user=0.15 sys=0.00, real=0.07 secs]
         vmop                    [threads: total initially_running wait_to_block]    [time: spin block sync cleanup vmop] page_trap_count
658.589: CGC_Operation                    [      33          0              0    ]      [     0     0     0     0    69    ]  0
2017-11-22T10:04:16.765+0800: 658.659: Total time for which application threads were stopped: 0.0699555 seconds, Stopping threads took: 0.0000573 seconds
2017-11-22T10:04:16.765+0800: 658.660: [GC cleanup 4980M->4980M(6656M), 0.0720015 secs]
 [Times: user=0.15 sys=0.00, real=0.07 secs]
         vmop                    [threads: total initially_running wait_to_block]    [time: spin block sync cleanup vmop] page_trap_count
658.659: CGC_Operation                    [      33          0              0    ]      [     0     0     0     0    72    ]  0
2017-11-22T10:04:16.837+0800: 658.732: Total time for which application threads were stopped: 0.0722866 seconds, Stopping threads took: 0.0000421 seconds
2017-11-22T10:04:18.917+0800: 660.811: [GC pause (G1 Evacuation Pause) (young) 660.811: [G1Ergonomics (CSet Construction) start choosing CSet, _pending_cards: 1039, predicted base time: 8.64 ms, remaining time: 191.36 ms, target pause time: 200.00 ms]
 660.811: [G1Ergonomics (CSet Construction) add young regions to CSet, eden: 1459 regions, survivors: 5 regions, predicted young region time: 3.17 ms]
 660.811: [G1Ergonomics (CSet Construction) finish choosing CSet, eden: 1459 regions, survivors: 5 regions, old: 0 regions, predicted pause time: 11.80 ms, target pause time: 200.00 ms]
 660.823: [G1Ergonomics (Concurrent Cycles) do not request concurrent cycle initiation, reason: still doing mixed collections, occupancy: 4738514944 bytes, allocation request: 0 bytes, threshold: 3140694810 bytes (45.00 %), source: end of GC]
 660.823: [G1Ergonomics (Mixed GCs) do not start mixed GCs, reason: reclaimable percentage not over threshold, candidate old regions: 287 regions, reclaimable: 152492376 bytes (2.18 %), threshold: 5.00 %]
, 0.0119866 secs]
   [Parallel Time: 3.2 ms, GC Workers: 8]
      [GC Worker Start (ms): Min: 660812.1, Avg: 660813.3, Max: 660814.8, Diff: 2.6]
      [Ext Root Scanning (ms): Min: 0.0, Avg: 0.3, Max: 1.0, Diff: 1.0, Sum: 2.7]
      [Update RS (ms): Min: 0.0, Avg: 0.1, Max: 0.3, Diff: 0.3, Sum: 0.7]
         [Processed Buffers: Min: 0, Avg: 1.5, Max: 7, Diff: 7, Sum: 12]
      [Scan RS (ms): Min: 0.1, Avg: 0.3, Max: 0.5, Diff: 0.4, Sum: 2.3]
      [Code Root Scanning (ms): Min: 0.0, Avg: 0.0, Max: 0.1, Diff: 0.1, Sum: 0.1]
      [Object Copy (ms): Min: 0.0, Avg: 0.3, Max: 0.6, Diff: 0.6, Sum: 2.2]
      [Termination (ms): Min: 0.0, Avg: 0.6, Max: 1.2, Diff: 1.2, Sum: 4.7]
         [Termination Attempts: Min: 1, Avg: 1.0, Max: 1, Diff: 0, Sum: 8]
      [GC Worker Other (ms): Min: 0.0, Avg: 0.0, Max: 0.0, Diff: 0.0, Sum: 0.1]
      [GC Worker Total (ms): Min: 0.1, Avg: 1.6, Max: 3.1, Diff: 3.0, Sum: 12.9]
      [GC Worker End (ms): Min: 660814.9, Avg: 660815.0, Max: 660815.3, Diff: 0.4]
   [Code Root Fixup: 0.1 ms]
   [Code Root Purge: 0.0 ms]
   [Clear CT: 0.7 ms]
   [Other: 8.0 ms]
      [Choose CSet: 0.0 ms]
      [Ref Proc: 4.5 ms]
      [Ref Enq: 0.0 ms]
      [Redirty Cards: 0.3 ms]
      [Humongous Register: 0.6 ms]
      [Humongous Reclaim: 0.2 ms]
      [Free CSet: 2.1 ms]
   [Eden: 1459.0M(1459.0M)->0.0B(1457.0M) Survivors: 5120.0K->6144.0K Heap: 5975.0M(6656.0M)->4516.1M(6656.0M)]
 [Times: user=0.03 sys=0.00, real=0.01 secs]
         vmop                    [threads: total initially_running wait_to_block]    [time: spin block sync cleanup vmop] page_trap_count
660.811: G1IncCollectionPause             [      32          0              0    ]      [     0     0     0     0    12    ]  0
2017-11-22T10:04:18.929+0800: 660.824: Total time for which application threads were stopped: 0.0123696 seconds, Stopping threads took: 0.0000674 seconds
         vmop                    [threads: total initially_running wait_to_block]    [time: spin block sync cleanup vmop] page_trap_count
661.384: RevokeBias                       [      32          1              3    ]      [     7     0     8     0     0    ]  1
2017-11-22T10:04:19.498+0800: 661.392: Total time for which application threads were stopped: 0.0083067 seconds, Stopping threads took: 0.0081181 seconds
         vmop                    [threads: total initially_running wait_to_block]    [time: spin block sync cleanup vmop] page_trap_count
661.394: RevokeBias                       [      32          0              0    ]      [     0     0     0     0     0    ]  0
2017-11-22T10:04:19.500+0800: 661.394: Total time for which application threads were stopped: 0.0002694 seconds, Stopping threads took: 0.0000308 seconds
         vmop                    [threads: total initially_running wait_to_block]    [time: spin block sync cleanup vmop] page_trap_count
661.399: RevokeBias                       [      33          0              1    ]      [     0     0     0     0     0    ]  0
2017-11-22T10:04:19.506+0800: 661.400: Total time for which application threads were stopped: 0.0009680 seconds, Stopping threads took: 0.0007562 seconds
         vmop                    [threads: total initially_running wait_to_block]    [time: spin block sync cleanup vmop] page_trap_count
664.402: no vm operation                  [      33          0              0    ]      [     0     0     0     0     0    ]  0
2017-11-22T10:04:22.508+0800: 664.402: Total time for which application threads were stopped: 0.0001916 seconds, Stopping threads took: 0.0000374 seconds
         vmop                    [threads: total initially_running wait_to_block]    [time: spin block sync cleanup vmop] page_trap_count
664.635: RevokeBias                       [      31          0              0    ]      [     0     0     0     0     0    ]  0
2017-11-22T10:04:22.741+0800: 664.636: Total time for which application threads were stopped: 0.0002685 seconds, Stopping threads took: 0.0000627 seconds
         vmop                    [threads: total initially_running wait_to_block]    [time: spin block sync cleanup vmop] page_trap_count
664.636: RevokeBias                       [      31          0              0    ]      [     0     0     0     0     0    ]  0
2017-11-22T10:04:22.742+0800: 664.636: Total time for which application threads were stopped: 0.0000914 seconds, Stopping threads took: 0.0000261 seconds
         vmop                    [threads: total initially_running wait_to_block]    [time: spin block sync cleanup vmop] page_trap_count
665.636: no vm operation                  [      31          0              0    ]      [     0     0     0     0     0    ]  0
2017-11-22T10:04:23.742+0800: 665.636: Total time for which application threads were stopped: 0.0002105 seconds, Stopping threads took: 0.0000360 seconds
         vmop                    [threads: total initially_running wait_to_block]    [time: spin block sync cleanup vmop] page_trap_count
0000360 seconds
