 0.044: [G1Ergonomics (Heap Sizing) expand the heap, requested expansion amount: 528482304 bytes, attempted expansion amount: 528482304 bytes]
         vmop                    [threads: total initially_running wait_to_block]    [time: spin block sync cleanup vmop] page_trap_count
0.726: Deoptimize                       [      10          0              0    ]      [     0     0     0     0     0    ]  0
2017-11-17T22:03:32.805+0800: 0.726: Total time for which application threads were stopped: 0.0002723 seconds, Stopping threads took: 0.0000405 seconds
         vmop                    [threads: total initially_running wait_to_block]    [time: spin block sync cleanup vmop] page_trap_count
0.739: Deoptimize                       [      10          0              0    ]      [     0     0     0     0     0    ]  0
2017-11-17T22:03:32.818+0800: 0.739: Total time for which application threads were stopped: 0.0001992 seconds, Stopping threads took: 0.0000465 seconds
2017-11-17T22:03:33.199+0800: 1.120: [GC pause (G1 Evacuation Pause) (young) 1.120: [G1Ergonomics (CSet Construction) start choosing CSet, _pending_cards: 0, predicted base time: 10.00 ms, remaining time: 190.00 ms, target pause time: 200.00 ms]
 1.120: [G1Ergonomics (CSet Construction) add young regions to CSet, eden: 25 regions, survivors: 0 regions, predicted young region time: 382.49 ms]
 1.120: [G1Ergonomics (CSet Construction) finish choosing CSet, eden: 25 regions, survivors: 0 regions, old: 0 regions, predicted pause time: 392.49 ms, target pause time: 200.00 ms]
, 0.0334885 secs]
   [Parallel Time: 3.4 ms, GC Workers: 8]
      [GC Worker Start (ms): Min: 1119.9, Avg: 1121.4, Max: 1123.1, Diff: 3.2]
      [Ext Root Scanning (ms): Min: 0.0, Avg: 0.2, Max: 1.0, Diff: 1.0, Sum: 1.8]
      [Update RS (ms): Min: 0.0, Avg: 0.0, Max: 0.0, Diff: 0.0, Sum: 0.0]
         [Processed Buffers: Min: 0, Avg: 0.0, Max: 0, Diff: 0, Sum: 0]
      [Scan RS (ms): Min: 0.0, Avg: 0.0, Max: 0.0, Diff: 0.0, Sum: 0.0]
      [Code Root Scanning (ms): Min: 0.0, Avg: 0.1, Max: 0.4, Diff: 0.4, Sum: 0.4]
      [Object Copy (ms): Min: 0.0, Avg: 1.1, Max: 2.6, Diff: 2.6, Sum: 9.1]
      [Termination (ms): Min: 0.0, Avg: 0.2, Max: 0.4, Diff: 0.4, Sum: 1.9]
         [Termination Attempts: Min: 1, Avg: 3.8, Max: 11, Diff: 10, Sum: 30]
      [GC Worker Other (ms): Min: 0.0, Avg: 0.0, Max: 0.0, Diff: 0.0, Sum: 0.1]
      [GC Worker Total (ms): Min: 0.0, Avg: 1.7, Max: 3.2, Diff: 3.2, Sum: 13.5]
      [GC Worker End (ms): Min: 1123.1, Avg: 1123.1, Max: 1123.1, Diff: 0.0]
   [Code Root Fixup: 0.1 ms]
   [Code Root Purge: 0.0 ms]
   [Clear CT: 0.4 ms]
   [Other: 29.5 ms]
      [Choose CSet: 0.0 ms]
      [Ref Proc: 28.9 ms]
      [Ref Enq: 0.0 ms]
      [Redirty Cards: 0.3 ms]
      [Humongous Register: 0.0 ms]
      [Humongous Reclaim: 0.0 ms]
      [Free CSet: 0.1 ms]
   [Eden: 25.0M(25.0M)->0.0B(34.0M) Survivors: 0.0B->4096.0K Heap: 25.0M(504.0M)->5203.0K(504.0M)]
 [Times: user=0.05 sys=0.01, real=0.04 secs]
         vmop                    [threads: total initially_running wait_to_block]    [time: spin block sync cleanup vmop] page_trap_count
1.120: G1IncCollectionPause             [      10          0              0    ]      [     0     0     0     0    33    ]  0
2017-11-17T22:03:33.233+0800: 1.153: Total time for which application threads were stopped: 0.0338302 seconds, Stopping threads took: 0.0000439 seconds
2017-11-17T22:03:33.705+0800: 1.625: [GC pause (G1 Evacuation Pause) (young) 1.625: [G1Ergonomics (CSet Construction) start choosing CSet, _pending_cards: 512, predicted base time: 24.44 ms, remaining time: 175.56 ms, target pause time: 200.00 ms]
 1.625: [G1Ergonomics (CSet Construction) add young regions to CSet, eden: 34 regions, survivors: 4 regions, predicted young region time: 149.74 ms]
 1.625: [G1Ergonomics (CSet Construction) finish choosing CSet, eden: 34 regions, survivors: 4 regions, old: 0 regions, predicted pause time: 174.18 ms, target pause time: 200.00 ms]
, 0.0078098 secs]
   [Parallel Time: 4.4 ms, GC Workers: 8]
      [GC Worker Start (ms): Min: 1625.5, Avg: 1627.4, Max: 1629.3, Diff: 3.8]
      [Ext Root Scanning (ms): Min: 0.0, Avg: 0.5, Max: 1.8, Diff: 1.7, Sum: 3.9]
      [Update RS (ms): Min: 0.0, Avg: 0.0, Max: 0.3, Diff: 0.3, Sum: 0.3]
         [Processed Buffers: Min: 0, Avg: 0.2, Max: 2, Diff: 2, Sum: 2]
      [Scan RS (ms): Min: 0.0, Avg: 0.0, Max: 0.0, Diff: 0.0, Sum: 0.0]
      [Code Root Scanning (ms): Min: 0.0, Avg: 0.1, Max: 0.7, Diff: 0.7, Sum: 0.7]
      [Object Copy (ms): Min: 0.0, Avg: 1.3, Max: 3.5, Diff: 3.5, Sum: 10.1]
      [Termination (ms): Min: 0.1, Avg: 0.4, Max: 0.5, Diff: 0.5, Sum: 3.2]
         [Termination Attempts: Min: 1, Avg: 1.5, Max: 3, Diff: 2, Sum: 12]
      [GC Worker Other (ms): Min: 0.0, Avg: 0.0, Max: 0.0, Diff: 0.0, Sum: 0.1]
      [GC Worker Total (ms): Min: 0.4, Avg: 2.3, Max: 4.2, Diff: 3.8, Sum: 18.3]
      [GC Worker End (ms): Min: 1629.7, Avg: 1629.7, Max: 1629.8, Diff: 0.1]
   [Code Root Fixup: 0.2 ms]
   [Code Root Purge: 0.0 ms]
   [Clear CT: 0.6 ms]
   [Other: 2.7 ms]
      [Choose CSet: 0.0 ms]
      [Ref Proc: 1.9 ms]
      [Ref Enq: 0.0 ms]
      [Redirty Cards: 0.4 ms]
      [Humongous Register: 0.1 ms]
      [Humongous Reclaim: 0.0 ms]
      [Free CSet: 0.1 ms]
   [Eden: 34.0M(34.0M)->0.0B(297.0M) Survivors: 4096.0K->5120.0K Heap: 39.1M(504.0M)->8349.5K(504.0M)]
 [Times: user=0.01 sys=0.01, real=0.01 secs]
         vmop                    [threads: total initially_running wait_to_block]    [time: spin block sync cleanup vmop] page_trap_count
1.625: G1IncCollectionPause             [      10          0              1    ]      [     0     0     0     0     8    ]  0
2017-11-17T22:03:33.713+0800: 1.633: Total time for which application threads were stopped: 0.0082136 seconds, Stopping threads took: 0.0000345 seconds
         vmop                    [threads: total initially_running wait_to_block]    [time: spin block sync cleanup vmop] page_trap_count
1.811: Deoptimize                       [      10          0              0    ]      [     0     0     0     0     0    ]  0
2017-11-17T22:03:33.891+0800: 1.811: Total time for which application threads were stopped: 0.0002568 seconds, Stopping threads took: 0.0000289 seconds
         vmop                    [threads: total initially_running wait_to_block]    [time: spin block sync cleanup vmop] page_trap_count
2.029: Deoptimize                       [      11          0              0    ]      [     0     0     0     0     0    ]  0
2017-11-17T22:03:34.109+0800: 2.029: Total time for which application threads were stopped: 0.0004655 seconds, Stopping threads took: 0.0000495 seconds
         vmop                    [threads: total initially_running wait_to_block]    [time: spin block sync cleanup vmop] page_trap_count
2.176: Deoptimize                       [      19          0              1    ]      [     0     0     0     0     0    ]  0
2017-11-17T22:03:34.256+0800: 2.176: Total time for which application threads were stopped: 0.0003068 seconds, Stopping threads took: 0.0000469 seconds
         vmop                    [threads: total initially_running wait_to_block]    [time: spin block sync cleanup vmop] page_trap_count
2.243: Deoptimize                       [      19          0              0    ]      [     0     0     0     0     0    ]  0
2017-11-17T22:03:34.323+0800: 2.244: Total time for which application threads were stopped: 0.0003701 seconds, Stopping threads took: 0.0000252 seconds
         vmop                    [threads: total initially_running wait_to_block]    [time: spin block sync cleanup vmop] page_trap_count
2.412: Deoptimize                       [      19          0              0    ]      [     0     0     0     0     0    ]  0
2017-11-17T22:03:34.492+0800: 2.412: Total time for which application threads were stopped: 0.0003257 seconds, Stopping threads took: 0.0000320 seconds
         vmop                    [threads: total initially_running wait_to_block]    [time: spin block sync cleanup vmop] page_trap_count
2.423: Deoptimize                       [      19          0              0    ]      [     0     0     0     0     0    ]  0
2017-11-17T22:03:34.503+0800: 2.423: Total time for which application threads were stopped: 0.0003682 seconds, Stopping threads took: 0.0000425 seconds
         vmop                    [threads: total initially_running wait_to_block]    [time: spin block sync cleanup vmop] page_trap_count
2.425: Deoptimize                       [      19          0              0    ]      [     0     0     0     0     0    ]  0
2017-11-17T22:03:34.504+0800: 2.425: Total time for which application threads were stopped: 0.0001599 seconds, Stopping threads took: 0.0000290 seconds
         vmop                    [threads: total initially_running wait_to_block]    [time: spin block sync cleanup vmop] page_trap_count
2.580: Deoptimize                       [      23          0              0    ]      [     0     0     0     0     0    ]  0
2017-11-17T22:03:34.660+0800: 2.580: Total time for which application threads were stopped: 0.0003912 seconds, Stopping threads took: 0.0000463 seconds
 2.727: [G1Ergonomics (Concurrent Cycles) request concurrent cycle initiation, reason: requested by GC cause, GC cause: Metadata GC Threshold]
 2.727: [G1Ergonomics (Concurrent Cycles) initiate concurrent cycle, reason: concurrent cycle initiation requested]
2017-11-17T22:03:34.807+0800: 2.727: [GC pause (Metadata GC Threshold) (young) (initial-mark) 2.727: [G1Ergonomics (CSet Construction) start choosing CSet, _pending_cards: 1024, predicted base time: 18.33 ms, remaining time: 181.67 ms, target pause time: 200.00 ms]
 2.728: [G1Ergonomics (CSet Construction) add young regions to CSet, eden: 74 regions, survivors: 5 regions, predicted young region time: 71.75 ms]
 2.728: [G1Ergonomics (CSet Construction) finish choosing CSet, eden: 74 regions, survivors: 5 regions, old: 0 regions, predicted pause time: 90.08 ms, target pause time: 200.00 ms]
, 0.0355788 secs]
   [Parallel Time: 20.2 ms, GC Workers: 8]
      [GC Worker Start (ms): Min: 2727.6, Avg: 2733.1, Max: 2733.9, Diff: 6.3]
      [Ext Root Scanning (ms): Min: 0.1, Avg: 4.7, Max: 10.3, Diff: 10.2, Sum: 38.0]
      [Update RS (ms): Min: 0.0, Avg: 0.1, Max: 0.5, Diff: 0.5, Sum: 0.8]
         [Processed Buffers: Min: 0, Avg: 0.5, Max: 2, Diff: 2, Sum: 4]
      [Scan RS (ms): Min: 0.0, Avg: 0.0, Max: 0.0, Diff: 0.0, Sum: 0.1]
      [Code Root Scanning (ms): Min: 0.0, Avg: 3.0, Max: 12.7, Diff: 12.7, Sum: 24.2]
      [Object Copy (ms): Min: 0.0, Avg: 3.5, Max: 9.2, Diff: 9.2, Sum: 27.9]
      [Termination (ms): Min: 0.0, Avg: 2.7, Max: 3.4, Diff: 3.4, Sum: 21.4]
         [Termination Attempts: Min: 1, Avg: 36.1, Max: 96, Diff: 95, Sum: 289]
      [GC Worker Other (ms): Min: 0.0, Avg: 0.0, Max: 0.0, Diff: 0.0, Sum: 0.1]
      [GC Worker Total (ms): Min: 13.1, Avg: 14.1, Max: 19.4, Diff: 6.3, Sum: 112.6]
      [GC Worker End (ms): Min: 2747.1, Avg: 2747.1, Max: 2747.5, Diff: 0.5]
   [Code Root Fixup: 0.4 ms]
   [Code Root Purge: 0.0 ms]
   [Clear CT: 0.1 ms]
   [Other: 14.9 ms]
      [Choose CSet: 0.0 ms]
      [Ref Proc: 14.2 ms]
      [Ref Enq: 0.0 ms]
      [Redirty Cards: 0.1 ms]
      [Humongous Register: 0.0 ms]
      [Humongous Reclaim: 0.0 ms]
      [Free CSet: 0.1 ms]
   [Eden: 74.0M(297.0M)->0.0B(289.0M) Survivors: 5120.0K->13.0M Heap: 113.7M(504.0M)->47.5M(504.0M)]
 [Times: user=0.08 sys=0.00, real=0.04 secs]
         vmop                    [threads: total initially_running wait_to_block]    [time: spin block sync cleanup vmop] page_trap_count
2.727: CollectForMetadataAllocation       [      31          0              0    ]      [     0     0     0     0    35    ]  0
2017-11-17T22:03:34.843+0800: 2.763: Total time for which application threads were stopped: 0.0359970 seconds, Stopping threads took: 0.0000497 seconds
2017-11-17T22:03:34.843+0800: 2.763: [GC concurrent-root-region-scan-start]
2017-11-17T22:03:34.856+0800: 2.776: [GC concurrent-root-region-scan-end, 0.0131620 secs]
2017-11-17T22:03:34.856+0800: 2.776: [GC concurrent-mark-start]
2017-11-17T22:03:34.856+0800: 2.777: [GC concurrent-mark-end, 0.0005530 secs]
2017-11-17T22:03:34.857+0800: 2.777: [GC remark 2017-11-17T22:03:34.857+0800: 2.777: [Finalize Marking, 0.0160128 secs] 2017-11-17T22:03:34.873+0800: 2.793: [GC ref-proc, 0.0002394 secs] 2017-11-17T22:03:34.873+0800: 2.794: [Unloading, 0.0037437 secs], 0.0209063 secs]
 [Times: user=0.04 sys=0.00, real=0.02 secs]
         vmop                    [threads: total initially_running wait_to_block]    [time: spin block sync cleanup vmop] page_trap_count
2.777: CGC_Operation                    [      31          1              0    ]      [     0     0     0     0    20    ]  0
2017-11-17T22:03:34.878+0800: 2.798: Total time for which application threads were stopped: 0.0211557 seconds, Stopping threads took: 0.0000872 seconds
2017-11-17T22:03:34.879+0800: 2.800: [GC cleanup 48M->45M(504M), 0.0049610 secs]
 [Times: user=0.00 sys=0.00, real=0.01 secs]
         vmop                    [threads: total initially_running wait_to_block]    [time: spin block sync cleanup vmop] page_trap_count
2.800: CGC_Operation                    [      31          0              0    ]      [     0     0     0     0     4    ]  0
2017-11-17T22:03:34.884+0800: 2.805: Total time for which application threads were stopped: 0.0051613 seconds, Stopping threads took: 0.0000257 seconds
2017-11-17T22:03:34.884+0800: 2.805: [GC concurrent-cleanup-start]
2017-11-17T22:03:34.885+0800: 2.805: [GC concurrent-cleanup-end, 0.0000325 secs]
         vmop                    [threads: total initially_running wait_to_block]    [time: spin block sync cleanup vmop] page_trap_count
3.805: no vm operation                  [      35          0              0    ]      [     0     0     0     0     0    ]  0
2017-11-17T22:03:35.885+0800: 3.805: Total time for which application threads were stopped: 0.0002089 seconds, Stopping threads took: 0.0000446 seconds
         vmop                    [threads: total initially_running wait_to_block]    [time: spin block sync cleanup vmop] page_trap_count
4.231: EnableBiasedLocking              [      35          0              0    ]      [     0     0     0     0     0    ]  0
2017-11-17T22:03:36.310+0800: 4.231: Total time for which application threads were stopped: 0.0004526 seconds, Stopping threads took: 0.0000548 seconds
         vmop                    [threads: total initially_running wait_to_block]    [time: spin block sync cleanup vmop] page_trap_count
4.867: RevokeBias                       [      29          0              0    ]      [     0     0     0     0     0    ]  0
2017-11-17T22:03:36.947+0800: 4.867: Total time for which application threads were stopped: 0.0001446 seconds, Stopping threads took: 0.0000484 seconds
         vmop                    [threads: total initially_running wait_to_block]    [time: spin block sync cleanup vmop] page_trap_count
5.867: RevokeBias                       [      28          0              0    ]      [     0     0     0     0     0    ]  0
2017-11-17T22:03:37.947+0800: 5.868: Total time for which application threads were stopped: 0.0001945 seconds, Stopping threads took: 0.0000591 seconds
         vmop                    [threads: total initially_running wait_to_block]    [time: spin block sync cleanup vmop] page_trap_count
13.752: RevokeBias                       [      27          0              1    ]      [     0     0     0     0     0    ]  0
2017-11-17T22:03:45.832+0800: 13.752: Total time for which application threads were stopped: 0.0003438 seconds, Stopping threads took: 0.0002133 seconds
         vmop                    [threads: total initially_running wait_to_block]    [time: spin block sync cleanup vmop] page_trap_count
13.799: RevokeBias                       [      28          0              0    ]      [     0     0     0     0     0    ]  0
2017-11-17T22:03:45.878+0800: 13.799: Total time for which application threads were stopped: 0.0001954 seconds, Stopping threads took: 0.0000383 seconds
         vmop                    [threads: total initially_running wait_to_block]    [time: spin block sync cleanup vmop] page_trap_count
13.809: RevokeBias                       [      28          0              1    ]      [     0     0     0     0     0    ]  0
2017-11-17T22:03:45.889+0800: 13.810: Total time for which application threads were stopped: 0.0002159 seconds, Stopping threads took: 0.0001009 seconds
         vmop                    [threads: total initially_running wait_to_block]    [time: spin block sync cleanup vmop] page_trap_count
13.812: RevokeBias                       [      28          0              0    ]      [     0     0     0     0     0    ]  0
2017-11-17T22:03:45.892+0800: 13.813: Total time for which application threads were stopped: 0.0001765 seconds, Stopping threads took: 0.0000443 seconds
         vmop                    [threads: total initially_running wait_to_block]    [time: spin block sync cleanup vmop] page_trap_count
13.813: RevokeBias                       [      28          0              0    ]      [     0     0     0     0     0    ]  0
2017-11-17T22:03:45.892+0800: 13.813: Total time for which application threads were stopped: 0.0001047 seconds, Stopping threads took: 0.0000199 seconds
         vmop                    [threads: total initially_running wait_to_block]    [time: spin block sync cleanup vmop] page_trap_count
13.813: BulkRevokeBias                   [      28          0              0    ]      [     0     0     0     0     0    ]  0
2017-11-17T22:03:45.893+0800: 13.814: Total time for which application threads were stopped: 0.0002134 seconds, Stopping threads took: 0.0000288 seconds
         vmop                    [threads: total initially_running wait_to_block]    [time: spin block sync cleanup vmop] page_trap_count
13.821: RevokeBias                       [      28          0              1    ]      [     0     0     0     0     0    ]  0
2017-11-17T22:03:45.901+0800: 13.821: Total time for which application threads were stopped: 0.0002131 seconds, Stopping threads took: 0.0000662 seconds
         vmop                    [threads: total initially_running wait_to_block]    [time: spin block sync cleanup vmop] page_trap_count
13.865: RevokeBias                       [      29          0              1    ]      [     0     0     0     0     0    ]  0
2017-11-17T22:03:45.944+0800: 13.865: Total time for which application threads were stopped: 0.0002625 seconds, Stopping threads took: 0.0001006 seconds
         vmop                    [threads: total initially_running wait_to_block]    [time: spin block sync cleanup vmop] page_trap_count
13.865: RevokeBias                       [      29          0              0    ]      [     0     0     0     0     0    ]  0
2017-11-17T22:03:45.945+0800: 13.865: Total time for which application threads were stopped: 0.0001193 seconds, Stopping threads took: 0.0000240 seconds
         vmop                    [threads: total initially_running wait_to_block]    [time: spin block sync cleanup vmop] page_trap_count
13.865: RevokeBias                       [      29          0              1    ]      [     0     0     0     0     0    ]  0
2017-11-17T22:03:45.945+0800: 13.865: Total time for which application threads were stopped: 0.0001370 seconds, Stopping threads took: 0.0000564 seconds
         vmop                    [threads: total initially_running wait_to_block]    [time: spin block sync cleanup vmop] page_trap_count
13.873: RevokeBias                       [      29          0              1    ]      [     0     0     0     0     0    ]  0
2017-11-17T22:03:45.953+0800: 13.873: Total time for which application threads were stopped: 0.0002015 seconds, Stopping threads took: 0.0000864 seconds
         vmop                    [threads: total initially_running wait_to_block]    [time: spin block sync cleanup vmop] page_trap_count
13.873: RevokeBias                       [      29          0              0    ]      [     0     0     0     0     0    ]  0
2017-11-17T22:03:45.953+0800: 13.873: Total time for which application threads were stopped: 0.0001198 seconds, Stopping threads took: 0.0000248 seconds
         vmop                    [threads: total initially_running wait_to_block]    [time: spin block sync cleanup vmop] page_trap_count
13.876: RevokeBias                       [      29          0              0    ]      [     0     0     0     0     0    ]  0
2017-11-17T22:03:45.956+0800: 13.876: Total time for which application threads were stopped: 0.0001230 seconds, Stopping threads took: 0.0000270 seconds
         vmop                    [threads: total initially_running wait_to_block]    [time: spin block sync cleanup vmop] page_trap_count
13.951: RevokeBias                       [      30          0              0    ]      [     0     0     0     0     0    ]  0
2017-11-17T22:03:46.031+0800: 13.952: Total time for which application threads were stopped: 0.0001839 seconds, Stopping threads took: 0.0000503 seconds
         vmop                    [threads: total initially_running wait_to_block]    [time: spin block sync cleanup vmop] page_trap_count
13.952: RevokeBias                       [      30          1              1    ]      [     0     0     0     0     0    ]  0
2017-11-17T22:03:46.031+0800: 13.952: Total time for which application threads were stopped: 0.0002098 seconds, Stopping threads took: 0.0001315 seconds
         vmop                    [threads: total initially_running wait_to_block]    [time: spin block sync cleanup vmop] page_trap_count
13.952: RevokeBias                       [      29          0              0    ]      [     0     0     0     0     0    ]  0
2017-11-17T22:03:46.032+0800: 13.952: Total time for which application threads were stopped: 0.0001542 seconds, Stopping threads took: 0.0000891 seconds
         vmop                    [threads: total initially_running wait_to_block]    [time: spin block sync cleanup vmop] page_trap_count
13.952: RevokeBias                       [      29          0              1    ]      [     0     0     0     0     0    ]  0
2017-11-17T22:03:46.032+0800: 13.952: Total time for which application threads were stopped: 0.0001283 seconds, Stopping threads took: 0.0000515 seconds
         vmop                    [threads: total initially_running wait_to_block]    [time: spin block sync cleanup vmop] page_trap_count
13.952: RevokeBias                       [      29          0              0    ]      [     0     0     0     0     0    ]  0
2017-11-17T22:03:46.032+0800: 13.953: Total time for which application threads were stopped: 0.0001345 seconds, Stopping threads took: 0.0000349 seconds
         vmop                    [threads: total initially_running wait_to_block]    [time: spin block sync cleanup vmop] page_trap_count
13.953: RevokeBias                       [      29          0              0    ]      [     0     0     0     0     0    ]  0
2017-11-17T22:03:46.032+0800: 13.953: Total time for which application threads were stopped: 0.0001102 seconds, Stopping threads took: 0.0000286 seconds
         vmop                    [threads: total initially_running wait_to_block]    [time: spin block sync cleanup vmop] page_trap_count
13.953: RevokeBias                       [      29          0              0    ]      [     0     0     0     0     0    ]  0
2017-11-17T22:03:46.032+0800: 13.953: Total time for which application threads were stopped: 0.0001143 seconds, Stopping threads took: 0.0000236 seconds
         vmop                    [threads: total initially_running wait_to_block]    [time: spin block sync cleanup vmop] page_trap_count
13.975: RevokeBias                       [      29          0              1    ]      [     0     0     0     0     0    ]  0
2017-11-17T22:03:46.060+0800: 13.981: Total time for which application threads were stopped: 0.0059142 seconds, Stopping threads took: 0.0001690 seconds
         vmop                    [threads: total initially_running wait_to_block]    [time: spin block sync cleanup vmop] page_trap_count
14.005: RevokeBias                       [      29          0              0    ]      [     0     0     1     0     0    ]  0
2017-11-17T22:03:46.086+0800: 14.007: Total time for which application threads were stopped: 0.0018801 seconds, Stopping threads took: 0.0017184 seconds
         vmop                    [threads: total initially_running wait_to_block]    [time: spin block sync cleanup vmop] page_trap_count
14.007: RevokeBias                       [      29          0              0    ]      [     0     0     0     0     0    ]  0
2017-11-17T22:03:46.087+0800: 14.007: Total time for which application threads were stopped: 0.0001426 seconds, Stopping threads took: 0.0000255 seconds
         vmop                    [threads: total initially_running wait_to_block]    [time: spin block sync cleanup vmop] page_trap_count
14.010: BulkRevokeBias                   [      29          0              0    ]      [     0     0     0     0     0    ]  0
2017-11-17T22:03:46.089+0800: 14.010: Total time for which application threads were stopped: 0.0003092 seconds, Stopping threads took: 0.0000138 seconds
         vmop                    [threads: total initially_running wait_to_block]    [time: spin block sync cleanup vmop] page_trap_count
14.081: RevokeBias                       [      29          0              0    ]      [     0     0     0     0     0    ]  0
2017-11-17T22:03:46.161+0800: 14.081: Total time for which application threads were stopped: 0.0002514 seconds, Stopping threads took: 0.0000819 seconds
         vmop                    [threads: total initially_running wait_to_block]    [time: spin block sync cleanup vmop] page_trap_count
14.247: RevokeBias                       [      30          0              0    ]      [     0     0     0     0     0    ]  0
2017-11-17T22:03:46.327+0800: 14.247: Total time for which application threads were stopped: 0.0002542 seconds, Stopping threads took: 0.0000699 seconds
         vmop                    [threads: total initially_running wait_to_block]    [time: spin block sync cleanup vmop] page_trap_count
14.248: RevokeBias                       [      30          0              1    ]      [     0     0     0     0     0    ]  0
2017-11-17T22:03:46.327+0800: 14.248: Total time for which application threads were stopped: 0.0002359 seconds, Stopping threads took: 0.0001079 seconds
         vmop                    [threads: total initially_running wait_to_block]    [time: spin block sync cleanup vmop] page_trap_count
14.248: RevokeBias                       [      30          0              0    ]      [     0     0     0     0     0    ]  0
2017-11-17T22:03:46.328+0800: 14.248: Total time for which application threads were stopped: 0.0001460 seconds, Stopping threads took: 0.0000380 seconds
         vmop                    [threads: total initially_running wait_to_block]    [time: spin block sync cleanup vmop] page_trap_count
14.248: RevokeBias                       [      30          0              0    ]      [     0     0     0     0     0    ]  0
2017-11-17T22:03:46.328+0800: 14.249: Total time for which application threads were stopped: 0.0001464 seconds, Stopping threads took: 0.0000402 seconds
         vmop                    [threads: total initially_running wait_to_block]    [time: spin block sync cleanup vmop] page_trap_count
14.265: RevokeBias                       [      33          0              1    ]      [     0     0     0     0     0    ]  0
2017-11-17T22:03:46.345+0800: 14.266: Total time for which application threads were stopped: 0.0002533 seconds, Stopping threads took: 0.0000952 seconds
         vmop                    [threads: total initially_running wait_to_block]    [time: spin block sync cleanup vmop] page_trap_count
14.266: RevokeBias                       [      33          1              2    ]      [     1     0     1     0     0    ]  1
2017-11-17T22:03:46.347+0800: 14.268: Total time for which application threads were stopped: 0.0013941 seconds, Stopping threads took: 0.0012444 seconds
         vmop                    [threads: total initially_running wait_to_block]    [time: spin block sync cleanup vmop] page_trap_count
14.268: RevokeBias                       [      33          0              2    ]      [     0     6     6     0     0    ]  0
2017-11-17T22:03:46.355+0800: 14.275: Total time for which application threads were stopped: 0.0069464 seconds, Stopping threads took: 0.0067603 seconds
         vmop                    [threads: total initially_running wait_to_block]    [time: spin block sync cleanup vmop] page_trap_count
14.289: RevokeBias                       [      33          0              0    ]      [     0     0     0     0     0    ]  0
2017-11-17T22:03:46.369+0800: 14.289: Total time for which application threads were stopped: 0.0001916 seconds, Stopping threads took: 0.0000504 seconds
         vmop                    [threads: total initially_running wait_to_block]    [time: spin block sync cleanup vmop] page_trap_count
14.294: RevokeBias                       [      33          0              0    ]      [     0     0     0     0     0    ]  0
2017-11-17T22:03:46.374+0800: 14.294: Total time for which application threads were stopped: 0.0001162 seconds, Stopping threads took: 0.0000282 seconds
         vmop                    [threads: total initially_running wait_to_block]    [time: spin block sync cleanup vmop] page_trap_count
14.318: RevokeBias                       [      33          0              0    ]      [     0     0     0     0     0    ]  0
2017-11-17T22:03:46.398+0800: 14.319: Total time for which application threads were stopped: 0.0001942 seconds, Stopping threads took: 0.0000521 seconds
         vmop                    [threads: total initially_running wait_to_block]    [time: spin block sync cleanup vmop] page_trap_count
14.328: RevokeBias                       [      33          0              0    ]      [     0     0     0     0     0    ]  0
2017-11-17T22:03:46.408+0800: 14.328: Total time for which application threads were stopped: 0.0002207 seconds, Stopping threads took: 0.0000598 seconds
         vmop                    [threads: total initially_running wait_to_block]    [time: spin block sync cleanup vmop] page_trap_count
14.447: RevokeBias                       [      33          0              0    ]      [     0     0     0     0     0    ]  0
2017-11-17T22:03:46.527+0800: 14.447: Total time for which application threads were stopped: 0.0002055 seconds, Stopping threads took: 0.0000325 seconds
         vmop                    [threads: total initially_running wait_to_block]    [time: spin block sync cleanup vmop] page_trap_count
14.507: RevokeBias                       [      33          0              0    ]      [     0     0     0     0     0    ]  0
2017-11-17T22:03:46.587+0800: 14.507: Total time for which application threads were stopped: 0.0001707 seconds, Stopping threads took: 0.0000291 seconds
         vmop                    [threads: total initially_running wait_to_block]    [time: spin block sync cleanup vmop] page_trap_count
14.517: RevokeBias                       [      33          0              0    ]      [     0     0     0     0     0    ]  0
2017-11-17T22:03:46.597+0800: 14.518: Total time for which application threads were stopped: 0.0001890 seconds, Stopping threads took: 0.0000500 seconds
         vmop                    [threads: total initially_running wait_to_block]    [time: spin block sync cleanup vmop] page_trap_count
14.527: RevokeBias                       [      33          0              1    ]      [     0     0     0     0     0    ]  0
2017-11-17T22:03:46.607+0800: 14.527: Total time for which application threads were stopped: 0.0001818 seconds, Stopping threads took: 0.0000503 seconds
         vmop                    [threads: total initially_running wait_to_block]    [time: spin block sync cleanup vmop] page_trap_count
14.531: RevokeBias                       [      33          0              0    ]      [     0     0     0     0     0    ]  0
2017-11-17T22:03:46.610+0800: 14.531: Total time for which application threads were stopped: 0.0001989 seconds, Stopping threads took: 0.0000436 seconds
         vmop                    [threads: total initially_running wait_to_block]    [time: spin block sync cleanup vmop] page_trap_count
14.534: RevokeBias                       [      33          0              0    ]      [     0     0     0     0     0    ]  0
2017-11-17T22:03:46.613+0800: 14.534: Total time for which application threads were stopped: 0.0002176 seconds, Stopping threads took: 0.0000906 seconds
         vmop                    [threads: total initially_running wait_to_block]    [time: spin block sync cleanup vmop] page_trap_count
14.536: RevokeBias                       [      33          2              1    ]      [     0     0     0     0     0    ]  0
2017-11-17T22:03:46.616+0800: 14.536: Total time for which application threads were stopped: 0.0003603 seconds, Stopping threads took: 0.0001490 seconds
         vmop                    [threads: total initially_running wait_to_block]    [time: spin block sync cleanup vmop] page_trap_count
14.615: BulkRevokeBias                   [      33          1              1    ]      [     0     0     0     0     0    ]  0
2017-11-17T22:03:46.695+0800: 14.616: Total time for which application threads were stopped: 0.0005199 seconds, Stopping threads took: 0.0001149 seconds
 15.186: [G1Ergonomics (Concurrent Cycles) request concurrent cycle initiation, reason: requested by GC cause, GC cause: Metadata GC Threshold]
 15.186: [G1Ergonomics (Concurrent Cycles) initiate concurrent cycle, reason: concurrent cycle initiation requested]
2017-11-17T22:03:47.265+0800: 15.186: [GC pause (Metadata GC Threshold) (young) (initial-mark) 15.186: [G1Ergonomics (CSet Construction) start choosing CSet, _pending_cards: 1280, predicted base time: 23.00 ms, remaining time: 177.00 ms, target pause time: 200.00 ms]
 15.186: [G1Ergonomics (CSet Construction) add young regions to CSet, eden: 166 regions, survivors: 13 regions, predicted young region time: 89.63 ms]
 15.186: [G1Ergonomics (CSet Construction) finish choosing CSet, eden: 166 regions, survivors: 13 regions, old: 0 regions, predicted pause time: 112.63 ms, target pause time: 200.00 ms]
 15.225: [G1Ergonomics (Mixed GCs) do not start mixed GCs, reason: concurrent cycle is about to start]
, 0.0395909 secs]
   [Parallel Time: 26.0 ms, GC Workers: 8]
      [GC Worker Start (ms): Min: 15186.0, Avg: 15191.2, Max: 15192.0, Diff: 6.0]
      [Ext Root Scanning (ms): Min: 0.7, Avg: 14.6, Max: 18.8, Diff: 18.1, Sum: 116.9]
      [Update RS (ms): Min: 0.0, Avg: 0.0, Max: 0.0, Diff: 0.0, Sum: 0.0]
         [Processed Buffers: Min: 0, Avg: 0.6, Max: 5, Diff: 5, Sum: 5]
      [Scan RS (ms): Min: 0.0, Avg: 0.0, Max: 0.1, Diff: 0.1, Sum: 0.2]
      [Code Root Scanning (ms): Min: 0.0, Avg: 0.2, Max: 1.7, Diff: 1.7, Sum: 1.7]
      [Object Copy (ms): Min: 0.0, Avg: 4.8, Max: 16.6, Diff: 16.6, Sum: 38.2]
      [Termination (ms): Min: 0.0, Avg: 1.0, Max: 1.7, Diff: 1.7, Sum: 8.2]
         [Termination Attempts: Min: 1, Avg: 25.8, Max: 73, Diff: 72, Sum: 206]
      [GC Worker Other (ms): Min: 0.0, Avg: 0.0, Max: 0.0, Diff: 0.0, Sum: 0.1]
      [GC Worker Total (ms): Min: 19.9, Avg: 20.7, Max: 25.9, Diff: 6.0, Sum: 165.4]
      [GC Worker End (ms): Min: 15211.8, Avg: 15211.9, Max: 15211.9, Diff: 0.1]
   [Code Root Fixup: 0.5 ms]
   [Code Root Purge: 0.0 ms]
   [Clear CT: 0.5 ms]
   [Other: 12.5 ms]
      [Choose CSet: 0.0 ms]
      [Ref Proc: 11.1 ms]
      [Ref Enq: 0.1 ms]
      [Redirty Cards: 0.4 ms]
      [Humongous Register: 0.0 ms]
      [Humongous Reclaim: 0.0 ms]
      [Free CSet: 0.4 ms]
   [Eden: 166.0M(289.0M)->0.0B(281.0M) Survivors: 13.0M->21.0M Heap: 274.3M(504.0M)->117.0M(504.0M)]
 [Times: user=0.06 sys=0.00, real=0.04 secs]
2017-11-17T22:03:47.305+0800: 15.226: [GC concurrent-root-region-scan-start]
         vmop                    [threads: total initially_running wait_to_block]    [time: spin block sync cleanup vmop] page_trap_count
15.185: CollectForMetadataAllocation       [      33          0              0    ]      [     0     0     0     0    39    ]  0
2017-11-17T22:03:47.305+0800: 15.226: Total time for which application threads were stopped: 0.0402803 seconds, Stopping threads took: 0.0000526 seconds
2017-11-17T22:03:47.313+0800: 15.234: [GC concurrent-root-region-scan-end, 0.0081787 secs]
2017-11-17T22:03:47.313+0800: 15.234: [GC concurrent-mark-start]
2017-11-17T22:03:47.314+0800: 15.234: [GC concurrent-mark-end, 0.0005427 secs]
2017-11-17T22:03:47.319+0800: 15.239: [GC remark 2017-11-17T22:03:47.319+0800: 15.239: [Finalize Marking, 0.0166456 secs] 2017-11-17T22:03:47.335+0800: 15.256: [GC ref-proc, 0.0001492 secs] 2017-11-17T22:03:47.335+0800: 15.256: [Unloading, 0.0070292 secs], 0.0246477 secs]
 [Times: user=0.08 sys=0.00, real=0.03 secs]
         vmop                    [threads: total initially_running wait_to_block]    [time: spin block sync cleanup vmop] page_trap_count
15.239: RevokeBias                       [      33          0              0    ]      [     0     0     0     0    24    ]  0
2017-11-17T22:03:47.343+0800: 15.264: Total time for which application threads were stopped: 0.0249133 seconds, Stopping threads took: 0.0000458 seconds
2017-11-17T22:03:47.344+0800: 15.264: [GC cleanup 118M->118M(504M), 0.0021424 secs]
 [Times: user=0.00 sys=0.00, real=0.00 secs]
         vmop                    [threads: total initially_running wait_to_block]    [time: spin block sync cleanup vmop] page_trap_count
15.264: CGC_Operation                    [      33          1              1    ]      [     0     0     0     0     2    ]  0
2017-11-17T22:03:47.346+0800: 15.266: Total time for which application threads were stopped: 0.0023818 seconds, Stopping threads took: 0.0000694 seconds
         vmop                    [threads: total initially_running wait_to_block]    [time: spin block sync cleanup vmop] page_trap_count
15.271: Deoptimize                       [      33          0              1    ]      [     0     0     2     0     0    ]  0
2017-11-17T22:03:47.353+0800: 15.274: Total time for which application threads were stopped: 0.0005787 seconds, Stopping threads took: 0.0000871 seconds
         vmop                    [threads: total initially_running wait_to_block]    [time: spin block sync cleanup vmop] page_trap_count
15.281: RevokeBias                       [      33          0              0    ]      [     0     0     0     0     0    ]  0
2017-11-17T22:03:47.361+0800: 15.281: Total time for which application threads were stopped: 0.0002363 seconds, Stopping threads took: 0.0000595 seconds
         vmop                    [threads: total initially_running wait_to_block]    [time: spin block sync cleanup vmop] page_trap_count
15.281: RevokeBias                       [      33          0              1    ]      [     0     0     0     0     0    ]  0
2017-11-17T22:03:47.361+0800: 15.281: Total time for which application threads were stopped: 0.0002294 seconds, Stopping threads took: 0.0001059 seconds
         vmop                    [threads: total initially_running wait_to_block]    [time: spin block sync cleanup vmop] page_trap_count
15.281: RevokeBias                       [      33          0              1    ]      [     0     0     0     0     0    ]  0
2017-11-17T22:03:47.361+0800: 15.282: Total time for which application threads were stopped: 0.0001822 seconds, Stopping threads took: 0.0000939 seconds
         vmop                    [threads: total initially_running wait_to_block]    [time: spin block sync cleanup vmop] page_trap_count
15.282: RevokeBias                       [      33          0              0    ]      [     0     0     0     0     0    ]  0
2017-11-17T22:03:47.361+0800: 15.282: Total time for which application threads were stopped: 0.0001741 seconds, Stopping threads took: 0.0000363 seconds
         vmop                    [threads: total initially_running wait_to_block]    [time: spin block sync cleanup vmop] page_trap_count
15.282: RevokeBias                       [      33          0              3    ]      [     0     0     0     0     0    ]  0
2017-11-17T22:03:47.362+0800: 15.282: Total time for which application threads were stopped: 0.0002849 seconds, Stopping threads took: 0.0001552 seconds
         vmop                    [threads: total initially_running wait_to_block]    [time: spin block sync cleanup vmop] page_trap_count
15.282: RevokeBias                       [      33          0              0    ]      [     0     0     0     0     0    ]  0
2017-11-17T22:03:47.363+0800: 15.284: Total time for which application threads were stopped: 0.0016268 seconds, Stopping threads took: 0.0000884 seconds
         vmop                    [threads: total initially_running wait_to_block]    [time: spin block sync cleanup vmop] page_trap_count
15.285: RevokeBias                       [      33          0              2    ]      [     0     0     0     0     0    ]  0
2017-11-17T22:03:47.365+0800: 15.285: Total time for which application threads were stopped: 0.0004035 seconds, Stopping threads took: 0.0000928 seconds
         vmop                    [threads: total initially_running wait_to_block]    [time: spin block sync cleanup vmop] page_trap_count
15.285: RevokeBias                       [      33          0              0    ]      [     0     0     0     0     0    ]  0
2017-11-17T22:03:47.365+0800: 15.286: Total time for which application threads were stopped: 0.0001180 seconds, Stopping threads took: 0.0000272 seconds
         vmop                    [threads: total initially_running wait_to_block]    [time: spin block sync cleanup vmop] page_trap_count
15.286: RevokeBias                       [      33          0              0    ]      [     0     0     0     0     0    ]  0
2017-11-17T22:03:47.365+0800: 15.286: Total time for which application threads were stopped: 0.0001036 seconds, Stopping threads took: 0.0000245 seconds
         vmop                    [threads: total initially_running wait_to_block]    [time: spin block sync cleanup vmop] page_trap_count
15.286: RevokeBias                       [      33          0              0    ]      [     0     0     0     0     0    ]  0
2017-11-17T22:03:47.365+0800: 15.286: Total time for which application threads were stopped: 0.0001071 seconds, Stopping threads took: 0.0000268 seconds
         vmop                    [threads: total initially_running wait_to_block]    [time: spin block sync cleanup vmop] page_trap_count
15.286: RevokeBias                       [      33          0              0    ]      [     0     0     0     0     0    ]  0
2017-11-17T22:03:47.366+0800: 15.286: Total time for which application threads were stopped: 0.0000827 seconds, Stopping threads took: 0.0000067 seconds
         vmop                    [threads: total initially_running wait_to_block]    [time: spin block sync cleanup vmop] page_trap_count
15.286: RevokeBias                       [      33          0              0    ]      [     0     0     0     0     0    ]  0
2017-11-17T22:03:47.366+0800: 15.286: Total time for which application threads were stopped: 0.0001262 seconds, Stopping threads took: 0.0000168 seconds
         vmop                    [threads: total initially_running wait_to_block]    [time: spin block sync cleanup vmop] page_trap_count
15.286: RevokeBias                       [      33          0              0    ]      [     0     0     0     0     0    ]  0
2017-11-17T22:03:47.366+0800: 15.286: Total time for which application threads were stopped: 0.0001027 seconds, Stopping threads took: 0.0000318 seconds
         vmop                    [threads: total initially_running wait_to_block]    [time: spin block sync cleanup vmop] page_trap_count
15.286: RevokeBias                       [      33          0              0    ]      [     0     0     0     0     0    ]  0
2017-11-17T22:03:47.366+0800: 15.286: Total time for which application threads were stopped: 0.0000845 seconds, Stopping threads took: 0.0000082 seconds
         vmop                    [threads: total initially_running wait_to_block]    [time: spin block sync cleanup vmop] page_trap_count
15.287: RevokeBias                       [      33          0              1    ]      [     0     0     0     0     0    ]  0
2017-11-17T22:03:47.366+0800: 15.287: Total time for which application threads were stopped: 0.0001702 seconds, Stopping threads took: 0.0000686 seconds
         vmop                    [threads: total initially_running wait_to_block]    [time: spin block sync cleanup vmop] page_trap_count
15.287: RevokeBias                       [      33          0              0    ]      [     0     0     0     0     0    ]  0
2017-11-17T22:03:47.366+0800: 15.287: Total time for which application threads were stopped: 0.0000867 seconds, Stopping threads took: 0.0000062 seconds
         vmop                    [threads: total initially_running wait_to_block]    [time: spin block sync cleanup vmop] page_trap_count
15.287: RevokeBias                       [      33          0              0    ]      [     0     0     0     0     0    ]  0
2017-11-17T22:03:47.366+0800: 15.287: Total time for which application threads were stopped: 0.0001107 seconds, Stopping threads took: 0.0000273 seconds
         vmop                    [threads: total initially_running wait_to_block]    [time: spin block sync cleanup vmop] page_trap_count
15.287: RevokeBias                       [      33          0              1    ]      [     0     0     0     0     0    ]  0
2017-11-17T22:03:47.367+0800: 15.287: Total time for which application threads were stopped: 0.0002388 seconds, Stopping threads took: 0.0001043 seconds
         vmop                    [threads: total initially_running wait_to_block]    [time: spin block sync cleanup vmop] page_trap_count
15.287: RevokeBias                       [      33          0              0    ]      [     0     0     0     0     0    ]  0
2017-11-17T22:03:47.367+0800: 15.287: Total time for which application threads were stopped: 0.0001053 seconds, Stopping threads took: 0.0000213 seconds
         vmop                    [threads: total initially_running wait_to_block]    [time: spin block sync cleanup vmop] page_trap_count
15.289: RevokeBias                       [      33          0              0    ]      [     0     0     0     0     0    ]  0
2017-11-17T22:03:47.369+0800: 15.289: Total time for which application threads were stopped: 0.0001233 seconds, Stopping threads took: 0.0000233 seconds
         vmop                    [threads: total initially_running wait_to_block]    [time: spin block sync cleanup vmop] page_trap_count
15.289: RevokeBias                       [      33          0              1    ]      [     0     0     0     0     0    ]  0
2017-11-17T22:03:47.369+0800: 15.289: Total time for which application threads were stopped: 0.0001525 seconds, Stopping threads took: 0.0000560 seconds
         vmop                    [threads: total initially_running wait_to_block]    [time: spin block sync cleanup vmop] page_trap_count
15.289: RevokeBias                       [      33          0              0    ]      [     0     0     0     0     0    ]  0
2017-11-17T22:03:47.369+0800: 15.289: Total time for which application threads were stopped: 0.0001011 seconds, Stopping threads took: 0.0000163 seconds
         vmop                    [threads: total initially_running wait_to_block]    [time: spin block sync cleanup vmop] page_trap_count
15.289: RevokeBias                       [      33          0              0    ]      [     0     0     0     0     0    ]  0
2017-11-17T22:03:47.369+0800: 15.290: Total time for which application threads were stopped: 0.0001485 seconds, Stopping threads took: 0.0000195 seconds
         vmop                    [threads: total initially_running wait_to_block]    [time: spin block sync cleanup vmop] page_trap_count
15.290: RevokeBias                       [      33          0              0    ]      [     0     0     0     0     0    ]  0
2017-11-17T22:03:47.369+0800: 15.290: Total time for which application threads were stopped: 0.0001316 seconds, Stopping threads took: 0.0000302 seconds
         vmop                    [threads: total initially_running wait_to_block]    [time: spin block sync cleanup vmop] page_trap_count
15.290: RevokeBias                       [      33          0              0    ]      [     0     0     0     0     0    ]  0
2017-11-17T22:03:47.369+0800: 15.290: Total time for which application threads were stopped: 0.0001240 seconds, Stopping threads took: 0.0000292 seconds
         vmop                    [threads: total initially_running wait_to_block]    [time: spin block sync cleanup vmop] page_trap_count
15.293: BulkRevokeBias                   [      33          0              0    ]      [     0     0     0     0     0    ]  0
2017-11-17T22:03:47.373+0800: 15.293: Total time for which application threads were stopped: 0.0003026 seconds, Stopping threads took: 0.0000295 seconds
         vmop                    [threads: total initially_running wait_to_block]    [time: spin block sync cleanup vmop] page_trap_count
15.294: RevokeBias                       [      33          0              1    ]      [     0     0     0     0     0    ]  0
2017-11-17T22:03:47.373+0800: 15.294: Total time for which application threads were stopped: 0.0001589 seconds, Stopping threads took: 0.0000391 seconds
         vmop                    [threads: total initially_running wait_to_block]    [time: spin block sync cleanup vmop] page_trap_count
15.294: RevokeBias                       [      33          0              1    ]      [     0     0     0     0     0    ]  0
2017-11-17T22:03:47.373+0800: 15.294: Total time for which application threads were stopped: 0.0001487 seconds, Stopping threads took: 0.0000374 seconds
         vmop                    [threads: total initially_running wait_to_block]    [time: spin block sync cleanup vmop] page_trap_count
15.356: Deoptimize                       [      33          0              0    ]      [     0     0     0     0     0    ]  0
2017-11-17T22:03:47.437+0800: 15.357: Total time for which application threads were stopped: 0.0004943 seconds, Stopping threads took: 0.0000354 seconds
         vmop                    [threads: total initially_running wait_to_block]    [time: spin block sync cleanup vmop] page_trap_count
15.379: RevokeBias                       [      33          0              0    ]      [     0     0     0     0     0    ]  0
2017-11-17T22:03:47.458+0800: 15.379: Total time for which application threads were stopped: 0.0002516 seconds, Stopping threads took: 0.0000592 seconds
         vmop                    [threads: total initially_running wait_to_block]    [time: spin block sync cleanup vmop] page_trap_count
15.387: RevokeBias                       [      34          0              1    ]      [     0     0     0     0     0    ]  0
2017-11-17T22:03:47.466+0800: 15.387: Total time for which application threads were stopped: 0.0002163 seconds, Stopping threads took: 0.0000784 seconds
         vmop                    [threads: total initially_running wait_to_block]    [time: spin block sync cleanup vmop] page_trap_count
15.387: RevokeBias                       [      34          0              0    ]      [     0     0     0     0     0    ]  0
2017-11-17T22:03:47.467+0800: 15.387: Total time for which application threads were stopped: 0.0001194 seconds, Stopping threads took: 0.0000184 seconds
         vmop                    [threads: total initially_running wait_to_block]    [time: spin block sync cleanup vmop] page_trap_count
15.387: RevokeBias                       [      34          0              1    ]      [     0     0     0     0     0    ]  0
2017-11-17T22:03:47.467+0800: 15.387: Total time for which application threads were stopped: 0.0002294 seconds, Stopping threads took: 0.0000938 seconds
         vmop                    [threads: total initially_running wait_to_block]    [time: spin block sync cleanup vmop] page_trap_count
15.388: RevokeBias                       [      34          0              2    ]      [     0     0     0     0     0    ]  0
2017-11-17T22:03:47.467+0800: 15.388: Total time for which application threads were stopped: 0.0001692 seconds, Stopping threads took: 0.0000514 seconds
         vmop                    [threads: total initially_running wait_to_block]    [time: spin block sync cleanup vmop] page_trap_count
15.388: RevokeBias                       [      34          0              0    ]      [     0     0     0     0     0    ]  0
2017-11-17T22:03:47.468+0800: 15.388: Total time for which application threads were stopped: 0.0002121 seconds, Stopping threads took: 0.0000538 seconds
         vmop                    [threads: total initially_running wait_to_block]    [time: spin block sync cleanup vmop] page_trap_count
15.388: RevokeBias                       [      35          1              1    ]      [     0     0     0     0     0    ]  0
2017-11-17T22:03:47.468+0800: 15.389: Total time for which application threads were stopped: 0.0001854 seconds, Stopping threads took: 0.0000767 seconds
         vmop                    [threads: total initially_running wait_to_block]    [time: spin block sync cleanup vmop] page_trap_count
15.389: RevokeBias                       [      35          0              1    ]      [     0     0     0     0     0    ]  0
2017-11-17T22:03:47.469+0800: 15.389: Total time for which application threads were stopped: 0.0002742 seconds, Stopping threads took: 0.0001592 seconds
         vmop                    [threads: total initially_running wait_to_block]    [time: spin block sync cleanup vmop] page_trap_count
15.389: BulkRevokeBias                   [      35          0              0    ]      [     0     0     0     0     0    ]  0
2017-11-17T22:03:47.469+0800: 15.390: Total time for which application threads were stopped: 0.0003131 seconds, Stopping threads took: 0.0000483 seconds
         vmop                    [threads: total initially_running wait_to_block]    [time: spin block sync cleanup vmop] page_trap_count
15.390: RevokeBias                       [      35          1              2    ]      [     0     0     0     0     0    ]  0
2017-11-17T22:03:47.470+0800: 15.390: Total time for which application threads were stopped: 0.0002534 seconds, Stopping threads took: 0.0001323 seconds
         vmop                    [threads: total initially_running wait_to_block]    [time: spin block sync cleanup vmop] page_trap_count
15.390: RevokeBias                       [      35          0              0    ]      [     0     0     0     0     0    ]  0
2017-11-17T22:03:47.470+0800: 15.390: Total time for which application threads were stopped: 0.0001491 seconds, Stopping threads took: 0.0000306 seconds
         vmop                    [threads: total initially_running wait_to_block]    [time: spin block sync cleanup vmop] page_trap_count
15.390: RevokeBias                       [      35          0              1    ]      [     0     0     0     0     0    ]  0
2017-11-17T22:03:47.470+0800: 15.390: Total time for which application threads were stopped: 0.0001587 seconds, Stopping threads took: 0.0000608 seconds
         vmop                    [threads: total initially_running wait_to_block]    [time: spin block sync cleanup vmop] page_trap_count
15.396: RevokeBias                       [      35          0              0    ]      [     0     0     0     0     0    ]  0
2017-11-17T22:03:47.476+0800: 15.396: Total time for which application threads were stopped: 0.0001997 seconds, Stopping threads took: 0.0000420 seconds
         vmop                    [threads: total initially_running wait_to_block]    [time: spin block sync cleanup vmop] page_trap_count
15.396: RevokeBias                       [      35          0              0    ]      [     0     0     0     0     0    ]  0
2017-11-17T22:03:47.476+0800: 15.396: Total time for which application threads were stopped: 0.0001546 seconds, Stopping threads took: 0.0000244 seconds
         vmop                    [threads: total initially_running wait_to_block]    [time: spin block sync cleanup vmop] page_trap_count
15.397: RevokeBias                       [      35          0              0    ]      [     0     0     0     0     0    ]  0
2017-11-17T22:03:47.477+0800: 15.397: Total time for which application threads were stopped: 0.0001247 seconds, Stopping threads took: 0.0000280 seconds
         vmop                    [threads: total initially_running wait_to_block]    [time: spin block sync cleanup vmop] page_trap_count
15.402: RevokeBias                       [      35          0              0    ]      [     0     0     0     0     0    ]  0
2017-11-17T22:03:47.482+0800: 15.403: Total time for which application threads were stopped: 0.0002531 seconds, Stopping threads took: 0.0000603 seconds
         vmop                    [threads: total initially_running wait_to_block]    [time: spin block sync cleanup vmop] page_trap_count
15.484: RevokeBias                       [      35          0              1    ]      [     0     0     0     0     0    ]  0
2017-11-17T22:03:47.564+0800: 15.484: Total time for which application threads were stopped: 0.0002473 seconds, Stopping threads took: 0.0001146 seconds
         vmop                    [threads: total initially_running wait_to_block]    [time: spin block sync cleanup vmop] page_trap_count
15.518: RevokeBias                       [      35          0              0    ]      [     0     0     0     0     0    ]  0
2017-11-17T22:03:47.598+0800: 15.518: Total time for which application threads were stopped: 0.0002412 seconds, Stopping threads took: 0.0000510 seconds
         vmop                    [threads: total initially_running wait_to_block]    [time: spin block sync cleanup vmop] page_trap_count
16.518: no vm operation                  [      35          1              1    ]      [     0     0     0     0     0    ]  0
2017-11-17T22:03:48.598+0800: 16.519: Total time for which application threads were stopped: 0.0004239 seconds, Stopping threads took: 0.0001123 seconds
2017-11-17T22:03:49.149+0800: 17.069: [GC pause (G1 Evacuation Pause) (young) 17.069: [G1Ergonomics (CSet Construction) start choosing CSet, _pending_cards: 0, predicted base time: 26.79 ms, remaining time: 173.21 ms, target pause time: 200.00 ms]
 17.069: [G1Ergonomics (CSet Construction) add young regions to CSet, eden: 281 regions, survivors: 21 regions, predicted young region time: 88.20 ms]
 17.069: [G1Ergonomics (CSet Construction) finish choosing CSet, eden: 281 regions, survivors: 21 regions, old: 0 regions, predicted pause time: 114.99 ms, target pause time: 200.00 ms]
 17.095: [G1Ergonomics (Mixed GCs) do not start mixed GCs, reason: candidate old regions not available]
, 0.0259543 secs]
   [Parallel Time: 18.5 ms, GC Workers: 8]
      [GC Worker Start (ms): Min: 17069.4, Avg: 17074.8, Max: 17086.3, Diff: 17.0]
      [Ext Root Scanning (ms): Min: 0.0, Avg: 0.9, Max: 4.1, Diff: 4.1, Sum: 7.3]
      [Update RS (ms): Min: 0.0, Avg: 0.0, Max: 0.0, Diff: 0.0, Sum: 0.0]
         [Processed Buffers: Min: 0, Avg: 0.0, Max: 0, Diff: 0, Sum: 0]
      [Scan RS (ms): Min: 0.0, Avg: 0.1, Max: 0.2, Diff: 0.2, Sum: 0.6]
      [Code Root Scanning (ms): Min: 0.0, Avg: 1.7, Max: 11.8, Diff: 11.8, Sum: 13.4]
      [Object Copy (ms): Min: 0.0, Avg: 9.0, Max: 14.7, Diff: 14.7, Sum: 71.8]
      [Termination (ms): Min: 0.0, Avg: 1.1, Max: 1.4, Diff: 1.4, Sum: 9.2]
         [Termination Attempts: Min: 1, Avg: 1.0, Max: 1, Diff: 0, Sum: 8]
      [GC Worker Other (ms): Min: 0.0, Avg: 0.0, Max: 0.1, Diff: 0.0, Sum: 0.2]
      [GC Worker Total (ms): Min: 1.3, Avg: 12.8, Max: 18.2, Diff: 16.9, Sum: 102.5]
      [GC Worker End (ms): Min: 17087.6, Avg: 17087.6, Max: 17087.6, Diff: 0.1]
   [Code Root Fixup: 0.8 ms]
   [Code Root Purge: 0.0 ms]
   [Clear CT: 0.4 ms]
   [Other: 6.3 ms]
      [Choose CSet: 0.0 ms]
      [Ref Proc: 5.1 ms]
      [Ref Enq: 0.0 ms]
      [Redirty Cards: 0.3 ms]
      [Humongous Register: 0.1 ms]
      [Humongous Reclaim: 0.0 ms]
      [Free CSet: 0.5 ms]
   [Eden: 281.0M(281.0M)->0.0B(282.0M) Survivors: 21.0M->20.0M Heap: 398.0M(504.0M)->116.0M(504.0M)]
 [Times: user=0.08 sys=0.02, real=0.03 secs]
         vmop                    [threads: total initially_running wait_to_block]    [time: spin block sync cleanup vmop] page_trap_count
17.069: G1IncCollectionPause             [      35          0              1    ]      [     0     0     0     0    26    ]  0
2017-11-17T22:03:49.175+0800: 17.095: Total time for which application threads were stopped: 0.0264072 seconds, Stopping threads took: 0.0000995 seconds
         vmop                    [threads: total initially_running wait_to_block]    [time: spin block sync cleanup vmop] page_trap_count
17.103: RevokeBias                       [      35          3              1    ]      [     0     0     1     0     0    ]  0
2017-11-17T22:03:49.184+0800: 17.105: Total time for which application threads were stopped: 0.0017136 seconds, Stopping threads took: 0.0015369 seconds
         vmop                    [threads: total initially_running wait_to_block]    [time: spin block sync cleanup vmop] page_trap_count
17.105: RevokeBias                       [      35          2              2    ]      [     0     0     0     0     0    ]  0
2017-11-17T22:03:49.185+0800: 17.105: Total time for which application threads were stopped: 0.0002034 seconds, Stopping threads took: 0.0000932 seconds
2017-11-17T22:03:49.514+0800: 17.435: [GC pause (G1 Evacuation Pause) (young) 17.435: [G1Ergonomics (CSet Construction) start choosing CSet, _pending_cards: 0, predicted base time: 24.16 ms, remaining time: 175.84 ms, target pause time: 200.00 ms]
 17.435: [G1Ergonomics (CSet Construction) add young regions to CSet, eden: 282 regions, survivors: 20 regions, predicted young region time: 106.77 ms]
 17.435: [G1Ergonomics (CSet Construction) finish choosing CSet, eden: 282 regions, survivors: 20 regions, old: 0 regions, predicted pause time: 130.94 ms, target pause time: 200.00 ms]
, 0.0261436 secs]
   [Parallel Time: 23.1 ms, GC Workers: 8]
      [GC Worker Start (ms): Min: 17435.0, Avg: 17435.6, Max: 17437.9, Diff: 2.9]
      [Ext Root Scanning (ms): Min: 0.0, Avg: 0.6, Max: 2.5, Diff: 2.5, Sum: 4.8]
      [Update RS (ms): Min: 0.0, Avg: 0.0, Max: 0.0, Diff: 0.0, Sum: 0.0]
         [Processed Buffers: Min: 0, Avg: 0.0, Max: 0, Diff: 0, Sum: 0]
      [Scan RS (ms): Min: 0.0, Avg: 0.1, Max: 0.1, Diff: 0.1, Sum: 0.6]
      [Code Root Scanning (ms): Min: 0.0, Avg: 3.0, Max: 12.9, Diff: 12.9, Sum: 23.8]
      [Object Copy (ms): Min: 0.5, Avg: 10.8, Max: 22.0, Diff: 21.6, Sum: 86.7]
      [Termination (ms): Min: 0.0, Avg: 7.7, Max: 8.8, Diff: 8.8, Sum: 61.5]
         [Termination Attempts: Min: 1, Avg: 9.4, Max: 19, Diff: 18, Sum: 75]
      [GC Worker Other (ms): Min: 0.0, Avg: 0.0, Max: 0.1, Diff: 0.1, Sum: 0.2]
      [GC Worker Total (ms): Min: 20.0, Avg: 22.2, Max: 22.8, Diff: 2.9, Sum: 177.6]
      [GC Worker End (ms): Min: 17457.8, Avg: 17457.8, Max: 17457.9, Diff: 0.0]
   [Code Root Fixup: 0.8 ms]
   [Code Root Purge: 0.0 ms]
   [Clear CT: 0.3 ms]
   [Other: 2.0 ms]
      [Choose CSet: 0.0 ms]
      [Ref Proc: 0.9 ms]
      [Ref Enq: 0.0 ms]
      [Redirty Cards: 0.3 ms]
      [Humongous Register: 0.0 ms]
      [Humongous Reclaim: 0.0 ms]
      [Free CSet: 0.5 ms]
   [Eden: 282.0M(282.0M)->0.0B(278.0M) Survivors: 20.0M->24.0M Heap: 398.0M(504.0M)->119.5M(504.0M)]
 [Times: user=0.12 sys=0.00, real=0.03 secs]
         vmop                    [threads: total initially_running wait_to_block]    [time: spin block sync cleanup vmop] page_trap_count
17.435: G1IncCollectionPause             [      35          0              0    ]      [     0     0     0     0    26    ]  0
2017-11-17T22:03:49.541+0800: 17.461: Total time for which application threads were stopped: 0.0266219 seconds, Stopping threads took: 0.0000657 seconds
2017-11-17T22:03:49.805+0800: 17.726: [GC pause (G1 Evacuation Pause) (young) 17.726: [G1Ergonomics (CSet Construction) start choosing CSet, _pending_cards: 1025, predicted base time: 21.17 ms, remaining time: 178.83 ms, target pause time: 200.00 ms]
 17.726: [G1Ergonomics (CSet Construction) add young regions to CSet, eden: 278 regions, survivors: 24 regions, predicted young region time: 82.45 ms]
 17.726: [G1Ergonomics (CSet Construction) finish choosing CSet, eden: 278 regions, survivors: 24 regions, old: 0 regions, predicted pause time: 103.62 ms, target pause time: 200.00 ms]
, 0.0374530 secs]
   [Parallel Time: 30.9 ms, GC Workers: 8]
      [GC Worker Start (ms): Min: 17725.9, Avg: 17729.0, Max: 17736.5, Diff: 10.6]
      [Ext Root Scanning (ms): Min: 0.0, Avg: 0.8, Max: 4.4, Diff: 4.4, Sum: 6.2]
      [Update RS (ms): Min: 0.0, Avg: 0.9, Max: 2.8, Diff: 2.8, Sum: 7.5]
         [Processed Buffers: Min: 0, Avg: 0.6, Max: 2, Diff: 2, Sum: 5]
      [Scan RS (ms): Min: 0.0, Avg: 0.1, Max: 0.2, Diff: 0.2, Sum: 0.5]
      [Code Root Scanning (ms): Min: 0.0, Avg: 2.4, Max: 17.8, Diff: 17.8, Sum: 19.2]
      [Object Copy (ms): Min: 5.1, Avg: 17.6, Max: 26.7, Diff: 21.6, Sum: 141.0]
      [Termination (ms): Min: 0.0, Avg: 5.9, Max: 7.0, Diff: 7.0, Sum: 46.9]
         [Termination Attempts: Min: 1, Avg: 4.1, Max: 9, Diff: 8, Sum: 33]
      [GC Worker Other (ms): Min: 0.0, Avg: 0.0, Max: 0.1, Diff: 0.1, Sum: 0.3]
      [GC Worker Total (ms): Min: 20.2, Avg: 27.7, Max: 30.8, Diff: 10.6, Sum: 221.5]
      [GC Worker End (ms): Min: 17756.7, Avg: 17756.7, Max: 17756.7, Diff: 0.1]
   [Code Root Fixup: 0.9 ms]
   [Code Root Purge: 0.0 ms]
   [Clear CT: 1.0 ms]
   [Other: 4.7 ms]
      [Choose CSet: 0.0 ms]
      [Ref Proc: 3.6 ms]
      [Ref Enq: 0.0 ms]
      [Redirty Cards: 0.3 ms]
      [Humongous Register: 0.1 ms]
      [Humongous Reclaim: 0.0 ms]
      [Free CSet: 0.4 ms]
   [Eden: 278.0M(278.0M)->0.0B(277.0M) Survivors: 24.0M->25.0M Heap: 398.0M(504.0M)->126.0M(504.0M)]
 [Times: user=0.16 sys=0.01, real=0.04 secs]
         vmop                    [threads: total initially_running wait_to_block]    [time: spin block sync cleanup vmop] page_trap_count
17.725: G1IncCollectionPause             [      35          0              0    ]      [     0     0     0     0    37    ]  0
2017-11-17T22:03:49.843+0800: 17.763: Total time for which application threads were stopped: 0.0378688 seconds, Stopping threads took: 0.0000638 seconds
2017-11-17T22:03:50.308+0800: 18.229: [GC pause (G1 Evacuation Pause) (young) 18.229: [G1Ergonomics (CSet Construction) start choosing CSet, _pending_cards: 2299, predicted base time: 20.71 ms, remaining time: 179.29 ms, target pause time: 200.00 ms]
 18.229: [G1Ergonomics (CSet Construction) add young regions to CSet, eden: 277 regions, survivors: 25 regions, predicted young region time: 97.60 ms]
 18.229: [G1Ergonomics (CSet Construction) finish choosing CSet, eden: 277 regions, survivors: 25 regions, old: 0 regions, predicted pause time: 118.31 ms, target pause time: 200.00 ms]
, 0.0590391 secs]
   [Parallel Time: 56.9 ms, GC Workers: 8]
      [GC Worker Start (ms): Min: 18228.8, Avg: 18232.0, Max: 18240.9, Diff: 12.1]
      [Ext Root Scanning (ms): Min: 0.0, Avg: 0.6, Max: 2.3, Diff: 2.3, Sum: 4.8]
      [Update RS (ms): Min: 0.0, Avg: 0.8, Max: 3.4, Diff: 3.4, Sum: 6.1]
         [Processed Buffers: Min: 0, Avg: 1.4, Max: 5, Diff: 5, Sum: 11]
      [Scan RS (ms): Min: 0.0, Avg: 0.5, Max: 1.1, Diff: 1.1, Sum: 4.2]
      [Code Root Scanning (ms): Min: 0.0, Avg: 0.1, Max: 0.4, Diff: 0.4, Sum: 0.7]
      [Object Copy (ms): Min: 12.6, Avg: 24.7, Max: 54.1, Diff: 41.5, Sum: 197.8]
      [Termination (ms): Min: 0.0, Avg: 26.8, Max: 31.8, Diff: 31.8, Sum: 214.0]
         [Termination Attempts: Min: 1, Avg: 2.6, Max: 6, Diff: 5, Sum: 21]
      [GC Worker Other (ms): Min: 0.0, Avg: 0.0, Max: 0.1, Diff: 0.0, Sum: 0.2]
      [GC Worker Total (ms): Min: 44.5, Avg: 53.5, Max: 56.6, Diff: 12.1, Sum: 427.7]
      [GC Worker End (ms): Min: 18285.4, Avg: 18285.4, Max: 18285.4, Diff: 0.1]
   [Code Root Fixup: 0.1 ms]
   [Code Root Purge: 0.0 ms]
   [Clear CT: 0.4 ms]
   [Other: 1.7 ms]
      [Choose CSet: 0.0 ms]
      [Ref Proc: 0.7 ms]
      [Ref Enq: 0.0 ms]
      [Redirty Cards: 0.4 ms]
      [Humongous Register: 0.0 ms]
      [Humongous Reclaim: 0.0 ms]
      [Free CSet: 0.3 ms]
   [Eden: 277.0M(277.0M)->0.0B(280.0M) Survivors: 25.0M->22.0M Heap: 403.0M(504.0M)->134.5M(504.0M)]
 [Times: user=0.24 sys=0.02, real=0.06 secs]
         vmop                    [threads: total initially_running wait_to_block]    [time: spin block sync cleanup vmop] page_trap_count
18.228: G1IncCollectionPause             [      35          0              0    ]      [     0     0     0     0    59    ]  0
2017-11-17T22:03:50.367+0800: 18.288: Total time for which application threads were stopped: 0.0594196 seconds, Stopping threads took: 0.0000595 seconds
2017-11-17T22:03:50.837+0800: 18.757: [GC pause (G1 Evacuation Pause) (young) 18.757: [G1Ergonomics (CSet Construction) start choosing CSet, _pending_cards: 2369, predicted base time: 17.58 ms, remaining time: 182.42 ms, target pause time: 200.00 ms]
 18.757: [G1Ergonomics (CSet Construction) add young regions to CSet, eden: 280 regions, survivors: 22 regions, predicted young region time: 85.59 ms]
 18.757: [G1Ergonomics (CSet Construction) finish choosing CSet, eden: 280 regions, survivors: 22 regions, old: 0 regions, predicted pause time: 103.17 ms, target pause time: 200.00 ms]
, 0.0336966 secs]
   [Parallel Time: 31.7 ms, GC Workers: 8]
      [GC Worker Start (ms): Min: 18757.5, Avg: 18760.9, Max: 18766.4, Diff: 8.9]
      [Ext Root Scanning (ms): Min: 0.0, Avg: 0.3, Max: 0.9, Diff: 0.9, Sum: 2.7]
      [Update RS (ms): Min: 0.0, Avg: 2.2, Max: 5.0, Diff: 5.0, Sum: 17.5]
         [Processed Buffers: Min: 0, Avg: 1.6, Max: 8, Diff: 8, Sum: 13]
      [Scan RS (ms): Min: 0.0, Avg: 0.4, Max: 1.5, Diff: 1.4, Sum: 3.3]
      [Code Root Scanning (ms): Min: 0.0, Avg: 0.0, Max: 0.1, Diff: 0.1, Sum: 0.1]
      [Object Copy (ms): Min: 17.9, Avg: 20.5, Max: 22.5, Diff: 4.6, Sum: 164.3]
      [Termination (ms): Min: 0.0, Avg: 0.7, Max: 4.6, Diff: 4.6, Sum: 6.0]
         [Termination Attempts: Min: 1, Avg: 13.8, Max: 22, Diff: 21, Sum: 110]
      [GC Worker Other (ms): Min: 0.0, Avg: 0.0, Max: 0.1, Diff: 0.0, Sum: 0.2]
      [GC Worker Total (ms): Min: 18.2, Avg: 24.3, Max: 27.1, Diff: 8.9, Sum: 194.2]
      [GC Worker End (ms): Min: 18784.6, Avg: 18785.2, Max: 18788.9, Diff: 4.3]
   [Code Root Fixup: 0.0 ms]
   [Code Root Purge: 0.0 ms]
   [Clear CT: 0.3 ms]
   [Other: 1.6 ms]
      [Choose CSet: 0.0 ms]
      [Ref Proc: 0.7 ms]
      [Ref Enq: 0.0 ms]
      [Redirty Cards: 0.3 ms]
      [Humongous Register: 0.0 ms]
      [Humongous Reclaim: 0.0 ms]
      [Free CSet: 0.3 ms]
   [Eden: 280.0M(280.0M)->0.0B(280.0M) Survivors: 22.0M->22.0M Heap: 415.5M(504.0M)->143.5M(504.0M)]
 [Times: user=0.15 sys=0.01, real=0.03 secs]
         vmop                    [threads: total initially_running wait_to_block]    [time: spin block sync cleanup vmop] page_trap_count
18.757: G1IncCollectionPause             [      35          0              0    ]      [     0     0     0     0    33    ]  0
2017-11-17T22:03:50.871+0800: 18.791: Total time for which application threads were stopped: 0.0340705 seconds, Stopping threads took: 0.0000544 seconds
2017-11-17T22:03:51.198+0800: 19.119: [GC pause (G1 Evacuation Pause) (young) 19.119: [G1Ergonomics (CSet Construction) start choosing CSet, _pending_cards: 2818, predicted base time: 16.80 ms, remaining time: 183.20 ms, target pause time: 200.00 ms]
 19.119: [G1Ergonomics (CSet Construction) add young regions to CSet, eden: 280 regions, survivors: 22 regions, predicted young region time: 68.82 ms]
 19.119: [G1Ergonomics (CSet Construction) finish choosing CSet, eden: 280 regions, survivors: 22 regions, old: 0 regions, predicted pause time: 85.62 ms, target pause time: 200.00 ms]
, 0.0427245 secs]
   [Parallel Time: 40.7 ms, GC Workers: 8]
      [GC Worker Start (ms): Min: 19119.2, Avg: 19121.1, Max: 19124.1, Diff: 5.0]
      [Ext Root Scanning (ms): Min: 0.0, Avg: 0.4, Max: 1.0, Diff: 1.0, Sum: 3.0]
      [Update RS (ms): Min: 0.0, Avg: 4.9, Max: 25.2, Diff: 25.2, Sum: 39.0]
         [Processed Buffers: Min: 0, Avg: 1.9, Max: 5, Diff: 5, Sum: 15]
      [Scan RS (ms): Min: 0.0, Avg: 0.2, Max: 0.6, Diff: 0.6, Sum: 1.3]
      [Code Root Scanning (ms): Min: 0.0, Avg: 0.0, Max: 0.2, Diff: 0.2, Sum: 0.2]
      [Object Copy (ms): Min: 5.5, Avg: 25.9, Max: 35.6, Diff: 30.1, Sum: 207.4]
      [Termination (ms): Min: 0.0, Avg: 7.3, Max: 9.2, Diff: 9.2, Sum: 58.6]
         [Termination Attempts: Min: 1, Avg: 11.1, Max: 37, Diff: 36, Sum: 89]
      [GC Worker Other (ms): Min: 0.0, Avg: 0.0, Max: 0.0, Diff: 0.0, Sum: 0.1]
      [GC Worker Total (ms): Min: 35.7, Avg: 38.7, Max: 40.6, Diff: 4.9, Sum: 309.6]
      [GC Worker End (ms): Min: 19159.8, Avg: 19159.8, Max: 19159.8, Diff: 0.0]
   [Code Root Fixup: 0.0 ms]
   [Code Root Purge: 0.0 ms]
   [Clear CT: 0.3 ms]
   [Other: 1.6 ms]
      [Choose CSet: 0.0 ms]
      [Ref Proc: 0.6 ms]
      [Ref Enq: 0.0 ms]
      [Redirty Cards: 0.4 ms]
      [Humongous Register: 0.1 ms]
      [Humongous Reclaim: 0.0 ms]
      [Free CSet: 0.4 ms]
   [Eden: 280.0M(280.0M)->0.0B(268.0M) Survivors: 22.0M->23.0M Heap: 423.5M(504.0M)->153.5M(504.0M)]
 [Times: user=0.20 sys=0.01, real=0.05 secs]
         vmop                    [threads: total initially_running wait_to_block]    [time: spin block sync cleanup vmop] page_trap_count
19.119: G1IncCollectionPause             [      35          0              0    ]      [     0     0     0     0    42    ]  0
2017-11-17T22:03:51.241+0800: 19.162: Total time for which application threads were stopped: 0.0431614 seconds, Stopping threads took: 0.0000711 seconds
2017-11-17T22:03:51.468+0800: 19.388: [GC pause (G1 Evacuation Pause) (young) 19.388: [G1Ergonomics (CSet Construction) start choosing CSet, _pending_cards: 3062, predicted base time: 15.84 ms, remaining time: 184.16 ms, target pause time: 200.00 ms]
 19.388: [G1Ergonomics (CSet Construction) add young regions to CSet, eden: 268 regions, survivors: 23 regions, predicted young region time: 59.25 ms]
 19.388: [G1Ergonomics (CSet Construction) finish choosing CSet, eden: 268 regions, survivors: 23 regions, old: 0 regions, predicted pause time: 75.09 ms, target pause time: 200.00 ms]
, 0.0304403 secs]
   [Parallel Time: 28.3 ms, GC Workers: 8]
      [GC Worker Start (ms): Min: 19388.3, Avg: 19390.5, Max: 19393.0, Diff: 4.7]
      [Ext Root Scanning (ms): Min: 0.0, Avg: 0.3, Max: 1.0, Diff: 1.0, Sum: 2.5]
      [Update RS (ms): Min: 0.0, Avg: 1.6, Max: 4.9, Diff: 4.9, Sum: 13.1]
         [Processed Buffers: Min: 0, Avg: 1.8, Max: 4, Diff: 4, Sum: 14]
      [Scan RS (ms): Min: 0.0, Avg: 0.3, Max: 0.7, Diff: 0.7, Sum: 2.1]
      [Code Root Scanning (ms): Min: 0.0, Avg: 0.0, Max: 0.1, Diff: 0.1, Sum: 0.1]
      [Object Copy (ms): Min: 20.3, Avg: 22.0, Max: 23.4, Diff: 3.0, Sum: 175.6]
      [Termination (ms): Min: 0.0, Avg: 1.7, Max: 2.0, Diff: 2.0, Sum: 13.8]
         [Termination Attempts: Min: 1, Avg: 20.5, Max: 57, Diff: 56, Sum: 164]
      [GC Worker Other (ms): Min: 0.0, Avg: 0.0, Max: 0.1, Diff: 0.1, Sum: 0.3]
      [GC Worker Total (ms): Min: 23.4, Avg: 25.9, Max: 28.1, Diff: 4.7, Sum: 207.4]
      [GC Worker End (ms): Min: 19416.4, Avg: 19416.4, Max: 19416.4, Diff: 0.1]
   [Code Root Fixup: 0.0 ms]
   [Code Root Purge: 0.0 ms]
   [Clear CT: 0.3 ms]
   [Other: 1.7 ms]
      [Choose CSet: 0.0 ms]
      [Ref Proc: 0.6 ms]
      [Ref Enq: 0.0 ms]
      [Redirty Cards: 0.5 ms]
      [Humongous Register: 0.0 ms]
      [Humongous Reclaim: 0.0 ms]
      [Free CSet: 0.4 ms]
   [Eden: 268.0M(268.0M)->0.0B(261.0M) Survivors: 23.0M->22.0M Heap: 421.5M(504.0M)->162.0M(504.0M)]
 [Times: user=0.13 sys=0.02, real=0.03 secs]
         vmop                    [threads: total initially_running wait_to_block]    [time: spin block sync cleanup vmop] page_trap_count
19.388: G1IncCollectionPause             [      35          0              0    ]      [     0     0     0     0    30    ]  0
2017-11-17T22:03:51.498+0800: 19.419: Total time for which application threads were stopped: 0.0308654 seconds, Stopping threads took: 0.0000514 seconds
2017-11-17T22:03:51.765+0800: 19.685: [GC pause (G1 Evacuation Pause) (young) 19.685: [G1Ergonomics (CSet Construction) start choosing CSet, _pending_cards: 2799, predicted base time: 13.85 ms, remaining time: 186.15 ms, target pause time: 200.00 ms]
 19.685: [G1Ergonomics (CSet Construction) add young regions to CSet, eden: 261 regions, survivors: 22 regions, predicted young region time: 48.38 ms]
 19.685: [G1Ergonomics (CSet Construction) finish choosing CSet, eden: 261 regions, survivors: 22 regions, old: 0 regions, predicted pause time: 62.23 ms, target pause time: 200.00 ms]
, 0.0734343 secs]
   [Parallel Time: 67.8 ms, GC Workers: 8]
      [GC Worker Start (ms): Min: 19685.3, Avg: 19691.2, Max: 19701.1, Diff: 15.8]
      [Ext Root Scanning (ms): Min: 0.0, Avg: 0.4, Max: 1.2, Diff: 1.2, Sum: 3.5]
      [Update RS (ms): Min: 0.0, Avg: 1.9, Max: 4.7, Diff: 4.7, Sum: 15.0]
         [Processed Buffers: Min: 0, Avg: 1.6, Max: 4, Diff: 4, Sum: 13]
      [Scan RS (ms): Min: 0.0, Avg: 0.1, Max: 0.3, Diff: 0.3, Sum: 0.6]
      [Code Root Scanning (ms): Min: 0.0, Avg: 0.0, Max: 0.1, Diff: 0.1, Sum: 0.1]
      [Object Copy (ms): Min: 16.6, Avg: 27.5, Max: 56.1, Diff: 39.5, Sum: 220.1]
      [Termination (ms): Min: 0.0, Avg: 25.1, Max: 33.0, Diff: 33.0, Sum: 200.4]
         [Termination Attempts: Min: 1, Avg: 27.0, Max: 41, Diff: 40, Sum: 216]
      [GC Worker Other (ms): Min: 0.0, Avg: 0.0, Max: 0.0, Diff: 0.0, Sum: 0.1]
      [GC Worker Total (ms): Min: 43.8, Avg: 55.0, Max: 65.4, Diff: 21.6, Sum: 439.9]
      [GC Worker End (ms): Min: 19745.0, Avg: 19746.2, Max: 19750.7, Diff: 5.8]
   [Code Root Fixup: 0.0 ms]
   [Code Root Purge: 0.0 ms]
   [Clear CT: 0.4 ms]
   [Other: 5.3 ms]
      [Choose CSet: 0.0 ms]
      [Ref Proc: 4.4 ms]
      [Ref Enq: 0.0 ms]
      [Redirty Cards: 0.2 ms]
      [Humongous Register: 0.1 ms]
      [Humongous Reclaim: 0.0 ms]
      [Free CSet: 0.4 ms]
   [Eden: 261.0M(261.0M)->0.0B(253.0M) Survivors: 22.0M->22.0M Heap: 423.0M(504.0M)->170.0M(504.0M)]
 [Times: user=0.23 sys=0.01, real=0.07 secs]
         vmop                    [threads: total initially_running wait_to_block]    [time: spin block sync cleanup vmop] page_trap_count
19.685: G1IncCollectionPause             [      35          0              0    ]      [     0     0     0     0    73    ]  0
2017-11-17T22:03:51.838+0800: 19.759: Total time for which application threads were stopped: 0.0738634 seconds, Stopping threads took: 0.0000639 seconds
2017-11-17T22:03:52.067+0800: 19.988: [GC pause (G1 Evacuation Pause) (young) 19.988: [G1Ergonomics (CSet Construction) start choosing CSet, _pending_cards: 3425, predicted base time: 17.70 ms, remaining time: 182.30 ms, target pause time: 200.00 ms]
 19.988: [G1Ergonomics (CSet Construction) add young regions to CSet, eden: 253 regions, survivors: 22 regions, predicted young region time: 44.51 ms]
 19.988: [G1Ergonomics (CSet Construction) finish choosing CSet, eden: 253 regions, survivors: 22 regions, old: 0 regions, predicted pause time: 62.21 ms, target pause time: 200.00 ms]
, 0.0770101 secs]
   [Parallel Time: 74.9 ms, GC Workers: 8]
      [GC Worker Start (ms): Min: 19987.8, Avg: 19992.7, Max: 20001.0, Diff: 13.2]
      [Ext Root Scanning (ms): Min: 0.0, Avg: 0.4, Max: 1.0, Diff: 1.0, Sum: 3.5]
      [Update RS (ms): Min: 0.0, Avg: 1.6, Max: 3.3, Diff: 3.3, Sum: 12.8]
         [Processed Buffers: Min: 0, Avg: 2.0, Max: 11, Diff: 11, Sum: 16]
      [Scan RS (ms): Min: 0.0, Avg: 0.4, Max: 1.0, Diff: 1.0, Sum: 3.0]
      [Code Root Scanning (ms): Min: 0.0, Avg: 0.0, Max: 0.0, Diff: 0.0, Sum: 0.1]
      [Object Copy (ms): Min: 15.4, Avg: 27.9, Max: 70.3, Diff: 54.9, Sum: 223.4]
      [Termination (ms): Min: 0.2, Avg: 39.2, Max: 46.0, Diff: 45.7, Sum: 314.0]
         [Termination Attempts: Min: 1, Avg: 254.8, Max: 514, Diff: 513, Sum: 2038]
      [GC Worker Other (ms): Min: 0.0, Avg: 0.0, Max: 0.1, Diff: 0.0, Sum: 0.2]
      [GC Worker Total (ms): Min: 61.4, Avg: 69.6, Max: 74.6, Diff: 13.2, Sum: 556.8]
      [GC Worker End (ms): Min: 20062.3, Avg: 20062.4, Max: 20062.4, Diff: 0.1]
   [Code Root Fixup: 0.0 ms]
   [Code Root Purge: 0.0 ms]
   [Clear CT: 0.4 ms]
   [Other: 1.7 ms]
      [Choose CSet: 0.0 ms]
      [Ref Proc: 0.5 ms]
      [Ref Enq: 0.0 ms]
      [Redirty Cards: 0.4 ms]
      [Humongous Register: 0.1 ms]
      [Humongous Reclaim: 0.0 ms]
      [Free CSet: 0.4 ms]
   [Eden: 253.0M(253.0M)->0.0B(242.0M) Survivors: 22.0M->21.0M Heap: 425.0M(504.0M)->180.5M(504.0M)]
 [Times: user=0.29 sys=0.00, real=0.08 secs]
         vmop                    [threads: total initially_running wait_to_block]    [time: spin block sync cleanup vmop] page_trap_count
19.987: G1IncCollectionPause             [      35          0              0    ]      [     0     0     0     0    77    ]  0
2017-11-17T22:03:52.144+0800: 20.065: Total time for which application threads were stopped: 0.0775606 seconds, Stopping threads took: 0.0000693 seconds
2017-11-17T22:03:52.456+0800: 20.376: [GC pause (G1 Evacuation Pause) (young) 20.376: [G1Ergonomics (CSet Construction) start choosing CSet, _pending_cards: 3294, predicted base time: 17.01 ms, remaining time: 182.99 ms, target pause time: 200.00 ms]
 20.376: [G1Ergonomics (CSet Construction) add young regions to CSet, eden: 242 regions, survivors: 21 regions, predicted young region time: 34.47 ms]
 20.376: [G1Ergonomics (CSet Construction) finish choosing CSet, eden: 242 regions, survivors: 21 regions, old: 0 regions, predicted pause time: 51.47 ms, target pause time: 200.00 ms]
, 0.0276977 secs]
   [Parallel Time: 26.0 ms, GC Workers: 8]
      [GC Worker Start (ms): Min: 20376.2, Avg: 20379.0, Max: 20387.0, Diff: 10.7]
      [Ext Root Scanning (ms): Min: 0.0, Avg: 0.7, Max: 2.6, Diff: 2.6, Sum: 5.5]
      [Update RS (ms): Min: 0.0, Avg: 2.7, Max: 6.8, Diff: 6.8, Sum: 21.8]
         [Processed Buffers: Min: 0, Avg: 1.9, Max: 4, Diff: 4, Sum: 15]
      [Scan RS (ms): Min: 0.0, Avg: 0.1, Max: 0.3, Diff: 0.3, Sum: 0.4]
      [Code Root Scanning (ms): Min: 0.0, Avg: 0.0, Max: 0.0, Diff: 0.0, Sum: 0.0]
      [Object Copy (ms): Min: 14.8, Avg: 19.3, Max: 21.9, Diff: 7.1, Sum: 154.7]
      [Termination (ms): Min: 0.0, Avg: 0.2, Max: 0.3, Diff: 0.3, Sum: 1.8]
         [Termination Attempts: Min: 1, Avg: 46.2, Max: 115, Diff: 114, Sum: 370]
      [GC Worker Other (ms): Min: 0.0, Avg: 0.0, Max: 0.0, Diff: 0.0, Sum: 0.1]
      [GC Worker Total (ms): Min: 15.1, Avg: 23.0, Max: 25.8, Diff: 10.7, Sum: 184.3]
      [GC Worker End (ms): Min: 20402.0, Avg: 20402.0, Max: 20402.0, Diff: 0.0]
   [Code Root Fixup: 0.0 ms]
   [Code Root Purge: 0.0 ms]
   [Clear CT: 0.3 ms]
   [Other: 1.4 ms]
      [Choose CSet: 0.0 ms]
      [Ref Proc: 0.5 ms]
      [Ref Enq: 0.0 ms]
      [Redirty Cards: 0.3 ms]
      [Humongous Register: 0.0 ms]
      [Humongous Reclaim: 0.0 ms]
      [Free CSet: 0.3 ms]
   [Eden: 242.0M(242.0M)->0.0B(234.0M) Survivors: 21.0M->21.0M Heap: 422.5M(504.0M)->189.0M(504.0M)]
 [Times: user=0.13 sys=0.00, real=0.03 secs]
         vmop                    [threads: total initially_running wait_to_block]    [time: spin block sync cleanup vmop] page_trap_count
20.376: G1IncCollectionPause             [      35          0              0    ]      [     0     0     0     0    27    ]  0
2017-11-17T22:03:52.484+0800: 20.404: Total time for which application threads were stopped: 0.0281767 seconds, Stopping threads took: 0.0000616 seconds
2017-11-17T22:03:52.817+0800: 20.737: [GC pause (G1 Evacuation Pause) (young) 20.737: [G1Ergonomics (CSet Construction) start choosing CSet, _pending_cards: 2262, predicted base time: 14.04 ms, remaining time: 185.96 ms, target pause time: 200.00 ms]
 20.737: [G1Ergonomics (CSet Construction) add young regions to CSet, eden: 234 regions, survivors: 21 regions, predicted young region time: 31.27 ms]
 20.737: [G1Ergonomics (CSet Construction) finish choosing CSet, eden: 234 regions, survivors: 21 regions, old: 0 regions, predicted pause time: 45.31 ms, target pause time: 200.00 ms]
, 0.0289382 secs]
   [Parallel Time: 27.3 ms, GC Workers: 8]
      [GC Worker Start (ms): Min: 20737.4, Avg: 20741.4, Max: 20752.9, Diff: 15.5]
      [Ext Root Scanning (ms): Min: 0.0, Avg: 0.4, Max: 0.9, Diff: 0.9, Sum: 3.1]
      [Update RS (ms): Min: 0.0, Avg: 2.2, Max: 5.9, Diff: 5.9, Sum: 17.5]
         [Processed Buffers: Min: 0, Avg: 1.4, Max: 3, Diff: 3, Sum: 11]
      [Scan RS (ms): Min: 0.0, Avg: 0.1, Max: 0.3, Diff: 0.2, Sum: 0.4]
      [Code Root Scanning (ms): Min: 0.0, Avg: 0.0, Max: 0.0, Diff: 0.0, Sum: 0.0]
      [Object Copy (ms): Min: 3.5, Avg: 14.0, Max: 24.2, Diff: 20.7, Sum: 112.1]
      [Termination (ms): Min: 0.0, Avg: 6.4, Max: 8.0, Diff: 8.0, Sum: 51.5]
         [Termination Attempts: Min: 1, Avg: 93.6, Max: 162, Diff: 161, Sum: 749]
      [GC Worker Other (ms): Min: 0.0, Avg: 0.0, Max: 0.1, Diff: 0.1, Sum: 0.2]
      [GC Worker Total (ms): Min: 11.5, Avg: 23.1, Max: 27.0, Diff: 15.5, Sum: 184.8]
      [GC Worker End (ms): Min: 20764.4, Avg: 20764.5, Max: 20764.5, Diff: 0.1]
   [Code Root Fixup: 0.0 ms]
   [Code Root Purge: 0.0 ms]
   [Clear CT: 0.3 ms]
   [Other: 1.4 ms]
      [Choose CSet: 0.0 ms]
      [Ref Proc: 0.4 ms]
      [Ref Enq: 0.0 ms]
      [Redirty Cards: 0.3 ms]
      [Humongous Register: 0.1 ms]
      [Humongous Reclaim: 0.0 ms]
      [Free CSet: 0.4 ms]
   [Eden: 234.0M(234.0M)->0.0B(230.0M) Survivors: 21.0M->19.0M Heap: 423.0M(504.0M)->195.0M(504.0M)]
 [Times: user=0.17 sys=0.00, real=0.03 secs]
         vmop                    [threads: total initially_running wait_to_block]    [time: spin block sync cleanup vmop] page_trap_count
20.737: G1IncCollectionPause             [      35          0              0    ]      [     0     0     0     0    29    ]  0
2017-11-17T22:03:52.846+0800: 20.766: Total time for which application threads were stopped: 0.0293965 seconds, Stopping threads took: 0.0000531 seconds
2017-11-17T22:03:53.155+0800: 21.076: [GC pause (G1 Evacuation Pause) (young) 21.076: [G1Ergonomics (CSet Construction) start choosing CSet, _pending_cards: 2772, predicted base time: 13.24 ms, remaining time: 186.76 ms, target pause time: 200.00 ms]
 21.076: [G1Ergonomics (CSet Construction) add young regions to CSet, eden: 230 regions, survivors: 19 regions, predicted young region time: 26.64 ms]
 21.076: [G1Ergonomics (CSet Construction) finish choosing CSet, eden: 230 regions, survivors: 19 regions, old: 0 regions, predicted pause time: 39.88 ms, target pause time: 200.00 ms]
 21.103: [G1Ergonomics (Heap Sizing) attempt heap expansion, reason: recent GC overhead higher than threshold after GC, recent GC overhead: 11.86 %, threshold: 10.00 %, uncommitted: 6450839552 bytes, calculated expansion amount: 1290167910 bytes (20.00 %)]
 21.103: [G1Ergonomics (Heap Sizing) expand the heap, requested expansion amount: 528482304 bytes, attempted expansion amount: 528482304 bytes]
, 0.0318240 secs]
   [Parallel Time: 25.3 ms, GC Workers: 8]
      [GC Worker Start (ms): Min: 21075.9, Avg: 21080.9, Max: 21089.0, Diff: 13.1]
      [Ext Root Scanning (ms): Min: 0.0, Avg: 0.4, Max: 0.9, Diff: 0.9, Sum: 2.9]
      [Update RS (ms): Min: 0.0, Avg: 2.3, Max: 6.9, Diff: 6.9, Sum: 18.2]
         [Processed Buffers: Min: 0, Avg: 1.6, Max: 5, Diff: 5, Sum: 13]
      [Scan RS (ms): Min: 0.0, Avg: 0.1, Max: 0.2, Diff: 0.1, Sum: 0.5]
      [Code Root Scanning (ms): Min: 0.0, Avg: 0.0, Max: 0.0, Diff: 0.0, Sum: 0.0]
      [Object Copy (ms): Min: 6.0, Avg: 12.1, Max: 18.4, Diff: 12.4, Sum: 96.6]
      [Termination (ms): Min: 0.0, Avg: 2.7, Max: 5.8, Diff: 5.8, Sum: 21.6]
         [Termination Attempts: Min: 1, Avg: 6.5, Max: 15, Diff: 14, Sum: 52]
      [GC Worker Other (ms): Min: 0.0, Avg: 0.0, Max: 0.0, Diff: 0.0, Sum: 0.1]
      [GC Worker Total (ms): Min: 9.1, Avg: 17.5, Max: 22.1, Diff: 13.0, Sum: 140.0]
      [GC Worker End (ms): Min: 21098.0, Avg: 21098.4, Max: 21100.9, Diff: 2.9]
   [Code Root Fixup: 0.0 ms]
   [Code Root Purge: 0.0 ms]
   [Clear CT: 0.3 ms]
   [Other: 6.2 ms]
      [Choose CSet: 0.0 ms]
      [Ref Proc: 0.4 ms]
      [Ref Enq: 0.0 ms]
      [Redirty Cards: 0.4 ms]
      [Humongous Register: 0.1 ms]
      [Humongous Reclaim: 0.0 ms]
      [Free CSet: 0.3 ms]
   [Eden: 230.0M(230.0M)->0.0B(585.0M) Survivors: 19.0M->19.0M Heap: 425.0M(504.0M)->203.0M(1008.0M)]
 [Times: user=0.12 sys=0.00, real=0.03 secs]
         vmop                    [threads: total initially_running wait_to_block]    [time: spin block sync cleanup vmop] page_trap_count
21.075: G1IncCollectionPause             [      35          0              0    ]      [     0     0     0     0    32    ]  0
2017-11-17T22:03:53.187+0800: 21.108: Total time for which application threads were stopped: 0.0323105 seconds, Stopping threads took: 0.0000801 seconds
2017-11-17T22:03:53.950+0800: 21.871: [GC pause (G1 Evacuation Pause) (young) 21.871: [G1Ergonomics (CSet Construction) start choosing CSet, _pending_cards: 2838, predicted base time: 15.11 ms, remaining time: 184.89 ms, target pause time: 200.00 ms]
 21.871: [G1Ergonomics (CSet Construction) add young regions to CSet, eden: 585 regions, survivors: 19 regions, predicted young region time: 31.49 ms]
 21.871: [G1Ergonomics (CSet Construction) finish choosing CSet, eden: 585 regions, survivors: 19 regions, old: 0 regions, predicted pause time: 46.61 ms, target pause time: 200.00 ms]
 21.912: [G1Ergonomics (Heap Sizing) attempt heap expansion, reason: recent GC overhead higher than threshold after GC, recent GC overhead: 12.10 %, threshold: 10.00 %, uncommitted: 5922357248 bytes, calculated expansion amount: 1184471449 bytes (20.00 %)]
 21.912: [G1Ergonomics (Heap Sizing) expand the heap, requested expansion amount: 1056964608 bytes, attempted expansion amount: 1056964608 bytes]
, 0.0517815 secs]
   [Parallel Time: 39.6 ms, GC Workers: 8]
      [GC Worker Start (ms): Min: 21870.8, Avg: 21874.9, Max: 21888.8, Diff: 18.0]
      [Ext Root Scanning (ms): Min: 0.0, Avg: 1.1, Max: 7.2, Diff: 7.2, Sum: 9.1]
      [Update RS (ms): Min: 0.0, Avg: 2.3, Max: 6.1, Diff: 6.1, Sum: 18.3]
         [Processed Buffers: Min: 0, Avg: 1.8, Max: 4, Diff: 4, Sum: 14]
      [Scan RS (ms): Min: 0.0, Avg: 0.1, Max: 0.5, Diff: 0.4, Sum: 1.0]
      [Code Root Scanning (ms): Min: 0.0, Avg: 0.0, Max: 0.0, Diff: 0.0, Sum: 0.0]
      [Object Copy (ms): Min: 9.7, Avg: 21.6, Max: 35.9, Diff: 26.1, Sum: 172.6]
      [Termination (ms): Min: 0.0, Avg: 10.1, Max: 11.6, Diff: 11.6, Sum: 80.6]
         [Termination Attempts: Min: 1, Avg: 1.0, Max: 1, Diff: 0, Sum: 8]
      [GC Worker Other (ms): Min: 0.0, Avg: 0.0, Max: 0.0, Diff: 0.0, Sum: 0.2]
      [GC Worker Total (ms): Min: 21.4, Avg: 35.2, Max: 39.3, Diff: 18.0, Sum: 281.8]
      [GC Worker End (ms): Min: 21910.1, Avg: 21910.2, Max: 21910.2, Diff: 0.0]
   [Code Root Fixup: 0.0 ms]
   [Code Root Purge: 0.0 ms]
   [Clear CT: 0.4 ms]
   [Other: 11.8 ms]
      [Choose CSet: 0.0 ms]
      [Ref Proc: 0.5 ms]
      [Ref Enq: 0.0 ms]
      [Redirty Cards: 0.3 ms]
      [Humongous Register: 0.1 ms]
      [Humongous Reclaim: 0.0 ms]
      [Free CSet: 0.6 ms]
   [Eden: 585.0M(585.0M)->0.0B(1176.0M) Survivors: 19.0M->33.0M Heap: 788.0M(1008.0M)->217.0M(2016.0M)]
 [Times: user=0.21 sys=0.01, real=0.06 secs]
         vmop                    [threads: total initially_running wait_to_block]    [time: spin block sync cleanup vmop] page_trap_count
21.870: G1IncCollectionPause             [      35          0              0    ]      [     0     0     0     0    51    ]  0
2017-11-17T22:03:54.002+0800: 21.923: Total time for which application threads were stopped: 0.0521884 seconds, Stopping threads took: 0.0000677 seconds
         vmop                    [threads: total initially_running wait_to_block]    [time: spin block sync cleanup vmop] page_trap_count
22.923: no vm operation                  [      35          1              1    ]      [     0     0     0     0     0    ]  1
2017-11-17T22:03:55.002+0800: 22.923: Total time for which application threads were stopped: 0.0002776 seconds, Stopping threads took: 0.0000945 seconds
2017-11-17T22:03:55.716+0800: 23.636: [GC pause (G1 Evacuation Pause) (young) 23.637: [G1Ergonomics (CSet Construction) start choosing CSet, _pending_cards: 4103, predicted base time: 18.41 ms, remaining time: 181.59 ms, target pause time: 200.00 ms]
 23.637: [G1Ergonomics (CSet Construction) add young regions to CSet, eden: 1176 regions, survivors: 33 regions, predicted young region time: 73.41 ms]
 23.637: [G1Ergonomics (CSet Construction) finish choosing CSet, eden: 1176 regions, survivors: 33 regions, old: 0 regions, predicted pause time: 91.82 ms, target pause time: 200.00 ms]
 23.715: [G1Ergonomics (Heap Sizing) attempt heap expansion, reason: recent GC overhead higher than threshold after GC, recent GC overhead: 10.95 %, threshold: 10.00 %, uncommitted: 4865392640 bytes, calculated expansion amount: 973078528 bytes (20.00 %)]
 23.716: [G1Ergonomics (Heap Sizing) expand the heap, requested expansion amount: 973078528 bytes, attempted expansion amount: 973078528 bytes]
, 0.0883241 secs]
   [Parallel Time: 70.9 ms, GC Workers: 8]
      [GC Worker Start (ms): Min: 23637.3, Avg: 23642.1, Max: 23655.6, Diff: 18.3]
      [Ext Root Scanning (ms): Min: 0.0, Avg: 0.3, Max: 1.0, Diff: 1.0, Sum: 2.7]
      [Update RS (ms): Min: 0.0, Avg: 1.0, Max: 4.9, Diff: 4.9, Sum: 7.7]
         [Processed Buffers: Min: 0, Avg: 2.4, Max: 10, Diff: 10, Sum: 19]
      [Scan RS (ms): Min: 0.1, Avg: 5.2, Max: 13.3, Diff: 13.1, Sum: 42.0]
      [Code Root Scanning (ms): Min: 0.0, Avg: 0.0, Max: 0.0, Diff: 0.0, Sum: 0.1]
      [Object Copy (ms): Min: 49.5, Avg: 55.5, Max: 59.6, Diff: 10.1, Sum: 444.0]
      [Termination (ms): Min: 0.0, Avg: 3.7, Max: 5.2, Diff: 5.2, Sum: 29.3]
         [Termination Attempts: Min: 1, Avg: 12.2, Max: 35, Diff: 34, Sum: 98]
      [GC Worker Other (ms): Min: 0.0, Avg: 0.0, Max: 0.0, Diff: 0.0, Sum: 0.2]
      [GC Worker Total (ms): Min: 52.2, Avg: 65.7, Max: 70.6, Diff: 18.3, Sum: 526.0]
      [GC Worker End (ms): Min: 23707.8, Avg: 23707.9, Max: 23708.0, Diff: 0.1]
   [Code Root Fixup: 0.0 ms]
   [Code Root Purge: 0.0 ms]
   [Clear CT: 3.3 ms]
   [Other: 14.1 ms]
      [Choose CSet: 0.1 ms]
      [Ref Proc: 1.6 ms]
      [Ref Enq: 0.0 ms]
      [Redirty Cards: 0.6 ms]
      [Humongous Register: 0.4 ms]
      [Humongous Reclaim: 0.0 ms]
      [Free CSet: 1.6 ms]
   [Eden: 1176.0M(1176.0M)->0.0B(1705.0M) Survivors: 33.0M->61.0M Heap: 1397.0M(2016.0M)->249.0M(2944.0M)]
 [Times: user=0.37 sys=0.01, real=0.09 secs]
         vmop                    [threads: total initially_running wait_to_block]    [time: spin block sync cleanup vmop] page_trap_count
23.636: G1IncCollectionPause             [      35          0              0    ]      [     0     0     0     0    88    ]  0
2017-11-17T22:03:55.805+0800: 23.725: Total time for which application threads were stopped: 0.0890794 seconds, Stopping threads took: 0.0000643 seconds
         vmop                    [threads: total initially_running wait_to_block]    [time: spin block sync cleanup vmop] page_trap_count
23.769: RevokeBias                       [      35          1              1    ]      [     0     0     0     0     0    ]  1
2017-11-17T22:03:55.849+0800: 23.769: Total time for which application threads were stopped: 0.0004862 seconds, Stopping threads took: 0.0000831 seconds
         vmop                    [threads: total initially_running wait_to_block]    [time: spin block sync cleanup vmop] page_trap_count
23.799: RevokeBias                       [      35          1              1    ]      [     0     0     0     0     0    ]  0
2017-11-17T22:03:55.879+0800: 23.800: Total time for which application threads were stopped: 0.0005242 seconds, Stopping threads took: 0.0002303 seconds
         vmop                    [threads: total initially_running wait_to_block]    [time: spin block sync cleanup vmop] page_trap_count
23.805: RevokeBias                       [      35          0              1    ]      [     0     0     0     0     0    ]  0
2017-11-17T22:03:55.886+0800: 23.806: Total time for which application threads were stopped: 0.0008409 seconds, Stopping threads took: 0.0007044 seconds
         vmop                    [threads: total initially_running wait_to_block]    [time: spin block sync cleanup vmop] page_trap_count
24.806: no vm operation                  [      35          1              1    ]      [     0     0     0     0     0    ]  1
2017-11-17T22:03:56.886+0800: 24.807: Total time for which application threads were stopped: 0.0003302 seconds, Stopping threads took: 0.0000939 seconds
         vmop                    [threads: total initially_running wait_to_block]    [time: spin block sync cleanup vmop] page_trap_count
25.488: RevokeBias                       [      35          1              1    ]      [     0     0     0     0     0    ]  0
2017-11-17T22:03:57.568+0800: 25.489: Total time for which application threads were stopped: 0.0003373 seconds, Stopping threads took: 0.0000906 seconds
         vmop                    [threads: total initially_running wait_to_block]    [time: spin block sync cleanup vmop] page_trap_count
26.034: RevokeBias                       [      35          0              1    ]      [     0     0     0     0     0    ]  0
2017-11-17T22:03:58.114+0800: 26.034: Total time for which application threads were stopped: 0.0002956 seconds, Stopping threads took: 0.0000668 seconds
         vmop                    [threads: total initially_running wait_to_block]    [time: spin block sync cleanup vmop] page_trap_count
26.039: RevokeBias                       [      35          2              1    ]      [     0    13    14     0     0    ]  0
2017-11-17T22:03:58.133+0800: 26.053: Total time for which application threads were stopped: 0.0145305 seconds, Stopping threads took: 0.0143417 seconds
         vmop                    [threads: total initially_running wait_to_block]    [time: spin block sync cleanup vmop] page_trap_count
26.062: RevokeBias                       [      35          0              0    ]      [     0     0     0     0     0    ]  0
2017-11-17T22:03:58.142+0800: 26.063: Total time for which application threads were stopped: 0.0002010 seconds, Stopping threads took: 0.0000521 seconds
         vmop                    [threads: total initially_running wait_to_block]    [time: spin block sync cleanup vmop] page_trap_count
26.189: RevokeBias                       [      35          0              0    ]      [     0     0     0     0     0    ]  0
2017-11-17T22:03:58.268+0800: 26.189: Total time for which application threads were stopped: 0.0002295 seconds, Stopping threads took: 0.0000605 seconds
         vmop                    [threads: total initially_running wait_to_block]    [time: spin block sync cleanup vmop] page_trap_count
26.195: RevokeBias                       [      36          1              0    ]      [     0     0     0     0     0    ]  0
2017-11-17T22:03:58.275+0800: 26.195: Total time for which application threads were stopped: 0.0003249 seconds, Stopping threads took: 0.0001238 seconds
         vmop                    [threads: total initially_running wait_to_block]    [time: spin block sync cleanup vmop] page_trap_count
26.195: RevokeBias                       [      36          0              1    ]      [     0     0     0     0     0    ]  0
2017-11-17T22:03:58.275+0800: 26.195: Total time for which application threads were stopped: 0.0002658 seconds, Stopping threads took: 0.0001000 seconds
         vmop                    [threads: total initially_running wait_to_block]    [time: spin block sync cleanup vmop] page_trap_count
26.195: RevokeBias                       [      36          0              0    ]      [     0     0     0     0     0    ]  0
2017-11-17T22:03:58.275+0800: 26.196: Total time for which application threads were stopped: 0.0002583 seconds, Stopping threads took: 0.0000353 seconds
         vmop                    [threads: total initially_running wait_to_block]    [time: spin block sync cleanup vmop] page_trap_count
26.196: RevokeBias                       [      36          0              0    ]      [     0     0     0     0     0    ]  0
2017-11-17T22:03:58.276+0800: 26.196: Total time for which application threads were stopped: 0.0001788 seconds, Stopping threads took: 0.0000511 seconds
         vmop                    [threads: total initially_running wait_to_block]    [time: spin block sync cleanup vmop] page_trap_count
26.196: RevokeBias                       [      36          1              2    ]      [     0     0     0     0     0    ]  0
2017-11-17T22:03:58.276+0800: 26.196: Total time for which application threads were stopped: 0.0002842 seconds, Stopping threads took: 0.0001692 seconds
2017-11-17T22:03:58.614+0800: 26.535: [GC pause (G1 Evacuation Pause) (young) 26.535: [G1Ergonomics (CSet Construction) start choosing CSet, _pending_cards: 6007, predicted base time: 22.30 ms, remaining time: 177.70 ms, target pause time: 200.00 ms]
 26.535: [G1Ergonomics (CSet Construction) add young regions to CSet, eden: 1705 regions, survivors: 61 regions, predicted young region time: 120.07 ms]
 26.535: [G1Ergonomics (CSet Construction) finish choosing CSet, eden: 1705 regions, survivors: 61 regions, old: 0 regions, predicted pause time: 142.36 ms, target pause time: 200.00 ms]
, 0.1306199 secs]
   [Parallel Time: 125.9 ms, GC Workers: 8]
      [GC Worker Start (ms): Min: 26535.3, Avg: 26538.2, Max: 26544.0, Diff: 8.7]
      [Ext Root Scanning (ms): Min: 0.0, Avg: 0.5, Max: 1.0, Diff: 1.0, Sum: 3.9]
      [Update RS (ms): Min: 0.4, Avg: 6.9, Max: 13.3, Diff: 12.9, Sum: 55.5]
         [Processed Buffers: Min: 2, Avg: 3.9, Max: 6, Diff: 4, Sum: 31]
      [Scan RS (ms): Min: 11.6, Avg: 25.8, Max: 44.5, Diff: 32.8, Sum: 206.2]
      [Code Root Scanning (ms): Min: 0.0, Avg: 0.0, Max: 0.1, Diff: 0.1, Sum: 0.2]
      [Object Copy (ms): Min: 61.5, Avg: 80.5, Max: 93.0, Diff: 31.5, Sum: 644.4]
      [Termination (ms): Min: 0.0, Avg: 9.0, Max: 10.3, Diff: 10.3, Sum: 71.6]
         [Termination Attempts: Min: 1, Avg: 123.5, Max: 214, Diff: 213, Sum: 988]
      [GC Worker Other (ms): Min: 0.0, Avg: 0.1, Max: 0.1, Diff: 0.1, Sum: 0.5]
      [GC Worker Total (ms): Min: 117.0, Avg: 122.8, Max: 125.7, Diff: 8.7, Sum: 982.2]
      [GC Worker End (ms): Min: 26660.9, Avg: 26661.0, Max: 26661.0, Diff: 0.1]
   [Code Root Fixup: 0.0 ms]
   [Code Root Purge: 0.0 ms]
   [Clear CT: 0.7 ms]
   [Other: 3.9 ms]
      [Choose CSet: 0.0 ms]
      [Ref Proc: 0.7 ms]
      [Ref Enq: 0.0 ms]
      [Redirty Cards: 0.3 ms]
      [Humongous Register: 0.2 ms]
      [Humongous Reclaim: 0.1 ms]
      [Free CSet: 2.1 ms]
   [Eden: 1705.0M(1705.0M)->0.0B(1664.0M) Survivors: 61.0M->102.0M Heap: 1956.8M(2944.0M)->292.8M(2944.0M)]
 [Times: user=0.57 sys=0.01, real=0.13 secs]
         vmop                    [threads: total initially_running wait_to_block]    [time: spin block sync cleanup vmop] page_trap_count
26.535: G1IncCollectionPause             [      36          0              0    ]      [     0     0     0     0   130    ]  0
2017-11-17T22:03:58.745+0800: 26.666: Total time for which application threads were stopped: 0.1311257 seconds, Stopping threads took: 0.0000603 seconds
         vmop                    [threads: total initially_running wait_to_block]    [time: spin block sync cleanup vmop] page_trap_count
27.666: no vm operation                  [      36          2              1    ]      [     0     0     0     0     0    ]  1
2017-11-17T22:03:59.746+0800: 27.666: Total time for which application threads were stopped: 0.0002725 seconds, Stopping threads took: 0.0000964 seconds
2017-11-17T22:03:59.941+0800: 27.862: [GC pause (G1 Evacuation Pause) (young) 27.862: [G1Ergonomics (CSet Construction) start choosing CSet, _pending_cards: 4355, predicted base time: 19.46 ms, remaining time: 180.54 ms, target pause time: 200.00 ms]
 27.862: [G1Ergonomics (CSet Construction) add young regions to CSet, eden: 1282 regions, survivors: 102 regions, predicted young region time: 152.64 ms]
 27.862: [G1Ergonomics (CSet Construction) finish choosing CSet, eden: 1282 regions, survivors: 102 regions, old: 0 regions, predicted pause time: 172.10 ms, target pause time: 200.00 ms]
, 0.2387244 secs]
   [Parallel Time: 234.9 ms, GC Workers: 8]
      [GC Worker Start (ms): Min: 27862.2, Avg: 27867.6, Max: 27873.0, Diff: 10.8]
      [Ext Root Scanning (ms): Min: 0.0, Avg: 0.3, Max: 1.0, Diff: 1.0, Sum: 2.7]
      [Update RS (ms): Min: 0.0, Avg: 7.7, Max: 17.9, Diff: 17.9, Sum: 61.9]
         [Processed Buffers: Min: 1, Avg: 2.6, Max: 5, Diff: 4, Sum: 21]
      [Scan RS (ms): Min: 47.0, Avg: 71.6, Max: 116.1, Diff: 69.1, Sum: 573.0]
      [Code Root Scanning (ms): Min: 0.0, Avg: 0.0, Max: 0.1, Diff: 0.1, Sum: 0.2]
      [Object Copy (ms): Min: 89.2, Avg: 137.8, Max: 167.3, Diff: 78.1, Sum: 1102.4]
      [Termination (ms): Min: 0.0, Avg: 7.9, Max: 10.6, Diff: 10.6, Sum: 63.5]
         [Termination Attempts: Min: 1, Avg: 82.5, Max: 146, Diff: 145, Sum: 660]
      [GC Worker Other (ms): Min: 0.0, Avg: 0.5, Max: 3.9, Diff: 3.9, Sum: 4.3]
      [GC Worker Total (ms): Min: 220.1, Avg: 226.0, Max: 234.7, Diff: 14.6, Sum: 1808.0]
      [GC Worker End (ms): Min: 28093.1, Avg: 28093.6, Max: 28096.9, Diff: 3.9]
   [Code Root Fixup: 0.0 ms]
   [Code Root Purge: 0.0 ms]
   [Clear CT: 0.6 ms]
   [Other: 3.2 ms]
      [Choose CSet: 0.0 ms]
      [Ref Proc: 0.7 ms]
      [Ref Enq: 0.0 ms]
      [Redirty Cards: 0.3 ms]
      [Humongous Register: 0.3 ms]
      [Humongous Reclaim: 0.1 ms]
      [Free CSet: 1.4 ms]
   [Eden: 1282.0M(1282.0M)->0.0B(1374.0M) Survivors: 102.0M->115.0M Heap: 1576.3M(2944.0M)->324.5M(2944.0M)]
 [Times: user=0.60 sys=0.01, real=0.23 secs]
         vmop                    [threads: total initially_running wait_to_block]    [time: spin block sync cleanup vmop] page_trap_count
27.862: G1IncCollectionPause             [      36          0              1    ]      [     0     0     0     0   238    ]  0
2017-11-17T22:04:00.180+0800: 28.101: Total time for which application threads were stopped: 0.2391440 seconds, Stopping threads took: 0.0000724 seconds
         vmop                    [threads: total initially_running wait_to_block]    [time: spin block sync cleanup vmop] page_trap_count
29.036: RevokeBias                       [      36          1              1    ]      [     0     0     0     0     0    ]  1
2017-11-17T22:04:01.116+0800: 29.037: Total time for which application threads were stopped: 0.0003712 seconds, Stopping threads took: 0.0001279 seconds
         vmop                    [threads: total initially_running wait_to_block]    [time: spin block sync cleanup vmop] page_trap_count
29.037: RevokeBias                       [      36          1              1    ]      [     0     0     0     0     0    ]  1
2017-11-17T22:04:01.117+0800: 29.037: Total time for which application threads were stopped: 0.0003002 seconds, Stopping threads took: 0.0001174 seconds
2017-11-17T22:04:01.386+0800: 29.306: [GC pause (G1 Evacuation Pause) (young) 29.306: [G1Ergonomics (CSet Construction) start choosing CSet, _pending_cards: 4725, predicted base time: 21.38 ms, remaining time: 178.62 ms, target pause time: 200.00 ms]
 29.306: [G1Ergonomics (CSet Construction) add young regions to CSet, eden: 899 regions, survivors: 115 regions, predicted young region time: 181.75 ms]
 29.306: [G1Ergonomics (CSet Construction) finish choosing CSet, eden: 899 regions, survivors: 115 regions, old: 0 regions, predicted pause time: 203.13 ms, target pause time: 200.00 ms]
, 0.2289602 secs]
   [Parallel Time: 198.3 ms, GC Workers: 8]
      [GC Worker Start (ms): Min: 29306.9, Avg: 29308.7, Max: 29311.6, Diff: 4.8]
      [Ext Root Scanning (ms): Min: 0.0, Avg: 0.4, Max: 1.0, Diff: 1.0, Sum: 3.1]
      [Update RS (ms): Min: 2.6, Avg: 7.9, Max: 12.2, Diff: 9.6, Sum: 62.8]
         [Processed Buffers: Min: 1, Avg: 2.8, Max: 13, Diff: 12, Sum: 22]
      [Scan RS (ms): Min: 3.9, Avg: 30.7, Max: 53.6, Diff: 49.7, Sum: 245.9]
      [Code Root Scanning (ms): Min: 0.0, Avg: 0.0, Max: 0.0, Diff: 0.0, Sum: 0.1]
      [Object Copy (ms): Min: 113.3, Avg: 141.8, Max: 181.6, Diff: 68.3, Sum: 1134.3]
      [Termination (ms): Min: 0.0, Avg: 15.5, Max: 18.6, Diff: 18.6, Sum: 123.7]
         [Termination Attempts: Min: 1, Avg: 43.5, Max: 145, Diff: 144, Sum: 348]
      [GC Worker Other (ms): Min: 0.0, Avg: 0.1, Max: 0.2, Diff: 0.1, Sum: 0.4]
      [GC Worker Total (ms): Min: 193.3, Avg: 196.3, Max: 198.1, Diff: 4.8, Sum: 1570.3]
      [GC Worker End (ms): Min: 29504.9, Avg: 29505.0, Max: 29505.1, Diff: 0.1]
   [Code Root Fixup: 0.0 ms]
   [Code Root Purge: 0.0 ms]
   [Clear CT: 7.9 ms]
   [Other: 22.8 ms]
      [Choose CSet: 0.0 ms]
      [Ref Proc: 15.9 ms]
      [Ref Enq: 0.0 ms]
      [Redirty Cards: 4.0 ms]
      [Humongous Register: 0.3 ms]
      [Humongous Reclaim: 0.1 ms]
      [Free CSet: 1.8 ms]
   [Eden: 899.0M(32.0M)->0.0B(1747.0M) Survivors: 115.0M->19.0M Heap: 1225.5M(2944.0M)->350.8M(2944.0M)]
 [Times: user=0.72 sys=0.02, real=0.23 secs]
         vmop                    [threads: total initially_running wait_to_block]    [time: spin block sync cleanup vmop] page_trap_count
29.306: G1IncCollectionPause             [      36          0              0    ]      [     0     0     0     0   229    ]  0
2017-11-17T22:04:01.615+0800: 29.536: Total time for which application threads were stopped: 0.2294968 seconds, Stopping threads took: 0.0000615 seconds
         vmop                    [threads: total initially_running wait_to_block]    [time: spin block sync cleanup vmop] page_trap_count
30.536: no vm operation                  [      36          1              1    ]      [     0     0     0     0     0    ]  0
2017-11-17T22:04:02.616+0800: 30.536: Total time for which application threads were stopped: 0.0004432 seconds, Stopping threads took: 0.0000618 seconds
2017-11-17T22:04:03.140+0800: 31.061: [GC pause (G1 Evacuation Pause) (young) 31.061: [G1Ergonomics (CSet Construction) start choosing CSet, _pending_cards: 6461, predicted base time: 32.07 ms, remaining time: 167.93 ms, target pause time: 200.00 ms]
 31.061: [G1Ergonomics (CSet Construction) add young regions to CSet, eden: 1747 regions, survivors: 19 regions, predicted young region time: 80.15 ms]
 31.061: [G1Ergonomics (CSet Construction) finish choosing CSet, eden: 1747 regions, survivors: 19 regions, old: 0 regions, predicted pause time: 112.22 ms, target pause time: 200.00 ms]
, 0.0706067 secs]
   [Parallel Time: 65.5 ms, GC Workers: 8]
      [GC Worker Start (ms): Min: 31061.1, Avg: 31071.1, Max: 31096.9, Diff: 35.8]
      [Ext Root Scanning (ms): Min: 0.0, Avg: 0.4, Max: 1.0, Diff: 1.0, Sum: 2.9]
      [Update RS (ms): Min: 0.0, Avg: 5.3, Max: 10.1, Diff: 10.1, Sum: 42.1]
         [Processed Buffers: Min: 0, Avg: 3.6, Max: 9, Diff: 9, Sum: 29]
      [Scan RS (ms): Min: 0.1, Avg: 0.8, Max: 1.9, Diff: 1.8, Sum: 6.7]
      [Code Root Scanning (ms): Min: 0.0, Avg: 0.0, Max: 0.1, Diff: 0.1, Sum: 0.1]
      [Object Copy (ms): Min: 21.8, Avg: 41.0, Max: 53.4, Diff: 31.6, Sum: 328.1]
      [Termination (ms): Min: 0.0, Avg: 6.0, Max: 7.1, Diff: 7.1, Sum: 47.7]
         [Termination Attempts: Min: 1, Avg: 67.6, Max: 147, Diff: 146, Sum: 541]
      [GC Worker Other (ms): Min: 0.0, Avg: 0.1, Max: 0.1, Diff: 0.1, Sum: 0.5]
      [GC Worker Total (ms): Min: 27.6, Avg: 53.5, Max: 63.4, Diff: 35.8, Sum: 428.0]
      [GC Worker End (ms): Min: 31124.5, Avg: 31124.6, Max: 31124.6, Diff: 0.1]
   [Code Root Fixup: 0.0 ms]
   [Code Root Purge: 0.0 ms]
   [Clear CT: 0.8 ms]
   [Other: 4.3 ms]
      [Choose CSet: 0.0 ms]
      [Ref Proc: 0.7 ms]
      [Ref Enq: 0.0 ms]
      [Redirty Cards: 0.2 ms]
      [Humongous Register: 0.3 ms]
      [Humongous Reclaim: 0.1 ms]
      [Free CSet: 2.6 ms]
   [Eden: 1747.0M(1747.0M)->0.0B(1705.0M) Survivors: 19.0M->61.0M Heap: 2097.8M(2944.0M)->392.8M(2944.0M)]
 [Times: user=0.31 sys=0.01, real=0.07 secs]
         vmop                    [threads: total initially_running wait_to_block]    [time: spin block sync cleanup vmop] page_trap_count
31.060: G1IncCollectionPause             [      36          0              0    ]      [     0     0     0     0    71    ]  0
2017-11-17T22:04:03.211+0800: 31.132: Total time for which application threads were stopped: 0.0713157 seconds, Stopping threads took: 0.0000893 seconds
         vmop                    [threads: total initially_running wait_to_block]    [time: spin block sync cleanup vmop] page_trap_count
32.132: no vm operation                  [      36          1              1    ]      [     0     0     0     0     0    ]  1
2017-11-17T22:04:04.212+0800: 32.132: Total time for which application threads were stopped: 0.0002525 seconds, Stopping threads took: 0.0000937 seconds
2017-11-17T22:04:04.866+0800: 32.786: [GC pause (G1 Evacuation Pause) (young) 32.787: [G1Ergonomics (CSet Construction) start choosing CSet, _pending_cards: 5124, predicted base time: 27.60 ms, remaining time: 172.40 ms, target pause time: 200.00 ms]
 32.787: [G1Ergonomics (CSet Construction) add young regions to CSet, eden: 1705 regions, survivors: 61 regions, predicted young region time: 123.00 ms]
 32.787: [G1Ergonomics (CSet Construction) finish choosing CSet, eden: 1705 regions, survivors: 61 regions, old: 0 regions, predicted pause time: 150.60 ms, target pause time: 200.00 ms]
, 0.1160235 secs]
   [Parallel Time: 111.9 ms, GC Workers: 8]
      [GC Worker Start (ms): Min: 32786.9, Avg: 32795.2, Max: 32801.0, Diff: 14.0]
      [Ext Root Scanning (ms): Min: 0.0, Avg: 0.3, Max: 1.2, Diff: 1.1, Sum: 2.3]
      [Update RS (ms): Min: 0.0, Avg: 10.4, Max: 38.9, Diff: 38.9, Sum: 83.5]
         [Processed Buffers: Min: 0, Avg: 2.9, Max: 10, Diff: 10, Sum: 23]
      [Scan RS (ms): Min: 0.2, Avg: 6.3, Max: 17.3, Diff: 17.1, Sum: 50.3]
      [Code Root Scanning (ms): Min: 0.0, Avg: 0.0, Max: 0.0, Diff: 0.0, Sum: 0.2]
      [Object Copy (ms): Min: 67.5, Avg: 83.1, Max: 89.5, Diff: 22.0, Sum: 664.4]
      [Termination (ms): Min: 0.0, Avg: 3.3, Max: 3.9, Diff: 3.9, Sum: 26.7]
         [Termination Attempts: Min: 1, Avg: 39.5, Max: 84, Diff: 83, Sum: 316]
      [GC Worker Other (ms): Min: 0.0, Avg: 0.0, Max: 0.1, Diff: 0.1, Sum: 0.4]
      [GC Worker Total (ms): Min: 97.7, Avg: 103.5, Max: 111.7, Diff: 14.1, Sum: 827.7]
      [GC Worker End (ms): Min: 32898.6, Avg: 32898.7, Max: 32898.7, Diff: 0.1]
   [Code Root Fixup: 0.0 ms]
   [Code Root Purge: 0.0 ms]
   [Clear CT: 0.8 ms]
   [Other: 3.3 ms]
      [Choose CSet: 0.0 ms]
      [Ref Proc: 0.5 ms]
      [Ref Enq: 0.0 ms]
      [Redirty Cards: 0.3 ms]
      [Humongous Register: 0.3 ms]
      [Humongous Reclaim: 0.1 ms]
      [Free CSet: 1.8 ms]
   [Eden: 1705.0M(1705.0M)->0.0B(1664.0M) Survivors: 61.0M->102.0M Heap: 2101.8M(2944.0M)->437.8M(2944.0M)]
 [Times: user=0.46 sys=0.00, real=0.12 secs]
         vmop                    [threads: total initially_running wait_to_block]    [time: spin block sync cleanup vmop] page_trap_count
32.786: G1IncCollectionPause             [      36          0              1    ]      [     0     0     0     0   116    ]  0
2017-11-17T22:04:04.982+0800: 32.903: Total time for which application threads were stopped: 0.1164416 seconds, Stopping threads took: 0.0000664 seconds
         vmop                    [threads: total initially_running wait_to_block]    [time: spin block sync cleanup vmop] page_trap_count
33.310: RevokeBias                       [      36          0              0    ]      [     0     0     0     0     0    ]  0
2017-11-17T22:04:05.389+0800: 33.310: Total time for which application threads were stopped: 0.0003084 seconds, Stopping threads took: 0.0001075 seconds
         vmop                    [threads: total initially_running wait_to_block]    [time: spin block sync cleanup vmop] page_trap_count
33.414: RevokeBias                       [      36          0              0    ]      [     0     0     0     0     0    ]  0
2017-11-17T22:04:05.494+0800: 33.414: Total time for which application threads were stopped: 0.0002699 seconds, Stopping threads took: 0.0000618 seconds
         vmop                    [threads: total initially_running wait_to_block]    [time: spin block sync cleanup vmop] page_trap_count
33.744: BulkRevokeBias                   [      36          1              1    ]      [     0     0     0     0     0    ]  1
2017-11-17T22:04:05.824+0800: 33.745: Total time for which application threads were stopped: 0.0005480 seconds, Stopping threads took: 0.0000973 seconds
2017-11-17T22:04:06.248+0800: 34.169: [GC pause (G1 Evacuation Pause) (young) 34.169: [G1Ergonomics (CSet Construction) start choosing CSet, _pending_cards: 7767, predicted base time: 31.27 ms, remaining time: 168.73 ms, target pause time: 200.00 ms]
 34.169: [G1Ergonomics (CSet Construction) add young regions to CSet, eden: 1039 regions, survivors: 102 regions, predicted young region time: 143.60 ms]
 34.169: [G1Ergonomics (CSet Construction) finish choosing CSet, eden: 1039 regions, survivors: 102 regions, old: 0 regions, predicted pause time: 174.86 ms, target pause time: 200.00 ms]
, 0.1644988 secs]
   [Parallel Time: 159.0 ms, GC Workers: 8]
      [GC Worker Start (ms): Min: 34169.2, Avg: 34174.9, Max: 34185.0, Diff: 15.8]
      [Ext Root Scanning (ms): Min: 0.0, Avg: 0.3, Max: 1.3, Diff: 1.3, Sum: 2.5]
      [Update RS (ms): Min: 0.0, Avg: 7.8, Max: 14.2, Diff: 14.2, Sum: 62.1]
         [Processed Buffers: Min: 0, Avg: 5.0, Max: 11, Diff: 11, Sum: 40]
      [Scan RS (ms): Min: 4.8, Avg: 24.6, Max: 55.0, Diff: 50.2, Sum: 196.9]
      [Code Root Scanning (ms): Min: 0.0, Avg: 0.0, Max: 0.1, Diff: 0.1, Sum: 0.2]
      [Object Copy (ms): Min: 80.2, Avg: 110.0, Max: 127.5, Diff: 47.4, Sum: 880.3]
      [Termination (ms): Min: 0.1, Avg: 3.3, Max: 3.9, Diff: 3.8, Sum: 26.3]
         [Termination Attempts: Min: 1, Avg: 390.8, Max: 775, Diff: 774, Sum: 3126]
      [GC Worker Other (ms): Min: 0.0, Avg: 1.8, Max: 7.0, Diff: 6.9, Sum: 14.1]
      [GC Worker Total (ms): Min: 136.0, Avg: 147.8, Max: 155.2, Diff: 19.2, Sum: 1182.3]
      [GC Worker End (ms): Min: 34320.9, Avg: 34322.7, Max: 34327.9, Diff: 7.0]
   [Code Root Fixup: 0.0 ms]
   [Code Root Purge: 0.0 ms]
   [Clear CT: 0.7 ms]
   [Other: 4.8 ms]
      [Choose CSet: 0.0 ms]
      [Ref Proc: 0.7 ms]
      [Ref Enq: 0.0 ms]
      [Redirty Cards: 1.8 ms]
      [Humongous Register: 0.2 ms]
      [Humongous Reclaim: 0.1 ms]
      [Free CSet: 1.5 ms]
   [Eden: 1039.0M(1039.0M)->0.0B(1698.0M) Survivors: 102.0M->68.0M Heap: 1480.0M(2944.0M)->468.0M(2944.0M)]
 [Times: user=0.71 sys=0.01, real=0.17 secs]
         vmop                    [threads: total initially_running wait_to_block]    [time: spin block sync cleanup vmop] page_trap_count
34.169: G1IncCollectionPause             [      36          0              0    ]      [     0     0     0     0   164    ]  0
2017-11-17T22:04:06.413+0800: 34.334: Total time for which application threads were stopped: 0.1649789 seconds, Stopping threads took: 0.0000797 seconds
         vmop                    [threads: total initially_running wait_to_block]    [time: spin block sync cleanup vmop] page_trap_count
35.334: no vm operation                  [      36          1              1    ]      [    15     0    15     0     0    ]  1
2017-11-17T22:04:07.429+0800: 35.349: Total time for which application threads were stopped: 0.0156518 seconds, Stopping threads took: 0.0153361 seconds
2017-11-17T22:04:08.672+0800: 36.592: [GC pause (G1 Evacuation Pause) (young) 36.592: [G1Ergonomics (CSet Construction) start choosing CSet, _pending_cards: 6232, predicted base time: 27.93 ms, remaining time: 172.07 ms, target pause time: 200.00 ms]
 36.592: [G1Ergonomics (CSet Construction) add young regions to CSet, eden: 1698 regions, survivors: 68 regions, predicted young region time: 117.63 ms]
 36.592: [G1Ergonomics (CSet Construction) finish choosing CSet, eden: 1698 regions, survivors: 68 regions, old: 0 regions, predicted pause time: 145.56 ms, target pause time: 200.00 ms]
, 0.1532227 secs]
   [Parallel Time: 147.7 ms, GC Workers: 8]
      [GC Worker Start (ms): Min: 36592.3, Avg: 36594.5, Max: 36596.9, Diff: 4.6]
      [Ext Root Scanning (ms): Min: 0.0, Avg: 0.4, Max: 1.0, Diff: 0.9, Sum: 3.1]
      [Update RS (ms): Min: 5.7, Avg: 10.0, Max: 16.1, Diff: 10.4, Sum: 80.2]
         [Processed Buffers: Min: 1, Avg: 3.5, Max: 8, Diff: 7, Sum: 28]
      [Scan RS (ms): Min: 0.4, Avg: 4.3, Max: 13.4, Diff: 13.0, Sum: 34.6]
      [Code Root Scanning (ms): Min: 0.0, Avg: 0.0, Max: 0.1, Diff: 0.1, Sum: 0.2]
      [Object Copy (ms): Min: 90.7, Avg: 100.2, Max: 117.8, Diff: 27.1, Sum: 801.3]
      [Termination (ms): Min: 0.0, Avg: 17.5, Max: 29.1, Diff: 29.1, Sum: 140.0]
         [Termination Attempts: Min: 1, Avg: 1952.2, Max: 4478, Diff: 4477, Sum: 15618]
      [GC Worker Other (ms): Min: 0.0, Avg: 1.9, Max: 15.0, Diff: 15.0, Sum: 15.3]
      [GC Worker Total (ms): Min: 128.1, Avg: 134.3, Max: 147.6, Diff: 19.5, Sum: 1074.6]
      [GC Worker End (ms): Min: 36724.9, Avg: 36728.8, Max: 36739.9, Diff: 15.0]
   [Code Root Fixup: 0.0 ms]
   [Code Root Purge: 0.0 ms]
   [Clear CT: 0.9 ms]
   [Other: 4.6 ms]
      [Choose CSet: 0.0 ms]
      [Ref Proc: 0.5 ms]
      [Ref Enq: 0.0 ms]
      [Redirty Cards: 0.3 ms]
      [Humongous Register: 0.2 ms]
      [Humongous Reclaim: 0.1 ms]
      [Free CSet: 3.1 ms]
   [Eden: 1698.0M(1698.0M)->0.0B(1657.0M) Survivors: 68.0M->109.0M Heap: 2169.0M(2944.0M)->511.5M(2944.0M)]
 [Times: user=0.60 sys=0.00, real=0.16 secs]
         vmop                    [threads: total initially_running wait_to_block]    [time: spin block sync cleanup vmop] page_trap_count
36.592: G1IncCollectionPause             [      36          0              0    ]      [     0     0     0     0   153    ]  0
2017-11-17T22:04:08.825+0800: 36.745: Total time for which application threads were stopped: 0.1536318 seconds, Stopping threads took: 0.0000530 seconds
         vmop                    [threads: total initially_running wait_to_block]    [time: spin block sync cleanup vmop] page_trap_count
38.039: RevokeBias                       [      36          1              1    ]      [     0     0     0     0     0    ]  1
2017-11-17T22:04:10.119+0800: 38.039: Total time for which application threads were stopped: 0.0002713 seconds, Stopping threads took: 0.0001066 seconds
         vmop                    [threads: total initially_running wait_to_block]    [time: spin block sync cleanup vmop] page_trap_count
38.039: RevokeBias                       [      36          1              1    ]      [     0     0     0     0     0    ]  1
2017-11-17T22:04:10.119+0800: 38.039: Total time for which application threads were stopped: 0.0001673 seconds, Stopping threads took: 0.0000609 seconds
2017-11-17T22:04:10.690+0800: 38.610: [GC pause (G1 Evacuation Pause) (young) 38.610: [G1Ergonomics (CSet Construction) start choosing CSet, _pending_cards: 8172, predicted base time: 31.65 ms, remaining time: 168.35 ms, target pause time: 200.00 ms]
 38.610: [G1Ergonomics (CSet Construction) add young regions to CSet, eden: 1657 regions, survivors: 109 regions, predicted young region time: 142.25 ms]
 38.610: [G1Ergonomics (CSet Construction) finish choosing CSet, eden: 1657 regions, survivors: 109 regions, old: 0 regions, predicted pause time: 173.90 ms, target pause time: 200.00 ms]
, 0.1432529 secs]
   [Parallel Time: 138.7 ms, GC Workers: 8]
      [GC Worker Start (ms): Min: 38610.4, Avg: 38610.7, Max: 38611.3, Diff: 0.9]
      [Ext Root Scanning (ms): Min: 0.0, Avg: 1.1, Max: 5.3, Diff: 5.3, Sum: 9.2]
      [Update RS (ms): Min: 10.7, Avg: 14.3, Max: 20.8, Diff: 10.1, Sum: 114.5]
         [Processed Buffers: Min: 2, Avg: 4.2, Max: 7, Diff: 5, Sum: 34]
      [Scan RS (ms): Min: 0.2, Avg: 3.0, Max: 7.2, Diff: 7.0, Sum: 23.9]
      [Code Root Scanning (ms): Min: 0.0, Avg: 0.0, Max: 0.1, Diff: 0.1, Sum: 0.2]
      [Object Copy (ms): Min: 105.3, Avg: 113.3, Max: 116.1, Diff: 10.8, Sum: 906.8]
      [Termination (ms): Min: 0.0, Avg: 0.9, Max: 6.5, Diff: 6.5, Sum: 7.4]
         [Termination Attempts: Min: 1, Avg: 148.1, Max: 297, Diff: 296, Sum: 1185]
      [GC Worker Other (ms): Min: 0.0, Avg: 3.0, Max: 6.1, Diff: 6.0, Sum: 24.3]
      [GC Worker Total (ms): Min: 131.4, Avg: 135.8, Max: 138.3, Diff: 7.0, Sum: 1086.3]
      [GC Worker End (ms): Min: 38742.7, Avg: 38746.4, Max: 38748.9, Diff: 6.3]
   [Code Root Fixup: 0.0 ms]
   [Code Root Purge: 0.0 ms]
   [Clear CT: 0.8 ms]
   [Other: 3.7 ms]
      [Choose CSet: 0.0 ms]
      [Ref Proc: 0.5 ms]
      [Ref Enq: 0.0 ms]
      [Redirty Cards: 0.4 ms]
      [Humongous Register: 0.2 ms]
      [Humongous Reclaim: 0.1 ms]
      [Free CSet: 2.2 ms]
   [Eden: 1657.0M(1657.0M)->0.0B(1618.0M) Survivors: 109.0M->148.0M Heap: 2168.5M(2944.0M)->550.5M(2944.0M)]
 [Times: user=0.70 sys=0.01, real=0.15 secs]
         vmop                    [threads: total initially_running wait_to_block]    [time: spin block sync cleanup vmop] page_trap_count
38.610: G1IncCollectionPause             [      36          0              0    ]      [     0     0     0     0   143    ]  0
2017-11-17T22:04:10.833+0800: 38.754: Total time for which application threads were stopped: 0.1436435 seconds, Stopping threads took: 0.0000518 seconds
2017-11-17T22:04:11.435+0800: 39.356: [GC pause (G1 Evacuation Pause) (young) 39.356: [G1Ergonomics (CSet Construction) start choosing CSet, _pending_cards: 7282, predicted base time: 28.85 ms, remaining time: 171.15 ms, target pause time: 200.00 ms]
 39.356: [G1Ergonomics (CSet Construction) add young regions to CSet, eden: 741 regions, survivors: 148 regions, predicted young region time: 158.17 ms]
 39.356: [G1Ergonomics (CSet Construction) finish choosing CSet, eden: 741 regions, survivors: 148 regions, old: 0 regions, predicted pause time: 187.02 ms, target pause time: 200.00 ms]
, 0.1871140 secs]
   [Parallel Time: 183.4 ms, GC Workers: 8]
      [GC Worker Start (ms): Min: 39355.8, Avg: 39357.2, Max: 39366.1, Diff: 10.2]
      [Ext Root Scanning (ms): Min: 0.0, Avg: 0.5, Max: 0.9, Diff: 0.9, Sum: 4.4]
      [Update RS (ms): Min: 0.0, Avg: 5.7, Max: 9.1, Diff: 9.1, Sum: 45.3]
         [Processed Buffers: Min: 0, Avg: 4.0, Max: 10, Diff: 10, Sum: 32]
      [Scan RS (ms): Min: 17.1, Avg: 22.0, Max: 31.9, Diff: 14.9, Sum: 175.8]
      [Code Root Scanning (ms): Min: 0.0, Avg: 0.0, Max: 0.0, Diff: 0.0, Sum: 0.1]
      [Object Copy (ms): Min: 131.9, Avg: 140.1, Max: 150.5, Diff: 18.7, Sum: 1120.7]
      [Termination (ms): Min: 5.4, Avg: 13.5, Max: 20.4, Diff: 15.1, Sum: 107.9]
         [Termination Attempts: Min: 164, Avg: 7373.8, Max: 10028, Diff: 9864, Sum: 58990]
      [GC Worker Other (ms): Min: 0.0, Avg: 0.1, Max: 0.1, Diff: 0.1, Sum: 0.5]
      [GC Worker Total (ms): Min: 173.0, Avg: 181.8, Max: 183.3, Diff: 10.3, Sum: 1454.6]
      [GC Worker End (ms): Min: 39539.0, Avg: 39539.1, Max: 39539.1, Diff: 0.1]
   [Code Root Fixup: 0.0 ms]
   [Code Root Purge: 0.0 ms]
   [Clear CT: 0.7 ms]
   [Other: 3.0 ms]
      [Choose CSet: 0.0 ms]
      [Ref Proc: 0.7 ms]
      [Ref Enq: 0.0 ms]
      [Redirty Cards: 0.4 ms]
      [Humongous Register: 0.2 ms]
      [Humongous Reclaim: 0.1 ms]
      [Free CSet: 1.2 ms]
   [Eden: 741.0M(1024.0K)->0.0B(1747.0M) Survivors: 148.0M->19.0M Heap: 1295.5M(2944.0M)->632.4M(2944.0M)]
 [Times: user=1.00 sys=0.06, real=0.19 secs]
         vmop                    [threads: total initially_running wait_to_block]    [time: spin block sync cleanup vmop] page_trap_count
39.355: G1IncCollectionPause             [      36          0              0    ]      [     0     0     0     0   187    ]  0
2017-11-17T22:04:11.622+0800: 39.543: Total time for which application threads were stopped: 0.1875441 seconds, Stopping threads took: 0.0000592 seconds
         vmop                    [threads: total initially_running wait_to_block]    [time: spin block sync cleanup vmop] page_trap_count
40.879: RevokeBias                       [      36          0              1    ]      [     0     0     0     0     0    ]  0
2017-11-17T22:04:12.959+0800: 40.879: Total time for which application threads were stopped: 0.0002813 seconds, Stopping threads took: 0.0001139 seconds
         vmop                    [threads: total initially_running wait_to_block]    [time: spin block sync cleanup vmop] page_trap_count
40.966: RevokeBias                       [      36          0              1    ]      [     0     0     0     0     0    ]  0
2017-11-17T22:04:13.046+0800: 40.966: Total time for which application threads were stopped: 0.0003292 seconds, Stopping threads took: 0.0001271 seconds
2017-11-17T22:04:13.989+0800: 41.909: [GC pause (G1 Evacuation Pause) (young) 41.909: [G1Ergonomics (CSet Construction) start choosing CSet, _pending_cards: 7920, predicted base time: 25.84 ms, remaining time: 174.16 ms, target pause time: 200.00 ms]
 41.909: [G1Ergonomics (CSet Construction) add young regions to CSet, eden: 1747 regions, survivors: 19 regions, predicted young region time: 57.69 ms]
 41.909: [G1Ergonomics (CSet Construction) finish choosing CSet, eden: 1747 regions, survivors: 19 regions, old: 0 regions, predicted pause time: 83.53 ms, target pause time: 200.00 ms]
, 0.0624637 secs]
   [Parallel Time: 58.1 ms, GC Workers: 8]
      [GC Worker Start (ms): Min: 41909.5, Avg: 41913.4, Max: 41918.4, Diff: 8.9]
      [Ext Root Scanning (ms): Min: 0.0, Avg: 0.3, Max: 2.6, Diff: 2.6, Sum: 2.8]
      [Update RS (ms): Min: 3.3, Avg: 11.1, Max: 23.4, Diff: 20.2, Sum: 88.8]
         [Processed Buffers: Min: 1, Avg: 4.9, Max: 11, Diff: 10, Sum: 39]
      [Scan RS (ms): Min: 0.1, Avg: 0.8, Max: 2.6, Diff: 2.5, Sum: 6.1]
      [Code Root Scanning (ms): Min: 0.0, Avg: 0.0, Max: 0.1, Diff: 0.1, Sum: 0.1]
      [Object Copy (ms): Min: 31.5, Avg: 41.2, Max: 44.6, Diff: 13.1, Sum: 330.0]
      [Termination (ms): Min: 0.0, Avg: 0.3, Max: 0.5, Diff: 0.5, Sum: 2.3]
         [Termination Attempts: Min: 1, Avg: 392.4, Max: 621, Diff: 620, Sum: 3139]
      [GC Worker Other (ms): Min: 0.0, Avg: 0.1, Max: 0.2, Diff: 0.2, Sum: 0.9]
      [GC Worker Total (ms): Min: 48.8, Avg: 53.9, Max: 57.9, Diff: 9.1, Sum: 431.0]
      [GC Worker End (ms): Min: 41967.2, Avg: 41967.3, Max: 41967.4, Diff: 0.2]
   [Code Root Fixup: 0.0 ms]
   [Code Root Purge: 0.0 ms]
   [Clear CT: 0.8 ms]
   [Other: 3.5 ms]
      [Choose CSet: 0.0 ms]
      [Ref Proc: 0.4 ms]
      [Ref Enq: 0.0 ms]
      [Redirty Cards: 0.3 ms]
      [Humongous Register: 0.3 ms]
      [Humongous Reclaim: 0.1 ms]
      [Free CSet: 2.0 ms]
   [Eden: 1747.0M(1747.0M)->0.0B(1704.0M) Survivors: 19.0M->62.0M Heap: 2382.1M(2944.0M)->677.6M(2944.0M)]
 [Times: user=0.34 sys=0.00, real=0.06 secs]
         vmop                    [threads: total initially_running wait_to_block]    [time: spin block sync cleanup vmop] page_trap_count
41.909: G1IncCollectionPause             [      36          0              0    ]      [     0     0     0     0    62    ]  0
2017-11-17T22:04:14.051+0800: 41.972: Total time for which application threads were stopped: 0.0629538 seconds, Stopping threads took: 0.0000689 seconds
         vmop                    [threads: total initially_running wait_to_block]    [time: spin block sync cleanup vmop] page_trap_count
42.972: no vm operation                  [      36          0              0    ]      [     0     0     0     0     0    ]  0
2017-11-17T22:04:15.052+0800: 42.972: Total time for which application threads were stopped: 0.0002590 seconds, Stopping threads took: 0.0001031 seconds
         vmop                    [threads: total initially_running wait_to_block]    [time: spin block sync cleanup vmop] page_trap_count
43.744: RevokeBias                       [      36          0              1    ]      [     0     0     0     0     0    ]  0
2017-11-17T22:04:15.823+0800: 43.744: Total time for which application threads were stopped: 0.0002843 seconds, Stopping threads took: 0.0001012 seconds
         vmop                    [threads: total initially_running wait_to_block]    [time: spin block sync cleanup vmop] page_trap_count
44.040: RevokeBias                       [      36          1              1    ]      [     0     0     0     0     0    ]  0
2017-11-17T22:04:16.120+0800: 44.040: Total time for which application threads were stopped: 0.0003599 seconds, Stopping threads took: 0.0000942 seconds
         vmop                    [threads: total initially_running wait_to_block]    [time: spin block sync cleanup vmop] page_trap_count
44.040: RevokeBias                       [      36          1              1    ]      [     0     0     0     0     0    ]  1
2017-11-17T22:04:16.120+0800: 44.040: Total time for which application threads were stopped: 0.0001501 seconds, Stopping threads took: 0.0000491 seconds
2017-11-17T22:04:17.081+0800: 45.002: [GC pause (G1 Evacuation Pause) (young) 45.002: [G1Ergonomics (CSet Construction) start choosing CSet, _pending_cards: 8485, predicted base time: 25.07 ms, remaining time: 174.93 ms, target pause time: 200.00 ms]
 45.002: [G1Ergonomics (CSet Construction) add young regions to CSet, eden: 1704 regions, survivors: 62 regions, predicted young region time: 83.64 ms]
 45.002: [G1Ergonomics (CSet Construction) finish choosing CSet, eden: 1704 regions, survivors: 62 regions, old: 0 regions, predicted pause time: 108.71 ms, target pause time: 200.00 ms]
, 0.0986626 secs]
   [Parallel Time: 92.1 ms, GC Workers: 8]
      [GC Worker Start (ms): Min: 45002.1, Avg: 45002.8, Max: 45004.9, Diff: 2.8]
      [Ext Root Scanning (ms): Min: 0.0, Avg: 0.4, Max: 1.0, Diff: 1.0, Sum: 3.0]
      [Update RS (ms): Min: 10.7, Avg: 13.2, Max: 16.5, Diff: 5.7, Sum: 105.4]
         [Processed Buffers: Min: 1, Avg: 5.0, Max: 12, Diff: 11, Sum: 40]
      [Scan RS (ms): Min: 0.2, Avg: 0.4, Max: 1.3, Diff: 1.1, Sum: 3.4]
      [Code Root Scanning (ms): Min: 0.0, Avg: 0.0, Max: 0.1, Diff: 0.1, Sum: 0.2]
      [Object Copy (ms): Min: 74.2, Avg: 76.9, Max: 78.1, Diff: 3.9, Sum: 615.2]
      [Termination (ms): Min: 0.0, Avg: 0.3, Max: 0.5, Diff: 0.5, Sum: 2.6]
         [Termination Attempts: Min: 1, Avg: 583.0, Max: 981, Diff: 980, Sum: 4664]
      [GC Worker Other (ms): Min: 0.0, Avg: 0.1, Max: 0.1, Diff: 0.1, Sum: 0.6]
      [GC Worker Total (ms): Min: 89.1, Avg: 91.3, Max: 92.0, Diff: 2.8, Sum: 730.4]
      [GC Worker End (ms): Min: 45094.1, Avg: 45094.1, Max: 45094.2, Diff: 0.1]
   [Code Root Fixup: 0.0 ms]
   [Code Root Purge: 0.0 ms]
   [Clear CT: 0.9 ms]
   [Other: 5.6 ms]
      [Choose CSet: 0.0 ms]
      [Ref Proc: 0.7 ms]
      [Ref Enq: 0.0 ms]
      [Redirty Cards: 0.5 ms]
      [Humongous Register: 0.2 ms]
      [Humongous Reclaim: 0.1 ms]
      [Free CSet: 3.8 ms]
   [Eden: 1704.0M(1704.0M)->0.0B(1665.0M) Survivors: 62.0M->101.0M Heap: 2383.1M(2944.0M)->718.6M(2944.0M)]
 [Times: user=0.53 sys=0.00, real=0.09 secs]
         vmop                    [threads: total initially_running wait_to_block]    [time: spin block sync cleanup vmop] page_trap_count
45.002: G1IncCollectionPause             [      36          0              0    ]      [     0     0     0     0    98    ]  0
2017-11-17T22:04:17.180+0800: 45.101: Total time for which application threads were stopped: 0.0992044 seconds, Stopping threads took: 0.0000744 seconds
         vmop                    [threads: total initially_running wait_to_block]    [time: spin block sync cleanup vmop] page_trap_count
46.101: no vm operation                  [      36          1              1    ]      [     0     0     0     0     0    ]  1
2017-11-17T22:04:18.181+0800: 46.101: Total time for which application threads were stopped: 0.0003794 seconds, Stopping threads took: 0.0001708 seconds
2017-11-17T22:04:20.197+0800: 48.117: [GC pause (G1 Evacuation Pause) (young) 48.117: [G1Ergonomics (CSet Construction) start choosing CSet, _pending_cards: 13223, predicted base time: 30.87 ms, remaining time: 169.13 ms, target pause time: 200.00 ms]
 48.117: [G1Ergonomics (CSet Construction) add young regions to CSet, eden: 1665 regions, survivors: 101 regions, predicted young region time: 106.85 ms]
 48.117: [G1Ergonomics (CSet Construction) finish choosing CSet, eden: 1665 regions, survivors: 101 regions, old: 0 regions, predicted pause time: 137.71 ms, target pause time: 200.00 ms]
, 0.1348632 secs]
   [Parallel Time: 130.0 ms, GC Workers: 8]
      [GC Worker Start (ms): Min: 48117.8, Avg: 48122.4, Max: 48133.6, Diff: 15.8]
      [Ext Root Scanning (ms): Min: 0.0, Avg: 0.5, Max: 1.3, Diff: 1.3, Sum: 4.1]
      [Update RS (ms): Min: 4.9, Avg: 19.6, Max: 31.1, Diff: 26.2, Sum: 156.7]
         [Processed Buffers: Min: 3, Avg: 7.0, Max: 11, Diff: 8, Sum: 56]
      [Scan RS (ms): Min: 0.1, Avg: 0.5, Max: 1.3, Diff: 1.2, Sum: 4.1]
      [Code Root Scanning (ms): Min: 0.0, Avg: 0.0, Max: 0.1, Diff: 0.1, Sum: 0.2]
      [Object Copy (ms): Min: 96.9, Avg: 104.3, Max: 107.5, Diff: 10.6, Sum: 834.3]
      [Termination (ms): Min: 0.0, Avg: 0.1, Max: 0.2, Diff: 0.2, Sum: 1.0]
         [Termination Attempts: Min: 1, Avg: 44.8, Max: 83, Diff: 82, Sum: 358]
      [GC Worker Other (ms): Min: 0.0, Avg: 0.1, Max: 0.2, Diff: 0.1, Sum: 0.5]
      [GC Worker Total (ms): Min: 113.9, Avg: 125.1, Max: 129.7, Diff: 15.8, Sum: 1001.0]
      [GC Worker End (ms): Min: 48247.4, Avg: 48247.5, Max: 48247.6, Diff: 0.1]
   [Code Root Fixup: 0.0 ms]
   [Code Root Purge: 0.0 ms]
   [Clear CT: 1.1 ms]
   [Other: 3.8 ms]
      [Choose CSet: 0.0 ms]
      [Ref Proc: 0.6 ms]
      [Ref Enq: 0.0 ms]
      [Redirty Cards: 0.3 ms]
      [Humongous Register: 0.3 ms]
      [Humongous Reclaim: 0.1 ms]
      [Free CSet: 2.2 ms]
   [Eden: 1665.0M(1665.0M)->0.0B(1625.0M) Survivors: 101.0M->141.0M Heap: 2385.6M(2944.0M)->760.6M(2944.0M)]
 [Times: user=0.65 sys=0.02, real=0.13 secs]
         vmop                    [threads: total initially_running wait_to_block]    [time: spin block sync cleanup vmop] page_trap_count
48.117: G1IncCollectionPause             [      36          0              0    ]      [     0     0     0     0   135    ]  0
2017-11-17T22:04:20.332+0800: 48.252: Total time for which application threads were stopped: 0.1353737 seconds, Stopping threads took: 0.0000995 seconds
2017-11-17T22:04:23.613+0800: 51.533: [GC pause (G1 Evacuation Pause) (young) 51.533: [G1Ergonomics (CSet Construction) start choosing CSet, _pending_cards: 10443, predicted base time: 26.21 ms, remaining time: 173.79 ms, target pause time: 200.00 ms]
 51.533: [G1Ergonomics (CSet Construction) add young regions to CSet, eden: 1625 regions, survivors: 141 regions, predicted young region time: 146.17 ms]
 51.533: [G1Ergonomics (CSet Construction) finish choosing CSet, eden: 1625 regions, survivors: 141 regions, old: 0 regions, predicted pause time: 172.38 ms, target pause time: 200.00 ms]
, 0.2024750 secs]
   [Parallel Time: 197.6 ms, GC Workers: 8]
      [GC Worker Start (ms): Min: 51533.4, Avg: 51533.9, Max: 51537.1, Diff: 3.7]
      [Ext Root Scanning (ms): Min: 0.0, Avg: 1.9, Max: 11.4, Diff: 11.4, Sum: 15.2]
      [Update RS (ms): Min: 0.0, Avg: 9.9, Max: 17.4, Diff: 17.4, Sum: 78.9]
         [Processed Buffers: Min: 0, Avg: 5.5, Max: 11, Diff: 11, Sum: 44]
      [Scan RS (ms): Min: 2.7, Avg: 13.8, Max: 25.0, Diff: 22.2, Sum: 110.8]
      [Code Root Scanning (ms): Min: 0.0, Avg: 0.0, Max: 0.1, Diff: 0.1, Sum: 0.2]
      [Object Copy (ms): Min: 155.1, Avg: 165.8, Max: 175.6, Diff: 20.6, Sum: 1326.5]
      [Termination (ms): Min: 0.6, Avg: 5.0, Max: 6.1, Diff: 5.4, Sum: 40.0]
         [Termination Attempts: Min: 1, Avg: 1033.4, Max: 1817, Diff: 1816, Sum: 8267]
      [GC Worker Other (ms): Min: 0.0, Avg: 0.2, Max: 0.3, Diff: 0.3, Sum: 1.7]
      [GC Worker Total (ms): Min: 193.6, Avg: 196.7, Max: 197.3, Diff: 3.7, Sum: 1573.3]
      [GC Worker End (ms): Min: 51730.4, Avg: 51730.6, Max: 51730.7, Diff: 0.3]
   [Code Root Fixup: 0.0 ms]
   [Code Root Purge: 0.0 ms]
   [Clear CT: 1.1 ms]
   [Other: 3.8 ms]
      [Choose CSet: 0.0 ms]
      [Ref Proc: 0.5 ms]
      [Ref Enq: 0.0 ms]
      [Redirty Cards: 0.5 ms]
      [Humongous Register: 0.2 ms]
      [Humongous Reclaim: 0.1 ms]
      [Free CSet: 2.2 ms]
   [Eden: 1625.0M(1625.0M)->0.0B(1644.0M) Survivors: 141.0M->122.0M Heap: 2389.6M(2944.0M)->814.4M(2944.0M)]
 [Times: user=1.07 sys=0.04, real=0.20 secs]
         vmop                    [threads: total initially_running wait_to_block]    [time: spin block sync cleanup vmop] page_trap_count
51.533: G1IncCollectionPause             [      35          0              0    ]      [     0     0     0     0   202    ]  0
2017-11-17T22:04:23.815+0800: 51.736: Total time for which application threads were stopped: 0.2029131 seconds, Stopping threads took: 0.0000606 seconds
         vmop                    [threads: total initially_running wait_to_block]    [time: spin block sync cleanup vmop] page_trap_count
52.918: RevokeBias                       [      35          0              0    ]      [     0     0     0     0     0    ]  0
2017-11-17T22:04:24.998+0800: 52.919: Total time for which application threads were stopped: 0.0002496 seconds, Stopping threads took: 0.0000612 seconds
         vmop                    [threads: total initially_running wait_to_block]    [time: spin block sync cleanup vmop] page_trap_count
53.001: RevokeBias                       [      35          0              1    ]      [     0     0     0     0     0    ]  0
2017-11-17T22:04:25.081+0800: 53.001: Total time for which application threads were stopped: 0.0003478 seconds, Stopping threads took: 0.0001289 seconds
         vmop                    [threads: total initially_running wait_to_block]    [time: spin block sync cleanup vmop] page_trap_count
53.008: RevokeBias                       [      36          0              0    ]      [     0     0     0     0     0    ]  0
2017-11-17T22:04:25.088+0800: 53.009: Total time for which application threads were stopped: 0.0002899 seconds, Stopping threads took: 0.0000530 seconds
         vmop                    [threads: total initially_running wait_to_block]    [time: spin block sync cleanup vmop] page_trap_count
53.009: RevokeBias                       [      36          0              2    ]      [     0     0     0     0     0    ]  0
2017-11-17T22:04:25.088+0800: 53.009: Total time for which application threads were stopped: 0.0002019 seconds, Stopping threads took: 0.0000915 seconds
         vmop                    [threads: total initially_running wait_to_block]    [time: spin block sync cleanup vmop] page_trap_count
53.009: RevokeBias                       [      36          0              1    ]      [     0     0     0     0     0    ]  0
2017-11-17T22:04:25.089+0800: 53.009: Total time for which application threads were stopped: 0.0002166 seconds, Stopping threads took: 0.0000700 seconds
         vmop                    [threads: total initially_running wait_to_block]    [time: spin block sync cleanup vmop] page_trap_count
53.009: RevokeBias                       [      36          0              0    ]      [     0     0     0     0     0    ]  0
2017-11-17T22:04:25.089+0800: 53.009: Total time for which application threads were stopped: 0.0001345 seconds, Stopping threads took: 0.0000336 seconds
         vmop                    [threads: total initially_running wait_to_block]    [time: spin block sync cleanup vmop] page_trap_count
53.010: RevokeBias                       [      36          1              0    ]      [     0     0     0     0     0    ]  0
2017-11-17T22:04:25.089+0800: 53.010: Total time for which application threads were stopped: 0.0001932 seconds, Stopping threads took: 0.0000991 seconds
         vmop                    [threads: total initially_running wait_to_block]    [time: spin block sync cleanup vmop] page_trap_count
53.010: RevokeBias                       [      36          0              1    ]      [     0     0     0     0     0    ]  0
2017-11-17T22:04:25.089+0800: 53.010: Total time for which application threads were stopped: 0.0001934 seconds, Stopping threads took: 0.0000524 seconds
         vmop                    [threads: total initially_running wait_to_block]    [time: spin block sync cleanup vmop] page_trap_count
53.744: RevokeBias                       [      36          1              2    ]      [     0     0     0     0     0    ]  1
2017-11-17T22:04:25.824+0800: 53.744: Total time for which application threads were stopped: 0.0003293 seconds, Stopping threads took: 0.0001503 seconds
2017-11-17T22:04:26.124+0800: 54.045: [GC pause (G1 Evacuation Pause) (young) 54.045: [G1Ergonomics (CSet Construction) start choosing CSet, _pending_cards: 10973, predicted base time: 24.60 ms, remaining time: 175.40 ms, target pause time: 200.00 ms]
 54.045: [G1Ergonomics (CSet Construction) add young regions to CSet, eden: 1644 regions, survivors: 122 regions, predicted young region time: 149.59 ms]
 54.045: [G1Ergonomics (CSet Construction) finish choosing CSet, eden: 1644 regions, survivors: 122 regions, old: 0 regions, predicted pause time: 174.19 ms, target pause time: 200.00 ms]
, 0.1386700 secs]
   [Parallel Time: 134.1 ms, GC Workers: 8]
      [GC Worker Start (ms): Min: 54045.3, Avg: 54049.2, Max: 54061.0, Diff: 15.7]
      [Ext Root Scanning (ms): Min: 0.0, Avg: 0.5, Max: 1.0, Diff: 0.9, Sum: 4.2]
      [Update RS (ms): Min: 0.0, Avg: 10.1, Max: 16.4, Diff: 16.4, Sum: 80.9]
         [Processed Buffers: Min: 0, Avg: 6.4, Max: 16, Diff: 16, Sum: 51]
      [Scan RS (ms): Min: 2.8, Avg: 8.3, Max: 24.7, Diff: 21.9, Sum: 66.8]
      [Code Root Scanning (ms): Min: 0.0, Avg: 0.0, Max: 0.1, Diff: 0.1, Sum: 0.2]
      [Object Copy (ms): Min: 94.4, Avg: 110.3, Max: 113.5, Diff: 19.1, Sum: 882.2]
      [Termination (ms): Min: 0.1, Avg: 0.4, Max: 0.7, Diff: 0.6, Sum: 3.5]
         [Termination Attempts: Min: 1, Avg: 683.0, Max: 1211, Diff: 1210, Sum: 5464]
      [GC Worker Other (ms): Min: 0.0, Avg: 0.1, Max: 0.2, Diff: 0.2, Sum: 1.0]
      [GC Worker Total (ms): Min: 118.1, Avg: 129.8, Max: 133.9, Diff: 15.8, Sum: 1038.8]
      [GC Worker End (ms): Min: 54179.0, Avg: 54179.1, Max: 54179.2, Diff: 0.2]
   [Code Root Fixup: 0.0 ms]
   [Code Root Purge: 0.0 ms]
   [Clear CT: 1.0 ms]
   [Other: 3.5 ms]
      [Choose CSet: 0.0 ms]
      [Ref Proc: 0.6 ms]
      [Ref Enq: 0.0 ms]
      [Redirty Cards: 0.2 ms]
      [Humongous Register: 0.2 ms]
      [Humongous Reclaim: 0.1 ms]
      [Free CSet: 2.2 ms]
   [Eden: 1644.0M(1644.0M)->0.0B(1646.0M) Survivors: 122.0M->120.0M Heap: 2461.6M(2944.0M)->858.9M(2944.0M)]
 [Times: user=0.77 sys=0.02, real=0.14 secs]
         vmop                    [threads: total initially_running wait_to_block]    [time: spin block sync cleanup vmop] page_trap_count
54.045: G1IncCollectionPause             [      36          0              0    ]      [     0     0     0     0   138    ]  0
2017-11-17T22:04:26.263+0800: 54.184: Total time for which application threads were stopped: 0.1391235 seconds, Stopping threads took: 0.0000690 seconds
2017-11-17T22:04:28.014+0800: 55.934: [GC pause (G1 Evacuation Pause) (young) 55.934: [G1Ergonomics (CSet Construction) start choosing CSet, _pending_cards: 11923, predicted base time: 24.29 ms, remaining time: 175.71 ms, target pause time: 200.00 ms]
 55.934: [G1Ergonomics (CSet Construction) add young regions to CSet, eden: 1646 regions, survivors: 120 regions, predicted young region time: 136.68 ms]
 55.934: [G1Ergonomics (CSet Construction) finish choosing CSet, eden: 1646 regions, survivors: 120 regions, old: 0 regions, predicted pause time: 160.97 ms, target pause time: 200.00 ms]
, 0.1297324 secs]
   [Parallel Time: 122.6 ms, GC Workers: 8]
      [GC Worker Start (ms): Min: 55934.5, Avg: 55935.2, Max: 55939.5, Diff: 5.0]
      [Ext Root Scanning (ms): Min: 0.0, Avg: 0.4, Max: 1.0, Diff: 0.9, Sum: 3.2]
      [Update RS (ms): Min: 11.3, Avg: 12.5, Max: 15.1, Diff: 3.8, Sum: 99.6]
         [Processed Buffers: Min: 3, Avg: 6.2, Max: 14, Diff: 11, Sum: 50]
      [Scan RS (ms): Min: 1.1, Avg: 8.9, Max: 18.3, Diff: 17.1, Sum: 71.2]
      [Code Root Scanning (ms): Min: 0.0, Avg: 0.0, Max: 0.1, Diff: 0.1, Sum: 0.2]
      [Object Copy (ms): Min: 89.4, Avg: 98.0, Max: 104.2, Diff: 14.8, Sum: 784.3]
      [Termination (ms): Min: 0.3, Avg: 1.5, Max: 2.1, Diff: 1.8, Sum: 11.8]
         [Termination Attempts: Min: 1, Avg: 409.8, Max: 636, Diff: 635, Sum: 3278]
      [GC Worker Other (ms): Min: 0.0, Avg: 0.0, Max: 0.1, Diff: 0.1, Sum: 0.4]
      [GC Worker Total (ms): Min: 117.0, Avg: 121.3, Max: 122.4, Diff: 5.4, Sum: 970.8]
      [GC Worker End (ms): Min: 56056.5, Avg: 56056.6, Max: 56056.9, Diff: 0.5]
   [Code Root Fixup: 0.1 ms]
   [Code Root Purge: 0.0 ms]
   [Clear CT: 0.9 ms]
   [Other: 6.1 ms]
      [Choose CSet: 0.0 ms]
      [Ref Proc: 2.4 ms]
      [Ref Enq: 0.0 ms]
      [Redirty Cards: 0.3 ms]
      [Humongous Register: 0.2 ms]
      [Humongous Reclaim: 0.1 ms]
      [Free CSet: 2.7 ms]
   [Eden: 1646.0M(1646.0M)->0.0B(1604.0M) Survivors: 120.0M->119.0M Heap: 2507.9M(2944.0M)->902.4M(2944.0M)]
 [Times: user=0.76 sys=0.02, real=0.13 secs]
         vmop                    [threads: total initially_running wait_to_block]    [time: spin block sync cleanup vmop] page_trap_count
55.934: G1IncCollectionPause             [      36          0              0    ]      [     0     0     0     0   129    ]  0
2017-11-17T22:04:28.144+0800: 56.064: Total time for which application threads were stopped: 0.1302063 seconds, Stopping threads took: 0.0000650 seconds
         vmop                    [threads: total initially_running wait_to_block]    [time: spin block sync cleanup vmop] page_trap_count
56.064: RevokeBias                       [      36          1              1    ]      [     0     0     0     0     0    ]  1
2017-11-17T22:04:28.144+0800: 56.065: Total time for which application threads were stopped: 0.0003330 seconds, Stopping threads took: 0.0001238 seconds
         vmop                    [threads: total initially_running wait_to_block]    [time: spin block sync cleanup vmop] page_trap_count
56.065: RevokeBias                       [      36          1              1    ]      [     0     0     0     0     0    ]  1
2017-11-17T22:04:28.144+0800: 56.065: Total time for which application threads were stopped: 0.0002310 seconds, Stopping threads took: 0.0000935 seconds
2017-11-17T22:04:29.632+0800: 57.553: [GC pause (G1 Evacuation Pause) (young) 57.553: [G1Ergonomics (CSet Construction) start choosing CSet, _pending_cards: 17590, predicted base time: 30.07 ms, remaining time: 169.93 ms, target pause time: 200.00 ms]
 57.553: [G1Ergonomics (CSet Construction) add young regions to CSet, eden: 1604 regions, survivors: 119 regions, predicted young region time: 120.34 ms]
 57.553: [G1Ergonomics (CSet Construction) finish choosing CSet, eden: 1604 regions, survivors: 119 regions, old: 0 regions, predicted pause time: 150.41 ms, target pause time: 200.00 ms]
, 0.1244704 secs]
   [Parallel Time: 112.2 ms, GC Workers: 8]
      [GC Worker Start (ms): Min: 57553.0, Avg: 57553.1, Max: 57553.2, Diff: 0.2]
      [Ext Root Scanning (ms): Min: 0.7, Avg: 10.2, Max: 16.0, Diff: 15.3, Sum: 81.9]
      [Update RS (ms): Min: 10.7, Avg: 19.0, Max: 35.4, Diff: 24.6, Sum: 152.2]
         [Processed Buffers: Min: 5, Avg: 8.9, Max: 18, Diff: 13, Sum: 71]
      [Scan RS (ms): Min: 0.1, Avg: 0.5, Max: 1.3, Diff: 1.1, Sum: 3.7]
      [Code Root Scanning (ms): Min: 0.0, Avg: 0.1, Max: 0.3, Diff: 0.3, Sum: 0.5]
      [Object Copy (ms): Min: 75.2, Avg: 81.9, Max: 83.9, Diff: 8.7, Sum: 655.3]
      [Termination (ms): Min: 0.0, Avg: 0.1, Max: 0.1, Diff: 0.1, Sum: 0.7]
         [Termination Attempts: Min: 1, Avg: 69.8, Max: 105, Diff: 104, Sum: 558]
      [GC Worker Other (ms): Min: 0.0, Avg: 0.1, Max: 0.1, Diff: 0.1, Sum: 0.4]
      [GC Worker Total (ms): Min: 111.7, Avg: 111.8, Max: 112.0, Diff: 0.2, Sum: 894.6]
      [GC Worker End (ms): Min: 57664.9, Avg: 57665.0, Max: 57665.0, Diff: 0.1]
   [Code Root Fixup: 0.0 ms]
   [Code Root Purge: 0.0 ms]
   [Clear CT: 0.9 ms]
   [Other: 11.4 ms]
      [Choose CSet: 0.0 ms]
      [Ref Proc: 8.3 ms]
      [Ref Enq: 0.0 ms]
      [Redirty Cards: 0.3 ms]
      [Humongous Register: 0.2 ms]
      [Humongous Reclaim: 0.1 ms]
      [Free CSet: 2.2 ms]
   [Eden: 1604.0M(1604.0M)->0.0B(1564.0M) Survivors: 119.0M->119.0M Heap: 2506.4M(2944.0M)->942.4M(2944.0M)]
 [Times: user=0.67 sys=0.01, real=0.13 secs]
         vmop                    [threads: total initially_running wait_to_block]    [time: spin block sync cleanup vmop] page_trap_count
57.553: G1IncCollectionPause             [      36          0              0    ]      [     0     0     0     0   124    ]  0
2017-11-17T22:04:29.757+0800: 57.677: Total time for which application threads were stopped: 0.1248470 seconds, Stopping threads took: 0.0000528 seconds
         vmop                    [threads: total initially_running wait_to_block]    [time: spin block sync cleanup vmop] page_trap_count
58.678: no vm operation                  [      36          0              0    ]      [     0     0     0     0     0    ]  0
2017-11-17T22:04:30.757+0800: 58.678: Total time for which application threads were stopped: 0.0002016 seconds, Stopping threads took: 0.0000499 seconds
2017-11-17T22:04:31.099+0800: 59.019: [GC pause (G1 Evacuation Pause) (young) 59.019: [G1Ergonomics (CSet Construction) start choosing CSet, _pending_cards: 14087, predicted base time: 30.95 ms, remaining time: 169.05 ms, target pause time: 200.00 ms]
 59.020: [G1Ergonomics (CSet Construction) add young regions to CSet, eden: 1564 regions, survivors: 119 regions, predicted young region time: 121.60 ms]
 59.020: [G1Ergonomics (CSet Construction) finish choosing CSet, eden: 1564 regions, survivors: 119 regions, old: 0 regions, predicted pause time: 152.54 ms, target pause time: 200.00 ms]
, 0.1222754 secs]
   [Parallel Time: 117.4 ms, GC Workers: 8]
      [GC Worker Start (ms): Min: 59019.8, Avg: 59023.1, Max: 59032.9, Diff: 13.2]
      [Ext Root Scanning (ms): Min: 0.0, Avg: 0.5, Max: 0.9, Diff: 0.9, Sum: 3.8]
      [Update RS (ms): Min: 0.5, Avg: 13.4, Max: 32.8, Diff: 32.3, Sum: 106.8]
         [Processed Buffers: Min: 3, Avg: 7.2, Max: 12, Diff: 9, Sum: 58]
      [Scan RS (ms): Min: 0.1, Avg: 2.9, Max: 4.3, Diff: 4.2, Sum: 23.0]
      [Code Root Scanning (ms): Min: 0.0, Avg: 0.0, Max: 0.0, Diff: 0.0, Sum: 0.2]
      [Object Copy (ms): Min: 80.3, Avg: 94.5, Max: 99.3, Diff: 19.1, Sum: 755.8]
      [Termination (ms): Min: 0.0, Avg: 2.6, Max: 3.2, Diff: 3.2, Sum: 20.8]
         [Termination Attempts: Min: 1, Avg: 354.0, Max: 645, Diff: 644, Sum: 2832]
      [GC Worker Other (ms): Min: 0.0, Avg: 0.0, Max: 0.1, Diff: 0.1, Sum: 0.3]
      [GC Worker Total (ms): Min: 104.0, Avg: 113.8, Max: 117.2, Diff: 13.1, Sum: 910.7]
      [GC Worker End (ms): Min: 59136.9, Avg: 59137.0, Max: 59137.0, Diff: 0.1]
   [Code Root Fixup: 0.0 ms]
   [Code Root Purge: 0.0 ms]
   [Clear CT: 0.7 ms]
   [Other: 4.1 ms]
      [Choose CSet: 0.0 ms]
      [Ref Proc: 0.6 ms]
      [Ref Enq: 0.0 ms]
      [Redirty Cards: 0.3 ms]
      [Humongous Register: 0.2 ms]
      [Humongous Reclaim: 0.1 ms]
      [Free CSet: 2.5 ms]
   [Eden: 1564.0M(1564.0M)->0.0B(1521.0M) Survivors: 119.0M->117.0M Heap: 2510.4M(2944.0M)->986.4M(2944.0M)]
 [Times: user=0.64 sys=0.00, real=0.13 secs]
         vmop                    [threads: total initially_running wait_to_block]    [time: spin block sync cleanup vmop] page_trap_count
59.019: G1IncCollectionPause             [      36          0              0    ]      [     0     0     0     0   122    ]  0
2017-11-17T22:04:31.222+0800: 59.142: Total time for which application threads were stopped: 0.1228156 seconds, Stopping threads took: 0.0000839 seconds
         vmop                    [threads: total initially_running wait_to_block]    [time: spin block sync cleanup vmop] page_trap_count
59.488: RevokeBias                       [      36          0              0    ]      [     0     0     0     0     0    ]  0
2017-11-17T22:04:31.568+0800: 59.488: Total time for which application threads were stopped: 0.0002310 seconds, Stopping threads took: 0.0000922 seconds
         vmop                    [threads: total initially_running wait_to_block]    [time: spin block sync cleanup vmop] page_trap_count
59.583: RevokeBias                       [      36          0              1    ]      [     0     0     0     0     0    ]  0
2017-11-17T22:04:31.663+0800: 59.583: Total time for which application threads were stopped: 0.0003204 seconds, Stopping threads took: 0.0001442 seconds
2017-11-17T22:04:32.659+0800: 60.579: [GC pause (G1 Evacuation Pause) (young) 60.579: [G1Ergonomics (CSet Construction) start choosing CSet, _pending_cards: 22156, predicted base time: 37.69 ms, remaining time: 162.31 ms, target pause time: 200.00 ms]
 60.579: [G1Ergonomics (CSet Construction) add young regions to CSet, eden: 1521 regions, survivors: 117 regions, predicted young region time: 106.69 ms]
 60.579: [G1Ergonomics (CSet Construction) finish choosing CSet, eden: 1521 regions, survivors: 117 regions, old: 0 regions, predicted pause time: 144.38 ms, target pause time: 200.00 ms]
, 0.1653171 secs]
   [Parallel Time: 159.5 ms, GC Workers: 8]
      [GC Worker Start (ms): Min: 60580.0, Avg: 60583.6, Max: 60592.9, Diff: 13.0]
      [Ext Root Scanning (ms): Min: 0.0, Avg: 0.3, Max: 0.9, Diff: 0.9, Sum: 2.5]
      [Update RS (ms): Min: 22.2, Avg: 34.3, Max: 44.2, Diff: 22.0, Sum: 274.5]
         [Processed Buffers: Min: 6, Avg: 11.8, Max: 19, Diff: 13, Sum: 94]
      [Scan RS (ms): Min: 0.1, Avg: 0.4, Max: 0.8, Diff: 0.7, Sum: 2.9]
      [Code Root Scanning (ms): Min: 0.0, Avg: 0.0, Max: 0.1, Diff: 0.1, Sum: 0.1]
      [Object Copy (ms): Min: 80.9, Avg: 89.8, Max: 104.9, Diff: 24.0, Sum: 718.3]
      [Termination (ms): Min: 0.0, Avg: 13.9, Max: 25.6, Diff: 25.6, Sum: 111.3]
         [Termination Attempts: Min: 1, Avg: 84.2, Max: 203, Diff: 202, Sum: 674]
      [GC Worker Other (ms): Min: 0.0, Avg: 0.1, Max: 0.1, Diff: 0.1, Sum: 0.5]
      [GC Worker Total (ms): Min: 128.0, Avg: 138.8, Max: 151.9, Diff: 23.9, Sum: 1110.2]
      [GC Worker End (ms): Min: 60720.9, Avg: 60722.4, Max: 60732.0, Diff: 11.0]
   [Code Root Fixup: 0.0 ms]
   [Code Root Purge: 0.0 ms]
   [Clear CT: 1.1 ms]
   [Other: 4.7 ms]
      [Choose CSet: 0.1 ms]
      [Ref Proc: 1.9 ms]
      [Ref Enq: 0.0 ms]
      [Redirty Cards: 0.2 ms]
      [Humongous Register: 0.5 ms]
      [Humongous Reclaim: 0.1 ms]
      [Free CSet: 1.7 ms]
   [Eden: 1521.0M(1521.0M)->0.0B(1482.0M) Survivors: 117.0M->114.0M Heap: 2510.7M(2944.0M)->1027.2M(2944.0M)]
 [Times: user=0.73 sys=0.00, real=0.17 secs]
         vmop                    [threads: total initially_running wait_to_block]    [time: spin block sync cleanup vmop] page_trap_count
60.579: G1IncCollectionPause             [      36          0              0    ]      [     0     0     0     0   165    ]  0
2017-11-17T22:04:32.824+0800: 60.745: Total time for which application threads were stopped: 0.1657602 seconds, Stopping threads took: 0.0000568 seconds
         vmop                    [threads: total initially_running wait_to_block]    [time: spin block sync cleanup vmop] page_trap_count
61.745: no vm operation                  [      36          1              1    ]      [     0     0     0     0     0    ]  0
2017-11-17T22:04:33.825+0800: 61.745: Total time for which application threads were stopped: 0.0002472 seconds, Stopping threads took: 0.0000624 seconds
2017-11-17T22:04:34.139+0800: 62.060: [GC pause (G1 Evacuation Pause) (young) 62.060: [G1Ergonomics (CSet Construction) start choosing CSet, _pending_cards: 20006, predicted base time: 44.47 ms, remaining time: 155.53 ms, target pause time: 200.00 ms]
 62.060: [G1Ergonomics (CSet Construction) add young regions to CSet, eden: 1482 regions, survivors: 114 regions, predicted young region time: 102.98 ms]
 62.060: [G1Ergonomics (CSet Construction) finish choosing CSet, eden: 1482 regions, survivors: 114 regions, old: 0 regions, predicted pause time: 147.46 ms, target pause time: 200.00 ms]
, 0.0985831 secs]
   [Parallel Time: 95.0 ms, GC Workers: 8]
      [GC Worker Start (ms): Min: 62060.2, Avg: 62061.5, Max: 62068.8, Diff: 8.6]
      [Ext Root Scanning (ms): Min: 0.0, Avg: 0.4, Max: 0.9, Diff: 0.9, Sum: 3.0]
      [Update RS (ms): Min: 13.3, Avg: 23.5, Max: 33.0, Diff: 19.7, Sum: 187.9]
         [Processed Buffers: Min: 5, Avg: 10.2, Max: 15, Diff: 10, Sum: 82]
      [Scan RS (ms): Min: 0.1, Avg: 1.1, Max: 2.3, Diff: 2.1, Sum: 9.0]
      [Code Root Scanning (ms): Min: 0.0, Avg: 0.0, Max: 0.1, Diff: 0.1, Sum: 0.1]
      [Object Copy (ms): Min: 59.9, Avg: 68.3, Max: 70.5, Diff: 10.6, Sum: 546.8]
      [Termination (ms): Min: 0.0, Avg: 0.1, Max: 0.2, Diff: 0.2, Sum: 0.7]
         [Termination Attempts: Min: 1, Avg: 41.0, Max: 66, Diff: 65, Sum: 328]
      [GC Worker Other (ms): Min: 0.0, Avg: 0.1, Max: 0.2, Diff: 0.2, Sum: 0.6]
      [GC Worker Total (ms): Min: 86.2, Avg: 93.5, Max: 94.9, Diff: 8.7, Sum: 748.1]
      [GC Worker End (ms): Min: 62155.0, Avg: 62155.0, Max: 62155.1, Diff: 0.2]
   [Code Root Fixup: 0.0 ms]
   [Code Root Purge: 0.0 ms]
   [Clear CT: 0.7 ms]
   [Other: 2.8 ms]
      [Choose CSet: 0.0 ms]
      [Ref Proc: 0.3 ms]
      [Ref Enq: 0.0 ms]
      [Redirty Cards: 0.3 ms]
      [Humongous Register: 0.2 ms]
      [Humongous Reclaim: 0.1 ms]
      [Free CSet: 1.7 ms]
   [Eden: 1482.0M(1482.0M)->0.0B(1445.0M) Survivors: 114.0M->110.0M Heap: 2512.2M(2944.0M)->1066.7M(2944.0M)]
 [Times: user=0.57 sys=0.00, real=0.10 secs]
         vmop                    [threads: total initially_running wait_to_block]    [time: spin block sync cleanup vmop] page_trap_count
62.060: G1IncCollectionPause             [      36          0              0    ]      [     0     0     0     0    98    ]  0
2017-11-17T22:04:34.238+0800: 62.159: Total time for which application threads were stopped: 0.0989901 seconds, Stopping threads took: 0.0000599 seconds
         vmop                    [threads: total initially_running wait_to_block]    [time: spin block sync cleanup vmop] page_trap_count
63.159: no vm operation                  [      35          0              1    ]      [     0     0     0     0     0    ]  0
2017-11-17T22:04:35.239+0800: 63.159: Total time for which application threads were stopped: 0.0004390 seconds, Stopping threads took: 0.0002793 seconds
2017-11-17T22:04:35.390+0800: 63.311: [GC pause (G1 Evacuation Pause) (young) 63.311: [G1Ergonomics (CSet Construction) start choosing CSet, _pending_cards: 14111, predicted base time: 33.07 ms, remaining time: 166.93 ms, target pause time: 200.00 ms]
 63.311: [G1Ergonomics (CSet Construction) add young regions to CSet, eden: 1445 regions, survivors: 110 regions, predicted young region time: 97.63 ms]
 63.311: [G1Ergonomics (CSet Construction) finish choosing CSet, eden: 1445 regions, survivors: 110 regions, old: 0 regions, predicted pause time: 130.71 ms, target pause time: 200.00 ms]
, 0.0928420 secs]
   [Parallel Time: 89.1 ms, GC Workers: 8]
      [GC Worker Start (ms): Min: 63310.9, Avg: 63312.7, Max: 63324.7, Diff: 13.9]
      [Ext Root Scanning (ms): Min: 0.0, Avg: 0.4, Max: 0.9, Diff: 0.9, Sum: 3.2]
      [Update RS (ms): Min: 0.0, Avg: 14.9, Max: 36.2, Diff: 36.2, Sum: 119.2]
         [Processed Buffers: Min: 0, Avg: 7.2, Max: 12, Diff: 12, Sum: 58]
      [Scan RS (ms): Min: 0.3, Avg: 2.3, Max: 4.7, Diff: 4.4, Sum: 18.1]
      [Code Root Scanning (ms): Min: 0.0, Avg: 0.0, Max: 0.1, Diff: 0.1, Sum: 0.1]
      [Object Copy (ms): Min: 51.7, Avg: 68.9, Max: 71.7, Diff: 20.0, Sum: 551.6]
      [Termination (ms): Min: 0.1, Avg: 0.5, Max: 0.7, Diff: 0.6, Sum: 3.9]
         [Termination Attempts: Min: 1, Avg: 1087.8, Max: 1607, Diff: 1606, Sum: 8702]
      [GC Worker Other (ms): Min: 0.0, Avg: 0.1, Max: 0.2, Diff: 0.2, Sum: 0.8]
      [GC Worker Total (ms): Min: 75.0, Avg: 87.1, Max: 88.9, Diff: 14.0, Sum: 696.9]
      [GC Worker End (ms): Min: 63399.7, Avg: 63399.8, Max: 63399.9, Diff: 0.2]
   [Code Root Fixup: 0.0 ms]
   [Code Root Purge: 0.0 ms]
   [Clear CT: 0.7 ms]
   [Other: 3.0 ms]
      [Choose CSet: 0.0 ms]
      [Ref Proc: 0.5 ms]
      [Ref Enq: 0.0 ms]
      [Redirty Cards: 0.3 ms]
      [Humongous Register: 0.2 ms]
      [Humongous Reclaim: 0.1 ms]
      [Free CSet: 1.6 ms]
   [Eden: 1445.0M(1445.0M)->0.0B(1409.0M) Survivors: 110.0M->108.0M Heap: 2511.7M(2944.0M)->1104.2M(2944.0M)]
 [Times: user=0.62 sys=0.00, real=0.10 secs]
         vmop                    [threads: total initially_running wait_to_block]    [time: spin block sync cleanup vmop] page_trap_count
63.310: G1IncCollectionPause             [      34          0              0    ]      [     0     0     0     0    93    ]  0
2017-11-17T22:04:35.483+0800: 63.404: Total time for which application threads were stopped: 0.0932860 seconds, Stopping threads took: 0.0000478 seconds
         vmop                    [threads: total initially_running wait_to_block]    [time: spin block sync cleanup vmop] page_trap_count
63.743: RevokeBias                       [      34          0              1    ]      [     0     0     0     0     0    ]  0
2017-11-17T22:04:35.823+0800: 63.744: Total time for which application threads were stopped: 0.0003918 seconds, Stopping threads took: 0.0002295 seconds
2017-11-17T22:04:36.787+0800: 64.708: [GC pause (G1 Evacuation Pause) (young) 64.708: [G1Ergonomics (CSet Construction) start choosing CSet, _pending_cards: 13528, predicted base time: 29.24 ms, remaining time: 170.76 ms, target pause time: 200.00 ms]
 64.708: [G1Ergonomics (CSet Construction) add young regions to CSet, eden: 1409 regions, survivors: 108 regions, predicted young region time: 89.18 ms]
 64.708: [G1Ergonomics (CSet Construction) finish choosing CSet, eden: 1409 regions, survivors: 108 regions, old: 0 regions, predicted pause time: 118.42 ms, target pause time: 200.00 ms]
, 0.0718214 secs]
   [Parallel Time: 68.6 ms, GC Workers: 8]
      [GC Worker Start (ms): Min: 64708.2, Avg: 64708.3, Max: 64708.5, Diff: 0.3]
      [Ext Root Scanning (ms): Min: 0.2, Avg: 0.4, Max: 1.1, Diff: 0.9, Sum: 3.6]
      [Update RS (ms): Min: 9.2, Avg: 10.4, Max: 12.9, Diff: 3.7, Sum: 82.9]
         [Processed Buffers: Min: 4, Avg: 7.1, Max: 13, Diff: 9, Sum: 57]
      [Scan RS (ms): Min: 0.1, Avg: 2.2, Max: 3.4, Diff: 3.2, Sum: 17.3]
      [Code Root Scanning (ms): Min: 0.0, Avg: 0.0, Max: 0.0, Diff: 0.0, Sum: 0.1]
      [Object Copy (ms): Min: 54.1, Avg: 54.7, Max: 55.2, Diff: 1.1, Sum: 437.8]
      [Termination (ms): Min: 0.0, Avg: 0.4, Max: 0.5, Diff: 0.5, Sum: 2.9]
         [Termination Attempts: Min: 1, Avg: 840.1, Max: 1147, Diff: 1146, Sum: 6721]
      [GC Worker Other (ms): Min: 0.0, Avg: 0.1, Max: 0.2, Diff: 0.2, Sum: 1.1]
      [GC Worker Total (ms): Min: 68.0, Avg: 68.2, Max: 68.4, Diff: 0.4, Sum: 545.7]
      [GC Worker End (ms): Min: 64776.4, Avg: 64776.5, Max: 64776.6, Diff: 0.2]
   [Code Root Fixup: 0.0 ms]
   [Code Root Purge: 0.0 ms]
   [Clear CT: 0.8 ms]
   [Other: 2.5 ms]
      [Choose CSet: 0.0 ms]
      [Ref Proc: 0.3 ms]
      [Ref Enq: 0.0 ms]
      [Redirty Cards: 0.2 ms]
      [Humongous Register: 0.2 ms]
      [Humongous Reclaim: 0.1 ms]
      [Free CSet: 1.5 ms]
   [Eden: 1409.0M(1409.0M)->0.0B(1370.0M) Survivors: 108.0M->106.0M Heap: 2517.2M(2944.0M)->1144.7M(2944.0M)]
 [Times: user=0.55 sys=0.00, real=0.07 secs]
         vmop                    [threads: total initially_running wait_to_block]    [time: spin block sync cleanup vmop] page_trap_count
64.708: G1IncCollectionPause             [      34          0              0    ]      [     0     0     0     0    72    ]  0
2017-11-17T22:04:36.859+0800: 64.780: Total time for which application threads were stopped: 0.0722417 seconds, Stopping threads took: 0.0000795 seconds
         vmop                    [threads: total initially_running wait_to_block]    [time: spin block sync cleanup vmop] page_trap_count
65.159: RevokeBias                       [      34          0              0    ]      [     0     0     0     0     0    ]  0
2017-11-17T22:04:37.239+0800: 65.159: Total time for which application threads were stopped: 0.0002499 seconds, Stopping threads took: 0.0000581 seconds
         vmop                    [threads: total initially_running wait_to_block]    [time: spin block sync cleanup vmop] page_trap_count
65.159: RevokeBias                       [      34          1              1    ]      [     0     0     0     0     0    ]  1
2017-11-17T22:04:37.239+0800: 65.160: Total time for which application threads were stopped: 0.0001947 seconds, Stopping threads took: 0.0000690 seconds
         vmop                    [threads: total initially_running wait_to_block]    [time: spin block sync cleanup vmop] page_trap_count
65.397: RevokeBias                       [      34          0              2    ]      [     0     0     0     0     0    ]  0
2017-11-17T22:04:37.477+0800: 65.398: Total time for which application threads were stopped: 0.0005307 seconds, Stopping threads took: 0.0002548 seconds
         vmop                    [threads: total initially_running wait_to_block]    [time: spin block sync cleanup vmop] page_trap_count
66.398: no vm operation                  [      34          0              0    ]      [     0     0     0     0     0    ]  0
2017-11-17T22:04:38.477+0800: 66.398: Total time for which application threads were stopped: 0.0002209 seconds, Stopping threads took: 0.0000393 seconds
         vmop                    [threads: total initially_running wait_to_block]    [time: spin block sync cleanup vmop] page_trap_count
71.160: RevokeBias                       [      33          0              0    ]      [     0     0     0     0     0    ]  0
2017-11-17T22:04:43.240+0800: 71.160: Total time for which application threads were stopped: 0.0001920 seconds, Stopping threads took: 0.0000528 seconds
         vmop                    [threads: total initially_running wait_to_block]    [time: spin block sync cleanup vmop] page_trap_count
71.160: RevokeBias                       [      33          0              0    ]      [     0     0     0     0     0    ]  0
2017-11-17T22:04:43.240+0800: 71.160: Total time for which application threads were stopped: 0.0001213 seconds, Stopping threads took: 0.0000307 seconds
         vmop                    [threads: total initially_running wait_to_block]    [time: spin block sync cleanup vmop] page_trap_count
71.387: RevokeBias                       [      33          0              1    ]      [     0     0     0     0     0    ]  0
2017-11-17T22:04:43.467+0800: 71.388: Total time for which application threads were stopped: 0.0002835 seconds, Stopping threads took: 0.0001048 seconds
         vmop                    [threads: total initially_running wait_to_block]    [time: spin block sync cleanup vmop] page_trap_count
71.390: RevokeBias                       [      33          0              1    ]      [     0     0     0     0     0    ]  0
2017-11-17T22:04:43.469+0800: 71.390: Total time for which application threads were stopped: 0.0002036 seconds, Stopping threads took: 0.0000956 seconds
         vmop                    [threads: total initially_running wait_to_block]    [time: spin block sync cleanup vmop] page_trap_count
71.390: RevokeBias                       [      33          0              0    ]      [     0     0     0     0     0    ]  0
2017-11-17T22:04:43.470+0800: 71.390: Total time for which application threads were stopped: 0.0001650 seconds, Stopping threads took: 0.0000316 seconds
         vmop                    [threads: total initially_running wait_to_block]    [time: spin block sync cleanup vmop] page_trap_count
71.391: RevokeBias                       [      33          0              0    ]      [     0     0     0     0     0    ]  0
2017-11-17T22:04:43.470+0800: 71.391: Total time for which application threads were stopped: 0.0002214 seconds, Stopping threads took: 0.0000379 seconds
         vmop                    [threads: total initially_running wait_to_block]    [time: spin block sync cleanup vmop] page_trap_count
71.391: RevokeBias                       [      33          0              0    ]      [     0     0     0     0     0    ]  0
2017-11-17T22:04:43.471+0800: 71.391: Total time for which application threads were stopped: 0.0002329 seconds, Stopping threads took: 0.0000224 seconds
         vmop                    [threads: total initially_running wait_to_block]    [time: spin block sync cleanup vmop] page_trap_count
71.393: RevokeBias                       [      33          0              2    ]      [     0     0     0     0     0    ]  0
2017-11-17T22:04:43.473+0800: 71.393: Total time for which application threads were stopped: 0.0001803 seconds, Stopping threads took: 0.0000838 seconds
         vmop                    [threads: total initially_running wait_to_block]    [time: spin block sync cleanup vmop] page_trap_count
71.399: RevokeBias                       [      33          0              0    ]      [     0     0     0     0     0    ]  0
2017-11-17T22:04:43.479+0800: 71.399: Total time for which application threads were stopped: 0.0002805 seconds, Stopping threads took: 0.0000283 seconds
         vmop                    [threads: total initially_running wait_to_block]    [time: spin block sync cleanup vmop] page_trap_count
71.405: RevokeBias                       [      33          0              1    ]      [     0     0     0     0     0    ]  0
2017-11-17T22:04:43.485+0800: 71.405: Total time for which application threads were stopped: 0.0002680 seconds, Stopping threads took: 0.0000813 seconds
         vmop                    [threads: total initially_running wait_to_block]    [time: spin block sync cleanup vmop] page_trap_count
71.629: RevokeBias                       [      33          0              0    ]      [     0     0     0     0     0    ]  0
2017-11-17T22:04:43.709+0800: 71.630: Total time for which application threads were stopped: 0.0003134 seconds, Stopping threads took: 0.0000998 seconds
         vmop                    [threads: total initially_running wait_to_block]    [time: spin block sync cleanup vmop] page_trap_count
71.695: RevokeBias                       [      33          0              0    ]      [     0     0     0     0     0    ]  0
2017-11-17T22:04:43.774+0800: 71.695: Total time for which application threads were stopped: 0.0002995 seconds, Stopping threads took: 0.0001473 seconds
         vmop                    [threads: total initially_running wait_to_block]    [time: spin block sync cleanup vmop] page_trap_count
72.221: RevokeBias                       [      33          0              0    ]      [     0     0     0     0     0    ]  0
2017-11-17T22:04:44.301+0800: 72.222: Total time for which application threads were stopped: 0.0002136 seconds, Stopping threads took: 0.0000648 seconds
         vmop                    [threads: total initially_running wait_to_block]    [time: spin block sync cleanup vmop] page_trap_count
72.226: RevokeBias                       [      33          2              1    ]      [     0     0     0     0     0    ]  0
2017-11-17T22:04:44.306+0800: 72.226: Total time for which application threads were stopped: 0.0003238 seconds, Stopping threads took: 0.0001652 seconds
         vmop                    [threads: total initially_running wait_to_block]    [time: spin block sync cleanup vmop] page_trap_count
73.743: RevokeBias                       [      33          0              1    ]      [     0     0     0     0     0    ]  0
2017-11-17T22:04:45.822+0800: 73.743: Total time for which application threads were stopped: 0.0002660 seconds, Stopping threads took: 0.0001015 seconds
         vmop                    [threads: total initially_running wait_to_block]    [time: spin block sync cleanup vmop] page_trap_count
78.005: RevokeBias                       [      32          0              0    ]      [     0     0     0     0     0    ]  0
2017-11-17T22:04:50.085+0800: 78.006: Total time for which application threads were stopped: 0.0001880 seconds, Stopping threads took: 0.0000497 seconds
         vmop                    [threads: total initially_running wait_to_block]    [time: spin block sync cleanup vmop] page_trap_count
78.014: RevokeBias                       [      32          0              0    ]      [     0     0     0     0     0    ]  0
2017-11-17T22:04:50.094+0800: 78.014: Total time for which application threads were stopped: 0.0001323 seconds, Stopping threads took: 0.0000436 seconds
         vmop                    [threads: total initially_running wait_to_block]    [time: spin block sync cleanup vmop] page_trap_count
78.459: RevokeBias                       [      32          0              1    ]      [     0     0     0     0     0    ]  0
2017-11-17T22:04:50.538+0800: 78.459: Total time for which application threads were stopped: 0.0002496 seconds, Stopping threads took: 0.0000981 seconds
         vmop                    [threads: total initially_running wait_to_block]    [time: spin block sync cleanup vmop] page_trap_count
78.460: RevokeBias                       [      32          0              1    ]      [     0     0     0     0     0    ]  0
2017-11-17T22:04:50.540+0800: 78.461: Total time for which application threads were stopped: 0.0001737 seconds, Stopping threads took: 0.0000795 seconds
         vmop                    [threads: total initially_running wait_to_block]    [time: spin block sync cleanup vmop] page_trap_count
78.502: RevokeBias                       [      32          0              1    ]      [     0     0     0     0     0    ]  0
2017-11-17T22:04:50.582+0800: 78.503: Total time for which application threads were stopped: 0.0002792 seconds, Stopping threads took: 0.0001044 seconds
         vmop                    [threads: total initially_running wait_to_block]    [time: spin block sync cleanup vmop] page_trap_count
78.509: RevokeBias                       [      32          0              0    ]      [     0     0     0     0     0    ]  0
2017-11-17T22:04:50.589+0800: 78.509: Total time for which application threads were stopped: 0.0002401 seconds, Stopping threads took: 0.0001320 seconds
 78.514: [G1Ergonomics (Concurrent Cycles) request concurrent cycle initiation, reason: occupancy higher than threshold, occupancy: 1128267776 bytes, allocation request: 437499112 bytes, threshold: 1389153465 bytes (45.00 %), source: concurrent humongous allocation]
 78.514: [G1Ergonomics (Concurrent Cycles) request concurrent cycle initiation, reason: requested by GC cause, GC cause: G1 Humongous Allocation]
 78.514: [G1Ergonomics (Concurrent Cycles) initiate concurrent cycle, reason: concurrent cycle initiation requested]
2017-11-17T22:04:50.594+0800: 78.514: [GC pause (G1 Humongous Allocation) (young) (initial-mark) 78.515: [G1Ergonomics (CSet Construction) start choosing CSet, _pending_cards: 21281, predicted base time: 34.55 ms, remaining time: 165.45 ms, target pause time: 200.00 ms]
 78.515: [G1Ergonomics (CSet Construction) add young regions to CSet, eden: 959 regions, survivors: 106 regions, predicted young region time: 70.70 ms]
 78.515: [G1Ergonomics (CSet Construction) finish choosing CSet, eden: 959 regions, survivors: 106 regions, old: 0 regions, predicted pause time: 105.24 ms, target pause time: 200.00 ms]
, 0.1062504 secs]
   [Parallel Time: 102.2 ms, GC Workers: 8]
      [GC Worker Start (ms): Min: 78515.0, Avg: 78515.6, Max: 78516.2, Diff: 1.2]
      [Ext Root Scanning (ms): Min: 1.4, Avg: 3.4, Max: 13.2, Diff: 11.8, Sum: 27.5]
      [Update RS (ms): Min: 7.7, Avg: 21.1, Max: 34.6, Diff: 26.9, Sum: 168.6]
         [Processed Buffers: Min: 7, Avg: 12.1, Max: 19, Diff: 12, Sum: 97]
      [Scan RS (ms): Min: 0.1, Avg: 0.6, Max: 2.0, Diff: 1.9, Sum: 4.9]
      [Code Root Scanning (ms): Min: 0.0, Avg: 0.0, Max: 0.2, Diff: 0.2, Sum: 0.3]
      [Object Copy (ms): Min: 61.8, Avg: 73.3, Max: 76.4, Diff: 14.6, Sum: 586.3]
      [Termination (ms): Min: 0.1, Avg: 0.9, Max: 2.5, Diff: 2.4, Sum: 6.9]
         [Termination Attempts: Min: 1, Avg: 1179.4, Max: 1768, Diff: 1767, Sum: 9435]
      [GC Worker Other (ms): Min: 0.0, Avg: 0.0, Max: 0.1, Diff: 0.0, Sum: 0.2]
      [GC Worker Total (ms): Min: 98.4, Avg: 99.3, Max: 102.0, Diff: 3.6, Sum: 794.8]
      [GC Worker End (ms): Min: 78614.6, Avg: 78614.9, Max: 78617.0, Diff: 2.4]
   [Code Root Fixup: 0.0 ms]
   [Code Root Purge: 0.0 ms]
   [Clear CT: 0.5 ms]
   [Other: 3.5 ms]
      [Choose CSet: 0.0 ms]
      [Ref Proc: 0.6 ms]
      [Ref Enq: 0.0 ms]
      [Redirty Cards: 0.3 ms]
      [Humongous Register: 0.1 ms]
      [Humongous Reclaim: 0.1 ms]
      [Free CSet: 1.4 ms]
   [Eden: 959.0M(1370.0M)->0.0B(1359.0M) Survivors: 106.0M->90.0M Heap: 2110.1M(2944.0M)->1169.9M(2944.0M)]
 [Times: user=0.64 sys=0.00, real=0.10 secs]
         vmop                    [threads: total initially_running wait_to_block]    [time: spin block sync cleanup vmop] page_trap_count
78.514: G1IncCollectionPause             [      32          0              0    ]      [     0     0     0     0   106    ]  0
2017-11-17T22:04:50.700+0800: 78.621: [GC concurrent-root-region-scan-start]
2017-11-17T22:04:50.700+0800: 78.621: Total time for which application threads were stopped: 0.1066583 seconds, Stopping threads took: 0.0000492 seconds
2017-11-17T22:04:50.725+0800: 78.646: [GC concurrent-root-region-scan-end, 0.0249632 secs]
2017-11-17T22:04:50.725+0800: 78.646: [GC concurrent-mark-start]
         vmop                    [threads: total initially_running wait_to_block]    [time: spin block sync cleanup vmop] page_trap_count
79.194: Deoptimize                       [      32          0              0    ]      [     0     0     0     0     0    ]  0
2017-11-17T22:04:51.274+0800: 79.195: Total time for which application threads were stopped: 0.0007882 seconds, Stopping threads took: 0.0000419 seconds
         vmop                    [threads: total initially_running wait_to_block]    [time: spin block sync cleanup vmop] page_trap_count
79.235: RevokeBias                       [      32          0              0    ]      [     0     0     0     0     0    ]  0
2017-11-17T22:04:51.314+0800: 79.235: Total time for which application threads were stopped: 0.0001387 seconds, Stopping threads took: 0.0000301 seconds
         vmop                    [threads: total initially_running wait_to_block]    [time: spin block sync cleanup vmop] page_trap_count
79.403: RevokeBias                       [      32          0              0    ]      [     0     0     0     0     0    ]  0
2017-11-17T22:04:51.483+0800: 79.404: Total time for which application threads were stopped: 0.0001709 seconds, Stopping threads took: 0.0000346 seconds
2017-11-17T22:04:51.798+0800: 79.718: [GC concurrent-mark-end, 1.0722131 secs]
2017-11-17T22:04:51.798+0800: 79.718: [GC remark 2017-11-17T22:04:51.798+0800: 79.718: [Finalize Marking, 0.0153606 secs] 2017-11-17T22:04:51.813+0800: 79.734: [GC ref-proc, 0.0002607 secs] 2017-11-17T22:04:51.814+0800: 79.734: [Unloading, 0.0095531 secs], 0.0359578 secs]
 [Times: user=0.05 sys=0.00, real=0.04 secs]
         vmop                    [threads: total initially_running wait_to_block]    [time: spin block sync cleanup vmop] page_trap_count
79.718: CGC_Operation                    [      32          0              0    ]      [     0     0     0     0    36    ]  0
2017-11-17T22:04:51.834+0800: 79.754: Total time for which application threads were stopped: 0.0362661 seconds, Stopping threads took: 0.0000527 seconds
2017-11-17T22:04:51.856+0800: 79.776: [GC cleanup 2008M->1963M(2944M), 0.0049080 secs]
 [Times: user=0.00 sys=0.01, real=0.01 secs]
         vmop                    [threads: total initially_running wait_to_block]    [time: spin block sync cleanup vmop] page_trap_count
79.773: CGC_Operation                    [      32          0              0    ]      [     0     0     2     0     4    ]  0
2017-11-17T22:04:51.861+0800: 79.781: Total time for which application threads were stopped: 0.0052261 seconds, Stopping threads took: 0.0000716 seconds
2017-11-17T22:04:51.861+0800: 79.781: [GC concurrent-cleanup-start]
2017-11-17T22:04:51.861+0800: 79.781: [GC concurrent-cleanup-end, 0.0001285 secs]
         vmop                    [threads: total initially_running wait_to_block]    [time: spin block sync cleanup vmop] page_trap_count
80.768: RevokeBias                       [      32          0              0    ]      [     0     0     0     0     0    ]  0
2017-11-17T22:04:52.847+0800: 80.768: Total time for which application threads were stopped: 0.0002354 seconds, Stopping threads took: 0.0000485 seconds
         vmop                    [threads: total initially_running wait_to_block]    [time: spin block sync cleanup vmop] page_trap_count
80.771: RevokeBias                       [      32          0              1    ]      [     0     0     0     0     0    ]  0
2017-11-17T22:04:52.851+0800: 80.772: Total time for which application threads were stopped: 0.0002473 seconds, Stopping threads took: 0.0000971 seconds
         vmop                    [threads: total initially_running wait_to_block]    [time: spin block sync cleanup vmop] page_trap_count
80.774: RevokeBias                       [      32          1              0    ]      [     0     0     0     0     0    ]  0
2017-11-17T22:04:52.853+0800: 80.774: Total time for which application threads were stopped: 0.0001827 seconds, Stopping threads took: 0.0000787 seconds
         vmop                    [threads: total initially_running wait_to_block]    [time: spin block sync cleanup vmop] page_trap_count
80.774: RevokeBias                       [      32          0              0    ]      [     0     0     0     0     0    ]  0
2017-11-17T22:04:52.854+0800: 80.774: Total time for which application threads were stopped: 0.0001585 seconds, Stopping threads took: 0.0000336 seconds
         vmop                    [threads: total initially_running wait_to_block]    [time: spin block sync cleanup vmop] page_trap_count
80.774: RevokeBias                       [      32          0              0    ]      [     0     0     0     0     0    ]  0
2017-11-17T22:04:52.854+0800: 80.775: Total time for which application threads were stopped: 0.0001883 seconds, Stopping threads took: 0.0000263 seconds
         vmop                    [threads: total initially_running wait_to_block]    [time: spin block sync cleanup vmop] page_trap_count
80.775: BulkRevokeBias                   [      32          0              0    ]      [     0     0     0     0     0    ]  0
2017-11-17T22:04:52.855+0800: 80.775: Total time for which application threads were stopped: 0.0003089 seconds, Stopping threads took: 0.0000327 seconds
         vmop                    [threads: total initially_running wait_to_block]    [time: spin block sync cleanup vmop] page_trap_count
80.776: RevokeBias                       [      32          0              0    ]      [     0     0     0     0     0    ]  0
2017-11-17T22:04:52.856+0800: 80.776: Total time for which application threads were stopped: 0.0001218 seconds, Stopping threads took: 0.0000335 seconds
         vmop                    [threads: total initially_running wait_to_block]    [time: spin block sync cleanup vmop] page_trap_count
80.786: RevokeBias                       [      32          0              1    ]      [     0     0     0     0     0    ]  0
2017-11-17T22:04:52.866+0800: 80.787: Total time for which application threads were stopped: 0.0003048 seconds, Stopping threads took: 0.0001734 seconds
 80.787: [G1Ergonomics (Concurrent Cycles) do not request concurrent cycle initiation, reason: still doing mixed collections, occupancy: 1971322880 bytes, allocation request: 2136360 bytes, threshold: 1389153465 bytes (45.00 %), source: concurrent humongous allocation]
 80.787: [G1Ergonomics (Concurrent Cycles) do not request concurrent cycle initiation, reason: still doing mixed collections, occupancy: 1974468608 bytes, allocation request: 2136360 bytes, threshold: 1389153465 bytes (45.00 %), source: concurrent humongous allocation]
         vmop                    [threads: total initially_running wait_to_block]    [time: spin block sync cleanup vmop] page_trap_count
80.793: RevokeBias                       [      32          1              1    ]      [     0     0     0     0     0    ]  0
2017-11-17T22:04:52.873+0800: 80.793: Total time for which application threads were stopped: 0.0003915 seconds, Stopping threads took: 0.0002117 seconds
         vmop                    [threads: total initially_running wait_to_block]    [time: spin block sync cleanup vmop] page_trap_count
80.795: RevokeBias                       [      32          0              0    ]      [     0     0     0     0     0    ]  0
2017-11-17T22:04:52.875+0800: 80.795: Total time for which application threads were stopped: 0.0001623 seconds, Stopping threads took: 0.0000377 seconds
 80.797: [G1Ergonomics (Concurrent Cycles) do not request concurrent cycle initiation, reason: still doing mixed collections, occupancy: 1977614336 bytes, allocation request: 437491632 bytes, threshold: 1389153465 bytes (45.00 %), source: concurrent humongous allocation]
         vmop                    [threads: total initially_running wait_to_block]    [time: spin block sync cleanup vmop] page_trap_count
81.795: no vm operation                  [      32          1              1    ]      [     0     0     0     0     0    ]  0
2017-11-17T22:04:53.875+0800: 81.796: Total time for which application threads were stopped: 0.0002602 seconds, Stopping threads took: 0.0000682 seconds
         vmop                    [threads: total initially_running wait_to_block]    [time: spin block sync cleanup vmop] page_trap_count
82.053: Deoptimize                       [      32          0              0    ]      [     0     0     0     0     0    ]  0
2017-11-17T22:04:54.133+0800: 82.054: Total time for which application threads were stopped: 0.0007004 seconds, Stopping threads took: 0.0000388 seconds
 83.015: [G1Ergonomics (Concurrent Cycles) do not request concurrent cycle initiation, reason: still doing mixed collections, occupancy: 2415919104 bytes, allocation request: 437491632 bytes, threshold: 1389153465 bytes (45.00 %), source: concurrent humongous allocation]
 83.015: [G1Ergonomics (Heap Sizing) attempt heap expansion, reason: humongous allocation request failed, allocation request: 437491632 bytes]
         vmop                    [threads: total initially_running wait_to_block]    [time: spin block sync cleanup vmop] page_trap_count
83.054: no vm operation                  [      32          0              1    ]      [     0   104   105     0     0    ]  0
2017-11-17T22:04:55.239+0800: 83.159: Total time for which application threads were stopped: 0.1054536 seconds, Stopping threads took: 0.1052258 seconds
         vmop                    [threads: total initially_running wait_to_block]    [time: spin block sync cleanup vmop] page_trap_count
83.748: RevokeBias                       [      32          1              1    ]      [     0     0     0     0     0    ]  1
2017-11-17T22:04:55.828+0800: 83.748: Total time for which application threads were stopped: 0.0002579 seconds, Stopping threads took: 0.0000846 seconds
         vmop                    [threads: total initially_running wait_to_block]    [time: spin block sync cleanup vmop] page_trap_count
84.748: no vm operation                  [      32          0              0    ]      [     0     0     0     0     0    ]  0
2017-11-17T22:04:56.828+0800: 84.748: Total time for which application threads were stopped: 0.0002043 seconds, Stopping threads took: 0.0000407 seconds
         vmop                    [threads: total initially_running wait_to_block]    [time: spin block sync cleanup vmop] page_trap_count
85.071: RevokeBias                       [      32          0              2    ]      [     0     0     0     0     0    ]  0
2017-11-17T22:04:57.151+0800: 85.072: Total time for which application threads were stopped: 0.0002472 seconds, Stopping threads took: 0.0001148 seconds
 85.080: [G1Ergonomics (Concurrent Cycles) do not request concurrent cycle initiation, reason: still doing mixed collections, occupancy: 2854223872 bytes, allocation request: 437491632 bytes, threshold: 1586390625 bytes (45.00 %), source: concurrent humongous allocation]
 85.081: [G1Ergonomics (Heap Sizing) attempt heap expansion, reason: humongous allocation request failed, allocation request: 437491632 bytes]
         vmop                    [threads: total initially_running wait_to_block]    [time: spin block sync cleanup vmop] page_trap_count
86.072: no vm operation                  [      32          0              0    ]      [     0     0     0     0     0    ]  0
2017-11-17T22:04:58.151+0800: 86.072: Total time for which application threads were stopped: 0.0002592 seconds, Stopping threads took: 0.0000499 seconds
 86.828: [G1Ergonomics (Concurrent Cycles) do not request concurrent cycle initiation, reason: still doing mixed collections, occupancy: 3292528640 bytes, allocation request: 437491632 bytes, threshold: 1783627740 bytes (45.00 %), source: concurrent humongous allocation]
 86.828: [G1Ergonomics (Heap Sizing) attempt heap expansion, reason: humongous allocation request failed, allocation request: 437491632 bytes]
         vmop                    [threads: total initially_running wait_to_block]    [time: spin block sync cleanup vmop] page_trap_count
87.072: no vm operation                  [      32          0              0    ]      [     0     0     0     0     0    ]  0
2017-11-17T22:04:59.152+0800: 87.072: Total time for which application threads were stopped: 0.0002504 seconds, Stopping threads took: 0.0000540 seconds
         vmop                    [threads: total initially_running wait_to_block]    [time: spin block sync cleanup vmop] page_trap_count
88.072: no vm operation                  [      32          0              0    ]      [     0     0     0     0     0    ]  0
2017-11-17T22:05:00.152+0800: 88.073: Total time for which application threads were stopped: 0.0002357 seconds, Stopping threads took: 0.0000510 seconds
 88.746: [G1Ergonomics (Concurrent Cycles) do not request concurrent cycle initiation, reason: still doing mixed collections, occupancy: 3730833408 bytes, allocation request: 437491632 bytes, threshold: 1980864900 bytes (45.00 %), source: concurrent humongous allocation]
 88.747: [G1Ergonomics (Heap Sizing) attempt heap expansion, reason: humongous allocation request failed, allocation request: 437491632 bytes]
         vmop                    [threads: total initially_running wait_to_block]    [time: spin block sync cleanup vmop] page_trap_count
89.073: no vm operation                  [      32          0              0    ]      [     0     0     0     0     0    ]  0
2017-11-17T22:05:01.153+0800: 89.073: Total time for which application threads were stopped: 0.0004594 seconds, Stopping threads took: 0.0000981 seconds
         vmop                    [threads: total initially_running wait_to_block]    [time: spin block sync cleanup vmop] page_trap_count
90.073: no vm operation                  [      32          0              0    ]      [     0     0     0     0     0    ]  0
2017-11-17T22:05:02.153+0800: 90.074: Total time for which application threads were stopped: 0.0002009 seconds, Stopping threads took: 0.0000479 seconds
 90.487: [G1Ergonomics (Concurrent Cycles) do not request concurrent cycle initiation, reason: still doing mixed collections, occupancy: 4169138176 bytes, allocation request: 437491632 bytes, threshold: 2178102060 bytes (45.00 %), source: concurrent humongous allocation]
 90.488: [G1Ergonomics (Heap Sizing) attempt heap expansion, reason: humongous allocation request failed, allocation request: 437491632 bytes]
         vmop                    [threads: total initially_running wait_to_block]    [time: spin block sync cleanup vmop] page_trap_count
91.074: no vm operation                  [      32          1              1    ]      [     1     0     2     0     0    ]  1
2017-11-17T22:05:03.155+0800: 91.076: Total time for which application threads were stopped: 0.0020912 seconds, Stopping threads took: 0.0019561 seconds
2017-11-17T22:05:03.386+0800: 91.307: [GC pause (G1 Evacuation Pause) (young) 91.307: [G1Ergonomics (CSet Construction) start choosing CSet, _pending_cards: 13288, predicted base time: 25.03 ms, remaining time: 174.97 ms, target pause time: 200.00 ms]
 91.307: [G1Ergonomics (CSet Construction) add young regions to CSet, eden: 550 regions, survivors: 90 regions, predicted young region time: 62.81 ms]
 91.307: [G1Ergonomics (CSet Construction) finish choosing CSet, eden: 550 regions, survivors: 90 regions, old: 0 regions, predicted pause time: 87.84 ms, target pause time: 200.00 ms]
 91.307: [G1Ergonomics (Heap Sizing) attempt heap expansion, reason: region allocation request failed, allocation request: 524280 bytes]
 91.307: [G1Ergonomics (Heap Sizing) expand the heap, requested expansion amount: 524280 bytes, attempted expansion amount: 1048576 bytes]
 91.323: [G1Ergonomics (Heap Sizing) attempt heap expansion, reason: region allocation request failed, allocation request: 524280 bytes]
 91.323: [G1Ergonomics (Heap Sizing) expand the heap, requested expansion amount: 524280 bytes, attempted expansion amount: 1048576 bytes]
 91.325: [G1Ergonomics (Heap Sizing) attempt heap expansion, reason: region allocation request failed, allocation request: 524280 bytes]
 91.325: [G1Ergonomics (Heap Sizing) expand the heap, requested expansion amount: 524280 bytes, attempted expansion amount: 1048576 bytes]
 91.325: [G1Ergonomics (Heap Sizing) attempt heap expansion, reason: region allocation request failed, allocation request: 524280 bytes]
 91.325: [G1Ergonomics (Heap Sizing) expand the heap, requested expansion amount: 524280 bytes, attempted expansion amount: 1048576 bytes]
 91.328: [G1Ergonomics (Heap Sizing) attempt heap expansion, reason: region allocation request failed, allocation request: 524280 bytes]
 91.328: [G1Ergonomics (Heap Sizing) expand the heap, requested expansion amount: 524280 bytes, attempted expansion amount: 1048576 bytes]
 91.329: [G1Ergonomics (Heap Sizing) attempt heap expansion, reason: region allocation request failed, allocation request: 524280 bytes]
 91.329: [G1Ergonomics (Heap Sizing) expand the heap, requested expansion amount: 524280 bytes, attempted expansion amount: 1048576 bytes]
 91.330: [G1Ergonomics (Heap Sizing) attempt heap expansion, reason: region allocation request failed, allocation request: 524280 bytes]
 91.330: [G1Ergonomics (Heap Sizing) expand the heap, requested expansion amount: 524280 bytes, attempted expansion amount: 1048576 bytes]
 91.331: [G1Ergonomics (Heap Sizing) attempt heap expansion, reason: region allocation request failed, allocation request: 524280 bytes]
 91.331: [G1Ergonomics (Heap Sizing) expand the heap, requested expansion amount: 524280 bytes, attempted expansion amount: 1048576 bytes]
 91.332: [G1Ergonomics (Heap Sizing) attempt heap expansion, reason: region allocation request failed, allocation request: 524280 bytes]
 91.332: [G1Ergonomics (Heap Sizing) expand the heap, requested expansion amount: 524280 bytes, attempted expansion amount: 1048576 bytes]
 91.334: [G1Ergonomics (Heap Sizing) attempt heap expansion, reason: region allocation request failed, allocation request: 524280 bytes]
 91.334: [G1Ergonomics (Heap Sizing) expand the heap, requested expansion amount: 524280 bytes, attempted expansion amount: 1048576 bytes]
 91.335: [G1Ergonomics (Heap Sizing) attempt heap expansion, reason: region allocation request failed, allocation request: 524280 bytes]
 91.335: [G1Ergonomics (Heap Sizing) expand the heap, requested expansion amount: 524280 bytes, attempted expansion amount: 1048576 bytes]
 91.337: [G1Ergonomics (Heap Sizing) attempt heap expansion, reason: region allocation request failed, allocation request: 524280 bytes]
 91.337: [G1Ergonomics (Heap Sizing) expand the heap, requested expansion amount: 524280 bytes, attempted expansion amount: 1048576 bytes]
 91.337: [G1Ergonomics (Heap Sizing) attempt heap expansion, reason: region allocation request failed, allocation request: 524280 bytes]
 91.337: [G1Ergonomics (Heap Sizing) expand the heap, requested expansion amount: 524280 bytes, attempted expansion amount: 1048576 bytes]
 91.340: [G1Ergonomics (Heap Sizing) attempt heap expansion, reason: region allocation request failed, allocation request: 524280 bytes]
 91.340: [G1Ergonomics (Heap Sizing) expand the heap, requested expansion amount: 524280 bytes, attempted expansion amount: 1048576 bytes]
 91.341: [G1Ergonomics (Heap Sizing) attempt heap expansion, reason: region allocation request failed, allocation request: 524280 bytes]
 91.341: [G1Ergonomics (Heap Sizing) expand the heap, requested expansion amount: 524280 bytes, attempted expansion amount: 1048576 bytes]
 91.342: [G1Ergonomics (Heap Sizing) attempt heap expansion, reason: region allocation request failed, allocation request: 524280 bytes]
 91.342: [G1Ergonomics (Heap Sizing) expand the heap, requested expansion amount: 524280 bytes, attempted expansion amount: 1048576 bytes]
 91.344: [G1Ergonomics (Heap Sizing) attempt heap expansion, reason: region allocation request failed, allocation request: 524280 bytes]
 91.344: [G1Ergonomics (Heap Sizing) expand the heap, requested expansion amount: 524280 bytes, attempted expansion amount: 1048576 bytes]
 91.345: [G1Ergonomics (Heap Sizing) attempt heap expansion, reason: region allocation request failed, allocation request: 524280 bytes]
 91.345: [G1Ergonomics (Heap Sizing) expand the heap, requested expansion amount: 524280 bytes, attempted expansion amount: 1048576 bytes]
 91.347: [G1Ergonomics (Heap Sizing) attempt heap expansion, reason: region allocation request failed, allocation request: 524280 bytes]
 91.347: [G1Ergonomics (Heap Sizing) expand the heap, requested expansion amount: 524280 bytes, attempted expansion amount: 1048576 bytes]
 91.348: [G1Ergonomics (Heap Sizing) attempt heap expansion, reason: region allocation request failed, allocation request: 524280 bytes]
 91.348: [G1Ergonomics (Heap Sizing) expand the heap, requested expansion amount: 524280 bytes, attempted expansion amount: 1048576 bytes]
 91.349: [G1Ergonomics (Heap Sizing) attempt heap expansion, reason: region allocation request failed, allocation request: 524280 bytes]
 91.349: [G1Ergonomics (Heap Sizing) expand the heap, requested expansion amount: 524280 bytes, attempted expansion amount: 1048576 bytes]
 91.349: [G1Ergonomics (Heap Sizing) attempt heap expansion, reason: region allocation request failed, allocation request: 524280 bytes]
 91.350: [G1Ergonomics (Heap Sizing) expand the heap, requested expansion amount: 524280 bytes, attempted expansion amount: 1048576 bytes]
 91.352: [G1Ergonomics (Heap Sizing) attempt heap expansion, reason: region allocation request failed, allocation request: 524280 bytes]
 91.352: [G1Ergonomics (Heap Sizing) expand the heap, requested expansion amount: 524280 bytes, attempted expansion amount: 1048576 bytes]
 91.353: [G1Ergonomics (Heap Sizing) attempt heap expansion, reason: region allocation request failed, allocation request: 524280 bytes]
 91.353: [G1Ergonomics (Heap Sizing) expand the heap, requested expansion amount: 524280 bytes, attempted expansion amount: 1048576 bytes]
 91.353: [G1Ergonomics (Heap Sizing) attempt heap expansion, reason: region allocation request failed, allocation request: 524280 bytes]
 91.353: [G1Ergonomics (Heap Sizing) expand the heap, requested expansion amount: 524280 bytes, attempted expansion amount: 1048576 bytes]
 91.355: [G1Ergonomics (Heap Sizing) attempt heap expansion, reason: region allocation request failed, allocation request: 524280 bytes]
 91.355: [G1Ergonomics (Heap Sizing) expand the heap, requested expansion amount: 524280 bytes, attempted expansion amount: 1048576 bytes]
 91.357: [G1Ergonomics (Heap Sizing) attempt heap expansion, reason: region allocation request failed, allocation request: 524280 bytes]
 91.357: [G1Ergonomics (Heap Sizing) expand the heap, requested expansion amount: 524280 bytes, attempted expansion amount: 1048576 bytes]
 91.360: [G1Ergonomics (Heap Sizing) attempt heap expansion, reason: region allocation request failed, allocation request: 524280 bytes]
 91.360: [G1Ergonomics (Heap Sizing) expand the heap, requested expansion amount: 524280 bytes, attempted expansion amount: 1048576 bytes]
 91.360: [G1Ergonomics (Heap Sizing) attempt heap expansion, reason: region allocation request failed, allocation request: 524280 bytes]
 91.360: [G1Ergonomics (Heap Sizing) expand the heap, requested expansion amount: 524280 bytes, attempted expansion amount: 1048576 bytes]
 91.362: [G1Ergonomics (Heap Sizing) attempt heap expansion, reason: region allocation request failed, allocation request: 524280 bytes]
 91.362: [G1Ergonomics (Heap Sizing) expand the heap, requested expansion amount: 524280 bytes, attempted expansion amount: 1048576 bytes]
 91.363: [G1Ergonomics (Heap Sizing) attempt heap expansion, reason: region allocation request failed, allocation request: 524280 bytes]
 91.363: [G1Ergonomics (Heap Sizing) expand the heap, requested expansion amount: 524280 bytes, attempted expansion amount: 1048576 bytes]
 91.363: [G1Ergonomics (Heap Sizing) attempt heap expansion, reason: region allocation request failed, allocation request: 524280 bytes]
 91.364: [G1Ergonomics (Heap Sizing) expand the heap, requested expansion amount: 524280 bytes, attempted expansion amount: 1048576 bytes]
 91.365: [G1Ergonomics (Heap Sizing) attempt heap expansion, reason: region allocation request failed, allocation request: 524280 bytes]
 91.365: [G1Ergonomics (Heap Sizing) expand the heap, requested expansion amount: 524280 bytes, attempted expansion amount: 1048576 bytes]
 91.366: [G1Ergonomics (Heap Sizing) attempt heap expansion, reason: region allocation request failed, allocation request: 524280 bytes]
 91.366: [G1Ergonomics (Heap Sizing) expand the heap, requested expansion amount: 524280 bytes, attempted expansion amount: 1048576 bytes]
 91.367: [G1Ergonomics (Heap Sizing) attempt heap expansion, reason: region allocation request failed, allocation request: 524280 bytes]
 91.367: [G1Ergonomics (Heap Sizing) expand the heap, requested expansion amount: 524280 bytes, attempted expansion amount: 1048576 bytes]
 91.369: [G1Ergonomics (Heap Sizing) attempt heap expansion, reason: region allocation request failed, allocation request: 524280 bytes]
 91.369: [G1Ergonomics (Heap Sizing) expand the heap, requested expansion amount: 524280 bytes, attempted expansion amount: 1048576 bytes]
 91.370: [G1Ergonomics (Heap Sizing) attempt heap expansion, reason: region allocation request failed, allocation request: 524280 bytes]
 91.370: [G1Ergonomics (Heap Sizing) expand the heap, requested expansion amount: 524280 bytes, attempted expansion amount: 1048576 bytes]
 91.372: [G1Ergonomics (Heap Sizing) attempt heap expansion, reason: region allocation request failed, allocation request: 524280 bytes]
 91.372: [G1Ergonomics (Heap Sizing) expand the heap, requested expansion amount: 524280 bytes, attempted expansion amount: 1048576 bytes]
 91.374: [G1Ergonomics (Heap Sizing) attempt heap expansion, reason: region allocation request failed, allocation request: 524280 bytes]
 91.375: [G1Ergonomics (Heap Sizing) expand the heap, requested expansion amount: 524280 bytes, attempted expansion amount: 1048576 bytes]
 91.375: [G1Ergonomics (Heap Sizing) attempt heap expansion, reason: region allocation request failed, allocation request: 524280 bytes]
 91.375: [G1Ergonomics (Heap Sizing) expand the heap, requested expansion amount: 524280 bytes, attempted expansion amount: 1048576 bytes]
 91.376: [G1Ergonomics (Heap Sizing) attempt heap expansion, reason: region allocation request failed, allocation request: 524280 bytes]
 91.376: [G1Ergonomics (Heap Sizing) expand the heap, requested expansion amount: 524280 bytes, attempted expansion amount: 1048576 bytes]
 91.378: [G1Ergonomics (Heap Sizing) attempt heap expansion, reason: region allocation request failed, allocation request: 524280 bytes]
 91.378: [G1Ergonomics (Heap Sizing) expand the heap, requested expansion amount: 524280 bytes, attempted expansion amount: 1048576 bytes]
 91.379: [G1Ergonomics (Heap Sizing) attempt heap expansion, reason: region allocation request failed, allocation request: 524280 bytes]
 91.379: [G1Ergonomics (Heap Sizing) expand the heap, requested expansion amount: 524280 bytes, attempted expansion amount: 1048576 bytes]
 91.380: [G1Ergonomics (Heap Sizing) attempt heap expansion, reason: region allocation request failed, allocation request: 524280 bytes]
 91.380: [G1Ergonomics (Heap Sizing) expand the heap, requested expansion amount: 524280 bytes, attempted expansion amount: 1048576 bytes]
 91.382: [G1Ergonomics (Heap Sizing) attempt heap expansion, reason: region allocation request failed, allocation request: 524280 bytes]
 91.382: [G1Ergonomics (Heap Sizing) expand the heap, requested expansion amount: 524280 bytes, attempted expansion amount: 1048576 bytes]
 91.382: [G1Ergonomics (Heap Sizing) attempt heap expansion, reason: region allocation request failed, allocation request: 524280 bytes]
 91.382: [G1Ergonomics (Heap Sizing) expand the heap, requested expansion amount: 524280 bytes, attempted expansion amount: 1048576 bytes]
 91.385: [G1Ergonomics (Heap Sizing) attempt heap expansion, reason: region allocation request failed, allocation request: 524280 bytes]
 91.385: [G1Ergonomics (Heap Sizing) expand the heap, requested expansion amount: 524280 bytes, attempted expansion amount: 1048576 bytes]
 91.386: [G1Ergonomics (Heap Sizing) attempt heap expansion, reason: region allocation request failed, allocation request: 524280 bytes]
 91.386: [G1Ergonomics (Heap Sizing) expand the heap, requested expansion amount: 524280 bytes, attempted expansion amount: 1048576 bytes]
 91.387: [G1Ergonomics (Heap Sizing) attempt heap expansion, reason: region allocation request failed, allocation request: 524280 bytes]
 91.387: [G1Ergonomics (Heap Sizing) expand the heap, requested expansion amount: 524280 bytes, attempted expansion amount: 1048576 bytes]
 91.388: [G1Ergonomics (Heap Sizing) attempt heap expansion, reason: region allocation request failed, allocation request: 524280 bytes]
 91.388: [G1Ergonomics (Heap Sizing) expand the heap, requested expansion amount: 524280 bytes, attempted expansion amount: 1048576 bytes]
 91.389: [G1Ergonomics (Heap Sizing) attempt heap expansion, reason: region allocation request failed, allocation request: 524280 bytes]
 91.389: [G1Ergonomics (Heap Sizing) expand the heap, requested expansion amount: 524280 bytes, attempted expansion amount: 1048576 bytes]
 91.391: [G1Ergonomics (Heap Sizing) attempt heap expansion, reason: region allocation request failed, allocation request: 524280 bytes]
 91.391: [G1Ergonomics (Heap Sizing) expand the heap, requested expansion amount: 524280 bytes, attempted expansion amount: 1048576 bytes]
 91.392: [G1Ergonomics (Heap Sizing) attempt heap expansion, reason: region allocation request failed, allocation request: 524280 bytes]
 91.392: [G1Ergonomics (Heap Sizing) expand the heap, requested expansion amount: 524280 bytes, attempted expansion amount: 1048576 bytes]
 91.394: [G1Ergonomics (Heap Sizing) attempt heap expansion, reason: region allocation request failed, allocation request: 524280 bytes]
 91.394: [G1Ergonomics (Heap Sizing) expand the heap, requested expansion amount: 524280 bytes, attempted expansion amount: 1048576 bytes]
 91.395: [G1Ergonomics (Heap Sizing) attempt heap expansion, reason: region allocation request failed, allocation request: 524280 bytes]
 91.395: [G1Ergonomics (Heap Sizing) expand the heap, requested expansion amount: 524280 bytes, attempted expansion amount: 1048576 bytes]
 91.397: [G1Ergonomics (Heap Sizing) attempt heap expansion, reason: region allocation request failed, allocation request: 524280 bytes]
 91.397: [G1Ergonomics (Heap Sizing) expand the heap, requested expansion amount: 524280 bytes, attempted expansion amount: 1048576 bytes]
 91.398: [G1Ergonomics (Heap Sizing) attempt heap expansion, reason: region allocation request failed, allocation request: 524280 bytes]
 91.398: [G1Ergonomics (Heap Sizing) expand the heap, requested expansion amount: 524280 bytes, attempted expansion amount: 1048576 bytes]
 91.400: [G1Ergonomics (Heap Sizing) attempt heap expansion, reason: region allocation request failed, allocation request: 524280 bytes]
 91.400: [G1Ergonomics (Heap Sizing) expand the heap, requested expansion amount: 524280 bytes, attempted expansion amount: 1048576 bytes]
 91.402: [G1Ergonomics (Heap Sizing) attempt heap expansion, reason: region allocation request failed, allocation request: 524280 bytes]
 91.404: [G1Ergonomics (Heap Sizing) expand the heap, requested expansion amount: 524280 bytes, attempted expansion amount: 1048576 bytes]
 91.404: [G1Ergonomics (Heap Sizing) attempt heap expansion, reason: region allocation request failed, allocation request: 524280 bytes]
 91.404: [G1Ergonomics (Heap Sizing) expand the heap, requested expansion amount: 524280 bytes, attempted expansion amount: 1048576 bytes]
 91.405: [G1Ergonomics (Heap Sizing) attempt heap expansion, reason: region allocation request failed, allocation request: 524280 bytes]
 91.405: [G1Ergonomics (Heap Sizing) expand the heap, requested expansion amount: 524280 bytes, attempted expansion amount: 1048576 bytes]
 91.407: [G1Ergonomics (Heap Sizing) attempt heap expansion, reason: region allocation request failed, allocation request: 524280 bytes]
 91.407: [G1Ergonomics (Heap Sizing) expand the heap, requested expansion amount: 524280 bytes, attempted expansion amount: 1048576 bytes]
 91.408: [G1Ergonomics (Heap Sizing) attempt heap expansion, reason: region allocation request failed, allocation request: 524280 bytes]
 91.408: [G1Ergonomics (Heap Sizing) expand the heap, requested expansion amount: 524280 bytes, attempted expansion amount: 1048576 bytes]
 91.409: [G1Ergonomics (Heap Sizing) attempt heap expansion, reason: region allocation request failed, allocation request: 524280 bytes]
 91.409: [G1Ergonomics (Heap Sizing) expand the heap, requested expansion amount: 524280 bytes, attempted expansion amount: 1048576 bytes]
 91.410: [G1Ergonomics (Heap Sizing) attempt heap expansion, reason: region allocation request failed, allocation request: 524280 bytes]
 91.410: [G1Ergonomics (Heap Sizing) expand the heap, requested expansion amount: 524280 bytes, attempted expansion amount: 1048576 bytes]
 91.412: [G1Ergonomics (Heap Sizing) attempt heap expansion, reason: region allocation request failed, allocation request: 524280 bytes]
 91.412: [G1Ergonomics (Heap Sizing) expand the heap, requested expansion amount: 524280 bytes, attempted expansion amount: 1048576 bytes]
 91.412: [G1Ergonomics (Heap Sizing) attempt heap expansion, reason: region allocation request failed, allocation request: 524280 bytes]
 91.412: [G1Ergonomics (Heap Sizing) expand the heap, requested expansion amount: 524280 bytes, attempted expansion amount: 1048576 bytes]
 91.413: [G1Ergonomics (Heap Sizing) attempt heap expansion, reason: region allocation request failed, allocation request: 524280 bytes]
 91.413: [G1Ergonomics (Heap Sizing) expand the heap, requested expansion amount: 524280 bytes, attempted expansion amount: 1048576 bytes]
 91.415: [G1Ergonomics (Heap Sizing) attempt heap expansion, reason: region allocation request failed, allocation request: 524280 bytes]
 91.415: [G1Ergonomics (Heap Sizing) expand the heap, requested expansion amount: 524280 bytes, attempted expansion amount: 1048576 bytes]
 91.416: [G1Ergonomics (Heap Sizing) attempt heap expansion, reason: region allocation request failed, allocation request: 524280 bytes]
 91.416: [G1Ergonomics (Heap Sizing) expand the heap, requested expansion amount: 524280 bytes, attempted expansion amount: 1048576 bytes]
 91.418: [G1Ergonomics (Heap Sizing) attempt heap expansion, reason: region allocation request failed, allocation request: 524280 bytes]
 91.418: [G1Ergonomics (Heap Sizing) expand the heap, requested expansion amount: 524280 bytes, attempted expansion amount: 1048576 bytes]
 91.419: [G1Ergonomics (Heap Sizing) attempt heap expansion, reason: region allocation request failed, allocation request: 524280 bytes]
 91.419: [G1Ergonomics (Heap Sizing) expand the heap, requested expansion amount: 524280 bytes, attempted expansion amount: 1048576 bytes]
 91.420: [G1Ergonomics (Heap Sizing) attempt heap expansion, reason: region allocation request failed, allocation request: 524280 bytes]
 91.420: [G1Ergonomics (Heap Sizing) expand the heap, requested expansion amount: 524280 bytes, attempted expansion amount: 1048576 bytes]
 91.422: [G1Ergonomics (Heap Sizing) attempt heap expansion, reason: region allocation request failed, allocation request: 524280 bytes]
 91.422: [G1Ergonomics (Heap Sizing) expand the heap, requested expansion amount: 524280 bytes, attempted expansion amount: 1048576 bytes]
 91.423: [G1Ergonomics (Heap Sizing) attempt heap expansion, reason: region allocation request failed, allocation request: 524280 bytes]
 91.423: [G1Ergonomics (Heap Sizing) expand the heap, requested expansion amount: 524280 bytes, attempted expansion amount: 1048576 bytes]
 91.424: [G1Ergonomics (Heap Sizing) attempt heap expansion, reason: region allocation request failed, allocation request: 524280 bytes]
 91.424: [G1Ergonomics (Heap Sizing) expand the heap, requested expansion amount: 524280 bytes, attempted expansion amount: 1048576 bytes]
 91.425: [G1Ergonomics (Heap Sizing) attempt heap expansion, reason: region allocation request failed, allocation request: 524280 bytes]
 91.427: [G1Ergonomics (Heap Sizing) expand the heap, requested expansion amount: 524280 bytes, attempted expansion amount: 1048576 bytes]
 91.427: [G1Ergonomics (Heap Sizing) attempt heap expansion, reason: region allocation request failed, allocation request: 524280 bytes]
 91.427: [G1Ergonomics (Heap Sizing) expand the heap, requested expansion amount: 524280 bytes, attempted expansion amount: 1048576 bytes]
 91.428: [G1Ergonomics (Heap Sizing) attempt heap expansion, reason: region allocation request failed, allocation request: 524280 bytes]
 91.428: [G1Ergonomics (Heap Sizing) expand the heap, requested expansion amount: 524280 bytes, attempted expansion amount: 1048576 bytes]
 91.430: [G1Ergonomics (Heap Sizing) attempt heap expansion, reason: region allocation request failed, allocation request: 524280 bytes]
 91.430: [G1Ergonomics (Heap Sizing) expand the heap, requested expansion amount: 524280 bytes, attempted expansion amount: 1048576 bytes]
 91.431: [G1Ergonomics (Heap Sizing) attempt heap expansion, reason: region allocation request failed, allocation request: 524280 bytes]
 91.431: [G1Ergonomics (Heap Sizing) expand the heap, requested expansion amount: 524280 bytes, attempted expansion amount: 1048576 bytes]
 91.432: [G1Ergonomics (Heap Sizing) attempt heap expansion, reason: region allocation request failed, allocation request: 524280 bytes]
 91.432: [G1Ergonomics (Heap Sizing) expand the heap, requested expansion amount: 524280 bytes, attempted expansion amount: 1048576 bytes]
 91.435: [G1Ergonomics (Heap Sizing) attempt heap expansion, reason: region allocation request failed, allocation request: 524280 bytes]
 91.435: [G1Ergonomics (Heap Sizing) expand the heap, requested expansion amount: 524280 bytes, attempted expansion amount: 1048576 bytes]
 91.435: [G1Ergonomics (Heap Sizing) attempt heap expansion, reason: region allocation request failed, allocation request: 524280 bytes]
 91.435: [G1Ergonomics (Heap Sizing) expand the heap, requested expansion amount: 524280 bytes, attempted expansion amount: 1048576 bytes]
 91.439: [G1Ergonomics (Heap Sizing) attempt heap expansion, reason: region allocation request failed, allocation request: 524280 bytes]
 91.439: [G1Ergonomics (Heap Sizing) expand the heap, requested expansion amount: 524280 bytes, attempted expansion amount: 1048576 bytes]
 91.439: [G1Ergonomics (Heap Sizing) attempt heap expansion, reason: region allocation request failed, allocation request: 524280 bytes]
 91.439: [G1Ergonomics (Heap Sizing) expand the heap, requested expansion amount: 524280 bytes, attempted expansion amount: 1048576 bytes]
 91.440: [G1Ergonomics (Heap Sizing) attempt heap expansion, reason: region allocation request failed, allocation request: 524280 bytes]
 91.440: [G1Ergonomics (Heap Sizing) expand the heap, requested expansion amount: 524280 bytes, attempted expansion amount: 1048576 bytes]
 91.442: [G1Ergonomics (Heap Sizing) attempt heap expansion, reason: region allocation request failed, allocation request: 524280 bytes]
 91.442: [G1Ergonomics (Heap Sizing) expand the heap, requested expansion amount: 524280 bytes, attempted expansion amount: 1048576 bytes]
 91.444: [G1Ergonomics (Heap Sizing) attempt heap expansion, reason: region allocation request failed, allocation request: 524280 bytes]
 91.444: [G1Ergonomics (Heap Sizing) expand the heap, requested expansion amount: 524280 bytes, attempted expansion amount: 1048576 bytes]
 91.444: [G1Ergonomics (Heap Sizing) attempt heap expansion, reason: region allocation request failed, allocation request: 524280 bytes]
 91.444: [G1Ergonomics (Heap Sizing) expand the heap, requested expansion amount: 524280 bytes, attempted expansion amount: 1048576 bytes]
 91.452: [G1Ergonomics (Heap Sizing) attempt heap expansion, reason: region allocation request failed, allocation request: 524280 bytes]
 91.452: [G1Ergonomics (Heap Sizing) expand the heap, requested expansion amount: 524280 bytes, attempted expansion amount: 1048576 bytes]
 91.453: [G1Ergonomics (Heap Sizing) attempt heap expansion, reason: region allocation request failed, allocation request: 524280 bytes]
 91.453: [G1Ergonomics (Heap Sizing) expand the heap, requested expansion amount: 524280 bytes, attempted expansion amount: 1048576 bytes]
 91.453: [G1Ergonomics (Heap Sizing) attempt heap expansion, reason: region allocation request failed, allocation request: 524280 bytes]
 91.453: [G1Ergonomics (Heap Sizing) expand the heap, requested expansion amount: 524280 bytes, attempted expansion amount: 1048576 bytes]
 91.454: [G1Ergonomics (Heap Sizing) attempt heap expansion, reason: region allocation request failed, allocation request: 524280 bytes]
 91.454: [G1Ergonomics (Heap Sizing) expand the heap, requested expansion amount: 524280 bytes, attempted expansion amount: 1048576 bytes]
 91.455: [G1Ergonomics (Heap Sizing) attempt heap expansion, reason: region allocation request failed, allocation request: 524280 bytes]
 91.455: [G1Ergonomics (Heap Sizing) expand the heap, requested expansion amount: 524280 bytes, attempted expansion amount: 1048576 bytes]
 91.456: [G1Ergonomics (Heap Sizing) attempt heap expansion, reason: region allocation request failed, allocation request: 524280 bytes]
 91.456: [G1Ergonomics (Heap Sizing) expand the heap, requested expansion amount: 524280 bytes, attempted expansion amount: 1048576 bytes]
 91.462: [G1Ergonomics (Mixed GCs) do not start mixed GCs, reason: reclaimable percentage not over threshold, candidate old regions: 294 regions, reclaimable: 105798968 bytes (1.97 %), threshold: 5.00 %]
, 0.1547432 secs]
   [Parallel Time: 143.7 ms, GC Workers: 8]
      [GC Worker Start (ms): Min: 91307.4, Avg: 91317.6, Max: 91322.9, Diff: 15.5]
      [Ext Root Scanning (ms): Min: 0.0, Avg: 0.4, Max: 2.9, Diff: 2.9, Sum: 2.9]
      [Update RS (ms): Min: 0.0, Avg: 3.0, Max: 12.5, Diff: 12.5, Sum: 23.8]
         [Processed Buffers: Min: 0, Avg: 7.9, Max: 19, Diff: 19, Sum: 63]
      [Scan RS (ms): Min: 0.0, Avg: 2.0, Max: 8.5, Diff: 8.5, Sum: 16.3]
      [Code Root Scanning (ms): Min: 0.0, Avg: 0.0, Max: 0.2, Diff: 0.2, Sum: 0.3]
      [Object Copy (ms): Min: 121.2, Avg: 122.0, Max: 126.1, Diff: 4.9, Sum: 975.9]
      [Termination (ms): Min: 0.0, Avg: 5.8, Max: 6.7, Diff: 6.7, Sum: 46.6]
         [Termination Attempts: Min: 1, Avg: 34.6, Max: 54, Diff: 53, Sum: 277]
      [GC Worker Other (ms): Min: 0.0, Avg: 0.0, Max: 0.0, Diff: 0.0, Sum: 0.1]
      [GC Worker Total (ms): Min: 127.9, Avg: 133.3, Max: 143.5, Diff: 15.6, Sum: 1066.1]
      [GC Worker End (ms): Min: 91450.8, Avg: 91450.9, Max: 91450.9, Diff: 0.0]
   [Code Root Fixup: 0.1 ms]
   [Code Root Purge: 0.0 ms]
   [Clear CT: 0.6 ms]
   [Other: 10.4 ms]
      [Choose CSet: 0.0 ms]
      [Ref Proc: 5.3 ms]
      [Ref Enq: 0.0 ms]
      [Redirty Cards: 0.2 ms]
      [Humongous Register: 0.3 ms]
      [Humongous Reclaim: 3.4 ms]
      [Free CSet: 0.9 ms]
   [Eden: 550.0M(1359.0M)->0.0B(2124.0M) Survivors: 90.0M->96.0M Heap: 5016.8M(5034.0M)->2384.7M(5130.0M)]
 [Times: user=0.61 sys=0.05, real=0.16 secs]
         vmop                    [threads: total initially_running wait_to_block]    [time: spin block sync cleanup vmop] page_trap_count
91.307: G1IncCollectionPause             [      32          0              0    ]      [     0     0     0     0   154    ]  0
2017-11-17T22:05:03.541+0800: 91.462: Total time for which application threads were stopped: 0.1551570 seconds, Stopping threads took: 0.0000377 seconds
         vmop                    [threads: total initially_running wait_to_block]    [time: spin block sync cleanup vmop] page_trap_count
91.462: RevokeBias                       [      32          1              1    ]      [     0     0     0     0     0    ]  1
2017-11-17T22:05:03.542+0800: 91.463: Total time for which application threads were stopped: 0.0002320 seconds, Stopping threads took: 0.0000645 seconds
         vmop                    [threads: total initially_running wait_to_block]    [time: spin block sync cleanup vmop] page_trap_count
91.463: BulkRevokeBias                   [      32          1              1    ]      [     0     0     0     0     0    ]  1
2017-11-17T22:05:03.543+0800: 91.463: Total time for which application threads were stopped: 0.0002800 seconds, Stopping threads took: 0.0000590 seconds
         vmop                    [threads: total initially_running wait_to_block]    [time: spin block sync cleanup vmop] page_trap_count
92.463: no vm operation                  [      32          0              0    ]      [     0     0     0     0     0    ]  0
2017-11-17T22:05:04.543+0800: 92.464: Total time for which application threads were stopped: 0.0002094 seconds, Stopping threads took: 0.0000618 seconds
         vmop                    [threads: total initially_running wait_to_block]    [time: spin block sync cleanup vmop] page_trap_count
93.743: RevokeBias                       [      32          0              1    ]      [     0     0     0     0     0    ]  0
2017-11-17T22:05:05.822+0800: 93.743: Total time for which application threads were stopped: 0.0002531 seconds, Stopping threads took: 0.0001145 seconds
         vmop                    [threads: total initially_running wait_to_block]    [time: spin block sync cleanup vmop] page_trap_count
94.743: no vm operation                  [      32          0              0    ]      [     0     0     0     0     0    ]  0
2017-11-17T22:05:06.823+0800: 94.743: Total time for which application threads were stopped: 0.0002289 seconds, Stopping threads took: 0.0000653 seconds
         vmop                    [threads: total initially_running wait_to_block]    [time: spin block sync cleanup vmop] page_trap_count
99.744: no vm operation                  [      32          0              0    ]      [     0     0     0     0     0    ]  0
2017-11-17T22:05:11.823+0800: 99.744: Total time for which application threads were stopped: 0.0002317 seconds, Stopping threads took: 0.0000436 seconds
         vmop                    [threads: total initially_running wait_to_block]    [time: spin block sync cleanup vmop] page_trap_count
103.743: RevokeBias                       [      32          0              0    ]      [     0     0     0     0     0    ]  0
2017-11-17T22:05:15.822+0800: 103.743: Total time for which application threads were stopped: 0.0002127 seconds, Stopping threads took: 0.0000755 seconds
         vmop                    [threads: total initially_running wait_to_block]    [time: spin block sync cleanup vmop] page_trap_count
113.743: RevokeBias                       [      32          0              0    ]      [     0     0     0     0     0    ]  0
2017-11-17T22:05:25.822+0800: 113.743: Total time for which application threads were stopped: 0.0002096 seconds, Stopping threads took: 0.0000719 seconds
         vmop                    [threads: total initially_running wait_to_block]    [time: spin block sync cleanup vmop] page_trap_count
115.164: RevokeBias                       [      32          0              1    ]      [     0     0     0     0     0    ]  0
2017-11-17T22:05:27.244+0800: 115.165: Total time for which application threads were stopped: 0.0002973 seconds, Stopping threads took: 0.0001439 seconds
         vmop                    [threads: total initially_running wait_to_block]    [time: spin block sync cleanup vmop] page_trap_count
115.174: RevokeBias                       [      32          0              1    ]      [     0     0     0     0     0    ]  0
2017-11-17T22:05:27.254+0800: 115.175: Total time for which application threads were stopped: 0.0002410 seconds, Stopping threads took: 0.0001020 seconds
         vmop                    [threads: total initially_running wait_to_block]    [time: spin block sync cleanup vmop] page_trap_count
119.619: RevokeBias                       [      32          0              0    ]      [     0     0     0     0     0    ]  0
2017-11-17T22:05:31.698+0800: 119.619: Total time for which application threads were stopped: 0.0002027 seconds, Stopping threads took: 0.0000505 seconds
         vmop                    [threads: total initially_running wait_to_block]    [time: spin block sync cleanup vmop] page_trap_count
123.619: no vm operation                  [      31          0              0    ]      [     0     0     0     0     0    ]  0
2017-11-17T22:05:35.699+0800: 123.619: Total time for which application threads were stopped: 0.0002294 seconds, Stopping threads took: 0.0000692 seconds
         vmop                    [threads: total initially_running wait_to_block]    [time: spin block sync cleanup vmop] page_trap_count
123.743: RevokeBias                       [      31          0              0    ]      [     0     0     0     0     0    ]  0
2017-11-17T22:05:35.822+0800: 123.743: Total time for which application threads were stopped: 0.0003621 seconds, Stopping threads took: 0.0002097 seconds
         vmop                    [threads: total initially_running wait_to_block]    [time: spin block sync cleanup vmop] page_trap_count
124.743: no vm operation                  [      31          0              0    ]      [     0     0     0     0     0    ]  0
2017-11-17T22:05:36.823+0800: 124.743: Total time for which application threads were stopped: 0.0002722 seconds, Stopping threads took: 0.0000913 seconds
         vmop                    [threads: total initially_running wait_to_block]    [time: spin block sync cleanup vmop] page_trap_count
133.743: RevokeBias                       [      31          0              0    ]      [     0     0     0     0     0    ]  0
2017-11-17T22:05:45.822+0800: 133.743: Total time for which application threads were stopped: 0.0002169 seconds, Stopping threads took: 0.0000756 seconds
         vmop                    [threads: total initially_running wait_to_block]    [time: spin block sync cleanup vmop] page_trap_count
134.534: RevokeBias                       [      31          0              0    ]      [     0     0     0     0     0    ]  0
2017-11-17T22:05:46.614+0800: 134.534: Total time for which application threads were stopped: 0.0002068 seconds, Stopping threads took: 0.0000494 seconds
         vmop                    [threads: total initially_running wait_to_block]    [time: spin block sync cleanup vmop] page_trap_count
143.743: RevokeBias                       [      31          0              0    ]      [     0     0     0     0     0    ]  0
2017-11-17T22:05:55.822+0800: 143.743: Total time for which application threads were stopped: 0.0002574 seconds, Stopping threads took: 0.0000691 seconds
         vmop                    [threads: total initially_running wait_to_block]    [time: spin block sync cleanup vmop] page_trap_count
144.312: RevokeBias                       [      31          0              1    ]      [     0     0     0     0     0    ]  0
2017-11-17T22:05:56.392+0800: 144.313: Total time for which application threads were stopped: 0.0010001 seconds, Stopping threads took: 0.0008111 seconds
         vmop                    [threads: total initially_running wait_to_block]    [time: spin block sync cleanup vmop] page_trap_count
144.326: RevokeBias                       [      31          0              0    ]      [     0     0     0     0     0    ]  0
2017-11-17T22:05:56.406+0800: 144.326: Total time for which application threads were stopped: 0.0003258 seconds, Stopping threads took: 0.0000401 seconds
         vmop                    [threads: total initially_running wait_to_block]    [time: spin block sync cleanup vmop] page_trap_count
144.350: RevokeBias                       [      31          0              1    ]      [     0     0     0     0     0    ]  0
2017-11-17T22:05:56.430+0800: 144.351: Total time for which application threads were stopped: 0.0002612 seconds, Stopping threads took: 0.0001055 seconds
         vmop                    [threads: total initially_running wait_to_block]    [time: spin block sync cleanup vmop] page_trap_count
148.459: RevokeBias                       [      31          0              1    ]      [     0     0     0     0     0    ]  0
2017-11-17T22:06:00.539+0800: 148.459: Total time for which application threads were stopped: 0.0003464 seconds, Stopping threads took: 0.0001664 seconds
         vmop                    [threads: total initially_running wait_to_block]    [time: spin block sync cleanup vmop] page_trap_count
148.464: RevokeBias                       [      31          0              0    ]      [     0     0     0     0     0    ]  0
2017-11-17T22:06:00.544+0800: 148.464: Total time for which application threads were stopped: 0.0002075 seconds, Stopping threads took: 0.0000387 seconds
         vmop                    [threads: total initially_running wait_to_block]    [time: spin block sync cleanup vmop] page_trap_count
148.910: RevokeBias                       [      31          0              0    ]      [     0     0     0     0     0    ]  0
2017-11-17T22:06:00.990+0800: 148.910: Total time for which application threads were stopped: 0.0002229 seconds, Stopping threads took: 0.0000479 seconds
         vmop                    [threads: total initially_running wait_to_block]    [time: spin block sync cleanup vmop] page_trap_count
148.917: RevokeBias                       [      31          0              0    ]      [     0     0     0     0     0    ]  0
2017-11-17T22:06:00.997+0800: 148.917: Total time for which application threads were stopped: 0.0004888 seconds, Stopping threads took: 0.0003285 seconds
         vmop                    [threads: total initially_running wait_to_block]    [time: spin block sync cleanup vmop] page_trap_count
148.999: RevokeBias                       [      31          0              1    ]      [     0     0     0     0     0    ]  0
2017-11-17T22:06:01.079+0800: 149.000: Total time for which application threads were stopped: 0.0004179 seconds, Stopping threads took: 0.0000870 seconds
         vmop                    [threads: total initially_running wait_to_block]    [time: spin block sync cleanup vmop] page_trap_count
149.018: RevokeBias                       [      31          0              0    ]      [     0     0     0     0     0    ]  0
2017-11-17T22:06:01.097+0800: 149.018: Total time for which application threads were stopped: 0.0002426 seconds, Stopping threads took: 0.0000687 seconds
 149.020: [G1Ergonomics (Concurrent Cycles) request concurrent cycle initiation, reason: occupancy higher than threshold, occupancy: 2419064832 bytes, allocation request: 437499240 bytes, threshold: 2420637660 bytes (45.00 %), source: concurrent humongous allocation]
 149.020: [G1Ergonomics (Concurrent Cycles) request concurrent cycle initiation, reason: requested by GC cause, GC cause: G1 Humongous Allocation]
 149.021: [G1Ergonomics (Concurrent Cycles) initiate concurrent cycle, reason: concurrent cycle initiation requested]
2017-11-17T22:06:01.100+0800: 149.021: [GC pause (G1 Humongous Allocation) (young) (initial-mark) 149.022: [G1Ergonomics (CSet Construction) start choosing CSet, _pending_cards: 5737, predicted base time: 20.40 ms, remaining time: 179.60 ms, target pause time: 200.00 ms]
 149.022: [G1Ergonomics (CSet Construction) add young regions to CSet, eden: 19 regions, survivors: 96 regions, predicted young region time: 44.73 ms]
 149.022: [G1Ergonomics (CSet Construction) finish choosing CSet, eden: 19 regions, survivors: 96 regions, old: 0 regions, predicted pause time: 65.13 ms, target pause time: 200.00 ms]
, 0.2412252 secs]
   [Parallel Time: 186.8 ms, GC Workers: 8]
      [GC Worker Start (ms): Min: 149022.0, Avg: 149024.0, Max: 149024.7, Diff: 2.8]
      [Ext Root Scanning (ms): Min: 0.1, Avg: 5.2, Max: 12.6, Diff: 12.5, Sum: 41.2]
      [Update RS (ms): Min: 16.6, Avg: 28.1, Max: 40.2, Diff: 23.6, Sum: 225.1]
         [Processed Buffers: Min: 2, Avg: 4.6, Max: 10, Diff: 8, Sum: 37]
      [Scan RS (ms): Min: 0.0, Avg: 0.0, Max: 0.1, Diff: 0.1, Sum: 0.3]
      [Code Root Scanning (ms): Min: 0.0, Avg: 0.0, Max: 0.3, Diff: 0.3, Sum: 0.4]
      [Object Copy (ms): Min: 130.8, Avg: 144.2, Max: 156.4, Diff: 25.6, Sum: 1153.8]
      [Termination (ms): Min: 0.0, Avg: 1.2, Max: 7.0, Diff: 7.0, Sum: 9.6]
         [Termination Attempts: Min: 1, Avg: 1.5, Max: 3, Diff: 2, Sum: 12]
      [GC Worker Other (ms): Min: 0.0, Avg: 0.0, Max: 0.0, Diff: 0.0, Sum: 0.1]
      [GC Worker Total (ms): Min: 177.0, Avg: 178.8, Max: 183.9, Diff: 6.9, Sum: 1430.5]
      [GC Worker End (ms): Min: 149201.7, Avg: 149202.8, Max: 149208.6, Diff: 6.8]
   [Code Root Fixup: 0.1 ms]
   [Code Root Purge: 0.0 ms]
   [Clear CT: 12.2 ms]
   [Other: 42.1 ms]
      [Choose CSet: 0.1 ms]
      [Ref Proc: 36.3 ms]
      [Ref Enq: 0.0 ms]
      [Redirty Cards: 0.3 ms]
      [Humongous Register: 0.2 ms]
      [Humongous Reclaim: 2.9 ms]
      [Free CSet: 0.4 ms]
   [Eden: 19.0M(2124.0M)->0.0B(2987.0M) Survivors: 96.0M->91.0M Heap: 2407.7M(5130.0M)->1126.4M(5130.0M)]
 [Times: user=0.41 sys=0.00, real=0.25 secs]
         vmop                    [threads: total initially_running wait_to_block]    [time: spin block sync cleanup vmop] page_trap_count
149.020: G1IncCollectionPause             [      31          0              1    ]      [     0     0     0     0   242    ]  0
2017-11-17T22:06:01.342+0800: 149.262: [GC concurrent-root-region-scan-start]
2017-11-17T22:06:01.342+0800: 149.262: Total time for which application threads were stopped: 0.2422467 seconds, Stopping threads took: 0.0000547 seconds
2017-11-17T22:06:01.377+0800: 149.298: [GC concurrent-root-region-scan-end, 0.0354664 secs]
2017-11-17T22:06:01.377+0800: 149.298: [GC concurrent-mark-start]
         vmop                    [threads: total initially_running wait_to_block]    [time: spin block sync cleanup vmop] page_trap_count
149.286: RevokeBias                       [      31          0              1    ]      [     0    78    78     0     0    ]  0
2017-11-17T22:06:01.445+0800: 149.365: Total time for which application threads were stopped: 0.0792012 seconds, Stopping threads took: 0.0789589 seconds
         vmop                    [threads: total initially_running wait_to_block]    [time: spin block sync cleanup vmop] page_trap_count
149.365: RevokeBias                       [      31          1              0    ]      [     0     0     0     0     0    ]  0
2017-11-17T22:06:01.445+0800: 149.365: Total time for which application threads were stopped: 0.0001649 seconds, Stopping threads took: 0.0000542 seconds
         vmop                    [threads: total initially_running wait_to_block]    [time: spin block sync cleanup vmop] page_trap_count
149.366: RevokeBias                       [      31          0              1    ]      [     0     0     0     0     0    ]  0
2017-11-17T22:06:01.445+0800: 149.366: Total time for which application threads were stopped: 0.0002320 seconds, Stopping threads took: 0.0001224 seconds
         vmop                    [threads: total initially_running wait_to_block]    [time: spin block sync cleanup vmop] page_trap_count
149.366: RevokeBias                       [      31          1              1    ]      [     0     0     0     0     0    ]  1
2017-11-17T22:06:01.446+0800: 149.366: Total time for which application threads were stopped: 0.0002023 seconds, Stopping threads took: 0.0000896 seconds
         vmop                    [threads: total initially_running wait_to_block]    [time: spin block sync cleanup vmop] page_trap_count
149.366: RevokeBias                       [      31          0              1    ]      [     0     0     0     0     0    ]  0
2017-11-17T22:06:01.446+0800: 149.366: Total time for which application threads were stopped: 0.0001746 seconds, Stopping threads took: 0.0000647 seconds
         vmop                    [threads: total initially_running wait_to_block]    [time: spin block sync cleanup vmop] page_trap_count
149.367: RevokeBias                       [      31          1              1    ]      [    38     0    38     0     0    ]  1
2017-11-17T22:06:01.485+0800: 149.405: Total time for which application threads were stopped: 0.0387778 seconds, Stopping threads took: 0.0385336 seconds
         vmop                    [threads: total initially_running wait_to_block]    [time: spin block sync cleanup vmop] page_trap_count
149.410: RevokeBias                       [      31          0              0    ]      [     0     0    15     0     0    ]  0
2017-11-17T22:06:01.505+0800: 149.425: Total time for which application threads were stopped: 0.0002984 seconds, Stopping threads took: 0.0000529 seconds
         vmop                    [threads: total initially_running wait_to_block]    [time: spin block sync cleanup vmop] page_trap_count
149.478: RevokeBias                       [      31          1              1    ]      [     7     0    23     0     0    ]  1
2017-11-17T22:06:01.581+0800: 149.501: Total time for which application threads were stopped: 0.0084951 seconds, Stopping threads took: 0.0080613 seconds
2017-11-17T22:06:02.573+0800: 150.494: [GC concurrent-mark-end, 1.1961439 secs]
2017-11-17T22:06:02.574+0800: 150.494: [GC remark 2017-11-17T22:06:02.574+0800: 150.494: [Finalize Marking, 0.0117301 secs] 2017-11-17T22:06:02.586+0800: 150.506: [GC ref-proc, 0.0002606 secs] 2017-11-17T22:06:02.586+0800: 150.506: [Unloading, 0.0100302 secs], 0.0274256 secs]
 [Times: user=0.09 sys=0.00, real=0.03 secs]
         vmop                    [threads: total initially_running wait_to_block]    [time: spin block sync cleanup vmop] page_trap_count
150.494: CGC_Operation                    [      31          0              1    ]      [     0     0     0     0    27    ]  0
2017-11-17T22:06:02.601+0800: 150.522: Total time for which application threads were stopped: 0.0277239 seconds, Stopping threads took: 0.0000979 seconds
2017-11-17T22:06:02.603+0800: 150.524: [GC cleanup 1961M->1961M(5130M), 0.0107216 secs]
 [Times: user=0.02 sys=0.01, real=0.01 secs]
         vmop                    [threads: total initially_running wait_to_block]    [time: spin block sync cleanup vmop] page_trap_count
150.524: CGC_Operation                    [      31          0              1    ]      [     0     0     0     0    10    ]  0
2017-11-17T22:06:02.614+0800: 150.535: Total time for which application threads were stopped: 0.0110033 seconds, Stopping threads took: 0.0001003 seconds
         vmop                    [threads: total initially_running wait_to_block]    [time: spin block sync cleanup vmop] page_trap_count
150.551: RevokeBias                       [      31          0              0    ]      [     0     0     0     0     0    ]  0
2017-11-17T22:06:02.631+0800: 150.552: Total time for which application threads were stopped: 0.0002444 seconds, Stopping threads took: 0.0000656 seconds
         vmop                    [threads: total initially_running wait_to_block]    [time: spin block sync cleanup vmop] page_trap_count
150.557: RevokeBias                       [      31          0              1    ]      [     0     0     0     0     0    ]  0
2017-11-17T22:06:02.636+0800: 150.557: Total time for which application threads were stopped: 0.0003101 seconds, Stopping threads took: 0.0001281 seconds
         vmop                    [threads: total initially_running wait_to_block]    [time: spin block sync cleanup vmop] page_trap_count
150.559: RevokeBias                       [      31          0              0    ]      [     0     0     0     0     0    ]  0
2017-11-17T22:06:02.639+0800: 150.560: Total time for which application threads were stopped: 0.0001595 seconds, Stopping threads took: 0.0000314 seconds
         vmop                    [threads: total initially_running wait_to_block]    [time: spin block sync cleanup vmop] page_trap_count
150.560: RevokeBias                       [      31          0              0    ]      [     0     0     0     0     0    ]  0
2017-11-17T22:06:02.640+0800: 150.560: Total time for which application threads were stopped: 0.0001380 seconds, Stopping threads took: 0.0000297 seconds
         vmop                    [threads: total initially_running wait_to_block]    [time: spin block sync cleanup vmop] page_trap_count
150.561: RevokeBias                       [      31          0              0    ]      [     0     0     0     0     0    ]  0
2017-11-17T22:06:02.640+0800: 150.561: Total time for which application threads were stopped: 0.0001264 seconds, Stopping threads took: 0.0000299 seconds
         vmop                    [threads: total initially_running wait_to_block]    [time: spin block sync cleanup vmop] page_trap_count
150.582: RevokeBias                       [      31          0              2    ]      [     0     0     1     0     0    ]  0
2017-11-17T22:06:02.663+0800: 150.583: Total time for which application threads were stopped: 0.0003374 seconds, Stopping threads took: 0.0001200 seconds
         vmop                    [threads: total initially_running wait_to_block]    [time: spin block sync cleanup vmop] page_trap_count
150.586: RevokeBias                       [      31          0              1    ]      [     0     0     0     0     0    ]  0
2017-11-17T22:06:02.666+0800: 150.587: Total time for which application threads were stopped: 0.0009736 seconds, Stopping threads took: 0.0007578 seconds
         vmop                    [threads: total initially_running wait_to_block]    [time: spin block sync cleanup vmop] page_trap_count
150.595: RevokeBias                       [      31          1              2    ]      [     0     0     0     0     0    ]  0
2017-11-17T22:06:02.675+0800: 150.596: Total time for which application threads were stopped: 0.0005098 seconds, Stopping threads took: 0.0003572 seconds
         vmop                    [threads: total initially_running wait_to_block]    [time: spin block sync cleanup vmop] page_trap_count
150.598: RevokeBias                       [      31          1              1    ]      [     0     0     0     0     0    ]  0
2017-11-17T22:06:02.678+0800: 150.599: Total time for which application threads were stopped: 0.0003333 seconds, Stopping threads took: 0.0002133 seconds
         vmop                    [threads: total initially_running wait_to_block]    [time: spin block sync cleanup vmop] page_trap_count
150.604: RevokeBias                       [      31          0              0    ]      [     0     0     0     0     0    ]  0
2017-11-17T22:06:02.684+0800: 150.604: Total time for which application threads were stopped: 0.0002986 seconds, Stopping threads took: 0.0000421 seconds
         vmop                    [threads: total initially_running wait_to_block]    [time: spin block sync cleanup vmop] page_trap_count
150.605: RevokeBias                       [      31          0              0    ]      [     0     0     0     0     0    ]  0
2017-11-17T22:06:02.684+0800: 150.605: Total time for which application threads were stopped: 0.0001184 seconds, Stopping threads took: 0.0000399 seconds
         vmop                    [threads: total initially_running wait_to_block]    [time: spin block sync cleanup vmop] page_trap_count
150.605: RevokeBias                       [      31          0              0    ]      [     0     0     0     0     0    ]  0
2017-11-17T22:06:02.685+0800: 150.605: Total time for which application threads were stopped: 0.0001863 seconds, Stopping threads took: 0.0000473 seconds
         vmop                    [threads: total initially_running wait_to_block]    [time: spin block sync cleanup vmop] page_trap_count
150.622: RevokeBias                       [      31          0              0    ]      [     0     0     0     0     0    ]  0
2017-11-17T22:06:02.702+0800: 150.622: Total time for which application threads were stopped: 0.0001935 seconds, Stopping threads took: 0.0000546 seconds
         vmop                    [threads: total initially_running wait_to_block]    [time: spin block sync cleanup vmop] page_trap_count
150.643: RevokeBias                       [      31          0              1    ]      [     0     0     0     0     0    ]  0
2017-11-17T22:06:02.722+0800: 150.643: Total time for which application threads were stopped: 0.0004458 seconds, Stopping threads took: 0.0001988 seconds
         vmop                    [threads: total initially_running wait_to_block]    [time: spin block sync cleanup vmop] page_trap_count
150.655: RevokeBias                       [      31          0              0    ]      [     0     0     0     0     0    ]  0
2017-11-17T22:06:02.735+0800: 150.655: Total time for which application threads were stopped: 0.0002400 seconds, Stopping threads took: 0.0000942 seconds
         vmop                    [threads: total initially_running wait_to_block]    [time: spin block sync cleanup vmop] page_trap_count
150.658: RevokeBias                       [      31          0              0    ]      [     0     0     0     0     0    ]  0
2017-11-17T22:06:02.737+0800: 150.658: Total time for which application threads were stopped: 0.0001536 seconds, Stopping threads took: 0.0000320 seconds
         vmop                    [threads: total initially_running wait_to_block]    [time: spin block sync cleanup vmop] page_trap_count
150.660: RevokeBias                       [      31          0              0    ]      [     0     0     2     0     0    ]  0
2017-11-17T22:06:02.742+0800: 150.662: Total time for which application threads were stopped: 0.0002659 seconds, Stopping threads took: 0.0000506 seconds
         vmop                    [threads: total initially_running wait_to_block]    [time: spin block sync cleanup vmop] page_trap_count
150.674: RevokeBias                       [      31          0              1    ]      [     0     0     0     0     0    ]  0
2017-11-17T22:06:02.754+0800: 150.674: Total time for which application threads were stopped: 0.0003052 seconds, Stopping threads took: 0.0001424 seconds
         vmop                    [threads: total initially_running wait_to_block]    [time: spin block sync cleanup vmop] page_trap_count
150.684: RevokeBias                       [      31          0              1    ]      [     0     0     0     0     0    ]  0
2017-11-17T22:06:02.764+0800: 150.685: Total time for which application threads were stopped: 0.0003933 seconds, Stopping threads took: 0.0001621 seconds
         vmop                    [threads: total initially_running wait_to_block]    [time: spin block sync cleanup vmop] page_trap_count
150.687: RevokeBias                       [      31          0              0    ]      [     0     0     0     0     0    ]  0
2017-11-17T22:06:02.767+0800: 150.687: Total time for which application threads were stopped: 0.0001271 seconds, Stopping threads took: 0.0000302 seconds
         vmop                    [threads: total initially_running wait_to_block]    [time: spin block sync cleanup vmop] page_trap_count
150.690: RevokeBias                       [      31          0              0    ]      [     0     0     0     0     0    ]  0
2017-11-17T22:06:02.770+0800: 150.690: Total time for which application threads were stopped: 0.0001638 seconds, Stopping threads took: 0.0000430 seconds
         vmop                    [threads: total initially_running wait_to_block]    [time: spin block sync cleanup vmop] page_trap_count
150.690: RevokeBias                       [      31          0              1    ]      [     0     0     0     0     0    ]  0
2017-11-17T22:06:02.770+0800: 150.691: Total time for which application threads were stopped: 0.0001882 seconds, Stopping threads took: 0.0000832 seconds
         vmop                    [threads: total initially_running wait_to_block]    [time: spin block sync cleanup vmop] page_trap_count
150.691: RevokeBias                       [      31          0              1    ]      [     0     0     0     0     0    ]  0
2017-11-17T22:06:02.771+0800: 150.691: Total time for which application threads were stopped: 0.0002756 seconds, Stopping threads took: 0.0001366 seconds
         vmop                    [threads: total initially_running wait_to_block]    [time: spin block sync cleanup vmop] page_trap_count
150.691: RevokeBias                       [      31          0              1    ]      [     0     0     0     0     0    ]  0
2017-11-17T22:06:02.771+0800: 150.692: Total time for which application threads were stopped: 0.0001374 seconds, Stopping threads took: 0.0000249 seconds
         vmop                    [threads: total initially_running wait_to_block]    [time: spin block sync cleanup vmop] page_trap_count
150.711: RevokeBias                       [      31          0              0    ]      [     0     0     0     0     0    ]  0
2017-11-17T22:06:02.791+0800: 150.712: Total time for which application threads were stopped: 0.0002595 seconds, Stopping threads took: 0.0000388 seconds
         vmop                    [threads: total initially_running wait_to_block]    [time: spin block sync cleanup vmop] page_trap_count
150.741: RevokeBias                       [      31          0              0    ]      [     0     0     0     0     0    ]  0
2017-11-17T22:06:02.821+0800: 150.742: Total time for which application threads were stopped: 0.0002854 seconds, Stopping threads took: 0.0000528 seconds
         vmop                    [threads: total initially_running wait_to_block]    [time: spin block sync cleanup vmop] page_trap_count
150.754: RevokeBias                       [      31          0              1    ]      [     0     0     0     0     0    ]  0
2017-11-17T22:06:02.833+0800: 150.754: Total time for which application threads were stopped: 0.0003011 seconds, Stopping threads took: 0.0001393 seconds
         vmop                    [threads: total initially_running wait_to_block]    [time: spin block sync cleanup vmop] page_trap_count
150.756: RevokeBias                       [      31          0              2    ]      [     0     0     0     0     0    ]  0
2017-11-17T22:06:02.836+0800: 150.757: Total time for which application threads were stopped: 0.0002848 seconds, Stopping threads took: 0.0001338 seconds
         vmop                    [threads: total initially_running wait_to_block]    [time: spin block sync cleanup vmop] page_trap_count
150.759: RevokeBias                       [      31          0              1    ]      [     0     0     0     0     0    ]  0
2017-11-17T22:06:02.838+0800: 150.759: Total time for which application threads were stopped: 0.0002189 seconds, Stopping threads took: 0.0000699 seconds
         vmop                    [threads: total initially_running wait_to_block]    [time: spin block sync cleanup vmop] page_trap_count
150.759: RevokeBias                       [      31          1              1    ]      [     0     0     0     0     0    ]  0
2017-11-17T22:06:02.839+0800: 150.759: Total time for which application threads were stopped: 0.0001632 seconds, Stopping threads took: 0.0000686 seconds
         vmop                    [threads: total initially_running wait_to_block]    [time: spin block sync cleanup vmop] page_trap_count
150.759: RevokeBias                       [      31          0              0    ]      [     0     0     0     0     0    ]  0
2017-11-17T22:06:02.840+0800: 150.760: Total time for which application threads were stopped: 0.0007406 seconds, Stopping threads took: 0.0001491 seconds
         vmop                    [threads: total initially_running wait_to_block]    [time: spin block sync cleanup vmop] page_trap_count
150.760: RevokeBias                       [      31          0              0    ]      [     0     0     0     0     0    ]  0
2017-11-17T22:06:02.840+0800: 150.761: Total time for which application threads were stopped: 0.0003338 seconds, Stopping threads took: 0.0000612 seconds
         vmop                    [threads: total initially_running wait_to_block]    [time: spin block sync cleanup vmop] page_trap_count
150.773: RevokeBias                       [      31          0              0    ]      [     0     0     0     0     0    ]  0
2017-11-17T22:06:02.853+0800: 150.773: Total time for which application threads were stopped: 0.0002467 seconds, Stopping threads took: 0.0000489 seconds
         vmop                    [threads: total initially_running wait_to_block]    [time: spin block sync cleanup vmop] page_trap_count
150.801: RevokeBias                       [      31          0              0    ]      [     0     0     0     0     0    ]  0
2017-11-17T22:06:02.880+0800: 150.801: Total time for which application threads were stopped: 0.0002701 seconds, Stopping threads took: 0.0000352 seconds
         vmop                    [threads: total initially_running wait_to_block]    [time: spin block sync cleanup vmop] page_trap_count
150.810: RevokeBias                       [      31          0              0    ]      [     0     0     0     0     0    ]  0
2017-11-17T22:06:02.890+0800: 150.810: Total time for which application threads were stopped: 0.0003534 seconds, Stopping threads took: 0.0001661 seconds
         vmop                    [threads: total initially_running wait_to_block]    [time: spin block sync cleanup vmop] page_trap_count
150.816: RevokeBias                       [      31          0              0    ]      [     0     0     0     0     0    ]  0
2017-11-17T22:06:02.896+0800: 150.816: Total time for which application threads were stopped: 0.0002294 seconds, Stopping threads took: 0.0000467 seconds
         vmop                    [threads: total initially_running wait_to_block]    [time: spin block sync cleanup vmop] page_trap_count
150.818: RevokeBias                       [      31          0              0    ]      [     0     0     0     0     0    ]  0
2017-11-17T22:06:02.898+0800: 150.818: Total time for which application threads were stopped: 0.0001303 seconds, Stopping threads took: 0.0000248 seconds
         vmop                    [threads: total initially_running wait_to_block]    [time: spin block sync cleanup vmop] page_trap_count
150.833: RevokeBias                       [      31          0              1    ]      [     0     0     0     0     0    ]  0
2017-11-17T22:06:02.913+0800: 150.834: Total time for which application threads were stopped: 0.0003087 seconds, Stopping threads took: 0.0001020 seconds
         vmop                    [threads: total initially_running wait_to_block]    [time: spin block sync cleanup vmop] page_trap_count
150.843: RevokeBias                       [      31          0              1    ]      [     0     0     0     0     0    ]  0
2017-11-17T22:06:02.922+0800: 150.843: Total time for which application threads were stopped: 0.0003359 seconds, Stopping threads took: 0.0000990 seconds
         vmop                    [threads: total initially_running wait_to_block]    [time: spin block sync cleanup vmop] page_trap_count
150.845: RevokeBias                       [      31          0              0    ]      [     0     0     0     0     0    ]  0
2017-11-17T22:06:02.925+0800: 150.846: Total time for which application threads were stopped: 0.0001884 seconds, Stopping threads took: 0.0000455 seconds
         vmop                    [threads: total initially_running wait_to_block]    [time: spin block sync cleanup vmop] page_trap_count
150.848: BulkRevokeBias                   [      31          0              0    ]      [     0     0     0     0     0    ]  0
2017-11-17T22:06:02.928+0800: 150.848: Total time for which application threads were stopped: 0.0003319 seconds, Stopping threads took: 0.0000550 seconds
         vmop                    [threads: total initially_running wait_to_block]    [time: spin block sync cleanup vmop] page_trap_count
150.870: RevokeBias                       [      31          0              0    ]      [     0     0     0     0     0    ]  0
2017-11-17T22:06:02.950+0800: 150.870: Total time for which application threads were stopped: 0.0002147 seconds, Stopping threads took: 0.0000302 seconds
         vmop                    [threads: total initially_running wait_to_block]    [time: spin block sync cleanup vmop] page_trap_count
150.891: RevokeBias                       [      31          0              2    ]      [     0     0     0     0     0    ]  0
2017-11-17T22:06:02.970+0800: 150.891: Total time for which application threads were stopped: 0.0002745 seconds, Stopping threads took: 0.0000765 seconds
         vmop                    [threads: total initially_running wait_to_block]    [time: spin block sync cleanup vmop] page_trap_count
150.891: RevokeBias                       [      31          0              1    ]      [     0     0     0     0     0    ]  0
2017-11-17T22:06:02.971+0800: 150.891: Total time for which application threads were stopped: 0.0003380 seconds, Stopping threads took: 0.0000267 seconds
         vmop                    [threads: total initially_running wait_to_block]    [time: spin block sync cleanup vmop] page_trap_count
150.892: RevokeBias                       [      31          0              1    ]      [     0     0     0     0     0    ]  0
2017-11-17T22:06:02.972+0800: 150.892: Total time for which application threads were stopped: 0.0002935 seconds, Stopping threads took: 0.0000643 seconds
         vmop                    [threads: total initially_running wait_to_block]    [time: spin block sync cleanup vmop] page_trap_count
150.930: RevokeBias                       [      31          0              1    ]      [     0     0     0     0     0    ]  0
2017-11-17T22:06:03.010+0800: 150.930: Total time for which application threads were stopped: 0.0003833 seconds, Stopping threads took: 0.0001644 seconds
         vmop                    [threads: total initially_running wait_to_block]    [time: spin block sync cleanup vmop] page_trap_count
150.952: RevokeBias                       [      31          0              2    ]      [     0     0     0     0     0    ]  0
2017-11-17T22:06:03.032+0800: 150.952: Total time for which application threads were stopped: 0.0003469 seconds, Stopping threads took: 0.0001439 seconds
         vmop                    [threads: total initially_running wait_to_block]    [time: spin block sync cleanup vmop] page_trap_count
150.952: RevokeBias                       [      31          1              1    ]      [     0     0     0     0     0    ]  0
2017-11-17T22:06:03.032+0800: 150.953: Total time for which application threads were stopped: 0.0002179 seconds, Stopping threads took: 0.0000866 seconds
         vmop                    [threads: total initially_running wait_to_block]    [time: spin block sync cleanup vmop] page_trap_count
150.953: BulkRevokeBias                   [      31          1              0    ]      [     0     0     0     0     0    ]  0
2017-11-17T22:06:03.033+0800: 150.953: Total time for which application threads were stopped: 0.0003503 seconds, Stopping threads took: 0.0000842 seconds
         vmop                    [threads: total initially_running wait_to_block]    [time: spin block sync cleanup vmop] page_trap_count
150.965: RevokeBias                       [      31          0              0    ]      [     0     0     0     0     0    ]  0
2017-11-17T22:06:03.045+0800: 150.966: Total time for which application threads were stopped: 0.0002416 seconds, Stopping threads took: 0.0000480 seconds
         vmop                    [threads: total initially_running wait_to_block]    [time: spin block sync cleanup vmop] page_trap_count
150.998: RevokeBias                       [      31          1              1    ]      [     0     0     0     0     0    ]  0
2017-11-17T22:06:03.078+0800: 150.999: Total time for which application threads were stopped: 0.0004148 seconds, Stopping threads took: 0.0002585 seconds
         vmop                    [threads: total initially_running wait_to_block]    [time: spin block sync cleanup vmop] page_trap_count
151.013: RevokeBias                       [      31          0              0    ]      [     0     0     0     0     0    ]  0
2017-11-17T22:06:03.093+0800: 151.014: Total time for which application threads were stopped: 0.0002253 seconds, Stopping threads took: 0.0000436 seconds
         vmop                    [threads: total initially_running wait_to_block]    [time: spin block sync cleanup vmop] page_trap_count
151.014: RevokeBias                       [      31          0              1    ]      [     0     0     0     0     0    ]  0
2017-11-17T22:06:03.094+0800: 151.014: Total time for which application threads were stopped: 0.0002503 seconds, Stopping threads took: 0.0001336 seconds
         vmop                    [threads: total initially_running wait_to_block]    [time: spin block sync cleanup vmop] page_trap_count
151.014: RevokeBias                       [      31          0              1    ]      [     0     0     0     0     0    ]  0
2017-11-17T22:06:03.094+0800: 151.015: Total time for which application threads were stopped: 0.0002196 seconds, Stopping threads took: 0.0000759 seconds
         vmop                    [threads: total initially_running wait_to_block]    [time: spin block sync cleanup vmop] page_trap_count
151.046: RevokeBias                       [      31          0              0    ]      [     0     0     0     0     0    ]  0
2017-11-17T22:06:03.126+0800: 151.046: Total time for which application threads were stopped: 0.0003374 seconds, Stopping threads took: 0.0000682 seconds
         vmop                    [threads: total initially_running wait_to_block]    [time: spin block sync cleanup vmop] page_trap_count
151.078: RevokeBias                       [      31          0              1    ]      [     0     0     0     0     0    ]  0
2017-11-17T22:06:03.158+0800: 151.079: Total time for which application threads were stopped: 0.0002705 seconds, Stopping threads took: 0.0000494 seconds
         vmop                    [threads: total initially_running wait_to_block]    [time: spin block sync cleanup vmop] page_trap_count
151.112: RevokeBias                       [      31          0              0    ]      [     0     0     0     0     0    ]  0
2017-11-17T22:06:03.192+0800: 151.112: Total time for which application threads were stopped: 0.0002719 seconds, Stopping threads took: 0.0000430 seconds
         vmop                    [threads: total initially_running wait_to_block]    [time: spin block sync cleanup vmop] page_trap_count
151.125: RevokeBias                       [      31          0              0    ]      [     0     0     0     0     0    ]  0
2017-11-17T22:06:03.204+0800: 151.125: Total time for which application threads were stopped: 0.0002115 seconds, Stopping threads took: 0.0000593 seconds
         vmop                    [threads: total initially_running wait_to_block]    [time: spin block sync cleanup vmop] page_trap_count
151.125: RevokeBias                       [      31          0              2    ]      [     0     0     0     0     0    ]  0
2017-11-17T22:06:03.205+0800: 151.125: Total time for which application threads were stopped: 0.0002604 seconds, Stopping threads took: 0.0000920 seconds
         vmop                    [threads: total initially_running wait_to_block]    [time: spin block sync cleanup vmop] page_trap_count
151.126: RevokeBias                       [      31          1              1    ]      [     0     0     0     0     0    ]  0
2017-11-17T22:06:03.205+0800: 151.126: Total time for which application threads were stopped: 0.0002706 seconds, Stopping threads took: 0.0001333 seconds
         vmop                    [threads: total initially_running wait_to_block]    [time: spin block sync cleanup vmop] page_trap_count
151.132: BulkRevokeBias                   [      31          0              1    ]      [     0     0     0     0     0    ]  0
2017-11-17T22:06:03.212+0800: 151.132: Total time for which application threads were stopped: 0.0003581 seconds, Stopping threads took: 0.0000488 seconds
         vmop                    [threads: total initially_running wait_to_block]    [time: spin block sync cleanup vmop] page_trap_count
151.176: RevokeBias                       [      31          0              0    ]      [     0     0     0     0     0    ]  0
2017-11-17T22:06:03.256+0800: 151.176: Total time for which application threads were stopped: 0.0002569 seconds, Stopping threads took: 0.0000334 seconds
         vmop                    [threads: total initially_running wait_to_block]    [time: spin block sync cleanup vmop] page_trap_count
151.189: RevokeBias                       [      31          0              1    ]      [     0     0     0     0     0    ]  0
2017-11-17T22:06:03.269+0800: 151.189: Total time for which application threads were stopped: 0.0003189 seconds, Stopping threads took: 0.0001227 seconds
         vmop                    [threads: total initially_running wait_to_block]    [time: spin block sync cleanup vmop] page_trap_count
151.208: RevokeBias                       [      31          1              1    ]      [     0     0     0     0     0    ]  0
2017-11-17T22:06:03.288+0800: 151.208: Total time for which application threads were stopped: 0.0009452 seconds, Stopping threads took: 0.0000696 seconds
         vmop                    [threads: total initially_running wait_to_block]    [time: spin block sync cleanup vmop] page_trap_count
151.449: RevokeBias                       [      31          0              0    ]      [     0     0     0     0     0    ]  0
2017-11-17T22:06:03.529+0800: 151.449: Total time for which application threads were stopped: 0.0002447 seconds, Stopping threads took: 0.0000511 seconds
         vmop                    [threads: total initially_running wait_to_block]    [time: spin block sync cleanup vmop] page_trap_count
151.471: RevokeBias                       [      31          0              1    ]      [     0     0     0     0     0    ]  0
2017-11-17T22:06:03.551+0800: 151.471: Total time for which application threads were stopped: 0.0002128 seconds, Stopping threads took: 0.0000423 seconds
         vmop                    [threads: total initially_running wait_to_block]    [time: spin block sync cleanup vmop] page_trap_count
151.509: RevokeBias                       [      31          0              0    ]      [     0     0     0     0     0    ]  0
2017-11-17T22:06:03.589+0800: 151.509: Total time for which application threads were stopped: 0.0003291 seconds, Stopping threads took: 0.0000591 seconds
         vmop                    [threads: total initially_running wait_to_block]    [time: spin block sync cleanup vmop] page_trap_count
151.526: RevokeBias                       [      31          0              0    ]      [     0     0     0     0     0    ]  0
2017-11-17T22:06:03.606+0800: 151.526: Total time for which application threads were stopped: 0.0002769 seconds, Stopping threads took: 0.0000480 seconds
         vmop                    [threads: total initially_running wait_to_block]    [time: spin block sync cleanup vmop] page_trap_count
151.551: RevokeBias                       [      31          0              0    ]      [     0     0     0     0     0    ]  0
2017-11-17T22:06:03.630+0800: 151.551: Total time for which application threads were stopped: 0.0003046 seconds, Stopping threads took: 0.0000723 seconds
         vmop                    [threads: total initially_running wait_to_block]    [time: spin block sync cleanup vmop] page_trap_count
151.575: RevokeBias                       [      31          0              0    ]      [     0     0     0     0     0    ]  0
2017-11-17T22:06:03.655+0800: 151.575: Total time for which application threads were stopped: 0.0002475 seconds, Stopping threads took: 0.0000382 seconds
         vmop                    [threads: total initially_running wait_to_block]    [time: spin block sync cleanup vmop] page_trap_count
151.598: RevokeBias                       [      31          0              0    ]      [     0     0     0     0     0    ]  0
2017-11-17T22:06:03.678+0800: 151.598: Total time for which application threads were stopped: 0.0001905 seconds, Stopping threads took: 0.0000291 seconds
         vmop                    [threads: total initially_running wait_to_block]    [time: spin block sync cleanup vmop] page_trap_count
151.615: RevokeBias                       [      31          0              0    ]      [     0     0     0     0     0    ]  0
2017-11-17T22:06:03.695+0800: 151.616: Total time for which application threads were stopped: 0.0002333 seconds, Stopping threads took: 0.0000584 seconds
         vmop                    [threads: total initially_running wait_to_block]    [time: spin block sync cleanup vmop] page_trap_count
151.635: RevokeBias                       [      31          0              0    ]      [     0     0     0     0     0    ]  0
2017-11-17T22:06:03.715+0800: 151.636: Total time for which application threads were stopped: 0.0002405 seconds, Stopping threads took: 0.0000579 seconds
         vmop                    [threads: total initially_running wait_to_block]    [time: spin block sync cleanup vmop] page_trap_count
151.680: RevokeBias                       [      31          0              1    ]      [     0     0     0     0     0    ]  0
2017-11-17T22:06:03.760+0800: 151.681: Total time for which application threads were stopped: 0.0008294 seconds, Stopping threads took: 0.0005670 seconds
         vmop                    [threads: total initially_running wait_to_block]    [time: spin block sync cleanup vmop] page_trap_count
151.703: RevokeBias                       [      31          0              0    ]      [     0     0     0     0     0    ]  0
2017-11-17T22:06:03.783+0800: 151.704: Total time for which application threads were stopped: 0.0003385 seconds, Stopping threads took: 0.0000636 seconds
         vmop                    [threads: total initially_running wait_to_block]    [time: spin block sync cleanup vmop] page_trap_count
151.739: RevokeBias                       [      31          0              0    ]      [     0     0     0     0     0    ]  0
2017-11-17T22:06:03.819+0800: 151.739: Total time for which application threads were stopped: 0.0002825 seconds, Stopping threads took: 0.0000509 seconds
         vmop                    [threads: total initially_running wait_to_block]    [time: spin block sync cleanup vmop] page_trap_count
151.785: RevokeBias                       [      31          0              1    ]      [     0     0     0     0     0    ]  0
2017-11-17T22:06:03.865+0800: 151.785: Total time for which application threads were stopped: 0.0003617 seconds, Stopping threads took: 0.0001114 seconds
         vmop                    [threads: total initially_running wait_to_block]    [time: spin block sync cleanup vmop] page_trap_count
151.825: RevokeBias                       [      31          0              1    ]      [     0     0     0     0     0    ]  0
2017-11-17T22:06:03.905+0800: 151.826: Total time for which application threads were stopped: 0.0003235 seconds, Stopping threads took: 0.0000592 seconds
         vmop                    [threads: total initially_running wait_to_block]    [time: spin block sync cleanup vmop] page_trap_count
151.864: RevokeBias                       [      31          0              0    ]      [     0     0     0     0     0    ]  0
2017-11-17T22:06:03.944+0800: 151.864: Total time for which application threads were stopped: 0.0002968 seconds, Stopping threads took: 0.0000516 seconds
         vmop                    [threads: total initially_running wait_to_block]    [time: spin block sync cleanup vmop] page_trap_count
151.913: RevokeBias                       [      31          0              0    ]      [     0     0     0     0     0    ]  0
2017-11-17T22:06:03.993+0800: 151.914: Total time for which application threads were stopped: 0.0002965 seconds, Stopping threads took: 0.0000464 seconds
         vmop                    [threads: total initially_running wait_to_block]    [time: spin block sync cleanup vmop] page_trap_count
151.953: RevokeBias                       [      31          0              3    ]      [     0     0     0     0     0    ]  0
2017-11-17T22:06:04.032+0800: 151.953: Total time for which application threads were stopped: 0.0003566 seconds, Stopping threads took: 0.0001319 seconds
 151.969: [G1Ergonomics (Concurrent Cycles) do not request concurrent cycle initiation, reason: still doing mixed collections, occupancy: 2311061504 bytes, allocation request: 437491632 bytes, threshold: 2420637660 bytes (45.00 %), source: concurrent humongous allocation]
         vmop                    [threads: total initially_running wait_to_block]    [time: spin block sync cleanup vmop] page_trap_count
152.956: no vm operation                  [      31          0              0    ]      [     0     0     0     0     0    ]  0
2017-11-17T22:06:05.036+0800: 152.957: Total time for which application threads were stopped: 0.0005492 seconds, Stopping threads took: 0.0000576 seconds
         vmop                    [threads: total initially_running wait_to_block]    [time: spin block sync cleanup vmop] page_trap_count
153.743: RevokeBias                       [      31          0              0    ]      [     0     0     0     0     0    ]  0
2017-11-17T22:06:05.823+0800: 153.743: Total time for which application threads were stopped: 0.0002547 seconds, Stopping threads took: 0.0000601 seconds
 154.548: [G1Ergonomics (Concurrent Cycles) do not request concurrent cycle initiation, reason: still doing mixed collections, occupancy: 2749366272 bytes, allocation request: 437491632 bytes, threshold: 2420637660 bytes (45.00 %), source: concurrent humongous allocation]
         vmop                    [threads: total initially_running wait_to_block]    [time: spin block sync cleanup vmop] page_trap_count
154.743: no vm operation                  [      31          0              0    ]      [     0     0     0     0     0    ]  0
2017-11-17T22:06:06.823+0800: 154.743: Total time for which application threads were stopped: 0.0002814 seconds, Stopping threads took: 0.0000553 seconds
         vmop                    [threads: total initially_running wait_to_block]    [time: spin block sync cleanup vmop] page_trap_count
155.744: no vm operation                  [      31          0              0    ]      [     0     0     0     0     0    ]  0
2017-11-17T22:06:07.823+0800: 155.744: Total time for which application threads were stopped: 0.0002120 seconds, Stopping threads took: 0.0000500 seconds
 156.193: [G1Ergonomics (Concurrent Cycles) do not request concurrent cycle initiation, reason: still doing mixed collections, occupancy: 3187671040 bytes, allocation request: 437491632 bytes, threshold: 2420637660 bytes (45.00 %), source: concurrent humongous allocation]
         vmop                    [threads: total initially_running wait_to_block]    [time: spin block sync cleanup vmop] page_trap_count
156.744: no vm operation                  [      31          1              1    ]      [     0     0     0     0     0    ]  1
2017-11-17T22:06:08.824+0800: 156.744: Total time for which application threads were stopped: 0.0005122 seconds, Stopping threads took: 0.0003480 seconds
 158.214: [G1Ergonomics (Concurrent Cycles) do not request concurrent cycle initiation, reason: still doing mixed collections, occupancy: 3625975808 bytes, allocation request: 437491632 bytes, threshold: 2420637660 bytes (45.00 %), source: concurrent humongous allocation]
         vmop                    [threads: total initially_running wait_to_block]    [time: spin block sync cleanup vmop] page_trap_count
158.745: no vm operation                  [      31          0              0    ]      [     0     0     0     0     0    ]  0
2017-11-17T22:06:10.824+0800: 158.745: Total time for which application threads were stopped: 0.0002361 seconds, Stopping threads took: 0.0000607 seconds
 160.219: [G1Ergonomics (Concurrent Cycles) do not request concurrent cycle initiation, reason: still doing mixed collections, occupancy: 4064280576 bytes, allocation request: 437491632 bytes, threshold: 2420637660 bytes (45.00 %), source: concurrent humongous allocation]
         vmop                    [threads: total initially_running wait_to_block]    [time: spin block sync cleanup vmop] page_trap_count
160.745: no vm operation                  [      31          1              1    ]      [     0     0     0     0     0    ]  1
2017-11-17T22:06:12.825+0800: 160.745: Total time for which application threads were stopped: 0.0002780 seconds, Stopping threads took: 0.0000954 seconds
 162.481: [G1Ergonomics (Concurrent Cycles) do not request concurrent cycle initiation, reason: still doing mixed collections, occupancy: 4502585344 bytes, allocation request: 437491632 bytes, threshold: 2420637660 bytes (45.00 %), source: concurrent humongous allocation]
 162.482: [G1Ergonomics (Heap Sizing) attempt heap expansion, reason: humongous allocation request failed, allocation request: 437491632 bytes]
         vmop                    [threads: total initially_running wait_to_block]    [time: spin block sync cleanup vmop] page_trap_count
162.746: no vm operation                  [      31          0              0    ]      [     0     0     0     0     0    ]  0
2017-11-17T22:06:14.825+0800: 162.746: Total time for which application threads were stopped: 0.0002311 seconds, Stopping threads took: 0.0000590 seconds
         vmop                    [threads: total initially_running wait_to_block]    [time: spin block sync cleanup vmop] page_trap_count
163.746: no vm operation                  [      31          0              0    ]      [     0     0     0     0     0    ]  0
2017-11-17T22:06:15.826+0800: 163.746: Total time for which application threads were stopped: 0.0002049 seconds, Stopping threads took: 0.0000799 seconds
         vmop                    [threads: total initially_running wait_to_block]    [time: spin block sync cleanup vmop] page_trap_count
164.729: BulkRevokeBias                   [      31          0              0    ]      [     0     0     0     0     0    ]  0
2017-11-17T22:06:16.809+0800: 164.729: Total time for which application threads were stopped: 0.0004281 seconds, Stopping threads took: 0.0000619 seconds
         vmop                    [threads: total initially_running wait_to_block]    [time: spin block sync cleanup vmop] page_trap_count
164.737: RevokeBias                       [      31          0              0    ]      [     0     0     0     0     0    ]  0
2017-11-17T22:06:16.817+0800: 164.738: Total time for which application threads were stopped: 0.0001902 seconds, Stopping threads took: 0.0000513 seconds
         vmop                    [threads: total initially_running wait_to_block]    [time: spin block sync cleanup vmop] page_trap_count
164.750: RevokeBias                       [      31          0              0    ]      [     0     0     0     0     0    ]  0
2017-11-17T22:06:16.830+0800: 164.750: Total time for which application threads were stopped: 0.0002395 seconds, Stopping threads took: 0.0000514 seconds
         vmop                    [threads: total initially_running wait_to_block]    [time: spin block sync cleanup vmop] page_trap_count
164.750: RevokeBias                       [      31          0              1    ]      [     0     0     0     0     0    ]  0
2017-11-17T22:06:16.830+0800: 164.751: Total time for which application threads were stopped: 0.0001713 seconds, Stopping threads took: 0.0000573 seconds
         vmop                    [threads: total initially_running wait_to_block]    [time: spin block sync cleanup vmop] page_trap_count
164.751: RevokeBias                       [      31          1              1    ]      [     0     0     0     0     0    ]  0
2017-11-17T22:06:16.830+0800: 164.751: Total time for which application threads were stopped: 0.0002125 seconds, Stopping threads took: 0.0000826 seconds
         vmop                    [threads: total initially_running wait_to_block]    [time: spin block sync cleanup vmop] page_trap_count
164.751: RevokeBias                       [      31          0              1    ]      [     0     0     0     0     0    ]  0
2017-11-17T22:06:16.831+0800: 164.751: Total time for which application threads were stopped: 0.0002034 seconds, Stopping threads took: 0.0000761 seconds
         vmop                    [threads: total initially_running wait_to_block]    [time: spin block sync cleanup vmop] page_trap_count
164.751: RevokeBias                       [      31          0              0    ]      [     0     0     0     0     0    ]  0
2017-11-17T22:06:16.831+0800: 164.751: Total time for which application threads were stopped: 0.0001634 seconds, Stopping threads took: 0.0000368 seconds
         vmop                    [threads: total initially_running wait_to_block]    [time: spin block sync cleanup vmop] page_trap_count
164.752: RevokeBias                       [      31          0              0    ]      [     0     0     0     0     0    ]  0
2017-11-17T22:06:16.831+0800: 164.752: Total time for which application threads were stopped: 0.0001500 seconds, Stopping threads took: 0.0000357 seconds
         vmop                    [threads: total initially_running wait_to_block]    [time: spin block sync cleanup vmop] page_trap_count
164.752: RevokeBias                       [      31          0              0    ]      [     0     0     0     0     0    ]  0
2017-11-17T22:06:16.832+0800: 164.752: Total time for which application threads were stopped: 0.0001547 seconds, Stopping threads took: 0.0000349 seconds
         vmop                    [threads: total initially_running wait_to_block]    [time: spin block sync cleanup vmop] page_trap_count
164.752: RevokeBias                       [      31          0              0    ]      [     0     0     0     0     0    ]  0
2017-11-17T22:06:16.832+0800: 164.752: Total time for which application threads were stopped: 0.0001314 seconds, Stopping threads took: 0.0000339 seconds
         vmop                    [threads: total initially_running wait_to_block]    [time: spin block sync cleanup vmop] page_trap_count
164.753: RevokeBias                       [      31          0              0    ]      [     0     0     0     0     0    ]  0
2017-11-17T22:06:16.832+0800: 164.753: Total time for which application threads were stopped: 0.0001485 seconds, Stopping threads took: 0.0000277 seconds
         vmop                    [threads: total initially_running wait_to_block]    [time: spin block sync cleanup vmop] page_trap_count
164.753: RevokeBias                       [      31          0              0    ]      [     0     0     0     0     0    ]  0
2017-11-17T22:06:16.832+0800: 164.753: Total time for which application threads were stopped: 0.0001271 seconds, Stopping threads took: 0.0000284 seconds
         vmop                    [threads: total initially_running wait_to_block]    [time: spin block sync cleanup vmop] page_trap_count
164.753: RevokeBias                       [      31          1              0    ]      [     0     0     0     0     0    ]  0
2017-11-17T22:06:16.833+0800: 164.753: Total time for which application threads were stopped: 0.0002316 seconds, Stopping threads took: 0.0001150 seconds
         vmop                    [threads: total initially_running wait_to_block]    [time: spin block sync cleanup vmop] page_trap_count
164.753: RevokeBias                       [      31          1              0    ]      [     0     0     0     0     0    ]  0
2017-11-17T22:06:16.833+0800: 164.754: Total time for which application threads were stopped: 0.0002217 seconds, Stopping threads took: 0.0000903 seconds
         vmop                    [threads: total initially_running wait_to_block]    [time: spin block sync cleanup vmop] page_trap_count
164.754: RevokeBias                       [      31          1              1    ]      [     0     0     0     0     0    ]  0
2017-11-17T22:06:16.833+0800: 164.754: Total time for which application threads were stopped: 0.0002494 seconds, Stopping threads took: 0.0001303 seconds
         vmop                    [threads: total initially_running wait_to_block]    [time: spin block sync cleanup vmop] page_trap_count
164.755: BulkRevokeBias                   [      31          0              1    ]      [     0     0     0     0     0    ]  0
2017-11-17T22:06:16.835+0800: 164.755: Total time for which application threads were stopped: 0.0003794 seconds, Stopping threads took: 0.0000831 seconds
         vmop                    [threads: total initially_running wait_to_block]    [time: spin block sync cleanup vmop] page_trap_count
164.772: RevokeBias                       [      31          0              1    ]      [     0     0     0     0     0    ]  0
2017-11-17T22:06:16.852+0800: 164.773: Total time for which application threads were stopped: 0.0003278 seconds, Stopping threads took: 0.0001274 seconds
         vmop                    [threads: total initially_running wait_to_block]    [time: spin block sync cleanup vmop] page_trap_count
164.773: RevokeBias                       [      31          0              0    ]      [     0     0     0     0     0    ]  0
2017-11-17T22:06:16.853+0800: 164.773: Total time for which application threads were stopped: 0.0001082 seconds, Stopping threads took: 0.0000372 seconds
         vmop                    [threads: total initially_running wait_to_block]    [time: spin block sync cleanup vmop] page_trap_count
164.774: RevokeBias                       [      31          0              1    ]      [     0     0     0     0     0    ]  0
2017-11-17T22:06:16.854+0800: 164.774: Total time for which application threads were stopped: 0.0002713 seconds, Stopping threads took: 0.0000909 seconds
         vmop                    [threads: total initially_running wait_to_block]    [time: spin block sync cleanup vmop] page_trap_count
164.777: RevokeBias                       [      31          0              0    ]      [     0     0     0     0     0    ]  0
2017-11-17T22:06:16.856+0800: 164.777: Total time for which application threads were stopped: 0.0001931 seconds, Stopping threads took: 0.0000433 seconds
         vmop                    [threads: total initially_running wait_to_block]    [time: spin block sync cleanup vmop] page_trap_count
164.777: RevokeBias                       [      31          0              1    ]      [     0     0     0     0     0    ]  0
2017-11-17T22:06:16.857+0800: 164.777: Total time for which application threads were stopped: 0.0001919 seconds, Stopping threads took: 0.0000878 seconds
         vmop                    [threads: total initially_running wait_to_block]    [time: spin block sync cleanup vmop] page_trap_count
164.777: RevokeBias                       [      31          0              1    ]      [     0     0     0     0     0    ]  0
2017-11-17T22:06:16.857+0800: 164.778: Total time for which application threads were stopped: 0.0002098 seconds, Stopping threads took: 0.0001132 seconds
         vmop                    [threads: total initially_running wait_to_block]    [time: spin block sync cleanup vmop] page_trap_count
164.780: RevokeBias                       [      31          1              0    ]      [     0     0     0     0     0    ]  0
2017-11-17T22:06:16.860+0800: 164.780: Total time for which application threads were stopped: 0.0002376 seconds, Stopping threads took: 0.0000962 seconds
         vmop                    [threads: total initially_running wait_to_block]    [time: spin block sync cleanup vmop] page_trap_count
164.780: RevokeBias                       [      31          0              0    ]      [     0     0     0     0     0    ]  0
2017-11-17T22:06:16.860+0800: 164.780: Total time for which application threads were stopped: 0.0001497 seconds, Stopping threads took: 0.0000413 seconds
         vmop                    [threads: total initially_running wait_to_block]    [time: spin block sync cleanup vmop] page_trap_count
164.781: RevokeBias                       [      31          1              0    ]      [     0     0     0     0     0    ]  0
2017-11-17T22:06:16.860+0800: 164.781: Total time for which application threads were stopped: 0.0002417 seconds, Stopping threads took: 0.0000918 seconds
         vmop                    [threads: total initially_running wait_to_block]    [time: spin block sync cleanup vmop] page_trap_count
164.783: RevokeBias                       [      31          0              0    ]      [     0     0     0     0     0    ]  0
2017-11-17T22:06:16.863+0800: 164.784: Total time for which application threads were stopped: 0.0001692 seconds, Stopping threads took: 0.0000405 seconds
         vmop                    [threads: total initially_running wait_to_block]    [time: spin block sync cleanup vmop] page_trap_count
164.784: RevokeBias                       [      31          0              0    ]      [     0     0     0     0     0    ]  0
2017-11-17T22:06:16.863+0800: 164.784: Total time for which application threads were stopped: 0.0001373 seconds, Stopping threads took: 0.0000331 seconds
         vmop                    [threads: total initially_running wait_to_block]    [time: spin block sync cleanup vmop] page_trap_count
164.784: RevokeBias                       [      31          0              0    ]      [     0     0     0     0     0    ]  0
2017-11-17T22:06:16.864+0800: 164.785: Total time for which application threads were stopped: 0.0009328 seconds, Stopping threads took: 0.0000289 seconds
         vmop                    [threads: total initially_running wait_to_block]    [time: spin block sync cleanup vmop] page_trap_count
164.787: RevokeBias                       [      31          1              0    ]      [     0     0     0     0     0    ]  0
2017-11-17T22:06:16.867+0800: 164.787: Total time for which application threads were stopped: 0.0002987 seconds, Stopping threads took: 0.0001651 seconds
         vmop                    [threads: total initially_running wait_to_block]    [time: spin block sync cleanup vmop] page_trap_count
164.787: RevokeBias                       [      31          0              1    ]      [     0     0     0     0     0    ]  0
2017-11-17T22:06:16.867+0800: 164.788: Total time for which application threads were stopped: 0.0003346 seconds, Stopping threads took: 0.0002361 seconds
         vmop                    [threads: total initially_running wait_to_block]    [time: spin block sync cleanup vmop] page_trap_count
164.788: RevokeBias                       [      31          0              0    ]      [     0     0     0     0     0    ]  0
2017-11-17T22:06:16.868+0800: 164.788: Total time for which application threads were stopped: 0.0002102 seconds, Stopping threads took: 0.0001152 seconds
         vmop                    [threads: total initially_running wait_to_block]    [time: spin block sync cleanup vmop] page_trap_count
164.792: RevokeBias                       [      31          1              1    ]      [     0     0     0     0     0    ]  0
2017-11-17T22:06:16.872+0800: 164.792: Total time for which application threads were stopped: 0.0003092 seconds, Stopping threads took: 0.0001309 seconds
         vmop                    [threads: total initially_running wait_to_block]    [time: spin block sync cleanup vmop] page_trap_count
164.793: RevokeBias                       [      31          0              0    ]      [     0     0     0     0     0    ]  0
2017-11-17T22:06:16.872+0800: 164.793: Total time for which application threads were stopped: 0.0001737 seconds, Stopping threads took: 0.0000536 seconds
         vmop                    [threads: total initially_running wait_to_block]    [time: spin block sync cleanup vmop] page_trap_count
164.793: RevokeBias                       [      31          0              1    ]      [     0     0     0     0     0    ]  0
2017-11-17T22:06:16.873+0800: 164.793: Total time for which application threads were stopped: 0.0002176 seconds, Stopping threads took: 0.0000899 seconds
         vmop                    [threads: total initially_running wait_to_block]    [time: spin block sync cleanup vmop] page_trap_count
164.809: Deoptimize                       [      31          0              0    ]      [     0     0     0     0     0    ]  0
2017-11-17T22:06:16.890+0800: 164.811: Total time for which application threads were stopped: 0.0010781 seconds, Stopping threads took: 0.0001232 seconds
 164.811: [G1Ergonomics (Concurrent Cycles) do not request concurrent cycle initiation, reason: still doing mixed collections, occupancy: 4940890112 bytes, allocation request: 437491632 bytes, threshold: 2617874820 bytes (45.00 %), source: concurrent humongous allocation]
 164.812: [G1Ergonomics (Heap Sizing) attempt heap expansion, reason: humongous allocation request failed, allocation request: 437491632 bytes]
         vmop                    [threads: total initially_running wait_to_block]    [time: spin block sync cleanup vmop] page_trap_count
165.811: no vm operation                  [      31          0              0    ]      [     0     0     0     0     0    ]  0
2017-11-17T22:06:17.890+0800: 165.811: Total time for which application threads were stopped: 0.0002833 seconds, Stopping threads took: 0.0000675 seconds
 165.895: [G1Ergonomics (Concurrent Cycles) do not request concurrent cycle initiation, reason: still doing mixed collections, occupancy: 5379194880 bytes, allocation request: 437491632 bytes, threshold: 2815111980 bytes (45.00 %), source: concurrent humongous allocation]
 165.896: [G1Ergonomics (Heap Sizing) attempt heap expansion, reason: humongous allocation request failed, allocation request: 437491632 bytes]
         vmop                    [threads: total initially_running wait_to_block]    [time: spin block sync cleanup vmop] page_trap_count
166.811: no vm operation                  [      31          1              1    ]      [    63     0    64     0     0    ]  0
2017-11-17T22:06:18.955+0800: 166.875: Total time for which application threads were stopped: 0.0642020 seconds, Stopping threads took: 0.0640355 seconds
 167.008: [G1Ergonomics (Concurrent Cycles) do not request concurrent cycle initiation, reason: still doing mixed collections, occupancy: 5817499648 bytes, allocation request: 437491632 bytes, threshold: 3012349095 bytes (45.00 %), source: concurrent humongous allocation]
2017-11-17T22:06:19.089+0800: 167.009: [GC pause (G1 Humongous Allocation) (young) 167.009: [G1Ergonomics (CSet Construction) start choosing CSet, _pending_cards: 59696, predicted base time: 207.73 ms, remaining time: 0.00 ms, target pause time: 200.00 ms]
 167.009: [G1Ergonomics (CSet Construction) add young regions to CSet, eden: 511 regions, survivors: 91 regions, predicted young region time: 41.04 ms]
 167.009: [G1Ergonomics (CSet Construction) finish choosing CSet, eden: 511 regions, survivors: 91 regions, old: 0 regions, predicted pause time: 248.77 ms, target pause time: 200.00 ms]
 167.072: [G1Ergonomics (Concurrent Cycles) do not request concurrent cycle initiation, reason: still doing mixed collections, occupancy: 3017801728 bytes, allocation request: 0 bytes, threshold: 3012349095 bytes (45.00 %), source: end of GC]
 167.072: [G1Ergonomics (Mixed GCs) do not start mixed GCs, reason: reclaimable percentage not over threshold, candidate old regions: 295 regions, reclaimable: 106168400 bytes (1.59 %), threshold: 5.00 %]
, 0.0631996 secs]
   [Parallel Time: 55.4 ms, GC Workers: 8]
      [GC Worker Start (ms): Min: 167009.8, Avg: 167011.3, Max: 167020.9, Diff: 11.1]
      [Ext Root Scanning (ms): Min: 0.0, Avg: 0.6, Max: 1.3, Diff: 1.2, Sum: 4.8]
      [Update RS (ms): Min: 0.0, Avg: 8.5, Max: 14.8, Diff: 14.8, Sum: 68.4]
         [Processed Buffers: Min: 0, Avg: 31.0, Max: 40, Diff: 40, Sum: 248]
      [Scan RS (ms): Min: 0.4, Avg: 4.1, Max: 13.5, Diff: 13.2, Sum: 32.5]
      [Code Root Scanning (ms): Min: 0.0, Avg: 0.1, Max: 0.3, Diff: 0.3, Sum: 0.5]
      [Object Copy (ms): Min: 30.0, Avg: 38.6, Max: 40.3, Diff: 10.3, Sum: 309.2]
      [Termination (ms): Min: 0.0, Avg: 1.6, Max: 1.9, Diff: 1.9, Sum: 12.8]
         [Termination Attempts: Min: 1, Avg: 1.0, Max: 1, Diff: 0, Sum: 8]
      [GC Worker Other (ms): Min: 0.0, Avg: 0.1, Max: 0.2, Diff: 0.1, Sum: 0.6]
      [GC Worker Total (ms): Min: 43.9, Avg: 53.6, Max: 55.1, Diff: 11.2, Sum: 428.7]
      [GC Worker End (ms): Min: 167064.8, Avg: 167064.8, Max: 167064.9, Diff: 0.1]
   [Code Root Fixup: 0.1 ms]
   [Code Root Purge: 0.0 ms]
   [Clear CT: 0.6 ms]
   [Other: 7.2 ms]
      [Choose CSet: 0.0 ms]
      [Ref Proc: 0.8 ms]
      [Ref Enq: 0.0 ms]
      [Redirty Cards: 0.3 ms]
      [Humongous Register: 0.3 ms]
      [Humongous Reclaim: 4.5 ms]
      [Free CSet: 0.9 ms]
   [Eden: 511.0M(2987.0M)->0.0B(2683.0M) Survivors: 91.0M->92.0M Heap: 6068.8M(6384.0M)->2925.7M(6384.0M)]
 [Times: user=0.37 sys=0.00, real=0.06 secs]
 167.073: [G1Ergonomics (Concurrent Cycles) request concurrent cycle initiation, reason: occupancy higher than threshold, occupancy: 3456106496 bytes, allocation request: 0 bytes, threshold: 3012349095 bytes (45.00 %), source: STW humongous allocation]
         vmop                    [threads: total initially_running wait_to_block]    [time: spin block sync cleanup vmop] page_trap_count
167.009: G1IncCollectionPause             [      31          0              0    ]      [     0     0     0     0    63    ]  0
2017-11-17T22:06:19.153+0800: 167.073: Total time for which application threads were stopped: 0.0641445 seconds, Stopping threads took: 0.0000723 seconds
         vmop                    [threads: total initially_running wait_to_block]    [time: spin block sync cleanup vmop] page_trap_count
167.073: RevokeBias                       [      31          0              1    ]      [     0    72    72     0     0    ]  0
2017-11-17T22:06:19.225+0800: 167.146: Total time for which application threads were stopped: 0.0726822 seconds, Stopping threads took: 0.0724115 seconds
         vmop                    [threads: total initially_running wait_to_block]    [time: spin block sync cleanup vmop] page_trap_count
167.146: RevokeBias                       [      31          0              1    ]      [     0     0     0     0     0    ]  0
2017-11-17T22:06:19.226+0800: 167.147: Total time for which application threads were stopped: 0.0005114 seconds, Stopping threads took: 0.0003738 seconds
         vmop                    [threads: total initially_running wait_to_block]    [time: spin block sync cleanup vmop] page_trap_count
167.147: BulkRevokeBias                   [      31          1              1    ]      [     0     0     0     0     0    ]  1
2017-11-17T22:06:19.227+0800: 167.147: Total time for which application threads were stopped: 0.0003702 seconds, Stopping threads took: 0.0001090 seconds
         vmop                    [threads: total initially_running wait_to_block]    [time: spin block sync cleanup vmop] page_trap_count
167.147: RevokeBias                       [      31          1              1    ]      [     0     0     0     0     0    ]  0
2017-11-17T22:06:19.227+0800: 167.147: Total time for which application threads were stopped: 0.0002085 seconds, Stopping threads took: 0.0000924 seconds
         vmop                    [threads: total initially_running wait_to_block]    [time: spin block sync cleanup vmop] page_trap_count
167.838: RevokeBias                       [      31          0              1    ]      [     0     0     0     0     0    ]  0
2017-11-17T22:06:19.918+0800: 167.839: Total time for which application threads were stopped: 0.0003102 seconds, Stopping threads took: 0.0001147 seconds
 167.841: [G1Ergonomics (Concurrent Cycles) request concurrent cycle initiation, reason: occupancy higher than threshold, occupancy: 3456106496 bytes, allocation request: 437491632 bytes, threshold: 3012349095 bytes (45.00 %), source: concurrent humongous allocation]
 167.841: [G1Ergonomics (Concurrent Cycles) request concurrent cycle initiation, reason: requested by GC cause, GC cause: G1 Humongous Allocation]
 167.841: [G1Ergonomics (Concurrent Cycles) initiate concurrent cycle, reason: concurrent cycle initiation requested]
2017-11-17T22:06:19.920+0800: 167.841: [GC pause (G1 Humongous Allocation) (young) (initial-mark) 167.852: [G1Ergonomics (CSet Construction) start choosing CSet, _pending_cards: 859402, predicted base time: 1939.29 ms, remaining time: 0.00 ms, target pause time: 200.00 ms]
 167.852: [G1Ergonomics (CSet Construction) add young regions to CSet, eden: 2 regions, survivors: 92 regions, predicted young region time: 25.84 ms]
 167.852: [G1Ergonomics (CSet Construction) finish choosing CSet, eden: 2 regions, survivors: 92 regions, old: 0 regions, predicted pause time: 1965.12 ms, target pause time: 200.00 ms]
, 0.2345163 secs]
   [Parallel Time: 217.2 ms, GC Workers: 8]
      [GC Worker Start (ms): Min: 167852.7, Avg: 167854.3, Max: 167854.9, Diff: 2.3]
      [Ext Root Scanning (ms): Min: 0.2, Avg: 12.5, Max: 34.0, Diff: 33.8, Sum: 99.6]
      [Update RS (ms): Min: 118.3, Avg: 140.3, Max: 152.1, Diff: 33.8, Sum: 1122.5]
         [Processed Buffers: Min: 284, Avg: 420.2, Max: 836, Diff: 552, Sum: 3362]
      [Scan RS (ms): Min: 0.0, Avg: 0.0, Max: 0.0, Diff: 0.0, Sum: 0.2]
      [Code Root Scanning (ms): Min: 0.0, Avg: 0.6, Max: 2.2, Diff: 2.2, Sum: 4.4]
      [Object Copy (ms): Min: 51.7, Avg: 54.1, Max: 59.9, Diff: 8.1, Sum: 432.7]
      [Termination (ms): Min: 0.0, Avg: 7.5, Max: 8.5, Diff: 8.5, Sum: 59.6]
         [Termination Attempts: Min: 1, Avg: 3.0, Max: 6, Diff: 5, Sum: 24]
      [GC Worker Other (ms): Min: 0.0, Avg: 0.0, Max: 0.0, Diff: 0.0, Sum: 0.1]
      [GC Worker Total (ms): Min: 214.3, Avg: 214.9, Max: 216.6, Diff: 2.3, Sum: 1719.2]
      [GC Worker End (ms): Min: 168069.2, Avg: 168069.2, Max: 168069.3, Diff: 0.0]
   [Code Root Fixup: 0.1 ms]
   [Code Root Purge: 0.0 ms]
   [Clear CT: 0.4 ms]
   [Other: 16.7 ms]
      [Choose CSet: 0.1 ms]
      [Ref Proc: 0.7 ms]
      [Ref Enq: 0.0 ms]
      [Redirty Cards: 0.3 ms]
      [Humongous Register: 0.2 ms]
      [Humongous Reclaim: 2.3 ms]
      [Free CSet: 0.3 ms]
   [Eden: 2048.0K(2683.0M)->0.0B(228.0M) Survivors: 92.0M->91.0M Heap: 3343.9M(6384.0M)->2925.2M(6384.0M)]
 [Times: user=1.15 sys=0.00, real=0.24 secs]
         vmop                    [threads: total initially_running wait_to_block]    [time: spin block sync cleanup vmop] page_trap_count
167.841: G1IncCollectionPause             [      31          0              2    ]      [     0     0     0     0   234    ]  0
2017-11-17T22:06:20.155+0800: 168.076: [GC concurrent-root-region-scan-start]
2017-11-17T22:06:20.155+0800: 168.076: Total time for which application threads were stopped: 0.2349863 seconds, Stopping threads took: 0.0000412 seconds
2017-11-17T22:06:20.177+0800: 168.097: [GC concurrent-root-region-scan-end, 0.0217311 secs]
2017-11-17T22:06:20.177+0800: 168.097: [GC concurrent-mark-start]
2017-11-17T22:06:21.023+0800: 168.943: [GC concurrent-mark-end, 0.8461791 secs]
2017-11-17T22:06:21.083+0800: 169.003: [GC remark 2017-11-17T22:06:21.083+0800: 169.003: [Finalize Marking, 0.0005060 secs] 2017-11-17T22:06:21.083+0800: 169.004: [GC ref-proc, 0.0002533 secs] 2017-11-17T22:06:21.084+0800: 169.004: [Unloading, 0.0045367 secs], 0.0137573 secs]
 [Times: user=0.08 sys=0.00, real=0.01 secs]
         vmop                    [threads: total initially_running wait_to_block]    [time: spin block sync cleanup vmop] page_trap_count
168.944: CGC_Operation                    [      31          1              1    ]      [    59     0    59     0    13    ]  1
2017-11-17T22:06:21.097+0800: 169.017: Total time for which application threads were stopped: 0.0736460 seconds, Stopping threads took: 0.0596498 seconds
2017-11-17T22:06:21.097+0800: 169.018: [GC cleanup 3343M->3343M(6384M), 0.0036566 secs]
 [Times: user=0.02 sys=0.00, real=0.01 secs]
         vmop                    [threads: total initially_running wait_to_block]    [time: spin block sync cleanup vmop] page_trap_count
169.017: CGC_Operation                    [      31          0              1    ]      [     0     0     0     0     3    ]  0
2017-11-17T22:06:21.101+0800: 169.021: Total time for which application threads were stopped: 0.0038915 seconds, Stopping threads took: 0.0000734 seconds
 169.755: [G1Ergonomics (Concurrent Cycles) do not request concurrent cycle initiation, reason: still doing mixed collections, occupancy: 3894411264 bytes, allocation request: 437491632 bytes, threshold: 3012349095 bytes (45.00 %), source: concurrent humongous allocation]
         vmop                    [threads: total initially_running wait_to_block]    [time: spin block sync cleanup vmop] page_trap_count
170.021: no vm operation                  [      31          0              0    ]      [     0     0     0     0     0    ]  0
2017-11-17T22:06:22.101+0800: 170.022: Total time for which application threads were stopped: 0.0002233 seconds, Stopping threads took: 0.0000508 seconds
 170.547: [G1Ergonomics (Concurrent Cycles) do not request concurrent cycle initiation, reason: still doing mixed collections, occupancy: 4332716032 bytes, allocation request: 437491632 bytes, threshold: 3012349095 bytes (45.00 %), source: concurrent humongous allocation]
 171.423: [G1Ergonomics (Concurrent Cycles) do not request concurrent cycle initiation, reason: still doing mixed collections, occupancy: 4771020800 bytes, allocation request: 437491632 bytes, threshold: 3012349095 bytes (45.00 %), source: concurrent humongous allocation]
 172.263: [G1Ergonomics (Concurrent Cycles) do not request concurrent cycle initiation, reason: still doing mixed collections, occupancy: 5209325568 bytes, allocation request: 437491632 bytes, threshold: 3012349095 bytes (45.00 %), source: concurrent humongous allocation]
 172.963: [G1Ergonomics (Concurrent Cycles) do not request concurrent cycle initiation, reason: still doing mixed collections, occupancy: 5647630336 bytes, allocation request: 437491632 bytes, threshold: 3012349095 bytes (45.00 %), source: concurrent humongous allocation]
2017-11-17T22:06:25.043+0800: 172.964: [GC pause (G1 Humongous Allocation) (young) 172.973: [G1Ergonomics (CSet Construction) start choosing CSet, _pending_cards: 866836, predicted base time: 1549.88 ms, remaining time: 0.00 ms, target pause time: 200.00 ms]
 172.973: [G1Ergonomics (CSet Construction) add young regions to CSet, eden: 2 regions, survivors: 91 regions, predicted young region time: 25.81 ms]
 172.973: [G1Ergonomics (CSet Construction) finish choosing CSet, eden: 2 regions, survivors: 91 regions, old: 0 regions, predicted pause time: 1575.68 ms, target pause time: 200.00 ms]
 173.079: [G1Ergonomics (Concurrent Cycles) do not request concurrent cycle initiation, reason: still doing mixed collections, occupancy: 3091202048 bytes, allocation request: 0 bytes, threshold: 3012349095 bytes (45.00 %), source: end of GC]
 173.079: [G1Ergonomics (Mixed GCs) do not start mixed GCs, reason: reclaimable percentage not over threshold, candidate old regions: 295 regions, reclaimable: 106168992 bytes (1.59 %), threshold: 5.00 %]
, 0.1154875 secs]
   [Parallel Time: 100.4 ms, GC Workers: 8]
      [GC Worker Start (ms): Min: 172973.5, Avg: 172974.1, Max: 172975.2, Diff: 1.7]
      [Ext Root Scanning (ms): Min: 0.0, Avg: 0.4, Max: 1.2, Diff: 1.2, Sum: 3.1]
      [Update RS (ms): Min: 65.6, Avg: 66.4, Max: 69.7, Diff: 4.2, Sum: 531.4]
         [Processed Buffers: Min: 187, Avg: 424.1, Max: 559, Diff: 372, Sum: 3393]
      [Scan RS (ms): Min: 0.0, Avg: 1.9, Max: 2.3, Diff: 2.3, Sum: 15.0]
      [Code Root Scanning (ms): Min: 0.0, Avg: 0.1, Max: 0.5, Diff: 0.5, Sum: 0.5]
      [Object Copy (ms): Min: 28.7, Avg: 30.8, Max: 31.3, Diff: 2.6, Sum: 246.5]
      [Termination (ms): Min: 0.0, Avg: 0.1, Max: 0.1, Diff: 0.1, Sum: 0.7]
         [Termination Attempts: Min: 1, Avg: 13.1, Max: 26, Diff: 25, Sum: 105]
      [GC Worker Other (ms): Min: 0.0, Avg: 0.0, Max: 0.0, Diff: 0.0, Sum: 0.2]
      [GC Worker Total (ms): Min: 98.5, Avg: 99.7, Max: 100.2, Diff: 1.7, Sum: 797.4]
      [GC Worker End (ms): Min: 173073.7, Avg: 173073.7, Max: 173073.8, Diff: 0.0]
   [Code Root Fixup: 0.1 ms]
   [Code Root Purge: 0.0 ms]
   [Clear CT: 0.3 ms]
   [Other: 14.7 ms]
      [Choose CSet: 0.1 ms]
      [Ref Proc: 0.4 ms]
      [Ref Enq: 0.0 ms]
      [Redirty Cards: 0.3 ms]
      [Humongous Register: 0.3 ms]
      [Humongous Reclaim: 3.8 ms]
      [Free CSet: 0.2 ms]
   [Eden: 2048.0K(228.0M)->0.0B(296.0M) Survivors: 91.0M->23.0M Heap: 5430.0M(6384.0M)->2925.9M(6384.0M)]
 [Times: user=0.71 sys=0.00, real=0.11 secs]
 173.080: [G1Ergonomics (Concurrent Cycles) request concurrent cycle initiation, reason: occupancy higher than threshold, occupancy: 3529506816 bytes, allocation request: 0 bytes, threshold: 3012349095 bytes (45.00 %), source: STW humongous allocation]
         vmop                    [threads: total initially_running wait_to_block]    [time: spin block sync cleanup vmop] page_trap_count
172.963: G1IncCollectionPause             [      31          0              1    ]      [     0     0     0     0   116    ]  0
2017-11-17T22:06:25.159+0800: 173.080: Total time for which application threads were stopped: 0.1164415 seconds, Stopping threads took: 0.0001058 seconds
         vmop                    [threads: total initially_running wait_to_block]    [time: spin block sync cleanup vmop] page_trap_count
173.742: RevokeBias                       [      31          1              0    ]      [     0     0     0     0     0    ]  0
2017-11-17T22:06:25.822+0800: 173.743: Total time for which application threads were stopped: 0.0008461 seconds, Stopping threads took: 0.0006243 seconds
         vmop                    [threads: total initially_running wait_to_block]    [time: spin block sync cleanup vmop] page_trap_count
173.745: RevokeBias                       [      31          0              0    ]      [     0     0     0     0     0    ]  0
2017-11-17T22:06:25.825+0800: 173.745: Total time for which application threads were stopped: 0.0001888 seconds, Stopping threads took: 0.0000228 seconds
 173.882: [G1Ergonomics (Concurrent Cycles) request concurrent cycle initiation, reason: occupancy higher than threshold, occupancy: 3529506816 bytes, allocation request: 437491632 bytes, threshold: 3012349095 bytes (45.00 %), source: concurrent humongous allocation]
 173.882: [G1Ergonomics (Concurrent Cycles) request concurrent cycle initiation, reason: requested by GC cause, GC cause: G1 Humongous Allocation]
 173.882: [G1Ergonomics (Concurrent Cycles) initiate concurrent cycle, reason: concurrent cycle initiation requested]
2017-11-17T22:06:25.962+0800: 173.883: [GC pause (G1 Humongous Allocation) (young) (initial-mark) 173.883: [G1Ergonomics (CSet Construction) start choosing CSet, _pending_cards: 11483, predicted base time: 40.84 ms, remaining time: 159.16 ms, target pause time: 200.00 ms]
 173.883: [G1Ergonomics (CSet Construction) add young regions to CSet, eden: 1 regions, survivors: 23 regions, predicted young region time: 4.71 ms]
 173.883: [G1Ergonomics (CSet Construction) finish choosing CSet, eden: 1 regions, survivors: 23 regions, old: 0 regions, predicted pause time: 45.54 ms, target pause time: 200.00 ms]
, 0.0216082 secs]
   [Parallel Time: 12.8 ms, GC Workers: 8]
      [GC Worker Start (ms): Min: 173883.6, Avg: 173883.8, Max: 173884.4, Diff: 0.8]
      [Ext Root Scanning (ms): Min: 0.8, Avg: 2.3, Max: 9.2, Diff: 8.4, Sum: 18.4]
      [Update RS (ms): Min: 0.0, Avg: 1.6, Max: 1.9, Diff: 1.9, Sum: 13.0]
         [Processed Buffers: Min: 0, Avg: 6.2, Max: 10, Diff: 10, Sum: 50]
      [Scan RS (ms): Min: 0.0, Avg: 0.4, Max: 0.5, Diff: 0.5, Sum: 3.3]
      [Code Root Scanning (ms): Min: 0.0, Avg: 0.1, Max: 0.3, Diff: 0.3, Sum: 0.4]
      [Object Copy (ms): Min: 1.2, Avg: 6.2, Max: 8.3, Diff: 7.1, Sum: 49.7]
      [Termination (ms): Min: 0.0, Avg: 1.6, Max: 1.9, Diff: 1.9, Sum: 13.0]
         [Termination Attempts: Min: 1, Avg: 1.0, Max: 1, Diff: 0, Sum: 8]
      [GC Worker Other (ms): Min: 0.0, Avg: 0.0, Max: 0.0, Diff: 0.0, Sum: 0.1]
      [GC Worker Total (ms): Min: 11.6, Avg: 12.3, Max: 12.4, Diff: 0.8, Sum: 98.0]
      [GC Worker End (ms): Min: 173896.0, Avg: 173896.1, Max: 173896.1, Diff: 0.0]
   [Code Root Fixup: 0.1 ms]
   [Code Root Purge: 0.0 ms]
   [Clear CT: 0.3 ms]
   [Other: 8.4 ms]
      [Choose CSet: 0.0 ms]
      [Ref Proc: 4.9 ms]
      [Ref Enq: 0.0 ms]
      [Redirty Cards: 0.3 ms]
      [Humongous Register: 0.2 ms]
      [Humongous Reclaim: 0.9 ms]
      [Free CSet: 0.2 ms]
   [Eden: 1024.0K(296.0M)->0.0B(296.0M) Survivors: 23.0M->23.0M Heap: 3343.7M(6384.0M)->2926.4M(6384.0M)]
 [Times: user=0.11 sys=0.00, real=0.02 secs]
         vmop                    [threads: total initially_running wait_to_block]    [time: spin block sync cleanup vmop] page_trap_count
173.882: G1IncCollectionPause             [      31          0              0    ]      [     0     0     0     0    21    ]  0
2017-11-17T22:06:25.984+0800: 173.904: [GC concurrent-root-region-scan-start]
2017-11-17T22:06:25.984+0800: 173.904: Total time for which application threads were stopped: 0.0220484 seconds, Stopping threads took: 0.0000521 seconds
2017-11-17T22:06:25.991+0800: 173.911: [GC concurrent-root-region-scan-end, 0.0068721 secs]
2017-11-17T22:06:25.991+0800: 173.911: [GC concurrent-mark-start]
2017-11-17T22:06:27.106+0800: 175.026: [GC concurrent-mark-end, 1.1148313 secs]
2017-11-17T22:06:27.106+0800: 175.026: [GC remark 2017-11-17T22:06:27.106+0800: 175.026: [Finalize Marking, 0.0104595 secs] 2017-11-17T22:06:27.116+0800: 175.037: [GC ref-proc, 0.0002757 secs] 2017-11-17T22:06:27.117+0800: 175.037: [Unloading, 0.0042635 secs], 0.0242230 secs]
 [Times: user=0.07 sys=0.01, real=0.02 secs]
         vmop                    [threads: total initially_running wait_to_block]    [time: spin block sync cleanup vmop] page_trap_count
175.026: CGC_Operation                    [      31          0              1    ]      [     0     0     0     0    24    ]  0
2017-11-17T22:06:27.130+0800: 175.051: Total time for which application threads were stopped: 0.0245403 seconds, Stopping threads took: 0.0001063 seconds
2017-11-17T22:06:27.131+0800: 175.051: [GC cleanup 3761M->3761M(6384M), 0.0036025 secs]
 [Times: user=0.01 sys=0.00, real=0.01 secs]
         vmop                    [threads: total initially_running wait_to_block]    [time: spin block sync cleanup vmop] page_trap_count
175.051: CGC_Operation                    [      31          0              0    ]      [     0     0     0     0     3    ]  0
2017-11-17T22:06:27.134+0800: 175.055: Total time for which application threads were stopped: 0.0038648 seconds, Stopping threads took: 0.0000780 seconds
 175.460: [G1Ergonomics (Concurrent Cycles) do not request concurrent cycle initiation, reason: still doing mixed collections, occupancy: 3967811584 bytes, allocation request: 437491632 bytes, threshold: 3012349095 bytes (45.00 %), source: concurrent humongous allocation]
         vmop                    [threads: total initially_running wait_to_block]    [time: spin block sync cleanup vmop] page_trap_count
176.055: no vm operation                  [      31          1              1    ]      [    95     0    95     0     0    ]  1
2017-11-17T22:06:28.230+0800: 176.150: Total time for which application threads were stopped: 0.0955770 seconds, Stopping threads took: 0.0953941 seconds
 176.151: [G1Ergonomics (Concurrent Cycles) do not request concurrent cycle initiation, reason: still doing mixed collections, occupancy: 4406116352 bytes, allocation request: 437491632 bytes, threshold: 3012349095 bytes (45.00 %), source: concurrent humongous allocation]
         vmop                    [threads: total initially_running wait_to_block]    [time: spin block sync cleanup vmop] page_trap_count
177.003: RevokeBias                       [      31          0              0    ]      [     0     0     0     0     0    ]  0
2017-11-17T22:06:29.082+0800: 177.003: Total time for which application threads were stopped: 0.0002480 seconds, Stopping threads took: 0.0001008 seconds
 177.004: [G1Ergonomics (Concurrent Cycles) do not request concurrent cycle initiation, reason: still doing mixed collections, occupancy: 4844421120 bytes, allocation request: 659984 bytes, threshold: 3012349095 bytes (45.00 %), source: concurrent humongous allocation]
 177.005: [G1Ergonomics (Concurrent Cycles) do not request concurrent cycle initiation, reason: still doing mixed collections, occupancy: 4845469696 bytes, allocation request: 1319952 bytes, threshold: 3012349095 bytes (45.00 %), source: concurrent humongous allocation]
 177.006: [G1Ergonomics (Concurrent Cycles) do not request concurrent cycle initiation, reason: still doing mixed collections, occupancy: 4847566848 bytes, allocation request: 2639888 bytes, threshold: 3012349095 bytes (45.00 %), source: concurrent humongous allocation]
 177.008: [G1Ergonomics (Concurrent Cycles) do not request concurrent cycle initiation, reason: still doing mixed collections, occupancy: 4850712576 bytes, allocation request: 5279760 bytes, threshold: 3012349095 bytes (45.00 %), source: concurrent humongous allocation]
 177.013: [G1Ergonomics (Concurrent Cycles) do not request concurrent cycle initiation, reason: still doing mixed collections, occupancy: 4857004032 bytes, allocation request: 10559504 bytes, threshold: 3012349095 bytes (45.00 %), source: concurrent humongous allocation]
 177.023: [G1Ergonomics (Concurrent Cycles) do not request concurrent cycle initiation, reason: still doing mixed collections, occupancy: 4868538368 bytes, allocation request: 21118992 bytes, threshold: 3012349095 bytes (45.00 %), source: concurrent humongous allocation]
 177.042: [G1Ergonomics (Concurrent Cycles) do not request concurrent cycle initiation, reason: still doing mixed collections, occupancy: 4890558464 bytes, allocation request: 42237968 bytes, threshold: 3012349095 bytes (45.00 %), source: concurrent humongous allocation]
 177.081: [G1Ergonomics (Concurrent Cycles) do not request concurrent cycle initiation, reason: still doing mixed collections, occupancy: 4933550080 bytes, allocation request: 84475920 bytes, threshold: 3012349095 bytes (45.00 %), source: concurrent humongous allocation]
 177.160: [G1Ergonomics (Concurrent Cycles) do not request concurrent cycle initiation, reason: still doing mixed collections, occupancy: 5018484736 bytes, allocation request: 168951824 bytes, threshold: 3012349095 bytes (45.00 %), source: concurrent humongous allocation]
 177.325: [G1Ergonomics (Concurrent Cycles) do not request concurrent cycle initiation, reason: still doing mixed collections, occupancy: 5188354048 bytes, allocation request: 337903632 bytes, threshold: 3012349095 bytes (45.00 %), source: concurrent humongous allocation]
 177.653: [G1Ergonomics (Concurrent Cycles) do not request concurrent cycle initiation, reason: still doing mixed collections, occupancy: 5527044096 bytes, allocation request: 675807248 bytes, threshold: 3012349095 bytes (45.00 %), source: concurrent humongous allocation]
2017-11-17T22:06:29.733+0800: 177.654: [GC pause (G1 Humongous Allocation) (young) 177.661: [G1Ergonomics (CSet Construction) start choosing CSet, _pending_cards: 672373, predicted base time: 762.44 ms, remaining time: 0.00 ms, target pause time: 200.00 ms]
 177.661: [G1Ergonomics (CSet Construction) add young regions to CSet, eden: 2 regions, survivors: 23 regions, predicted young region time: 3.55 ms]
 177.661: [G1Ergonomics (CSet Construction) finish choosing CSet, eden: 2 regions, survivors: 23 regions, old: 0 regions, predicted pause time: 765.99 ms, target pause time: 200.00 ms]
 177.730: [G1Ergonomics (Mixed GCs) do not start mixed GCs, reason: reclaimable percentage not over threshold, candidate old regions: 295 regions, reclaimable: 106168992 bytes (1.59 %), threshold: 5.00 %]
, 0.0766370 secs]
   [Parallel Time: 62.5 ms, GC Workers: 8]
      [GC Worker Start (ms): Min: 177661.1, Avg: 177663.2, Max: 177676.9, Diff: 15.8]
      [Ext Root Scanning (ms): Min: 0.0, Avg: 0.5, Max: 1.5, Diff: 1.5, Sum: 4.4]
      [Update RS (ms): Min: 40.3, Avg: 53.5, Max: 55.8, Diff: 15.5, Sum: 428.3]
         [Processed Buffers: Min: 195, Avg: 328.8, Max: 409, Diff: 214, Sum: 2630]
      [Scan RS (ms): Min: 0.0, Avg: 0.2, Max: 0.3, Diff: 0.3, Sum: 1.5]
      [Code Root Scanning (ms): Min: 0.0, Avg: 0.8, Max: 6.0, Diff: 6.0, Sum: 6.3]
      [Object Copy (ms): Min: 0.0, Avg: 4.9, Max: 5.7, Diff: 5.7, Sum: 39.2]
      [Termination (ms): Min: 0.0, Avg: 0.2, Max: 0.2, Diff: 0.2, Sum: 1.6]
         [Termination Attempts: Min: 1, Avg: 1.6, Max: 2, Diff: 1, Sum: 13]
      [GC Worker Other (ms): Min: 0.0, Avg: 0.0, Max: 0.0, Diff: 0.0, Sum: 0.1]
      [GC Worker Total (ms): Min: 46.4, Avg: 60.2, Max: 62.2, Diff: 15.8, Sum: 481.4]
      [GC Worker End (ms): Min: 177723.4, Avg: 177723.4, Max: 177723.4, Diff: 0.0]
   [Code Root Fixup: 0.1 ms]
   [Code Root Purge: 0.0 ms]
   [Clear CT: 0.3 ms]
   [Other: 13.8 ms]
      [Choose CSet: 0.0 ms]
      [Ref Proc: 2.0 ms]
      [Ref Enq: 0.0 ms]
      [Redirty Cards: 0.3 ms]
      [Humongous Register: 0.3 ms]
      [Humongous Reclaim: 3.8 ms]
      [Free CSet: 0.2 ms]
   [Eden: 2048.0K(296.0M)->0.0B(297.0M) Survivors: 23.0M->22.0M Heap: 5241.0M(6384.0M)->2829.9M(6384.0M)]
 [Times: user=0.46 sys=0.00, real=0.07 secs]
 177.731: [G1Ergonomics (Concurrent Cycles) request concurrent cycle initiation, reason: occupancy higher than threshold, occupancy: 3667918848 bytes, allocation request: 0 bytes, threshold: 3012349095 bytes (45.00 %), source: STW humongous allocation]
         vmop                    [threads: total initially_running wait_to_block]    [time: spin block sync cleanup vmop] page_trap_count
177.653: G1IncCollectionPause             [      31          0              0    ]      [     0     0     0     0    77    ]  0
2017-11-17T22:06:29.811+0800: 177.731: Total time for which application threads were stopped: 0.0776943 seconds, Stopping threads took: 0.0000501 seconds
 178.139: [G1Ergonomics (Concurrent Cycles) request concurrent cycle initiation, reason: occupancy higher than threshold, occupancy: 3667918848 bytes, allocation request: 559632 bytes, threshold: 3012349095 bytes (45.00 %), source: concurrent humongous allocation]
 178.139: [G1Ergonomics (Concurrent Cycles) request concurrent cycle initiation, reason: requested by GC cause, GC cause: G1 Humongous Allocation]
 178.139: [G1Ergonomics (Concurrent Cycles) initiate concurrent cycle, reason: concurrent cycle initiation requested]
2017-11-17T22:06:30.219+0800: 178.139: [GC pause (G1 Humongous Allocation) (young) (initial-mark) 178.140: [G1Ergonomics (CSet Construction) start choosing CSet, _pending_cards: 62210, predicted base time: 74.14 ms, remaining time: 125.86 ms, target pause time: 200.00 ms]
 178.140: [G1Ergonomics (CSet Construction) add young regions to CSet, eden: 1 regions, survivors: 22 regions, predicted young region time: 2.61 ms]
 178.140: [G1Ergonomics (CSet Construction) finish choosing CSet, eden: 1 regions, survivors: 22 regions, old: 0 regions, predicted pause time: 76.75 ms, target pause time: 200.00 ms]
, 0.0887724 secs]
   [Parallel Time: 84.7 ms, GC Workers: 8]
      [GC Worker Start (ms): Min: 178140.4, Avg: 178146.4, Max: 178149.0, Diff: 8.6]
      [Ext Root Scanning (ms): Min: 0.1, Avg: 20.2, Max: 33.2, Diff: 33.0, Sum: 161.2]
      [Update RS (ms): Min: 0.0, Avg: 11.1, Max: 38.8, Diff: 38.8, Sum: 89.1]
         [Processed Buffers: Min: 0, Avg: 30.9, Max: 122, Diff: 122, Sum: 247]
      [Scan RS (ms): Min: 0.0, Avg: 0.2, Max: 0.8, Diff: 0.8, Sum: 1.5]
      [Code Root Scanning (ms): Min: 0.0, Avg: 2.8, Max: 21.8, Diff: 21.8, Sum: 22.1]
      [Object Copy (ms): Min: 0.0, Avg: 14.5, Max: 32.3, Diff: 32.3, Sum: 115.7]
      [Termination (ms): Min: 0.0, Avg: 17.8, Max: 20.9, Diff: 20.9, Sum: 142.5]
         [Termination Attempts: Min: 1, Avg: 7.2, Max: 19, Diff: 18, Sum: 58]
      [GC Worker Other (ms): Min: 0.0, Avg: 0.0, Max: 0.0, Diff: 0.0, Sum: 0.1]
      [GC Worker Total (ms): Min: 64.0, Avg: 66.5, Max: 72.5, Diff: 8.6, Sum: 532.2]
      [GC Worker End (ms): Min: 178212.9, Avg: 178212.9, Max: 178213.1, Diff: 0.2]
   [Code Root Fixup: 0.1 ms]
   [Code Root Purge: 0.0 ms]
   [Clear CT: 0.2 ms]
   [Other: 3.8 ms]
      [Choose CSet: 0.0 ms]
      [Ref Proc: 0.4 ms]
      [Ref Enq: 0.0 ms]
      [Redirty Cards: 0.1 ms]
      [Humongous Register: 0.2 ms]
      [Humongous Reclaim: 0.9 ms]
      [Free CSet: 0.2 ms]
   [Eden: 1024.0K(297.0M)->0.0B(297.0M) Survivors: 22.0M->22.0M Heap: 3475.2M(6384.0M)->3152.7M(6384.0M)]
 [Times: user=0.18 sys=0.00, real=0.09 secs]
         vmop                    [threads: total initially_running wait_to_block]    [time: spin block sync cleanup vmop] page_trap_count
178.139: G1IncCollectionPause             [      31          0              0    ]      [     0     0     0     0    89    ]  0
2017-11-17T22:06:30.308+0800: 178.228: [GC concurrent-root-region-scan-start]
2017-11-17T22:06:30.308+0800: 178.228: Total time for which application threads were stopped: 0.0892641 seconds, Stopping threads took: 0.0000846 seconds
2017-11-17T22:06:30.330+0800: 178.251: [GC concurrent-root-region-scan-end, 0.0226308 secs]
2017-11-17T22:06:30.331+0800: 178.251: [GC concurrent-mark-start]
2017-11-17T22:06:31.369+0800: 179.290: [GC concurrent-mark-end, 1.0386824 secs]
2017-11-17T22:06:31.370+0800: 179.290: [GC remark 2017-11-17T22:06:31.370+0800: 179.290: [Finalize Marking, 0.0135510 secs] 2017-11-17T22:06:31.383+0800: 179.304: [GC ref-proc, 0.0001998 secs] 2017-11-17T22:06:31.383+0800: 179.304: [Unloading, 0.0041704 secs], 0.0303199 secs]
 [Times: user=0.08 sys=0.01, real=0.03 secs]
         vmop                    [threads: total initially_running wait_to_block]    [time: spin block sync cleanup vmop] page_trap_count
179.290: CGC_Operation                    [      31          0              0    ]      [     0     0     0     0    30    ]  0
2017-11-17T22:06:31.400+0800: 179.320: Total time for which application threads were stopped: 0.0306182 seconds, Stopping threads took: 0.0000586 seconds
2017-11-17T22:06:31.400+0800: 179.321: [GC cleanup 4245M->4245M(6384M), 0.0031438 secs]
 [Times: user=0.01 sys=0.00, real=0.01 secs]
         vmop                    [threads: total initially_running wait_to_block]    [time: spin block sync cleanup vmop] page_trap_count
179.321: CGC_Operation                    [      31          0              0    ]      [     0     0     0     0     3    ]  0
2017-11-17T22:06:31.404+0800: 179.324: Total time for which application threads were stopped: 0.0033588 seconds, Stopping threads took: 0.0000558 seconds
         vmop                    [threads: total initially_running wait_to_block]    [time: spin block sync cleanup vmop] page_trap_count
184.324: no vm operation                  [      31          0              0    ]      [     0     0     0     0     0    ]  0
2017-11-17T22:06:36.404+0800: 184.325: Total time for which application threads were stopped: 0.0002144 seconds, Stopping threads took: 0.0000384 seconds
         vmop                    [threads: total initially_running wait_to_block]    [time: spin block sync cleanup vmop] page_trap_count
189.325: no vm operation                  [      31          0              0    ]      [     0     0     0     0     0    ]  0
2017-11-17T22:06:41.405+0800: 189.325: Total time for which application threads were stopped: 0.0002379 seconds, Stopping threads took: 0.0000869 seconds
         vmop                    [threads: total initially_running wait_to_block]    [time: spin block sync cleanup vmop] page_trap_count
192.326: no vm operation                  [      31          0              0    ]      [     0     0     0     0     0    ]  0
2017-11-17T22:06:44.405+0800: 192.326: Total time for which application threads were stopped: 0.0001823 seconds, Stopping threads took: 0.0000378 seconds
         vmop                    [threads: total initially_running wait_to_block]    [time: spin block sync cleanup vmop] page_trap_count
200.327: no vm operation                  [      31          0              0    ]      [     0     0     0     0     0    ]  0
2017-11-17T22:06:52.406+0800: 200.327: Total time for which application threads were stopped: 0.0002365 seconds, Stopping threads took: 0.0000726 seconds
         vmop                    [threads: total initially_running wait_to_block]    [time: spin block sync cleanup vmop] page_trap_count
201.327: no vm operation                  [      31          0              0    ]      [     0     0     0     0     0    ]  0
2017-11-17T22:06:53.407+0800: 201.327: Total time for which application threads were stopped: 0.0002100 seconds, Stopping threads took: 0.0000637 seconds
         vmop                    [threads: total initially_running wait_to_block]    [time: spin block sync cleanup vmop] page_trap_count
214.328: no vm operation                  [      31          0              0    ]      [     0     0     0     0     0    ]  0
2017-11-17T22:07:06.408+0800: 214.329: Total time for which application threads were stopped: 0.0002126 seconds, Stopping threads took: 0.0000401 seconds
         vmop                    [threads: total initially_running wait_to_block]    [time: spin block sync cleanup vmop] page_trap_count
216.329: no vm operation                  [      32          0              0    ]      [     0     0     0     0     0    ]  0
2017-11-17T22:07:08.408+0800: 216.329: Total time for which application threads were stopped: 0.0001990 seconds, Stopping threads took: 0.0000386 seconds
 221.164: [G1Ergonomics (Concurrent Cycles) do not request concurrent cycle initiation, reason: still doing mixed collections, occupancy: 4482662400 bytes, allocation request: 2140480 bytes, threshold: 3012349095 bytes (45.00 %), source: concurrent humongous allocation]
 221.165: [G1Ergonomics (Concurrent Cycles) do not request concurrent cycle initiation, reason: still doing mixed collections, occupancy: 4485808128 bytes, allocation request: 2140480 bytes, threshold: 3012349095 bytes (45.00 %), source: concurrent humongous allocation]
 221.174: [G1Ergonomics (Concurrent Cycles) do not request concurrent cycle initiation, reason: still doing mixed collections, occupancy: 4488953856 bytes, allocation request: 437499240 bytes, threshold: 3012349095 bytes (45.00 %), source: concurrent humongous allocation]
         vmop                    [threads: total initially_running wait_to_block]    [time: spin block sync cleanup vmop] page_trap_count
221.329: no vm operation                  [      32          1              1    ]      [    19     8    35     0     0    ]  1
2017-11-17T22:07:13.445+0800: 221.365: Total time for which application threads were stopped: 0.0281977 seconds, Stopping threads took: 0.0279891 seconds
 221.733: [G1Ergonomics (Concurrent Cycles) do not request concurrent cycle initiation, reason: still doing mixed collections, occupancy: 4927258624 bytes, allocation request: 437491632 bytes, threshold: 3012349095 bytes (45.00 %), source: concurrent humongous allocation]
 222.204: [G1Ergonomics (Concurrent Cycles) do not request concurrent cycle initiation, reason: still doing mixed collections, occupancy: 5365563392 bytes, allocation request: 1372704 bytes, threshold: 3012349095 bytes (45.00 %), source: concurrent humongous allocation]
 222.204: [G1Ergonomics (Concurrent Cycles) do not request concurrent cycle initiation, reason: still doing mixed collections, occupancy: 5367660544 bytes, allocation request: 1372704 bytes, threshold: 3012349095 bytes (45.00 %), source: concurrent humongous allocation]
         vmop                    [threads: total initially_running wait_to_block]    [time: spin block sync cleanup vmop] page_trap_count
222.211: RevokeBias                       [      32          0              0    ]      [     0     0     0     0     0    ]  0
2017-11-17T22:07:14.291+0800: 222.211: Total time for which application threads were stopped: 0.0003389 seconds, Stopping threads took: 0.0000786 seconds
         vmop                    [threads: total initially_running wait_to_block]    [time: spin block sync cleanup vmop] page_trap_count
222.212: BulkRevokeBias                   [      32          1              0    ]      [     0     0     0     0     0    ]  0
2017-11-17T22:07:14.292+0800: 222.213: Total time for which application threads were stopped: 0.0004032 seconds, Stopping threads took: 0.0000908 seconds
 222.233: [G1Ergonomics (Concurrent Cycles) do not request concurrent cycle initiation, reason: still doing mixed collections, occupancy: 5369757696 bytes, allocation request: 4194320 bytes, threshold: 3012349095 bytes (45.00 %), source: concurrent humongous allocation]
 222.234: [G1Ergonomics (Concurrent Cycles) do not request concurrent cycle initiation, reason: still doing mixed collections, occupancy: 5375000576 bytes, allocation request: 4194320 bytes, threshold: 3012349095 bytes (45.00 %), source: concurrent humongous allocation]
 223.007: [G1Ergonomics (Concurrent Cycles) do not request concurrent cycle initiation, reason: still doing mixed collections, occupancy: 5380243456 bytes, allocation request: 4194320 bytes, threshold: 3012349095 bytes (45.00 %), source: concurrent humongous allocation]
 223.008: [G1Ergonomics (Concurrent Cycles) do not request concurrent cycle initiation, reason: still doing mixed collections, occupancy: 5385486336 bytes, allocation request: 4194320 bytes, threshold: 3012349095 bytes (45.00 %), source: concurrent humongous allocation]
         vmop                    [threads: total initially_running wait_to_block]    [time: spin block sync cleanup vmop] page_trap_count
223.019: RevokeBias                       [      32          0              0    ]      [     0     0     0     0     0    ]  0
2017-11-17T22:07:15.099+0800: 223.019: Total time for which application threads were stopped: 0.0002569 seconds, Stopping threads took: 0.0000604 seconds
         vmop                    [threads: total initially_running wait_to_block]    [time: spin block sync cleanup vmop] page_trap_count
223.743: RevokeBias                       [      32          0              0    ]      [     0     0     0     0     0    ]  0
2017-11-17T22:07:15.823+0800: 223.743: Total time for which application threads were stopped: 0.0004496 seconds, Stopping threads took: 0.0001736 seconds
 223.782: [G1Ergonomics (Concurrent Cycles) do not request concurrent cycle initiation, reason: still doing mixed collections, occupancy: 5390729216 bytes, allocation request: 4194320 bytes, threshold: 3012349095 bytes (45.00 %), source: concurrent humongous allocation]
 223.783: [G1Ergonomics (Concurrent Cycles) do not request concurrent cycle initiation, reason: still doing mixed collections, occupancy: 5395972096 bytes, allocation request: 4194320 bytes, threshold: 3012349095 bytes (45.00 %), source: concurrent humongous allocation]
         vmop                    [threads: total initially_running wait_to_block]    [time: spin block sync cleanup vmop] page_trap_count
223.802: RevokeBias                       [      32          0              1    ]      [     0     0     0     0     0    ]  0
2017-11-17T22:07:15.882+0800: 223.802: Total time for which application threads were stopped: 0.0005072 seconds, Stopping threads took: 0.0002842 seconds
         vmop                    [threads: total initially_running wait_to_block]    [time: spin block sync cleanup vmop] page_trap_count
223.802: RevokeBias                       [      32          0              1    ]      [     0     0     0     0     0    ]  0
2017-11-17T22:07:15.882+0800: 223.803: Total time for which application threads were stopped: 0.0001805 seconds, Stopping threads took: 0.0000590 seconds
         vmop                    [threads: total initially_running wait_to_block]    [time: spin block sync cleanup vmop] page_trap_count
223.803: RevokeBias                       [      32          0              1    ]      [     0     0     0     0     0    ]  0
2017-11-17T22:07:15.882+0800: 223.803: Total time for which application threads were stopped: 0.0002837 seconds, Stopping threads took: 0.0000869 seconds
         vmop                    [threads: total initially_running wait_to_block]    [time: spin block sync cleanup vmop] page_trap_count
223.803: RevokeBias                       [      32          0              1    ]      [     0     0     0     0     0    ]  0
2017-11-17T22:07:15.883+0800: 223.803: Total time for which application threads were stopped: 0.0002192 seconds, Stopping threads took: 0.0000775 seconds
         vmop                    [threads: total initially_running wait_to_block]    [time: spin block sync cleanup vmop] page_trap_count
223.803: RevokeBias                       [      32          0              0    ]      [     0     0     0     0     0    ]  0
2017-11-17T22:07:15.883+0800: 223.804: Total time for which application threads were stopped: 0.0001615 seconds, Stopping threads took: 0.0000296 seconds
 223.809: [G1Ergonomics (Concurrent Cycles) do not request concurrent cycle initiation, reason: still doing mixed collections, occupancy: 5401214976 bytes, allocation request: 4194320 bytes, threshold: 3012349095 bytes (45.00 %), source: concurrent humongous allocation]
 223.810: [G1Ergonomics (Concurrent Cycles) do not request concurrent cycle initiation, reason: still doing mixed collections, occupancy: 5406457856 bytes, allocation request: 4194320 bytes, threshold: 3012349095 bytes (45.00 %), source: concurrent humongous allocation]
         vmop                    [threads: total initially_running wait_to_block]    [time: spin block sync cleanup vmop] page_trap_count
223.823: RevokeBias                       [      32          0              0    ]      [     0     0     0     0     0    ]  0
2017-11-17T22:07:15.903+0800: 223.823: Total time for which application threads were stopped: 0.0003225 seconds, Stopping threads took: 0.0000544 seconds
         vmop                    [threads: total initially_running wait_to_block]    [time: spin block sync cleanup vmop] page_trap_count
223.824: RevokeBias                       [      32          0              0    ]      [     0     0     0     0     0    ]  0
2017-11-17T22:07:15.903+0800: 223.824: Total time for which application threads were stopped: 0.0001834 seconds, Stopping threads took: 0.0000403 seconds
         vmop                    [threads: total initially_running wait_to_block]    [time: spin block sync cleanup vmop] page_trap_count
223.824: RevokeBias                       [      32          0              0    ]      [     0     0     0     0     0    ]  0
2017-11-17T22:07:15.903+0800: 223.824: Total time for which application threads were stopped: 0.0001589 seconds, Stopping threads took: 0.0000263 seconds
 223.829: [G1Ergonomics (Concurrent Cycles) do not request concurrent cycle initiation, reason: still doing mixed collections, occupancy: 5411700736 bytes, allocation request: 4194320 bytes, threshold: 3012349095 bytes (45.00 %), source: concurrent humongous allocation]
 223.831: [G1Ergonomics (Concurrent Cycles) do not request concurrent cycle initiation, reason: still doing mixed collections, occupancy: 5416943616 bytes, allocation request: 4194320 bytes, threshold: 3012349095 bytes (45.00 %), source: concurrent humongous allocation]
         vmop                    [threads: total initially_running wait_to_block]    [time: spin block sync cleanup vmop] page_trap_count
223.985: RevokeBias                       [      32          0              0    ]      [     0     0     0     0     0    ]  0
2017-11-17T22:07:16.065+0800: 223.985: Total time for which application threads were stopped: 0.0002906 seconds, Stopping threads took: 0.0000641 seconds
 223.990: [G1Ergonomics (Concurrent Cycles) do not request concurrent cycle initiation, reason: still doing mixed collections, occupancy: 5422186496 bytes, allocation request: 4194320 bytes, threshold: 3012349095 bytes (45.00 %), source: concurrent humongous allocation]
 223.991: [G1Ergonomics (Concurrent Cycles) do not request concurrent cycle initiation, reason: still doing mixed collections, occupancy: 5427429376 bytes, allocation request: 4194320 bytes, threshold: 3012349095 bytes (45.00 %), source: concurrent humongous allocation]
         vmop                    [threads: total initially_running wait_to_block]    [time: spin block sync cleanup vmop] page_trap_count
224.003: RevokeBias                       [      32          0              0    ]      [     0     0     0     0     0    ]  0
2017-11-17T22:07:16.083+0800: 224.003: Total time for which application threads were stopped: 0.0002800 seconds, Stopping threads took: 0.0000482 seconds
 224.009: [G1Ergonomics (Concurrent Cycles) do not request concurrent cycle initiation, reason: still doing mixed collections, occupancy: 5432672256 bytes, allocation request: 4194320 bytes, threshold: 3012349095 bytes (45.00 %), source: concurrent humongous allocation]
 224.010: [G1Ergonomics (Concurrent Cycles) do not request concurrent cycle initiation, reason: still doing mixed collections, occupancy: 5437915136 bytes, allocation request: 4194320 bytes, threshold: 3012349095 bytes (45.00 %), source: concurrent humongous allocation]
 224.036: [G1Ergonomics (Concurrent Cycles) do not request concurrent cycle initiation, reason: still doing mixed collections, occupancy: 5443158016 bytes, allocation request: 4194320 bytes, threshold: 3012349095 bytes (45.00 %), source: concurrent humongous allocation]
 224.037: [G1Ergonomics (Concurrent Cycles) do not request concurrent cycle initiation, reason: still doing mixed collections, occupancy: 5448400896 bytes, allocation request: 4194320 bytes, threshold: 3012349095 bytes (45.00 %), source: concurrent humongous allocation]
 224.083: [G1Ergonomics (Concurrent Cycles) do not request concurrent cycle initiation, reason: still doing mixed collections, occupancy: 5453643776 bytes, allocation request: 4194320 bytes, threshold: 3012349095 bytes (45.00 %), source: concurrent humongous allocation]
 224.084: [G1Ergonomics (Concurrent Cycles) do not request concurrent cycle initiation, reason: still doing mixed collections, occupancy: 5458886656 bytes, allocation request: 4194320 bytes, threshold: 3012349095 bytes (45.00 %), source: concurrent humongous allocation]
 224.122: [G1Ergonomics (Concurrent Cycles) do not request concurrent cycle initiation, reason: still doing mixed collections, occupancy: 5464129536 bytes, allocation request: 4194320 bytes, threshold: 3012349095 bytes (45.00 %), source: concurrent humongous allocation]
 224.123: [G1Ergonomics (Concurrent Cycles) do not request concurrent cycle initiation, reason: still doing mixed collections, occupancy: 5469372416 bytes, allocation request: 4194320 bytes, threshold: 3012349095 bytes (45.00 %), source: concurrent humongous allocation]
 224.139: [G1Ergonomics (Concurrent Cycles) do not request concurrent cycle initiation, reason: still doing mixed collections, occupancy: 5474615296 bytes, allocation request: 4194320 bytes, threshold: 3012349095 bytes (45.00 %), source: concurrent humongous allocation]
 224.139: [G1Ergonomics (Concurrent Cycles) do not request concurrent cycle initiation, reason: still doing mixed collections, occupancy: 5479858176 bytes, allocation request: 4194320 bytes, threshold: 3012349095 bytes (45.00 %), source: concurrent humongous allocation]
 224.155: [G1Ergonomics (Concurrent Cycles) do not request concurrent cycle initiation, reason: still doing mixed collections, occupancy: 5485101056 bytes, allocation request: 4194320 bytes, threshold: 3012349095 bytes (45.00 %), source: concurrent humongous allocation]
 224.156: [G1Ergonomics (Concurrent Cycles) do not request concurrent cycle initiation, reason: still doing mixed collections, occupancy: 5490343936 bytes, allocation request: 4194320 bytes, threshold: 3012349095 bytes (45.00 %), source: concurrent humongous allocation]
 224.177: [G1Ergonomics (Concurrent Cycles) do not request concurrent cycle initiation, reason: still doing mixed collections, occupancy: 5495586816 bytes, allocation request: 4194320 bytes, threshold: 3012349095 bytes (45.00 %), source: concurrent humongous allocation]
 224.178: [G1Ergonomics (Concurrent Cycles) do not request concurrent cycle initiation, reason: still doing mixed collections, occupancy: 5500829696 bytes, allocation request: 4194320 bytes, threshold: 3012349095 bytes (45.00 %), source: concurrent humongous allocation]
 224.212: [G1Ergonomics (Concurrent Cycles) do not request concurrent cycle initiation, reason: still doing mixed collections, occupancy: 5506072576 bytes, allocation request: 4194320 bytes, threshold: 3012349095 bytes (45.00 %), source: concurrent humongous allocation]
 224.214: [G1Ergonomics (Concurrent Cycles) do not request concurrent cycle initiation, reason: still doing mixed collections, occupancy: 5511315456 bytes, allocation request: 4194320 bytes, threshold: 3012349095 bytes (45.00 %), source: concurrent humongous allocation]
 224.231: [G1Ergonomics (Concurrent Cycles) do not request concurrent cycle initiation, reason: still doing mixed collections, occupancy: 5516558336 bytes, allocation request: 4194320 bytes, threshold: 3012349095 bytes (45.00 %), source: concurrent humongous allocation]
 224.232: [G1Ergonomics (Concurrent Cycles) do not request concurrent cycle initiation, reason: still doing mixed collections, occupancy: 5521801216 bytes, allocation request: 4194320 bytes, threshold: 3012349095 bytes (45.00 %), source: concurrent humongous allocation]
 224.248: [G1Ergonomics (Concurrent Cycles) do not request concurrent cycle initiation, reason: still doing mixed collections, occupancy: 5527044096 bytes, allocation request: 4194320 bytes, threshold: 3012349095 bytes (45.00 %), source: concurrent humongous allocation]
 224.249: [G1Ergonomics (Concurrent Cycles) do not request concurrent cycle initiation, reason: still doing mixed collections, occupancy: 5532286976 bytes, allocation request: 4194320 bytes, threshold: 3012349095 bytes (45.00 %), source: concurrent humongous allocation]
 224.266: [G1Ergonomics (Concurrent Cycles) do not request concurrent cycle initiation, reason: still doing mixed collections, occupancy: 5537529856 bytes, allocation request: 4194320 bytes, threshold: 3012349095 bytes (45.00 %), source: concurrent humongous allocation]
 224.267: [G1Ergonomics (Concurrent Cycles) do not request concurrent cycle initiation, reason: still doing mixed collections, occupancy: 5542772736 bytes, allocation request: 4194320 bytes, threshold: 3012349095 bytes (45.00 %), source: concurrent humongous allocation]
 224.285: [G1Ergonomics (Concurrent Cycles) do not request concurrent cycle initiation, reason: still doing mixed collections, occupancy: 5548015616 bytes, allocation request: 4194320 bytes, threshold: 3012349095 bytes (45.00 %), source: concurrent humongous allocation]
 224.286: [G1Ergonomics (Concurrent Cycles) do not request concurrent cycle initiation, reason: still doing mixed collections, occupancy: 5553258496 bytes, allocation request: 4194320 bytes, threshold: 3012349095 bytes (45.00 %), source: concurrent humongous allocation]
 224.302: [G1Ergonomics (Concurrent Cycles) do not request concurrent cycle initiation, reason: still doing mixed collections, occupancy: 5558501376 bytes, allocation request: 4194320 bytes, threshold: 3012349095 bytes (45.00 %), source: concurrent humongous allocation]
 224.303: [G1Ergonomics (Concurrent Cycles) do not request concurrent cycle initiation, reason: still doing mixed collections, occupancy: 5563744256 bytes, allocation request: 4194320 bytes, threshold: 3012349095 bytes (45.00 %), source: concurrent humongous allocation]
 224.324: [G1Ergonomics (Concurrent Cycles) do not request concurrent cycle initiation, reason: still doing mixed collections, occupancy: 5568987136 bytes, allocation request: 4194320 bytes, threshold: 3012349095 bytes (45.00 %), source: concurrent humongous allocation]
 224.325: [G1Ergonomics (Concurrent Cycles) do not request concurrent cycle initiation, reason: still doing mixed collections, occupancy: 5574230016 bytes, allocation request: 4194320 bytes, threshold: 3012349095 bytes (45.00 %), source: concurrent humongous allocation]
 224.342: [G1Ergonomics (Concurrent Cycles) do not request concurrent cycle initiation, reason: still doing mixed collections, occupancy: 5579472896 bytes, allocation request: 4194320 bytes, threshold: 3012349095 bytes (45.00 %), source: concurrent humongous allocation]
 224.343: [G1Ergonomics (Concurrent Cycles) do not request concurrent cycle initiation, reason: still doing mixed collections, occupancy: 5584715776 bytes, allocation request: 4194320 bytes, threshold: 3012349095 bytes (45.00 %), source: concurrent humongous allocation]
 224.359: [G1Ergonomics (Concurrent Cycles) do not request concurrent cycle initiation, reason: still doing mixed collections, occupancy: 5589958656 bytes, allocation request: 4194320 bytes, threshold: 3012349095 bytes (45.00 %), source: concurrent humongous allocation]
 224.360: [G1Ergonomics (Concurrent Cycles) do not request concurrent cycle initiation, reason: still doing mixed collections, occupancy: 5595201536 bytes, allocation request: 4194320 bytes, threshold: 3012349095 bytes (45.00 %), source: concurrent humongous allocation]
 224.375: [G1Ergonomics (Concurrent Cycles) do not request concurrent cycle initiation, reason: still doing mixed collections, occupancy: 5600444416 bytes, allocation request: 4194320 bytes, threshold: 3012349095 bytes (45.00 %), source: concurrent humongous allocation]
 224.376: [G1Ergonomics (Concurrent Cycles) do not request concurrent cycle initiation, reason: still doing mixed collections, occupancy: 5605687296 bytes, allocation request: 4194320 bytes, threshold: 3012349095 bytes (45.00 %), source: concurrent humongous allocation]
 224.394: [G1Ergonomics (Concurrent Cycles) do not request concurrent cycle initiation, reason: still doing mixed collections, occupancy: 5610930176 bytes, allocation request: 4194320 bytes, threshold: 3012349095 bytes (45.00 %), source: concurrent humongous allocation]
 224.395: [G1Ergonomics (Concurrent Cycles) do not request concurrent cycle initiation, reason: still doing mixed collections, occupancy: 5616173056 bytes, allocation request: 4194320 bytes, threshold: 3012349095 bytes (45.00 %), source: concurrent humongous allocation]
 224.409: [G1Ergonomics (Concurrent Cycles) do not request concurrent cycle initiation, reason: still doing mixed collections, occupancy: 5621415936 bytes, allocation request: 4194320 bytes, threshold: 3012349095 bytes (45.00 %), source: concurrent humongous allocation]
 224.410: [G1Ergonomics (Concurrent Cycles) do not request concurrent cycle initiation, reason: still doing mixed collections, occupancy: 5626658816 bytes, allocation request: 4194320 bytes, threshold: 3012349095 bytes (45.00 %), source: concurrent humongous allocation]
 224.425: [G1Ergonomics (Concurrent Cycles) do not request concurrent cycle initiation, reason: still doing mixed collections, occupancy: 5631901696 bytes, allocation request: 4194320 bytes, threshold: 3012349095 bytes (45.00 %), source: concurrent humongous allocation]
 224.426: [G1Ergonomics (Concurrent Cycles) do not request concurrent cycle initiation, reason: still doing mixed collections, occupancy: 5637144576 bytes, allocation request: 4194320 bytes, threshold: 3012349095 bytes (45.00 %), source: concurrent humongous allocation]
 224.446: [G1Ergonomics (Concurrent Cycles) do not request concurrent cycle initiation, reason: still doing mixed collections, occupancy: 5642387456 bytes, allocation request: 4194320 bytes, threshold: 3012349095 bytes (45.00 %), source: concurrent humongous allocation]
 224.447: [G1Ergonomics (Concurrent Cycles) do not request concurrent cycle initiation, reason: still doing mixed collections, occupancy: 5647630336 bytes, allocation request: 4194320 bytes, threshold: 3012349095 bytes (45.00 %), source: concurrent humongous allocation]
 224.462: [G1Ergonomics (Concurrent Cycles) do not request concurrent cycle initiation, reason: still doing mixed collections, occupancy: 5652873216 bytes, allocation request: 4194320 bytes, threshold: 3012349095 bytes (45.00 %), source: concurrent humongous allocation]
 224.463: [G1Ergonomics (Concurrent Cycles) do not request concurrent cycle initiation, reason: still doing mixed collections, occupancy: 5658116096 bytes, allocation request: 4194320 bytes, threshold: 3012349095 bytes (45.00 %), source: concurrent humongous allocation]
 224.482: [G1Ergonomics (Concurrent Cycles) do not request concurrent cycle initiation, reason: still doing mixed collections, occupancy: 5663358976 bytes, allocation request: 4194320 bytes, threshold: 3012349095 bytes (45.00 %), source: concurrent humongous allocation]
 224.483: [G1Ergonomics (Concurrent Cycles) do not request concurrent cycle initiation, reason: still doing mixed collections, occupancy: 5668601856 bytes, allocation request: 4194320 bytes, threshold: 3012349095 bytes (45.00 %), source: concurrent humongous allocation]
 224.502: [G1Ergonomics (Concurrent Cycles) do not request concurrent cycle initiation, reason: still doing mixed collections, occupancy: 5673844736 bytes, allocation request: 4194320 bytes, threshold: 3012349095 bytes (45.00 %), source: concurrent humongous allocation]
 224.503: [G1Ergonomics (Concurrent Cycles) do not request concurrent cycle initiation, reason: still doing mixed collections, occupancy: 5679087616 bytes, allocation request: 4194320 bytes, threshold: 3012349095 bytes (45.00 %), source: concurrent humongous allocation]
 224.516: [G1Ergonomics (Concurrent Cycles) do not request concurrent cycle initiation, reason: still doing mixed collections, occupancy: 5684330496 bytes, allocation request: 4194320 bytes, threshold: 3012349095 bytes (45.00 %), source: concurrent humongous allocation]
 224.517: [G1Ergonomics (Concurrent Cycles) do not request concurrent cycle initiation, reason: still doing mixed collections, occupancy: 5689573376 bytes, allocation request: 4194320 bytes, threshold: 3012349095 bytes (45.00 %), source: concurrent humongous allocation]
 224.532: [G1Ergonomics (Concurrent Cycles) do not request concurrent cycle initiation, reason: still doing mixed collections, occupancy: 5694816256 bytes, allocation request: 4194320 bytes, threshold: 3012349095 bytes (45.00 %), source: concurrent humongous allocation]
 224.533: [G1Ergonomics (Concurrent Cycles) do not request concurrent cycle initiation, reason: still doing mixed collections, occupancy: 5700059136 bytes, allocation request: 4194320 bytes, threshold: 3012349095 bytes (45.00 %), source: concurrent humongous allocation]
 224.543: [G1Ergonomics (Concurrent Cycles) do not request concurrent cycle initiation, reason: still doing mixed collections, occupancy: 5705302016 bytes, allocation request: 437491632 bytes, threshold: 3012349095 bytes (45.00 %), source: concurrent humongous allocation]
         vmop                    [threads: total initially_running wait_to_block]    [time: spin block sync cleanup vmop] page_trap_count
225.004: no vm operation                  [      32          0              0    ]      [     0     0     0     0     0    ]  0
2017-11-17T22:07:17.083+0800: 225.004: Total time for which application threads were stopped: 0.0003505 seconds, Stopping threads took: 0.0001039 seconds
         vmop                    [threads: total initially_running wait_to_block]    [time: spin block sync cleanup vmop] page_trap_count
226.004: no vm operation                  [      32          0              0    ]      [     0     0     0     0     0    ]  0
2017-11-17T22:07:18.084+0800: 226.004: Total time for which application threads were stopped: 0.0002665 seconds, Stopping threads took: 0.0000620 seconds
 226.574: [G1Ergonomics (Concurrent Cycles) do not request concurrent cycle initiation, reason: still doing mixed collections, occupancy: 6143606784 bytes, allocation request: 437491632 bytes, threshold: 3012349095 bytes (45.00 %), source: concurrent humongous allocation]
2017-11-17T22:07:18.655+0800: 226.575: [GC pause (G1 Humongous Allocation) (young) 226.575: [G1Ergonomics (CSet Construction) start choosing CSet, _pending_cards: 12200, predicted base time: 39.79 ms, remaining time: 160.21 ms, target pause time: 200.00 ms]
 226.575: [G1Ergonomics (CSet Construction) add young regions to CSet, eden: 93 regions, survivors: 22 regions, predicted young region time: 4.17 ms]
 226.575: [G1Ergonomics (CSet Construction) finish choosing CSet, eden: 93 regions, survivors: 22 regions, old: 0 regions, predicted pause time: 43.96 ms, target pause time: 200.00 ms]
 226.649: [G1Ergonomics (Mixed GCs) do not start mixed GCs, reason: reclaimable percentage not over threshold, candidate old regions: 295 regions, reclaimable: 106168992 bytes (1.59 %), threshold: 5.00 %]
, 0.0734727 secs]
   [Parallel Time: 25.4 ms, GC Workers: 8]
      [GC Worker Start (ms): Min: 226577.6, Avg: 226582.9, Max: 226594.2, Diff: 16.7]
      [Ext Root Scanning (ms): Min: 0.0, Avg: 0.6, Max: 1.5, Diff: 1.5, Sum: 4.7]
      [Update RS (ms): Min: 0.0, Avg: 2.3, Max: 3.7, Diff: 3.7, Sum: 18.0]
         [Processed Buffers: Min: 0, Avg: 7.6, Max: 16, Diff: 16, Sum: 61]
      [Scan RS (ms): Min: 0.0, Avg: 0.2, Max: 0.4, Diff: 0.4, Sum: 1.9]
      [Code Root Scanning (ms): Min: 0.0, Avg: 0.1, Max: 0.6, Diff: 0.6, Sum: 0.6]
      [Object Copy (ms): Min: 0.0, Avg: 9.0, Max: 13.3, Diff: 13.3, Sum: 72.1]
      [Termination (ms): Min: 0.0, Avg: 6.0, Max: 6.9, Diff: 6.9, Sum: 48.1]
         [Termination Attempts: Min: 1, Avg: 1.0, Max: 1, Diff: 0, Sum: 8]
      [GC Worker Other (ms): Min: 0.0, Avg: 0.0, Max: 0.0, Diff: 0.0, Sum: 0.2]
      [GC Worker Total (ms): Min: 6.9, Avg: 18.2, Max: 23.5, Diff: 16.6, Sum: 145.6]
      [GC Worker End (ms): Min: 226601.0, Avg: 226601.1, Max: 226601.1, Diff: 0.1]
   [Code Root Fixup: 0.2 ms]
   [Code Root Purge: 0.0 ms]
   [Clear CT: 7.5 ms]
   [Other: 40.3 ms]
      [Choose CSet: 0.0 ms]
      [Ref Proc: 33.5 ms]
      [Ref Enq: 0.0 ms]
      [Redirty Cards: 0.1 ms]
      [Humongous Register: 0.5 ms]
      [Humongous Reclaim: 5.5 ms]
      [Free CSet: 0.3 ms]
   [Eden: 93.0M(297.0M)->0.0B(314.0M) Survivors: 22.0M->5120.0K Heap: 5852.5M(6384.0M)->2640.4M(6384.0M)]
 [Times: user=0.17 sys=0.01, real=0.07 secs]
 226.649: [G1Ergonomics (Concurrent Cycles) request concurrent cycle initiation, reason: occupancy higher than threshold, occupancy: 3282042880 bytes, allocation request: 0 bytes, threshold: 3012349095 bytes (45.00 %), source: STW humongous allocation]
         vmop                    [threads: total initially_running wait_to_block]    [time: spin block sync cleanup vmop] page_trap_count
226.574: G1IncCollectionPause             [      32          0              0    ]      [     0     0     0     0    74    ]  0
2017-11-17T22:07:18.729+0800: 226.649: Total time for which application threads were stopped: 0.0751221 seconds, Stopping threads took: 0.0000754 seconds
         vmop                    [threads: total initially_running wait_to_block]    [time: spin block sync cleanup vmop] page_trap_count
227.665: no vm operation                  [      32          0              0    ]      [     0     0     0     0     0    ]  0
2017-11-17T22:07:19.745+0800: 227.665: Total time for which application threads were stopped: 0.0002124 seconds, Stopping threads took: 0.0000477 seconds
 229.572: [G1Ergonomics (Concurrent Cycles) request concurrent cycle initiation, reason: occupancy higher than threshold, occupancy: 3282042880 bytes, allocation request: 437491632 bytes, threshold: 3012349095 bytes (45.00 %), source: concurrent humongous allocation]
 229.572: [G1Ergonomics (Concurrent Cycles) request concurrent cycle initiation, reason: requested by GC cause, GC cause: G1 Humongous Allocation]
 229.572: [G1Ergonomics (Concurrent Cycles) initiate concurrent cycle, reason: concurrent cycle initiation requested]
2017-11-17T22:07:21.652+0800: 229.572: [GC pause (G1 Humongous Allocation) (young) (initial-mark) 229.573: [G1Ergonomics (CSet Construction) start choosing CSet, _pending_cards: 13277, predicted base time: 50.01 ms, remaining time: 149.99 ms, target pause time: 200.00 ms]
 229.573: [G1Ergonomics (CSet Construction) add young regions to CSet, eden: 84 regions, survivors: 5 regions, predicted young region time: 1.75 ms]
 229.573: [G1Ergonomics (CSet Construction) finish choosing CSet, eden: 84 regions, survivors: 5 regions, old: 0 regions, predicted pause time: 51.75 ms, target pause time: 200.00 ms]
, 0.0125442 secs]
   [Parallel Time: 5.8 ms, GC Workers: 8]
      [GC Worker Start (ms): Min: 229573.2, Avg: 229573.6, Max: 229574.1, Diff: 0.9]
      [Ext Root Scanning (ms): Min: 1.4, Avg: 2.7, Max: 4.6, Diff: 3.3, Sum: 21.3]
      [Update RS (ms): Min: 0.0, Avg: 1.6, Max: 2.5, Diff: 2.5, Sum: 12.6]
         [Processed Buffers: Min: 0, Avg: 7.1, Max: 14, Diff: 14, Sum: 57]
      [Scan RS (ms): Min: 0.0, Avg: 0.1, Max: 0.3, Diff: 0.3, Sum: 1.0]
      [Code Root Scanning (ms): Min: 0.0, Avg: 0.1, Max: 0.3, Diff: 0.3, Sum: 0.6]
      [Object Copy (ms): Min: 0.0, Avg: 0.6, Max: 1.2, Diff: 1.2, Sum: 5.0]
      [Termination (ms): Min: 0.0, Avg: 0.1, Max: 0.2, Diff: 0.2, Sum: 0.8]
         [Termination Attempts: Min: 1, Avg: 1.0, Max: 1, Diff: 0, Sum: 8]
      [GC Worker Other (ms): Min: 0.0, Avg: 0.0, Max: 0.0, Diff: 0.0, Sum: 0.1]
      [GC Worker Total (ms): Min: 4.6, Avg: 5.2, Max: 5.6, Diff: 1.0, Sum: 41.5]
      [GC Worker End (ms): Min: 229578.7, Avg: 229578.7, Max: 229578.8, Diff: 0.0]
   [Code Root Fixup: 0.1 ms]
   [Code Root Purge: 0.0 ms]
   [Clear CT: 0.3 ms]
   [Other: 6.3 ms]
      [Choose CSet: 0.0 ms]
      [Ref Proc: 2.1 ms]
      [Ref Enq: 0.0 ms]
      [Redirty Cards: 0.8 ms]
      [Humongous Register: 0.1 ms]
      [Humongous Reclaim: 1.0 ms]
      [Free CSet: 0.3 ms]
   [Eden: 84.0M(314.0M)->0.0B(1636.0M) Survivors: 5120.0K->3072.0K Heap: 3140.8M(6384.0M)->2638.9M(6384.0M)]
 [Times: user=0.04 sys=0.00, real=0.02 secs]
         vmop                    [threads: total initially_running wait_to_block]    [time: spin block sync cleanup vmop] page_trap_count
229.572: G1IncCollectionPause             [      32          0              1    ]      [     0     0     0     0    12    ]  0
2017-11-17T22:07:21.664+0800: 229.585: [GC concurrent-root-region-scan-start]
2017-11-17T22:07:21.664+0800: 229.585: Total time for which application threads were stopped: 0.0131931 seconds, Stopping threads took: 0.0001674 seconds
2017-11-17T22:07:21.667+0800: 229.588: [GC concurrent-root-region-scan-end, 0.0028223 secs]
2017-11-17T22:07:21.667+0800: 229.588: [GC concurrent-mark-start]
2017-11-17T22:07:23.134+0800: 231.054: [GC concurrent-mark-end, 1.4666740 secs]
2017-11-17T22:07:23.134+0800: 231.055: [GC remark 2017-11-17T22:07:23.134+0800: 231.055: [Finalize Marking, 0.0007409 secs] 2017-11-17T22:07:23.135+0800: 231.056: [GC ref-proc, 0.0001673 secs] 2017-11-17T22:07:23.135+0800: 231.056: [Unloading, 0.0064074 secs], 0.0181686 secs]
 [Times: user=0.06 sys=0.00, real=0.02 secs]
         vmop                    [threads: total initially_running wait_to_block]    [time: spin block sync cleanup vmop] page_trap_count
231.055: CGC_Operation                    [      32          0              0    ]      [     0     0     0     0    18    ]  0
2017-11-17T22:07:23.153+0800: 231.073: Total time for which application threads were stopped: 0.0184836 seconds, Stopping threads took: 0.0000676 seconds
2017-11-17T22:07:23.153+0800: 231.073: [GC cleanup 3138M->3138M(6384M), 0.0050982 secs]
 [Times: user=0.02 sys=0.00, real=0.00 secs]
         vmop                    [threads: total initially_running wait_to_block]    [time: spin block sync cleanup vmop] page_trap_count
231.073: CGC_Operation                    [      32          0              0    ]      [     0     0     0     0     5    ]  0
2017-11-17T22:07:23.158+0800: 231.079: Total time for which application threads were stopped: 0.0053733 seconds, Stopping threads took: 0.0000494 seconds
 231.382: [G1Ergonomics (Concurrent Cycles) do not request concurrent cycle initiation, reason: still doing mixed collections, occupancy: 3282042880 bytes, allocation request: 437491632 bytes, threshold: 3012349095 bytes (45.00 %), source: concurrent humongous allocation]
         vmop                    [threads: total initially_running wait_to_block]    [time: spin block sync cleanup vmop] page_trap_count
232.079: no vm operation                  [      32          0              0    ]      [     0     0     0     0     0    ]  0
2017-11-17T22:07:24.158+0800: 232.079: Total time for which application threads were stopped: 0.0002208 seconds, Stopping threads took: 0.0000636 seconds
 232.914: [G1Ergonomics (Concurrent Cycles) do not request concurrent cycle initiation, reason: still doing mixed collections, occupancy: 3720347648 bytes, allocation request: 437491632 bytes, threshold: 3012349095 bytes (45.00 %), source: concurrent humongous allocation]
         vmop                    [threads: total initially_running wait_to_block]    [time: spin block sync cleanup vmop] page_trap_count
233.079: no vm operation                  [      32          0              0    ]      [     0     0     0     0     0    ]  0
2017-11-17T22:07:25.159+0800: 233.079: Total time for which application threads were stopped: 0.0002595 seconds, Stopping threads took: 0.0000576 seconds
         vmop                    [threads: total initially_running wait_to_block]    [time: spin block sync cleanup vmop] page_trap_count
234.079: no vm operation                  [      32          0              0    ]      [     0     0     0     0     0    ]  0
2017-11-17T22:07:26.159+0800: 234.080: Total time for which application threads were stopped: 0.0002283 seconds, Stopping threads took: 0.0000493 seconds
 234.661: [G1Ergonomics (Concurrent Cycles) do not request concurrent cycle initiation, reason: still doing mixed collections, occupancy: 4158652416 bytes, allocation request: 437491632 bytes, threshold: 3012349095 bytes (45.00 %), source: concurrent humongous allocation]
         vmop                    [threads: total initially_running wait_to_block]    [time: spin block sync cleanup vmop] page_trap_count
235.080: no vm operation                  [      32          1              1    ]      [     5     0     5     0     0    ]  1
2017-11-17T22:07:27.165+0800: 235.086: Total time for which application threads were stopped: 0.0058806 seconds, Stopping threads took: 0.0056791 seconds
         vmop                    [threads: total initially_running wait_to_block]    [time: spin block sync cleanup vmop] page_trap_count
236.086: no vm operation                  [      32          0              0    ]      [     0     0     0     0     0    ]  0
2017-11-17T22:07:28.165+0800: 236.086: Total time for which application threads were stopped: 0.0002524 seconds, Stopping threads took: 0.0000733 seconds
 236.979: [G1Ergonomics (Concurrent Cycles) do not request concurrent cycle initiation, reason: still doing mixed collections, occupancy: 4596957184 bytes, allocation request: 437491632 bytes, threshold: 3012349095 bytes (45.00 %), source: concurrent humongous allocation]
         vmop                    [threads: total initially_running wait_to_block]    [time: spin block sync cleanup vmop] page_trap_count
237.086: no vm operation                  [      32          0              0    ]      [     0     0     0     0     0    ]  0
2017-11-17T22:07:29.166+0800: 237.087: Total time for which application threads were stopped: 0.0005530 seconds, Stopping threads took: 0.0000951 seconds
         vmop                    [threads: total initially_running wait_to_block]    [time: spin block sync cleanup vmop] page_trap_count
237.712: RevokeBias                       [      32          0              0    ]      [     0     0     0     0     0    ]  0
2017-11-17T22:07:29.792+0800: 237.712: Total time for which application threads were stopped: 0.0002340 seconds, Stopping threads took: 0.0000564 seconds
 237.713: [G1Ergonomics (Concurrent Cycles) do not request concurrent cycle initiation, reason: still doing mixed collections, occupancy: 5035261952 bytes, allocation request: 437491632 bytes, threshold: 3012349095 bytes (45.00 %), source: concurrent humongous allocation]
 238.610: [G1Ergonomics (Concurrent Cycles) do not request concurrent cycle initiation, reason: still doing mixed collections, occupancy: 5473566720 bytes, allocation request: 437491632 bytes, threshold: 3012349095 bytes (45.00 %), source: concurrent humongous allocation]
2017-11-17T22:07:30.690+0800: 238.611: [GC pause (G1 Humongous Allocation) (young) 238.611: [G1Ergonomics (CSet Construction) start choosing CSet, _pending_cards: 14596, predicted base time: 42.14 ms, remaining time: 157.86 ms, target pause time: 200.00 ms]
 238.611: [G1Ergonomics (CSet Construction) add young regions to CSet, eden: 334 regions, survivors: 3 regions, predicted young region time: 3.84 ms]
 238.611: [G1Ergonomics (CSet Construction) finish choosing CSet, eden: 334 regions, survivors: 3 regions, old: 0 regions, predicted pause time: 45.98 ms, target pause time: 200.00 ms]
 238.621: [G1Ergonomics (Concurrent Cycles) do not request concurrent cycle initiation, reason: still doing mixed collections, occupancy: 3720347648 bytes, allocation request: 0 bytes, threshold: 3012349095 bytes (45.00 %), source: end of GC]
 238.621: [G1Ergonomics (Mixed GCs) do not start mixed GCs, reason: reclaimable percentage not over threshold, candidate old regions: 297 regions, reclaimable: 106492200 bytes (1.59 %), threshold: 5.00 %]
, 0.0108127 secs]
   [Parallel Time: 5.0 ms, GC Workers: 8]
      [GC Worker Start (ms): Min: 238611.0, Avg: 238611.6, Max: 238615.7, Diff: 4.7]
      [Ext Root Scanning (ms): Min: 0.0, Avg: 0.6, Max: 1.1, Diff: 1.1, Sum: 4.8]
      [Update RS (ms): Min: 0.0, Avg: 2.3, Max: 2.7, Diff: 2.7, Sum: 18.4]
         [Processed Buffers: Min: 0, Avg: 8.6, Max: 15, Diff: 15, Sum: 69]
      [Scan RS (ms): Min: 0.0, Avg: 0.1, Max: 0.2, Diff: 0.1, Sum: 0.7]
      [Code Root Scanning (ms): Min: 0.0, Avg: 0.1, Max: 0.2, Diff: 0.2, Sum: 0.5]
      [Object Copy (ms): Min: 0.0, Avg: 0.9, Max: 1.1, Diff: 1.1, Sum: 7.0]
      [Termination (ms): Min: 0.0, Avg: 0.1, Max: 0.2, Diff: 0.2, Sum: 1.0]
         [Termination Attempts: Min: 1, Avg: 1.8, Max: 4, Diff: 3, Sum: 14]
      [GC Worker Other (ms): Min: 0.0, Avg: 0.0, Max: 0.0, Diff: 0.0, Sum: 0.1]
      [GC Worker Total (ms): Min: 0.0, Avg: 4.1, Max: 4.7, Diff: 4.7, Sum: 32.4]
      [GC Worker End (ms): Min: 238615.7, Avg: 238615.7, Max: 238615.7, Diff: 0.0]
   [Code Root Fixup: 0.1 ms]
   [Code Root Purge: 0.0 ms]
   [Clear CT: 0.4 ms]
   [Other: 5.4 ms]
      [Choose CSet: 0.0 ms]
      [Ref Proc: 0.9 ms]
      [Ref Enq: 0.0 ms]
      [Redirty Cards: 0.3 ms]
      [Humongous Register: 0.3 ms]
      [Humongous Reclaim: 3.0 ms]
      [Free CSet: 0.6 ms]
   [Eden: 334.0M(1636.0M)->0.0B(2038.0M) Survivors: 3072.0K->3072.0K Heap: 5475.9M(6384.0M)->3473.3M(6384.0M)]
 [Times: user=0.04 sys=0.00, real=0.02 secs]
 238.622: [G1Ergonomics (Concurrent Cycles) request concurrent cycle initiation, reason: occupancy higher than threshold, occupancy: 4158652416 bytes, allocation request: 0 bytes, threshold: 3012349095 bytes (45.00 %), source: STW humongous allocation]
         vmop                    [threads: total initially_running wait_to_block]    [time: spin block sync cleanup vmop] page_trap_count
238.610: G1IncCollectionPause             [      32          0              0    ]      [     0     0     0     0    11    ]  0
2017-11-17T22:07:30.701+0800: 238.622: Total time for which application threads were stopped: 0.0116832 seconds, Stopping threads took: 0.0000692 seconds
         vmop                    [threads: total initially_running wait_to_block]    [time: spin block sync cleanup vmop] page_trap_count
238.622: RevokeBias                       [      32          0              1    ]      [     0    71    72     0     0    ]  0
2017-11-17T22:07:30.774+0800: 238.694: Total time for which application threads were stopped: 0.0723197 seconds, Stopping threads took: 0.0720497 seconds
 239.436: [G1Ergonomics (Concurrent Cycles) request concurrent cycle initiation, reason: occupancy higher than threshold, occupancy: 4158652416 bytes, allocation request: 437491632 bytes, threshold: 3012349095 bytes (45.00 %), source: concurrent humongous allocation]
 239.437: [G1Ergonomics (Concurrent Cycles) request concurrent cycle initiation, reason: requested by GC cause, GC cause: G1 Humongous Allocation]
 239.437: [G1Ergonomics (Concurrent Cycles) initiate concurrent cycle, reason: concurrent cycle initiation requested]
2017-11-17T22:07:31.516+0800: 239.437: [GC pause (G1 Humongous Allocation) (young) (initial-mark) 239.437: [G1Ergonomics (CSet Construction) start choosing CSet, _pending_cards: 15831, predicted base time: 35.39 ms, remaining time: 164.61 ms, target pause time: 200.00 ms]
 239.437: [G1Ergonomics (CSet Construction) add young regions to CSet, eden: 1 regions, survivors: 3 regions, predicted young region time: 0.15 ms]
 239.437: [G1Ergonomics (CSet Construction) finish choosing CSet, eden: 1 regions, survivors: 3 regions, old: 0 regions, predicted pause time: 35.54 ms, target pause time: 200.00 ms]
, 0.0090336 secs]
   [Parallel Time: 5.3 ms, GC Workers: 8]
      [GC Worker Start (ms): Min: 239437.7, Avg: 239437.9, Max: 239438.5, Diff: 0.8]
      [Ext Root Scanning (ms): Min: 1.1, Avg: 1.6, Max: 4.4, Diff: 3.3, Sum: 13.0]
      [Update RS (ms): Min: 0.0, Avg: 2.5, Max: 2.9, Diff: 2.9, Sum: 19.8]
         [Processed Buffers: Min: 0, Avg: 8.4, Max: 13, Diff: 13, Sum: 67]
      [Scan RS (ms): Min: 0.0, Avg: 0.0, Max: 0.0, Diff: 0.0, Sum: 0.1]
      [Code Root Scanning (ms): Min: 0.0, Avg: 0.1, Max: 0.2, Diff: 0.2, Sum: 0.4]
      [Object Copy (ms): Min: 0.0, Avg: 0.8, Max: 1.0, Diff: 1.0, Sum: 6.1]
      [Termination (ms): Min: 0.0, Avg: 0.1, Max: 0.1, Diff: 0.1, Sum: 0.8]
         [Termination Attempts: Min: 1, Avg: 1.0, Max: 1, Diff: 0, Sum: 8]
      [GC Worker Other (ms): Min: 0.0, Avg: 0.0, Max: 0.0, Diff: 0.0, Sum: 0.1]
      [GC Worker Total (ms): Min: 4.4, Avg: 5.0, Max: 5.2, Diff: 0.8, Sum: 40.3]
      [GC Worker End (ms): Min: 239442.9, Avg: 239443.0, Max: 239443.0, Diff: 0.0]
   [Code Root Fixup: 0.1 ms]
   [Code Root Purge: 0.0 ms]
   [Clear CT: 0.3 ms]
   [Other: 3.3 ms]
      [Choose CSet: 0.0 ms]
      [Ref Proc: 0.5 ms]
      [Ref Enq: 0.0 ms]
      [Redirty Cards: 0.3 ms]
      [Humongous Register: 0.1 ms]
      [Humongous Reclaim: 0.8 ms]
      [Free CSet: 0.1 ms]
   [Eden: 1024.0K(2038.0M)->0.0B(2036.0M) Survivors: 3072.0K->3072.0K Heap: 3891.5M(6384.0M)->3473.3M(6384.0M)]
 [Times: user=0.04 sys=0.00, real=0.01 secs]
         vmop                    [threads: total initially_running wait_to_block]    [time: spin block sync cleanup vmop] page_trap_count
239.437: G1IncCollectionPause             [      32          0              0    ]      [     0     0     0     0     9    ]  0
2017-11-17T22:07:31.525+0800: 239.446: [GC concurrent-root-region-scan-start]
2017-11-17T22:07:31.526+0800: 239.446: Total time for which application threads were stopped: 0.0094523 seconds, Stopping threads took: 0.0000465 seconds
2017-11-17T22:07:31.528+0800: 239.449: [GC concurrent-root-region-scan-end, 0.0027009 secs]
2017-11-17T22:07:31.528+0800: 239.449: [GC concurrent-mark-start]
         vmop                    [threads: total initially_running wait_to_block]    [time: spin block sync cleanup vmop] page_trap_count
240.282: RevokeBias                       [      32          0              1    ]      [     0     0     0     0     0    ]  0
2017-11-17T22:07:32.362+0800: 240.283: Total time for which application threads were stopped: 0.0003020 seconds, Stopping threads took: 0.0001179 seconds
2017-11-17T22:07:32.664+0800: 240.585: [GC concurrent-mark-end, 1.1358362 secs]
2017-11-17T22:07:32.664+0800: 240.585: [GC remark 2017-11-17T22:07:32.664+0800: 240.585: [Finalize Marking, 0.0092959 secs] 2017-11-17T22:07:32.674+0800: 240.594: [GC ref-proc, 0.0001636 secs] 2017-11-17T22:07:32.674+0800: 240.594: [Unloading, 0.0057344 secs], 0.0250278 secs]
 [Times: user=0.09 sys=0.00, real=0.02 secs]
         vmop                    [threads: total initially_running wait_to_block]    [time: spin block sync cleanup vmop] page_trap_count
240.585: CGC_Operation                    [      32          0              0    ]      [     0     0     0     0    25    ]  0
2017-11-17T22:07:32.690+0800: 240.610: Total time for which application threads were stopped: 0.0253464 seconds, Stopping threads took: 0.0000681 seconds
2017-11-17T22:07:32.690+0800: 240.611: [GC cleanup 4309M->4309M(6384M), 0.0049417 secs]
 [Times: user=0.02 sys=0.00, real=0.01 secs]
         vmop                    [threads: total initially_running wait_to_block]    [time: spin block sync cleanup vmop] page_trap_count
240.610: CGC_Operation                    [      32          0              1    ]      [     0     0     0     0     4    ]  0
2017-11-17T22:07:32.695+0800: 240.616: Total time for which application threads were stopped: 0.0052725 seconds, Stopping threads took: 0.0001473 seconds
         vmop                    [threads: total initially_running wait_to_block]    [time: spin block sync cleanup vmop] page_trap_count
241.004: RevokeBias                       [      32          0              0    ]      [     0     0     0     0     0    ]  0
2017-11-17T22:07:33.083+0800: 241.004: Total time for which application threads were stopped: 0.0002242 seconds, Stopping threads took: 0.0000545 seconds
 241.005: [G1Ergonomics (Concurrent Cycles) do not request concurrent cycle initiation, reason: still doing mixed collections, occupancy: 4596957184 bytes, allocation request: 437491632 bytes, threshold: 3012349095 bytes (45.00 %), source: concurrent humongous allocation]
 241.752: [G1Ergonomics (Concurrent Cycles) do not request concurrent cycle initiation, reason: still doing mixed collections, occupancy: 5035261952 bytes, allocation request: 437491632 bytes, threshold: 3012349095 bytes (45.00 %), source: concurrent humongous allocation]
 242.521: [G1Ergonomics (Concurrent Cycles) do not request concurrent cycle initiation, reason: still doing mixed collections, occupancy: 5473566720 bytes, allocation request: 437491632 bytes, threshold: 3012349095 bytes (45.00 %), source: concurrent humongous allocation]
 243.227: [G1Ergonomics (Concurrent Cycles) do not request concurrent cycle initiation, reason: still doing mixed collections, occupancy: 5911871488 bytes, allocation request: 437491632 bytes, threshold: 3012349095 bytes (45.00 %), source: concurrent humongous allocation]
2017-11-17T22:07:35.308+0800: 243.229: [GC pause (G1 Humongous Allocation) (young) 243.238: [G1Ergonomics (CSet Construction) start choosing CSet, _pending_cards: 871800, predicted base time: 362.55 ms, remaining time: 0.00 ms, target pause time: 200.00 ms]
 243.238: [G1Ergonomics (CSet Construction) add young regions to CSet, eden: 2 regions, survivors: 3 regions, predicted young region time: 0.19 ms]
 243.238: [G1Ergonomics (CSet Construction) finish choosing CSet, eden: 2 regions, survivors: 3 regions, old: 0 regions, predicted pause time: 362.74 ms, target pause time: 200.00 ms]
 243.381: [G1Ergonomics (Concurrent Cycles) do not request concurrent cycle initiation, reason: still doing mixed collections, occupancy: 3720347648 bytes, allocation request: 0 bytes, threshold: 3012349095 bytes (45.00 %), source: end of GC]
 243.381: [G1Ergonomics (Mixed GCs) do not start mixed GCs, reason: reclaimable percentage not over threshold, candidate old regions: 297 regions, reclaimable: 106492272 bytes (1.59 %), threshold: 5.00 %]
, 0.1526849 secs]
   [Parallel Time: 137.7 ms, GC Workers: 8]
      [GC Worker Start (ms): Min: 243238.3, Avg: 243240.2, Max: 243252.9, Diff: 14.6]
      [Ext Root Scanning (ms): Min: 0.0, Avg: 0.6, Max: 1.2, Diff: 1.2, Sum: 4.9]
      [Update RS (ms): Min: 121.5, Avg: 133.7, Max: 136.5, Diff: 15.0, Sum: 1069.7]
         [Processed Buffers: Min: 221, Avg: 426.5, Max: 628, Diff: 407, Sum: 3412]
      [Scan RS (ms): Min: 0.0, Avg: 0.0, Max: 0.0, Diff: 0.0, Sum: 0.1]
      [Code Root Scanning (ms): Min: 0.0, Avg: 0.1, Max: 0.2, Diff: 0.2, Sum: 0.5]
      [Object Copy (ms): Min: 0.1, Avg: 0.9, Max: 1.1, Diff: 1.0, Sum: 7.2]
      [Termination (ms): Min: 0.0, Avg: 0.2, Max: 0.2, Diff: 0.2, Sum: 1.3]
         [Termination Attempts: Min: 1, Avg: 1.1, Max: 2, Diff: 1, Sum: 9]
      [GC Worker Other (ms): Min: 0.0, Avg: 0.0, Max: 0.0, Diff: 0.0, Sum: 0.1]
      [GC Worker Total (ms): Min: 122.8, Avg: 135.5, Max: 137.4, Diff: 14.6, Sum: 1083.8]
      [GC Worker End (ms): Min: 243375.7, Avg: 243375.7, Max: 243375.7, Diff: 0.0]
   [Code Root Fixup: 0.1 ms]
   [Code Root Purge: 0.0 ms]
   [Clear CT: 0.4 ms]
   [Other: 14.5 ms]
      [Choose CSet: 0.0 ms]
      [Ref Proc: 0.5 ms]
      [Ref Enq: 0.0 ms]
      [Redirty Cards: 0.3 ms]
      [Humongous Register: 0.3 ms]
      [Humongous Reclaim: 3.6 ms]
      [Free CSet: 0.1 ms]
   [Eden: 2048.0K(2036.0M)->0.0B(385.0M) Survivors: 3072.0K->4096.0K Heap: 5561.4M(6384.0M)->3473.8M(6384.0M)]
 [Times: user=0.96 sys=0.01, real=0.16 secs]
 243.382: [G1Ergonomics (Concurrent Cycles) request concurrent cycle initiation, reason: occupancy higher than threshold, occupancy: 4158652416 bytes, allocation request: 0 bytes, threshold: 3012349095 bytes (45.00 %), source: STW humongous allocation]
         vmop                    [threads: total initially_running wait_to_block]    [time: spin block sync cleanup vmop] page_trap_count
243.228: G1IncCollectionPause             [      32          0              0    ]      [     0     0     0     0   153    ]  0
2017-11-17T22:07:35.461+0800: 243.382: Total time for which application threads were stopped: 0.1538029 seconds, Stopping threads took: 0.0000585 seconds
         vmop                    [threads: total initially_running wait_to_block]    [time: spin block sync cleanup vmop] page_trap_count
243.742: RevokeBias                       [      32          0              0    ]      [     0     0     0     0     0    ]  0
2017-11-17T22:07:35.822+0800: 243.742: Total time for which application threads were stopped: 0.0002768 seconds, Stopping threads took: 0.0000568 seconds
         vmop                    [threads: total initially_running wait_to_block]    [time: spin block sync cleanup vmop] page_trap_count
243.743: RevokeBias                       [      32          0              1    ]      [     0     0     0     0     0    ]  0
2017-11-17T22:07:35.823+0800: 243.743: Total time for which application threads were stopped: 0.0003744 seconds, Stopping threads took: 0.0002026 seconds
 244.218: [G1Ergonomics (Concurrent Cycles) request concurrent cycle initiation, reason: occupancy higher than threshold, occupancy: 4158652416 bytes, allocation request: 437491632 bytes, threshold: 3012349095 bytes (45.00 %), source: concurrent humongous allocation]
 244.218: [G1Ergonomics (Concurrent Cycles) request concurrent cycle initiation, reason: requested by GC cause, GC cause: G1 Humongous Allocation]
 244.218: [G1Ergonomics (Concurrent Cycles) initiate concurrent cycle, reason: concurrent cycle initiation requested]
2017-11-17T22:07:36.298+0800: 244.219: [GC pause (G1 Humongous Allocation) (young) (initial-mark) 244.219: [G1Ergonomics (CSet Construction) start choosing CSet, _pending_cards: 15579, predicted base time: 25.24 ms, remaining time: 174.76 ms, target pause time: 200.00 ms]
 244.219: [G1Ergonomics (CSet Construction) add young regions to CSet, eden: 2 regions, survivors: 4 regions, predicted young region time: 0.20 ms]
 244.219: [G1Ergonomics (CSet Construction) finish choosing CSet, eden: 2 regions, survivors: 4 regions, old: 0 regions, predicted pause time: 25.45 ms, target pause time: 200.00 ms]
, 0.0332907 secs]
   [Parallel Time: 28.0 ms, GC Workers: 8]
      [GC Worker Start (ms): Min: 244219.6, Avg: 244220.2, Max: 244220.7, Diff: 1.1]
      [Ext Root Scanning (ms): Min: 1.3, Avg: 4.8, Max: 7.3, Diff: 6.1, Sum: 38.2]
      [Update RS (ms): Min: 0.0, Avg: 4.5, Max: 26.1, Diff: 26.1, Sum: 35.7]
         [Processed Buffers: Min: 0, Avg: 8.5, Max: 25, Diff: 25, Sum: 68]
      [Scan RS (ms): Min: 0.0, Avg: 0.0, Max: 0.0, Diff: 0.0, Sum: 0.0]
      [Code Root Scanning (ms): Min: 0.0, Avg: 0.1, Max: 0.2, Diff: 0.2, Sum: 0.4]
      [Object Copy (ms): Min: 0.0, Avg: 0.8, Max: 2.1, Diff: 2.1, Sum: 6.1]
      [Termination (ms): Min: 0.0, Avg: 17.1, Max: 19.7, Diff: 19.7, Sum: 136.5]
         [Termination Attempts: Min: 1, Avg: 1.5, Max: 3, Diff: 2, Sum: 12]
      [GC Worker Other (ms): Min: 0.0, Avg: 0.0, Max: 0.0, Diff: 0.0, Sum: 0.1]
      [GC Worker Total (ms): Min: 26.6, Avg: 27.1, Max: 27.7, Diff: 1.1, Sum: 217.0]
      [GC Worker End (ms): Min: 244247.3, Avg: 244247.3, Max: 244247.3, Diff: 0.1]
   [Code Root Fixup: 0.1 ms]
   [Code Root Purge: 0.0 ms]
   [Clear CT: 0.4 ms]
   [Other: 4.8 ms]
      [Choose CSet: 0.0 ms]
      [Ref Proc: 0.7 ms]
      [Ref Enq: 0.0 ms]
      [Redirty Cards: 0.3 ms]
      [Humongous Register: 0.2 ms]
      [Humongous Reclaim: 1.3 ms]
      [Free CSet: 0.2 ms]
   [Eden: 2048.0K(385.0M)->0.0B(1629.0M) Survivors: 4096.0K->3072.0K Heap: 3892.1M(6384.0M)->3472.7M(6384.0M)]
 [Times: user=0.08 sys=0.00, real=0.03 secs]
         vmop                    [threads: total initially_running wait_to_block]    [time: spin block sync cleanup vmop] page_trap_count
244.218: G1IncCollectionPause             [      32          0              0    ]      [     0     0     0     0    33    ]  0
2017-11-17T22:07:36.332+0800: 244.252: [GC concurrent-root-region-scan-start]
2017-11-17T22:07:36.332+0800: 244.252: Total time for which application threads were stopped: 0.0338718 seconds, Stopping threads took: 0.0000712 seconds
2017-11-17T22:07:36.334+0800: 244.254: [GC concurrent-root-region-scan-end, 0.0022536 secs]
2017-11-17T22:07:36.334+0800: 244.254: [GC concurrent-mark-start]
2017-11-17T22:07:37.478+0800: 245.399: [GC concurrent-mark-end, 1.1445226 secs]
2017-11-17T22:07:37.479+0800: 245.399: [GC remark 2017-11-17T22:07:37.479+0800: 245.399: [Finalize Marking, 0.0119294 secs] 2017-11-17T22:07:37.491+0800: 245.411: [GC ref-proc, 0.0001763 secs] 2017-11-17T22:07:37.491+0800: 245.411: [Unloading, 0.0068622 secs], 0.0281357 secs]
 [Times: user=0.09 sys=0.00, real=0.03 secs]
         vmop                    [threads: total initially_running wait_to_block]    [time: spin block sync cleanup vmop] page_trap_count
245.399: CGC_Operation                    [      32          0              0    ]      [     0     0     0     0    28    ]  0
2017-11-17T22:07:37.507+0800: 245.428: Total time for which application threads were stopped: 0.0284727 seconds, Stopping threads took: 0.0000872 seconds
2017-11-17T22:07:37.507+0800: 245.428: [GC cleanup 4307M->4307M(6384M), 0.0048214 secs]
 [Times: user=0.02 sys=0.00, real=0.00 secs]
         vmop                    [threads: total initially_running wait_to_block]    [time: spin block sync cleanup vmop] page_trap_count
245.428: CGC_Operation                    [      32          1              0    ]      [     0     0     0     0     4    ]  0
2017-11-17T22:07:37.512+0800: 245.433: Total time for which application threads were stopped: 0.0050737 seconds, Stopping threads took: 0.0000915 seconds
 245.924: [G1Ergonomics (Concurrent Cycles) do not request concurrent cycle initiation, reason: still doing mixed collections, occupancy: 4596957184 bytes, allocation request: 437491632 bytes, threshold: 3012349095 bytes (45.00 %), source: concurrent humongous allocation]
 246.671: [G1Ergonomics (Concurrent Cycles) do not request concurrent cycle initiation, reason: still doing mixed collections, occupancy: 5035261952 bytes, allocation request: 437491632 bytes, threshold: 3012349095 bytes (45.00 %), source: concurrent humongous allocation]
 247.514: [G1Ergonomics (Concurrent Cycles) do not request concurrent cycle initiation, reason: still doing mixed collections, occupancy: 5473566720 bytes, allocation request: 437491632 bytes, threshold: 3012349095 bytes (45.00 %), source: concurrent humongous allocation]
         vmop                    [threads: total initially_running wait_to_block]    [time: spin block sync cleanup vmop] page_trap_count
248.219: RevokeBias                       [      32          0              0    ]      [     0     0     0     0     0    ]  0
2017-11-17T22:07:40.299+0800: 248.219: Total time for which application threads were stopped: 0.0001989 seconds, Stopping threads took: 0.0000476 seconds
 248.288: [G1Ergonomics (Concurrent Cycles) do not request concurrent cycle initiation, reason: still doing mixed collections, occupancy: 5911871488 bytes, allocation request: 659984 bytes, threshold: 3012349095 bytes (45.00 %), source: concurrent humongous allocation]
 248.289: [G1Ergonomics (Concurrent Cycles) do not request concurrent cycle initiation, reason: still doing mixed collections, occupancy: 5912920064 bytes, allocation request: 1319952 bytes, threshold: 3012349095 bytes (45.00 %), source: concurrent humongous allocation]
 248.290: [G1Ergonomics (Concurrent Cycles) do not request concurrent cycle initiation, reason: still doing mixed collections, occupancy: 5915017216 bytes, allocation request: 2639888 bytes, threshold: 3012349095 bytes (45.00 %), source: concurrent humongous allocation]
 248.314: [G1Ergonomics (Concurrent Cycles) do not request concurrent cycle initiation, reason: still doing mixed collections, occupancy: 5918162944 bytes, allocation request: 5279760 bytes, threshold: 3012349095 bytes (45.00 %), source: concurrent humongous allocation]
 248.318: [G1Ergonomics (Concurrent Cycles) do not request concurrent cycle initiation, reason: still doing mixed collections, occupancy: 5924454400 bytes, allocation request: 10559504 bytes, threshold: 3012349095 bytes (45.00 %), source: concurrent humongous allocation]
 248.345: [G1Ergonomics (Concurrent Cycles) do not request concurrent cycle initiation, reason: still doing mixed collections, occupancy: 5935988736 bytes, allocation request: 21118992 bytes, threshold: 3012349095 bytes (45.00 %), source: concurrent humongous allocation]
 248.369: [G1Ergonomics (Concurrent Cycles) do not request concurrent cycle initiation, reason: still doing mixed collections, occupancy: 5958008832 bytes, allocation request: 42237968 bytes, threshold: 3012349095 bytes (45.00 %), source: concurrent humongous allocation]
 248.408: [G1Ergonomics (Concurrent Cycles) do not request concurrent cycle initiation, reason: still doing mixed collections, occupancy: 6001000448 bytes, allocation request: 84475920 bytes, threshold: 3012349095 bytes (45.00 %), source: concurrent humongous allocation]
 248.485: [G1Ergonomics (Concurrent Cycles) do not request concurrent cycle initiation, reason: still doing mixed collections, occupancy: 6085935104 bytes, allocation request: 168951824 bytes, threshold: 3012349095 bytes (45.00 %), source: concurrent humongous allocation]
 248.643: [G1Ergonomics (Concurrent Cycles) do not request concurrent cycle initiation, reason: still doing mixed collections, occupancy: 6255804416 bytes, allocation request: 337903632 bytes, threshold: 3012349095 bytes (45.00 %), source: concurrent humongous allocation]
2017-11-17T22:07:40.723+0800: 248.644: [GC pause (G1 Humongous Allocation) (young) 248.648: [G1Ergonomics (CSet Construction) start choosing CSet, _pending_cards: 346929, predicted base time: 139.35 ms, remaining time: 60.65 ms, target pause time: 200.00 ms]
 248.648: [G1Ergonomics (CSet Construction) add young regions to CSet, eden: 2 regions, survivors: 3 regions, predicted young region time: 0.18 ms]
 248.648: [G1Ergonomics (CSet Construction) finish choosing CSet, eden: 2 regions, survivors: 3 regions, old: 0 regions, predicted pause time: 139.53 ms, target pause time: 200.00 ms]
 248.683: [G1Ergonomics (Concurrent Cycles) do not request concurrent cycle initiation, reason: still doing mixed collections, occupancy: 3451912192 bytes, allocation request: 0 bytes, threshold: 3012349095 bytes (45.00 %), source: end of GC]
 248.683: [G1Ergonomics (Mixed GCs) do not start mixed GCs, reason: reclaimable percentage not over threshold, candidate old regions: 297 regions, reclaimable: 106492272 bytes (1.59 %), threshold: 5.00 %]
, 0.0392296 secs]
   [Parallel Time: 29.5 ms, GC Workers: 8]
      [GC Worker Start (ms): Min: 248648.1, Avg: 248648.3, Max: 248649.0, Diff: 0.8]
      [Ext Root Scanning (ms): Min: 0.1, Avg: 2.4, Max: 17.2, Diff: 17.1, Sum: 19.6]
      [Update RS (ms): Min: 11.1, Avg: 25.8, Max: 28.5, Diff: 17.4, Sum: 206.3]
         [Processed Buffers: Min: 64, Avg: 170.0, Max: 217, Diff: 153, Sum: 1360]
      [Scan RS (ms): Min: 0.0, Avg: 0.0, Max: 0.0, Diff: 0.0, Sum: 0.0]
      [Code Root Scanning (ms): Min: 0.0, Avg: 0.1, Max: 0.5, Diff: 0.5, Sum: 0.5]
      [Object Copy (ms): Min: 0.0, Avg: 0.8, Max: 1.0, Diff: 1.0, Sum: 6.0]
      [Termination (ms): Min: 0.0, Avg: 0.2, Max: 0.2, Diff: 0.2, Sum: 1.4]
         [Termination Attempts: Min: 1, Avg: 1.2, Max: 2, Diff: 1, Sum: 10]
      [GC Worker Other (ms): Min: 0.0, Avg: 0.0, Max: 0.0, Diff: 0.0, Sum: 0.1]
      [GC Worker Total (ms): Min: 28.6, Avg: 29.2, Max: 29.4, Diff: 0.8, Sum: 233.9]
      [GC Worker End (ms): Min: 248677.6, Avg: 248677.6, Max: 248677.6, Diff: 0.0]
   [Code Root Fixup: 0.1 ms]
   [Code Root Purge: 0.0 ms]
   [Clear CT: 0.3 ms]
   [Other: 9.4 ms]
      [Choose CSet: 0.0 ms]
      [Ref Proc: 0.3 ms]
      [Ref Enq: 0.0 ms]
      [Redirty Cards: 0.2 ms]
      [Humongous Register: 0.3 ms]
      [Humongous Reclaim: 4.1 ms]
      [Free CSet: 0.1 ms]
   [Eden: 2048.0K(1629.0M)->0.0B(2301.0M) Survivors: 3072.0K->3072.0K Heap: 5881.9M(6384.0M)->3217.1M(6384.0M)]
 [Times: user=0.21 sys=0.00, real=0.04 secs]
 248.683: [G1Ergonomics (Concurrent Cycles) request concurrent cycle initiation, reason: occupancy higher than threshold, occupancy: 3790602240 bytes, allocation request: 0 bytes, threshold: 3012349095 bytes (45.00 %), source: STW humongous allocation]
         vmop                    [threads: total initially_running wait_to_block]    [time: spin block sync cleanup vmop] page_trap_count
248.643: G1IncCollectionPause             [      32          0              0    ]      [     0     0     0     0    39    ]  0
2017-11-17T22:07:40.763+0800: 248.683: Total time for which application threads were stopped: 0.0400283 seconds, Stopping threads took: 0.0000506 seconds
 249.095: [G1Ergonomics (Concurrent Cycles) request concurrent cycle initiation, reason: occupancy higher than threshold, occupancy: 3790602240 bytes, allocation request: 675807248 bytes, threshold: 3012349095 bytes (45.00 %), source: concurrent humongous allocation]
 249.096: [G1Ergonomics (Concurrent Cycles) request concurrent cycle initiation, reason: requested by GC cause, GC cause: G1 Humongous Allocation]
 249.096: [G1Ergonomics (Concurrent Cycles) initiate concurrent cycle, reason: concurrent cycle initiation requested]
2017-11-17T22:07:41.175+0800: 249.096: [GC pause (G1 Humongous Allocation) (young) (initial-mark) 249.104: [G1Ergonomics (CSet Construction) start choosing CSet, _pending_cards: 661505, predicted base time: 206.78 ms, remaining time: 0.00 ms, target pause time: 200.00 ms]
 249.104: [G1Ergonomics (CSet Construction) add young regions to CSet, eden: 0 regions, survivors: 3 regions, predicted young region time: 0.12 ms]
 249.104: [G1Ergonomics (CSet Construction) finish choosing CSet, eden: 0 regions, survivors: 3 regions, old: 0 regions, predicted pause time: 206.90 ms, target pause time: 200.00 ms]
, 0.0817796 secs]
   [Parallel Time: 70.5 ms, GC Workers: 8]
      [GC Worker Start (ms): Min: 249103.9, Avg: 249104.1, Max: 249104.6, Diff: 0.7]
      [Ext Root Scanning (ms): Min: 1.2, Avg: 3.2, Max: 16.3, Diff: 15.1, Sum: 25.8]
      [Update RS (ms): Min: 51.5, Avg: 60.9, Max: 66.5, Diff: 15.0, Sum: 487.1]
         [Processed Buffers: Min: 250, Avg: 323.4, Max: 399, Diff: 149, Sum: 2587]
      [Scan RS (ms): Min: 0.0, Avg: 0.0, Max: 0.0, Diff: 0.0, Sum: 0.0]
      [Code Root Scanning (ms): Min: 0.0, Avg: 0.1, Max: 0.3, Diff: 0.3, Sum: 0.4]
      [Object Copy (ms): Min: 0.0, Avg: 0.8, Max: 3.1, Diff: 3.1, Sum: 6.3]
      [Termination (ms): Min: 0.0, Avg: 3.7, Max: 6.5, Diff: 6.5, Sum: 29.5]
         [Termination Attempts: Min: 1, Avg: 1.0, Max: 1, Diff: 0, Sum: 8]
      [GC Worker Other (ms): Min: 0.0, Avg: 0.0, Max: 0.0, Diff: 0.0, Sum: 0.1]
      [GC Worker Total (ms): Min: 67.9, Avg: 68.7, Max: 70.0, Diff: 2.2, Sum: 549.3]
      [GC Worker End (ms): Min: 249172.5, Avg: 249172.8, Max: 249174.1, Diff: 1.7]
   [Code Root Fixup: 0.1 ms]
   [Code Root Purge: 0.0 ms]
   [Clear CT: 0.2 ms]
   [Other: 10.9 ms]
      [Choose CSet: 0.0 ms]
      [Ref Proc: 0.4 ms]
      [Ref Enq: 0.0 ms]
      [Redirty Cards: 0.4 ms]
      [Humongous Register: 0.2 ms]
      [Humongous Reclaim: 0.7 ms]
      [Free CSet: 0.1 ms]
   [Eden: 0.0B(2301.0M)->0.0B(1536.0M) Survivors: 3072.0K->2048.0K Heap: 3539.3M(6384.0M)->3377.7M(6384.0M)]
 [Times: user=0.41 sys=0.00, real=0.08 secs]
         vmop                    [threads: total initially_running wait_to_block]    [time: spin block sync cleanup vmop] page_trap_count
249.096: G1IncCollectionPause             [      32          0              0    ]      [     0     0     0     0    82    ]  0
2017-11-17T22:07:41.257+0800: 249.178: [GC concurrent-root-region-scan-start]
2017-11-17T22:07:41.257+0800: 249.178: Total time for which application threads were stopped: 0.0823611 seconds, Stopping threads took: 0.0000592 seconds
2017-11-17T22:07:41.259+0800: 249.179: [GC concurrent-root-region-scan-end, 0.0014192 secs]
2017-11-17T22:07:41.259+0800: 249.179: [GC concurrent-mark-start]
2017-11-17T22:07:42.253+0800: 250.174: [GC concurrent-mark-end, 0.9944710 secs]
2017-11-17T22:07:42.253+0800: 250.174: [GC remark 2017-11-17T22:07:42.253+0800: 250.174: [Finalize Marking, 0.0195216 secs] 2017-11-17T22:07:42.273+0800: 250.193: [GC ref-proc, 0.0002645 secs] 2017-11-17T22:07:42.273+0800: 250.194: [Unloading, 0.0082983 secs], 0.0376368 secs]
 [Times: user=0.08 sys=0.00, real=0.03 secs]
         vmop                    [threads: total initially_running wait_to_block]    [time: spin block sync cleanup vmop] page_trap_count
250.174: CGC_Operation                    [      32          0              0    ]      [     0     0     0     0    37    ]  0
2017-11-17T22:07:42.291+0800: 250.212: Total time for which application threads were stopped: 0.0379021 seconds, Stopping threads took: 0.0000465 seconds
2017-11-17T22:07:42.291+0800: 250.212: [GC cleanup 5115M->5115M(6384M), 0.0063904 secs]
 [Times: user=0.01 sys=0.00, real=0.01 secs]
         vmop                    [threads: total initially_running wait_to_block]    [time: spin block sync cleanup vmop] page_trap_count
250.212: CGC_Operation                    [      32          0              0    ]      [     0     0     0     0     6    ]  0
2017-11-17T22:07:42.298+0800: 250.218: Total time for which application threads were stopped: 0.0066286 seconds, Stopping threads took: 0.0000454 seconds
         vmop                    [threads: total initially_running wait_to_block]    [time: spin block sync cleanup vmop] page_trap_count
260.219: no vm operation                  [      32          0              0    ]      [     0     0     0     0     0    ]  0
2017-11-17T22:07:52.299+0800: 260.220: Total time for which application threads were stopped: 0.0002114 seconds, Stopping threads took: 0.0000512 seconds
         vmop                    [threads: total initially_running wait_to_block]    [time: spin block sync cleanup vmop] page_trap_count
261.220: no vm operation                  [      32          0              0    ]      [     0     0     0     0     0    ]  0
2017-11-17T22:07:53.299+0800: 261.220: Total time for which application threads were stopped: 0.0002006 seconds, Stopping threads took: 0.0000464 seconds
         vmop                    [threads: total initially_running wait_to_block]    [time: spin block sync cleanup vmop] page_trap_count
268.220: no vm operation                  [      32          0              0    ]      [     0     0     0     0     0    ]  0
2017-11-17T22:08:00.300+0800: 268.221: Total time for which application threads were stopped: 0.0002342 seconds, Stopping threads took: 0.0000632 seconds
         vmop                    [threads: total initially_running wait_to_block]    [time: spin block sync cleanup vmop] page_trap_count
269.221: no vm operation                  [      32          0              0    ]      [     0     0     0     0     0    ]  0
2017-11-17T22:08:01.301+0800: 269.221: Total time for which application threads were stopped: 0.0002190 seconds, Stopping threads took: 0.0000379 seconds
         vmop                    [threads: total initially_running wait_to_block]    [time: spin block sync cleanup vmop] page_trap_count
271.116: RevokeBias                       [      32          0              0    ]      [     0     0     0     0     0    ]  0
2017-11-17T22:08:03.196+0800: 271.116: Total time for which application threads were stopped: 0.0002013 seconds, Stopping threads took: 0.0000638 seconds
         vmop                    [threads: total initially_running wait_to_block]    [time: spin block sync cleanup vmop] page_trap_count
271.181: RevokeBias                       [      32          0              0    ]      [     0     0     0     0     0    ]  0
2017-11-17T22:08:03.261+0800: 271.181: Total time for which application threads were stopped: 0.0002377 seconds, Stopping threads took: 0.0000652 seconds
         vmop                    [threads: total initially_running wait_to_block]    [time: spin block sync cleanup vmop] page_trap_count
273.181: no vm operation                  [      32          0              0    ]      [     0     0     0     0     0    ]  0
2017-11-17T22:08:05.261+0800: 273.181: Total time for which application threads were stopped: 0.0002300 seconds, Stopping threads took: 0.0000589 seconds
         vmop                    [threads: total initially_running wait_to_block]    [time: spin block sync cleanup vmop] page_trap_count
276.068: RevokeBias                       [      32          0              0    ]      [     0     0     0     0     0    ]  0
2017-11-17T22:08:08.148+0800: 276.068: Total time for which application threads were stopped: 0.0001976 seconds, Stopping threads took: 0.0000542 seconds
         vmop                    [threads: total initially_running wait_to_block]    [time: spin block sync cleanup vmop] page_trap_count
284.069: no vm operation                  [      31          0              0    ]      [     0     0     0     0     0    ]  0
2017-11-17T22:08:16.149+0800: 284.069: Total time for which application threads were stopped: 0.0002159 seconds, Stopping threads took: 0.0000602 seconds
         vmop                    [threads: total initially_running wait_to_block]    [time: spin block sync cleanup vmop] page_trap_count
287.564: RevokeBias                       [      31          0              0    ]      [     0     0     0     0     0    ]  0
2017-11-17T22:08:19.643+0800: 287.564: Total time for which application threads were stopped: 0.0002064 seconds, Stopping threads took: 0.0000504 seconds
         vmop                    [threads: total initially_running wait_to_block]    [time: spin block sync cleanup vmop] page_trap_count
288.564: no vm operation                  [      32          0              0    ]      [     0     0     0     0     0    ]  0
2017-11-17T22:08:20.644+0800: 288.564: Total time for which application threads were stopped: 0.0001604 seconds, Stopping threads took: 0.0000341 seconds
 292.833: [G1Ergonomics (Concurrent Cycles) do not request concurrent cycle initiation, reason: still doing mixed collections, occupancy: 5451546624 bytes, allocation request: 2140472 bytes, threshold: 3012349095 bytes (45.00 %), source: concurrent humongous allocation]
 292.833: [G1Ergonomics (Concurrent Cycles) do not request concurrent cycle initiation, reason: still doing mixed collections, occupancy: 5454692352 bytes, allocation request: 2140472 bytes, threshold: 3012349095 bytes (45.00 %), source: concurrent humongous allocation]
 292.839: [G1Ergonomics (Concurrent Cycles) do not request concurrent cycle initiation, reason: still doing mixed collections, occupancy: 5457838080 bytes, allocation request: 437499240 bytes, threshold: 3012349095 bytes (45.00 %), source: concurrent humongous allocation]
 293.311: [G1Ergonomics (Concurrent Cycles) do not request concurrent cycle initiation, reason: still doing mixed collections, occupancy: 5896142848 bytes, allocation request: 437491632 bytes, threshold: 3012349095 bytes (45.00 %), source: concurrent humongous allocation]
         vmop                    [threads: total initially_running wait_to_block]    [time: spin block sync cleanup vmop] page_trap_count
293.565: no vm operation                  [      32          1              1    ]      [     8     0     8     0     0    ]  1
2017-11-17T22:08:25.653+0800: 293.574: Total time for which application threads were stopped: 0.0086250 seconds, Stopping threads took: 0.0084024 seconds
         vmop                    [threads: total initially_running wait_to_block]    [time: spin block sync cleanup vmop] page_trap_count
293.744: RevokeBias                       [      32          0              0    ]      [     0     0     0     0     0    ]  0
2017-11-17T22:08:25.824+0800: 293.744: Total time for which application threads were stopped: 0.0007197 seconds, Stopping threads took: 0.0004432 seconds
 293.999: [G1Ergonomics (Concurrent Cycles) do not request concurrent cycle initiation, reason: still doing mixed collections, occupancy: 6334447616 bytes, allocation request: 4194320 bytes, threshold: 3012349095 bytes (45.00 %), source: concurrent humongous allocation]
 294.000: [G1Ergonomics (Concurrent Cycles) do not request concurrent cycle initiation, reason: still doing mixed collections, occupancy: 6339690496 bytes, allocation request: 4194320 bytes, threshold: 3012349095 bytes (45.00 %), source: concurrent humongous allocation]
 294.050: [G1Ergonomics (Concurrent Cycles) do not request concurrent cycle initiation, reason: still doing mixed collections, occupancy: 6344933376 bytes, allocation request: 4194320 bytes, threshold: 3012349095 bytes (45.00 %), source: concurrent humongous allocation]
 294.050: [G1Ergonomics (Concurrent Cycles) do not request concurrent cycle initiation, reason: still doing mixed collections, occupancy: 6350176256 bytes, allocation request: 4194320 bytes, threshold: 3012349095 bytes (45.00 %), source: concurrent humongous allocation]
 294.163: [G1Ergonomics (Concurrent Cycles) do not request concurrent cycle initiation, reason: still doing mixed collections, occupancy: 6355419136 bytes, allocation request: 4194320 bytes, threshold: 3012349095 bytes (45.00 %), source: concurrent humongous allocation]
 294.164: [G1Ergonomics (Concurrent Cycles) do not request concurrent cycle initiation, reason: still doing mixed collections, occupancy: 6360662016 bytes, allocation request: 4194320 bytes, threshold: 3012349095 bytes (45.00 %), source: concurrent humongous allocation]
 294.594: [G1Ergonomics (Concurrent Cycles) do not request concurrent cycle initiation, reason: still doing mixed collections, occupancy: 6365904896 bytes, allocation request: 4194320 bytes, threshold: 3012349095 bytes (45.00 %), source: concurrent humongous allocation]
 294.595: [G1Ergonomics (Concurrent Cycles) do not request concurrent cycle initiation, reason: still doing mixed collections, occupancy: 6371147776 bytes, allocation request: 4194320 bytes, threshold: 3012349095 bytes (45.00 %), source: concurrent humongous allocation]
 294.608: [G1Ergonomics (Concurrent Cycles) do not request concurrent cycle initiation, reason: still doing mixed collections, occupancy: 6376390656 bytes, allocation request: 4194320 bytes, threshold: 3012349095 bytes (45.00 %), source: concurrent humongous allocation]
 294.609: [G1Ergonomics (Concurrent Cycles) do not request concurrent cycle initiation, reason: still doing mixed collections, occupancy: 6381633536 bytes, allocation request: 4194320 bytes, threshold: 3012349095 bytes (45.00 %), source: concurrent humongous allocation]
         vmop                    [threads: total initially_running wait_to_block]    [time: spin block sync cleanup vmop] page_trap_count
294.744: no vm operation                  [      32          0              0    ]      [     0     0     0     0     0    ]  0
2017-11-17T22:08:26.824+0800: 294.745: Total time for which application threads were stopped: 0.0002193 seconds, Stopping threads took: 0.0000603 seconds
 294.836: [G1Ergonomics (Concurrent Cycles) do not request concurrent cycle initiation, reason: still doing mixed collections, occupancy: 6386876416 bytes, allocation request: 4194320 bytes, threshold: 3012349095 bytes (45.00 %), source: concurrent humongous allocation]
 294.837: [G1Ergonomics (Concurrent Cycles) do not request concurrent cycle initiation, reason: still doing mixed collections, occupancy: 6392119296 bytes, allocation request: 4194320 bytes, threshold: 3012349095 bytes (45.00 %), source: concurrent humongous allocation]
 295.059: [G1Ergonomics (Concurrent Cycles) do not request concurrent cycle initiation, reason: still doing mixed collections, occupancy: 6397362176 bytes, allocation request: 4194320 bytes, threshold: 3012349095 bytes (45.00 %), source: concurrent humongous allocation]
 295.060: [G1Ergonomics (Concurrent Cycles) do not request concurrent cycle initiation, reason: still doing mixed collections, occupancy: 6402605056 bytes, allocation request: 4194320 bytes, threshold: 3012349095 bytes (45.00 %), source: concurrent humongous allocation]
 295.076: [G1Ergonomics (Concurrent Cycles) do not request concurrent cycle initiation, reason: still doing mixed collections, occupancy: 6407847936 bytes, allocation request: 4194320 bytes, threshold: 3012349095 bytes (45.00 %), source: concurrent humongous allocation]
 295.077: [G1Ergonomics (Concurrent Cycles) do not request concurrent cycle initiation, reason: still doing mixed collections, occupancy: 6413090816 bytes, allocation request: 4194320 bytes, threshold: 3012349095 bytes (45.00 %), source: concurrent humongous allocation]
 295.116: [G1Ergonomics (Concurrent Cycles) do not request concurrent cycle initiation, reason: still doing mixed collections, occupancy: 6418333696 bytes, allocation request: 4194320 bytes, threshold: 3012349095 bytes (45.00 %), source: concurrent humongous allocation]
 295.117: [G1Ergonomics (Concurrent Cycles) do not request concurrent cycle initiation, reason: still doing mixed collections, occupancy: 6423576576 bytes, allocation request: 4194320 bytes, threshold: 3012349095 bytes (45.00 %), source: concurrent humongous allocation]
 295.135: [G1Ergonomics (Concurrent Cycles) do not request concurrent cycle initiation, reason: still doing mixed collections, occupancy: 6428819456 bytes, allocation request: 4194320 bytes, threshold: 3012349095 bytes (45.00 %), source: concurrent humongous allocation]
 295.136: [G1Ergonomics (Concurrent Cycles) do not request concurrent cycle initiation, reason: still doing mixed collections, occupancy: 6434062336 bytes, allocation request: 4194320 bytes, threshold: 3012349095 bytes (45.00 %), source: concurrent humongous allocation]
 295.161: [G1Ergonomics (Concurrent Cycles) do not request concurrent cycle initiation, reason: still doing mixed collections, occupancy: 6439305216 bytes, allocation request: 4194320 bytes, threshold: 3012349095 bytes (45.00 %), source: concurrent humongous allocation]
 295.162: [G1Ergonomics (Concurrent Cycles) do not request concurrent cycle initiation, reason: still doing mixed collections, occupancy: 6444548096 bytes, allocation request: 4194320 bytes, threshold: 3012349095 bytes (45.00 %), source: concurrent humongous allocation]
 295.177: [G1Ergonomics (Concurrent Cycles) do not request concurrent cycle initiation, reason: still doing mixed collections, occupancy: 6449790976 bytes, allocation request: 4194320 bytes, threshold: 3012349095 bytes (45.00 %), source: concurrent humongous allocation]
 295.178: [G1Ergonomics (Concurrent Cycles) do not request concurrent cycle initiation, reason: still doing mixed collections, occupancy: 6455033856 bytes, allocation request: 4194320 bytes, threshold: 3012349095 bytes (45.00 %), source: concurrent humongous allocation]
 295.190: [G1Ergonomics (Concurrent Cycles) do not request concurrent cycle initiation, reason: still doing mixed collections, occupancy: 6460276736 bytes, allocation request: 4194320 bytes, threshold: 3012349095 bytes (45.00 %), source: concurrent humongous allocation]
 295.191: [G1Ergonomics (Concurrent Cycles) do not request concurrent cycle initiation, reason: still doing mixed collections, occupancy: 6465519616 bytes, allocation request: 4194320 bytes, threshold: 3012349095 bytes (45.00 %), source: concurrent humongous allocation]
 295.220: [G1Ergonomics (Concurrent Cycles) do not request concurrent cycle initiation, reason: still doing mixed collections, occupancy: 6470762496 bytes, allocation request: 4194320 bytes, threshold: 3012349095 bytes (45.00 %), source: concurrent humongous allocation]
 295.221: [G1Ergonomics (Concurrent Cycles) do not request concurrent cycle initiation, reason: still doing mixed collections, occupancy: 6476005376 bytes, allocation request: 4194320 bytes, threshold: 3012349095 bytes (45.00 %), source: concurrent humongous allocation]
 295.235: [G1Ergonomics (Concurrent Cycles) do not request concurrent cycle initiation, reason: still doing mixed collections, occupancy: 6481248256 bytes, allocation request: 4194320 bytes, threshold: 3012349095 bytes (45.00 %), source: concurrent humongous allocation]
 295.236: [G1Ergonomics (Concurrent Cycles) do not request concurrent cycle initiation, reason: still doing mixed collections, occupancy: 6486491136 bytes, allocation request: 4194320 bytes, threshold: 3012349095 bytes (45.00 %), source: concurrent humongous allocation]
 295.251: [G1Ergonomics (Concurrent Cycles) do not request concurrent cycle initiation, reason: still doing mixed collections, occupancy: 6491734016 bytes, allocation request: 4194320 bytes, threshold: 3012349095 bytes (45.00 %), source: concurrent humongous allocation]
 295.252: [G1Ergonomics (Concurrent Cycles) do not request concurrent cycle initiation, reason: still doing mixed collections, occupancy: 6496976896 bytes, allocation request: 4194320 bytes, threshold: 3012349095 bytes (45.00 %), source: concurrent humongous allocation]
 295.277: [G1Ergonomics (Concurrent Cycles) do not request concurrent cycle initiation, reason: still doing mixed collections, occupancy: 6502219776 bytes, allocation request: 4194320 bytes, threshold: 3012349095 bytes (45.00 %), source: concurrent humongous allocation]
 295.278: [G1Ergonomics (Concurrent Cycles) do not request concurrent cycle initiation, reason: still doing mixed collections, occupancy: 6507462656 bytes, allocation request: 4194320 bytes, threshold: 3012349095 bytes (45.00 %), source: concurrent humongous allocation]
 295.295: [G1Ergonomics (Concurrent Cycles) do not request concurrent cycle initiation, reason: still doing mixed collections, occupancy: 6512705536 bytes, allocation request: 4194320 bytes, threshold: 3012349095 bytes (45.00 %), source: concurrent humongous allocation]
 295.296: [G1Ergonomics (Concurrent Cycles) do not request concurrent cycle initiation, reason: still doing mixed collections, occupancy: 6517948416 bytes, allocation request: 4194320 bytes, threshold: 3012349095 bytes (45.00 %), source: concurrent humongous allocation]
 295.312: [G1Ergonomics (Concurrent Cycles) do not request concurrent cycle initiation, reason: still doing mixed collections, occupancy: 6523191296 bytes, allocation request: 4194320 bytes, threshold: 3012349095 bytes (45.00 %), source: concurrent humongous allocation]
 295.313: [G1Ergonomics (Concurrent Cycles) do not request concurrent cycle initiation, reason: still doing mixed collections, occupancy: 6528434176 bytes, allocation request: 4194320 bytes, threshold: 3012349095 bytes (45.00 %), source: concurrent humongous allocation]
 295.355: [G1Ergonomics (Concurrent Cycles) do not request concurrent cycle initiation, reason: still doing mixed collections, occupancy: 6533677056 bytes, allocation request: 4194320 bytes, threshold: 3012349095 bytes (45.00 %), source: concurrent humongous allocation]
 295.356: [G1Ergonomics (Concurrent Cycles) do not request concurrent cycle initiation, reason: still doing mixed collections, occupancy: 6538919936 bytes, allocation request: 4194320 bytes, threshold: 3012349095 bytes (45.00 %), source: concurrent humongous allocation]
 295.374: [G1Ergonomics (Concurrent Cycles) do not request concurrent cycle initiation, reason: still doing mixed collections, occupancy: 6544162816 bytes, allocation request: 4194320 bytes, threshold: 3012349095 bytes (45.00 %), source: concurrent humongous allocation]
 295.375: [G1Ergonomics (Concurrent Cycles) do not request concurrent cycle initiation, reason: still doing mixed collections, occupancy: 6549405696 bytes, allocation request: 4194320 bytes, threshold: 3012349095 bytes (45.00 %), source: concurrent humongous allocation]
 295.388: [G1Ergonomics (Concurrent Cycles) do not request concurrent cycle initiation, reason: still doing mixed collections, occupancy: 6554648576 bytes, allocation request: 1350160 bytes, threshold: 3012349095 bytes (45.00 %), source: concurrent humongous allocation]
 295.389: [G1Ergonomics (Concurrent Cycles) do not request concurrent cycle initiation, reason: still doing mixed collections, occupancy: 6556745728 bytes, allocation request: 1350160 bytes, threshold: 3012349095 bytes (45.00 %), source: concurrent humongous allocation]
 295.413: [G1Ergonomics (Concurrent Cycles) do not request concurrent cycle initiation, reason: still doing mixed collections, occupancy: 6558842880 bytes, allocation request: 4194320 bytes, threshold: 3012349095 bytes (45.00 %), source: concurrent humongous allocation]
 295.414: [G1Ergonomics (Concurrent Cycles) do not request concurrent cycle initiation, reason: still doing mixed collections, occupancy: 6564085760 bytes, allocation request: 4194320 bytes, threshold: 3012349095 bytes (45.00 %), source: concurrent humongous allocation]
 295.431: [G1Ergonomics (Concurrent Cycles) do not request concurrent cycle initiation, reason: still doing mixed collections, occupancy: 6569328640 bytes, allocation request: 4194320 bytes, threshold: 3012349095 bytes (45.00 %), source: concurrent humongous allocation]
 295.432: [G1Ergonomics (Concurrent Cycles) do not request concurrent cycle initiation, reason: still doing mixed collections, occupancy: 6574571520 bytes, allocation request: 4194320 bytes, threshold: 3012349095 bytes (45.00 %), source: concurrent humongous allocation]
 295.455: [G1Ergonomics (Concurrent Cycles) do not request concurrent cycle initiation, reason: still doing mixed collections, occupancy: 6579814400 bytes, allocation request: 4194320 bytes, threshold: 3012349095 bytes (45.00 %), source: concurrent humongous allocation]
 295.456: [G1Ergonomics (Concurrent Cycles) do not request concurrent cycle initiation, reason: still doing mixed collections, occupancy: 6585057280 bytes, allocation request: 4194320 bytes, threshold: 3012349095 bytes (45.00 %), source: concurrent humongous allocation]
 295.470: [G1Ergonomics (Concurrent Cycles) do not request concurrent cycle initiation, reason: still doing mixed collections, occupancy: 6590300160 bytes, allocation request: 4194320 bytes, threshold: 3012349095 bytes (45.00 %), source: concurrent humongous allocation]
 295.472: [G1Ergonomics (Concurrent Cycles) do not request concurrent cycle initiation, reason: still doing mixed collections, occupancy: 6595543040 bytes, allocation request: 4194320 bytes, threshold: 3012349095 bytes (45.00 %), source: concurrent humongous allocation]
 295.488: [G1Ergonomics (Concurrent Cycles) do not request concurrent cycle initiation, reason: still doing mixed collections, occupancy: 6600785920 bytes, allocation request: 4194320 bytes, threshold: 3012349095 bytes (45.00 %), source: concurrent humongous allocation]
 295.490: [G1Ergonomics (Concurrent Cycles) do not request concurrent cycle initiation, reason: still doing mixed collections, occupancy: 6606028800 bytes, allocation request: 4194320 bytes, threshold: 3012349095 bytes (45.00 %), source: concurrent humongous allocation]
 295.512: [G1Ergonomics (Concurrent Cycles) do not request concurrent cycle initiation, reason: still doing mixed collections, occupancy: 6611271680 bytes, allocation request: 4194320 bytes, threshold: 3012349095 bytes (45.00 %), source: concurrent humongous allocation]
 295.514: [G1Ergonomics (Concurrent Cycles) do not request concurrent cycle initiation, reason: still doing mixed collections, occupancy: 6616514560 bytes, allocation request: 4194320 bytes, threshold: 3012349095 bytes (45.00 %), source: concurrent humongous allocation]
 295.531: [G1Ergonomics (Concurrent Cycles) do not request concurrent cycle initiation, reason: still doing mixed collections, occupancy: 6621757440 bytes, allocation request: 4194320 bytes, threshold: 3012349095 bytes (45.00 %), source: concurrent humongous allocation]
 295.533: [G1Ergonomics (Concurrent Cycles) do not request concurrent cycle initiation, reason: still doing mixed collections, occupancy: 6627000320 bytes, allocation request: 4194320 bytes, threshold: 3012349095 bytes (45.00 %), source: concurrent humongous allocation]
 295.549: [G1Ergonomics (Concurrent Cycles) do not request concurrent cycle initiation, reason: still doing mixed collections, occupancy: 6632243200 bytes, allocation request: 4194320 bytes, threshold: 3012349095 bytes (45.00 %), source: concurrent humongous allocation]
 295.550: [G1Ergonomics (Concurrent Cycles) do not request concurrent cycle initiation, reason: still doing mixed collections, occupancy: 6637486080 bytes, allocation request: 4194320 bytes, threshold: 3012349095 bytes (45.00 %), source: concurrent humongous allocation]
 295.566: [G1Ergonomics (Concurrent Cycles) do not request concurrent cycle initiation, reason: still doing mixed collections, occupancy: 6642728960 bytes, allocation request: 4194320 bytes, threshold: 3012349095 bytes (45.00 %), source: concurrent humongous allocation]
 295.567: [G1Ergonomics (Concurrent Cycles) do not request concurrent cycle initiation, reason: still doing mixed collections, occupancy: 6647971840 bytes, allocation request: 4194320 bytes, threshold: 3012349095 bytes (45.00 %), source: concurrent humongous allocation]
 295.583: [G1Ergonomics (Concurrent Cycles) do not request concurrent cycle initiation, reason: still doing mixed collections, occupancy: 6653214720 bytes, allocation request: 4194320 bytes, threshold: 3012349095 bytes (45.00 %), source: concurrent humongous allocation]
 295.584: [G1Ergonomics (Concurrent Cycles) do not request concurrent cycle initiation, reason: still doing mixed collections, occupancy: 6658457600 bytes, allocation request: 4194320 bytes, threshold: 3012349095 bytes (45.00 %), source: concurrent humongous allocation]
 295.600: [G1Ergonomics (Concurrent Cycles) do not request concurrent cycle initiation, reason: still doing mixed collections, occupancy: 6663700480 bytes, allocation request: 4194320 bytes, threshold: 3012349095 bytes (45.00 %), source: concurrent humongous allocation]
 295.601: [G1Ergonomics (Concurrent Cycles) do not request concurrent cycle initiation, reason: still doing mixed collections, occupancy: 6668943360 bytes, allocation request: 4194320 bytes, threshold: 3012349095 bytes (45.00 %), source: concurrent humongous allocation]
 295.612: [G1Ergonomics (Concurrent Cycles) do not request concurrent cycle initiation, reason: still doing mixed collections, occupancy: 6674186240 bytes, allocation request: 437491632 bytes, threshold: 3012349095 bytes (45.00 %), source: concurrent humongous allocation]
2017-11-17T22:08:27.693+0800: 295.613: [GC pause (G1 Humongous Allocation) (young) 295.613: [G1Ergonomics (CSet Construction) start choosing CSet, _pending_cards: 13765, predicted base time: 17.87 ms, remaining time: 182.13 ms, target pause time: 200.00 ms]
 295.613: [G1Ergonomics (CSet Construction) add young regions to CSet, eden: 14 regions, survivors: 2 regions, predicted young region time: 0.65 ms]
 295.613: [G1Ergonomics (CSet Construction) finish choosing CSet, eden: 14 regions, survivors: 2 regions, old: 0 regions, predicted pause time: 18.52 ms, target pause time: 200.00 ms]
 295.688: [G1Ergonomics (Mixed GCs) do not start mixed GCs, reason: reclaimable percentage not over threshold, candidate old regions: 298 regions, reclaimable: 106837432 bytes (1.60 %), threshold: 5.00 %]
, 0.0750370 secs]
   [Parallel Time: 10.8 ms, GC Workers: 8]
      [GC Worker Start (ms): Min: 295613.9, Avg: 295616.3, Max: 295618.7, Diff: 4.7]
      [Ext Root Scanning (ms): Min: 0.0, Avg: 0.4, Max: 1.1, Diff: 1.1, Sum: 3.5]
      [Update RS (ms): Min: 0.0, Avg: 1.4, Max: 2.9, Diff: 2.9, Sum: 11.3]
         [Processed Buffers: Min: 0, Avg: 8.1, Max: 22, Diff: 22, Sum: 65]
      [Scan RS (ms): Min: 0.0, Avg: 0.0, Max: 0.1, Diff: 0.1, Sum: 0.2]
      [Code Root Scanning (ms): Min: 0.0, Avg: 0.0, Max: 0.3, Diff: 0.3, Sum: 0.4]
      [Object Copy (ms): Min: 0.0, Avg: 0.3, Max: 0.6, Diff: 0.6, Sum: 2.1]
      [Termination (ms): Min: 0.0, Avg: 0.9, Max: 6.2, Diff: 6.2, Sum: 7.6]
         [Termination Attempts: Min: 1, Avg: 1.0, Max: 1, Diff: 0, Sum: 8]
      [GC Worker Other (ms): Min: 0.0, Avg: 0.0, Max: 0.0, Diff: 0.0, Sum: 0.1]
      [GC Worker Total (ms): Min: 0.0, Avg: 3.2, Max: 10.6, Diff: 10.6, Sum: 25.2]
      [GC Worker End (ms): Min: 295618.7, Avg: 295619.4, Max: 295624.6, Diff: 5.9]
   [Code Root Fixup: 0.1 ms]
   [Code Root Purge: 0.0 ms]
   [Clear CT: 12.1 ms]
   [Other: 52.0 ms]
      [Choose CSet: 0.0 ms]
      [Ref Proc: 44.1 ms]
      [Ref Enq: 0.0 ms]
      [Redirty Cards: 0.1 ms]
      [Humongous Register: 0.5 ms]
      [Humongous Reclaim: 6.8 ms]
      [Free CSet: 0.2 ms]
   [Eden: 14.0M(1536.0M)->0.0B(2208.0M) Survivors: 2048.0K->1024.0K Heap: 6225.8M(6384.0M)->2637.4M(6384.0M)]
 [Times: user=0.15 sys=0.01, real=0.07 secs]
 295.689: [G1Ergonomics (Concurrent Cycles) request concurrent cycle initiation, reason: occupancy higher than threshold, occupancy: 3283091456 bytes, allocation request: 0 bytes, threshold: 3012349095 bytes (45.00 %), source: STW humongous allocation]
         vmop                    [threads: total initially_running wait_to_block]    [time: spin block sync cleanup vmop] page_trap_count
295.613: G1IncCollectionPause             [      32          1              1    ]      [     0     0     0     0    75    ]  0
2017-11-17T22:08:27.768+0800: 295.689: Total time for which application threads were stopped: 0.0764247 seconds, Stopping threads took: 0.0001036 seconds
         vmop                    [threads: total initially_running wait_to_block]    [time: spin block sync cleanup vmop] page_trap_count
296.701: no vm operation                  [      32          0              0    ]      [     0     0     0     0     0    ]  0
2017-11-17T22:08:28.781+0800: 296.701: Total time for which application threads were stopped: 0.0002275 seconds, Stopping threads took: 0.0000489 seconds
         vmop                    [threads: total initially_running wait_to_block]    [time: spin block sync cleanup vmop] page_trap_count
297.701: no vm operation                  [      32          0              0    ]      [     0     0     0     0     0    ]  0
2017-11-17T22:08:29.781+0800: 297.702: Total time for which application threads were stopped: 0.0002110 seconds, Stopping threads took: 0.0000454 seconds
 297.887: [G1Ergonomics (Concurrent Cycles) request concurrent cycle initiation, reason: occupancy higher than threshold, occupancy: 3283091456 bytes, allocation request: 437491632 bytes, threshold: 3012349095 bytes (45.00 %), source: concurrent humongous allocation]
 297.887: [G1Ergonomics (Concurrent Cycles) request concurrent cycle initiation, reason: requested by GC cause, GC cause: G1 Humongous Allocation]
 297.887: [G1Ergonomics (Concurrent Cycles) initiate concurrent cycle, reason: concurrent cycle initiation requested]
2017-11-17T22:08:29.967+0800: 297.887: [GC pause (G1 Humongous Allocation) (young) (initial-mark) 297.888: [G1Ergonomics (CSet Construction) start choosing CSet, _pending_cards: 1050, predicted base time: 41.50 ms, remaining time: 158.50 ms, target pause time: 200.00 ms]
 297.888: [G1Ergonomics (CSet Construction) add young regions to CSet, eden: 85 regions, survivors: 1 regions, predicted young region time: 2.75 ms]
 297.888: [G1Ergonomics (CSet Construction) finish choosing CSet, eden: 85 regions, survivors: 1 regions, old: 0 regions, predicted pause time: 44.25 ms, target pause time: 200.00 ms]
, 0.0238075 secs]
   [Parallel Time: 3.1 ms, GC Workers: 8]
      [GC Worker Start (ms): Min: 297888.2, Avg: 297888.5, Max: 297889.0, Diff: 0.8]
      [Ext Root Scanning (ms): Min: 1.6, Avg: 1.8, Max: 2.1, Diff: 0.5, Sum: 14.8]
      [Update RS (ms): Min: 0.0, Avg: 0.2, Max: 0.4, Diff: 0.4, Sum: 1.3]
         [Processed Buffers: Min: 0, Avg: 1.5, Max: 8, Diff: 8, Sum: 12]
      [Scan RS (ms): Min: 0.0, Avg: 0.0, Max: 0.1, Diff: 0.1, Sum: 0.1]
      [Code Root Scanning (ms): Min: 0.0, Avg: 0.1, Max: 0.5, Diff: 0.5, Sum: 0.5]
      [Object Copy (ms): Min: 0.0, Avg: 0.3, Max: 0.6, Diff: 0.6, Sum: 2.2]
      [Termination (ms): Min: 0.0, Avg: 0.3, Max: 0.4, Diff: 0.4, Sum: 2.3]
         [Termination Attempts: Min: 1, Avg: 5.0, Max: 9, Diff: 8, Sum: 40]
      [GC Worker Other (ms): Min: 0.0, Avg: 0.0, Max: 0.0, Diff: 0.0, Sum: 0.1]
      [GC Worker Total (ms): Min: 2.2, Avg: 2.7, Max: 3.0, Diff: 0.8, Sum: 21.3]
      [GC Worker End (ms): Min: 297891.1, Avg: 297891.2, Max: 297891.2, Diff: 0.0]
   [Code Root Fixup: 0.1 ms]
   [Code Root Purge: 0.0 ms]
   [Clear CT: 0.5 ms]
   [Other: 20.1 ms]
      [Choose CSet: 0.0 ms]
      [Ref Proc: 16.5 ms]
      [Ref Enq: 0.0 ms]
      [Redirty Cards: 0.3 ms]
      [Humongous Register: 0.1 ms]
      [Humongous Reclaim: 1.0 ms]
      [Free CSet: 0.2 ms]
   [Eden: 85.0M(2208.0M)->0.0B(2893.0M) Survivors: 1024.0K->1024.0K Heap: 3139.6M(6384.0M)->2637.4M(6384.0M)]
 [Times: user=0.09 sys=0.00, real=0.02 secs]
         vmop                    [threads: total initially_running wait_to_block]    [time: spin block sync cleanup vmop] page_trap_count
297.887: G1IncCollectionPause             [      32          0              0    ]      [     0     0     0     0    24    ]  0
2017-11-17T22:08:29.991+0800: 297.911: [GC concurrent-root-region-scan-start]
2017-11-17T22:08:29.995+0800: 2017-11-17T22:08:29.995+0800: 297.916: 297.916: [GC concurrent-root-region-scan-end, 0.0045106 secs]
Total time for which application threads were stopped: 0.0287454 seconds, Stopping threads took: 0.0000566 seconds
2017-11-17T22:08:29.995+0800: 297.916: [GC concurrent-mark-start]
2017-11-17T22:08:31.385+0800: 299.305: [GC concurrent-mark-end, 1.3894376 secs]
2017-11-17T22:08:31.385+0800: 299.305: [GC remark 2017-11-17T22:08:31.385+0800: 299.305: [Finalize Marking, 0.0008298 secs] 2017-11-17T22:08:31.386+0800: 299.306: [GC ref-proc, 0.0001936 secs] 2017-11-17T22:08:31.386+0800: 299.307: [Unloading, 0.0063801 secs], 0.0172515 secs]
 [Times: user=0.07 sys=0.00, real=0.02 secs]
         vmop                    [threads: total initially_running wait_to_block]    [time: spin block sync cleanup vmop] page_trap_count
299.305: CGC_Operation                    [      32          0              0    ]      [     0     0     0     0    17    ]  0
2017-11-17T22:08:31.402+0800: 299.323: Total time for which application threads were stopped: 0.0175427 seconds, Stopping threads took: 0.0000623 seconds
2017-11-17T22:08:31.403+0800: 299.323: [GC cleanup 3137M->3137M(6384M), 0.0057694 secs]
 [Times: user=0.03 sys=0.00, real=0.00 secs]
         vmop                    [threads: total initially_running wait_to_block]    [time: spin block sync cleanup vmop] page_trap_count
299.323: CGC_Operation                    [      32          0              0    ]      [     0     0     0     0     5    ]  0
2017-11-17T22:08:31.409+0800: 299.329: Total time for which application threads were stopped: 0.0059806 seconds, Stopping threads took: 0.0000385 seconds
 299.599: [G1Ergonomics (Concurrent Cycles) do not request concurrent cycle initiation, reason: still doing mixed collections, occupancy: 3284140032 bytes, allocation request: 437491632 bytes, threshold: 3012349095 bytes (45.00 %), source: concurrent humongous allocation]
         vmop                    [threads: total initially_running wait_to_block]    [time: spin block sync cleanup vmop] page_trap_count
300.330: no vm operation                  [      32          0              0    ]      [     0     0     0     0     0    ]  0
2017-11-17T22:08:32.409+0800: 300.330: Total time for which application threads were stopped: 0.0001728 seconds, Stopping threads took: 0.0000480 seconds
 300.930: [G1Ergonomics (Concurrent Cycles) do not request concurrent cycle initiation, reason: still doing mixed collections, occupancy: 3722444800 bytes, allocation request: 437491632 bytes, threshold: 3012349095 bytes (45.00 %), source: concurrent humongous allocation]
 302.328: [G1Ergonomics (Concurrent Cycles) do not request concurrent cycle initiation, reason: still doing mixed collections, occupancy: 4160749568 bytes, allocation request: 437491632 bytes, threshold: 3012349095 bytes (45.00 %), source: concurrent humongous allocation]
         vmop                    [threads: total initially_running wait_to_block]    [time: spin block sync cleanup vmop] page_trap_count
302.330: no vm operation                  [      32          0              1    ]      [     0    72    72     0     0    ]  0
2017-11-17T22:08:34.483+0800: 302.403: Total time for which application threads were stopped: 0.0732764 seconds, Stopping threads took: 0.0729944 seconds
         vmop                    [threads: total initially_running wait_to_block]    [time: spin block sync cleanup vmop] page_trap_count
303.404: no vm operation                  [      32          0              0    ]      [     0     0     0     0     0    ]  0
2017-11-17T22:08:35.483+0800: 303.404: Total time for which application threads were stopped: 0.0002255 seconds, Stopping threads took: 0.0000505 seconds
 303.953: [G1Ergonomics (Concurrent Cycles) do not request concurrent cycle initiation, reason: still doing mixed collections, occupancy: 4599054336 bytes, allocation request: 437491632 bytes, threshold: 3012349095 bytes (45.00 %), source: concurrent humongous allocation]
         vmop                    [threads: total initially_running wait_to_block]    [time: spin block sync cleanup vmop] page_trap_count
304.404: no vm operation                  [      32          0              0    ]      [     0     0     0     0     0    ]  0
2017-11-17T22:08:36.484+0800: 304.404: Total time for which application threads were stopped: 0.0002257 seconds, Stopping threads took: 0.0000515 seconds
         vmop                    [threads: total initially_running wait_to_block]    [time: spin block sync cleanup vmop] page_trap_count
306.404: no vm operation                  [      32          0              0    ]      [     0     0     0     0     0    ]  0
2017-11-17T22:08:38.484+0800: 306.405: Total time for which application threads were stopped: 0.0002746 seconds, Stopping threads took: 0.0000723 seconds
         vmop                    [threads: total initially_running wait_to_block]    [time: spin block sync cleanup vmop] page_trap_count
307.674: RevokeBias                       [      32          0              1    ]      [     0     0     0     0     0    ]  0
2017-11-17T22:08:39.754+0800: 307.675: Total time for which application threads were stopped: 0.0003171 seconds, Stopping threads took: 0.0001284 seconds
         vmop                    [threads: total initially_running wait_to_block]    [time: spin block sync cleanup vmop] page_trap_count
307.675: RevokeBias                       [      32          0              0    ]      [     0     0     0     0     0    ]  0
2017-11-17T22:08:39.755+0800: 307.675: Total time for which application threads were stopped: 0.0001490 seconds, Stopping threads took: 0.0000411 seconds
         vmop                    [threads: total initially_running wait_to_block]    [time: spin block sync cleanup vmop] page_trap_count
307.676: RevokeBias                       [      32          0              1    ]      [     0     0     0     0     0    ]  0
2017-11-17T22:08:39.756+0800: 307.676: Total time for which application threads were stopped: 0.0001671 seconds, Stopping threads took: 0.0000730 seconds
 307.679: [G1Ergonomics (Concurrent Cycles) do not request concurrent cycle initiation, reason: still doing mixed collections, occupancy: 5037359104 bytes, allocation request: 437491632 bytes, threshold: 3012349095 bytes (45.00 %), source: concurrent humongous allocation]
 308.266: [G1Ergonomics (Concurrent Cycles) do not request concurrent cycle initiation, reason: still doing mixed collections, occupancy: 5475663872 bytes, allocation request: 437491632 bytes, threshold: 3012349095 bytes (45.00 %), source: concurrent humongous allocation]
2017-11-17T22:08:40.347+0800: 308.267: [GC pause (G1 Humongous Allocation) (young) 308.267: [G1Ergonomics (CSet Construction) start choosing CSet, _pending_cards: 1338, predicted base time: 37.74 ms, remaining time: 162.26 ms, target pause time: 200.00 ms]
 308.267: [G1Ergonomics (CSet Construction) add young regions to CSet, eden: 416 regions, survivors: 1 regions, predicted young region time: 10.62 ms]
 308.267: [G1Ergonomics (CSet Construction) finish choosing CSet, eden: 416 regions, survivors: 1 regions, old: 0 regions, predicted pause time: 48.37 ms, target pause time: 200.00 ms]
 308.275: [G1Ergonomics (Concurrent Cycles) do not request concurrent cycle initiation, reason: still doing mixed collections, occupancy: 3284140032 bytes, allocation request: 0 bytes, threshold: 3012349095 bytes (45.00 %), source: end of GC]
 308.275: [G1Ergonomics (Mixed GCs) do not start mixed GCs, reason: reclaimable percentage not over threshold, candidate old regions: 299 regions, reclaimable: 107142432 bytes (1.60 %), threshold: 5.00 %]
, 0.0079288 secs]
   [Parallel Time: 1.7 ms, GC Workers: 8]
      [GC Worker Start (ms): Min: 308267.6, Avg: 308267.9, Max: 308269.0, Diff: 1.4]
      [Ext Root Scanning (ms): Min: 0.0, Avg: 0.4, Max: 1.0, Diff: 1.0, Sum: 3.3]
      [Update RS (ms): Min: 0.0, Avg: 0.3, Max: 0.6, Diff: 0.6, Sum: 2.0]
         [Processed Buffers: Min: 0, Avg: 2.2, Max: 10, Diff: 10, Sum: 18]
      [Scan RS (ms): Min: 0.0, Avg: 0.1, Max: 0.2, Diff: 0.2, Sum: 0.7]
      [Code Root Scanning (ms): Min: 0.0, Avg: 0.0, Max: 0.2, Diff: 0.2, Sum: 0.3]
      [Object Copy (ms): Min: 0.0, Avg: 0.2, Max: 0.4, Diff: 0.4, Sum: 1.8]
      [Termination (ms): Min: 0.0, Avg: 0.1, Max: 0.2, Diff: 0.2, Sum: 1.1]
         [Termination Attempts: Min: 1, Avg: 6.2, Max: 9, Diff: 8, Sum: 50]
      [GC Worker Other (ms): Min: 0.0, Avg: 0.0, Max: 0.0, Diff: 0.0, Sum: 0.1]
      [GC Worker Total (ms): Min: 0.0, Avg: 1.2, Max: 1.4, Diff: 1.4, Sum: 9.4]
      [GC Worker End (ms): Min: 308269.0, Avg: 308269.0, Max: 308269.1, Diff: 0.0]
   [Code Root Fixup: 0.1 ms]
   [Code Root Purge: 0.0 ms]
   [Clear CT: 0.3 ms]
   [Other: 5.9 ms]
      [Choose CSet: 0.0 ms]
      [Ref Proc: 0.4 ms]
      [Ref Enq: 0.0 ms]
      [Redirty Cards: 0.2 ms]
      [Humongous Register: 0.3 ms]
      [Humongous Reclaim: 4.0 ms]
      [Free CSet: 0.5 ms]
   [Eden: 416.0M(2893.0M)->0.0B(2519.0M) Survivors: 1024.0K->1024.0K Heap: 5556.7M(6384.0M)->3054.9M(6384.0M)]
 [Times: user=0.02 sys=0.00, real=0.01 secs]
 308.276: [G1Ergonomics (Concurrent Cycles) request concurrent cycle initiation, reason: occupancy higher than threshold, occupancy: 3722444800 bytes, allocation request: 0 bytes, threshold: 3012349095 bytes (45.00 %), source: STW humongous allocation]
         vmop                    [threads: total initially_running wait_to_block]    [time: spin block sync cleanup vmop] page_trap_count
308.267: G1IncCollectionPause             [      32          0              0    ]      [     0     0     0     0     8    ]  0
2017-11-17T22:08:40.355+0800: 308.276: Total time for which application threads were stopped: 0.0092305 seconds, Stopping threads took: 0.0000534 seconds
         vmop                    [threads: total initially_running wait_to_block]    [time: spin block sync cleanup vmop] page_trap_count
308.276: RevokeBias                       [      32          0              1    ]      [     0    73    73     0     0    ]  0
2017-11-17T22:08:40.430+0800: 308.350: Total time for which application threads were stopped: 0.0739266 seconds, Stopping threads took: 0.0736117 seconds
 308.984: [G1Ergonomics (Concurrent Cycles) request concurrent cycle initiation, reason: occupancy higher than threshold, occupancy: 3722444800 bytes, allocation request: 437491632 bytes, threshold: 3012349095 bytes (45.00 %), source: concurrent humongous allocation]
 308.984: [G1Ergonomics (Concurrent Cycles) request concurrent cycle initiation, reason: requested by GC cause, GC cause: G1 Humongous Allocation]
 308.984: [G1Ergonomics (Concurrent Cycles) initiate concurrent cycle, reason: concurrent cycle initiation requested]
2017-11-17T22:08:41.063+0800: 308.984: [GC pause (G1 Humongous Allocation) (young) (initial-mark) 308.985: [G1Ergonomics (CSet Construction) start choosing CSet, _pending_cards: 1800, predicted base time: 30.84 ms, remaining time: 169.16 ms, target pause time: 200.00 ms]
 308.985: [G1Ergonomics (CSet Construction) add young regions to CSet, eden: 1 regions, survivors: 1 regions, predicted young region time: 0.04 ms]
 308.985: [G1Ergonomics (CSet Construction) finish choosing CSet, eden: 1 regions, survivors: 1 regions, old: 0 regions, predicted pause time: 30.89 ms, target pause time: 200.00 ms]
, 0.0111680 secs]
   [Parallel Time: 2.1 ms, GC Workers: 8]
      [GC Worker Start (ms): Min: 308984.9, Avg: 308985.3, Max: 308985.8, Diff: 0.8]
      [Ext Root Scanning (ms): Min: 0.7, Avg: 1.1, Max: 1.4, Diff: 0.7, Sum: 9.1]
      [Update RS (ms): Min: 0.0, Avg: 0.1, Max: 0.2, Diff: 0.2, Sum: 0.9]
         [Processed Buffers: Min: 0, Avg: 1.6, Max: 4, Diff: 4, Sum: 13]
      [Scan RS (ms): Min: 0.0, Avg: 0.0, Max: 0.0, Diff: 0.0, Sum: 0.0]
      [Code Root Scanning (ms): Min: 0.0, Avg: 0.0, Max: 0.1, Diff: 0.1, Sum: 0.1]
      [Object Copy (ms): Min: 0.0, Avg: 0.2, Max: 0.3, Diff: 0.3, Sum: 1.9]
      [Termination (ms): Min: 0.0, Avg: 0.1, Max: 0.1, Diff: 0.1, Sum: 0.8]
         [Termination Attempts: Min: 1, Avg: 1.0, Max: 1, Diff: 0, Sum: 8]
      [GC Worker Other (ms): Min: 0.0, Avg: 0.0, Max: 0.0, Diff: 0.0, Sum: 0.1]
      [GC Worker Total (ms): Min: 1.1, Avg: 1.6, Max: 2.0, Diff: 0.8, Sum: 12.9]
      [GC Worker End (ms): Min: 308986.9, Avg: 308986.9, Max: 308986.9, Diff: 0.0]
   [Code Root Fixup: 0.0 ms]
   [Code Root Purge: 0.0 ms]
   [Clear CT: 0.4 ms]
   [Other: 8.6 ms]
      [Choose CSet: 0.0 ms]
      [Ref Proc: 6.0 ms]
      [Ref Enq: 0.0 ms]
      [Redirty Cards: 0.3 ms]
      [Humongous Register: 0.1 ms]
      [Humongous Reclaim: 0.2 ms]
      [Free CSet: 0.1 ms]
   [Eden: 1024.0K(2519.0M)->0.0B(2101.0M) Survivors: 1024.0K->1024.0K Heap: 3473.1M(6384.0M)->3472.2M(6384.0M)]
 [Times: user=0.04 sys=0.00, real=0.01 secs]
         vmop                    [threads: total initially_running wait_to_block]    [time: spin block sync cleanup vmop] page_trap_count
308.984: G1IncCollectionPause             [      32          0              0    ]      [     0     0     0     0    11    ]  0
2017-11-17T22:08:41.075+0800: 308.995: [GC concurrent-root-region-scan-start]
2017-11-17T22:08:41.075+0800: 308.995: Total time for which application threads were stopped: 0.0115816 seconds, Stopping threads took: 0.0000494 seconds
2017-11-17T22:08:41.077+0800: 308.997: [GC concurrent-root-region-scan-end, 0.0021399 secs]
2017-11-17T22:08:41.077+0800: 308.997: [GC concurrent-mark-start]
2017-11-17T22:08:42.001+0800: 309.921: [GC concurrent-mark-end, 0.9239824 secs]
2017-11-17T22:08:42.002+0800: 309.923: [GC remark 2017-11-17T22:08:42.002+0800: 309.923: [Finalize Marking, 0.0276265 secs] 2017-11-17T22:08:42.030+0800: 309.950: [GC ref-proc, 0.0001845 secs] 2017-11-17T22:08:42.030+0800: 309.950: [Unloading, 0.0060863 secs], 0.0474445 secs]
 [Times: user=0.21 sys=0.01, real=0.04 secs]
         vmop                    [threads: total initially_running wait_to_block]    [time: spin block sync cleanup vmop] page_trap_count
309.922: CGC_Operation                    [      32          0              0    ]      [     0     0     0     0    47    ]  0
2017-11-17T22:08:42.050+0800: 309.970: Total time for which application threads were stopped: 0.0477475 seconds, Stopping threads took: 0.0000570 seconds
2017-11-17T22:08:42.050+0800: 309.970: [GC cleanup 4307M->4307M(6384M), 0.0048712 secs]
 [Times: user=0.02 sys=0.00, real=0.01 secs]
         vmop                    [threads: total initially_running wait_to_block]    [time: spin block sync cleanup vmop] page_trap_count
309.970: CGC_Operation                    [      32          0              0    ]      [     0     0     0     0     4    ]  0
2017-11-17T22:08:42.055+0800: 309.975: Total time for which application threads were stopped: 0.0051365 seconds, Stopping threads took: 0.0000591 seconds
 310.572: [G1Ergonomics (Concurrent Cycles) do not request concurrent cycle initiation, reason: still doing mixed collections, occupancy: 4599054336 bytes, allocation request: 437491632 bytes, threshold: 3012349095 bytes (45.00 %), source: concurrent humongous allocation]
         vmop                    [threads: total initially_running wait_to_block]    [time: spin block sync cleanup vmop] page_trap_count
310.976: no vm operation                  [      32          0              0    ]      [     0     0     0     0     0    ]  0
2017-11-17T22:08:43.055+0800: 310.976: Total time for which application threads were stopped: 0.0002740 seconds, Stopping threads took: 0.0000545 seconds
         vmop                    [threads: total initially_running wait_to_block]    [time: spin block sync cleanup vmop] page_trap_count
311.269: RevokeBias                       [      32          0              1    ]      [     0     0     0     0     0    ]  0
2017-11-17T22:08:43.349+0800: 311.269: Total time for which application threads were stopped: 0.0003202 seconds, Stopping threads took: 0.0001020 seconds
 311.270: [G1Ergonomics (Concurrent Cycles) do not request concurrent cycle initiation, reason: still doing mixed collections, occupancy: 5037359104 bytes, allocation request: 437491632 bytes, threshold: 3012349095 bytes (45.00 %), source: concurrent humongous allocation]
 311.985: [G1Ergonomics (Concurrent Cycles) do not request concurrent cycle initiation, reason: still doing mixed collections, occupancy: 5475663872 bytes, allocation request: 437491632 bytes, threshold: 3012349095 bytes (45.00 %), source: concurrent humongous allocation]
         vmop                    [threads: total initially_running wait_to_block]    [time: spin block sync cleanup vmop] page_trap_count
312.269: no vm operation                  [      32          0              0    ]      [     0     0     0     0     0    ]  0
2017-11-17T22:08:44.349+0800: 312.269: Total time for which application threads were stopped: 0.0002408 seconds, Stopping threads took: 0.0000502 seconds
 312.685: [G1Ergonomics (Concurrent Cycles) do not request concurrent cycle initiation, reason: still doing mixed collections, occupancy: 5913968640 bytes, allocation request: 437491632 bytes, threshold: 3012349095 bytes (45.00 %), source: concurrent humongous allocation]
2017-11-17T22:08:44.766+0800: 312.686: [GC pause (G1 Humongous Allocation) (young) 312.686: [G1Ergonomics (CSet Construction) start choosing CSet, _pending_cards: 1815, predicted base time: 26.35 ms, remaining time: 173.65 ms, target pause time: 200.00 ms]
 312.686: [G1Ergonomics (CSet Construction) add young regions to CSet, eden: 2 regions, survivors: 1 regions, predicted young region time: 0.20 ms]
 312.686: [G1Ergonomics (CSet Construction) finish choosing CSet, eden: 2 regions, survivors: 1 regions, old: 0 regions, predicted pause time: 26.55 ms, target pause time: 200.00 ms]
 312.692: [G1Ergonomics (Concurrent Cycles) do not request concurrent cycle initiation, reason: still doing mixed collections, occupancy: 3722444800 bytes, allocation request: 0 bytes, threshold: 3012349095 bytes (45.00 %), source: end of GC]
 312.692: [G1Ergonomics (Mixed GCs) do not start mixed GCs, reason: reclaimable percentage not over threshold, candidate old regions: 299 regions, reclaimable: 107142432 bytes (1.60 %), threshold: 5.00 %]
, 0.0064635 secs]
   [Parallel Time: 1.4 ms, GC Workers: 8]
      [GC Worker Start (ms): Min: 312686.5, Avg: 312686.7, Max: 312687.7, Diff: 1.2]
      [Ext Root Scanning (ms): Min: 0.0, Avg: 0.4, Max: 1.0, Diff: 1.0, Sum: 3.3]
      [Update RS (ms): Min: 0.0, Avg: 0.1, Max: 0.2, Diff: 0.2, Sum: 1.0]
         [Processed Buffers: Min: 0, Avg: 1.9, Max: 5, Diff: 5, Sum: 15]
      [Scan RS (ms): Min: 0.0, Avg: 0.0, Max: 0.0, Diff: 0.0, Sum: 0.0]
      [Code Root Scanning (ms): Min: 0.0, Avg: 0.0, Max: 0.1, Diff: 0.1, Sum: 0.1]
      [Object Copy (ms): Min: 0.0, Avg: 0.3, Max: 0.4, Diff: 0.4, Sum: 2.3]
      [Termination (ms): Min: 0.0, Avg: 0.1, Max: 0.1, Diff: 0.1, Sum: 1.0]
         [Termination Attempts: Min: 1, Avg: 1.0, Max: 1, Diff: 0, Sum: 8]
      [GC Worker Other (ms): Min: 0.0, Avg: 0.0, Max: 0.0, Diff: 0.0, Sum: 0.1]
      [GC Worker Total (ms): Min: 0.0, Avg: 1.0, Max: 1.2, Diff: 1.2, Sum: 7.8]
      [GC Worker End (ms): Min: 312687.7, Avg: 312687.7, Max: 312687.7, Diff: 0.0]
   [Code Root Fixup: 0.1 ms]
   [Code Root Purge: 0.0 ms]
   [Clear CT: 0.3 ms]
   [Other: 4.6 ms]
      [Choose CSet: 0.0 ms]
      [Ref Proc: 0.5 ms]
      [Ref Enq: 0.0 ms]
      [Redirty Cards: 0.3 ms]
      [Humongous Register: 0.3 ms]
      [Humongous Reclaim: 3.1 ms]
      [Free CSet: 0.1 ms]
   [Eden: 2048.0K(2101.0M)->0.0B(1876.0M) Survivors: 1024.0K->1024.0K Heap: 5559.8M(6384.0M)->3472.5M(6384.0M)]
 [Times: user=0.01 sys=0.01, real=0.00 secs]
 312.693: [G1Ergonomics (Concurrent Cycles) request concurrent cycle initiation, reason: occupancy higher than threshold, occupancy: 4160749568 bytes, allocation request: 0 bytes, threshold: 3012349095 bytes (45.00 %), source: STW humongous allocation]
         vmop                    [threads: total initially_running wait_to_block]    [time: spin block sync cleanup vmop] page_trap_count
312.686: G1IncCollectionPause             [      32          0              0    ]      [     0     0     0     0     7    ]  0
2017-11-17T22:08:44.773+0800: 312.693: Total time for which application threads were stopped: 0.0073852 seconds, Stopping threads took: 0.0000475 seconds
 313.396: [G1Ergonomics (Concurrent Cycles) request concurrent cycle initiation, reason: occupancy higher than threshold, occupancy: 4160749568 bytes, allocation request: 437491632 bytes, threshold: 3012349095 bytes (45.00 %), source: concurrent humongous allocation]
 313.396: [G1Ergonomics (Concurrent Cycles) request concurrent cycle initiation, reason: requested by GC cause, GC cause: G1 Humongous Allocation]
 313.396: [G1Ergonomics (Concurrent Cycles) initiate concurrent cycle, reason: concurrent cycle initiation requested]
2017-11-17T22:08:45.476+0800: 313.396: [GC pause (G1 Humongous Allocation) (young) (initial-mark) 313.397: [G1Ergonomics (CSet Construction) start choosing CSet, _pending_cards: 1793, predicted base time: 21.70 ms, remaining time: 178.30 ms, target pause time: 200.00 ms]
 313.397: [G1Ergonomics (CSet Construction) add young regions to CSet, eden: 1 regions, survivors: 1 regions, predicted young region time: 0.16 ms]
 313.397: [G1Ergonomics (CSet Construction) finish choosing CSet, eden: 1 regions, survivors: 1 regions, old: 0 regions, predicted pause time: 21.86 ms, target pause time: 200.00 ms]
, 0.0093374 secs]
   [Parallel Time: 3.2 ms, GC Workers: 8]
      [GC Worker Start (ms): Min: 313397.5, Avg: 313397.9, Max: 313398.6, Diff: 1.0]
      [Ext Root Scanning (ms): Min: 1.1, Avg: 1.7, Max: 2.0, Diff: 0.9, Sum: 13.6]
      [Update RS (ms): Min: 0.0, Avg: 0.1, Max: 0.3, Diff: 0.3, Sum: 1.1]
         [Processed Buffers: Min: 0, Avg: 1.2, Max: 5, Diff: 5, Sum: 10]
      [Scan RS (ms): Min: 0.0, Avg: 0.0, Max: 0.0, Diff: 0.0, Sum: 0.0]
      [Code Root Scanning (ms): Min: 0.0, Avg: 0.0, Max: 0.2, Diff: 0.2, Sum: 0.2]
      [Object Copy (ms): Min: 0.0, Avg: 0.5, Max: 0.9, Diff: 0.9, Sum: 3.9]
      [Termination (ms): Min: 0.0, Avg: 0.2, Max: 0.3, Diff: 0.3, Sum: 1.9]
         [Termination Attempts: Min: 1, Avg: 1.0, Max: 1, Diff: 0, Sum: 8]
      [GC Worker Other (ms): Min: 0.0, Avg: 0.0, Max: 0.0, Diff: 0.0, Sum: 0.1]
      [GC Worker Total (ms): Min: 2.0, Avg: 2.6, Max: 3.0, Diff: 1.0, Sum: 20.8]
      [GC Worker End (ms): Min: 313400.5, Avg: 313400.5, Max: 313400.5, Diff: 0.0]
   [Code Root Fixup: 0.1 ms]
   [Code Root Purge: 0.0 ms]
   [Clear CT: 0.3 ms]
   [Other: 5.7 ms]
      [Choose CSet: 0.0 ms]
      [Ref Proc: 2.1 ms]
      [Ref Enq: 0.0 ms]
      [Redirty Cards: 0.4 ms]
      [Humongous Register: 0.2 ms]
      [Humongous Reclaim: 0.9 ms]
      [Free CSet: 0.1 ms]
   [Eden: 1024.0K(1876.0M)->0.0B(1923.0M) Survivors: 1024.0K->1024.0K Heap: 3890.2M(6384.0M)->3472.5M(6384.0M)]
 [Times: user=0.02 sys=0.00, real=0.01 secs]
         vmop                    [threads: total initially_running wait_to_block]    [time: spin block sync cleanup vmop] page_trap_count
313.396: G1IncCollectionPause             [      32          0              1    ]      [     0     0     0     0     9    ]  0
2017-11-17T22:08:45.485+0800: 313.406: [GC concurrent-root-region-scan-start]
2017-11-17T22:08:45.485+0800: 313.406: Total time for which application threads were stopped: 0.0099812 seconds, Stopping threads took: 0.0002090 seconds
2017-11-17T22:08:45.489+0800: 313.409: [GC concurrent-root-region-scan-end, 0.0034136 secs]
2017-11-17T22:08:45.489+0800: 313.409: [GC concurrent-mark-start]
         vmop                    [threads: total initially_running wait_to_block]    [time: spin block sync cleanup vmop] page_trap_count
313.742: RevokeBias                       [      32          0              0    ]      [     0     0     0     0     0    ]  0
2017-11-17T22:08:45.822+0800: 313.742: Total time for which application threads were stopped: 0.0003237 seconds, Stopping threads took: 0.0000648 seconds
         vmop                    [threads: total initially_running wait_to_block]    [time: spin block sync cleanup vmop] page_trap_count
313.743: RevokeBias                       [      32          0              0    ]      [     0     0     0     0     0    ]  0
2017-11-17T22:08:45.823+0800: 313.743: Total time for which application threads were stopped: 0.0002278 seconds, Stopping threads took: 0.0000647 seconds
2017-11-17T22:08:46.596+0800: 314.516: [GC concurrent-mark-end, 1.1070372 secs]
2017-11-17T22:08:46.596+0800: 314.517: [GC remark 2017-11-17T22:08:46.596+0800: 314.517: [Finalize Marking, 0.0004725 secs] 2017-11-17T22:08:46.597+0800: 314.517: [GC ref-proc, 0.0002457 secs] 2017-11-17T22:08:46.597+0800: 314.518: [Unloading, 0.0063709 secs], 0.0167763 secs]
 [Times: user=0.09 sys=0.00, real=0.02 secs]
         vmop                    [threads: total initially_running wait_to_block]    [time: spin block sync cleanup vmop] page_trap_count
314.517: CGC_Operation                    [      32          0              0    ]      [     0     0     0     0    16    ]  0
2017-11-17T22:08:46.613+0800: 314.534: Total time for which application threads were stopped: 0.0170756 seconds, Stopping threads took: 0.0000634 seconds
2017-11-17T22:08:46.613+0800: 314.534: [GC cleanup 4307M->4307M(6384M), 0.0041373 secs]
 [Times: user=0.02 sys=0.00, real=0.00 secs]
         vmop                    [threads: total initially_running wait_to_block]    [time: spin block sync cleanup vmop] page_trap_count
314.534: CGC_Operation                    [      32          0              0    ]      [     0     0     0     0     4    ]  0
2017-11-17T22:08:46.618+0800: 314.538: Total time for which application threads were stopped: 0.0043649 seconds, Stopping threads took: 0.0000343 seconds
 314.876: [G1Ergonomics (Concurrent Cycles) do not request concurrent cycle initiation, reason: still doing mixed collections, occupancy: 4599054336 bytes, allocation request: 437491632 bytes, threshold: 3012349095 bytes (45.00 %), source: concurrent humongous allocation]
 315.599: [G1Ergonomics (Concurrent Cycles) do not request concurrent cycle initiation, reason: still doing mixed collections, occupancy: 5037359104 bytes, allocation request: 437491632 bytes, threshold: 3012349095 bytes (45.00 %), source: concurrent humongous allocation]
 316.325: [G1Ergonomics (Concurrent Cycles) do not request concurrent cycle initiation, reason: still doing mixed collections, occupancy: 5475663872 bytes, allocation request: 437491632 bytes, threshold: 3012349095 bytes (45.00 %), source: concurrent humongous allocation]
         vmop                    [threads: total initially_running wait_to_block]    [time: spin block sync cleanup vmop] page_trap_count
316.538: no vm operation                  [      32          0              0    ]      [     0     0     0     0     0    ]  0
2017-11-17T22:08:48.618+0800: 316.539: Total time for which application threads were stopped: 0.0002530 seconds, Stopping threads took: 0.0000623 seconds
 317.082: [G1Ergonomics (Concurrent Cycles) do not request concurrent cycle initiation, reason: still doing mixed collections, occupancy: 5913968640 bytes, allocation request: 437491632 bytes, threshold: 3012349095 bytes (45.00 %), source: concurrent humongous allocation]
2017-11-17T22:08:49.163+0800: 317.083: [GC pause (G1 Humongous Allocation) (young) 317.083: [G1Ergonomics (CSet Construction) start choosing CSet, _pending_cards: 1296, predicted base time: 18.74 ms, remaining time: 181.26 ms, target pause time: 200.00 ms]
 317.084: [G1Ergonomics (CSet Construction) add young regions to CSet, eden: 2 regions, survivors: 1 regions, predicted young region time: 0.23 ms]
 317.084: [G1Ergonomics (CSet Construction) finish choosing CSet, eden: 2 regions, survivors: 1 regions, old: 0 regions, predicted pause time: 18.98 ms, target pause time: 200.00 ms]
 317.113: [G1Ergonomics (Concurrent Cycles) do not request concurrent cycle initiation, reason: still doing mixed collections, occupancy: 3722444800 bytes, allocation request: 0 bytes, threshold: 3012349095 bytes (45.00 %), source: end of GC]
 317.113: [G1Ergonomics (Mixed GCs) do not start mixed GCs, reason: reclaimable percentage not over threshold, candidate old regions: 299 regions, reclaimable: 107142432 bytes (1.60 %), threshold: 5.00 %]
, 0.0293818 secs]
   [Parallel Time: 23.1 ms, GC Workers: 8]
      [GC Worker Start (ms): Min: 317084.0, Avg: 317087.4, Max: 317106.6, Diff: 22.6]
      [Ext Root Scanning (ms): Min: 0.0, Avg: 0.5, Max: 1.1, Diff: 1.1, Sum: 4.0]
      [Update RS (ms): Min: 0.0, Avg: 0.1, Max: 0.3, Diff: 0.3, Sum: 1.0]
         [Processed Buffers: Min: 0, Avg: 1.5, Max: 4, Diff: 4, Sum: 12]
      [Scan RS (ms): Min: 0.0, Avg: 0.0, Max: 0.0, Diff: 0.0, Sum: 0.0]
      [Code Root Scanning (ms): Min: 0.0, Avg: 0.0, Max: 0.2, Diff: 0.2, Sum: 0.2]
      [Object Copy (ms): Min: 0.0, Avg: 0.4, Max: 0.8, Diff: 0.8, Sum: 3.5]
      [Termination (ms): Min: 0.0, Avg: 18.2, Max: 20.9, Diff: 20.9, Sum: 145.9]
         [Termination Attempts: Min: 1, Avg: 4.9, Max: 12, Diff: 11, Sum: 39]
      [GC Worker Other (ms): Min: 0.0, Avg: 0.0, Max: 0.0, Diff: 0.0, Sum: 0.1]
      [GC Worker Total (ms): Min: 0.0, Avg: 19.3, Max: 22.7, Diff: 22.7, Sum: 154.8]
      [GC Worker End (ms): Min: 317106.7, Avg: 317106.7, Max: 317106.7, Diff: 0.0]
   [Code Root Fixup: 0.1 ms]
   [Code Root Purge: 0.0 ms]
   [Clear CT: 0.4 ms]
   [Other: 5.9 ms]
      [Choose CSet: 0.0 ms]
      [Ref Proc: 0.3 ms]
      [Ref Enq: 0.0 ms]
      [Redirty Cards: 0.3 ms]
      [Humongous Register: 0.4 ms]
      [Humongous Reclaim: 4.3 ms]
      [Free CSet: 0.1 ms]
   [Eden: 2048.0K(1923.0M)->0.0B(1953.0M) Survivors: 1024.0K->1024.0K Heap: 5559.7M(6384.0M)->3472.5M(6384.0M)]
 [Times: user=0.12 sys=0.01, real=0.03 secs]
 317.113: [G1Ergonomics (Concurrent Cycles) request concurrent cycle initiation, reason: occupancy higher than threshold, occupancy: 4160749568 bytes, allocation request: 0 bytes, threshold: 3012349095 bytes (45.00 %), source: STW humongous allocation]
         vmop                    [threads: total initially_running wait_to_block]    [time: spin block sync cleanup vmop] page_trap_count
317.083: G1IncCollectionPause             [      32          0              0    ]      [     0     0     0     0    30    ]  0
2017-11-17T22:08:49.193+0800: 317.114: Total time for which application threads were stopped: 0.0309436 seconds, Stopping threads took: 0.0000596 seconds
         vmop                    [threads: total initially_running wait_to_block]    [time: spin block sync cleanup vmop] page_trap_count
317.814: RevokeBias                       [      32          0              0    ]      [     0     0     0     0     0    ]  0
2017-11-17T22:08:49.894+0800: 317.814: Total time for which application threads were stopped: 0.0002191 seconds, Stopping threads took: 0.0000592 seconds
 317.815: [G1Ergonomics (Concurrent Cycles) request concurrent cycle initiation, reason: occupancy higher than threshold, occupancy: 4160749568 bytes, allocation request: 659984 bytes, threshold: 3012349095 bytes (45.00 %), source: concurrent humongous allocation]
 317.815: [G1Ergonomics (Concurrent Cycles) request concurrent cycle initiation, reason: requested by GC cause, GC cause: G1 Humongous Allocation]
 317.815: [G1Ergonomics (Concurrent Cycles) initiate concurrent cycle, reason: concurrent cycle initiation requested]
2017-11-17T22:08:49.895+0800: 317.815: [GC pause (G1 Humongous Allocation) (young) (initial-mark) 317.816: [G1Ergonomics (CSet Construction) start choosing CSet, _pending_cards: 1283, predicted base time: 17.09 ms, remaining time: 182.91 ms, target pause time: 200.00 ms]
 317.816: [G1Ergonomics (CSet Construction) add young regions to CSet, eden: 1 regions, survivors: 1 regions, predicted young region time: 0.16 ms]
 317.816: [G1Ergonomics (CSet Construction) finish choosing CSet, eden: 1 regions, survivors: 1 regions, old: 0 regions, predicted pause time: 17.26 ms, target pause time: 200.00 ms]
, 0.0068218 secs]
   [Parallel Time: 2.4 ms, GC Workers: 8]
      [GC Worker Start (ms): Min: 317816.3, Avg: 317816.5, Max: 317817.0, Diff: 0.7]
      [Ext Root Scanning (ms): Min: 0.8, Avg: 1.3, Max: 1.4, Diff: 0.7, Sum: 10.0]
      [Update RS (ms): Min: 0.0, Avg: 0.1, Max: 0.4, Diff: 0.4, Sum: 0.9]
         [Processed Buffers: Min: 0, Avg: 1.2, Max: 3, Diff: 3, Sum: 10]
      [Scan RS (ms): Min: 0.0, Avg: 0.0, Max: 0.0, Diff: 0.0, Sum: 0.0]
      [Code Root Scanning (ms): Min: 0.0, Avg: 0.0, Max: 0.2, Diff: 0.2, Sum: 0.2]
      [Object Copy (ms): Min: 0.0, Avg: 0.4, Max: 0.6, Diff: 0.6, Sum: 2.8]
      [Termination (ms): Min: 0.0, Avg: 0.1, Max: 0.2, Diff: 0.2, Sum: 1.0]
         [Termination Attempts: Min: 1, Avg: 1.9, Max: 5, Diff: 4, Sum: 15]
      [GC Worker Other (ms): Min: 0.0, Avg: 0.0, Max: 0.0, Diff: 0.0, Sum: 0.1]
      [GC Worker Total (ms): Min: 1.4, Avg: 1.9, Max: 2.1, Diff: 0.8, Sum: 15.1]
      [GC Worker End (ms): Min: 317818.4, Avg: 317818.4, Max: 317818.4, Diff: 0.0]
   [Code Root Fixup: 0.0 ms]
   [Code Root Purge: 0.0 ms]
   [Clear CT: 0.3 ms]
   [Other: 4.0 ms]
      [Choose CSet: 0.0 ms]
      [Ref Proc: 0.5 ms]
      [Ref Enq: 0.0 ms]
      [Redirty Cards: 0.3 ms]
      [Humongous Register: 0.1 ms]
      [Humongous Reclaim: 1.5 ms]
      [Free CSet: 0.1 ms]
   [Eden: 1024.0K(1953.0M)->0.0B(2155.0M) Survivors: 1024.0K->2048.0K Heap: 3890.6M(6384.0M)->3055.6M(6384.0M)]
 [Times: user=0.02 sys=0.00, real=0.01 secs]
         vmop                    [threads: total initially_running wait_to_block]    [time: spin block sync cleanup vmop] page_trap_count
317.815: G1IncCollectionPause             [      32          0              0    ]      [     0     0     0     0     7    ]  0
2017-11-17T22:08:49.902+0800: 317.822: [GC concurrent-root-region-scan-start]
2017-11-17T22:08:49.902+0800: 317.822: Total time for which application threads were stopped: 0.0072447 seconds, Stopping threads took: 0.0000284 seconds
2017-11-17T22:08:49.903+0800: 317.824: [GC concurrent-root-region-scan-end, 0.0012079 secs]
2017-11-17T22:08:49.903+0800: 317.824: [GC concurrent-mark-start]
2017-11-17T22:08:50.922+0800: 318.843: [GC concurrent-mark-end, 1.0191927 secs]
2017-11-17T22:08:50.923+0800: 318.843: [GC remark 2017-11-17T22:08:50.923+0800: 318.843: [Finalize Marking, 0.0217716 secs] 2017-11-17T22:08:50.944+0800: 318.865: [GC ref-proc, 0.0001812 secs] 2017-11-17T22:08:50.945+0800: 318.865: [Unloading, 0.0056638 secs], 0.0364379 secs]
 [Times: user=0.10 sys=0.00, real=0.03 secs]
         vmop                    [threads: total initially_running wait_to_block]    [time: spin block sync cleanup vmop] page_trap_count
318.843: CGC_Operation                    [      32          0              0    ]      [     0     0     0     0    36    ]  0
2017-11-17T22:08:50.959+0800: 318.880: Total time for which application threads were stopped: 0.0367547 seconds, Stopping threads took: 0.0000687 seconds
2017-11-17T22:08:50.959+0800: 318.880: [GC cleanup 4344M->4344M(6384M), 0.0040299 secs]
 [Times: user=0.02 sys=0.00, real=0.01 secs]
         vmop                    [threads: total initially_running wait_to_block]    [time: spin block sync cleanup vmop] page_trap_count
318.880: CGC_Operation                    [      32          0              0    ]      [     0     0     0     0     4    ]  0
2017-11-17T22:08:50.964+0800: 318.884: Total time for which application threads were stopped: 0.0042519 seconds, Stopping threads took: 0.0000523 seconds
 318.922: [G1Ergonomics (Concurrent Cycles) do not request concurrent cycle initiation, reason: still doing mixed collections, occupancy: 4643094528 bytes, allocation request: 559632 bytes, threshold: 3012349095 bytes (45.00 %), source: concurrent humongous allocation]
 318.922: [G1Ergonomics (Concurrent Cycles) do not request concurrent cycle initiation, reason: still doing mixed collections, occupancy: 4644143104 bytes, allocation request: 1119248 bytes, threshold: 3012349095 bytes (45.00 %), source: concurrent humongous allocation]
 318.924: [G1Ergonomics (Concurrent Cycles) do not request concurrent cycle initiation, reason: still doing mixed collections, occupancy: 4646240256 bytes, allocation request: 2238480 bytes, threshold: 3012349095 bytes (45.00 %), source: concurrent humongous allocation]
 318.926: [G1Ergonomics (Concurrent Cycles) do not request concurrent cycle initiation, reason: still doing mixed collections, occupancy: 4649385984 bytes, allocation request: 4476944 bytes, threshold: 3012349095 bytes (45.00 %), source: concurrent humongous allocation]
 318.932: [G1Ergonomics (Concurrent Cycles) do not request concurrent cycle initiation, reason: still doing mixed collections, occupancy: 4654628864 bytes, allocation request: 8953872 bytes, threshold: 3012349095 bytes (45.00 %), source: concurrent humongous allocation]
 318.943: [G1Ergonomics (Concurrent Cycles) do not request concurrent cycle initiation, reason: still doing mixed collections, occupancy: 4664066048 bytes, allocation request: 17907728 bytes, threshold: 3012349095 bytes (45.00 %), source: concurrent humongous allocation]
 318.965: [G1Ergonomics (Concurrent Cycles) do not request concurrent cycle initiation, reason: still doing mixed collections, occupancy: 4682940416 bytes, allocation request: 35815440 bytes, threshold: 3012349095 bytes (45.00 %), source: concurrent humongous allocation]
 319.012: [G1Ergonomics (Concurrent Cycles) do not request concurrent cycle initiation, reason: still doing mixed collections, occupancy: 4719640576 bytes, allocation request: 71630864 bytes, threshold: 3012349095 bytes (45.00 %), source: concurrent humongous allocation]
 319.105: [G1Ergonomics (Concurrent Cycles) do not request concurrent cycle initiation, reason: still doing mixed collections, occupancy: 4791992320 bytes, allocation request: 143261712 bytes, threshold: 3012349095 bytes (45.00 %), source: concurrent humongous allocation]
 319.191: [G1Ergonomics (Concurrent Cycles) do not request concurrent cycle initiation, reason: still doing mixed collections, occupancy: 4935647232 bytes, allocation request: 286523408 bytes, threshold: 3012349095 bytes (45.00 %), source: concurrent humongous allocation]
 319.337: [G1Ergonomics (Concurrent Cycles) do not request concurrent cycle initiation, reason: still doing mixed collections, occupancy: 5222957056 bytes, allocation request: 573046800 bytes, threshold: 3012349095 bytes (45.00 %), source: concurrent humongous allocation]
2017-11-17T22:08:51.418+0800: 319.338: [GC pause (G1 Humongous Allocation) (young) 319.345: [G1Ergonomics (CSet Construction) start choosing CSet, _pending_cards: 574663, predicted base time: 84.69 ms, remaining time: 115.31 ms, target pause time: 200.00 ms]
 319.345: [G1Ergonomics (CSet Construction) add young regions to CSet, eden: 1 regions, survivors: 2 regions, predicted young region time: 0.49 ms]
 319.345: [G1Ergonomics (CSet Construction) finish choosing CSet, eden: 1 regions, survivors: 2 regions, old: 0 regions, predicted pause time: 85.18 ms, target pause time: 200.00 ms]
 319.445: [G1Ergonomics (Concurrent Cycles) do not request concurrent cycle initiation, reason: still doing mixed collections, occupancy: 4247781376 bytes, allocation request: 0 bytes, threshold: 3012349095 bytes (45.00 %), source: end of GC]
 319.445: [G1Ergonomics (Mixed GCs) do not start mixed GCs, reason: reclaimable percentage not over threshold, candidate old regions: 299 regions, reclaimable: 107142432 bytes (1.60 %), threshold: 5.00 %]
, 0.1070930 secs]
   [Parallel Time: 96.6 ms, GC Workers: 8]
      [GC Worker Start (ms): Min: 319345.2, Avg: 319347.2, Max: 319360.9, Diff: 15.7]
      [Ext Root Scanning (ms): Min: 0.0, Avg: 0.6, Max: 1.1, Diff: 1.1, Sum: 4.8]
      [Update RS (ms): Min: 80.5, Avg: 93.1, Max: 95.0, Diff: 14.5, Sum: 744.6]
         [Processed Buffers: Min: 166, Avg: 281.1, Max: 342, Diff: 176, Sum: 2249]
      [Scan RS (ms): Min: 0.0, Avg: 0.1, Max: 0.2, Diff: 0.2, Sum: 0.6]
      [Code Root Scanning (ms): Min: 0.0, Avg: 0.0, Max: 0.1, Diff: 0.1, Sum: 0.1]
      [Object Copy (ms): Min: 0.0, Avg: 0.3, Max: 0.4, Diff: 0.4, Sum: 2.7]
      [Termination (ms): Min: 0.0, Avg: 0.1, Max: 0.1, Diff: 0.1, Sum: 0.7]
         [Termination Attempts: Min: 1, Avg: 1.1, Max: 2, Diff: 1, Sum: 9]
      [GC Worker Other (ms): Min: 0.0, Avg: 0.0, Max: 0.0, Diff: 0.0, Sum: 0.1]
      [GC Worker Total (ms): Min: 80.5, Avg: 94.2, Max: 96.3, Diff: 15.7, Sum: 753.6]
      [GC Worker End (ms): Min: 319441.4, Avg: 319441.4, Max: 319441.5, Diff: 0.0]
   [Code Root Fixup: 0.0 ms]
   [Code Root Purge: 0.0 ms]
   [Clear CT: 0.5 ms]
   [Other: 10.0 ms]
      [Choose CSet: 0.0 ms]
      [Ref Proc: 0.4 ms]
      [Ref Enq: 0.0 ms]
      [Redirty Cards: 0.3 ms]
      [Humongous Register: 0.3 ms]
      [Humongous Reclaim: 1.7 ms]
      [Free CSet: 0.1 ms]
   [Eden: 1024.0K(2155.0M)->0.0B(1453.0M) Survivors: 2048.0K->1024.0K Heap: 4890.7M(6384.0M)->3972.8M(6384.0M)]
 [Times: user=0.68 sys=0.00, real=0.11 secs]
         vmop                    [threads: total initially_running wait_to_block]    [time: spin block sync cleanup vmop] page_trap_count
319.338: G1IncCollectionPause             [      32          0              0    ]      [     0     0     0     0   107    ]  0
2017-11-17T22:08:51.525+0800: 319.446: Total time for which application threads were stopped: 0.1080046 seconds, Stopping threads took: 0.0000506 seconds
 319.446: [G1Ergonomics (Heap Sizing) attempt heap expansion, reason: allocation request failed, allocation request: 573046800 bytes]
 319.446: [G1Ergonomics (Heap Sizing) expand the heap, requested expansion amount: 573046800 bytes, attempted expansion amount: 573571072 bytes]
2017-11-17T22:08:51.528+0800: 319.449: [Full GC (Allocation Failure)  3972M->3855M(6656M), 1.7418149 secs]
   [Eden: 0.0B(1453.0M)->0.0B(1765.0M) Survivors: 1024.0K->0.0B Heap: 3972.8M(6656.0M)->3855.2M(6656.0M)], [Metaspace: 47502K->47502K(1091584K)]
 [Times: user=2.32 sys=0.00, real=1.74 secs]
2017-11-17T22:08:53.271+0800: 321.191: [Full GC (Allocation Failure)  3855M->3853M(6656M), 1.5937282 secs]
   [Eden: 0.0B(1765.0M)->0.0B(1767.0M) Survivors: 0.0B->0.0B Heap: 3855.2M(6656.0M)->3853.3M(6656.0M)], [Metaspace: 47502K->46895K(1091584K)]
 [Times: user=2.14 sys=0.01, real=1.60 secs]
         vmop                    [threads: total initially_running wait_to_block]    [time: spin block sync cleanup vmop] page_trap_count
319.446: G1CollectForAllocation           [      32          0              0    ]      [     0     0     0     0  3339    ]  0
2017-11-17T22:08:54.865+0800: 322.785: Total time for which application threads were stopped: 3.3397317 seconds, Stopping threads took: 0.0000352 seconds
java.lang.OutOfMemoryError: Java heap space
Dumping heap to java_pid6989.hprof ...
         vmop                    [threads: total initially_running wait_to_block]    [time: spin block sync cleanup vmop] page_trap_count
322.786: HeapDumper                       [      32          0              0    ]      [     0     0     0     0 46291    ]  0
2017-11-17T22:09:41.157+0800: 369.077: Total time for which application threads were stopped: 46.2914590 seconds, Stopping threads took: 0.0000482 seconds
Heap dump file created [4232807076 bytes in 46.338 secs]
         vmop                    [threads: total initially_running wait_to_block]    [time: spin block sync cleanup vmop] page_trap_count
369.124: RevokeBias                       [      28          0              2    ]      [     0     0     0     0     0    ]  0
2017-11-17T22:09:41.204+0800: 369.125: Total time for which application threads were stopped: 0.0003500 seconds, Stopping threads took: 0.0001555 seconds
         vmop                    [threads: total initially_running wait_to_block]    [time: spin block sync cleanup vmop] page_trap_count
369.138: Deoptimize                       [      29          0              1    ]      [     0     0     0     0     0    ]  0
2017-11-17T22:09:41.218+0800: 369.139: Total time for which application threads were stopped: 0.0010865 seconds, Stopping threads took: 0.0001786 seconds
         vmop                    [threads: total initially_running wait_to_block]    [time: spin block sync cleanup vmop] page_trap_count
369.147: RevokeBias                       [      31          0              3    ]      [     0     0    16     0     0    ]  0
2017-11-17T22:09:41.243+0800: 369.164: Total time for which application threads were stopped: 0.0166695 seconds, Stopping threads took: 0.0162883 seconds
         vmop                    [threads: total initially_running wait_to_block]    [time: spin block sync cleanup vmop] page_trap_count
369.165: RevokeBias                       [      31          3              4    ]      [     0     0     1     0     0    ]  0
2017-11-17T22:09:41.246+0800: 369.166: Total time for which application threads were stopped: 0.0012281 seconds, Stopping threads took: 0.0010356 seconds
         vmop                    [threads: total initially_running wait_to_block]    [time: spin block sync cleanup vmop] page_trap_count
369.171: RevokeBias                       [      31          0              1    ]      [     0     0     0     0     0    ]  0
2017-11-17T22:09:41.251+0800: 369.171: Total time for which application threads were stopped: 0.0002711 seconds, Stopping threads took: 0.0001015 seconds
         vmop                    [threads: total initially_running wait_to_block]    [time: spin block sync cleanup vmop] page_trap_count
369.175: RevokeBias                       [      31          0              0    ]      [     0     0     0     0     0    ]  0
2017-11-17T22:09:41.254+0800: 369.175: Total time for which application threads were stopped: 0.0001606 seconds, Stopping threads took: 0.0000368 seconds
         vmop                    [threads: total initially_running wait_to_block]    [time: spin block sync cleanup vmop] page_trap_count
369.176: RevokeBias                       [      31          0              0    ]      [     0     0     0     0     0    ]  0
2017-11-17T22:09:41.256+0800: 369.176: Total time for which application threads were stopped: 0.0001511 seconds, Stopping threads took: 0.0000478 seconds
         vmop                    [threads: total initially_running wait_to_block]    [time: spin block sync cleanup vmop] page_trap_count
369.177: RevokeBias                       [      31          0              0    ]      [     0     0     0     0     0    ]  0
2017-11-17T22:09:41.257+0800: 369.177: Total time for which application threads were stopped: 0.0003021 seconds, Stopping threads took: 0.0000690 seconds
         vmop                    [threads: total initially_running wait_to_block]    [time: spin block sync cleanup vmop] page_trap_count
369.177: BulkRevokeBias                   [      31          0              0    ]      [     0     0     0     0     0    ]  0
2017-11-17T22:09:41.257+0800: 369.178: Total time for which application threads were stopped: 0.0004165 seconds, Stopping threads took: 0.0000332 seconds
Heap
 garbage-first heap   total 6815744K, used 3954973K [0x0000000620000000, 0x000000062010d000, 0x00000007c0000000)
  region size 1024K, 10 young (10240K), 0 survivors (0K)
 Metaspace       used 47263K, capacity 47650K, committed 48512K, reserved 1091584K
  class space    used 5785K, capacity 5886K, committed 6016K, reserved 1048576K
         vmop                    [threads: total initially_running wait_to_block]    [time: spin block sync cleanup vmop] page_trap_count
369.234: Exit                             [      31          1              1    ]      [     0     0     0     0   318    ]  0

Polling page always armed
Deoptimize                        16
HeapDumper                         1
CollectForMetadataAllocation         2
CGC_Operation                     29
G1CollectForAllocation             1
G1IncCollectionPause              63
EnableBiasedLocking                1
RevokeBias                       351
BulkRevokeBias                    16
Exit                               1
   14 VM operations coalesced during safepoint
Maximum sync time    105 ms
Maximum vm operation time (except for Exit VM operation)  46291 ms
